Archive member included because of file (symbol)

/OPT/altera/12.1/nios2eds/bin/gnu/H-i686-pc-linux-gnu/bin/../lib/gcc/nios2-elf/4.1.2/../../../../nios2-elf/lib/libm.a(lib_a-w_pow.o)
                              obj/default/MPU9250/mpu9250.o (pow)
/OPT/altera/12.1/nios2eds/bin/gnu/H-i686-pc-linux-gnu/bin/../lib/gcc/nios2-elf/4.1.2/../../../../nios2-elf/lib/libm.a(lib_a-e_pow.o)
                              /OPT/altera/12.1/nios2eds/bin/gnu/H-i686-pc-linux-gnu/bin/../lib/gcc/nios2-elf/4.1.2/../../../../nios2-elf/lib/libm.a(lib_a-w_pow.o) (__ieee754_pow)
/OPT/altera/12.1/nios2eds/bin/gnu/H-i686-pc-linux-gnu/bin/../lib/gcc/nios2-elf/4.1.2/../../../../nios2-elf/lib/libm.a(lib_a-e_sqrt.o)
                              /OPT/altera/12.1/nios2eds/bin/gnu/H-i686-pc-linux-gnu/bin/../lib/gcc/nios2-elf/4.1.2/../../../../nios2-elf/lib/libm.a(lib_a-e_pow.o) (__ieee754_sqrt)
/OPT/altera/12.1/nios2eds/bin/gnu/H-i686-pc-linux-gnu/bin/../lib/gcc/nios2-elf/4.1.2/../../../../nios2-elf/lib/libm.a(lib_a-s_fabs.o)
                              /OPT/altera/12.1/nios2eds/bin/gnu/H-i686-pc-linux-gnu/bin/../lib/gcc/nios2-elf/4.1.2/../../../../nios2-elf/lib/libm.a(lib_a-e_pow.o) (fabs)
/OPT/altera/12.1/nios2eds/bin/gnu/H-i686-pc-linux-gnu/bin/../lib/gcc/nios2-elf/4.1.2/../../../../nios2-elf/lib/libm.a(lib_a-s_finite.o)
                              /OPT/altera/12.1/nios2eds/bin/gnu/H-i686-pc-linux-gnu/bin/../lib/gcc/nios2-elf/4.1.2/../../../../nios2-elf/lib/libm.a(lib_a-w_pow.o) (finite)
/OPT/altera/12.1/nios2eds/bin/gnu/H-i686-pc-linux-gnu/bin/../lib/gcc/nios2-elf/4.1.2/../../../../nios2-elf/lib/libm.a(lib_a-s_isnand.o)
                              /OPT/altera/12.1/nios2eds/bin/gnu/H-i686-pc-linux-gnu/bin/../lib/gcc/nios2-elf/4.1.2/../../../../nios2-elf/lib/libm.a(lib_a-w_pow.o) (__isnand)
/OPT/altera/12.1/nios2eds/bin/gnu/H-i686-pc-linux-gnu/bin/../lib/gcc/nios2-elf/4.1.2/../../../../nios2-elf/lib/libm.a(lib_a-s_lib_ver.o)
                              /OPT/altera/12.1/nios2eds/bin/gnu/H-i686-pc-linux-gnu/bin/../lib/gcc/nios2-elf/4.1.2/../../../../nios2-elf/lib/libm.a(lib_a-w_pow.o) (__fdlib_version)
/OPT/altera/12.1/nios2eds/bin/gnu/H-i686-pc-linux-gnu/bin/../lib/gcc/nios2-elf/4.1.2/../../../../nios2-elf/lib/libm.a(lib_a-s_matherr.o)
                              /OPT/altera/12.1/nios2eds/bin/gnu/H-i686-pc-linux-gnu/bin/../lib/gcc/nios2-elf/4.1.2/../../../../nios2-elf/lib/libm.a(lib_a-w_pow.o) (matherr)
/OPT/altera/12.1/nios2eds/bin/gnu/H-i686-pc-linux-gnu/bin/../lib/gcc/nios2-elf/4.1.2/../../../../nios2-elf/lib/libm.a(lib_a-s_nan.o)
                              /OPT/altera/12.1/nios2eds/bin/gnu/H-i686-pc-linux-gnu/bin/../lib/gcc/nios2-elf/4.1.2/../../../../nios2-elf/lib/libm.a(lib_a-e_pow.o) (nan)
/OPT/altera/12.1/nios2eds/bin/gnu/H-i686-pc-linux-gnu/bin/../lib/gcc/nios2-elf/4.1.2/../../../../nios2-elf/lib/libm.a(lib_a-s_rint.o)
                              /OPT/altera/12.1/nios2eds/bin/gnu/H-i686-pc-linux-gnu/bin/../lib/gcc/nios2-elf/4.1.2/../../../../nios2-elf/lib/libm.a(lib_a-w_pow.o) (rint)
/OPT/altera/12.1/nios2eds/bin/gnu/H-i686-pc-linux-gnu/bin/../lib/gcc/nios2-elf/4.1.2/../../../../nios2-elf/lib/libm.a(lib_a-s_scalbn.o)
                              /OPT/altera/12.1/nios2eds/bin/gnu/H-i686-pc-linux-gnu/bin/../lib/gcc/nios2-elf/4.1.2/../../../../nios2-elf/lib/libm.a(lib_a-e_pow.o) (scalbn)
/OPT/altera/12.1/nios2eds/bin/gnu/H-i686-pc-linux-gnu/bin/../lib/gcc/nios2-elf/4.1.2/../../../../nios2-elf/lib/libm.a(lib_a-s_copysign.o)
                              /OPT/altera/12.1/nios2eds/bin/gnu/H-i686-pc-linux-gnu/bin/../lib/gcc/nios2-elf/4.1.2/../../../../nios2-elf/lib/libm.a(lib_a-s_scalbn.o) (copysign)
/OPT/altera/12.1/nios2eds/bin/gnu/H-i686-pc-linux-gnu/bin/../lib/gcc/nios2-elf/4.1.2/libgcc.a(_addsub_sf.o)
                              obj/default/DE2_poll.o (__subsf3)
/OPT/altera/12.1/nios2eds/bin/gnu/H-i686-pc-linux-gnu/bin/../lib/gcc/nios2-elf/4.1.2/libgcc.a(_mul_sf.o)
                              obj/default/DE2_poll.o (__mulsf3)
/OPT/altera/12.1/nios2eds/bin/gnu/H-i686-pc-linux-gnu/bin/../lib/gcc/nios2-elf/4.1.2/libgcc.a(_div_sf.o)
                              obj/default/MPU9250/mpu9250.o (__divsf3)
/OPT/altera/12.1/nios2eds/bin/gnu/H-i686-pc-linux-gnu/bin/../lib/gcc/nios2-elf/4.1.2/libgcc.a(_gt_sf.o)
                              obj/default/DE2_poll.o (__gtsf2)
/OPT/altera/12.1/nios2eds/bin/gnu/H-i686-pc-linux-gnu/bin/../lib/gcc/nios2-elf/4.1.2/libgcc.a(_lt_sf.o)
                              obj/default/DE2_poll.o (__ltsf2)
/OPT/altera/12.1/nios2eds/bin/gnu/H-i686-pc-linux-gnu/bin/../lib/gcc/nios2-elf/4.1.2/libgcc.a(_si_to_sf.o)
                              obj/default/DE2_poll.o (__floatsisf)
/OPT/altera/12.1/nios2eds/bin/gnu/H-i686-pc-linux-gnu/bin/../lib/gcc/nios2-elf/4.1.2/libgcc.a(_sf_to_df.o)
                              obj/default/DE2_poll.o (__extendsfdf2)
/OPT/altera/12.1/nios2eds/bin/gnu/H-i686-pc-linux-gnu/bin/../lib/gcc/nios2-elf/4.1.2/libgcc.a(_thenan_sf.o)
[...]
Memory Configuration

Name             Origin             Length             Attributes
sdram_0          0x00800000         0x00800000
reset            0x01400000         0x00000020
generic_tristate_controller_0 0x01400020         0x003fffe0
sram_0           0x01880000         0x00080000
onchip_memory2_0_BEFORE_EXCEPTION 0x01904000         0x00000020
onchip_memory2_0 0x01904020         0x00003fe0
*default*        0x00000000         0xffffffff

Linker script and memory map

LOAD ../DE2_Poll_bsp//obj/HAL/src/crt0.o
LOAD obj/default/DE2_poll.o
LOAD obj/default/MPU9250/mpu9250.o
LOAD obj/default/i2c/I2C.o
LOAD /OPT/altera/12.1/nios2eds/bin/gnu/H-i686-pc-linux-gnu/bin/../lib/gcc/nios2-elf/4.1.2/../../../../nios2-elf/lib/libstdc++.a
LOAD /OPT/altera/12.1/nios2eds/bin/gnu/H-i686-pc-linux-gnu/bin/../lib/gcc/nios2-elf/4.1.2/../../../../nios2-elf/lib/libm.a
LOAD /OPT/altera/12.1/nios2eds/bin/gnu/H-i686-pc-linux-gnu/bin/../lib/gcc/nios2-elf/4.1.2/libgcc.a
START GROUP
LOAD /OPT/altera/12.1/nios2eds/bin/gnu/H-i686-pc-linux-gnu/bin/../lib/gcc/nios2-elf/4.1.2/../../../../nios2-elf/lib/libc.a
LOAD /OPT/altera/12.1/nios2eds/bin/gnu/H-i686-pc-linux-gnu/bin/../lib/gcc/nios2-elf/4.1.2/libgcc.a
LOAD ../DE2_Poll_bsp//libucosii_bsp.a
END GROUP
LOAD /OPT/altera/12.1/nios2eds/bin/gnu/H-i686-pc-linux-gnu/bin/../lib/gcc/nios2-elf/4.1.2/libgcc.a
                0x00800000                __alt_mem_sdram_0 = 0x800000
                0x01400000                __alt_mem_generic_tristate_controller_0 = 0x1400000
                0x01880000                __alt_mem_sram_0 = 0x1880000
                0x01904000                __alt_mem_onchip_memory2_0 = 0x1904000

.entry          0x01400000        0x0
 *(.entry)
 .entry         0x01400000        0x0 ../DE2_Poll_bsp//obj/HAL/src/crt0.o
                0x01400000                __reset

.exceptions     0x01904020      0x19c
                0x01904020                PROVIDE (__ram_exceptions_start, ABSOLUTE (.))
                0x01904020                . = ALIGN (0x20)
 *(.irq)
 *(.exceptions.entry.label)
 .exceptions.entry.label
                0x01904020        0x0 ../DE2_Poll_bsp//libucosii_bsp.a(alt_irq_entry.o)
                0x01904020                alt_irq_entry
 .exceptions.entry.label
                0x01904020        0x0 ../DE2_Poll_bsp//libucosii_bsp.a(alt_exception_entry.o)
                0x01904020                alt_exception
 *(.exceptions.entry.user)
 *(.exceptions.entry)
 .exceptions.entry
                0x01904020       0x54 ../DE2_Poll_bsp//libucosii_bsp.a(alt_exception_entry.o)
 *(.exceptions.irqtest.user)
 *(.exceptions.irqtest)
 .exceptions.irqtest
                0x01904074       0x10 ../DE2_Poll_bsp//libucosii_bsp.a(alt_irq_entry.o)
 *(.exceptions.irqhandler.user)
 *(.exceptions.irqhandler)
 .exceptions.irqhandler
                0x01904084        0x4 ../DE2_Poll_bsp//libucosii_bsp.a(alt_irq_entry.o)
 *(.exceptions.irqreturn.user)
 *(.exceptions.irqreturn)
 .exceptions.irqreturn
                0x01904088        0x4 ../DE2_Poll_bsp//libucosii_bsp.a(alt_irq_entry.o)
 *(.exceptions.notirq.label)
 .exceptions.notirq.label
                0x0190408c        0x0 ../DE2_Poll_bsp//libucosii_bsp.a(alt_irq_entry.o)
 *(.exceptions.notirq.user)
 *(.exceptions.notirq)
 .exceptions.notirq
                0x0190408c        0x8 ../DE2_Poll_bsp//libucosii_bsp.a(alt_exception_entry.o)
 *(.exceptions.soft.user)
 *(.exceptions.soft)
 *(.exceptions.unknown.user)
 *(.exceptions.unknown)
 .exceptions.unknown
                0x01904094        0x4 ../DE2_Poll_bsp//libucosii_bsp.a(alt_exception_entry.o)
 *(.exceptions.exit.label)
 .exceptions.exit.label
                0x01904098        0x0 ../DE2_Poll_bsp//libucosii_bsp.a(alt_irq_entry.o)
 .exceptions.exit.label
                0x01904098        0x0 ../DE2_Poll_bsp//libucosii_bsp.a(alt_exception_entry.o)
 *(.exceptions.exit.user)
 *(.exceptions.exit)
 .exceptions.exit
                0x01904098       0x54 ../DE2_Poll_bsp//libucosii_bsp.a(alt_exception_entry.o)
 *(.exceptions)
 .exceptions    0x019040ec       0xd0 ../DE2_Poll_bsp//libucosii_bsp.a(alt_irq_handler.o)
                0x019040ec                alt_irq_handler
                0x019041bc                PROVIDE (__ram_exceptions_end, ABSOLUTE (.))
                0x01904020                PROVIDE (__flash_exceptions_start, LOADADDR (.exceptions))

.text           0x00800000    0x1bcbc
                0x00800000                PROVIDE (stext, ABSOLUTE (.))
 *(.interp)
 *(.hash)
 *(.dynsym)
 *(.dynstr)
 *(.gnu.version)
 *(.gnu.version_d)
 *(.gnu.version_r)
 *(.rel.init)
 *(.rela.init)
 *(.rel.text .rel.text.* .rel.gnu.linkonce.t.*)
 *(.rela.text .rela.text.* .rela.gnu.linkonce.t.*)
 *(.rel.fini)
 *(.rela.fini)
 *(.rel.rodata .rel.rodata.* .rel.gnu.linkonce.r.*)
 *(.rela.rodata .rela.rodata.* .rela.gnu.linkonce.r.*)
 *(.rel.data .rel.data.* .rel.gnu.linkonce.d.*)
 *(.rela.data .rela.data.* .rela.gnu.linkonce.d.*)
 *(.rel.tdata .rel.tdata.* .rel.gnu.linkonce.td.*)
 *(.rela.tdata .rela.tdata.* .rela.gnu.linkonce.td.*)
 *(.rel.tbss .rel.tbss.* .rel.gnu.linkonce.tb.*)
 *(.rela.tbss .rela.tbss.* .rela.gnu.linkonce.tb.*)
 *(.rel.ctors)
 *(.rela.ctors)
 *(.rel.dtors)
 *(.rela.dtors)
 *(.rel.got)
 *(.rela.got)
 *(.rel.sdata .rel.sdata.* .rel.gnu.linkonce.s.*)
 *(.rela.sdata .rela.sdata.* .rela.gnu.linkonce.s.*)
 *(.rel.sbss .rel.sbss.* .rel.gnu.linkonce.sb.*)
 *(.rela.sbss .rela.sbss.* .rela.gnu.linkonce.sb.*)
 *(.rel.sdata2 .rel.sdata2.* .rel.gnu.linkonce.s2.*)
 *(.rela.sdata2 .rela.sdata2.* .rela.gnu.linkonce.s2.*)
 *(.rel.sbss2 .rel.sbss2.* .rel.gnu.linkonce.sb2.*)
 *(.rela.sbss2 .rela.sbss2.* .rela.gnu.linkonce.sb2.*)
 *(.rel.bss .rel.bss.* .rel.gnu.linkonce.b.*)
 *(.rela.bss .rela.bss.* .rela.gnu.linkonce.b.*)
 *(.rel.plt)
 *(.rela.plt)
 *(.rel.dyn)
 *(.init)
 *(.plt)
 *(.text .stub .text.* .gnu.linkonce.t.*)
 .text          0x00800000       0x48 ../DE2_Poll_bsp//obj/HAL/src/crt0.o
                0x00800000                _start
 .text          0x00800048      0xc88 obj/default/DE2_poll.o
                0x00800048                DE2_Poll
                0x00800c24                main
 .text          0x00800cd0     0x2498 obj/default/MPU9250/mpu9250.o
                0x00800cd0                getAres
                0x00800cfc                getGres
                0x00800d28                readAccelData
                0x00800e28                readGyroData
                0x00800f28                initMPU9250
                0x00801280                calibrateMPU9250
                0x00802180                MPU9250SelfTest
 .text          0x00803168      0xa80 obj/default/i2c/I2C.o
                0x00803168                I2C_Start
                0x008031a0                I2C_Stop
                0x008031d8                I2C_WriteToDevice
                0x008032d0                I2C_WriteToDeviceRegister
                0x00803400                I2C_WriteMore
                0x008034c4                I2C_ReadFromDevice
                0x008035b8                I2C_ReadFromDeviceRegister
                0x00803714                I2C_ReadMore
                0x008037c0                i2c_selectAddress
                0x00803838                i2c_start
                0x008038c0                i2c_stop
                0x00803938                i2c_write
                0x00803a7c                i2c_read
 .text          0x00803be8      0x488 /OPT/altera/12.1/nios2eds/bin/gnu/H-i686-pc-linux-gnu/bin/../lib/gcc/nios2-elf/4.1.2/../../../../nios2-elf/lib/libm.a(lib_a-w_pow.o)
                0x00803be8                pow
 .text          0x00804070     0x1300 /OPT/altera/12.1/nios2eds/bin/gnu/H-i686-pc-linux-gnu/bin/../lib/gcc/nios2-elf/4.1.2/../../../../nios2-elf/lib/libm.a(lib_a-e_pow.o)
                0x00804070                __ieee754_pow
 .text          0x00805370      0x2c8 /OPT/altera/12.1/nios2eds/bin/gnu/H-i686-pc-linux-gnu/bin/../lib/gcc/nios2-elf/4.1.2/../../../../nios2-elf/lib/libm.a(lib_a-e_sqrt.o)
                0x00805370                __ieee754_sqrt
 .text          0x00805638       0x18 /OPT/altera/12.1/nios2eds/bin/gnu/H-i686-pc-linux-gnu/bin/../lib/gcc/nios2-elf/4.1.2/../../../../nios2-elf/lib/libm.a(lib_a-s_fabs.o)
                0x00805638                fabs
 .text          0x00805650       0x1c /OPT/altera/12.1/nios2eds/bin/gnu/H-i686-pc-linux-gnu/bin/../lib/gcc/nios2-elf/4.1.2/../../../../nios2-elf/lib/libm.a(lib_a-s_finite.o)
                0x00805650                finite
 .text          0x0080566c       0x30 /OPT/altera/12.1/nios2eds/bin/gnu/H-i686-pc-linux-gnu/bin/../lib/gcc/nios2-elf/4.1.2/../../../../nios2-elf/lib/libm.a(lib_a-s_isnand.o)
                0x0080566c                __isnand
 .text          0x0080569c        0x0 /OPT/altera/12.1/nios2eds/bin/gnu/H-i686-pc-linux-gnu/bin/../lib/gcc/nios2-elf/4.1.2/../../../../nios2-elf/lib/libm.a(lib_a-s_lib_ver.o)
 .text          0x0080569c        0x8 /OPT/altera/12.1/nios2eds/bin/gnu/H-i686-pc-linux-gnu/bin/../lib/gcc/nios2-elf/4.1.2/../../../../nios2-elf/lib/libm.a(lib_a-s_matherr.o)
                0x0080569c                matherr
 .text          0x008056a4       0x10 /OPT/altera/12.1/nios2eds/bin/gnu/H-i686-pc-linux-gnu/bin/../lib/gcc/nios2-elf/4.1.2/../../../../nios2-elf/lib/libm.a(lib_a-s_nan.o)
                0x008056a4                nan
 .text          0x008056b4      0x210 /OPT/altera/12.1/nios2eds/bin/gnu/H-i686-pc-linux-gnu/bin/../lib/gcc/nios2-elf/4.1.2/../../../../nios2-elf/lib/libm.a(lib_a-s_rint.o)
                0x008056b4                rint
 .text          0x008058c4      0x1e0 /OPT/altera/12.1/nios2eds/bin/gnu/H-i686-pc-linux-gnu/bin/../lib/gcc/nios2-elf/4.1.2/../../../../nios2-elf/lib/libm.a(lib_a-s_scalbn.o)
                0x008058c4                scalbn
 .text          0x00805aa4       0x24 /OPT/altera/12.1/nios2eds/bin/gnu/H-i686-pc-linux-gnu/bin/../lib/gcc/nios2-elf/4.1.2/../../../../nios2-elf/lib/libm.a(lib_a-s_copysign.o)
                0x00805aa4                copysign
 .text          0x00805ac8      0x2b8 /OPT/altera/12.1/nios2eds/bin/gnu/H-i686-pc-linux-gnu/bin/../lib/gcc/nios2-elf/4.1.2/libgcc.a(_addsub_sf.o)
                0x00805cac                __subsf3
                0x00805d1c                __addsf3
 .text          0x00805d80      0x1e0 /OPT/altera/12.1/nios2eds/bin/gnu/H-i686-pc-linux-gnu/bin/../lib/gcc/nios2-elf/4.1.2/libgcc.a(_mul_sf.o)
                0x00805d80                __mulsf3
 .text          0x00805f60      0x174 /OPT/altera/12.1/nios2eds/bin/gnu/H-i686-pc-linux-gnu/bin/../lib/gcc/nios2-elf/4.1.2/libgcc.a(_div_sf.o)
                0x00805f60                __divsf3
 .text          0x008060d4       0x78 /OPT/altera/12.1/nios2eds/bin/gnu/H-i686-pc-linux-gnu/bin/../lib/gcc/nios2-elf/4.1.2/libgcc.a(_gt_sf.o)
                0x008060d4                __gtsf2
 .text          0x0080614c       0x78 /OPT/altera/12.1/nios2eds/bin/gnu/H-i686-pc-linux-gnu/bin/../lib/gcc/nios2-elf/4.1.2/libgcc.a(_lt_sf.o)
                0x0080614c                __ltsf2
 .text          0x008061c4       0x98 /OPT/altera/12.1/nios2eds/bin/gnu/H-i686-pc-linux-gnu/bin/../lib/gcc/nios2-elf/4.1.2/libgcc.a(_si_to_sf.o)
                0x008061c4                __floatsisf
 .text          0x0080625c       0x54 /OPT/altera/12.1/nios2eds/bin/gnu/H-i686-pc-linux-gnu/bin/../lib/gcc/nios2-elf/4.1.2/libgcc.a(_sf_to_df.o)
                0x0080625c                __extendsfdf2
 .text          0x008062b0        0x0 /OPT/altera/12.1/nios2eds/bin/gnu/H-i686-pc-linux-gnu/bin/../lib/gcc/nios2-elf/4.1.2/libgcc.a(_thenan_sf.o)
 .text          0x008062b0       0xc0 /OPT/altera/12.1/nios2eds/bin/gnu/H-i686-pc-linux-gnu/bin/../lib/gcc/nios2-elf/4.1.2/libgcc.a(_usi_to_sf.o)
                0x008062b0                __floatunsisf
 .text          0x00806370      0x504 /OPT/altera/12.1/nios2eds/bin/gnu/H-i686-pc-linux-gnu/bin/../lib/gcc/nios2-elf/4.1.2/libgcc.a(_addsub_df.o)
                0x00806780                __subdf3
                0x00806800                __adddf3
 .text          0x00806874      0x3c4 /OPT/altera/12.1/nios2eds/bin/gnu/H-i686-pc-linux-gnu/bin/../lib/gcc/nios2-elf/4.1.2/libgcc.a(_mul_df.o)
                0x00806874                __muldf3
 .text          0x00806c38      0x258 /OPT/altera/12.1/nios2eds/bin/gnu/H-i686-pc-linux-gnu/bin/../lib/gcc/nios2-elf/4.1.2/libgcc.a(_div_df.o)
                0x00806c38                __divdf3
 .text          0x00806e90       0x88 /OPT/altera/12.1/nios2eds/bin/gnu/H-i686-pc-linux-gnu/bin/../lib/gcc/nios2-elf/4.1.2/libgcc.a(_eq_df.o)
                0x00806e90                __eqdf2
 .text          0x00806f18       0x88 /OPT/altera/12.1/nios2eds/bin/gnu/H-i686-pc-linux-gnu/bin/../lib/gcc/nios2-elf/4.1.2/libgcc.a(_ne_df.o)
                0x00806f18                __nedf2
 .text          0x00806fa0       0x88 /OPT/altera/12.1/nios2eds/bin/gnu/H-i686-pc-linux-gnu/bin/../lib/gcc/nios2-elf/4.1.2/libgcc.a(_gt_df.o)
                0x00806fa0                __gtdf2
 .text          0x00807028       0x88 /OPT/altera/12.1/nios2eds/bin/gnu/H-i686-pc-linux-gnu/bin/../lib/gcc/nios2-elf/4.1.2/libgcc.a(_lt_df.o)
                0x00807028                __ltdf2
 .text          0x008070b0       0x88 /OPT/altera/12.1/nios2eds/bin/gnu/H-i686-pc-linux-gnu/bin/../lib/gcc/nios2-elf/4.1.2/libgcc.a(_le_df.o)
                0x008070b0                __ledf2
 .text          0x00807138       0xf8 /OPT/altera/12.1/nios2eds/bin/gnu/H-i686-pc-linux-gnu/bin/../lib/gcc/nios2-elf/4.1.2/libgcc.a(_si_to_df.o)
                0x00807138                __floatsidf
 .text          0x00807230       0x38 /OPT/altera/12.1/nios2eds/bin/gnu/H-i686-pc-linux-gnu/bin/../lib/gcc/nios2-elf/4.1.2/libgcc.a(_make_df.o)
                0x00807230                __make_dp
 .text          0x00807268       0x74 /OPT/altera/12.1/nios2eds/bin/gnu/H-i686-pc-linux-gnu/bin/../lib/gcc/nios2-elf/4.1.2/libgcc.a(_df_to_sf.o)
                0x00807268                __truncdfsf2
 .text          0x008072dc        0x0 /OPT/altera/12.1/nios2eds/bin/gnu/H-i686-pc-linux-gnu/bin/../lib/gcc/nios2-elf/4.1.2/libgcc.a(_thenan_df.o)
 .text          0x008072dc      0x14c /OPT/altera/12.1/nios2eds/bin/gnu/H-i686-pc-linux-gnu/bin/../lib/gcc/nios2-elf/4.1.2/libgcc.a(lib2-divmod.o)
                0x00807358                __divsi3
                0x008073b8                __modsi3
                0x00807418                __udivsi3
                0x00807420                __umodsi3
 .text          0x00807428       0x98 /OPT/altera/12.1/nios2eds/bin/gnu/H-i686-pc-linux-gnu/bin/../lib/gcc/nios2-elf/4.1.2/libgcc.a(_muldi3.o)
                0x00807428                __muldi3
 .text          0x008074c0       0x80 /OPT/altera/12.1/nios2eds/bin/gnu/H-i686-pc-linux-gnu/bin/../lib/gcc/nios2-elf/4.1.2/libgcc.a(_clzsi2.o)
                0x008074c0                __clzsi2
 .text          0x00807540      0x160 /OPT/altera/12.1/nios2eds/bin/gnu/H-i686-pc-linux-gnu/bin/../lib/gcc/nios2-elf/4.1.2/libgcc.a(_pack_sf.o)
                0x00807540                __pack_f
 .text          0x008076a0       0xc8 /OPT/altera/12.1/nios2eds/bin/gnu/H-i686-pc-linux-gnu/bin/../lib/gcc/nios2-elf/4.1.2/libgcc.a(_unpack_sf.o)
                0x008076a0                __unpack_f
 .text          0x00807768       0xa8 /OPT/altera/12.1/nios2eds/bin/gnu/H-i686-pc-linux-gnu/bin/../lib/gcc/nios2-elf/4.1.2/libgcc.a(_fpcmp_parts_sf.o)
                0x00807768                __fpcmp_parts_f
 .text          0x00807810       0x2c /OPT/altera/12.1/nios2eds/bin/gnu/H-i686-pc-linux-gnu/bin/../lib/gcc/nios2-elf/4.1.2/libgcc.a(_make_sf.o)
                0x00807810                __make_fp
 .text          0x0080783c      0x314 /OPT/altera/12.1/nios2eds/bin/gnu/H-i686-pc-linux-gnu/bin/../lib/gcc/nios2-elf/4.1.2/libgcc.a(_pack_df.o)
                0x0080783c                __pack_d
 .text          0x00807b50      0x138 /OPT/altera/12.1/nios2eds/bin/gnu/H-i686-pc-linux-gnu/bin/../lib/gcc/nios2-elf/4.1.2/libgcc.a(_unpack_df.o)
                0x00807b50                __unpack_d
 .text          0x00807c88       0xc8 /OPT/altera/12.1/nios2eds/bin/gnu/H-i686-pc-linux-gnu/bin/../lib/gcc/nios2-elf/4.1.2/libgcc.a(_fpcmp_parts_df.o)
                0x00807c88                __fpcmp_parts_d
 .text          0x00807d50        0x0 /OPT/altera/12.1/nios2eds/bin/gnu/H-i686-pc-linux-gnu/bin/../lib/gcc/nios2-elf/4.1.2/libgcc.a(_clz.o)
 .text          0x00807d50       0x10 /OPT/altera/12.1/nios2eds/bin/gnu/H-i686-pc-linux-gnu/bin/../lib/gcc/nios2-elf/4.1.2/../../../../nios2-elf/lib/libc.a(lib_a-errno.o)
                0x00807d50                __errno
 .text          0x00807d60        0x0 /OPT/altera/12.1/nios2eds/bin/gnu/H-i686-pc-linux-gnu/bin/../lib/gcc/nios2-elf/4.1.2/../../../../nios2-elf/lib/libc.a(lib_a-impure.o)
 .text          0x00807d60       0x78 /OPT/altera/12.1/nios2eds/bin/gnu/H-i686-pc-linux-gnu/bin/../lib/gcc/nios2-elf/4.1.2/../../../../nios2-elf/lib/libc.a(lib_a-printf.o)
                0x00807d60                printf
                0x00807da4                _printf_r
 .text          0x00807dd8       0xb4 /OPT/altera/12.1/nios2eds/bin/gnu/H-i686-pc-linux-gnu/bin/../lib/gcc/nios2-elf/4.1.2/../../../../nios2-elf/lib/libc.a(lib_a-puts.o)
                0x00807dd8                _puts_r
                0x00807e78                puts
 .text          0x00807e8c       0x74 /OPT/altera/12.1/nios2eds/bin/gnu/H-i686-pc-linux-gnu/bin/../lib/gcc/nios2-elf/4.1.2/../../../../nios2-elf/lib/libc.a(lib_a-strlen.o)
                0x00807e8c                strlen
 .text          0x00807f00     0x1f28 /OPT/altera/12.1/nios2eds/bin/gnu/H-i686-pc-linux-gnu/bin/../lib/gcc/nios2-elf/4.1.2/../../../../nios2-elf/lib/libc.a(lib_a-vfprintf.o)
                0x00807f58                ___vfprintf_internal_r
                0x00809e04                __vfprintf_internal
 .text          0x00809e28      0x13c /OPT/altera/12.1/nios2eds/bin/gnu/H-i686-pc-linux-gnu/bin/../lib/gcc/nios2-elf/4.1.2/../../../../nios2-elf/lib/libc.a(lib_a-wsetup.o)
                0x00809e28                __swsetup_r
 .text          0x00809f64     0x17cc /OPT/altera/12.1/nios2eds/bin/gnu/H-i686-pc-linux-gnu/bin/../lib/gcc/nios2-elf/4.1.2/../../../../nios2-elf/lib/libc.a(lib_a-dtoa.o)
                0x0080a17c                _dtoa_r
 .text          0x0080b730      0x230 /OPT/altera/12.1/nios2eds/bin/gnu/H-i686-pc-linux-gnu/bin/../lib/gcc/nios2-elf/4.1.2/../../../../nios2-elf/lib/libc.a(lib_a-fflush.o)
                0x0080b730                _fflush_r
                0x0080b92c                fflush
 .text          0x0080b960      0x2c0 /OPT/altera/12.1/nios2eds/bin/gnu/H-i686-pc-linux-gnu/bin/../lib/gcc/nios2-elf/4.1.2/../../../../nios2-elf/lib/libc.a(lib_a-findfp.o)
                0x0080b9b8                __sfp_lock_acquire
                0x0080b9bc                __sfp_lock_release
                0x0080b9c0                __sinit_lock_acquire
                0x0080b9c4                __sinit_lock_release
                0x0080b9c8                __sinit
                0x0080ba7c                __fp_unlock_all
                0x0080ba94                __fp_lock_all
                0x0080baac                _cleanup_r
                0x0080bab8                _cleanup
                0x0080bac8                __sfmoreglue
                0x0080bb30                __sfp
 .text          0x0080bc20      0x440 /OPT/altera/12.1/nios2eds/bin/gnu/H-i686-pc-linux-gnu/bin/../lib/gcc/nios2-elf/4.1.2/../../../../nios2-elf/lib/libc.a(lib_a-freer.o)
                0x0080bc20                _malloc_trim_r
                0x0080bd4c                _free_r
 .text          0x0080c060      0x49c /OPT/altera/12.1/nios2eds/bin/gnu/H-i686-pc-linux-gnu/bin/../lib/gcc/nios2-elf/4.1.2/../../../../nios2-elf/lib/libc.a(lib_a-fvwrite.o)
                0x0080c060                __sfvwrite_r
 .text          0x0080c4fc      0x180 /OPT/altera/12.1/nios2eds/bin/gnu/H-i686-pc-linux-gnu/bin/../lib/gcc/nios2-elf/4.1.2/../../../../nios2-elf/lib/libc.a(lib_a-fwalk.o)
                0x0080c4fc                _fwalk_reent
                0x0080c5c4                _fwalk
 .text          0x0080c67c       0xc4 /OPT/altera/12.1/nios2eds/bin/gnu/H-i686-pc-linux-gnu/bin/../lib/gcc/nios2-elf/4.1.2/../../../../nios2-elf/lib/libc.a(lib_a-locale.o)
                0x0080c67c                __locale_charset
                0x0080c684                _localeconv_r
                0x0080c690                localeconv
                0x0080c6a0                _setlocale_r
                0x0080c724                setlocale
 .text          0x0080c740      0x194 /OPT/altera/12.1/nios2eds/bin/gnu/H-i686-pc-linux-gnu/bin/../lib/gcc/nios2-elf/4.1.2/../../../../nios2-elf/lib/libc.a(lib_a-makebuf.o)
                0x0080c740                __smakebuf_r
 .text          0x0080c8d4      0x740 /OPT/altera/12.1/nios2eds/bin/gnu/H-i686-pc-linux-gnu/bin/../lib/gcc/nios2-elf/4.1.2/../../../../nios2-elf/lib/libc.a(lib_a-mallocr.o)
                0x0080c8d4                _malloc_r
 .text          0x0080d014       0xe4 /OPT/altera/12.1/nios2eds/bin/gnu/H-i686-pc-linux-gnu/bin/../lib/gcc/nios2-elf/4.1.2/../../../../nios2-elf/lib/libc.a(lib_a-memchr.o)
                0x0080d014                memchr
 .text          0x0080d0f8       0xa0 /OPT/altera/12.1/nios2eds/bin/gnu/H-i686-pc-linux-gnu/bin/../lib/gcc/nios2-elf/4.1.2/../../../../nios2-elf/lib/libc.a(lib_a-memcpy.o)
                0x0080d0f8                memcpy
 .text          0x0080d198       0xe0 /OPT/altera/12.1/nios2eds/bin/gnu/H-i686-pc-linux-gnu/bin/../lib/gcc/nios2-elf/4.1.2/../../../../nios2-elf/lib/libc.a(lib_a-memmove.o)
                0x0080d198                memmove
 .text          0x0080d278       0x98 /OPT/altera/12.1/nios2eds/bin/gnu/H-i686-pc-linux-gnu/bin/../lib/gcc/nios2-elf/4.1.2/../../../../nios2-elf/lib/libc.a(lib_a-memset.o)
                0x0080d278                memset
 .text          0x0080d310      0xff4 /OPT/altera/12.1/nios2eds/bin/gnu/H-i686-pc-linux-gnu/bin/../lib/gcc/nios2-elf/4.1.2/../../../../nios2-elf/lib/libc.a(lib_a-mprec.o)
                0x0080d310                _Bfree
                0x0080d338                __hi0bits
                0x0080d3a8                __lo0bits
                0x0080d46c                __mcmp
                0x0080d4cc                __ulp
                0x0080d54c                __b2d
                0x0080d66c                __ratio
                0x0080d71c                _mprec_log10
                0x0080d7b0                __copybits
                0x0080d808                __any_on
                0x0080d890                _Balloc
                0x0080d94c                __d2b
                0x0080dac8                __mdiff
                0x0080dc54                __lshift
                0x0080dda0                __multiply
                0x0080df88                __i2b
                0x0080dfc4                __multadd
                0x0080e0c4                __pow5mult
                0x0080e1e4                __s2b
 .text          0x0080e304      0x5f4 /OPT/altera/12.1/nios2eds/bin/gnu/H-i686-pc-linux-gnu/bin/../lib/gcc/nios2-elf/4.1.2/../../../../nios2-elf/lib/libc.a(lib_a-reallocr.o)
                0x0080e304                _realloc_r
 .text          0x0080e8f8       0x40 /OPT/altera/12.1/nios2eds/bin/gnu/H-i686-pc-linux-gnu/bin/../lib/gcc/nios2-elf/4.1.2/../../../../nios2-elf/lib/libc.a(lib_a-s_isinfd.o)
                0x0080e8f8                __isinfd
 .text          0x0080e938       0x70 /OPT/altera/12.1/nios2eds/bin/gnu/H-i686-pc-linux-gnu/bin/../lib/gcc/nios2-elf/4.1.2/../../../../nios2-elf/lib/libc.a(lib_a-sbrkr.o)
                0x0080e938                _sbrk_r
 .text          0x0080e9a8      0x14c /OPT/altera/12.1/nios2eds/bin/gnu/H-i686-pc-linux-gnu/bin/../lib/gcc/nios2-elf/4.1.2/../../../../nios2-elf/lib/libc.a(lib_a-stdio.o)
                0x0080e9a8                __sclose
                0x0080e9b0                __sseek
                0x0080ea18                __swrite
                0x0080ea94                __sread
 .text          0x0080eaf4       0xbc /OPT/altera/12.1/nios2eds/bin/gnu/H-i686-pc-linux-gnu/bin/../lib/gcc/nios2-elf/4.1.2/../../../../nios2-elf/lib/libc.a(lib_a-strcmp.o)
                0x0080eaf4                strcmp
 .text          0x0080ebb0       0x78 /OPT/altera/12.1/nios2eds/bin/gnu/H-i686-pc-linux-gnu/bin/../lib/gcc/nios2-elf/4.1.2/../../../../nios2-elf/lib/libc.a(lib_a-writer.o)
                0x0080ebb0                _write_r
 .text          0x0080ec28       0xb4 /OPT/altera/12.1/nios2eds/bin/gnu/H-i686-pc-linux-gnu/bin/../lib/gcc/nios2-elf/4.1.2/../../../../nios2-elf/lib/libc.a(lib_a-callocr.o)
                0x0080ec28                _calloc_r
 .text          0x0080ecdc       0x70 /OPT/altera/12.1/nios2eds/bin/gnu/H-i686-pc-linux-gnu/bin/../lib/gcc/nios2-elf/4.1.2/../../../../nios2-elf/lib/libc.a(lib_a-closer.o)
                0x0080ecdc                _close_r
 .text          0x0080ed4c      0x124 /OPT/altera/12.1/nios2eds/bin/gnu/H-i686-pc-linux-gnu/bin/../lib/gcc/nios2-elf/4.1.2/../../../../nios2-elf/lib/libc.a(lib_a-fclose.o)
                0x0080ed4c                _fclose_r
                0x0080ee5c                fclose
 .text          0x0080ee70       0x74 /OPT/altera/12.1/nios2eds/bin/gnu/H-i686-pc-linux-gnu/bin/../lib/gcc/nios2-elf/4.1.2/../../../../nios2-elf/lib/libc.a(lib_a-fstatr.o)
                0x0080ee70                _fstat_r
 .text          0x0080eee4        0x0 /OPT/altera/12.1/nios2eds/bin/gnu/H-i686-pc-linux-gnu/bin/../lib/gcc/nios2-elf/4.1.2/../../../../nios2-elf/lib/libc.a(lib_a-int_errno.o)
 .text          0x0080eee4       0x70 /OPT/altera/12.1/nios2eds/bin/gnu/H-i686-pc-linux-gnu/bin/../lib/gcc/nios2-elf/4.1.2/../../../../nios2-elf/lib/libc.a(lib_a-isattyr.o)
                0x0080eee4                _isatty_r
 .text          0x0080ef54       0x78 /OPT/altera/12.1/nios2eds/bin/gnu/H-i686-pc-linux-gnu/bin/../lib/gcc/nios2-elf/4.1.2/../../../../nios2-elf/lib/libc.a(lib_a-lseekr.o)
                0x0080ef54                _lseek_r
 .text          0x0080efcc       0x78 /OPT/altera/12.1/nios2eds/bin/gnu/H-i686-pc-linux-gnu/bin/../lib/gcc/nios2-elf/4.1.2/../../../../nios2-elf/lib/libc.a(lib_a-readr.o)
                0x0080efcc                _read_r
 .text          0x0080f044      0x5dc /OPT/altera/12.1/nios2eds/bin/gnu/H-i686-pc-linux-gnu/bin/../lib/gcc/nios2-elf/4.1.2/libgcc.a(_udivdi3.o)
                0x0080f044                __udivdi3
 .text          0x0080f620      0x5b0 /OPT/altera/12.1/nios2eds/bin/gnu/H-i686-pc-linux-gnu/bin/../lib/gcc/nios2-elf/4.1.2/libgcc.a(_umoddi3.o)
                0x0080f620                __umoddi3
 .text          0x0080fbd0       0x88 /OPT/altera/12.1/nios2eds/bin/gnu/H-i686-pc-linux-gnu/bin/../lib/gcc/nios2-elf/4.1.2/libgcc.a(_ge_df.o)
                0x0080fbd0                __gedf2
 .text          0x0080fc58       0xd8 /OPT/altera/12.1/nios2eds/bin/gnu/H-i686-pc-linux-gnu/bin/../lib/gcc/nios2-elf/4.1.2/libgcc.a(_df_to_si.o)
                0x0080fc58                __fixdfsi
 .text          0x0080fd30      0x194 /OPT/altera/12.1/nios2eds/bin/gnu/H-i686-pc-linux-gnu/bin/../lib/gcc/nios2-elf/4.1.2/libgcc.a(_usi_to_df.o)
                0x0080fd30                __floatunsidf
 .text          0x0080fec4      0x15c ../DE2_Poll_bsp//libucosii_bsp.a(alt_close.o)
                0x0080fec4                close
 .text          0x00810020       0x2c ../DE2_Poll_bsp//libucosii_bsp.a(alt_dev.o)
 .text          0x0081004c        0x0 ../DE2_Poll_bsp//libucosii_bsp.a(alt_errno.o)
 .text          0x0081004c      0x134 ../DE2_Poll_bsp//libucosii_bsp.a(alt_fstat.o)
                0x0081004c                fstat
 .text          0x00810180      0x120 ../DE2_Poll_bsp//libucosii_bsp.a(alt_isatty.o)
                0x00810180                isatty
 .text          0x008102a0      0x150 ../DE2_Poll_bsp//libucosii_bsp.a(alt_lseek.o)
                0x008102a0                lseek
 .text          0x008103f0       0xc8 ../DE2_Poll_bsp//libucosii_bsp.a(alt_main.o)
                0x008103f0                alt_main
 .text          0x008104b8      0x180 ../DE2_Poll_bsp//libucosii_bsp.a(alt_read.o)
                0x008104b8                read
 .text          0x00810638       0x60 ../DE2_Poll_bsp//libucosii_bsp.a(alt_release_fd.o)
                0x00810638                alt_release_fd
 .text          0x00810698       0xbc ../DE2_Poll_bsp//libucosii_bsp.a(alt_sbrk.o)
                0x00810698                sbrk
 .text          0x00810754      0x118 ../DE2_Poll_bsp//libucosii_bsp.a(alt_usleep.o)
                0x00810754                usleep
 .text          0x0081086c      0x180 ../DE2_Poll_bsp//libucosii_bsp.a(alt_write.o)
                0x0081086c                write
 .text          0x008109ec      0x108 ../DE2_Poll_bsp//libucosii_bsp.a(alt_env_lock.o)
                0x008109ec                __env_lock
                0x00810a98                __env_unlock
 .text          0x00810af4      0x1d8 ../DE2_Poll_bsp//libucosii_bsp.a(alt_malloc_lock.o)
                0x00810af4                __malloc_lock
                0x00810bfc                __malloc_unlock
 .text          0x00810ccc     0x2128 ../DE2_Poll_bsp//libucosii_bsp.a(os_core.o)
                0x00810ccc                OSEventNameGet
                0x00810dfc                OSEventNameSet
                0x00810f40                OSEventPendMulti
                0x008115f4                OSInit
                0x00811648                OSIntEnter
                0x008116c4                OSIntExit
                0x008117c4                OSSchedLock
                0x00811850                OSSchedUnlock
                0x00811934                OSStart
                0x008119a4                OSStatInit
                0x00811a50                OSTimeTick
                0x00811c90                OSVersion
                0x00811cb0                OS_Dummy
                0x00811ccc                OS_EventTaskRdy
                0x00811e60                OS_EventTaskWait
                0x00811f70                OS_EventTaskWaitMulti
                0x008120c4                OS_EventTaskRemove
                0x0081217c                OS_EventTaskRemoveMulti
                0x00812280                OS_EventWaitListInit
                0x0081264c                OS_MemClr
                0x008126a0                OS_MemCopy
                0x0081270c                OS_Sched
                0x00812850                OS_StrCopy
                0x008128d0                OS_StrLen
                0x00812928                OS_TaskIdle
                0x00812984                OS_TaskStat
                0x00812a4c                OS_TaskStatStkChk
                0x00812b14                OS_TCBInit
 .text          0x00812df4      0x18c ../DE2_Poll_bsp//libucosii_bsp.a(os_dbg.o)
                0x00812df4                OSDebugInit
 .text          0x00812f80     0x193c ../DE2_Poll_bsp//libucosii_bsp.a(os_flag.o)
                0x00812f80                OSFlagAccept
                0x008132b4                OSFlagCreate
                0x008133f0                OSFlagDel
                0x00813698                OSFlagNameGet
                0x008137dc                OSFlagNameSet
                0x00813930                OSFlagPend
                0x00813f74                OSFlagPendGetFlagsRdy
                0x00813fdc                OSFlagPost
                0x00814384                OSFlagQuery
                0x0081461c                OS_FlagInit
                0x00814810                OS_FlagUnlink
 .text          0x008148bc      0x808 ../DE2_Poll_bsp//libucosii_bsp.a(os_mem.o)
                0x008148bc                OSMemCreate
                0x00814ad8                OSMemGet
                0x00814bdc                OSMemNameGet
                0x00814ce8                OSMemNameSet
                0x00814e08                OSMemPut
                0x00814ef8                OSMemQuery
                0x00814ff4                OS_MemInit
 .text          0x008150c4     0x1334 ../DE2_Poll_bsp//libucosii_bsp.a(os_q.o)
                0x008150c4                OSQAccept
                0x00815218                OSQCreate
                0x0081542c                OSQDel
                0x0081572c                OSQFlush
                0x008157f4                OSQPend
                0x00815b14                OSQPendAbort
                0x00815c90                OSQPost
                0x00815e10                OSQPostFront
                0x00815f98                OSQPostOpt
                0x008161cc                OSQQuery
                0x0081634c                OS_QInit
 .text          0x008163f8      0xbc8 ../DE2_Poll_bsp//libucosii_bsp.a(os_sem.o)
                0x008163f8                OSSemAccept
                0x008164b8                OSSemCreate
                0x008165cc                OSSemDel
                0x0081686c                OSSemPend
                0x00816ae8                OSSemPendAbort
                0x00816c64                OSSemPost
                0x00816d8c                OSSemQuery
                0x00816ebc                OSSemSet
 .text          0x00816fc0     0x1a40 ../DE2_Poll_bsp//libucosii_bsp.a(os_task.o)
                0x00816fc0                OSTaskChangePrio
                0x00817534                OSTaskCreate
                0x00817708                OSTaskCreateExt
                0x00817908                OSTaskDel
                0x00817d14                OSTaskDelReq
                0x00817e84                OSTaskNameGet
                0x0081803c                OSTaskNameSet
                0x00818200                OSTaskResume
                0x00818418                OSTaskStkChk
                0x00818614                OSTaskSuspend
                0x00818840                OSTaskQuery
                0x00818984                OS_TaskStkClr
 .text          0x00818a00      0x598 ../DE2_Poll_bsp//libucosii_bsp.a(os_time.o)
                0x00818a00                OSTimeDly
                0x00818b4c                OSTimeDlyHMSM
                0x00818cc0                OSTimeDlyResume
                0x00818ed0                OSTimeGet
                0x00818f34                OSTimeSet
 .text          0x00818f98       0xe0 ../DE2_Poll_bsp//libucosii_bsp.a(alt_sys_init.o)
                0x00818f98                alt_irq_init
                0x00818fcc                alt_sys_init
 .text          0x00819078      0x148 ../DE2_Poll_bsp//libucosii_bsp.a(altera_avalon_jtag_uart_fd.o)
                0x00819078                altera_avalon_jtag_uart_read_fd
                0x008190d0                altera_avalon_jtag_uart_write_fd
                0x00819128                altera_avalon_jtag_uart_close_fd
                0x00819170                altera_avalon_jtag_uart_ioctl_fd
 .text          0x008191c0      0x584 ../DE2_Poll_bsp//libucosii_bsp.a(altera_avalon_jtag_uart_init.o)
                0x008191c0                altera_avalon_jtag_uart_init
                0x008196d0                altera_avalon_jtag_uart_close
 .text          0x00819744       0xf4 ../DE2_Poll_bsp//libucosii_bsp.a(altera_avalon_jtag_uart_ioctl.o)
                0x00819744                altera_avalon_jtag_uart_ioctl
 .text          0x00819838      0x2c0 ../DE2_Poll_bsp//libucosii_bsp.a(altera_avalon_jtag_uart_read.o)
                0x00819838                altera_avalon_jtag_uart_read
 .text          0x00819af8      0x2dc ../DE2_Poll_bsp//libucosii_bsp.a(altera_avalon_jtag_uart_write.o)
                0x00819af8                altera_avalon_jtag_uart_write
 .text          0x00819dd4      0x100 ../DE2_Poll_bsp//libucosii_bsp.a(altera_avalon_timer_sc.o)
                0x00819e44                alt_avalon_timer_sc_init
 .text          0x00819ed4      0x530 ../DE2_Poll_bsp//libucosii_bsp.a(altera_up_avalon_character_lcd.o)
                0x00819ed4                get_DDRAM_addr
                0x00819f50                alt_up_character_lcd_send_cmd
                0x00819f84                alt_up_character_lcd_init
                0x00819fb8                alt_up_character_lcd_open_dev
                0x00819ff8                alt_up_character_lcd_write
                0x0081a070                alt_up_character_lcd_string
                0x0081a0e8                alt_up_character_lcd_write_fd
                0x0081a134                alt_up_character_lcd_set_cursor_pos
                0x0081a1ac                alt_up_character_lcd_shift_cursor
                0x0081a25c                alt_up_character_lcd_shift_display
                0x0081a30c                alt_up_character_lcd_erase_pos
                0x0081a39c                alt_up_character_lcd_cursor_off
                0x0081a3d0                alt_up_character_lcd_cursor_blink_on
 .text          0x0081a404      0x154 ../DE2_Poll_bsp//libucosii_bsp.a(alt_alarm_start.o)
                0x0081a404                alt_alarm_start
 .text          0x0081a558      0x14c ../DE2_Poll_bsp//libucosii_bsp.a(alt_busy_sleep.o)
                0x0081a558                alt_busy_sleep
 .text          0x0081a6a4      0x114 ../DE2_Poll_bsp//libucosii_bsp.a(alt_dev_llist_insert.o)
                0x0081a6a4                alt_dev_llist_insert
 .text          0x0081a7b8       0x64 ../DE2_Poll_bsp//libucosii_bsp.a(alt_do_ctors.o)
                0x0081a7b8                _do_ctors
 .text          0x0081a81c       0x64 ../DE2_Poll_bsp//libucosii_bsp.a(alt_do_dtors.o)
                0x0081a81c                _do_dtors
 .text          0x0081a880       0x94 ../DE2_Poll_bsp//libucosii_bsp.a(alt_find_dev.o)
                0x0081a880                alt_find_dev
 .text          0x0081a914      0x1d4 ../DE2_Poll_bsp//libucosii_bsp.a(alt_iic.o)
                0x0081a914                alt_ic_isr_register
                0x0081a964                alt_ic_irq_enable
                0x0081aa00                alt_ic_irq_disable
                0x0081aaa0                alt_ic_irq_enabled
 .text          0x0081aae8       0xf8 ../DE2_Poll_bsp//libucosii_bsp.a(alt_iic_isr_register.o)
                0x0081aae8                alt_iic_isr_register
 .text          0x0081abe0      0x13c ../DE2_Poll_bsp//libucosii_bsp.a(alt_io_redirect.o)
                0x0081aca4                alt_io_redirect
 .text          0x0081ad1c        0x0 ../DE2_Poll_bsp//libucosii_bsp.a(alt_irq_entry.o)
 .text          0x0081ad1c        0x0 ../DE2_Poll_bsp//libucosii_bsp.a(alt_irq_handler.o)
 .text          0x0081ad1c        0x0 ../DE2_Poll_bsp//libucosii_bsp.a(alt_irq_vars.o)
 .text          0x0081ad1c      0x2c4 ../DE2_Poll_bsp//libucosii_bsp.a(alt_open.o)
                0x0081adf8                open
 .text          0x0081afe0      0x1a8 ../DE2_Poll_bsp//libucosii_bsp.a(alt_tick.o)
                0x0081afe0                alt_alarm_stop
                0x0081b078                alt_tick
 .text          0x0081b188       0x20 ../DE2_Poll_bsp//libucosii_bsp.a(altera_nios2_qsys_irq.o)
                0x0081b188                altera_nios2_qsys_irq_init
 .text          0x0081b1a8       0xd0 ../DE2_Poll_bsp//libucosii_bsp.a(os_cpu_a.o)
                0x0081b1a8                OSCtxSw
                0x0081b1a8                OSIntCtxSw
                0x0081b234                OSStartHighRdy
                0x0081b254                OSStartTsk
 .text          0x0081b278      0x418 ../DE2_Poll_bsp//libucosii_bsp.a(os_cpu_c.o)
                0x0081b278                OSTaskStkInit
                0x0081b588                OSTaskCreateHook
                0x0081b5a8                OSTaskDelHook
                0x0081b5c8                OSTaskSwHook
                0x0081b5e4                OSTaskStatHook
                0x0081b600                OSTimeTickHook
                0x0081b61c                OSInitHookBegin
                0x0081b638                OSInitHookEnd
                0x0081b654                OSTaskIdleHook
                0x0081b670                OSTCBInitHook
 .text          0x0081b690        0x0 ../DE2_Poll_bsp//libucosii_bsp.a(alt_exception_entry.o)
 .text          0x0081b690      0x120 ../DE2_Poll_bsp//libucosii_bsp.a(alt_find_file.o)
                0x0081b690                alt_find_file
 .text          0x0081b7b0       0xf4 ../DE2_Poll_bsp//libucosii_bsp.a(alt_get_fd.o)
                0x0081b7b0                alt_get_fd
 .text          0x0081b8a4       0x14 /OPT/altera/12.1/nios2eds/bin/gnu/H-i686-pc-linux-gnu/bin/../lib/gcc/nios2-elf/4.1.2/../../../../nios2-elf/lib/libc.a(lib_a-atexit.o)
                0x0081b8a4                atexit
 .text          0x0081b8b8       0x38 /OPT/altera/12.1/nios2eds/bin/gnu/H-i686-pc-linux-gnu/bin/../lib/gcc/nios2-elf/4.1.2/../../../../nios2-elf/lib/libc.a(lib_a-exit.o)
                0x0081b8b8                exit
 .text          0x0081b8f0       0x74 /OPT/altera/12.1/nios2eds/bin/gnu/H-i686-pc-linux-gnu/bin/../lib/gcc/nios2-elf/4.1.2/../../../../nios2-elf/lib/libc.a(lib_a-memcmp.o)
                0x0081b8f0                memcmp
 .text          0x0081b964      0x134 /OPT/altera/12.1/nios2eds/bin/gnu/H-i686-pc-linux-gnu/bin/../lib/gcc/nios2-elf/4.1.2/../../../../nios2-elf/lib/libc.a(lib_a-__atexit.o)
                0x0081b964                __register_exitproc
 .text          0x0081ba98      0x1b4 /OPT/altera/12.1/nios2eds/bin/gnu/H-i686-pc-linux-gnu/bin/../lib/gcc/nios2-elf/4.1.2/../../../../nios2-elf/lib/libc.a(lib_a-__call_atexit.o)
                0x0081ba9c                __call_exitprocs
 .text          0x0081bc4c       0x6c ../DE2_Poll_bsp//libucosii_bsp.a(alt_exit.o)
                0x0081bc8c                _exit
 *(.gnu.warning.*)
 *(.fini)
                0x0081bcb8                PROVIDE (__etext, ABSOLUTE (.))
                0x0081bcb8                PROVIDE (_etext, ABSOLUTE (.))
                0x0081bcb8                PROVIDE (etext, ABSOLUTE (.))
 *(.eh_frame_hdr)
                0x0081bcb8                . = ALIGN (0x4)
                0x0081bcb8                PROVIDE (__preinit_array_start, ABSOLUTE (.))
 *(.preinit_array)
                0x0081bcb8                PROVIDE (__preinit_array_end, ABSOLUTE (.))
                0x0081bcb8                PROVIDE (__init_array_start, ABSOLUTE (.))
 *(.init_array)
                0x0081bcb8                PROVIDE (__init_array_end, ABSOLUTE (.))
                0x0081bcb8                PROVIDE (__fini_array_start, ABSOLUTE (.))
 *(.fini_array)
                0x0081bcb8                PROVIDE (__fini_array_end, ABSOLUTE (.))
 *(.eh_frame)
 *(.gcc_except_table)
 *(.dynamic)
                0x0081bcb8                PROVIDE (__CTOR_LIST__, ABSOLUTE (.))
 *(.ctors)
 *(SORT(.ctors.*))
 .ctors.65535   0x0081bcb8        0x4 /OPT/altera/12.1/nios2eds/bin/gnu/H-i686-pc-linux-gnu/bin/../lib/gcc/nios2-elf/4.1.2/../../../../nios2-elf/lib/libc.a(lib_a-__call_atexit.o)
                0x0081bcbc                PROVIDE (__CTOR_END__, ABSOLUTE (.))
                0x0081bcbc                PROVIDE (__DTOR_LIST__, ABSOLUTE (.))
 *(.dtors)
 *(SORT(.dtors.*))
                0x0081bcbc                PROVIDE (__DTOR_END__, ABSOLUTE (.))
 *(.jcr)
                0x0081bcbc                . = ALIGN (0x4)

.rodata         0x0081bcbc      0x83c
                0x0081bcbc                PROVIDE (__ram_rodata_start, ABSOLUTE (.))
                0x0081bcbc                . = ALIGN (0x4)
 *(.rodata .rodata.* .gnu.linkonce.r.*)
 .rodata        0x0081bcbc      0x288 obj/default/DE2_poll.o
 .rodata        0x0081bf44       0x10 obj/default/MPU9250/mpu9250.o
 .rodata        0x0081bf54       0xd0 obj/default/i2c/I2C.o
 .rodata.str1.4
                0x0081c024        0x4 /OPT/altera/12.1/nios2eds/bin/gnu/H-i686-pc-linux-gnu/bin/../lib/gcc/nios2-elf/4.1.2/../../../../nios2-elf/lib/libm.a(lib_a-w_pow.o)
 .rodata.str1.4
                0x00000000        0x4 /OPT/altera/12.1/nios2eds/bin/gnu/H-i686-pc-linux-gnu/bin/../lib/gcc/nios2-elf/4.1.2/../../../../nios2-elf/lib/libm.a(lib_a-e_pow.o)
 .rodata        0x0081c028       0x30 /OPT/altera/12.1/nios2eds/bin/gnu/H-i686-pc-linux-gnu/bin/../lib/gcc/nios2-elf/4.1.2/../../../../nios2-elf/lib/libm.a(lib_a-e_pow.o)
 .rodata        0x0081c058       0x10 /OPT/altera/12.1/nios2eds/bin/gnu/H-i686-pc-linux-gnu/bin/../lib/gcc/nios2-elf/4.1.2/../../../../nios2-elf/lib/libm.a(lib_a-s_rint.o)
 .rodata        0x0081c068       0x10 /OPT/altera/12.1/nios2eds/bin/gnu/H-i686-pc-linux-gnu/bin/../lib/gcc/nios2-elf/4.1.2/libgcc.a(_thenan_sf.o)
                0x0081c068                __thenan_sf
 .rodata        0x0081c078       0x14 /OPT/altera/12.1/nios2eds/bin/gnu/H-i686-pc-linux-gnu/bin/../lib/gcc/nios2-elf/4.1.2/libgcc.a(_thenan_df.o)
                0x0081c078                __thenan_df
 .rodata        0x0081c08c      0x100 /OPT/altera/12.1/nios2eds/bin/gnu/H-i686-pc-linux-gnu/bin/../lib/gcc/nios2-elf/4.1.2/libgcc.a(_clz.o)
                0x0081c08c                __clz_tab
 .rodata.str1.4
                0x0081c18c        0x2 /OPT/altera/12.1/nios2eds/bin/gnu/H-i686-pc-linux-gnu/bin/../lib/gcc/nios2-elf/4.1.2/../../../../nios2-elf/lib/libc.a(lib_a-impure.o)
                                  0x4 (size before relaxing)
 *fill*         0x0081c18e        0x2 00
 .rodata.str1.4
                0x0081c190        0x2 /OPT/altera/12.1/nios2eds/bin/gnu/H-i686-pc-linux-gnu/bin/../lib/gcc/nios2-elf/4.1.2/../../../../nios2-elf/lib/libc.a(lib_a-puts.o)
                                  0x4 (size before relaxing)
 *fill*         0x0081c192        0x2 00
 .rodata.str1.4
                0x0081c194       0x5e /OPT/altera/12.1/nios2eds/bin/gnu/H-i686-pc-linux-gnu/bin/../lib/gcc/nios2-elf/4.1.2/../../../../nios2-elf/lib/libc.a(lib_a-vfprintf.o)
                                 0x60 (size before relaxing)
 .rodata        0x0081c1f2       0x20 /OPT/altera/12.1/nios2eds/bin/gnu/H-i686-pc-linux-gnu/bin/../lib/gcc/nios2-elf/4.1.2/../../../../nios2-elf/lib/libc.a(lib_a-vfprintf.o)
 *fill*         0x0081c212        0x2 00
 .rodata.str1.4
                0x0081c214       0x10 /OPT/altera/12.1/nios2eds/bin/gnu/H-i686-pc-linux-gnu/bin/../lib/gcc/nios2-elf/4.1.2/../../../../nios2-elf/lib/libc.a(lib_a-dtoa.o)
                                 0x14 (size before relaxing)
 .rodata.str1.4
                0x0081c224       0x10 /OPT/altera/12.1/nios2eds/bin/gnu/H-i686-pc-linux-gnu/bin/../lib/gcc/nios2-elf/4.1.2/../../../../nios2-elf/lib/libc.a(lib_a-locale.o)
                                 0x18 (size before relaxing)
 .rodata        0x0081c234       0x30 /OPT/altera/12.1/nios2eds/bin/gnu/H-i686-pc-linux-gnu/bin/../lib/gcc/nios2-elf/4.1.2/../../../../nios2-elf/lib/libc.a(lib_a-locale.o)
 .rodata        0x0081c264      0x124 /OPT/altera/12.1/nios2eds/bin/gnu/H-i686-pc-linux-gnu/bin/../lib/gcc/nios2-elf/4.1.2/../../../../nios2-elf/lib/libc.a(lib_a-mprec.o)
                0x0081c264                __mprec_tens
                0x0081c32c                __mprec_bigtens
                0x0081c354                __mprec_tinytens
 .rodata        0x0081c388        0xc ../DE2_Poll_bsp//libucosii_bsp.a(alt_dev.o)
 .rodata        0x0081c394       0x14 ../DE2_Poll_bsp//libucosii_bsp.a(alt_main.o)
 .rodata        0x0081c3a8      0x120 ../DE2_Poll_bsp//libucosii_bsp.a(os_core.o)
                0x0081c3a8                OSUnMapTbl
 .rodata        0x0081c4c8       0x2c ../DE2_Poll_bsp//libucosii_bsp.a(alt_sys_init.o)
 .rodata        0x0081c4f4        0x4 ../DE2_Poll_bsp//libucosii_bsp.a(os_cpu_c.o)
 *(.rodata1)
                0x0081c4f8                . = ALIGN (0x4)
                0x0081c4f8                PROVIDE (__ram_rodata_end, ABSOLUTE (.))
                0x0081bcbc                PROVIDE (__flash_rodata_start, LOADADDR (.rodata))

.rwdata         0x0081c4f8     0x1b14
                0x0081c4f8                PROVIDE (__ram_rwdata_start, ABSOLUTE (.))
                0x0081c4f8                . = ALIGN (0x4)
 *(.got.plt)
 *(.got)
 *(.data1)
 *(.data .data.* .gnu.linkonce.d.*)
 .data          0x0081c4f8        0x0 ../DE2_Poll_bsp//obj/HAL/src/crt0.o
 .data          0x0081c4f8        0x0 obj/default/DE2_poll.o
 .data          0x0081c4f8        0x0 obj/default/MPU9250/mpu9250.o
 .data          0x0081c4f8        0x0 obj/default/i2c/I2C.o
 .data          0x0081c4f8        0x0 /OPT/altera/12.1/nios2eds/bin/gnu/H-i686-pc-linux-gnu/bin/../lib/gcc/nios2-elf/4.1.2/../../../../nios2-elf/lib/libm.a(lib_a-w_pow.o)
 .data          0x0081c4f8        0x0 /OPT/altera/12.1/nios2eds/bin/gnu/H-i686-pc-linux-gnu/bin/../lib/gcc/nios2-elf/4.1.2/../../../../nios2-elf/lib/libm.a(lib_a-e_pow.o)
 .data          0x0081c4f8        0x0 /OPT/altera/12.1/nios2eds/bin/gnu/H-i686-pc-linux-gnu/bin/../lib/gcc/nios2-elf/4.1.2/../../../../nios2-elf/lib/libm.a(lib_a-e_sqrt.o)
 .data          0x0081c4f8        0x0 /OPT/altera/12.1/nios2eds/bin/gnu/H-i686-pc-linux-gnu/bin/../lib/gcc/nios2-elf/4.1.2/../../../../nios2-elf/lib/libm.a(lib_a-s_fabs.o)
 .data          0x0081c4f8        0x0 /OPT/altera/12.1/nios2eds/bin/gnu/H-i686-pc-linux-gnu/bin/../lib/gcc/nios2-elf/4.1.2/../../../../nios2-elf/lib/libm.a(lib_a-s_finite.o)
 .data          0x0081c4f8        0x0 /OPT/altera/12.1/nios2eds/bin/gnu/H-i686-pc-linux-gnu/bin/../lib/gcc/nios2-elf/4.1.2/../../../../nios2-elf/lib/libm.a(lib_a-s_isnand.o)
 .data          0x0081c4f8        0x0 /OPT/altera/12.1/nios2eds/bin/gnu/H-i686-pc-linux-gnu/bin/../lib/gcc/nios2-elf/4.1.2/../../../../nios2-elf/lib/libm.a(lib_a-s_lib_ver.o)
 .data          0x0081c4f8        0x0 /OPT/altera/12.1/nios2eds/bin/gnu/H-i686-pc-linux-gnu/bin/../lib/gcc/nios2-elf/4.1.2/../../../../nios2-elf/lib/libm.a(lib_a-s_matherr.o)
 .data          0x0081c4f8        0x0 /OPT/altera/12.1/nios2eds/bin/gnu/H-i686-pc-linux-gnu/bin/../lib/gcc/nios2-elf/4.1.2/../../../../nios2-elf/lib/libm.a(lib_a-s_nan.o)
 .data          0x0081c4f8        0x0 /OPT/altera/12.1/nios2eds/bin/gnu/H-i686-pc-linux-gnu/bin/../lib/gcc/nios2-elf/4.1.2/../../../../nios2-elf/lib/libm.a(lib_a-s_rint.o)
 .data          0x0081c4f8        0x0 /OPT/altera/12.1/nios2eds/bin/gnu/H-i686-pc-linux-gnu/bin/../lib/gcc/nios2-elf/4.1.2/../../../../nios2-elf/lib/libm.a(lib_a-s_scalbn.o)
 .data          0x0081c4f8        0x0 /OPT/altera/12.1/nios2eds/bin/gnu/H-i686-pc-linux-gnu/bin/../lib/gcc/nios2-elf/4.1.2/../../../../nios2-elf/lib/libm.a(lib_a-s_copysign.o)
 .data          0x0081c4f8        0x0 /OPT/altera/12.1/nios2eds/bin/gnu/H-i686-pc-linux-gnu/bin/../lib/gcc/nios2-elf/4.1.2/libgcc.a(_addsub_sf.o)
 .data          0x0081c4f8        0x0 /OPT/altera/12.1/nios2eds/bin/gnu/H-i686-pc-linux-gnu/bin/../lib/gcc/nios2-elf/4.1.2/libgcc.a(_mul_sf.o)
 .data          0x0081c4f8        0x0 /OPT/altera/12.1/nios2eds/bin/gnu/H-i686-pc-linux-gnu/bin/../lib/gcc/nios2-elf/4.1.2/libgcc.a(_div_sf.o)
 .data          0x0081c4f8        0x0 /OPT/altera/12.1/nios2eds/bin/gnu/H-i686-pc-linux-gnu/bin/../lib/gcc/nios2-elf/4.1.2/libgcc.a(_gt_sf.o)
 .data          0x0081c4f8        0x0 /OPT/altera/12.1/nios2eds/bin/gnu/H-i686-pc-linux-gnu/bin/../lib/gcc/nios2-elf/4.1.2/libgcc.a(_lt_sf.o)
 .data          0x0081c4f8        0x0 /OPT/altera/12.1/nios2eds/bin/gnu/H-i686-pc-linux-gnu/bin/../lib/gcc/nios2-elf/4.1.2/libgcc.a(_si_to_sf.o)
 .data          0x0081c4f8        0x0 /OPT/altera/12.1/nios2eds/bin/gnu/H-i686-pc-linux-gnu/bin/../lib/gcc/nios2-elf/4.1.2/libgcc.a(_sf_to_df.o)
 .data          0x0081c4f8        0x0 /OPT/altera/12.1/nios2eds/bin/gnu/H-i686-pc-linux-gnu/bin/../lib/gcc/nios2-elf/4.1.2/libgcc.a(_thenan_sf.o)
 .data          0x0081c4f8        0x0 /OPT/altera/12.1/nios2eds/bin/gnu/H-i686-pc-linux-gnu/bin/../lib/gcc/nios2-elf/4.1.2/libgcc.a(_usi_to_sf.o)
 .data          0x0081c4f8        0x0 /OPT/altera/12.1/nios2eds/bin/gnu/H-i686-pc-linux-gnu/bin/../lib/gcc/nios2-elf/4.1.2/libgcc.a(_addsub_df.o)
 .data          0x0081c4f8        0x0 /OPT/altera/12.1/nios2eds/bin/gnu/H-i686-pc-linux-gnu/bin/../lib/gcc/nios2-elf/4.1.2/libgcc.a(_mul_df.o)
 .data          0x0081c4f8        0x0 /OPT/altera/12.1/nios2eds/bin/gnu/H-i686-pc-linux-gnu/bin/../lib/gcc/nios2-elf/4.1.2/libgcc.a(_div_df.o)
 .data          0x0081c4f8        0x0 /OPT/altera/12.1/nios2eds/bin/gnu/H-i686-pc-linux-gnu/bin/../lib/gcc/nios2-elf/4.1.2/libgcc.a(_eq_df.o)
 .data          0x0081c4f8        0x0 /OPT/altera/12.1/nios2eds/bin/gnu/H-i686-pc-linux-gnu/bin/../lib/gcc/nios2-elf/4.1.2/libgcc.a(_ne_df.o)
 .data          0x0081c4f8        0x0 /OPT/altera/12.1/nios2eds/bin/gnu/H-i686-pc-linux-gnu/bin/../lib/gcc/nios2-elf/4.1.2/libgcc.a(_gt_df.o)
 .data          0x0081c4f8        0x0 /OPT/altera/12.1/nios2eds/bin/gnu/H-i686-pc-linux-gnu/bin/../lib/gcc/nios2-elf/4.1.2/libgcc.a(_lt_df.o)
 .data          0x0081c4f8        0x0 /OPT/altera/12.1/nios2eds/bin/gnu/H-i686-pc-linux-gnu/bin/../lib/gcc/nios2-elf/4.1.2/libgcc.a(_le_df.o)
 .data          0x0081c4f8        0x0 /OPT/altera/12.1/nios2eds/bin/gnu/H-i686-pc-linux-gnu/bin/../lib/gcc/nios2-elf/4.1.2/libgcc.a(_si_to_df.o)
 .data          0x0081c4f8        0x0 /OPT/altera/12.1/nios2eds/bin/gnu/H-i686-pc-linux-gnu/bin/../lib/gcc/nios2-elf/4.1.2/libgcc.a(_make_df.o)
 .data          0x0081c4f8        0x0 /OPT/altera/12.1/nios2eds/bin/gnu/H-i686-pc-linux-gnu/bin/../lib/gcc/nios2-elf/4.1.2/libgcc.a(_df_to_sf.o)
 .data          0x0081c4f8        0x0 /OPT/altera/12.1/nios2eds/bin/gnu/H-i686-pc-linux-gnu/bin/../lib/gcc/nios2-elf/4.1.2/libgcc.a(_thenan_df.o)
 .data          0x0081c4f8        0x0 /OPT/altera/12.1/nios2eds/bin/gnu/H-i686-pc-linux-gnu/bin/../lib/gcc/nios2-elf/4.1.2/libgcc.a(lib2-divmod.o)
 .data          0x0081c4f8        0x0 /OPT/altera/12.1/nios2eds/bin/gnu/H-i686-pc-linux-gnu/bin/../lib/gcc/nios2-elf/4.1.2/libgcc.a(_muldi3.o)
 .data          0x0081c4f8        0x0 /OPT/altera/12.1/nios2eds/bin/gnu/H-i686-pc-linux-gnu/bin/../lib/gcc/nios2-elf/4.1.2/libgcc.a(_clzsi2.o)
 .data          0x0081c4f8        0x0 /OPT/altera/12.1/nios2eds/bin/gnu/H-i686-pc-linux-gnu/bin/../lib/gcc/nios2-elf/4.1.2/libgcc.a(_pack_sf.o)
 .data          0x0081c4f8        0x0 /OPT/altera/12.1/nios2eds/bin/gnu/H-i686-pc-linux-gnu/bin/../lib/gcc/nios2-elf/4.1.2/libgcc.a(_unpack_sf.o)
 .data          0x0081c4f8        0x0 /OPT/altera/12.1/nios2eds/bin/gnu/H-i686-pc-linux-gnu/bin/../lib/gcc/nios2-elf/4.1.2/libgcc.a(_fpcmp_parts_sf.o)
 .data          0x0081c4f8        0x0 /OPT/altera/12.1/nios2eds/bin/gnu/H-i686-pc-linux-gnu/bin/../lib/gcc/nios2-elf/4.1.2/libgcc.a(_make_sf.o)
 .data          0x0081c4f8        0x0 /OPT/altera/12.1/nios2eds/bin/gnu/H-i686-pc-linux-gnu/bin/../lib/gcc/nios2-elf/4.1.2/libgcc.a(_pack_df.o)
 .data          0x0081c4f8        0x0 /OPT/altera/12.1/nios2eds/bin/gnu/H-i686-pc-linux-gnu/bin/../lib/gcc/nios2-elf/4.1.2/libgcc.a(_unpack_df.o)
 .data          0x0081c4f8        0x0 /OPT/altera/12.1/nios2eds/bin/gnu/H-i686-pc-linux-gnu/bin/../lib/gcc/nios2-elf/4.1.2/libgcc.a(_fpcmp_parts_df.o)
 .data          0x0081c4f8        0x0 /OPT/altera/12.1/nios2eds/bin/gnu/H-i686-pc-linux-gnu/bin/../lib/gcc/nios2-elf/4.1.2/libgcc.a(_clz.o)
 .data          0x0081c4f8        0x0 /OPT/altera/12.1/nios2eds/bin/gnu/H-i686-pc-linux-gnu/bin/../lib/gcc/nios2-elf/4.1.2/../../../../nios2-elf/lib/libc.a(lib_a-errno.o)
 .data          0x0081c4f8      0x400 /OPT/altera/12.1/nios2eds/bin/gnu/H-i686-pc-linux-gnu/bin/../lib/gcc/nios2-elf/4.1.2/../../../../nios2-elf/lib/libc.a(lib_a-impure.o)
 .data          0x0081c8f8        0x0 /OPT/altera/12.1/nios2eds/bin/gnu/H-i686-pc-linux-gnu/bin/../lib/gcc/nios2-elf/4.1.2/../../../../nios2-elf/lib/libc.a(lib_a-printf.o)
 .data          0x0081c8f8        0x0 /OPT/altera/12.1/nios2eds/bin/gnu/H-i686-pc-linux-gnu/bin/../lib/gcc/nios2-elf/4.1.2/../../../../nios2-elf/lib/libc.a(lib_a-puts.o)
 .data          0x0081c8f8        0x0 /OPT/altera/12.1/nios2eds/bin/gnu/H-i686-pc-linux-gnu/bin/../lib/gcc/nios2-elf/4.1.2/../../../../nios2-elf/lib/libc.a(lib_a-strlen.o)
 .data          0x0081c8f8        0x0 /OPT/altera/12.1/nios2eds/bin/gnu/H-i686-pc-linux-gnu/bin/../lib/gcc/nios2-elf/4.1.2/../../../../nios2-elf/lib/libc.a(lib_a-vfprintf.o)
 .data          0x0081c8f8        0x0 /OPT/altera/12.1/nios2eds/bin/gnu/H-i686-pc-linux-gnu/bin/../lib/gcc/nios2-elf/4.1.2/../../../../nios2-elf/lib/libc.a(lib_a-wsetup.o)
 .data          0x0081c8f8        0x0 /OPT/altera/12.1/nios2eds/bin/gnu/H-i686-pc-linux-gnu/bin/../lib/gcc/nios2-elf/4.1.2/../../../../nios2-elf/lib/libc.a(lib_a-dtoa.o)
 .data          0x0081c8f8        0x0 /OPT/altera/12.1/nios2eds/bin/gnu/H-i686-pc-linux-gnu/bin/../lib/gcc/nios2-elf/4.1.2/../../../../nios2-elf/lib/libc.a(lib_a-fflush.o)
 .data          0x0081c8f8        0x0 /OPT/altera/12.1/nios2eds/bin/gnu/H-i686-pc-linux-gnu/bin/../lib/gcc/nios2-elf/4.1.2/../../../../nios2-elf/lib/libc.a(lib_a-findfp.o)
 .data          0x0081c8f8        0x0 /OPT/altera/12.1/nios2eds/bin/gnu/H-i686-pc-linux-gnu/bin/../lib/gcc/nios2-elf/4.1.2/../../../../nios2-elf/lib/libc.a(lib_a-freer.o)
 .data          0x0081c8f8        0x0 /OPT/altera/12.1/nios2eds/bin/gnu/H-i686-pc-linux-gnu/bin/../lib/gcc/nios2-elf/4.1.2/../../../../nios2-elf/lib/libc.a(lib_a-fvwrite.o)
 .data          0x0081c8f8        0x0 /OPT/altera/12.1/nios2eds/bin/gnu/H-i686-pc-linux-gnu/bin/../lib/gcc/nios2-elf/4.1.2/../../../../nios2-elf/lib/libc.a(lib_a-fwalk.o)
 .data          0x0081c8f8        0xc /OPT/altera/12.1/nios2eds/bin/gnu/H-i686-pc-linux-gnu/bin/../lib/gcc/nios2-elf/4.1.2/../../../../nios2-elf/lib/libc.a(lib_a-locale.o)
                0x0081c8f8                __lc_ctype
 .data          0x0081c904        0x0 /OPT/altera/12.1/nios2eds/bin/gnu/H-i686-pc-linux-gnu/bin/../lib/gcc/nios2-elf/4.1.2/../../../../nios2-elf/lib/libc.a(lib_a-makebuf.o)
 .data          0x0081c904      0x408 /OPT/altera/12.1/nios2eds/bin/gnu/H-i686-pc-linux-gnu/bin/../lib/gcc/nios2-elf/4.1.2/../../../../nios2-elf/lib/libc.a(lib_a-mallocr.o)
                0x0081c904                __malloc_av_
 .data          0x0081cd0c        0x0 /OPT/altera/12.1/nios2eds/bin/gnu/H-i686-pc-linux-gnu/bin/../lib/gcc/nios2-elf/4.1.2/../../../../nios2-elf/lib/libc.a(lib_a-memchr.o)
 .data          0x0081cd0c        0x0 /OPT/altera/12.1/nios2eds/bin/gnu/H-i686-pc-linux-gnu/bin/../lib/gcc/nios2-elf/4.1.2/../../../../nios2-elf/lib/libc.a(lib_a-memcpy.o)
 .data          0x0081cd0c        0x0 /OPT/altera/12.1/nios2eds/bin/gnu/H-i686-pc-linux-gnu/bin/../lib/gcc/nios2-elf/4.1.2/../../../../nios2-elf/lib/libc.a(lib_a-memmove.o)
 .data          0x0081cd0c        0x0 /OPT/altera/12.1/nios2eds/bin/gnu/H-i686-pc-linux-gnu/bin/../lib/gcc/nios2-elf/4.1.2/../../../../nios2-elf/lib/libc.a(lib_a-memset.o)
 .data          0x0081cd0c        0x0 /OPT/altera/12.1/nios2eds/bin/gnu/H-i686-pc-linux-gnu/bin/../lib/gcc/nios2-elf/4.1.2/../../../../nios2-elf/lib/libc.a(lib_a-mprec.o)
 .data          0x0081cd0c        0x0 /OPT/altera/12.1/nios2eds/bin/gnu/H-i686-pc-linux-gnu/bin/../lib/gcc/nios2-elf/4.1.2/../../../../nios2-elf/lib/libc.a(lib_a-reallocr.o)
 .data          0x0081cd0c        0x0 /OPT/altera/12.1/nios2eds/bin/gnu/H-i686-pc-linux-gnu/bin/../lib/gcc/nios2-elf/4.1.2/../../../../nios2-elf/lib/libc.a(lib_a-s_isinfd.o)
 .data          0x0081cd0c        0x0 /OPT/altera/12.1/nios2eds/bin/gnu/H-i686-pc-linux-gnu/bin/../lib/gcc/nios2-elf/4.1.2/../../../../nios2-elf/lib/libc.a(lib_a-sbrkr.o)
 .data          0x0081cd0c        0x0 /OPT/altera/12.1/nios2eds/bin/gnu/H-i686-pc-linux-gnu/bin/../lib/gcc/nios2-elf/4.1.2/../../../../nios2-elf/lib/libc.a(lib_a-stdio.o)
 .data          0x0081cd0c        0x0 /OPT/altera/12.1/nios2eds/bin/gnu/H-i686-pc-linux-gnu/bin/../lib/gcc/nios2-elf/4.1.2/../../../../nios2-elf/lib/libc.a(lib_a-strcmp.o)
 .data          0x0081cd0c        0x0 /OPT/altera/12.1/nios2eds/bin/gnu/H-i686-pc-linux-gnu/bin/../lib/gcc/nios2-elf/4.1.2/../../../../nios2-elf/lib/libc.a(lib_a-writer.o)
 .data          0x0081cd0c        0x0 /OPT/altera/12.1/nios2eds/bin/gnu/H-i686-pc-linux-gnu/bin/../lib/gcc/nios2-elf/4.1.2/../../../../nios2-elf/lib/libc.a(lib_a-callocr.o)
 .data          0x0081cd0c        0x0 /OPT/altera/12.1/nios2eds/bin/gnu/H-i686-pc-linux-gnu/bin/../lib/gcc/nios2-elf/4.1.2/../../../../nios2-elf/lib/libc.a(lib_a-closer.o)
 .data          0x0081cd0c        0x0 /OPT/altera/12.1/nios2eds/bin/gnu/H-i686-pc-linux-gnu/bin/../lib/gcc/nios2-elf/4.1.2/../../../../nios2-elf/lib/libc.a(lib_a-fclose.o)
 .data          0x0081cd0c        0x0 /OPT/altera/12.1/nios2eds/bin/gnu/H-i686-pc-linux-gnu/bin/../lib/gcc/nios2-elf/4.1.2/../../../../nios2-elf/lib/libc.a(lib_a-fstatr.o)
 .data          0x0081cd0c        0x0 /OPT/altera/12.1/nios2eds/bin/gnu/H-i686-pc-linux-gnu/bin/../lib/gcc/nios2-elf/4.1.2/../../../../nios2-elf/lib/libc.a(lib_a-int_errno.o)
 .data          0x0081cd0c        0x0 /OPT/altera/12.1/nios2eds/bin/gnu/H-i686-pc-linux-gnu/bin/../lib/gcc/nios2-elf/4.1.2/../../../../nios2-elf/lib/libc.a(lib_a-isattyr.o)
 .data          0x0081cd0c        0x0 /OPT/altera/12.1/nios2eds/bin/gnu/H-i686-pc-linux-gnu/bin/../lib/gcc/nios2-elf/4.1.2/../../../../nios2-elf/lib/libc.a(lib_a-lseekr.o)
 .data          0x0081cd0c        0x0 /OPT/altera/12.1/nios2eds/bin/gnu/H-i686-pc-linux-gnu/bin/../lib/gcc/nios2-elf/4.1.2/../../../../nios2-elf/lib/libc.a(lib_a-readr.o)
 .data          0x0081cd0c        0x0 /OPT/altera/12.1/nios2eds/bin/gnu/H-i686-pc-linux-gnu/bin/../lib/gcc/nios2-elf/4.1.2/libgcc.a(_udivdi3.o)
 .data          0x0081cd0c        0x0 /OPT/altera/12.1/nios2eds/bin/gnu/H-i686-pc-linux-gnu/bin/../lib/gcc/nios2-elf/4.1.2/libgcc.a(_umoddi3.o)
 .data          0x0081cd0c        0x0 /OPT/altera/12.1/nios2eds/bin/gnu/H-i686-pc-linux-gnu/bin/../lib/gcc/nios2-elf/4.1.2/libgcc.a(_ge_df.o)
 .data          0x0081cd0c        0x0 /OPT/altera/12.1/nios2eds/bin/gnu/H-i686-pc-linux-gnu/bin/../lib/gcc/nios2-elf/4.1.2/libgcc.a(_df_to_si.o)
 .data          0x0081cd0c        0x0 /OPT/altera/12.1/nios2eds/bin/gnu/H-i686-pc-linux-gnu/bin/../lib/gcc/nios2-elf/4.1.2/libgcc.a(_usi_to_df.o)
 .data          0x0081cd0c        0x0 ../DE2_Poll_bsp//libucosii_bsp.a(alt_close.o)
 .data          0x0081cd0c      0x1a8 ../DE2_Poll_bsp//libucosii_bsp.a(alt_dev.o)
                0x0081cd0c                alt_dev_null
                0x0081cd34                alt_fd_list
 .data          0x0081ceb4        0x0 ../DE2_Poll_bsp//libucosii_bsp.a(alt_errno.o)
 .data          0x0081ceb4        0x0 ../DE2_Poll_bsp//libucosii_bsp.a(alt_fstat.o)
 .data          0x0081ceb4        0x0 ../DE2_Poll_bsp//libucosii_bsp.a(alt_isatty.o)
 .data          0x0081ceb4        0x0 ../DE2_Poll_bsp//libucosii_bsp.a(alt_lseek.o)
 .data          0x0081ceb4        0x0 ../DE2_Poll_bsp//libucosii_bsp.a(alt_main.o)
 .data          0x0081ceb4        0x0 ../DE2_Poll_bsp//libucosii_bsp.a(alt_read.o)
 .data          0x0081ceb4        0x0 ../DE2_Poll_bsp//libucosii_bsp.a(alt_release_fd.o)
 .data          0x0081ceb4        0x0 ../DE2_Poll_bsp//libucosii_bsp.a(alt_sbrk.o)
 .data          0x0081ceb4        0x0 ../DE2_Poll_bsp//libucosii_bsp.a(alt_usleep.o)
 .data          0x0081ceb4        0x0 ../DE2_Poll_bsp//libucosii_bsp.a(alt_write.o)
 .data          0x0081ceb4        0x0 ../DE2_Poll_bsp//libucosii_bsp.a(alt_env_lock.o)
 .data          0x0081ceb4        0x0 ../DE2_Poll_bsp//libucosii_bsp.a(alt_malloc_lock.o)
 .data          0x0081ceb4        0x0 ../DE2_Poll_bsp//libucosii_bsp.a(os_core.o)
 .data          0x0081ceb4        0x0 ../DE2_Poll_bsp//libucosii_bsp.a(os_dbg.o)
 .data          0x0081ceb4        0x0 ../DE2_Poll_bsp//libucosii_bsp.a(os_flag.o)
 .data          0x0081ceb4        0x0 ../DE2_Poll_bsp//libucosii_bsp.a(os_mem.o)
 .data          0x0081ceb4        0x0 ../DE2_Poll_bsp//libucosii_bsp.a(os_q.o)
 .data          0x0081ceb4        0x0 ../DE2_Poll_bsp//libucosii_bsp.a(os_sem.o)
 .data          0x0081ceb4        0x0 ../DE2_Poll_bsp//libucosii_bsp.a(os_task.o)
 .data          0x0081ceb4        0x0 ../DE2_Poll_bsp//libucosii_bsp.a(os_time.o)
 .data          0x0081ceb4     0x1098 ../DE2_Poll_bsp//libucosii_bsp.a(alt_sys_init.o)
 .data          0x0081df4c        0x0 ../DE2_Poll_bsp//libucosii_bsp.a(altera_avalon_jtag_uart_fd.o)
 .data          0x0081df4c        0x0 ../DE2_Poll_bsp//libucosii_bsp.a(altera_avalon_jtag_uart_init.o)
 .data          0x0081df4c        0x0 ../DE2_Poll_bsp//libucosii_bsp.a(altera_avalon_jtag_uart_ioctl.o)
 .data          0x0081df4c        0x0 ../DE2_Poll_bsp//libucosii_bsp.a(altera_avalon_jtag_uart_read.o)
 .data          0x0081df4c        0x0 ../DE2_Poll_bsp//libucosii_bsp.a(altera_avalon_jtag_uart_write.o)
 .data          0x0081df4c        0x0 ../DE2_Poll_bsp//libucosii_bsp.a(altera_avalon_timer_sc.o)
 .data          0x0081df4c        0x0 ../DE2_Poll_bsp//libucosii_bsp.a(altera_up_avalon_character_lcd.o)
 .data          0x0081df4c        0x0 ../DE2_Poll_bsp//libucosii_bsp.a(alt_alarm_start.o)
 .data          0x0081df4c        0x0 ../DE2_Poll_bsp//libucosii_bsp.a(alt_busy_sleep.o)
 .data          0x0081df4c        0x0 ../DE2_Poll_bsp//libucosii_bsp.a(alt_dev_llist_insert.o)
 .data          0x0081df4c        0x0 ../DE2_Poll_bsp//libucosii_bsp.a(alt_do_ctors.o)
 .data          0x0081df4c        0x0 ../DE2_Poll_bsp//libucosii_bsp.a(alt_do_dtors.o)
 .data          0x0081df4c        0x0 ../DE2_Poll_bsp//libucosii_bsp.a(alt_find_dev.o)
 .data          0x0081df4c        0x0 ../DE2_Poll_bsp//libucosii_bsp.a(alt_iic.o)
 .data          0x0081df4c        0x0 ../DE2_Poll_bsp//libucosii_bsp.a(alt_iic_isr_register.o)
 .data          0x0081df4c        0x0 ../DE2_Poll_bsp//libucosii_bsp.a(alt_io_redirect.o)
 .data          0x0081df4c        0x0 ../DE2_Poll_bsp//libucosii_bsp.a(alt_irq_entry.o)
 .data          0x0081df4c        0x0 ../DE2_Poll_bsp//libucosii_bsp.a(alt_irq_handler.o)
 .data          0x0081df4c        0x0 ../DE2_Poll_bsp//libucosii_bsp.a(alt_irq_vars.o)
 .data          0x0081df4c        0x0 ../DE2_Poll_bsp//libucosii_bsp.a(alt_open.o)
 .data          0x0081df4c        0x0 ../DE2_Poll_bsp//libucosii_bsp.a(alt_tick.o)
 .data          0x0081df4c        0x0 ../DE2_Poll_bsp//libucosii_bsp.a(altera_nios2_qsys_irq.o)
 .data          0x0081df4c        0x0 ../DE2_Poll_bsp//libucosii_bsp.a(os_cpu_a.o)
 .data          0x0081df4c        0x0 ../DE2_Poll_bsp//libucosii_bsp.a(os_cpu_c.o)
 .data          0x0081df4c        0x0 ../DE2_Poll_bsp//libucosii_bsp.a(alt_exception_entry.o)
 .data          0x0081df4c        0x0 ../DE2_Poll_bsp//libucosii_bsp.a(alt_find_file.o)
 .data          0x0081df4c        0x0 ../DE2_Poll_bsp//libucosii_bsp.a(alt_get_fd.o)
 .data          0x0081df4c        0x0 /OPT/altera/12.1/nios2eds/bin/gnu/H-i686-pc-linux-gnu/bin/../lib/gcc/nios2-elf/4.1.2/../../../../nios2-elf/lib/libc.a(lib_a-atexit.o)
 .data          0x0081df4c        0x0 /OPT/altera/12.1/nios2eds/bin/gnu/H-i686-pc-linux-gnu/bin/../lib/gcc/nios2-elf/4.1.2/../../../../nios2-elf/lib/libc.a(lib_a-exit.o)
 .data          0x0081df4c        0x0 /OPT/altera/12.1/nios2eds/bin/gnu/H-i686-pc-linux-gnu/bin/../lib/gcc/nios2-elf/4.1.2/../../../../nios2-elf/lib/libc.a(lib_a-memcmp.o)
 .data          0x0081df4c        0x0 /OPT/altera/12.1/nios2eds/bin/gnu/H-i686-pc-linux-gnu/bin/../lib/gcc/nios2-elf/4.1.2/../../../../nios2-elf/lib/libc.a(lib_a-__atexit.o)
 .data          0x0081df4c        0x0 /OPT/altera/12.1/nios2eds/bin/gnu/H-i686-pc-linux-gnu/bin/../lib/gcc/nios2-elf/4.1.2/../../../../nios2-elf/lib/libc.a(lib_a-__call_atexit.o)
 .data          0x0081df4c        0x0 ../DE2_Poll_bsp//libucosii_bsp.a(alt_exit.o)
                0x00825f4c                _gp = ABSOLUTE ((. + 0x8000))
                0x00825f4c                PROVIDE (gp, _gp)
 *(.rwdata .rwdata.*)
 *(.sdata .sdata.* .gnu.linkonce.s.*)
 .sdata         0x0081df4c        0x4 /OPT/altera/12.1/nios2eds/bin/gnu/H-i686-pc-linux-gnu/bin/../lib/gcc/nios2-elf/4.1.2/../../../../nios2-elf/lib/libm.a(lib_a-s_lib_ver.o)
                0x0081df4c                __fdlib_version
 .sdata         0x0081df50        0x8 /OPT/altera/12.1/nios2eds/bin/gnu/H-i686-pc-linux-gnu/bin/../lib/gcc/nios2-elf/4.1.2/../../../../nios2-elf/lib/libc.a(lib_a-impure.o)
                0x0081df50                _impure_ptr
                0x0081df54                _global_impure_ptr
 .sdata         0x0081df58        0x8 /OPT/altera/12.1/nios2eds/bin/gnu/H-i686-pc-linux-gnu/bin/../lib/gcc/nios2-elf/4.1.2/../../../../nios2-elf/lib/libc.a(lib_a-locale.o)
                0x0081df58                __mb_cur_max
 .sdata         0x0081df60        0x8 /OPT/altera/12.1/nios2eds/bin/gnu/H-i686-pc-linux-gnu/bin/../lib/gcc/nios2-elf/4.1.2/../../../../nios2-elf/lib/libc.a(lib_a-mallocr.o)
                0x0081df60                __malloc_trim_threshold
                0x0081df64                __malloc_sbrk_base
 .sdata         0x0081df68       0x14 ../DE2_Poll_bsp//libucosii_bsp.a(alt_dev.o)
                0x0081df68                alt_fs_list
                0x0081df70                alt_dev_list
                0x0081df78                alt_max_fd
 .sdata         0x0081df7c        0x4 ../DE2_Poll_bsp//libucosii_bsp.a(alt_errno.o)
                0x0081df7c                alt_errno
 .sdata         0x0081df80        0x4 ../DE2_Poll_bsp//libucosii_bsp.a(alt_sbrk.o)
 .sdata         0x0081df84        0x4 ../DE2_Poll_bsp//libucosii_bsp.a(alt_env_lock.o)
 .sdata         0x0081df88        0x4 ../DE2_Poll_bsp//libucosii_bsp.a(alt_malloc_lock.o)
 .sdata         0x0081df8c       0x74 ../DE2_Poll_bsp//libucosii_bsp.a(os_dbg.o)
                0x0081df8c                OSDebugEn
                0x0081df90                OSEndiannessTest
                0x0081df94                OSEventEn
                0x0081df96                OSEventMax
                0x0081df98                OSEventNameSize
                0x0081df9a                OSEventSize
                0x0081df9c                OSEventTblSize
                0x0081df9e                OSEventMultiEn
                0x0081dfa0                OSFlagEn
                0x0081dfa2                OSFlagGrpSize
                0x0081dfa4                OSFlagNodeSize
                0x0081dfa6                OSFlagWidth
                0x0081dfa8                OSFlagMax
                0x0081dfaa                OSFlagNameSize
                0x0081dfac                OSLowestPrio
                0x0081dfae                OSMboxEn
                0x0081dfb0                OSMemEn
                0x0081dfb2                OSMemMax
                0x0081dfb4                OSMemNameSize
                0x0081dfb6                OSMemSize
                0x0081dfb8                OSMemTblSize
                0x0081dfba                OSMutexEn
                0x0081dfbc                OSPtrSize
                0x0081dfbe                OSQEn
                0x0081dfc0                OSQMax
                0x0081dfc2                OSQSize
                0x0081dfc4                OSRdyTblSize
                0x0081dfc6                OSSemEn
                0x0081dfc8                OSStkWidth
                0x0081dfca                OSTaskCreateEn
                0x0081dfcc                OSTaskCreateExtEn
                0x0081dfce                OSTaskDelEn
                0x0081dfd0                OSTaskIdleStkSize
                0x0081dfd2                OSTaskProfileEn
                0x0081dfd4                OSTaskMax
                0x0081dfd6                OSTaskNameSize
                0x0081dfd8                OSTaskStatEn
                0x0081dfda                OSTaskStatStkSize
                0x0081dfdc                OSTaskStatStkChkEn
                0x0081dfde                OSTaskSwHookEn
                0x0081dfe0                OSTCBPrioTblMax
                0x0081dfe2                OSTCBSize
                0x0081dfe4                OSTicksPerSec
                0x0081dfe6                OSTimeTickHookEn
                0x0081dfe8                OSVersionNbr
                0x0081dfea                OSTmrEn
                0x0081dfec                OSTmrCfgMax
                0x0081dfee                OSTmrCfgNameSize
                0x0081dff0                OSTmrCfgWheelSize
                0x0081dff2                OSTmrCfgTicksPerSec
                0x0081dff4                OSTmrSize
                0x0081dff6                OSTmrTblSize
                0x0081dff8                OSTmrWheelSize
                0x0081dffa                OSTmrWheelTblSize
                0x0081dffc                OSDataSize
 .sdata         0x0081e000        0x4 ../DE2_Poll_bsp//libucosii_bsp.a(alt_irq_vars.o)
                0x0081e000                alt_priority_mask
 .sdata         0x0081e004        0x8 ../DE2_Poll_bsp//libucosii_bsp.a(alt_tick.o)
                0x0081e004                alt_alarm_list
 *(.sdata2 .sdata2.* .gnu.linkonce.s2.*)
                0x0081e00c                . = ALIGN (0x4)
                0x0081e00c                _edata = ABSOLUTE (.)
                0x0081e00c                PROVIDE (edata, ABSOLUTE (.))
                0x0081e00c                PROVIDE (__ram_rwdata_end, ABSOLUTE (.))
                0x0081c4f8                PROVIDE (__flash_rwdata_start, LOADADDR (.rwdata))

.bss            0x0081e00c     0x5578
                0x0081e00c                __bss_start = ABSOLUTE (.)
                0x0081e00c                PROVIDE (__sbss_start, ABSOLUTE (.))
                0x0081e00c                PROVIDE (___sbss_start, ABSOLUTE (.))
 *(.dynsbss)
 *(.sbss .sbss.* .gnu.linkonce.sb.*)
 .sbss          0x0081e00c        0x4 obj/default/DE2_poll.o
                0x0081e00c                myLCD
 .sbss          0x0081e010        0xc /OPT/altera/12.1/nios2eds/bin/gnu/H-i686-pc-linux-gnu/bin/../lib/gcc/nios2-elf/4.1.2/../../../../nios2-elf/lib/libc.a(lib_a-locale.o)
                0x0081e010                __nlocale_changed
                0x0081e014                __mlocale_changed
                0x0081e018                _PathLocale
 .sbss          0x0081e01c        0xc /OPT/altera/12.1/nios2eds/bin/gnu/H-i686-pc-linux-gnu/bin/../lib/gcc/nios2-elf/4.1.2/../../../../nios2-elf/lib/libc.a(lib_a-mallocr.o)
                0x0081e01c                __malloc_top_pad
                0x0081e020                __malloc_max_sbrked_mem
                0x0081e024                __malloc_max_total_mem
 .sbss          0x0081e028        0x4 /OPT/altera/12.1/nios2eds/bin/gnu/H-i686-pc-linux-gnu/bin/../lib/gcc/nios2-elf/4.1.2/../../../../nios2-elf/lib/libc.a(lib_a-int_errno.o)
                0x0081e028                errno
 .sbss          0x0081e02c        0x4 ../DE2_Poll_bsp//libucosii_bsp.a(alt_dev.o)
                0x0081e02c                alt_fd_list_lock
 .sbss          0x0081e030        0xc ../DE2_Poll_bsp//libucosii_bsp.a(alt_main.o)
                0x0081e030                alt_argc
                0x0081e034                alt_argv
                0x0081e038                alt_envp
 .sbss          0x0081e03c        0x8 ../DE2_Poll_bsp//libucosii_bsp.a(alt_env_lock.o)
                0x0081e040                alt_envsem
 .sbss          0x0081e044        0x8 ../DE2_Poll_bsp//libucosii_bsp.a(alt_malloc_lock.o)
                0x0081e048                alt_heapsem
 .sbss          0x0081e04c       0x50 ../DE2_Poll_bsp//libucosii_bsp.a(os_core.o)
                0x0081e04c                OSLockNesting
                0x0081e04d                OSRunning
                0x0081e050                OSIdleCtr
                0x0081e054                OSPrioHighRdy
                0x0081e055                OSPrioCur
                0x0081e058                OSTCBList
                0x0081e05c                OSTickStepState
                0x0081e060                OSCtxSwCtr
                0x0081e064                OSIdleCtrMax
                0x0081e068                OSTCBFreeList
                0x0081e06c                OSCPUUsage
                0x0081e06d                OSTaskCtr
                0x0081e070                OSMemFreeList
                0x0081e074                OSTCBHighRdy
                0x0081e078                OSQFreeList
                0x0081e07c                OSRdyGrp
                0x0081e07d                OSRdyTbl
                0x0081e080                OSEventFreeList
                0x0081e084                OSIntNesting
                0x0081e088                OSTCBCur
                0x0081e08c                OSTime
                0x0081e090                OSFlagFreeList
                0x0081e094                OSStatRdy
                0x0081e098                OSIdleCtrRun
 .sbss          0x0081e09c        0x4 ../DE2_Poll_bsp//libucosii_bsp.a(alt_irq_vars.o)
                0x0081e09c                alt_irq_active
 .sbss          0x0081e0a0        0x8 ../DE2_Poll_bsp//libucosii_bsp.a(alt_tick.o)
                0x0081e0a0                _alt_tick_rate
                0x0081e0a4                _alt_nticks
 *(.sbss2 .sbss2.* .gnu.linkonce.sb2.*)
 *(.scommon)
                0x0081e0a8                PROVIDE (__sbss_end, ABSOLUTE (.))
                0x0081e0a8                PROVIDE (___sbss_end, ABSOLUTE (.))
 *(.dynbss)
 *(.bss .bss.* .gnu.linkonce.b.*)
 .bss           0x0081e0a8        0x0 ../DE2_Poll_bsp//obj/HAL/src/crt0.o
 .bss           0x0081e0a8        0x0 obj/default/DE2_poll.o
 .bss           0x0081e0a8        0x0 obj/default/MPU9250/mpu9250.o
 .bss           0x0081e0a8        0x0 obj/default/i2c/I2C.o
 .bss           0x0081e0a8        0x0 /OPT/altera/12.1/nios2eds/bin/gnu/H-i686-pc-linux-gnu/bin/../lib/gcc/nios2-elf/4.1.2/../../../../nios2-elf/lib/libm.a(lib_a-w_pow.o)
 .bss           0x0081e0a8        0x0 /OPT/altera/12.1/nios2eds/bin/gnu/H-i686-pc-linux-gnu/bin/../lib/gcc/nios2-elf/4.1.2/../../../../nios2-elf/lib/libm.a(lib_a-e_pow.o)
 .bss           0x0081e0a8        0x0 /OPT/altera/12.1/nios2eds/bin/gnu/H-i686-pc-linux-gnu/bin/../lib/gcc/nios2-elf/4.1.2/../../../../nios2-elf/lib/libm.a(lib_a-e_sqrt.o)
 .bss           0x0081e0a8        0x0 /OPT/altera/12.1/nios2eds/bin/gnu/H-i686-pc-linux-gnu/bin/../lib/gcc/nios2-elf/4.1.2/../../../../nios2-elf/lib/libm.a(lib_a-s_fabs.o)
 .bss           0x0081e0a8        0x0 /OPT/altera/12.1/nios2eds/bin/gnu/H-i686-pc-linux-gnu/bin/../lib/gcc/nios2-elf/4.1.2/../../../../nios2-elf/lib/libm.a(lib_a-s_finite.o)
 .bss           0x0081e0a8        0x0 /OPT/altera/12.1/nios2eds/bin/gnu/H-i686-pc-linux-gnu/bin/../lib/gcc/nios2-elf/4.1.2/../../../../nios2-elf/lib/libm.a(lib_a-s_isnand.o)
 .bss           0x0081e0a8        0x0 /OPT/altera/12.1/nios2eds/bin/gnu/H-i686-pc-linux-gnu/bin/../lib/gcc/nios2-elf/4.1.2/../../../../nios2-elf/lib/libm.a(lib_a-s_lib_ver.o)
 .bss           0x0081e0a8        0x0 /OPT/altera/12.1/nios2eds/bin/gnu/H-i686-pc-linux-gnu/bin/../lib/gcc/nios2-elf/4.1.2/../../../../nios2-elf/lib/libm.a(lib_a-s_matherr.o)
 .bss           0x0081e0a8        0x0 /OPT/altera/12.1/nios2eds/bin/gnu/H-i686-pc-linux-gnu/bin/../lib/gcc/nios2-elf/4.1.2/../../../../nios2-elf/lib/libm.a(lib_a-s_nan.o)
 .bss           0x0081e0a8        0x0 /OPT/altera/12.1/nios2eds/bin/gnu/H-i686-pc-linux-gnu/bin/../lib/gcc/nios2-elf/4.1.2/../../../../nios2-elf/lib/libm.a(lib_a-s_rint.o)
 .bss           0x0081e0a8        0x0 /OPT/altera/12.1/nios2eds/bin/gnu/H-i686-pc-linux-gnu/bin/../lib/gcc/nios2-elf/4.1.2/../../../../nios2-elf/lib/libm.a(lib_a-s_scalbn.o)
 .bss           0x0081e0a8        0x0 /OPT/altera/12.1/nios2eds/bin/gnu/H-i686-pc-linux-gnu/bin/../lib/gcc/nios2-elf/4.1.2/../../../../nios2-elf/lib/libm.a(lib_a-s_copysign.o)
 .bss           0x0081e0a8        0x0 /OPT/altera/12.1/nios2eds/bin/gnu/H-i686-pc-linux-gnu/bin/../lib/gcc/nios2-elf/4.1.2/libgcc.a(_addsub_sf.o)
 .bss           0x0081e0a8        0x0 /OPT/altera/12.1/nios2eds/bin/gnu/H-i686-pc-linux-gnu/bin/../lib/gcc/nios2-elf/4.1.2/libgcc.a(_mul_sf.o)
 .bss           0x0081e0a8        0x0 /OPT/altera/12.1/nios2eds/bin/gnu/H-i686-pc-linux-gnu/bin/../lib/gcc/nios2-elf/4.1.2/libgcc.a(_div_sf.o)
 .bss           0x0081e0a8        0x0 /OPT/altera/12.1/nios2eds/bin/gnu/H-i686-pc-linux-gnu/bin/../lib/gcc/nios2-elf/4.1.2/libgcc.a(_gt_sf.o)
 .bss           0x0081e0a8        0x0 /OPT/altera/12.1/nios2eds/bin/gnu/H-i686-pc-linux-gnu/bin/../lib/gcc/nios2-elf/4.1.2/libgcc.a(_lt_sf.o)
 .bss           0x0081e0a8        0x0 /OPT/altera/12.1/nios2eds/bin/gnu/H-i686-pc-linux-gnu/bin/../lib/gcc/nios2-elf/4.1.2/libgcc.a(_si_to_sf.o)
 .bss           0x0081e0a8        0x0 /OPT/altera/12.1/nios2eds/bin/gnu/H-i686-pc-linux-gnu/bin/../lib/gcc/nios2-elf/4.1.2/libgcc.a(_sf_to_df.o)
 .bss           0x0081e0a8        0x0 /OPT/altera/12.1/nios2eds/bin/gnu/H-i686-pc-linux-gnu/bin/../lib/gcc/nios2-elf/4.1.2/libgcc.a(_thenan_sf.o)
 .bss           0x0081e0a8        0x0 /OPT/altera/12.1/nios2eds/bin/gnu/H-i686-pc-linux-gnu/bin/../lib/gcc/nios2-elf/4.1.2/libgcc.a(_usi_to_sf.o)
 .bss           0x0081e0a8        0x0 /OPT/altera/12.1/nios2eds/bin/gnu/H-i686-pc-linux-gnu/bin/../lib/gcc/nios2-elf/4.1.2/libgcc.a(_addsub_df.o)
 .bss           0x0081e0a8        0x0 /OPT/altera/12.1/nios2eds/bin/gnu/H-i686-pc-linux-gnu/bin/../lib/gcc/nios2-elf/4.1.2/libgcc.a(_mul_df.o)
 .bss           0x0081e0a8        0x0 /OPT/altera/12.1/nios2eds/bin/gnu/H-i686-pc-linux-gnu/bin/../lib/gcc/nios2-elf/4.1.2/libgcc.a(_div_df.o)
 .bss           0x0081e0a8        0x0 /OPT/altera/12.1/nios2eds/bin/gnu/H-i686-pc-linux-gnu/bin/../lib/gcc/nios2-elf/4.1.2/libgcc.a(_eq_df.o)
 .bss           0x0081e0a8        0x0 /OPT/altera/12.1/nios2eds/bin/gnu/H-i686-pc-linux-gnu/bin/../lib/gcc/nios2-elf/4.1.2/libgcc.a(_ne_df.o)
 .bss           0x0081e0a8        0x0 /OPT/altera/12.1/nios2eds/bin/gnu/H-i686-pc-linux-gnu/bin/../lib/gcc/nios2-elf/4.1.2/libgcc.a(_gt_df.o)
 .bss           0x0081e0a8        0x0 /OPT/altera/12.1/nios2eds/bin/gnu/H-i686-pc-linux-gnu/bin/../lib/gcc/nios2-elf/4.1.2/libgcc.a(_lt_df.o)
 .bss           0x0081e0a8        0x0 /OPT/altera/12.1/nios2eds/bin/gnu/H-i686-pc-linux-gnu/bin/../lib/gcc/nios2-elf/4.1.2/libgcc.a(_le_df.o)
 .bss           0x0081e0a8        0x0 /OPT/altera/12.1/nios2eds/bin/gnu/H-i686-pc-linux-gnu/bin/../lib/gcc/nios2-elf/4.1.2/libgcc.a(_si_to_df.o)
 .bss           0x0081e0a8        0x0 /OPT/altera/12.1/nios2eds/bin/gnu/H-i686-pc-linux-gnu/bin/../lib/gcc/nios2-elf/4.1.2/libgcc.a(_make_df.o)
 .bss           0x0081e0a8        0x0 /OPT/altera/12.1/nios2eds/bin/gnu/H-i686-pc-linux-gnu/bin/../lib/gcc/nios2-elf/4.1.2/libgcc.a(_df_to_sf.o)
 .bss           0x0081e0a8        0x0 /OPT/altera/12.1/nios2eds/bin/gnu/H-i686-pc-linux-gnu/bin/../lib/gcc/nios2-elf/4.1.2/libgcc.a(_thenan_df.o)
 .bss           0x0081e0a8        0x0 /OPT/altera/12.1/nios2eds/bin/gnu/H-i686-pc-linux-gnu/bin/../lib/gcc/nios2-elf/4.1.2/libgcc.a(lib2-divmod.o)
 .bss           0x0081e0a8        0x0 /OPT/altera/12.1/nios2eds/bin/gnu/H-i686-pc-linux-gnu/bin/../lib/gcc/nios2-elf/4.1.2/libgcc.a(_muldi3.o)
 .bss           0x0081e0a8        0x0 /OPT/altera/12.1/nios2eds/bin/gnu/H-i686-pc-linux-gnu/bin/../lib/gcc/nios2-elf/4.1.2/libgcc.a(_clzsi2.o)
 .bss           0x0081e0a8        0x0 /OPT/altera/12.1/nios2eds/bin/gnu/H-i686-pc-linux-gnu/bin/../lib/gcc/nios2-elf/4.1.2/libgcc.a(_pack_sf.o)
 .bss           0x0081e0a8        0x0 /OPT/altera/12.1/nios2eds/bin/gnu/H-i686-pc-linux-gnu/bin/../lib/gcc/nios2-elf/4.1.2/libgcc.a(_unpack_sf.o)
 .bss           0x0081e0a8        0x0 /OPT/altera/12.1/nios2eds/bin/gnu/H-i686-pc-linux-gnu/bin/../lib/gcc/nios2-elf/4.1.2/libgcc.a(_fpcmp_parts_sf.o)
 .bss           0x0081e0a8        0x0 /OPT/altera/12.1/nios2eds/bin/gnu/H-i686-pc-linux-gnu/bin/../lib/gcc/nios2-elf/4.1.2/libgcc.a(_make_sf.o)
 .bss           0x0081e0a8        0x0 /OPT/altera/12.1/nios2eds/bin/gnu/H-i686-pc-linux-gnu/bin/../lib/gcc/nios2-elf/4.1.2/libgcc.a(_pack_df.o)
 .bss           0x0081e0a8        0x0 /OPT/altera/12.1/nios2eds/bin/gnu/H-i686-pc-linux-gnu/bin/../lib/gcc/nios2-elf/4.1.2/libgcc.a(_unpack_df.o)
 .bss           0x0081e0a8        0x0 /OPT/altera/12.1/nios2eds/bin/gnu/H-i686-pc-linux-gnu/bin/../lib/gcc/nios2-elf/4.1.2/libgcc.a(_fpcmp_parts_df.o)
 .bss           0x0081e0a8        0x0 /OPT/altera/12.1/nios2eds/bin/gnu/H-i686-pc-linux-gnu/bin/../lib/gcc/nios2-elf/4.1.2/libgcc.a(_clz.o)
 .bss           0x0081e0a8        0x0 /OPT/altera/12.1/nios2eds/bin/gnu/H-i686-pc-linux-gnu/bin/../lib/gcc/nios2-elf/4.1.2/../../../../nios2-elf/lib/libc.a(lib_a-errno.o)
 .bss           0x0081e0a8        0x0 /OPT/altera/12.1/nios2eds/bin/gnu/H-i686-pc-linux-gnu/bin/../lib/gcc/nios2-elf/4.1.2/../../../../nios2-elf/lib/libc.a(lib_a-impure.o)
 .bss           0x0081e0a8        0x0 /OPT/altera/12.1/nios2eds/bin/gnu/H-i686-pc-linux-gnu/bin/../lib/gcc/nios2-elf/4.1.2/../../../../nios2-elf/lib/libc.a(lib_a-printf.o)
 .bss           0x0081e0a8        0x0 /OPT/altera/12.1/nios2eds/bin/gnu/H-i686-pc-linux-gnu/bin/../lib/gcc/nios2-elf/4.1.2/../../../../nios2-elf/lib/libc.a(lib_a-puts.o)
 .bss           0x0081e0a8        0x0 /OPT/altera/12.1/nios2eds/bin/gnu/H-i686-pc-linux-gnu/bin/../lib/gcc/nios2-elf/4.1.2/../../../../nios2-elf/lib/libc.a(lib_a-strlen.o)
 .bss           0x0081e0a8        0x0 /OPT/altera/12.1/nios2eds/bin/gnu/H-i686-pc-linux-gnu/bin/../lib/gcc/nios2-elf/4.1.2/../../../../nios2-elf/lib/libc.a(lib_a-vfprintf.o)
 .bss           0x0081e0a8        0x0 /OPT/altera/12.1/nios2eds/bin/gnu/H-i686-pc-linux-gnu/bin/../lib/gcc/nios2-elf/4.1.2/../../../../nios2-elf/lib/libc.a(lib_a-wsetup.o)
 .bss           0x0081e0a8        0x0 /OPT/altera/12.1/nios2eds/bin/gnu/H-i686-pc-linux-gnu/bin/../lib/gcc/nios2-elf/4.1.2/../../../../nios2-elf/lib/libc.a(lib_a-dtoa.o)
 .bss           0x0081e0a8        0x0 /OPT/altera/12.1/nios2eds/bin/gnu/H-i686-pc-linux-gnu/bin/../lib/gcc/nios2-elf/4.1.2/../../../../nios2-elf/lib/libc.a(lib_a-fflush.o)
 .bss           0x0081e0a8        0x0 /OPT/altera/12.1/nios2eds/bin/gnu/H-i686-pc-linux-gnu/bin/../lib/gcc/nios2-elf/4.1.2/../../../../nios2-elf/lib/libc.a(lib_a-findfp.o)
 .bss           0x0081e0a8        0x0 /OPT/altera/12.1/nios2eds/bin/gnu/H-i686-pc-linux-gnu/bin/../lib/gcc/nios2-elf/4.1.2/../../../../nios2-elf/lib/libc.a(lib_a-freer.o)
 .bss           0x0081e0a8        0x0 /OPT/altera/12.1/nios2eds/bin/gnu/H-i686-pc-linux-gnu/bin/../lib/gcc/nios2-elf/4.1.2/../../../../nios2-elf/lib/libc.a(lib_a-fvwrite.o)
 .bss           0x0081e0a8        0x0 /OPT/altera/12.1/nios2eds/bin/gnu/H-i686-pc-linux-gnu/bin/../lib/gcc/nios2-elf/4.1.2/../../../../nios2-elf/lib/libc.a(lib_a-fwalk.o)
 .bss           0x0081e0a8        0x0 /OPT/altera/12.1/nios2eds/bin/gnu/H-i686-pc-linux-gnu/bin/../lib/gcc/nios2-elf/4.1.2/../../../../nios2-elf/lib/libc.a(lib_a-locale.o)
 .bss           0x0081e0a8        0x0 /OPT/altera/12.1/nios2eds/bin/gnu/H-i686-pc-linux-gnu/bin/../lib/gcc/nios2-elf/4.1.2/../../../../nios2-elf/lib/libc.a(lib_a-makebuf.o)
 .bss           0x0081e0a8       0x28 /OPT/altera/12.1/nios2eds/bin/gnu/H-i686-pc-linux-gnu/bin/../lib/gcc/nios2-elf/4.1.2/../../../../nios2-elf/lib/libc.a(lib_a-mallocr.o)
                0x0081e0a8                __malloc_current_mallinfo
 .bss           0x0081e0d0        0x0 /OPT/altera/12.1/nios2eds/bin/gnu/H-i686-pc-linux-gnu/bin/../lib/gcc/nios2-elf/4.1.2/../../../../nios2-elf/lib/libc.a(lib_a-memchr.o)
 .bss           0x0081e0d0        0x0 /OPT/altera/12.1/nios2eds/bin/gnu/H-i686-pc-linux-gnu/bin/../lib/gcc/nios2-elf/4.1.2/../../../../nios2-elf/lib/libc.a(lib_a-memcpy.o)
 .bss           0x0081e0d0        0x0 /OPT/altera/12.1/nios2eds/bin/gnu/H-i686-pc-linux-gnu/bin/../lib/gcc/nios2-elf/4.1.2/../../../../nios2-elf/lib/libc.a(lib_a-memmove.o)
 .bss           0x0081e0d0        0x0 /OPT/altera/12.1/nios2eds/bin/gnu/H-i686-pc-linux-gnu/bin/../lib/gcc/nios2-elf/4.1.2/../../../../nios2-elf/lib/libc.a(lib_a-memset.o)
 .bss           0x0081e0d0        0x0 /OPT/altera/12.1/nios2eds/bin/gnu/H-i686-pc-linux-gnu/bin/../lib/gcc/nios2-elf/4.1.2/../../../../nios2-elf/lib/libc.a(lib_a-mprec.o)
 .bss           0x0081e0d0        0x0 /OPT/altera/12.1/nios2eds/bin/gnu/H-i686-pc-linux-gnu/bin/../lib/gcc/nios2-elf/4.1.2/../../../../nios2-elf/lib/libc.a(lib_a-reallocr.o)
 .bss           0x0081e0d0        0x0 /OPT/altera/12.1/nios2eds/bin/gnu/H-i686-pc-linux-gnu/bin/../lib/gcc/nios2-elf/4.1.2/../../../../nios2-elf/lib/libc.a(lib_a-s_isinfd.o)
 .bss           0x0081e0d0        0x0 /OPT/altera/12.1/nios2eds/bin/gnu/H-i686-pc-linux-gnu/bin/../lib/gcc/nios2-elf/4.1.2/../../../../nios2-elf/lib/libc.a(lib_a-sbrkr.o)
 .bss           0x0081e0d0        0x0 /OPT/altera/12.1/nios2eds/bin/gnu/H-i686-pc-linux-gnu/bin/../lib/gcc/nios2-elf/4.1.2/../../../../nios2-elf/lib/libc.a(lib_a-stdio.o)
 .bss           0x0081e0d0        0x0 /OPT/altera/12.1/nios2eds/bin/gnu/H-i686-pc-linux-gnu/bin/../lib/gcc/nios2-elf/4.1.2/../../../../nios2-elf/lib/libc.a(lib_a-strcmp.o)
 .bss           0x0081e0d0        0x0 /OPT/altera/12.1/nios2eds/bin/gnu/H-i686-pc-linux-gnu/bin/../lib/gcc/nios2-elf/4.1.2/../../../../nios2-elf/lib/libc.a(lib_a-writer.o)
 .bss           0x0081e0d0        0x0 /OPT/altera/12.1/nios2eds/bin/gnu/H-i686-pc-linux-gnu/bin/../lib/gcc/nios2-elf/4.1.2/../../../../nios2-elf/lib/libc.a(lib_a-callocr.o)
 .bss           0x0081e0d0        0x0 /OPT/altera/12.1/nios2eds/bin/gnu/H-i686-pc-linux-gnu/bin/../lib/gcc/nios2-elf/4.1.2/../../../../nios2-elf/lib/libc.a(lib_a-closer.o)
 .bss           0x0081e0d0        0x0 /OPT/altera/12.1/nios2eds/bin/gnu/H-i686-pc-linux-gnu/bin/../lib/gcc/nios2-elf/4.1.2/../../../../nios2-elf/lib/libc.a(lib_a-fclose.o)
 .bss           0x0081e0d0        0x0 /OPT/altera/12.1/nios2eds/bin/gnu/H-i686-pc-linux-gnu/bin/../lib/gcc/nios2-elf/4.1.2/../../../../nios2-elf/lib/libc.a(lib_a-fstatr.o)
 .bss           0x0081e0d0        0x0 /OPT/altera/12.1/nios2eds/bin/gnu/H-i686-pc-linux-gnu/bin/../lib/gcc/nios2-elf/4.1.2/../../../../nios2-elf/lib/libc.a(lib_a-int_errno.o)
 .bss           0x0081e0d0        0x0 /OPT/altera/12.1/nios2eds/bin/gnu/H-i686-pc-linux-gnu/bin/../lib/gcc/nios2-elf/4.1.2/../../../../nios2-elf/lib/libc.a(lib_a-isattyr.o)
 .bss           0x0081e0d0        0x0 /OPT/altera/12.1/nios2eds/bin/gnu/H-i686-pc-linux-gnu/bin/../lib/gcc/nios2-elf/4.1.2/../../../../nios2-elf/lib/libc.a(lib_a-lseekr.o)
 .bss           0x0081e0d0        0x0 /OPT/altera/12.1/nios2eds/bin/gnu/H-i686-pc-linux-gnu/bin/../lib/gcc/nios2-elf/4.1.2/../../../../nios2-elf/lib/libc.a(lib_a-readr.o)
 .bss           0x0081e0d0        0x0 /OPT/altera/12.1/nios2eds/bin/gnu/H-i686-pc-linux-gnu/bin/../lib/gcc/nios2-elf/4.1.2/libgcc.a(_udivdi3.o)
 .bss           0x0081e0d0        0x0 /OPT/altera/12.1/nios2eds/bin/gnu/H-i686-pc-linux-gnu/bin/../lib/gcc/nios2-elf/4.1.2/libgcc.a(_umoddi3.o)
 .bss           0x0081e0d0        0x0 /OPT/altera/12.1/nios2eds/bin/gnu/H-i686-pc-linux-gnu/bin/../lib/gcc/nios2-elf/4.1.2/libgcc.a(_ge_df.o)
 .bss           0x0081e0d0        0x0 /OPT/altera/12.1/nios2eds/bin/gnu/H-i686-pc-linux-gnu/bin/../lib/gcc/nios2-elf/4.1.2/libgcc.a(_df_to_si.o)
 .bss           0x0081e0d0        0x0 /OPT/altera/12.1/nios2eds/bin/gnu/H-i686-pc-linux-gnu/bin/../lib/gcc/nios2-elf/4.1.2/libgcc.a(_usi_to_df.o)
 .bss           0x0081e0d0        0x0 ../DE2_Poll_bsp//libucosii_bsp.a(alt_close.o)
 .bss           0x0081e0d0        0x0 ../DE2_Poll_bsp//libucosii_bsp.a(alt_dev.o)
 .bss           0x0081e0d0        0x0 ../DE2_Poll_bsp//libucosii_bsp.a(alt_errno.o)
 .bss           0x0081e0d0        0x0 ../DE2_Poll_bsp//libucosii_bsp.a(alt_fstat.o)
 .bss           0x0081e0d0        0x0 ../DE2_Poll_bsp//libucosii_bsp.a(alt_isatty.o)
 .bss           0x0081e0d0        0x0 ../DE2_Poll_bsp//libucosii_bsp.a(alt_lseek.o)
 .bss           0x0081e0d0        0x0 ../DE2_Poll_bsp//libucosii_bsp.a(alt_main.o)
 .bss           0x0081e0d0        0x0 ../DE2_Poll_bsp//libucosii_bsp.a(alt_read.o)
 .bss           0x0081e0d0        0x0 ../DE2_Poll_bsp//libucosii_bsp.a(alt_release_fd.o)
 .bss           0x0081e0d0        0x0 ../DE2_Poll_bsp//libucosii_bsp.a(alt_sbrk.o)
 .bss           0x0081e0d0        0x0 ../DE2_Poll_bsp//libucosii_bsp.a(alt_usleep.o)
 .bss           0x0081e0d0        0x0 ../DE2_Poll_bsp//libucosii_bsp.a(alt_write.o)
 .bss           0x0081e0d0        0x0 ../DE2_Poll_bsp//libucosii_bsp.a(alt_env_lock.o)
 .bss           0x0081e0d0        0x0 ../DE2_Poll_bsp//libucosii_bsp.a(alt_malloc_lock.o)
 .bss           0x0081e0d0        0x0 ../DE2_Poll_bsp//libucosii_bsp.a(os_core.o)
 .bss           0x0081e0d0        0x0 ../DE2_Poll_bsp//libucosii_bsp.a(os_dbg.o)
 .bss           0x0081e0d0        0x0 ../DE2_Poll_bsp//libucosii_bsp.a(os_flag.o)
 .bss           0x0081e0d0        0x0 ../DE2_Poll_bsp//libucosii_bsp.a(os_mem.o)
 .bss           0x0081e0d0        0x0 ../DE2_Poll_bsp//libucosii_bsp.a(os_q.o)
 .bss           0x0081e0d0        0x0 ../DE2_Poll_bsp//libucosii_bsp.a(os_sem.o)
 .bss           0x0081e0d0        0x0 ../DE2_Poll_bsp//libucosii_bsp.a(os_task.o)
 .bss           0x0081e0d0        0x0 ../DE2_Poll_bsp//libucosii_bsp.a(os_time.o)
 .bss           0x0081e0d0        0x0 ../DE2_Poll_bsp//libucosii_bsp.a(alt_sys_init.o)
 .bss           0x0081e0d0        0x0 ../DE2_Poll_bsp//libucosii_bsp.a(altera_avalon_jtag_uart_fd.o)
 .bss           0x0081e0d0        0x0 ../DE2_Poll_bsp//libucosii_bsp.a(altera_avalon_jtag_uart_init.o)
 .bss           0x0081e0d0        0x0 ../DE2_Poll_bsp//libucosii_bsp.a(altera_avalon_jtag_uart_ioctl.o)
 .bss           0x0081e0d0        0x0 ../DE2_Poll_bsp//libucosii_bsp.a(altera_avalon_jtag_uart_read.o)
 .bss           0x0081e0d0        0x0 ../DE2_Poll_bsp//libucosii_bsp.a(altera_avalon_jtag_uart_write.o)
 .bss           0x0081e0d0        0x0 ../DE2_Poll_bsp//libucosii_bsp.a(altera_avalon_timer_sc.o)
 .bss           0x0081e0d0        0x0 ../DE2_Poll_bsp//libucosii_bsp.a(altera_up_avalon_character_lcd.o)
 .bss           0x0081e0d0        0x0 ../DE2_Poll_bsp//libucosii_bsp.a(alt_alarm_start.o)
 .bss           0x0081e0d0        0x0 ../DE2_Poll_bsp//libucosii_bsp.a(alt_busy_sleep.o)
 .bss           0x0081e0d0        0x0 ../DE2_Poll_bsp//libucosii_bsp.a(alt_dev_llist_insert.o)
 .bss           0x0081e0d0        0x0 ../DE2_Poll_bsp//libucosii_bsp.a(alt_do_ctors.o)
 .bss           0x0081e0d0        0x0 ../DE2_Poll_bsp//libucosii_bsp.a(alt_do_dtors.o)
 .bss           0x0081e0d0        0x0 ../DE2_Poll_bsp//libucosii_bsp.a(alt_find_dev.o)
 .bss           0x0081e0d0        0x0 ../DE2_Poll_bsp//libucosii_bsp.a(alt_iic.o)
 .bss           0x0081e0d0        0x0 ../DE2_Poll_bsp//libucosii_bsp.a(alt_iic_isr_register.o)
 .bss           0x0081e0d0        0x0 ../DE2_Poll_bsp//libucosii_bsp.a(alt_io_redirect.o)
 .bss           0x0081e0d0        0x0 ../DE2_Poll_bsp//libucosii_bsp.a(alt_irq_entry.o)
 .bss           0x0081e0d0        0x0 ../DE2_Poll_bsp//libucosii_bsp.a(alt_irq_handler.o)
 .bss           0x0081e0d0        0x0 ../DE2_Poll_bsp//libucosii_bsp.a(alt_irq_vars.o)
 .bss           0x0081e0d0        0x0 ../DE2_Poll_bsp//libucosii_bsp.a(alt_open.o)
 .bss           0x0081e0d0        0x0 ../DE2_Poll_bsp//libucosii_bsp.a(alt_tick.o)
 .bss           0x0081e0d0        0x0 ../DE2_Poll_bsp//libucosii_bsp.a(altera_nios2_qsys_irq.o)
 .bss           0x0081e0d0        0x0 ../DE2_Poll_bsp//libucosii_bsp.a(os_cpu_a.o)
 .bss           0x0081e0d0        0x0 ../DE2_Poll_bsp//libucosii_bsp.a(os_cpu_c.o)