Archive member included because of file (symbol)

/OPT/altera/12.1/nios2eds/bin/gnu/H-i686-pc-linux-gnu/bin/../lib/gcc/nios2-elf/4.1.2/mno-hw-mul/libgcc.a(lib2-divmod.o)
                              obj/default/efsl/fs.o (__divsi3)
/OPT/altera/12.1/nios2eds/bin/gnu/H-i686-pc-linux-gnu/bin/../lib/gcc/nios2-elf/4.1.2/mno-hw-mul/libgcc.a(lib2-mul.o)
                              obj/default/efsl/file.o (__mulsi3)
/OPT/altera/12.1/nios2eds/bin/gnu/H-i686-pc-linux-gnu/bin/../lib/gcc/nios2-elf/4.1.2/../../../../nios2-elf/lib/mno-hw-mul/libc.a(lib_a-memcpy.o)
                              obj/default/efsl/nios2_ramdisk.o (memcpy)
/OPT/altera/12.1/nios2eds/bin/gnu/H-i686-pc-linux-gnu/bin/../lib/gcc/nios2-elf/4.1.2/../../../../nios2-elf/lib/mno-hw-mul/libc.a(lib_a-printf.o)
                              obj/default/efsl/ioman.o (printf)
/OPT/altera/12.1/nios2eds/bin/gnu/H-i686-pc-linux-gnu/bin/../lib/gcc/nios2-elf/4.1.2/../../../../nios2-elf/lib/mno-hw-mul/libc.a(lib_a-putchar.o)
                              obj/default/efsl/sd.o (putchar)
/OPT/altera/12.1/nios2eds/bin/gnu/H-i686-pc-linux-gnu/bin/../lib/gcc/nios2-elf/4.1.2/../../../../nios2-elf/lib/mno-hw-mul/libc.a(lib_a-puts.o)
                              obj/default/efsl/fat.o (puts)
/OPT/altera/12.1/nios2eds/bin/gnu/H-i686-pc-linux-gnu/bin/../lib/gcc/nios2-elf/4.1.2/../../../../nios2-elf/lib/mno-hw-mul/libc.a(lib_a-strlen.o)
                              /OPT/altera/12.1/nios2eds/bin/gnu/H-i686-pc-linux-gnu/bin/../lib/gcc/nios2-elf/4.1.2/../../../../nios2-elf/lib/mno-hw-mul/libc.a(lib_a-puts.o) (strlen)
/OPT/altera/12.1/nios2eds/bin/gnu/H-i686-pc-linux-gnu/bin/../lib/gcc/nios2-elf/4.1.2/../../../../nios2-elf/lib/mno-hw-mul/libc.a(lib_a-vfprintf.o)
                              /OPT/altera/12.1/nios2eds/bin/gnu/H-i686-pc-linux-gnu/bin/../lib/gcc/nios2-elf/4.1.2/../../../../nios2-elf/lib/mno-hw-mul/libc.a(lib_a-printf.o) (___vfprintf_internal_r)
/OPT/altera/12.1/nios2eds/bin/gnu/H-i686-pc-linux-gnu/bin/../lib/gcc/nios2-elf/4.1.2/../../../../nios2-elf/lib/mno-hw-mul/libc.a(lib_a-wsetup.o)
                              /OPT/altera/12.1/nios2eds/bin/gnu/H-i686-pc-linux-gnu/bin/../lib/gcc/nios2-elf/4.1.2/../../../../nios2-elf/lib/mno-hw-mul/libc.a(lib_a-vfprintf.o) (__swsetup_r)
/OPT/altera/12.1/nios2eds/bin/gnu/H-i686-pc-linux-gnu/bin/../lib/gcc/nios2-elf/4.1.2/../../../../nios2-elf/lib/mno-hw-mul/libc.a(lib_a-dtoa.o)
                              /OPT/altera/12.1/nios2eds/bin/gnu/H-i686-pc-linux-gnu/bin/../lib/gcc/nios2-elf/4.1.2/../../../../nios2-elf/lib/mno-hw-mul/libc.a(lib_a-vfprintf.o) (_dtoa_r)
/OPT/altera/12.1/nios2eds/bin/gnu/H-i686-pc-linux-gnu/bin/../lib/gcc/nios2-elf/4.1.2/../../../../nios2-elf/lib/mno-hw-mul/libc.a(lib_a-fflush.o)
                              /OPT/altera/12.1/nios2eds/bin/gnu/H-i686-pc-linux-gnu/bin/../lib/gcc/nios2-elf/4.1.2/../../../../nios2-elf/lib/mno-hw-mul/libc.a(lib_a-vfprintf.o) (_fflush_r)
/OPT/altera/12.1/nios2eds/bin/gnu/H-i686-pc-linux-gnu/bin/../lib/gcc/nios2-elf/4.1.2/../../../../nios2-elf/lib/mno-hw-mul/libc.a(lib_a-findfp.o)
                              /OPT/altera/12.1/nios2eds/bin/gnu/H-i686-pc-linux-gnu/bin/../lib/gcc/nios2-elf/4.1.2/../../../../nios2-elf/lib/mno-hw-mul/libc.a(lib_a-vfprintf.o) (__sinit)
/OPT/altera/12.1/nios2eds/bin/gnu/H-i686-pc-linux-gnu/bin/../lib/gcc/nios2-elf/4.1.2/../../../../nios2-elf/lib/mno-hw-mul/libc.a(lib_a-freer.o)
                              /OPT/altera/12.1/nios2eds/bin/gnu/H-i686-pc-linux-gnu/bin/../lib/gcc/nios2-elf/4.1.2/../../../../nios2-elf/lib/mno-hw-mul/libc.a(lib_a-wsetup.o) (_free_r)
/OPT/altera/12.1/nios2eds/bin/gnu/H-i686-pc-linux-gnu/bin/../lib/gcc/nios2-elf/4.1.2/../../../../nios2-elf/lib/mno-hw-mul/libc.a(lib_a-fvwrite.o)
                              /OPT/altera/12.1/nios2eds/bin/gnu/H-i686-pc-linux-gnu/bin/../lib/gcc/nios2-elf/4.1.2/../../../../nios2-elf/lib/mno-hw-mul/libc.a(lib_a-puts.o) (__sfvwrite_r)
/OPT/altera/12.1/nios2eds/bin/gnu/H-i686-pc-linux-gnu/bin/../lib/gcc/nios2-elf/4.1.2/../../../../nios2-elf/lib/mno-hw-mul/libc.a(lib_a-fwalk.o)
                              /OPT/altera/12.1/nios2eds/bin/gnu/H-i686-pc-linux-gnu/bin/../lib/gcc/nios2-elf/4.1.2/../../../../nios2-elf/lib/mno-hw-mul/libc.a(lib_a-fflush.o) (_fwalk_reent)
/OPT/altera/12.1/nios2eds/bin/gnu/H-i686-pc-linux-gnu/bin/../lib/gcc/nios2-elf/4.1.2/../../../../nios2-elf/lib/mno-hw-mul/libc.a(lib_a-impure.o)
                              /OPT/altera/12.1/nios2eds/bin/gnu/H-i686-pc-linux-gnu/bin/../lib/gcc/nios2-elf/4.1.2/../../../../nios2-elf/lib/mno-hw-mul/libc.a(lib_a-printf.o) (_impure_ptr)
/OPT/altera/12.1/nios2eds/bin/gnu/H-i686-pc-linux-gnu/bin/../lib/gcc/nios2-elf/4.1.2/../../../../nios2-elf/lib/mno-hw-mul/libc.a(lib_a-locale.o)
                              /OPT/altera/12.1/nios2eds/bin/gnu/H-i686-pc-linux-gnu/bin/../lib/gcc/nios2-elf/4.1.2/../../../../nios2-elf/lib/mno-hw-mul/libc.a(lib_a-vfprintf.o) (_localeconv_r)
[...]
Memory Configuration

Name             Origin             Length             Attributes
sdram_0          0x00800000         0x00800000
sram_0           0x01080000         0x00080000
reset            0x01104000         0x00000020
onchip_memory2_0 0x01104020         0x00003fe0
*default*        0x00000000         0xffffffff

Linker script and memory map

LOAD ../sdcard_bsp//obj/HAL/src/crt0.o
LOAD obj/default/efsl/debug.o
LOAD obj/default/efsl/dir.o
LOAD obj/default/efsl/disc.o
LOAD obj/default/efsl/efs.o
LOAD obj/default/efsl/extract.o
LOAD obj/default/efsl/fat.o
LOAD obj/default/efsl/file.o
LOAD obj/default/efsl/fs.o
LOAD obj/default/efsl/ioman.o
LOAD obj/default/efsl/ls.o
LOAD obj/default/efsl/mkfs.o
LOAD obj/default/efsl/nios2.o
LOAD obj/default/efsl/nios2_ramdisk.o
LOAD obj/default/efsl/partition.o
LOAD obj/default/efsl/plibc.o
LOAD obj/default/efsl/sd.o
LOAD obj/default/efsl/time.o
LOAD obj/default/efsl/ui.o
LOAD obj/default/hello_ucosii.o
LOAD /OPT/altera/12.1/nios2eds/bin/gnu/H-i686-pc-linux-gnu/bin/../lib/gcc/nios2-elf/4.1.2/../../../../nios2-elf/lib/mno-hw-mul/libstdc++.a
LOAD /OPT/altera/12.1/nios2eds/bin/gnu/H-i686-pc-linux-gnu/bin/../lib/gcc/nios2-elf/4.1.2/../../../../nios2-elf/lib/mno-hw-mul/libm.a
LOAD /OPT/altera/12.1/nios2eds/bin/gnu/H-i686-pc-linux-gnu/bin/../lib/gcc/nios2-elf/4.1.2/mno-hw-mul/libgcc.a
START GROUP
LOAD /OPT/altera/12.1/nios2eds/bin/gnu/H-i686-pc-linux-gnu/bin/../lib/gcc/nios2-elf/4.1.2/../../../../nios2-elf/lib/mno-hw-mul/libc.a
LOAD /OPT/altera/12.1/nios2eds/bin/gnu/H-i686-pc-linux-gnu/bin/../lib/gcc/nios2-elf/4.1.2/mno-hw-mul/libgcc.a
LOAD ../sdcard_bsp//libucosii_bsp.a
END GROUP
LOAD /OPT/altera/12.1/nios2eds/bin/gnu/H-i686-pc-linux-gnu/bin/../lib/gcc/nios2-elf/4.1.2/mno-hw-mul/libgcc.a
                0x00800000                __alt_mem_sdram_0 = 0x800000
                0x01080000                __alt_mem_sram_0 = 0x1080000
                0x01104000                __alt_mem_onchip_memory2_0 = 0x1104000

.entry          0x01104000       0x20
 *(.entry)
 .entry         0x01104000       0x20 ../sdcard_bsp//obj/HAL/src/crt0.o
                0x01104000                __reset

.exceptions     0x01104020      0x1a0 load address 0x00800000
                0x01104020                PROVIDE (__ram_exceptions_start, ABSOLUTE (.))
                0x01104020                . = ALIGN (0x20)
 *(.irq)
 *(.exceptions.entry.label)
 .exceptions.entry.label
                0x01104020        0x0 ../sdcard_bsp//libucosii_bsp.a(alt_irq_entry.o)
                0x01104020                alt_irq_entry
 .exceptions.entry.label
                0x01104020        0x0 ../sdcard_bsp//libucosii_bsp.a(alt_exception_entry.o)
                0x01104020                alt_exception
 *(.exceptions.entry.user)
 *(.exceptions.entry)
 .exceptions.entry
                0x01104020       0x54 ../sdcard_bsp//libucosii_bsp.a(alt_exception_entry.o)
 *(.exceptions.irqtest.user)
 *(.exceptions.irqtest)
 .exceptions.irqtest
                0x01104074       0x10 ../sdcard_bsp//libucosii_bsp.a(alt_irq_entry.o)
 *(.exceptions.irqhandler.user)
 *(.exceptions.irqhandler)
 .exceptions.irqhandler
                0x01104084        0x4 ../sdcard_bsp//libucosii_bsp.a(alt_irq_entry.o)
 *(.exceptions.irqreturn.user)
 *(.exceptions.irqreturn)
 .exceptions.irqreturn
                0x01104088        0x4 ../sdcard_bsp//libucosii_bsp.a(alt_irq_entry.o)
 *(.exceptions.notirq.label)
 .exceptions.notirq.label
                0x0110408c        0x0 ../sdcard_bsp//libucosii_bsp.a(alt_irq_entry.o)
 *(.exceptions.notirq.user)
 *(.exceptions.notirq)
 .exceptions.notirq
                0x0110408c        0x8 ../sdcard_bsp//libucosii_bsp.a(alt_exception_entry.o)
 *(.exceptions.soft.user)
 *(.exceptions.soft)
 *(.exceptions.unknown.user)
 *(.exceptions.unknown)
 .exceptions.unknown
                0x01104094        0x4 ../sdcard_bsp//libucosii_bsp.a(alt_exception_entry.o)
 *(.exceptions.exit.label)
 .exceptions.exit.label
                0x01104098        0x0 ../sdcard_bsp//libucosii_bsp.a(alt_irq_entry.o)
 .exceptions.exit.label
                0x01104098        0x0 ../sdcard_bsp//libucosii_bsp.a(alt_exception_entry.o)
 *(.exceptions.exit.user)
 *(.exceptions.exit)
 .exceptions.exit
                0x01104098       0x54 ../sdcard_bsp//libucosii_bsp.a(alt_exception_entry.o)
 *(.exceptions)
 .exceptions    0x011040ec       0xd4 ../sdcard_bsp//libucosii_bsp.a(alt_irq_handler.o)
                0x011040ec                alt_irq_handler
                0x011041c0                PROVIDE (__ram_exceptions_end, ABSOLUTE (.))
                0x00800000                PROVIDE (__flash_exceptions_start, LOADADDR (.exceptions))

.text           0x008001a0    0x1eb34
                0x008001a0                PROVIDE (stext, ABSOLUTE (.))
 *(.interp)
 *(.hash)
 *(.dynsym)
 *(.dynstr)
 *(.gnu.version)
 *(.gnu.version_d)
 *(.gnu.version_r)
 *(.rel.init)
 *(.rela.init)
 *(.rel.text .rel.text.* .rel.gnu.linkonce.t.*)
 *(.rela.text .rela.text.* .rela.gnu.linkonce.t.*)
 *(.rel.fini)
 *(.rela.fini)
 *(.rel.rodata .rel.rodata.* .rel.gnu.linkonce.r.*)
 *(.rela.rodata .rela.rodata.* .rela.gnu.linkonce.r.*)
 *(.rel.data .rel.data.* .rel.gnu.linkonce.d.*)
 *(.rela.data .rela.data.* .rela.gnu.linkonce.d.*)
 *(.rel.tdata .rel.tdata.* .rel.gnu.linkonce.td.*)
 *(.rela.tdata .rela.tdata.* .rela.gnu.linkonce.td.*)
 *(.rel.tbss .rel.tbss.* .rel.gnu.linkonce.tb.*)
 *(.rela.tbss .rela.tbss.* .rela.gnu.linkonce.tb.*)
 *(.rel.ctors)
 *(.rela.ctors)
 *(.rel.dtors)
 *(.rela.dtors)
 *(.rel.got)
 *(.rela.got)
 *(.rel.sdata .rel.sdata.* .rel.gnu.linkonce.s.*)
 *(.rela.sdata .rela.sdata.* .rela.gnu.linkonce.s.*)
 *(.rel.sbss .rel.sbss.* .rel.gnu.linkonce.sb.*)
 *(.rela.sbss .rela.sbss.* .rela.gnu.linkonce.sb.*)
 *(.rel.sdata2 .rel.sdata2.* .rel.gnu.linkonce.s2.*)
 *(.rela.sdata2 .rela.sdata2.* .rela.gnu.linkonce.s2.*)
 *(.rel.sbss2 .rel.sbss2.* .rel.gnu.linkonce.sb2.*)
 *(.rela.sbss2 .rela.sbss2.* .rela.gnu.linkonce.sb2.*)
 *(.rel.bss .rel.bss.* .rel.gnu.linkonce.b.*)
 *(.rela.bss .rela.bss.* .rela.gnu.linkonce.b.*)
 *(.rel.plt)
 *(.rela.plt)
 *(.rel.dyn)
 *(.init)
 *(.plt)
 *(.text .stub .text.* .gnu.linkonce.t.*)
 .text          0x008001a0       0x3c ../sdcard_bsp//obj/HAL/src/crt0.o
                0x008001a0                _start
 .text          0x008001dc        0x0 obj/default/efsl/debug.o
 .text          0x008001dc      0xb40 obj/default/efsl/dir.o
                0x008001dc                dir_getFileStructure
                0x00800298                dir_createDirectoryEntry
                0x0080031c                dir_createDefaultEntry
                0x008003cc                dir_setFirstCluster
                0x00800474                dir_setFileSize
                0x008004f4                dir_updateDirectoryEntry
                0x0080057c                dir_findFileinBuf
                0x008006d4                dir_findFreeEntryinBuf
                0x008007cc                dir_findinBuf
                0x00800858                dir_findinCluster
                0x0080097c                dir_findinDir
                0x00800a74                dir_findinRootArea
                0x00800bb8                dir_getFatFileName
                0x00800c8c                dir_addCluster
 .text          0x00800d1c       0xe4 obj/default/efsl/disc.o
                0x00800d1c                disc_initDisc
                0x00800d64                disc_loadMBR
 .text          0x00800e00      0x128 obj/default/efsl/efs.o
                0x00800e00                efs_init
 .text          0x00800f28      0x354 obj/default/efsl/extract.o
                0x00800f28                ex_getb16
                0x00800f88                ex_getb32
                0x00801020                ex_setb16
                0x00801078                ex_setb32
                0x00801108                ex_getPartitionField
                0x00801254                ex_setPartitionField
 .text          0x0080127c     0x1504 obj/default/efsl/fat.o
                0x0080127c                fat_getSectorAddressFatEntry
                0x008013a4                fat_getNextClusterAddress
                0x008015cc                fat_setNextClusterAddress
                0x00801940                fat_isEocMarker
                0x008019f4                fat_giveEocMarker
                0x00801a7c                fat_getNextClusterAddressWBuf
                0x00801c44                fat_setNextClusterAddressWBuf
                0x00801f28                fat_getNextClusterChain
                0x008020d8                fat_LogicToDiscCluster
                0x00802208                fat_allocClusterChain
                0x008024d4                fat_unlinkClusterChain
                0x008025ac                fat_countClustersInChain
                0x00802650                fat_DiscToLogicCluster
                0x00802700                fat_countFreeClusters
 .text          0x00802780     0x12bc obj/default/efsl/file.o
                0x00802780                file_fread
                0x00802a18                file_read
                0x00802a80                file_write
                0x00802ae8                file_setpos
                0x00802b3c                file_fwrite
                0x00802e88                file_fopen
                0x00803300                file_fclose
                0x00803400                file_initFile
                0x008034bc                file_normalToFatName
                0x00803734                file_validateChar
                0x0080381c                file_setAttr
                0x008038a8                file_getAttr
                0x008038ec                file_requiredCluster
 .text          0x00803a3c     0x11bc obj/default/efsl/fs.o
                0x00803a3c                fs_initFs
                0x00803af8                fs_isValidFat
                0x00803b6c                fs_loadVolumeId
                0x00803ca8                fs_verifySanity
                0x00803e44                fs_countDataSectors
                0x00803fac                fs_determineFatType
                0x00804028                fs_findFirstSectorRootDir
                0x00804104                fs_initCurrentDir
                0x00804140                fs_clusterToSector
                0x00804220                fs_sectorToCluster
                0x0080431c                fs_getNextFreeCluster
                0x0080439c                fs_giveFreeClusterHint
                0x008043c0                fs_findFile
                0x00804600                fs_findFreeFile
                0x00804720                fs_getLastCluster
                0x008047f8                fs_getFirstClusterRootDir
                0x0080484c                fs_initClusterChain
                0x008048ac                fs_setFirstClusterInDirEntry
                0x008048f4                fs_flushFs
                0x00804940                fs_umount
                0x0080497c                fs_clearCluster
                0x00804a2c                fs_getFsInfo
                0x00804b28                fs_setFsInfo
 .text          0x00804bf8     0x1dfc obj/default/efsl/ioman.o
                0x00804bf8                ioman_init
                0x00804c70                ioman_reset
                0x00804de0                ioman_getBuffer
                0x00804e0c                ioman_setAttr
                0x00804ef0                ioman_getAttr
                0x00804f78                ioman_getUseCnt
                0x00804fe4                ioman_incUseCnt
                0x00805078                ioman_decUseCnt
                0x0080510c                ioman_resetUseCnt
                0x00805168                ioman_getRefCnt
                0x008051d4                ioman_incRefCnt
                0x00805268                ioman_decRefCnt
                0x008052fc                ioman_resetRefCnt
                0x00805358                ioman_pop
                0x0080552c                ioman_push
                0x008056ec                ioman_getPtr
                0x00805754                ioman_getBp
                0x0080580c                ioman_readSector
                0x00805898                ioman_writeSector
                0x00805924                ioman_resetCacheItem
                0x008059c4                ioman_findSectorInCache
                0x00805a70                ioman_findFreeSpot
                0x00805af4                ioman_findUnusedSpot
                0x00805c64                ioman_findOverallocableSpot
                0x00805db8                ioman_putSectorInCache
                0x00805e94                ioman_flushSector
                0x00805fa8                ioman_flushRange
                0x008060fc                ioman_flushAll
                0x008061d0                ioman_getSector
                0x008064dc                ioman_releaseSector
                0x008065bc                ioman_directSectorRead
                0x008066e4                ioman_directSectorWrite
                0x00806850                ioman_printStatus
 .text          0x008069f4      0x588 obj/default/efsl/ls.o
                0x008069f4                ls_openDir
                0x00806aac                ls_getDirEntry
                0x00806b38                ls_getNext
                0x00806be0                ls_getRealDirEntry
                0x00806d38                ls_getRootAreaEntry
                0x00806e48                ls_isValidFileEntry
                0x00806ed8                ls_fileEntryToDirListEntry
 .text          0x00806f7c      0x3e4 obj/default/efsl/mkfs.o
                0x00806f7c                mkfs_makevfat
 .text          0x00807360      0x4c0 obj/default/efsl/nios2.o
                0x00807360                if_initInterface
                0x00807440                if_readBuf
                0x00807490                if_writeBuf
                0x008074dc                if_setPos
                0x00807504                if_spiInit
                0x00807548                if_spiSend
                0x00807668                if_spi_sendbuf
                0x00807738                if_spi_readbuf
 .text          0x00807820      0x134 obj/default/efsl/nios2_ramdisk.o
                0x0080792c                ramdisk_init
 .text          0x00807954      0x46c obj/default/efsl/partition.o
                0x00807954                part_initPartition
                0x00807a04                part_isFatPart
                0x00807a80                part_readBuf
                0x00807af0                part_writeBuf
                0x00807b60                part_getRealLBA
                0x00807bb8                part_getSect
                0x00807c18                part_relSect
                0x00807c64                part_flushPart
                0x00807ce8                part_directSectorRead
                0x00807d54                part_directSectorWrite
 .text          0x00807dc0      0x1b4 obj/default/efsl/plibc.o
                0x00807dc0                strMatch
                0x00807e58                memCpy
                0x00807ec4                memClr
                0x00807f18                memSet
 .text          0x00807f74      0xa28 obj/default/efsl/sd.o
                0x00807f74                sd_Init
                0x008080b4                sd_Command
                0x00808168                sd_Resp8b
                0x008081e4                sd_Resp16b
                0x0080824c                sd_Resp8bError
                0x00808424                sd_State
                0x008085e0                sd_writeSector
                0x008086b4                sd_readSector
                0x008087b8                sd_getDriveSize
 .text          0x0080899c       0x60 obj/default/efsl/time.o
                0x0080899c                fs_makeDate
                0x008089bc                fs_makeTime
                0x008089dc                fs_hasTimeSupport
 .text          0x008089fc      0x708 obj/default/efsl/ui.o
                0x008089fc                listFiles
                0x00808cfc                rmfile
                0x00808e3c                makedir
 .text          0x00809104      0x1b8 obj/default/hello_ucosii.o
                0x00809104                main
 .text          0x008092bc      0x14c /OPT/altera/12.1/nios2eds/bin/gnu/H-i686-pc-linux-gnu/bin/../lib/gcc/nios2-elf/4.1.2/mno-hw-mul/libgcc.a(lib2-divmod.o)
                0x00809338                __divsi3
                0x00809398                __modsi3
                0x008093f8                __udivsi3
                0x00809400                __umodsi3
 .text          0x00809408       0x38 /OPT/altera/12.1/nios2eds/bin/gnu/H-i686-pc-linux-gnu/bin/../lib/gcc/nios2-elf/4.1.2/mno-hw-mul/libgcc.a(lib2-mul.o)
                0x00809408                __mulsi3
 .text          0x00809440       0xa0 /OPT/altera/12.1/nios2eds/bin/gnu/H-i686-pc-linux-gnu/bin/../lib/gcc/nios2-elf/4.1.2/../../../../nios2-elf/lib/mno-hw-mul/libc.a(lib_a-memcpy.o)
                0x00809440                memcpy
 .text          0x008094e0       0x78 /OPT/altera/12.1/nios2eds/bin/gnu/H-i686-pc-linux-gnu/bin/../lib/gcc/nios2-elf/4.1.2/../../../../nios2-elf/lib/mno-hw-mul/libc.a(lib_a-printf.o)
                0x008094e0                printf
                0x00809524                _printf_r
 .text          0x00809558       0x24 /OPT/altera/12.1/nios2eds/bin/gnu/H-i686-pc-linux-gnu/bin/../lib/gcc/nios2-elf/4.1.2/../../../../nios2-elf/lib/mno-hw-mul/libc.a(lib_a-putchar.o)
                0x00809558                putchar
                0x00809574                _putchar_r
 .text          0x0080957c       0xb4 /OPT/altera/12.1/nios2eds/bin/gnu/H-i686-pc-linux-gnu/bin/../lib/gcc/nios2-elf/4.1.2/../../../../nios2-elf/lib/mno-hw-mul/libc.a(lib_a-puts.o)
                0x0080957c                _puts_r
                0x0080961c                puts
 .text          0x00809630       0x74 /OPT/altera/12.1/nios2eds/bin/gnu/H-i686-pc-linux-gnu/bin/../lib/gcc/nios2-elf/4.1.2/../../../../nios2-elf/lib/mno-hw-mul/libc.a(lib_a-strlen.o)
                0x00809630                strlen
 .text          0x008096a4     0x1f40 /OPT/altera/12.1/nios2eds/bin/gnu/H-i686-pc-linux-gnu/bin/../lib/gcc/nios2-elf/4.1.2/../../../../nios2-elf/lib/mno-hw-mul/libc.a(lib_a-vfprintf.o)
                0x008096fc                ___vfprintf_internal_r
                0x0080b5c0                __vfprintf_internal
 .text          0x0080b5e4      0x13c /OPT/altera/12.1/nios2eds/bin/gnu/H-i686-pc-linux-gnu/bin/../lib/gcc/nios2-elf/4.1.2/../../../../nios2-elf/lib/mno-hw-mul/libc.a(lib_a-wsetup.o)
                0x0080b5e4                __swsetup_r
 .text          0x0080b720     0x17f8 /OPT/altera/12.1/nios2eds/bin/gnu/H-i686-pc-linux-gnu/bin/../lib/gcc/nios2-elf/4.1.2/../../../../nios2-elf/lib/mno-hw-mul/libc.a(lib_a-dtoa.o)
                0x0080b964                _dtoa_r
 .text          0x0080cf18      0x230 /OPT/altera/12.1/nios2eds/bin/gnu/H-i686-pc-linux-gnu/bin/../lib/gcc/nios2-elf/4.1.2/../../../../nios2-elf/lib/mno-hw-mul/libc.a(lib_a-fflush.o)
                0x0080cf18                _fflush_r
                0x0080d114                fflush
 .text          0x0080d148      0x2f4 /OPT/altera/12.1/nios2eds/bin/gnu/H-i686-pc-linux-gnu/bin/../lib/gcc/nios2-elf/4.1.2/../../../../nios2-elf/lib/mno-hw-mul/libc.a(lib_a-findfp.o)
                0x0080d1a0                __sfp_lock_acquire
                0x0080d1a4                __sfp_lock_release
                0x0080d1a8                __sinit_lock_acquire
                0x0080d1ac                __sinit_lock_release
                0x0080d1b0                __sinit
                0x0080d264                __fp_unlock_all
                0x0080d27c                __fp_lock_all
                0x0080d294                _cleanup_r
                0x0080d2a0                _cleanup
                0x0080d2b0                __sfmoreglue
                0x0080d34c                __sfp
 .text          0x0080d43c      0x440 /OPT/altera/12.1/nios2eds/bin/gnu/H-i686-pc-linux-gnu/bin/../lib/gcc/nios2-elf/4.1.2/../../../../nios2-elf/lib/mno-hw-mul/libc.a(lib_a-freer.o)
                0x0080d43c                _malloc_trim_r
                0x0080d568                _free_r
 .text          0x0080d87c      0x49c /OPT/altera/12.1/nios2eds/bin/gnu/H-i686-pc-linux-gnu/bin/../lib/gcc/nios2-elf/4.1.2/../../../../nios2-elf/lib/mno-hw-mul/libc.a(lib_a-fvwrite.o)
                0x0080d87c                __sfvwrite_r
 .text          0x0080dd18      0x180 /OPT/altera/12.1/nios2eds/bin/gnu/H-i686-pc-linux-gnu/bin/../lib/gcc/nios2-elf/4.1.2/../../../../nios2-elf/lib/mno-hw-mul/libc.a(lib_a-fwalk.o)
                0x0080dd18                _fwalk_reent
                0x0080dde0                _fwalk
 .text          0x0080de98        0x0 /OPT/altera/12.1/nios2eds/bin/gnu/H-i686-pc-linux-gnu/bin/../lib/gcc/nios2-elf/4.1.2/../../../../nios2-elf/lib/mno-hw-mul/libc.a(lib_a-impure.o)
 .text          0x0080de98       0xc4 /OPT/altera/12.1/nios2eds/bin/gnu/H-i686-pc-linux-gnu/bin/../lib/gcc/nios2-elf/4.1.2/../../../../nios2-elf/lib/mno-hw-mul/libc.a(lib_a-locale.o)
                0x0080de98                __locale_charset
                0x0080dea0                _localeconv_r
                0x0080deac                localeconv
                0x0080debc                _setlocale_r
                0x0080df40                setlocale
 .text          0x0080df5c      0x194 /OPT/altera/12.1/nios2eds/bin/gnu/H-i686-pc-linux-gnu/bin/../lib/gcc/nios2-elf/4.1.2/../../../../nios2-elf/lib/mno-hw-mul/libc.a(lib_a-makebuf.o)
                0x0080df5c                __smakebuf_r
 .text          0x0080e0f0      0x740 /OPT/altera/12.1/nios2eds/bin/gnu/H-i686-pc-linux-gnu/bin/../lib/gcc/nios2-elf/4.1.2/../../../../nios2-elf/lib/mno-hw-mul/libc.a(lib_a-mallocr.o)
                0x0080e0f0                _malloc_r
 .text          0x0080e830       0xe4 /OPT/altera/12.1/nios2eds/bin/gnu/H-i686-pc-linux-gnu/bin/../lib/gcc/nios2-elf/4.1.2/../../../../nios2-elf/lib/mno-hw-mul/libc.a(lib_a-memchr.o)
                0x0080e830                memchr
 .text          0x0080e914       0xe0 /OPT/altera/12.1/nios2eds/bin/gnu/H-i686-pc-linux-gnu/bin/../lib/gcc/nios2-elf/4.1.2/../../../../nios2-elf/lib/mno-hw-mul/libc.a(lib_a-memmove.o)
                0x0080e914                memmove
 .text          0x0080e9f4       0x98 /OPT/altera/12.1/nios2eds/bin/gnu/H-i686-pc-linux-gnu/bin/../lib/gcc/nios2-elf/4.1.2/../../../../nios2-elf/lib/mno-hw-mul/libc.a(lib_a-memset.o)
                0x0080e9f4                memset
 .text          0x0080ea8c     0x108c /OPT/altera/12.1/nios2eds/bin/gnu/H-i686-pc-linux-gnu/bin/../lib/gcc/nios2-elf/4.1.2/../../../../nios2-elf/lib/mno-hw-mul/libc.a(lib_a-mprec.o)
                0x0080ea8c                _Bfree
                0x0080eab4                __hi0bits
                0x0080eb24                __lo0bits
                0x0080ebe8                __mcmp
                0x0080ec48                __ulp
                0x0080ecc8                __b2d
                0x0080ede8                __ratio
                0x0080ee98                _mprec_log10
                0x0080ef2c                __copybits
                0x0080ef84                __any_on
                0x0080f00c                _Balloc
                0x0080f0c8                __d2b
                0x0080f244                __mdiff
                0x0080f3d0                __lshift
                0x0080f51c                __multiply
                0x0080f770                __i2b
                0x0080f7ac                __multadd
                0x0080f8d8                __pow5mult
                0x0080f9f8                __s2b
 .text          0x0080fb18      0x1ec /OPT/altera/12.1/nios2eds/bin/gnu/H-i686-pc-linux-gnu/bin/../lib/gcc/nios2-elf/4.1.2/../../../../nios2-elf/lib/mno-hw-mul/libc.a(lib_a-putc.o)
                0x0080fb18                putc
                0x0080fc1c                _putc_r
 .text          0x0080fd04      0x5f4 /OPT/altera/12.1/nios2eds/bin/gnu/H-i686-pc-linux-gnu/bin/../lib/gcc/nios2-elf/4.1.2/../../../../nios2-elf/lib/mno-hw-mul/libc.a(lib_a-reallocr.o)
                0x0080fd04                _realloc_r
 .text          0x008102f8       0x40 /OPT/altera/12.1/nios2eds/bin/gnu/H-i686-pc-linux-gnu/bin/../lib/gcc/nios2-elf/4.1.2/../../../../nios2-elf/lib/mno-hw-mul/libc.a(lib_a-s_isinfd.o)
                0x008102f8                __isinfd
 .text          0x00810338       0x30 /OPT/altera/12.1/nios2eds/bin/gnu/H-i686-pc-linux-gnu/bin/../lib/gcc/nios2-elf/4.1.2/../../../../nios2-elf/lib/mno-hw-mul/libc.a(lib_a-s_isnand.o)
                0x00810338                __isnand
 .text          0x00810368       0x70 /OPT/altera/12.1/nios2eds/bin/gnu/H-i686-pc-linux-gnu/bin/../lib/gcc/nios2-elf/4.1.2/../../../../nios2-elf/lib/mno-hw-mul/libc.a(lib_a-sbrkr.o)
                0x00810368                _sbrk_r
 .text          0x008103d8      0x14c /OPT/altera/12.1/nios2eds/bin/gnu/H-i686-pc-linux-gnu/bin/../lib/gcc/nios2-elf/4.1.2/../../../../nios2-elf/lib/mno-hw-mul/libc.a(lib_a-stdio.o)
                0x008103d8                __sclose
                0x008103e0                __sseek
                0x00810448                __swrite
                0x008104c4                __sread
 .text          0x00810524       0xbc /OPT/altera/12.1/nios2eds/bin/gnu/H-i686-pc-linux-gnu/bin/../lib/gcc/nios2-elf/4.1.2/../../../../nios2-elf/lib/mno-hw-mul/libc.a(lib_a-strcmp.o)
                0x00810524                strcmp
 .text          0x008105e0      0x14c /OPT/altera/12.1/nios2eds/bin/gnu/H-i686-pc-linux-gnu/bin/../lib/gcc/nios2-elf/4.1.2/../../../../nios2-elf/lib/mno-hw-mul/libc.a(lib_a-wbuf.o)
                0x008105e0                __swbuf_r
                0x00810710                __swbuf
 .text          0x0081072c       0x78 /OPT/altera/12.1/nios2eds/bin/gnu/H-i686-pc-linux-gnu/bin/../lib/gcc/nios2-elf/4.1.2/../../../../nios2-elf/lib/mno-hw-mul/libc.a(lib_a-writer.o)
                0x0081072c                _write_r
 .text          0x008107a4       0xc8 /OPT/altera/12.1/nios2eds/bin/gnu/H-i686-pc-linux-gnu/bin/../lib/gcc/nios2-elf/4.1.2/../../../../nios2-elf/lib/mno-hw-mul/libc.a(lib_a-callocr.o)
                0x008107a4                _calloc_r
 .text          0x0081086c       0x70 /OPT/altera/12.1/nios2eds/bin/gnu/H-i686-pc-linux-gnu/bin/../lib/gcc/nios2-elf/4.1.2/../../../../nios2-elf/lib/mno-hw-mul/libc.a(lib_a-closer.o)
                0x0081086c                _close_r
 .text          0x008108dc      0x124 /OPT/altera/12.1/nios2eds/bin/gnu/H-i686-pc-linux-gnu/bin/../lib/gcc/nios2-elf/4.1.2/../../../../nios2-elf/lib/mno-hw-mul/libc.a(lib_a-fclose.o)
                0x008108dc                _fclose_r
                0x008109ec                fclose
 .text          0x00810a00       0x74 /OPT/altera/12.1/nios2eds/bin/gnu/H-i686-pc-linux-gnu/bin/../lib/gcc/nios2-elf/4.1.2/../../../../nios2-elf/lib/mno-hw-mul/libc.a(lib_a-fstatr.o)
                0x00810a00                _fstat_r
 .text          0x00810a74        0x0 /OPT/altera/12.1/nios2eds/bin/gnu/H-i686-pc-linux-gnu/bin/../lib/gcc/nios2-elf/4.1.2/../../../../nios2-elf/lib/mno-hw-mul/libc.a(lib_a-int_errno.o)
 .text          0x00810a74       0x70 /OPT/altera/12.1/nios2eds/bin/gnu/H-i686-pc-linux-gnu/bin/../lib/gcc/nios2-elf/4.1.2/../../../../nios2-elf/lib/mno-hw-mul/libc.a(lib_a-isattyr.o)
                0x00810a74                _isatty_r
 .text          0x00810ae4       0x78 /OPT/altera/12.1/nios2eds/bin/gnu/H-i686-pc-linux-gnu/bin/../lib/gcc/nios2-elf/4.1.2/../../../../nios2-elf/lib/mno-hw-mul/libc.a(lib_a-lseekr.o)
                0x00810ae4                _lseek_r
 .text          0x00810b5c       0x78 /OPT/altera/12.1/nios2eds/bin/gnu/H-i686-pc-linux-gnu/bin/../lib/gcc/nios2-elf/4.1.2/../../../../nios2-elf/lib/mno-hw-mul/libc.a(lib_a-readr.o)
                0x00810b5c                _read_r
 .text          0x00810bd4      0x66c /OPT/altera/12.1/nios2eds/bin/gnu/H-i686-pc-linux-gnu/bin/../lib/gcc/nios2-elf/4.1.2/mno-hw-mul/libgcc.a(_udivdi3.o)
                0x00810bd4                __udivdi3
 .text          0x00811240      0x660 /OPT/altera/12.1/nios2eds/bin/gnu/H-i686-pc-linux-gnu/bin/../lib/gcc/nios2-elf/4.1.2/mno-hw-mul/libgcc.a(_umoddi3.o)
                0x00811240                __umoddi3
 .text          0x008118a0      0x504 /OPT/altera/12.1/nios2eds/bin/gnu/H-i686-pc-linux-gnu/bin/../lib/gcc/nios2-elf/4.1.2/mno-hw-mul/libgcc.a(_addsub_df.o)
                0x00811cb0                __subdf3
                0x00811d30                __adddf3
 .text          0x00811da4      0x3c4 /OPT/altera/12.1/nios2eds/bin/gnu/H-i686-pc-linux-gnu/bin/../lib/gcc/nios2-elf/4.1.2/mno-hw-mul/libgcc.a(_mul_df.o)
                0x00811da4                __muldf3
 .text          0x00812168      0x258 /OPT/altera/12.1/nios2eds/bin/gnu/H-i686-pc-linux-gnu/bin/../lib/gcc/nios2-elf/4.1.2/mno-hw-mul/libgcc.a(_div_df.o)
                0x00812168                __divdf3
 .text          0x008123c0       0x88 /OPT/altera/12.1/nios2eds/bin/gnu/H-i686-pc-linux-gnu/bin/../lib/gcc/nios2-elf/4.1.2/mno-hw-mul/libgcc.a(_eq_df.o)
                0x008123c0                __eqdf2
 .text          0x00812448       0x88 /OPT/altera/12.1/nios2eds/bin/gnu/H-i686-pc-linux-gnu/bin/../lib/gcc/nios2-elf/4.1.2/mno-hw-mul/libgcc.a(_ne_df.o)
                0x00812448                __nedf2
 .text          0x008124d0       0x88 /OPT/altera/12.1/nios2eds/bin/gnu/H-i686-pc-linux-gnu/bin/../lib/gcc/nios2-elf/4.1.2/mno-hw-mul/libgcc.a(_gt_df.o)
                0x008124d0                __gtdf2
 .text          0x00812558       0x88 /OPT/altera/12.1/nios2eds/bin/gnu/H-i686-pc-linux-gnu/bin/../lib/gcc/nios2-elf/4.1.2/mno-hw-mul/libgcc.a(_ge_df.o)
                0x00812558                __gedf2
 .text          0x008125e0       0x88 /OPT/altera/12.1/nios2eds/bin/gnu/H-i686-pc-linux-gnu/bin/../lib/gcc/nios2-elf/4.1.2/mno-hw-mul/libgcc.a(_lt_df.o)
                0x008125e0                __ltdf2
 .text          0x00812668       0xf8 /OPT/altera/12.1/nios2eds/bin/gnu/H-i686-pc-linux-gnu/bin/../lib/gcc/nios2-elf/4.1.2/mno-hw-mul/libgcc.a(_si_to_df.o)
                0x00812668                __floatsidf
 .text          0x00812760       0xd8 /OPT/altera/12.1/nios2eds/bin/gnu/H-i686-pc-linux-gnu/bin/../lib/gcc/nios2-elf/4.1.2/mno-hw-mul/libgcc.a(_df_to_si.o)
                0x00812760                __fixdfsi
 .text          0x00812838        0x0 /OPT/altera/12.1/nios2eds/bin/gnu/H-i686-pc-linux-gnu/bin/../lib/gcc/nios2-elf/4.1.2/mno-hw-mul/libgcc.a(_thenan_df.o)
 .text          0x00812838      0x194 /OPT/altera/12.1/nios2eds/bin/gnu/H-i686-pc-linux-gnu/bin/../lib/gcc/nios2-elf/4.1.2/mno-hw-mul/libgcc.a(_usi_to_df.o)
                0x00812838                __floatunsidf
 .text          0x008129cc      0x124 /OPT/altera/12.1/nios2eds/bin/gnu/H-i686-pc-linux-gnu/bin/../lib/gcc/nios2-elf/4.1.2/mno-hw-mul/libgcc.a(_muldi3.o)
                0x008129cc                __muldi3
 .text          0x00812af0        0x0 /OPT/altera/12.1/nios2eds/bin/gnu/H-i686-pc-linux-gnu/bin/../lib/gcc/nios2-elf/4.1.2/mno-hw-mul/libgcc.a(_clz.o)
 .text          0x00812af0       0x80 /OPT/altera/12.1/nios2eds/bin/gnu/H-i686-pc-linux-gnu/bin/../lib/gcc/nios2-elf/4.1.2/mno-hw-mul/libgcc.a(_clzsi2.o)
                0x00812af0                __clzsi2
 .text          0x00812b70      0x314 /OPT/altera/12.1/nios2eds/bin/gnu/H-i686-pc-linux-gnu/bin/../lib/gcc/nios2-elf/4.1.2/mno-hw-mul/libgcc.a(_pack_df.o)
                0x00812b70                __pack_d
 .text          0x00812e84      0x138 /OPT/altera/12.1/nios2eds/bin/gnu/H-i686-pc-linux-gnu/bin/../lib/gcc/nios2-elf/4.1.2/mno-hw-mul/libgcc.a(_unpack_df.o)
                0x00812e84                __unpack_d
 .text          0x00812fbc       0xc8 /OPT/altera/12.1/nios2eds/bin/gnu/H-i686-pc-linux-gnu/bin/../lib/gcc/nios2-elf/4.1.2/mno-hw-mul/libgcc.a(_fpcmp_parts_df.o)
                0x00812fbc                __fpcmp_parts_d
 .text          0x00813084      0x160 ../sdcard_bsp//libucosii_bsp.a(alt_close.o)
                0x00813084                close
 .text          0x008131e4       0x2c ../sdcard_bsp//libucosii_bsp.a(alt_dev.o)
 .text          0x00813210        0x0 ../sdcard_bsp//libucosii_bsp.a(alt_errno.o)
 .text          0x00813210      0x138 ../sdcard_bsp//libucosii_bsp.a(alt_fstat.o)
                0x00813210                fstat
 .text          0x00813348      0x124 ../sdcard_bsp//libucosii_bsp.a(alt_isatty.o)
                0x00813348                isatty
 .text          0x0081346c       0xec ../sdcard_bsp//libucosii_bsp.a(alt_load.o)
                0x0081346c                alt_load
 .text          0x00813558      0x154 ../sdcard_bsp//libucosii_bsp.a(alt_lseek.o)
                0x00813558                lseek
 .text          0x008136ac       0xc8 ../sdcard_bsp//libucosii_bsp.a(alt_main.o)
                0x008136ac                alt_main
 .text          0x00813774      0x184 ../sdcard_bsp//libucosii_bsp.a(alt_read.o)
                0x00813774                read
 .text          0x008138f8       0x78 ../sdcard_bsp//libucosii_bsp.a(alt_release_fd.o)
                0x008138f8                alt_release_fd
 .text          0x00813970       0xbc ../sdcard_bsp//libucosii_bsp.a(alt_sbrk.o)
                0x00813970                sbrk
 .text          0x00813a2c      0x184 ../sdcard_bsp//libucosii_bsp.a(alt_write.o)
                0x00813a2c                write
 .text          0x00813bb0      0x108 ../sdcard_bsp//libucosii_bsp.a(alt_env_lock.o)
                0x00813bb0                __env_lock
                0x00813c5c                __env_unlock
 .text          0x00813cb8      0x1d8 ../sdcard_bsp//libucosii_bsp.a(alt_malloc_lock.o)
                0x00813cb8                __malloc_lock
                0x00813dc0                __malloc_unlock
 .text          0x00813e90     0x2128 ../sdcard_bsp//libucosii_bsp.a(os_core.o)
                0x00813e90                OSEventNameGet
                0x00813fc0                OSEventNameSet
                0x00814104                OSEventPendMulti
                0x008147b8                OSInit
                0x0081480c                OSIntEnter
                0x00814888                OSIntExit
                0x00814988                OSSchedLock
                0x00814a14                OSSchedUnlock
                0x00814af8                OSStart
                0x00814b68                OSStatInit
                0x00814c14                OSTimeTick
                0x00814e54                OSVersion
                0x00814e74                OS_Dummy
                0x00814e90                OS_EventTaskRdy
                0x00815024                OS_EventTaskWait
                0x00815134                OS_EventTaskWaitMulti
                0x00815288                OS_EventTaskRemove
                0x00815340                OS_EventTaskRemoveMulti
                0x00815444                OS_EventWaitListInit
                0x00815810                OS_MemClr
                0x00815864                OS_MemCopy
                0x008158d0                OS_Sched
                0x00815a14                OS_StrCopy
                0x00815a94                OS_StrLen
                0x00815aec                OS_TaskIdle
                0x00815b48                OS_TaskStat
                0x00815c10                OS_TaskStatStkChk
                0x00815cd8                OS_TCBInit
 .text          0x00815fb8      0x18c ../sdcard_bsp//libucosii_bsp.a(os_dbg.o)
                0x00815fb8                OSDebugInit
 .text          0x00816144     0x193c ../sdcard_bsp//libucosii_bsp.a(os_flag.o)
                0x00816144                OSFlagAccept
                0x00816478                OSFlagCreate
                0x008165b4                OSFlagDel
                0x0081685c                OSFlagNameGet
                0x008169a0                OSFlagNameSet
                0x00816af4                OSFlagPend
                0x00817138                OSFlagPendGetFlagsRdy
                0x008171a0                OSFlagPost
                0x00817548                OSFlagQuery
                0x008177e0                OS_FlagInit
                0x008179d4                OS_FlagUnlink
 .text          0x00817a80      0x80c ../sdcard_bsp//libucosii_bsp.a(os_mem.o)
                0x00817a80                OSMemCreate
                0x00817c9c                OSMemGet
                0x00817da0                OSMemNameGet
                0x00817eac                OSMemNameSet
                0x00817fcc                OSMemPut
                0x008180bc                OSMemQuery
                0x008181b8                OS_MemInit
 .text          0x0081828c     0x1334 ../sdcard_bsp//libucosii_bsp.a(os_q.o)
                0x0081828c                OSQAccept
                0x008183e0                OSQCreate
                0x008185f4                OSQDel
                0x008188f4                OSQFlush
                0x008189bc                OSQPend
                0x00818cdc                OSQPendAbort
                0x00818e58                OSQPost
                0x00818fd8                OSQPostFront
                0x00819160                OSQPostOpt
                0x00819394                OSQQuery
                0x00819514                OS_QInit
 .text          0x008195c0      0xbc8 ../sdcard_bsp//libucosii_bsp.a(os_sem.o)
                0x008195c0                OSSemAccept
                0x00819680                OSSemCreate
                0x00819794                OSSemDel
                0x00819a34                OSSemPend
                0x00819cb0                OSSemPendAbort
                0x00819e2c                OSSemPost
                0x00819f54                OSSemQuery
                0x0081a084                OSSemSet
 .text          0x0081a188     0x1a40 ../sdcard_bsp//libucosii_bsp.a(os_task.o)
                0x0081a188                OSTaskChangePrio
                0x0081a6fc                OSTaskCreate
                0x0081a8d0                OSTaskCreateExt
                0x0081aad0                OSTaskDel
                0x0081aedc                OSTaskDelReq
                0x0081b04c                OSTaskNameGet
                0x0081b204                OSTaskNameSet
                0x0081b3c8                OSTaskResume
                0x0081b5e0                OSTaskStkChk
                0x0081b7dc                OSTaskSuspend
                0x0081ba08                OSTaskQuery
                0x0081bb4c                OS_TaskStkClr
 .text          0x0081bbc8      0x5b4 ../sdcard_bsp//libucosii_bsp.a(os_time.o)
                0x0081bbc8                OSTimeDly
                0x0081bd14                OSTimeDlyHMSM
                0x0081bea4                OSTimeDlyResume
                0x0081c0b4                OSTimeGet
                0x0081c118                OSTimeSet
 .text          0x0081c17c       0xf8 ../sdcard_bsp//libucosii_bsp.a(alt_sys_init.o)
                0x0081c17c                alt_irq_init
                0x0081c1b0                alt_sys_init
 .text          0x0081c274      0x148 ../sdcard_bsp//libucosii_bsp.a(altera_avalon_jtag_uart_fd.o)
                0x0081c274                altera_avalon_jtag_uart_read_fd
                0x0081c2cc                altera_avalon_jtag_uart_write_fd
                0x0081c324                altera_avalon_jtag_uart_close_fd
                0x0081c36c                altera_avalon_jtag_uart_ioctl_fd
 .text          0x0081c3bc      0x580 ../sdcard_bsp//libucosii_bsp.a(altera_avalon_jtag_uart_init.o)
                0x0081c3bc                altera_avalon_jtag_uart_init
                0x0081c8c8                altera_avalon_jtag_uart_close
 .text          0x0081c93c       0xf4 ../sdcard_bsp//libucosii_bsp.a(altera_avalon_jtag_uart_ioctl.o)
                0x0081c93c                altera_avalon_jtag_uart_ioctl
 .text          0x0081ca30      0x2c0 ../sdcard_bsp//libucosii_bsp.a(altera_avalon_jtag_uart_read.o)
                0x0081ca30                altera_avalon_jtag_uart_read
 .text          0x0081ccf0      0x2dc ../sdcard_bsp//libucosii_bsp.a(altera_avalon_jtag_uart_write.o)
                0x0081ccf0                altera_avalon_jtag_uart_write
 .text          0x0081cfcc       0xfc ../sdcard_bsp//libucosii_bsp.a(altera_avalon_timer_sc.o)
                0x0081d040                alt_avalon_timer_sc_init
 .text          0x0081d0c8      0x530 ../sdcard_bsp//libucosii_bsp.a(altera_up_avalon_character_lcd.o)
                0x0081d0c8                get_DDRAM_addr
                0x0081d144                alt_up_character_lcd_send_cmd
                0x0081d178                alt_up_character_lcd_init
                0x0081d1ac                alt_up_character_lcd_open_dev
                0x0081d1ec                alt_up_character_lcd_write
                0x0081d264                alt_up_character_lcd_string
                0x0081d2dc                alt_up_character_lcd_write_fd
                0x0081d328                alt_up_character_lcd_set_cursor_pos
                0x0081d3a0                alt_up_character_lcd_shift_cursor
                0x0081d450                alt_up_character_lcd_shift_display
                0x0081d500                alt_up_character_lcd_erase_pos
                0x0081d590                alt_up_character_lcd_cursor_off
                0x0081d5c4                alt_up_character_lcd_cursor_blink_on
 .text          0x0081d5f8      0x154 ../sdcard_bsp//libucosii_bsp.a(alt_alarm_start.o)
                0x0081d5f8                alt_alarm_start
 .text          0x0081d74c       0x1c ../sdcard_bsp//libucosii_bsp.a(alt_dcache_flush_all.o)
                0x0081d74c                alt_dcache_flush_all
 .text          0x0081d768      0x114 ../sdcard_bsp//libucosii_bsp.a(alt_dev_llist_insert.o)
                0x0081d768                alt_dev_llist_insert
 .text          0x0081d87c       0x64 ../sdcard_bsp//libucosii_bsp.a(alt_do_ctors.o)
                0x0081d87c                _do_ctors
 .text          0x0081d8e0       0x64 ../sdcard_bsp//libucosii_bsp.a(alt_do_dtors.o)
                0x0081d8e0                _do_dtors
 .text          0x0081d944       0x94 ../sdcard_bsp//libucosii_bsp.a(alt_find_dev.o)
                0x0081d944                alt_find_dev
 .text          0x0081d9d8       0x1c ../sdcard_bsp//libucosii_bsp.a(alt_icache_flush_all.o)
                0x0081d9d8                alt_icache_flush_all
 .text          0x0081d9f4      0x150 ../sdcard_bsp//libucosii_bsp.a(alt_io_redirect.o)
                0x0081dacc                alt_io_redirect
 .text          0x0081db44      0x1c0 ../sdcard_bsp//libucosii_bsp.a(alt_irq_register.o)
                0x0081db44                alt_irq_register
 .text          0x0081dd04        0x0 ../sdcard_bsp//libucosii_bsp.a(alt_irq_vars.o)
 .text          0x0081dd04      0x2e4 ../sdcard_bsp//libucosii_bsp.a(alt_open.o)
                0x0081ddfc                open
 .text          0x0081dfe8      0x1a8 ../sdcard_bsp//libucosii_bsp.a(alt_tick.o)
                0x0081dfe8                alt_alarm_stop
                0x0081e080                alt_tick
 .text          0x0081e190       0x20 ../sdcard_bsp//libucosii_bsp.a(altera_nios2_qsys_irq.o)
                0x0081e190                altera_nios2_qsys_irq_init
 .text          0x0081e1b0       0xd0 ../sdcard_bsp//libucosii_bsp.a(os_cpu_a.o)
                0x0081e1b0                OSCtxSw
                0x0081e1b0                OSIntCtxSw
                0x0081e23c                OSStartHighRdy
                0x0081e25c                OSStartTsk
 .text          0x0081e280      0x418 ../sdcard_bsp//libucosii_bsp.a(os_cpu_c.o)
                0x0081e280                OSTaskStkInit
                0x0081e590                OSTaskCreateHook
                0x0081e5b0                OSTaskDelHook
                0x0081e5d0                OSTaskSwHook
                0x0081e5ec                OSTaskStatHook
                0x0081e608                OSTimeTickHook
                0x0081e624                OSInitHookBegin
                0x0081e640                OSInitHookEnd
                0x0081e65c                OSTaskIdleHook
                0x0081e678                OSTCBInitHook
 .text          0x0081e698      0x120 ../sdcard_bsp//libucosii_bsp.a(alt_find_file.o)
                0x0081e698                alt_find_file
 .text          0x0081e7b8      0x104 ../sdcard_bsp//libucosii_bsp.a(alt_get_fd.o)
                0x0081e7b8                alt_get_fd
 .text          0x0081e8bc        0x0 ../sdcard_bsp//libucosii_bsp.a(alt_irq_entry.o)
 .text          0x0081e8bc        0x0 ../sdcard_bsp//libucosii_bsp.a(alt_irq_handler.o)
 .text          0x0081e8bc        0x0 ../sdcard_bsp//libucosii_bsp.a(alt_exception_entry.o)
 .text          0x0081e8bc       0x14 /OPT/altera/12.1/nios2eds/bin/gnu/H-i686-pc-linux-gnu/bin/../lib/gcc/nios2-elf/4.1.2/../../../../nios2-elf/lib/mno-hw-mul/libc.a(lib_a-atexit.o)
                0x0081e8bc                atexit
 .text          0x0081e8d0       0x38 /OPT/altera/12.1/nios2eds/bin/gnu/H-i686-pc-linux-gnu/bin/../lib/gcc/nios2-elf/4.1.2/../../../../nios2-elf/lib/mno-hw-mul/libc.a(lib_a-exit.o)
                0x0081e8d0                exit
 .text          0x0081e908       0x74 /OPT/altera/12.1/nios2eds/bin/gnu/H-i686-pc-linux-gnu/bin/../lib/gcc/nios2-elf/4.1.2/../../../../nios2-elf/lib/mno-hw-mul/libc.a(lib_a-memcmp.o)
                0x0081e908                memcmp
 .text          0x0081e97c      0x134 /OPT/altera/12.1/nios2eds/bin/gnu/H-i686-pc-linux-gnu/bin/../lib/gcc/nios2-elf/4.1.2/../../../../nios2-elf/lib/mno-hw-mul/libc.a(lib_a-__atexit.o)
                0x0081e97c                __register_exitproc
 .text          0x0081eab0      0x1b4 /OPT/altera/12.1/nios2eds/bin/gnu/H-i686-pc-linux-gnu/bin/../lib/gcc/nios2-elf/4.1.2/../../../../nios2-elf/lib/mno-hw-mul/libc.a(lib_a-__call_atexit.o)
                0x0081eab4                __call_exitprocs
 .text          0x0081ec64       0x6c ../sdcard_bsp//libucosii_bsp.a(alt_exit.o)
                0x0081eca4                _exit
 *(.gnu.warning.*)
 *(.fini)
                0x0081ecd0                PROVIDE (__etext, ABSOLUTE (.))
                0x0081ecd0                PROVIDE (_etext, ABSOLUTE (.))
                0x0081ecd0                PROVIDE (etext, ABSOLUTE (.))
 *(.eh_frame_hdr)
                0x0081ecd0                . = ALIGN (0x4)
                0x0081ecd0                PROVIDE (__preinit_array_start, ABSOLUTE (.))
 *(.preinit_array)
                0x0081ecd0                PROVIDE (__preinit_array_end, ABSOLUTE (.))
                0x0081ecd0                PROVIDE (__init_array_start, ABSOLUTE (.))
 *(.init_array)
                0x0081ecd0                PROVIDE (__init_array_end, ABSOLUTE (.))
                0x0081ecd0                PROVIDE (__fini_array_start, ABSOLUTE (.))
 *(.fini_array)
                0x0081ecd0                PROVIDE (__fini_array_end, ABSOLUTE (.))
 *(.eh_frame)
 *(.gcc_except_table)
 *(.dynamic)
                0x0081ecd0                PROVIDE (__CTOR_LIST__, ABSOLUTE (.))
 *(.ctors)
 *(SORT(.ctors.*))
 .ctors.65535   0x0081ecd0        0x4 /OPT/altera/12.1/nios2eds/bin/gnu/H-i686-pc-linux-gnu/bin/../lib/gcc/nios2-elf/4.1.2/../../../../nios2-elf/lib/mno-hw-mul/libc.a(lib_a-__call_atexit.o)
                0x0081ecd4                PROVIDE (__CTOR_END__, ABSOLUTE (.))
                0x0081ecd4                PROVIDE (__DTOR_LIST__, ABSOLUTE (.))
 *(.dtors)
 *(SORT(.dtors.*))
                0x0081ecd4                PROVIDE (__DTOR_END__, ABSOLUTE (.))
 *(.jcr)
                0x0081ecd4                . = ALIGN (0x4)

.rodata         0x0081ecd4      0xa80
                0x0081ecd4                PROVIDE (__ram_rodata_start, ABSOLUTE (.))
                0x0081ecd4                . = ALIGN (0x4)
 *(.rodata .rodata.* .gnu.linkonce.r.*)
 .rodata        0x0081ecd4       0x40 obj/default/efsl/fat.o
 .rodata        0x0081ed14       0xa4 obj/default/efsl/ioman.o
 .rodata        0x0081edb8       0x5c obj/default/efsl/mkfs.o
 .rodata        0x0081ee14       0xbc obj/default/efsl/nios2.o
 .rodata        0x0081eed0      0x234 obj/default/efsl/sd.o
 .rodata        0x0081f104       0x54 obj/default/efsl/ui.o
 .rodata        0x0081f158      0x14c obj/default/hello_ucosii.o
 .rodata.str1.4
                0x0081f2a4        0x2 /OPT/altera/12.1/nios2eds/bin/gnu/H-i686-pc-linux-gnu/bin/../lib/gcc/nios2-elf/4.1.2/../../../../nios2-elf/lib/mno-hw-mul/libc.a(lib_a-puts.o)
                                  0x4 (size before relaxing)
 *fill*         0x0081f2a6        0x2 00
 .rodata.str1.4
                0x0081f2a8       0x5e /OPT/altera/12.1/nios2eds/bin/gnu/H-i686-pc-linux-gnu/bin/../lib/gcc/nios2-elf/4.1.2/../../../../nios2-elf/lib/mno-hw-mul/libc.a(lib_a-vfprintf.o)
                                 0x60 (size before relaxing)
 .rodata        0x0081f306       0x20 /OPT/altera/12.1/nios2eds/bin/gnu/H-i686-pc-linux-gnu/bin/../lib/gcc/nios2-elf/4.1.2/../../../../nios2-elf/lib/mno-hw-mul/libc.a(lib_a-vfprintf.o)
 *fill*         0x0081f326        0x2 00
 .rodata.str1.4
                0x0081f328       0x10 /OPT/altera/12.1/nios2eds/bin/gnu/H-i686-pc-linux-gnu/bin/../lib/gcc/nios2-elf/4.1.2/../../../../nios2-elf/lib/mno-hw-mul/libc.a(lib_a-dtoa.o)
                                 0x14 (size before relaxing)
 .rodata.str1.4
                0x0081f338        0x2 /OPT/altera/12.1/nios2eds/bin/gnu/H-i686-pc-linux-gnu/bin/../lib/gcc/nios2-elf/4.1.2/../../../../nios2-elf/lib/mno-hw-mul/libc.a(lib_a-impure.o)
                                  0x4 (size before relaxing)
 *fill*         0x0081f33a        0x2 00
 .rodata.str1.4
                0x0081f33c       0x10 /OPT/altera/12.1/nios2eds/bin/gnu/H-i686-pc-linux-gnu/bin/../lib/gcc/nios2-elf/4.1.2/../../../../nios2-elf/lib/mno-hw-mul/libc.a(lib_a-locale.o)
                                 0x18 (size before relaxing)
 .rodata        0x0081f34c       0x30 /OPT/altera/12.1/nios2eds/bin/gnu/H-i686-pc-linux-gnu/bin/../lib/gcc/nios2-elf/4.1.2/../../../../nios2-elf/lib/mno-hw-mul/libc.a(lib_a-locale.o)
 .rodata        0x0081f37c      0x124 /OPT/altera/12.1/nios2eds/bin/gnu/H-i686-pc-linux-gnu/bin/../lib/gcc/nios2-elf/4.1.2/../../../../nios2-elf/lib/mno-hw-mul/libc.a(lib_a-mprec.o)
                0x0081f37c                __mprec_tens
                0x0081f444                __mprec_bigtens
                0x0081f46c                __mprec_tinytens
 .rodata        0x0081f4a0       0x14 /OPT/altera/12.1/nios2eds/bin/gnu/H-i686-pc-linux-gnu/bin/../lib/gcc/nios2-elf/4.1.2/mno-hw-mul/libgcc.a(_thenan_df.o)
                0x0081f4a0                __thenan_df
 .rodata        0x0081f4b4      0x100 /OPT/altera/12.1/nios2eds/bin/gnu/H-i686-pc-linux-gnu/bin/../lib/gcc/nios2-elf/4.1.2/mno-hw-mul/libgcc.a(_clz.o)
                0x0081f4b4                __clz_tab
 .rodata        0x0081f5b4        0xc ../sdcard_bsp//libucosii_bsp.a(alt_dev.o)
 .rodata        0x0081f5c0       0x14 ../sdcard_bsp//libucosii_bsp.a(alt_main.o)
 .rodata        0x0081f5d4      0x120 ../sdcard_bsp//libucosii_bsp.a(os_core.o)
                0x0081f5d4                OSUnMapTbl
 .rodata        0x0081f6f4       0x5c ../sdcard_bsp//libucosii_bsp.a(alt_sys_init.o)
 .rodata        0x0081f750        0x4 ../sdcard_bsp//libucosii_bsp.a(os_cpu_c.o)
 *(.rodata1)
                0x0081f754                . = ALIGN (0x4)
                0x0081f754                PROVIDE (__ram_rodata_end, ABSOLUTE (.))
                0x0081ecd4                PROVIDE (__flash_rodata_start, LOADADDR (.rodata))

.rwdata         0x0081f754     0x1b7c load address 0x008212d0
                0x0081f754                PROVIDE (__ram_rwdata_start, ABSOLUTE (.))
                0x0081f754                . = ALIGN (0x4)
 *(.got.plt)
 *(.got)
 *(.data1)
 *(.data .data.* .gnu.linkonce.d.*)
 .data          0x0081f754        0x0 ../sdcard_bsp//obj/HAL/src/crt0.o
 .data          0x0081f754        0x0 obj/default/efsl/debug.o
 .data          0x0081f754        0x0 obj/default/efsl/dir.o
 .data          0x0081f754        0x0 obj/default/efsl/disc.o
 .data          0x0081f754        0x0 obj/default/efsl/efs.o
 .data          0x0081f754        0x0 obj/default/efsl/extract.o
 .data          0x0081f754        0x0 obj/default/efsl/fat.o
 .data          0x0081f754        0x0 obj/default/efsl/file.o
 .data          0x0081f754        0x0 obj/default/efsl/fs.o
 .data          0x0081f754        0x0 obj/default/efsl/ioman.o
 .data          0x0081f754        0x0 obj/default/efsl/ls.o
 .data          0x0081f754        0x0 obj/default/efsl/mkfs.o
 .data          0x0081f754        0x0 obj/default/efsl/nios2.o
 .data          0x0081f754        0xc obj/default/efsl/nios2_ramdisk.o
 .data          0x0081f760        0x0 obj/default/efsl/partition.o
 .data          0x0081f760        0x0 obj/default/efsl/plibc.o
 .data          0x0081f760        0x0 obj/default/efsl/sd.o
 .data          0x0081f760        0x0 obj/default/efsl/time.o
 .data          0x0081f760        0x0 obj/default/efsl/ui.o
 .data          0x0081f760        0x0 obj/default/hello_ucosii.o
 .data          0x0081f760        0x0 /OPT/altera/12.1/nios2eds/bin/gnu/H-i686-pc-linux-gnu/bin/../lib/gcc/nios2-elf/4.1.2/mno-hw-mul/libgcc.a(lib2-divmod.o)
 .data          0x0081f760        0x0 /OPT/altera/12.1/nios2eds/bin/gnu/H-i686-pc-linux-gnu/bin/../lib/gcc/nios2-elf/4.1.2/mno-hw-mul/libgcc.a(lib2-mul.o)
 .data          0x0081f760        0x0 /OPT/altera/12.1/nios2eds/bin/gnu/H-i686-pc-linux-gnu/bin/../lib/gcc/nios2-elf/4.1.2/../../../../nios2-elf/lib/mno-hw-mul/libc.a(lib_a-memcpy.o)
 .data          0x0081f760        0x0 /OPT/altera/12.1/nios2eds/bin/gnu/H-i686-pc-linux-gnu/bin/../lib/gcc/nios2-elf/4.1.2/../../../../nios2-elf/lib/mno-hw-mul/libc.a(lib_a-printf.o)
 .data          0x0081f760        0x0 /OPT/altera/12.1/nios2eds/bin/gnu/H-i686-pc-linux-gnu/bin/../lib/gcc/nios2-elf/4.1.2/../../../../nios2-elf/lib/mno-hw-mul/libc.a(lib_a-putchar.o)
 .data          0x0081f760        0x0 /OPT/altera/12.1/nios2eds/bin/gnu/H-i686-pc-linux-gnu/bin/../lib/gcc/nios2-elf/4.1.2/../../../../nios2-elf/lib/mno-hw-mul/libc.a(lib_a-puts.o)
 .data          0x0081f760        0x0 /OPT/altera/12.1/nios2eds/bin/gnu/H-i686-pc-linux-gnu/bin/../lib/gcc/nios2-elf/4.1.2/../../../../nios2-elf/lib/mno-hw-mul/libc.a(lib_a-strlen.o)
 .data          0x0081f760        0x0 /OPT/altera/12.1/nios2eds/bin/gnu/H-i686-pc-linux-gnu/bin/../lib/gcc/nios2-elf/4.1.2/../../../../nios2-elf/lib/mno-hw-mul/libc.a(lib_a-vfprintf.o)
 .data          0x0081f760        0x0 /OPT/altera/12.1/nios2eds/bin/gnu/H-i686-pc-linux-gnu/bin/../lib/gcc/nios2-elf/4.1.2/../../../../nios2-elf/lib/mno-hw-mul/libc.a(lib_a-wsetup.o)
 .data          0x0081f760        0x0 /OPT/altera/12.1/nios2eds/bin/gnu/H-i686-pc-linux-gnu/bin/../lib/gcc/nios2-elf/4.1.2/../../../../nios2-elf/lib/mno-hw-mul/libc.a(lib_a-dtoa.o)
 .data          0x0081f760        0x0 /OPT/altera/12.1/nios2eds/bin/gnu/H-i686-pc-linux-gnu/bin/../lib/gcc/nios2-elf/4.1.2/../../../../nios2-elf/lib/mno-hw-mul/libc.a(lib_a-fflush.o)
 .data          0x0081f760        0x0 /OPT/altera/12.1/nios2eds/bin/gnu/H-i686-pc-linux-gnu/bin/../lib/gcc/nios2-elf/4.1.2/../../../../nios2-elf/lib/mno-hw-mul/libc.a(lib_a-findfp.o)
 .data          0x0081f760        0x0 /OPT/altera/12.1/nios2eds/bin/gnu/H-i686-pc-linux-gnu/bin/../lib/gcc/nios2-elf/4.1.2/../../../../nios2-elf/lib/mno-hw-mul/libc.a(lib_a-freer.o)
 .data          0x0081f760        0x0 /OPT/altera/12.1/nios2eds/bin/gnu/H-i686-pc-linux-gnu/bin/../lib/gcc/nios2-elf/4.1.2/../../../../nios2-elf/lib/mno-hw-mul/libc.a(lib_a-fvwrite.o)
 .data          0x0081f760        0x0 /OPT/altera/12.1/nios2eds/bin/gnu/H-i686-pc-linux-gnu/bin/../lib/gcc/nios2-elf/4.1.2/../../../../nios2-elf/lib/mno-hw-mul/libc.a(lib_a-fwalk.o)
 .data          0x0081f760      0x400 /OPT/altera/12.1/nios2eds/bin/gnu/H-i686-pc-linux-gnu/bin/../lib/gcc/nios2-elf/4.1.2/../../../../nios2-elf/lib/mno-hw-mul/libc.a(lib_a-impure.o)
 .data          0x0081fb60        0xc /OPT/altera/12.1/nios2eds/bin/gnu/H-i686-pc-linux-gnu/bin/../lib/gcc/nios2-elf/4.1.2/../../../../nios2-elf/lib/mno-hw-mul/libc.a(lib_a-locale.o)
                0x0081fb60                __lc_ctype
 .data          0x0081fb6c        0x0 /OPT/altera/12.1/nios2eds/bin/gnu/H-i686-pc-linux-gnu/bin/../lib/gcc/nios2-elf/4.1.2/../../../../nios2-elf/lib/mno-hw-mul/libc.a(lib_a-makebuf.o)
 .data          0x0081fb6c      0x408 /OPT/altera/12.1/nios2eds/bin/gnu/H-i686-pc-linux-gnu/bin/../lib/gcc/nios2-elf/4.1.2/../../../../nios2-elf/lib/mno-hw-mul/libc.a(lib_a-mallocr.o)
                0x0081fb6c                __malloc_av_
 .data          0x0081ff74        0x0 /OPT/altera/12.1/nios2eds/bin/gnu/H-i686-pc-linux-gnu/bin/../lib/gcc/nios2-elf/4.1.2/../../../../nios2-elf/lib/mno-hw-mul/libc.a(lib_a-memchr.o)
 .data          0x0081ff74        0x0 /OPT/altera/12.1/nios2eds/bin/gnu/H-i686-pc-linux-gnu/bin/../lib/gcc/nios2-elf/4.1.2/../../../../nios2-elf/lib/mno-hw-mul/libc.a(lib_a-memmove.o)
 .data          0x0081ff74        0x0 /OPT/altera/12.1/nios2eds/bin/gnu/H-i686-pc-linux-gnu/bin/../lib/gcc/nios2-elf/4.1.2/../../../../nios2-elf/lib/mno-hw-mul/libc.a(lib_a-memset.o)
 .data          0x0081ff74        0x0 /OPT/altera/12.1/nios2eds/bin/gnu/H-i686-pc-linux-gnu/bin/../lib/gcc/nios2-elf/4.1.2/../../../../nios2-elf/lib/mno-hw-mul/libc.a(lib_a-mprec.o)
 .data          0x0081ff74        0x0 /OPT/altera/12.1/nios2eds/bin/gnu/H-i686-pc-linux-gnu/bin/../lib/gcc/nios2-elf/4.1.2/../../../../nios2-elf/lib/mno-hw-mul/libc.a(lib_a-putc.o)
 .data          0x0081ff74        0x0 /OPT/altera/12.1/nios2eds/bin/gnu/H-i686-pc-linux-gnu/bin/../lib/gcc/nios2-elf/4.1.2/../../../../nios2-elf/lib/mno-hw-mul/libc.a(lib_a-reallocr.o)
 .data          0x0081ff74        0x0 /OPT/altera/12.1/nios2eds/bin/gnu/H-i686-pc-linux-gnu/bin/../lib/gcc/nios2-elf/4.1.2/../../../../nios2-elf/lib/mno-hw-mul/libc.a(lib_a-s_isinfd.o)
 .data          0x0081ff74        0x0 /OPT/altera/12.1/nios2eds/bin/gnu/H-i686-pc-linux-gnu/bin/../lib/gcc/nios2-elf/4.1.2/../../../../nios2-elf/lib/mno-hw-mul/libc.a(lib_a-s_isnand.o)
 .data          0x0081ff74        0x0 /OPT/altera/12.1/nios2eds/bin/gnu/H-i686-pc-linux-gnu/bin/../lib/gcc/nios2-elf/4.1.2/../../../../nios2-elf/lib/mno-hw-mul/libc.a(lib_a-sbrkr.o)
 .data          0x0081ff74        0x0 /OPT/altera/12.1/nios2eds/bin/gnu/H-i686-pc-linux-gnu/bin/../lib/gcc/nios2-elf/4.1.2/../../../../nios2-elf/lib/mno-hw-mul/libc.a(lib_a-stdio.o)
 .data          0x0081ff74        0x0 /OPT/altera/12.1/nios2eds/bin/gnu/H-i686-pc-linux-gnu/bin/../lib/gcc/nios2-elf/4.1.2/../../../../nios2-elf/lib/mno-hw-mul/libc.a(lib_a-strcmp.o)
 .data          0x0081ff74        0x0 /OPT/altera/12.1/nios2eds/bin/gnu/H-i686-pc-linux-gnu/bin/../lib/gcc/nios2-elf/4.1.2/../../../../nios2-elf/lib/mno-hw-mul/libc.a(lib_a-wbuf.o)
 .data          0x0081ff74        0x0 /OPT/altera/12.1/nios2eds/bin/gnu/H-i686-pc-linux-gnu/bin/../lib/gcc/nios2-elf/4.1.2/../../../../nios2-elf/lib/mno-hw-mul/libc.a(lib_a-writer.o)
 .data          0x0081ff74        0x0 /OPT/altera/12.1/nios2eds/bin/gnu/H-i686-pc-linux-gnu/bin/../lib/gcc/nios2-elf/4.1.2/../../../../nios2-elf/lib/mno-hw-mul/libc.a(lib_a-callocr.o)
 .data          0x0081ff74        0x0 /OPT/altera/12.1/nios2eds/bin/gnu/H-i686-pc-linux-gnu/bin/../lib/gcc/nios2-elf/4.1.2/../../../../nios2-elf/lib/mno-hw-mul/libc.a(lib_a-closer.o)
 .data          0x0081ff74        0x0 /OPT/altera/12.1/nios2eds/bin/gnu/H-i686-pc-linux-gnu/bin/../lib/gcc/nios2-elf/4.1.2/../../../../nios2-elf/lib/mno-hw-mul/libc.a(lib_a-fclose.o)
 .data          0x0081ff74        0x0 /OPT/altera/12.1/nios2eds/bin/gnu/H-i686-pc-linux-gnu/bin/../lib/gcc/nios2-elf/4.1.2/../../../../nios2-elf/lib/mno-hw-mul/libc.a(lib_a-fstatr.o)
 .data          0x0081ff74        0x0 /OPT/altera/12.1/nios2eds/bin/gnu/H-i686-pc-linux-gnu/bin/../lib/gcc/nios2-elf/4.1.2/../../../../nios2-elf/lib/mno-hw-mul/libc.a(lib_a-int_errno.o)
 .data          0x0081ff74        0x0 /OPT/altera/12.1/nios2eds/bin/gnu/H-i686-pc-linux-gnu/bin/../lib/gcc/nios2-elf/4.1.2/../../../../nios2-elf/lib/mno-hw-mul/libc.a(lib_a-isattyr.o)
 .data          0x0081ff74        0x0 /OPT/altera/12.1/nios2eds/bin/gnu/H-i686-pc-linux-gnu/bin/../lib/gcc/nios2-elf/4.1.2/../../../../nios2-elf/lib/mno-hw-mul/libc.a(lib_a-lseekr.o)
 .data          0x0081ff74        0x0 /OPT/altera/12.1/nios2eds/bin/gnu/H-i686-pc-linux-gnu/bin/../lib/gcc/nios2-elf/4.1.2/../../../../nios2-elf/lib/mno-hw-mul/libc.a(lib_a-readr.o)
 .data          0x0081ff74        0x0 /OPT/altera/12.1/nios2eds/bin/gnu/H-i686-pc-linux-gnu/bin/../lib/gcc/nios2-elf/4.1.2/mno-hw-mul/libgcc.a(_udivdi3.o)
 .data          0x0081ff74        0x0 /OPT/altera/12.1/nios2eds/bin/gnu/H-i686-pc-linux-gnu/bin/../lib/gcc/nios2-elf/4.1.2/mno-hw-mul/libgcc.a(_umoddi3.o)
 .data          0x0081ff74        0x0 /OPT/altera/12.1/nios2eds/bin/gnu/H-i686-pc-linux-gnu/bin/../lib/gcc/nios2-elf/4.1.2/mno-hw-mul/libgcc.a(_addsub_df.o)
 .data          0x0081ff74        0x0 /OPT/altera/12.1/nios2eds/bin/gnu/H-i686-pc-linux-gnu/bin/../lib/gcc/nios2-elf/4.1.2/mno-hw-mul/libgcc.a(_mul_df.o)
 .data          0x0081ff74        0x0 /OPT/altera/12.1/nios2eds/bin/gnu/H-i686-pc-linux-gnu/bin/../lib/gcc/nios2-elf/4.1.2/mno-hw-mul/libgcc.a(_div_df.o)
 .data          0x0081ff74        0x0 /OPT/altera/12.1/nios2eds/bin/gnu/H-i686-pc-linux-gnu/bin/../lib/gcc/nios2-elf/4.1.2/mno-hw-mul/libgcc.a(_eq_df.o)
 .data          0x0081ff74        0x0 /OPT/altera/12.1/nios2eds/bin/gnu/H-i686-pc-linux-gnu/bin/../lib/gcc/nios2-elf/4.1.2/mno-hw-mul/libgcc.a(_ne_df.o)
 .data          0x0081ff74        0x0 /OPT/altera/12.1/nios2eds/bin/gnu/H-i686-pc-linux-gnu/bin/../lib/gcc/nios2-elf/4.1.2/mno-hw-mul/libgcc.a(_gt_df.o)
 .data          0x0081ff74        0x0 /OPT/altera/12.1/nios2eds/bin/gnu/H-i686-pc-linux-gnu/bin/../lib/gcc/nios2-elf/4.1.2/mno-hw-mul/libgcc.a(_ge_df.o)
 .data          0x0081ff74        0x0 /OPT/altera/12.1/nios2eds/bin/gnu/H-i686-pc-linux-gnu/bin/../lib/gcc/nios2-elf/4.1.2/mno-hw-mul/libgcc.a(_lt_df.o)
 .data          0x0081ff74        0x0 /OPT/altera/12.1/nios2eds/bin/gnu/H-i686-pc-linux-gnu/bin/../lib/gcc/nios2-elf/4.1.2/mno-hw-mul/libgcc.a(_si_to_df.o)
 .data          0x0081ff74        0x0 /OPT/altera/12.1/nios2eds/bin/gnu/H-i686-pc-linux-gnu/bin/../lib/gcc/nios2-elf/4.1.2/mno-hw-mul/libgcc.a(_df_to_si.o)
 .data          0x0081ff74        0x0 /OPT/altera/12.1/nios2eds/bin/gnu/H-i686-pc-linux-gnu/bin/../lib/gcc/nios2-elf/4.1.2/mno-hw-mul/libgcc.a(_thenan_df.o)
 .data          0x0081ff74        0x0 /OPT/altera/12.1/nios2eds/bin/gnu/H-i686-pc-linux-gnu/bin/../lib/gcc/nios2-elf/4.1.2/mno-hw-mul/libgcc.a(_usi_to_df.o)
 .data          0x0081ff74        0x0 /OPT/altera/12.1/nios2eds/bin/gnu/H-i686-pc-linux-gnu/bin/../lib/gcc/nios2-elf/4.1.2/mno-hw-mul/libgcc.a(_muldi3.o)
 .data          0x0081ff74        0x0 /OPT/altera/12.1/nios2eds/bin/gnu/H-i686-pc-linux-gnu/bin/../lib/gcc/nios2-elf/4.1.2/mno-hw-mul/libgcc.a(_clz.o)
 .data          0x0081ff74        0x0 /OPT/altera/12.1/nios2eds/bin/gnu/H-i686-pc-linux-gnu/bin/../lib/gcc/nios2-elf/4.1.2/mno-hw-mul/libgcc.a(_clzsi2.o)
 .data          0x0081ff74        0x0 /OPT/altera/12.1/nios2eds/bin/gnu/H-i686-pc-linux-gnu/bin/../lib/gcc/nios2-elf/4.1.2/mno-hw-mul/libgcc.a(_pack_df.o)
 .data          0x0081ff74        0x0 /OPT/altera/12.1/nios2eds/bin/gnu/H-i686-pc-linux-gnu/bin/../lib/gcc/nios2-elf/4.1.2/mno-hw-mul/libgcc.a(_unpack_df.o)
 .data          0x0081ff74        0x0 /OPT/altera/12.1/nios2eds/bin/gnu/H-i686-pc-linux-gnu/bin/../lib/gcc/nios2-elf/4.1.2/mno-hw-mul/libgcc.a(_fpcmp_parts_df.o)
 .data          0x0081ff74        0x0 ../sdcard_bsp//libucosii_bsp.a(alt_close.o)
 .data          0x0081ff74      0x1a8 ../sdcard_bsp//libucosii_bsp.a(alt_dev.o)
                0x0081ff74                alt_dev_null
                0x0081ff9c                alt_fd_list
 .data          0x0082011c        0x0 ../sdcard_bsp//libucosii_bsp.a(alt_errno.o)
 .data          0x0082011c        0x0 ../sdcard_bsp//libucosii_bsp.a(alt_fstat.o)
 .data          0x0082011c        0x0 ../sdcard_bsp//libucosii_bsp.a(alt_isatty.o)
 .data          0x0082011c        0x0 ../sdcard_bsp//libucosii_bsp.a(alt_load.o)
 .data          0x0082011c        0x0 ../sdcard_bsp//libucosii_bsp.a(alt_lseek.o)
 .data          0x0082011c        0x0 ../sdcard_bsp//libucosii_bsp.a(alt_main.o)
 .data          0x0082011c        0x0 ../sdcard_bsp//libucosii_bsp.a(alt_read.o)
 .data          0x0082011c        0x0 ../sdcard_bsp//libucosii_bsp.a(alt_release_fd.o)
 .data          0x0082011c        0x0 ../sdcard_bsp//libucosii_bsp.a(alt_sbrk.o)
 .data          0x0082011c        0x0 ../sdcard_bsp//libucosii_bsp.a(alt_write.o)
 .data          0x0082011c        0x0 ../sdcard_bsp//libucosii_bsp.a(alt_env_lock.o)
 .data          0x0082011c        0x0 ../sdcard_bsp//libucosii_bsp.a(alt_malloc_lock.o)
 .data          0x0082011c        0x0 ../sdcard_bsp//libucosii_bsp.a(os_core.o)
 .data          0x0082011c        0x0 ../sdcard_bsp//libucosii_bsp.a(os_dbg.o)
 .data          0x0082011c        0x0 ../sdcard_bsp//libucosii_bsp.a(os_flag.o)
 .data          0x0082011c        0x0 ../sdcard_bsp//libucosii_bsp.a(os_mem.o)
 .data          0x0082011c        0x0 ../sdcard_bsp//libucosii_bsp.a(os_q.o)
 .data          0x0082011c        0x0 ../sdcard_bsp//libucosii_bsp.a(os_sem.o)
 .data          0x0082011c        0x0 ../sdcard_bsp//libucosii_bsp.a(os_task.o)
 .data          0x0082011c        0x0 ../sdcard_bsp//libucosii_bsp.a(os_time.o)
 .data          0x0082011c     0x10f8 ../sdcard_bsp//libucosii_bsp.a(alt_sys_init.o)
 .data          0x00821214        0x0 ../sdcard_bsp//libucosii_bsp.a(altera_avalon_jtag_uart_fd.o)
 .data          0x00821214        0x0 ../sdcard_bsp//libucosii_bsp.a(altera_avalon_jtag_uart_init.o)
 .data          0x00821214        0x0 ../sdcard_bsp//libucosii_bsp.a(altera_avalon_jtag_uart_ioctl.o)
 .data          0x00821214        0x0 ../sdcard_bsp//libucosii_bsp.a(altera_avalon_jtag_uart_read.o)
 .data          0x00821214        0x0 ../sdcard_bsp//libucosii_bsp.a(altera_avalon_jtag_uart_write.o)
 .data          0x00821214        0x0 ../sdcard_bsp//libucosii_bsp.a(altera_avalon_timer_sc.o)
 .data          0x00821214        0x0 ../sdcard_bsp//libucosii_bsp.a(altera_up_avalon_character_lcd.o)
 .data          0x00821214        0x0 ../sdcard_bsp//libucosii_bsp.a(alt_alarm_start.o)
 .data          0x00821214        0x0 ../sdcard_bsp//libucosii_bsp.a(alt_dcache_flush_all.o)
 .data          0x00821214        0x0 ../sdcard_bsp//libucosii_bsp.a(alt_dev_llist_insert.o)
 .data          0x00821214        0x0 ../sdcard_bsp//libucosii_bsp.a(alt_do_ctors.o)
 .data          0x00821214        0x0 ../sdcard_bsp//libucosii_bsp.a(alt_do_dtors.o)
 .data          0x00821214        0x0 ../sdcard_bsp//libucosii_bsp.a(alt_find_dev.o)
 .data          0x00821214        0x0 ../sdcard_bsp//libucosii_bsp.a(alt_icache_flush_all.o)
 .data          0x00821214        0x0 ../sdcard_bsp//libucosii_bsp.a(alt_io_redirect.o)
 .data          0x00821214        0x0 ../sdcard_bsp//libucosii_bsp.a(alt_irq_register.o)
 .data          0x00821214        0x0 ../sdcard_bsp//libucosii_bsp.a(alt_irq_vars.o)
 .data          0x00821214        0x0 ../sdcard_bsp//libucosii_bsp.a(alt_open.o)
 .data          0x00821214        0x0 ../sdcard_bsp//libucosii_bsp.a(alt_tick.o)
 .data          0x00821214        0x0 ../sdcard_bsp//libucosii_bsp.a(altera_nios2_qsys_irq.o)
 .data          0x00821214        0x0 ../sdcard_bsp//libucosii_bsp.a(os_cpu_a.o)
 .data          0x00821214        0x0 ../sdcard_bsp//libucosii_bsp.a(os_cpu_c.o)
 .data          0x00821214        0x0 ../sdcard_bsp//libucosii_bsp.a(alt_find_file.o)
 .data          0x00821214        0x0 ../sdcard_bsp//libucosii_bsp.a(alt_get_fd.o)
 .data          0x00821214        0x0 ../sdcard_bsp//libucosii_bsp.a(alt_irq_entry.o)
 .data          0x00821214        0x0 ../sdcard_bsp//libucosii_bsp.a(alt_irq_handler.o)
 .data          0x00821214        0x0 ../sdcard_bsp//libucosii_bsp.a(alt_exception_entry.o)
 .data          0x00821214        0x0 /OPT/altera/12.1/nios2eds/bin/gnu/H-i686-pc-linux-gnu/bin/../lib/gcc/nios2-elf/4.1.2/../../../../nios2-elf/lib/mno-hw-mul/libc.a(lib_a-atexit.o)
 .data          0x00821214        0x0 /OPT/altera/12.1/nios2eds/bin/gnu/H-i686-pc-linux-gnu/bin/../lib/gcc/nios2-elf/4.1.2/../../../../nios2-elf/lib/mno-hw-mul/libc.a(lib_a-exit.o)
 .data          0x00821214        0x0 /OPT/altera/12.1/nios2eds/bin/gnu/H-i686-pc-linux-gnu/bin/../lib/gcc/nios2-elf/4.1.2/../../../../nios2-elf/lib/mno-hw-mul/libc.a(lib_a-memcmp.o)
 .data          0x00821214        0x0 /OPT/altera/12.1/nios2eds/bin/gnu/H-i686-pc-linux-gnu/bin/../lib/gcc/nios2-elf/4.1.2/../../../../nios2-elf/lib/mno-hw-mul/libc.a(lib_a-__atexit.o)
 .data          0x00821214        0x0 /OPT/altera/12.1/nios2eds/bin/gnu/H-i686-pc-linux-gnu/bin/../lib/gcc/nios2-elf/4.1.2/../../../../nios2-elf/lib/mno-hw-mul/libc.a(lib_a-__call_atexit.o)
 .data          0x00821214        0x0 ../sdcard_bsp//libucosii_bsp.a(alt_exit.o)
                0x00829214                _gp = ABSOLUTE ((. + 0x8000))
                0x00829214                PROVIDE (gp, _gp)
 *(.rwdata .rwdata.*)
 *(.sdata .sdata.* .gnu.linkonce.s.*)
 .sdata         0x00821214        0x8 /OPT/altera/12.1/nios2eds/bin/gnu/H-i686-pc-linux-gnu/bin/../lib/gcc/nios2-elf/4.1.2/../../../../nios2-elf/lib/mno-hw-mul/libc.a(lib_a-impure.o)
                0x00821214                _impure_ptr
                0x00821218                _global_impure_ptr
 .sdata         0x0082121c        0x8 /OPT/altera/12.1/nios2eds/bin/gnu/H-i686-pc-linux-gnu/bin/../lib/gcc/nios2-elf/4.1.2/../../../../nios2-elf/lib/mno-hw-mul/libc.a(lib_a-locale.o)
                0x0082121c                __mb_cur_max
 .sdata         0x00821224        0x8 /OPT/altera/12.1/nios2eds/bin/gnu/H-i686-pc-linux-gnu/bin/../lib/gcc/nios2-elf/4.1.2/../../../../nios2-elf/lib/mno-hw-mul/libc.a(lib_a-mallocr.o)
                0x00821224                __malloc_trim_threshold
                0x00821228                __malloc_sbrk_base
 .sdata         0x0082122c       0x14 ../sdcard_bsp//libucosii_bsp.a(alt_dev.o)
                0x0082122c                alt_fs_list
                0x00821234                alt_dev_list
                0x0082123c                alt_max_fd
 .sdata         0x00821240        0x4 ../sdcard_bsp//libucosii_bsp.a(alt_errno.o)
                0x00821240                alt_errno
 .sdata         0x00821244        0x4 ../sdcard_bsp//libucosii_bsp.a(alt_sbrk.o)
 .sdata         0x00821248        0x4 ../sdcard_bsp//libucosii_bsp.a(alt_env_lock.o)
 .sdata         0x0082124c        0x4 ../sdcard_bsp//libucosii_bsp.a(alt_malloc_lock.o)
 .sdata         0x00821250       0x74 ../sdcard_bsp//libucosii_bsp.a(os_dbg.o)
                0x00821250                OSDebugEn
                0x00821254                OSEndiannessTest
                0x00821258                OSEventEn
                0x0082125a                OSEventMax
                0x0082125c                OSEventNameSize
                0x0082125e                OSEventSize
                0x00821260                OSEventTblSize
                0x00821262                OSEventMultiEn
                0x00821264                OSFlagEn
                0x00821266                OSFlagGrpSize
                0x00821268                OSFlagNodeSize
                0x0082126a                OSFlagWidth
                0x0082126c                OSFlagMax
                0x0082126e                OSFlagNameSize
                0x00821270                OSLowestPrio
                0x00821272                OSMboxEn
                0x00821274                OSMemEn
                0x00821276                OSMemMax
                0x00821278                OSMemNameSize
                0x0082127a                OSMemSize
                0x0082127c                OSMemTblSize
                0x0082127e                OSMutexEn
                0x00821280                OSPtrSize
                0x00821282                OSQEn
                0x00821284                OSQMax
                0x00821286                OSQSize
                0x00821288                OSRdyTblSize
                0x0082128a                OSSemEn
                0x0082128c                OSStkWidth
                0x0082128e                OSTaskCreateEn
                0x00821290                OSTaskCreateExtEn
                0x00821292                OSTaskDelEn
                0x00821294                OSTaskIdleStkSize
                0x00821296                OSTaskProfileEn
                0x00821298                OSTaskMax
                0x0082129a                OSTaskNameSize
                0x0082129c                OSTaskStatEn
                0x0082129e                OSTaskStatStkSize
                0x008212a0                OSTaskStatStkChkEn
                0x008212a2                OSTaskSwHookEn
                0x008212a4                OSTCBPrioTblMax
                0x008212a6                OSTCBSize
                0x008212a8                OSTicksPerSec
                0x008212aa                OSTimeTickHookEn
                0x008212ac                OSVersionNbr
                0x008212ae                OSTmrEn
                0x008212b0                OSTmrCfgMax
                0x008212b2                OSTmrCfgNameSize
                0x008212b4                OSTmrCfgWheelSize
                0x008212b6                OSTmrCfgTicksPerSec
                0x008212b8                OSTmrSize
                0x008212ba                OSTmrTblSize
                0x008212bc                OSTmrWheelSize
                0x008212be                OSTmrWheelTblSize
                0x008212c0                OSDataSize
 .sdata         0x008212c4        0x4 ../sdcard_bsp//libucosii_bsp.a(alt_irq_vars.o)
                0x008212c4                alt_priority_mask
 .sdata         0x008212c8        0x8 ../sdcard_bsp//libucosii_bsp.a(alt_tick.o)
                0x008212c8                alt_alarm_list
 *(.sdata2 .sdata2.* .gnu.linkonce.s2.*)
                0x008212d0                . = ALIGN (0x4)
                0x008212d0                _edata = ABSOLUTE (.)
                0x008212d0                PROVIDE (edata, ABSOLUTE (.))
                0x008212d0                PROVIDE (__ram_rwdata_end, ABSOLUTE (.))
                0x008212d0                PROVIDE (__flash_rwdata_start, LOADADDR (.rwdata))

.bss            0x00822e4c     0x3574
                0x00822e4c                __bss_start = ABSOLUTE (.)
                0x00822e4c                PROVIDE (__sbss_start, ABSOLUTE (.))
                0x00822e4c                PROVIDE (___sbss_start, ABSOLUTE (.))
 *(.dynsbss)
 *(.sbss .sbss.* .gnu.linkonce.sb.*)
 .sbss          0x00822e4c        0xc /OPT/altera/12.1/nios2eds/bin/gnu/H-i686-pc-linux-gnu/bin/../lib/gcc/nios2-elf/4.1.2/../../../../nios2-elf/lib/mno-hw-mul/libc.a(lib_a-locale.o)
                0x00822e4c                __nlocale_changed
                0x00822e50                __mlocale_changed
                0x00822e54                _PathLocale
 .sbss          0x00822e58        0xc /OPT/altera/12.1/nios2eds/bin/gnu/H-i686-pc-linux-gnu/bin/../lib/gcc/nios2-elf/4.1.2/../../../../nios2-elf/lib/mno-hw-mul/libc.a(lib_a-mallocr.o)
                0x00822e58                __malloc_top_pad
                0x00822e5c                __malloc_max_sbrked_mem
                0x00822e60                __malloc_max_total_mem
 .sbss          0x00822e64        0x4 /OPT/altera/12.1/nios2eds/bin/gnu/H-i686-pc-linux-gnu/bin/../lib/gcc/nios2-elf/4.1.2/../../../../nios2-elf/lib/mno-hw-mul/libc.a(lib_a-int_errno.o)
                0x00822e64                errno
 .sbss          0x00822e68        0x4 ../sdcard_bsp//libucosii_bsp.a(alt_dev.o)
                0x00822e68                alt_fd_list_lock
 .sbss          0x00822e6c        0xc ../sdcard_bsp//libucosii_bsp.a(alt_main.o)
                0x00822e6c                alt_argc
                0x00822e70                alt_argv
                0x00822e74                alt_envp
 .sbss          0x00822e78        0x8 ../sdcard_bsp//libucosii_bsp.a(alt_env_lock.o)
                0x00822e7c                alt_envsem
 .sbss          0x00822e80        0x8 ../sdcard_bsp//libucosii_bsp.a(alt_malloc_lock.o)
                0x00822e84                alt_heapsem
 .sbss          0x00822e88       0x50 ../sdcard_bsp//libucosii_bsp.a(os_core.o)
                0x00822e88                OSLockNesting
                0x00822e89                OSRunning
                0x00822e8c                OSIdleCtr
                0x00822e90                OSPrioHighRdy
                0x00822e91                OSPrioCur
                0x00822e94                OSTCBList
                0x00822e98                OSTickStepState
                0x00822e9c                OSCtxSwCtr
                0x00822ea0                OSIdleCtrMax
                0x00822ea4                OSTCBFreeList
                0x00822ea8                OSCPUUsage
                0x00822ea9                OSTaskCtr
                0x00822eac                OSMemFreeList
                0x00822eb0                OSTCBHighRdy
                0x00822eb4                OSQFreeList
                0x00822eb8                OSRdyGrp
                0x00822eb9                OSRdyTbl
                0x00822ebc                OSEventFreeList
                0x00822ec0                OSIntNesting
                0x00822ec4                OSTCBCur
                0x00822ec8                OSTime
                0x00822ecc                OSFlagFreeList
                0x00822ed0                OSStatRdy
                0x00822ed4                OSIdleCtrRun
 .sbss          0x00822ed8        0x4 ../sdcard_bsp//libucosii_bsp.a(alt_irq_vars.o)
                0x00822ed8                alt_irq_active
 .sbss          0x00822edc        0x8 ../sdcard_bsp//libucosii_bsp.a(alt_tick.o)
                0x00822edc                _alt_tick_rate
                0x00822ee0                _alt_nticks
 *(.sbss2 .sbss2.* .gnu.linkonce.sb2.*)
 *(.scommon)
                0x00822ee4                PROVIDE (__sbss_end, ABSOLUTE (.))
                0x00822ee4                PROVIDE (___sbss_end, ABSOLUTE (.))
 *(.dynbss)
 *(.bss .bss.* .gnu.linkonce.b.*)
 .bss           0x00822ee4        0x0 ../sdcard_bsp//obj/HAL/src/crt0.o
 .bss           0x00822ee4        0x0 obj/default/efsl/debug.o
 .bss           0x00822ee4        0x0 obj/default/efsl/dir.o
 .bss           0x00822ee4        0x0 obj/default/efsl/disc.o
 .bss           0x00822ee4        0x0 obj/default/efsl/efs.o
 .bss           0x00822ee4        0x0 obj/default/efsl/extract.o
 .bss           0x00822ee4        0x0 obj/default/efsl/fat.o
 .bss           0x00822ee4        0x0 obj/default/efsl/file.o
 .bss           0x00822ee4        0x0 obj/default/efsl/fs.o
 .bss           0x00822ee4        0x0 obj/default/efsl/ioman.o
 .bss           0x00822ee4        0x0 obj/default/efsl/ls.o
 .bss           0x00822ee4        0x0 obj/default/efsl/mkfs.o
 .bss           0x00822ee4        0x0 obj/default/efsl/nios2.o
 .bss           0x00822ee4        0x0 obj/default/efsl/nios2_ramdisk.o
 .bss           0x00822ee4        0x0 obj/default/efsl/partition.o
 .bss           0x00822ee4        0x0 obj/default/efsl/plibc.o
 .bss           0x00822ee4        0x0 obj/default/efsl/sd.o
 .bss           0x00822ee4        0x0 obj/default/efsl/time.o
 .bss           0x00822ee4        0x0 obj/default/efsl/ui.o
 .bss           0x00822ee4        0x0 obj/default/hello_ucosii.o
 .bss           0x00822ee4        0x0 /OPT/altera/12.1/nios2eds/bin/gnu/H-i686-pc-linux-gnu/bin/../lib/gcc/nios2-elf/4.1.2/mno-hw-mul/libgcc.a(lib2-divmod.o)
 .bss           0x00822ee4        0x0 /OPT/altera/12.1/nios2eds/bin/gnu/H-i686-pc-linux-gnu/bin/../lib/gcc/nios2-elf/4.1.2/mno-hw-mul/libgcc.a(lib2-mul.o)
 .bss           0x00822ee4        0x0 /OPT/altera/12.1/nios2eds/bin/gnu/H-i686-pc-linux-gnu/bin/../lib/gcc/nios2-elf/4.1.2/../../../../nios2-elf/lib/mno-hw-mul/libc.a(lib_a-memcpy.o)
 .bss           0x00822ee4        0x0 /OPT/altera/12.1/nios2eds/bin/gnu/H-i686-pc-linux-gnu/bin/../lib/gcc/nios2-elf/4.1.2/../../../../nios2-elf/lib/mno-hw-mul/libc.a(lib_a-printf.o)
 .bss           0x00822ee4        0x0 /OPT/altera/12.1/nios2eds/bin/gnu/H-i686-pc-linux-gnu/bin/../lib/gcc/nios2-elf/4.1.2/../../../../nios2-elf/lib/mno-hw-mul/libc.a(lib_a-putchar.o)
 .bss           0x00822ee4        0x0 /OPT/altera/12.1/nios2eds/bin/gnu/H-i686-pc-linux-gnu/bin/../lib/gcc/nios2-elf/4.1.2/../../../../nios2-elf/lib/mno-hw-mul/libc.a(lib_a-puts.o)
 .bss           0x00822ee4        0x0 /OPT/altera/12.1/nios2eds/bin/gnu/H-i686-pc-linux-gnu/bin/../lib/gcc/nios2-elf/4.1.2/../../../../nios2-elf/lib/mno-hw-mul/libc.a(lib_a-strlen.o)
 .bss           0x00822ee4        0x0 /OPT/altera/12.1/nios2eds/bin/gnu/H-i686-pc-linux-gnu/bin/../lib/gcc/nios2-elf/4.1.2/../../../../nios2-elf/lib/mno-hw-mul/libc.a(lib_a-vfprintf.o)
 .bss           0x00822ee4        0x0 /OPT/altera/12.1/nios2eds/bin/gnu/H-i686-pc-linux-gnu/bin/../lib/gcc/nios2-elf/4.1.2/../../../../nios2-elf/lib/mno-hw-mul/libc.a(lib_a-wsetup.o)
 .bss           0x00822ee4        0x0 /OPT/altera/12.1/nios2eds/bin/gnu/H-i686-pc-linux-gnu/bin/../lib/gcc/nios2-elf/4.1.2/../../../../nios2-elf/lib/mno-hw-mul/libc.a(lib_a-dtoa.o)
 .bss           0x00822ee4        0x0 /OPT/altera/12.1/nios2eds/bin/gnu/H-i686-pc-linux-gnu/bin/../lib/gcc/nios2-elf/4.1.2/../../../../nios2-elf/lib/mno-hw-mul/libc.a(lib_a-fflush.o)
 .bss           0x00822ee4        0x0 /OPT/altera/12.1/nios2eds/bin/gnu/H-i686-pc-linux-gnu/bin/../lib/gcc/nios2-elf/4.1.2/../../../../nios2-elf/lib/mno-hw-mul/libc.a(lib_a-findfp.o)
 .bss           0x00822ee4        0x0 /OPT/altera/12.1/nios2eds/bin/gnu/H-i686-pc-linux-gnu/bin/../lib/gcc/nios2-elf/4.1.2/../../../../nios2-elf/lib/mno-hw-mul/libc.a(lib_a-freer.o)
 .bss           0x00822ee4        0x0 /OPT/altera/12.1/nios2eds/bin/gnu/H-i686-pc-linux-gnu/bin/../lib/gcc/nios2-elf/4.1.2/../../../../nios2-elf/lib/mno-hw-mul/libc.a(lib_a-fvwrite.o)
 .bss           0x00822ee4        0x0 /OPT/altera/12.1/nios2eds/bin/gnu/H-i686-pc-linux-gnu/bin/../lib/gcc/nios2-elf/4.1.2/../../../../nios2-elf/lib/mno-hw-mul/libc.a(lib_a-fwalk.o)
 .bss           0x00822ee4        0x0 /OPT/altera/12.1/nios2eds/bin/gnu/H-i686-pc-linux-gnu/bin/../lib/gcc/nios2-elf/4.1.2/../../../../nios2-elf/lib/mno-hw-mul/libc.a(lib_a-impure.o)
 .bss           0x00822ee4        0x0 /OPT/altera/12.1/nios2eds/bin/gnu/H-i686-pc-linux-gnu/bin/../lib/gcc/nios2-elf/4.1.2/../../../../nios2-elf/lib/mno-hw-mul/libc.a(lib_a-locale.o)
 .bss           0x00822ee4        0x0 /OPT/altera/12.1/nios2eds/bin/gnu/H-i686-pc-linux-gnu/bin/../lib/gcc/nios2-elf/4.1.2/../../../../nios2-elf/lib/mno-hw-mul/libc.a(lib_a-makebuf.o)
 .bss           0x00822ee4       0x28 /OPT/altera/12.1/nios2eds/bin/gnu/H-i686-pc-linux-gnu/bin/../lib/gcc/nios2-elf/4.1.2/../../../../nios2-elf/lib/mno-hw-mul/libc.a(lib_a-mallocr.o)
                0x00822ee4                __malloc_current_mallinfo
 .bss           0x00822f0c        0x0 /OPT/altera/12.1/nios2eds/bin/gnu/H-i686-pc-linux-gnu/bin/../lib/gcc/nios2-elf/4.1.2/../../../../nios2-elf/lib/mno-hw-mul/libc.a(lib_a-memchr.o)
 .bss           0x00822f0c        0x0 /OPT/altera/12.1/nios2eds/bin/gnu/H-i686-pc-linux-gnu/bin/../lib/gcc/nios2-elf/4.1.2/../../../../nios2-elf/lib/mno-hw-mul/libc.a(lib_a-memmove.o)
 .bss           0x00822f0c        0x0 /OPT/altera/12.1/nios2eds/bin/gnu/H-i686-pc-linux-gnu/bin/../lib/gcc/nios2-elf/4.1.2/../../../../nios2-elf/lib/mno-hw-mul/libc.a(lib_a-memset.o)
 .bss           0x00822f0c        0x0 /OPT/altera/12.1/nios2eds/bin/gnu/H-i686-pc-linux-gnu/bin/../lib/gcc/nios2-elf/4.1.2/../../../../nios2-elf/lib/mno-hw-mul/libc.a(lib_a-mprec.o)
 .bss           0x00822f0c        0x0 /OPT/altera/12.1/nios2eds/bin/gnu/H-i686-pc-linux-gnu/bin/../lib/gcc/nios2-elf/4.1.2/../../../../nios2-elf/lib/mno-hw-mul/libc.a(lib_a-putc.o)
 .bss           0x00822f0c        0x0 /OPT/altera/12.1/nios2eds/bin/gnu/H-i686-pc-linux-gnu/bin/../lib/gcc/nios2-elf/4.1.2/../../../../nios2-elf/lib/mno-hw-mul/libc.a(lib_a-reallocr.o)
 .bss           0x00822f0c        0x0 /OPT/altera/12.1/nios2eds/bin/gnu/H-i686-pc-linux-gnu/bin/../lib/gcc/nios2-elf/4.1.2/../../../../nios2-elf/lib/mno-hw-mul/libc.a(lib_a-s_isinfd.o)
 .bss           0x00822f0c        0x0 /OPT/altera/12.1/nios2eds/bin/gnu/H-i686-pc-linux-gnu/bin/../lib/gcc/nios2-elf/4.1.2/../../../../nios2-elf/lib/mno-hw-mul/libc.a(lib_a-s_isnand.o)
 .bss           0x00822f0c        0x0 /OPT/altera/12.1/nios2eds/bin/gnu/H-i686-pc-linux-gnu/bin/../lib/gcc/nios2-elf/4.1.2/../../../../nios2-elf/lib/mno-hw-mul/libc.a(lib_a-sbrkr.o)
 .bss           0x00822f0c        0x0 /OPT/altera/12.1/nios2eds/bin/gnu/H-i686-pc-linux-gnu/bin/../lib/gcc/nios2-elf/4.1.2/../../../../nios2-elf/lib/mno-hw-mul/libc.a(lib_a-stdio.o)
 .bss           0x00822f0c        0x0 /OPT/altera/12.1/nios2eds/bin/gnu/H-i686-pc-linux-gnu/bin/../lib/gcc/nios2-elf/4.1.2/../../../../nios2-elf/lib/mno-hw-mul/libc.a(lib_a-strcmp.o)
 .bss           0x00822f0c        0x0 /OPT/altera/12.1/nios2eds/bin/gnu/H-i686-pc-linux-gnu/bin/../lib/gcc/nios2-elf/4.1.2/../../../../nios2-elf/lib/mno-hw-mul/libc.a(lib_a-wbuf.o)
 .bss           0x00822f0c        0x0 /OPT/altera/12.1/nios2eds/bin/gnu/H-i686-pc-linux-gnu/bin/../lib/gcc/nios2-elf/4.1.2/../../../../nios2-elf/lib/mno-hw-mul/libc.a(lib_a-writer.o)
 .bss           0x00822f0c        0x0 /OPT/altera/12.1/nios2eds/bin/gnu/H-i686-pc-linux-gnu/bin/../lib/gcc/nios2-elf/4.1.2/../../../../nios2-elf/lib/mno-hw-mul/libc.a(lib_a-callocr.o)
 .bss           0x00822f0c        0x0 /OPT/altera/12.1/nios2eds/bin/gnu/H-i686-pc-linux-gnu/bin/../lib/gcc/nios2-elf/4.1.2/../../../../nios2-elf/lib/mno-hw-mul/libc.a(lib_a-closer.o)
 .bss           0x00822f0c        0x0 /OPT/altera/12.1/nios2eds/bin/gnu/H-i686-pc-linux-gnu/bin/../lib/gcc/nios2-elf/4.1.2/../../../../nios2-elf/lib/mno-hw-mul/libc.a(lib_a-fclose.o)
 .bss           0x00822f0c        0x0 /OPT/altera/12.1/nios2eds/bin/gnu/H-i686-pc-linux-gnu/bin/../lib/gcc/nios2-elf/4.1.2/../../../../nios2-elf/lib/mno-hw-mul/libc.a(lib_a-fstatr.o)
 .bss           0x00822f0c        0x0 /OPT/altera/12.1/nios2eds/bin/gnu/H-i686-pc-linux-gnu/bin/../lib/gcc/nios2-elf/4.1.2/../../../../nios2-elf/lib/mno-hw-mul/libc.a(lib_a-int_errno.o)
 .bss           0x00822f0c        0x0 /OPT/altera/12.1/nios2eds/bin/gnu/H-i686-pc-linux-gnu/bin/../lib/gcc/nios2-elf/4.1.2/../../../../nios2-elf/lib/mno-hw-mul/libc.a(lib_a-isattyr.o)
 .bss           0x00822f0c        0x0 /OPT/altera/12.1/nios2eds/bin/gnu/H-i686-pc-linux-gnu/bin/../lib/gcc/nios2-elf/4.1.2/../../../../nios2-elf/lib/mno-hw-mul/libc.a(lib_a-lseekr.o)
 .bss           0x00822f0c        0x0 /OPT/altera/12.1/nios2eds/bin/gnu/H-i686-pc-linux-gnu/bin/../lib/gcc/nios2-elf/4.1.2/../../../../nios2-elf/lib/mno-hw-mul/libc.a(lib_a-readr.o)
 .bss           0x00822f0c        0x0 /OPT/altera/12.1/nios2eds/bin/gnu/H-i686-pc-linux-gnu/bin/../lib/gcc/nios2-elf/4.1.2/mno-hw-mul/libgcc.a(_udivdi3.o)
 .bss           0x00822f0c        0x0 /OPT/altera/12.1/nios2eds/bin/gnu/H-i686-pc-linux-gnu/bin/../lib/gcc/nios2-elf/4.1.2/mno-hw-mul/libgcc.a(_umoddi3.o)
 .bss           0x00822f0c        0x0 /OPT/altera/12.1/nios2eds/bin/gnu/H-i686-pc-linux-gnu/bin/../lib/gcc/nios2-elf/4.1.2/mno-hw-mul/libgcc.a(_addsub_df.o)
 .bss           0x00822f0c        0x0 /OPT/altera/12.1/nios2eds/bin/gnu/H-i686-pc-linux-gnu/bin/../lib/gcc/nios2-elf/4.1.2/mno-hw-mul/libgcc.a(_mul_df.o)
 .bss           0x00822f0c        0x0 /OPT/altera/12.1/nios2eds/bin/gnu/H-i686-pc-linux-gnu/bin/../lib/gcc/nios2-elf/4.1.2/mno-hw-mul/libgcc.a(_div_df.o)
 .bss           0x00822f0c        0x0 /OPT/altera/12.1/nios2eds/bin/gnu/H-i686-pc-linux-gnu/bin/../lib/gcc/nios2-elf/4.1.2/mno-hw-mul/libgcc.a(_eq_df.o)
 .bss           0x00822f0c        0x0 /OPT/altera/12.1/nios2eds/bin/gnu/H-i686-pc-linux-gnu/bin/../lib/gcc/nios2-elf/4.1.2/mno-hw-mul/libgcc.a(_ne_df.o)
 .bss           0x00822f0c        0x0 /OPT/altera/12.1/nios2eds/bin/gnu/H-i686-pc-linux-gnu/bin/../lib/gcc/nios2-elf/4.1.2/mno-hw-mul/libgcc.a(_gt_df.o)
 .bss           0x00822f0c        0x0 /OPT/altera/12.1/nios2eds/bin/gnu/H-i686-pc-linux-gnu/bin/../lib/gcc/nios2-elf/4.1.2/mno-hw-mul/libgcc.a(_ge_df.o)
 .bss           0x00822f0c        0x0 /OPT/altera/12.1/nios2eds/bin/gnu/H-i686-pc-linux-gnu/bin/../lib/gcc/nios2-elf/4.1.2/mno-hw-mul/libgcc.a(_lt_df.o)
 .bss           0x00822f0c        0x0 /OPT/altera/12.1/nios2eds/bin/gnu/H-i686-pc-linux-gnu/bin/../lib/gcc/nios2-elf/4.1.2/mno-hw-mul/libgcc.a(_si_to_df.o)
 .bss           0x00822f0c        0x0 /OPT/altera/12.1/nios2eds/bin/gnu/H-i686-pc-linux-gnu/bin/../lib/gcc/nios2-elf/4.1.2/mno-hw-mul/libgcc.a(_df_to_si.o)
 .bss           0x00822f0c        0x0 /OPT/altera/12.1/nios2eds/bin/gnu/H-i686-pc-linux-gnu/bin/../lib/gcc/nios2-elf/4.1.2/mno-hw-mul/libgcc.a(_thenan_df.o)
 .bss           0x00822f0c        0x0 /OPT/altera/12.1/nios2eds/bin/gnu/H-i686-pc-linux-gnu/bin/../lib/gcc/nios2-elf/4.1.2/mno-hw-mul/libgcc.a(_usi_to_df.o)
 .bss           0x00822f0c        0x0 /OPT/altera/12.1/nios2eds/bin/gnu/H-i686-pc-linux-gnu/bin/../lib/gcc/nios2-elf/4.1.2/mno-hw-mul/libgcc.a(_muldi3.o)
 .bss           0x00822f0c        0x0 /OPT/altera/12.1/nios2eds/bin/gnu/H-i686-pc-linux-gnu/bin/../lib/gcc/nios2-elf/4.1.2/mno-hw-mul/libgcc.a(_clz.o)
 .bss           0x00822f0c        0x0 /OPT/altera/12.1/nios2eds/bin/gnu/H-i686-pc-linux-gnu/bin/../lib/gcc/nios2-elf/4.1.2/mno-hw-mul/libgcc.a(_clzsi2.o)
 .bss           0x00822f0c        0x0 /OPT/altera/12.1/nios2eds/bin/gnu/H-i686-pc-linux-gnu/bin/../lib/gcc/nios2-elf/4.1.2/mno-hw-mul/libgcc.a(_pack_df.o)
 .bss           0x00822f0c        0x0 /OPT/altera/12.1/nios2eds/bin/gnu/H-i686-pc-linux-gnu/bin/../lib/gcc/nios2-elf/4.1.2/mno-hw-mul/libgcc.a(_unpack_df.o)
 .bss           0x00822f0c        0x0 /OPT/altera/12.1/nios2eds/bin/gnu/H-i686-pc-linux-gnu/bin/../lib/gcc/nios2-elf/4.1.2/mno-hw-mul/libgcc.a(_fpcmp_parts_df.o)
 .bss           0x00822f0c        0x0 ../sdcard_bsp//libucosii_bsp.a(alt_close.o)
 .bss           0x00822f0c        0x0 ../sdcard_bsp//libucosii_bsp.a(alt_dev.o)
 .bss           0x00822f0c        0x0 ../sdcard_bsp//libucosii_bsp.a(alt_errno.o)
 .bss           0x00822f0c        0x0 ../sdcard_bsp//libucosii_bsp.a(alt_fstat.o)
 .bss           0x00822f0c        0x0 ../sdcard_bsp//libucosii_bsp.a(alt_isatty.o)
 .bss           0x00822f0c        0x0 ../sdcard_bsp//libucosii_bsp.a(alt_load.o)
 .bss           0x00822f0c        0x0 ../sdcard_bsp//libucosii_bsp.a(alt_lseek.o)
 .bss           0x00822f0c        0x0 ../sdcard_bsp//libucosii_bsp.a(alt_main.o)
 .bss           0x00822f0c        0x0 ../sdcard_bsp//libucosii_bsp.a(alt_read.o)
 .bss           0x00822f0c        0x0 ../sdcard_bsp//libucosii_bsp.a(alt_release_fd.o)
 .bss           0x00822f0c        0x0 ../sdcard_bsp//libucosii_bsp.a(alt_sbrk.o)
 .bss           0x00822f0c        0x0 ../sdcard_bsp//libucosii_bsp.a(alt_write.o)
 .bss           0x00822f0c        0x0 ../sdcard_bsp//libucosii_bsp.a(alt_env_lock.o)
 .bss           0x00822f0c        0x0 ../sdcard_bsp//libucosii_bsp.a(alt_malloc_lock.o)
 .bss           0x00822f0c        0x0 ../sdcard_bsp//libucosii_bsp.a(os_core.o)
 .bss           0x00822f0c        0x0 ../sdcard_bsp//libucosii_bsp.a(os_dbg.o)
 .bss           0x00822f0c        0x0 ../sdcard_bsp//libucosii_bsp.a(os_flag.o)
 .bss           0x00822f0c        0x0 ../sdcard_bsp//libucosii_bsp.a(os_mem.o)
 .bss           0x00822f0c        0x0 ../sdcard_bsp//libucosii_bsp.a(os_q.o)
 .bss           0x00822f0c        0x0 ../sdcard_bsp//libucosii_bsp.a(os_sem.o)
 .bss           0x00822f0c        0x0 ../sdcard_bsp//libucosii_bsp.a(os_task.o)
 .bss           0x00822f0c        0x0 ../sdcard_bsp//libucosii_bsp.a(os_time.o)
 .bss           0x00822f0c        0x0 ../sdcard_bsp//libucosii_bsp.a(alt_sys_init.o)
 .bss           0x00822f0c        0x0 ../sdcard_bsp//libucosii_bsp.a(altera_avalon_jtag_uart_fd.o)
 .bss           0x00822f0c        0x0 ../sdcard_bsp//libucosii_bsp.a(altera_avalon_jtag_uart_init.o)
 .bss           0x00822f0c        0x0 ../sdcard_bsp//libucosii_bsp.a(altera_avalon_jtag_uart_ioctl.o)
 .bss           0x00822f0c        0x0 ../sdcard_bsp//libucosii_bsp.a(altera_avalon_jtag_uart_read.o)
 .bss           0x00822f0c        0x0 ../sdcard_bsp//libucosii_bsp.a(altera_avalon_jtag_uart_write.o)
 .bss           0x00822f0c        0x0 ../sdcard_bsp//libucosii_bsp.a(altera_avalon_timer_sc.o)
 .bss           0x00822f0c        0x0 ../sdcard_bsp//libucosii_bsp.a(altera_up_avalon_character_lcd.o)
 .bss           0x00822f0c        0x0 ../sdcard_bsp//libucosii_bsp.a(alt_alarm_start.o)
 .bss           0x00822f0c        0x0 ../sdcard_bsp//libucosii_bsp.a(alt_dcache_flush_all.o)
 .bss           0x00822f0c        0x0 ../sdcard_bsp//libucosii_bsp.a(alt_dev_llist_insert.o)
 .bss           0x00822f0c        0x0 ../sdcard_bsp//libucosii_bsp.a(alt_do_ctors.o)
 .bss           0x00822f0c        0x0 ../sdcard_bsp//libucosii_bsp.a(alt_do_dtors.o)
 .bss           0x00822f0c        0x0 ../sdcard_bsp//libucosii_bsp.a(alt_find_dev.o)
 .bss           0x00822f0c        0x0 ../sdcard_bsp//libucosii_bsp.a(alt_icache_flush_all.o)
 .bss           0x00822f0c        0x0 ../sdcard_bsp//libucosii_bsp.a(alt_io_redirect.o)
 .bss           0x00822f0c        0x0 ../sdcard_bsp//libucosii_bsp.a(alt_irq_register.o)
 .bss           0x00822f0c        0x0 ../sdcard_bsp//libucosii_bsp.a(alt_irq_vars.o)
 .bss           0x00822f0c        0x0 ../sdcard_bsp//libucosii_bsp.a(alt_open.o)
 .bss           0x00822f0c        0x0 ../sdcard_bsp//libucosii_bsp.a(alt_tick.o)
 .bss           0x00822f0c        0x0 ../sdcard_bsp//libucosii_bsp.a(altera_nios2_qsys_irq.o)
 .bss           0x00822f0c        0x0 ../sdcard_bsp//libucosii_bsp.a(os_cpu_a.o)
 .bss           0x00822f0c        0x0 ../sdcard_bsp//libucosii_bsp.a(os_cpu_c.o)
 .bss           0x00822f0c        0x0 ../sdcard_bsp//libucosii_bsp.a(alt_find_file.o)
 .bss           0x00822f0c        0x0 ../sdcard_bsp//libucosii_bsp.a(alt_get_fd.o)
 .bss           0x00822f0c        0x0 ../sdcard_bsp//libucosii_bsp.a(alt_irq_entry.o)
 .bss           0x00822f0c        0x0 ../sdcard_bsp//libucosii_bsp.a(alt_irq_handler.o)
 .bss           0x00822f0c        0x0 ../sdcard_bsp//libucosii_bsp.a(alt_exception_entry.o)
 .bss           0x00822f0c        0x0 /OPT/altera/12.1/nios2eds/bin/gnu/H-i686-pc-linux-gnu/bin/../lib/gcc/nios2-elf/4.1.2/../../../../nios2-elf/lib/mno-hw-mul/libc.a(lib_a-atexit.o)