Archive member included because of file (symbol)

/OPT/altera/12.1/nios2eds/bin/gnu/H-i686-pc-linux-gnu/bin/../lib/gcc/nios2-elf/4.1.2/mno-hw-mul/libgcc.a(lib2-divmod.o)
                              obj/default/efsl/fs.o (__divsi3)
/OPT/altera/12.1/nios2eds/bin/gnu/H-i686-pc-linux-gnu/bin/../lib/gcc/nios2-elf/4.1.2/mno-hw-mul/libgcc.a(lib2-mul.o)
                              obj/default/efsl/file.o (__mulsi3)
/OPT/altera/12.1/nios2eds/bin/gnu/H-i686-pc-linux-gnu/bin/../lib/gcc/nios2-elf/4.1.2/../../../../nios2-elf/lib/mno-hw-mul/libc.a(lib_a-malloc.o)
                              obj/default/sdCardREAD.o (free)
/OPT/altera/12.1/nios2eds/bin/gnu/H-i686-pc-linux-gnu/bin/../lib/gcc/nios2-elf/4.1.2/../../../../nios2-elf/lib/mno-hw-mul/libc.a(lib_a-mallocr.o)
                              /OPT/altera/12.1/nios2eds/bin/gnu/H-i686-pc-linux-gnu/bin/../lib/gcc/nios2-elf/4.1.2/../../../../nios2-elf/lib/mno-hw-mul/libc.a(lib_a-malloc.o) (_malloc_r)
/OPT/altera/12.1/nios2eds/bin/gnu/H-i686-pc-linux-gnu/bin/../lib/gcc/nios2-elf/4.1.2/../../../../nios2-elf/lib/mno-hw-mul/libc.a(lib_a-memcpy.o)
                              obj/default/efsl/nios2_ramdisk.o (memcpy)
/OPT/altera/12.1/nios2eds/bin/gnu/H-i686-pc-linux-gnu/bin/../lib/gcc/nios2-elf/4.1.2/../../../../nios2-elf/lib/mno-hw-mul/libc.a(lib_a-printf.o)
                              obj/default/efsl/ioman.o (printf)
/OPT/altera/12.1/nios2eds/bin/gnu/H-i686-pc-linux-gnu/bin/../lib/gcc/nios2-elf/4.1.2/../../../../nios2-elf/lib/mno-hw-mul/libc.a(lib_a-putchar.o)
                              obj/default/efsl/sd.o (putchar)
/OPT/altera/12.1/nios2eds/bin/gnu/H-i686-pc-linux-gnu/bin/../lib/gcc/nios2-elf/4.1.2/../../../../nios2-elf/lib/mno-hw-mul/libc.a(lib_a-puts.o)
                              obj/default/efsl/fat.o (puts)
/OPT/altera/12.1/nios2eds/bin/gnu/H-i686-pc-linux-gnu/bin/../lib/gcc/nios2-elf/4.1.2/../../../../nios2-elf/lib/mno-hw-mul/libc.a(lib_a-sbrkr.o)
                              /OPT/altera/12.1/nios2eds/bin/gnu/H-i686-pc-linux-gnu/bin/../lib/gcc/nios2-elf/4.1.2/../../../../nios2-elf/lib/mno-hw-mul/libc.a(lib_a-mallocr.o) (_sbrk_r)
/OPT/altera/12.1/nios2eds/bin/gnu/H-i686-pc-linux-gnu/bin/../lib/gcc/nios2-elf/4.1.2/../../../../nios2-elf/lib/mno-hw-mul/libc.a(lib_a-strlen.o)
                              /OPT/altera/12.1/nios2eds/bin/gnu/H-i686-pc-linux-gnu/bin/../lib/gcc/nios2-elf/4.1.2/../../../../nios2-elf/lib/mno-hw-mul/libc.a(lib_a-puts.o) (strlen)
/OPT/altera/12.1/nios2eds/bin/gnu/H-i686-pc-linux-gnu/bin/../lib/gcc/nios2-elf/4.1.2/../../../../nios2-elf/lib/mno-hw-mul/libc.a(lib_a-vfprintf.o)
                              /OPT/altera/12.1/nios2eds/bin/gnu/H-i686-pc-linux-gnu/bin/../lib/gcc/nios2-elf/4.1.2/../../../../nios2-elf/lib/mno-hw-mul/libc.a(lib_a-printf.o) (___vfprintf_internal_r)
/OPT/altera/12.1/nios2eds/bin/gnu/H-i686-pc-linux-gnu/bin/../lib/gcc/nios2-elf/4.1.2/../../../../nios2-elf/lib/mno-hw-mul/libc.a(lib_a-wsetup.o)
                              /OPT/altera/12.1/nios2eds/bin/gnu/H-i686-pc-linux-gnu/bin/../lib/gcc/nios2-elf/4.1.2/../../../../nios2-elf/lib/mno-hw-mul/libc.a(lib_a-vfprintf.o) (__swsetup_r)
/OPT/altera/12.1/nios2eds/bin/gnu/H-i686-pc-linux-gnu/bin/../lib/gcc/nios2-elf/4.1.2/../../../../nios2-elf/lib/mno-hw-mul/libc.a(lib_a-dtoa.o)
                              /OPT/altera/12.1/nios2eds/bin/gnu/H-i686-pc-linux-gnu/bin/../lib/gcc/nios2-elf/4.1.2/../../../../nios2-elf/lib/mno-hw-mul/libc.a(lib_a-vfprintf.o) (_dtoa_r)
/OPT/altera/12.1/nios2eds/bin/gnu/H-i686-pc-linux-gnu/bin/../lib/gcc/nios2-elf/4.1.2/../../../../nios2-elf/lib/mno-hw-mul/libc.a(lib_a-fflush.o)
                              /OPT/altera/12.1/nios2eds/bin/gnu/H-i686-pc-linux-gnu/bin/../lib/gcc/nios2-elf/4.1.2/../../../../nios2-elf/lib/mno-hw-mul/libc.a(lib_a-vfprintf.o) (_fflush_r)
/OPT/altera/12.1/nios2eds/bin/gnu/H-i686-pc-linux-gnu/bin/../lib/gcc/nios2-elf/4.1.2/../../../../nios2-elf/lib/mno-hw-mul/libc.a(lib_a-findfp.o)
                              /OPT/altera/12.1/nios2eds/bin/gnu/H-i686-pc-linux-gnu/bin/../lib/gcc/nios2-elf/4.1.2/../../../../nios2-elf/lib/mno-hw-mul/libc.a(lib_a-vfprintf.o) (__sinit)
/OPT/altera/12.1/nios2eds/bin/gnu/H-i686-pc-linux-gnu/bin/../lib/gcc/nios2-elf/4.1.2/../../../../nios2-elf/lib/mno-hw-mul/libc.a(lib_a-freer.o)
                              /OPT/altera/12.1/nios2eds/bin/gnu/H-i686-pc-linux-gnu/bin/../lib/gcc/nios2-elf/4.1.2/../../../../nios2-elf/lib/mno-hw-mul/libc.a(lib_a-malloc.o) (_free_r)
/OPT/altera/12.1/nios2eds/bin/gnu/H-i686-pc-linux-gnu/bin/../lib/gcc/nios2-elf/4.1.2/../../../../nios2-elf/lib/mno-hw-mul/libc.a(lib_a-fvwrite.o)
                              /OPT/altera/12.1/nios2eds/bin/gnu/H-i686-pc-linux-gnu/bin/../lib/gcc/nios2-elf/4.1.2/../../../../nios2-elf/lib/mno-hw-mul/libc.a(lib_a-puts.o) (__sfvwrite_r)
/OPT/altera/12.1/nios2eds/bin/gnu/H-i686-pc-linux-gnu/bin/../lib/gcc/nios2-elf/4.1.2/../../../../nios2-elf/lib/mno-hw-mul/libc.a(lib_a-fwalk.o)
[...]
Memory Configuration

Name             Origin             Length             Attributes
sdram_0          0x00800000         0x00800000
sram_0           0x01080000         0x00080000
reset            0x01104000         0x00000020
onchip_memory2_0 0x01104020         0x00003fe0
*default*        0x00000000         0xffffffff

Linker script and memory map

LOAD ../sdcard_bsp//obj/HAL/src/crt0.o
LOAD obj/default/efsl/debug.o
LOAD obj/default/efsl/dir.o
LOAD obj/default/efsl/disc.o
LOAD obj/default/efsl/efs.o
LOAD obj/default/efsl/extract.o
LOAD obj/default/efsl/fat.o
LOAD obj/default/efsl/file.o
LOAD obj/default/efsl/fs.o
LOAD obj/default/efsl/ioman.o
LOAD obj/default/efsl/ls.o
LOAD obj/default/efsl/mkfs.o
LOAD obj/default/efsl/nios2.o
LOAD obj/default/efsl/nios2_ramdisk.o
LOAD obj/default/efsl/partition.o
LOAD obj/default/efsl/plibc.o
LOAD obj/default/efsl/sd.o
LOAD obj/default/efsl/time.o
LOAD obj/default/efsl/ui.o
LOAD obj/default/sdCardREAD.o
LOAD /OPT/altera/12.1/nios2eds/bin/gnu/H-i686-pc-linux-gnu/bin/../lib/gcc/nios2-elf/4.1.2/../../../../nios2-elf/lib/mno-hw-mul/libstdc++.a
LOAD /OPT/altera/12.1/nios2eds/bin/gnu/H-i686-pc-linux-gnu/bin/../lib/gcc/nios2-elf/4.1.2/../../../../nios2-elf/lib/mno-hw-mul/libm.a
LOAD /OPT/altera/12.1/nios2eds/bin/gnu/H-i686-pc-linux-gnu/bin/../lib/gcc/nios2-elf/4.1.2/mno-hw-mul/libgcc.a
START GROUP
LOAD /OPT/altera/12.1/nios2eds/bin/gnu/H-i686-pc-linux-gnu/bin/../lib/gcc/nios2-elf/4.1.2/../../../../nios2-elf/lib/mno-hw-mul/libc.a
LOAD /OPT/altera/12.1/nios2eds/bin/gnu/H-i686-pc-linux-gnu/bin/../lib/gcc/nios2-elf/4.1.2/mno-hw-mul/libgcc.a
LOAD ../sdcard_bsp//libucosii_bsp.a
END GROUP
LOAD /OPT/altera/12.1/nios2eds/bin/gnu/H-i686-pc-linux-gnu/bin/../lib/gcc/nios2-elf/4.1.2/mno-hw-mul/libgcc.a
                0x00800000                __alt_mem_sdram_0 = 0x800000
                0x01080000                __alt_mem_sram_0 = 0x1080000
                0x01104000                __alt_mem_onchip_memory2_0 = 0x1104000

.entry          0x01104000       0x20
 *(.entry)
 .entry         0x01104000       0x20 ../sdcard_bsp//obj/HAL/src/crt0.o
                0x01104000                __reset

.exceptions     0x01104020      0x1a0 load address 0x00800000
                0x01104020                PROVIDE (__ram_exceptions_start, ABSOLUTE (.))
                0x01104020                . = ALIGN (0x20)
 *(.irq)
 *(.exceptions.entry.label)
 .exceptions.entry.label
                0x01104020        0x0 ../sdcard_bsp//libucosii_bsp.a(alt_irq_entry.o)
                0x01104020                alt_irq_entry
 .exceptions.entry.label
                0x01104020        0x0 ../sdcard_bsp//libucosii_bsp.a(alt_exception_entry.o)
                0x01104020                alt_exception
 *(.exceptions.entry.user)
 *(.exceptions.entry)
 .exceptions.entry
                0x01104020       0x54 ../sdcard_bsp//libucosii_bsp.a(alt_exception_entry.o)
 *(.exceptions.irqtest.user)
 *(.exceptions.irqtest)
 .exceptions.irqtest
                0x01104074       0x10 ../sdcard_bsp//libucosii_bsp.a(alt_irq_entry.o)
 *(.exceptions.irqhandler.user)
 *(.exceptions.irqhandler)
 .exceptions.irqhandler
                0x01104084        0x4 ../sdcard_bsp//libucosii_bsp.a(alt_irq_entry.o)
 *(.exceptions.irqreturn.user)
 *(.exceptions.irqreturn)
 .exceptions.irqreturn
                0x01104088        0x4 ../sdcard_bsp//libucosii_bsp.a(alt_irq_entry.o)
 *(.exceptions.notirq.label)
 .exceptions.notirq.label
                0x0110408c        0x0 ../sdcard_bsp//libucosii_bsp.a(alt_irq_entry.o)
 *(.exceptions.notirq.user)
 *(.exceptions.notirq)
 .exceptions.notirq
                0x0110408c        0x8 ../sdcard_bsp//libucosii_bsp.a(alt_exception_entry.o)
 *(.exceptions.soft.user)
 *(.exceptions.soft)
 *(.exceptions.unknown.user)
 *(.exceptions.unknown)
 .exceptions.unknown
                0x01104094        0x4 ../sdcard_bsp//libucosii_bsp.a(alt_exception_entry.o)
 *(.exceptions.exit.label)
 .exceptions.exit.label
                0x01104098        0x0 ../sdcard_bsp//libucosii_bsp.a(alt_irq_entry.o)
 .exceptions.exit.label
                0x01104098        0x0 ../sdcard_bsp//libucosii_bsp.a(alt_exception_entry.o)
 *(.exceptions.exit.user)
 *(.exceptions.exit)
 .exceptions.exit
                0x01104098       0x54 ../sdcard_bsp//libucosii_bsp.a(alt_exception_entry.o)
 *(.exceptions)
 .exceptions    0x011040ec       0xd4 ../sdcard_bsp//libucosii_bsp.a(alt_irq_handler.o)
                0x011040ec                alt_irq_handler
                0x011041c0                PROVIDE (__ram_exceptions_end, ABSOLUTE (.))
                0x00800000                PROVIDE (__flash_exceptions_start, LOADADDR (.exceptions))

.text           0x008001a0    0x1eb4c
                0x008001a0                PROVIDE (stext, ABSOLUTE (.))
 *(.interp)
 *(.hash)
 *(.dynsym)
 *(.dynstr)
 *(.gnu.version)
 *(.gnu.version_d)
 *(.gnu.version_r)
 *(.rel.init)
 *(.rela.init)
 *(.rel.text .rel.text.* .rel.gnu.linkonce.t.*)
 *(.rela.text .rela.text.* .rela.gnu.linkonce.t.*)
 *(.rel.fini)
 *(.rela.fini)
 *(.rel.rodata .rel.rodata.* .rel.gnu.linkonce.r.*)
 *(.rela.rodata .rela.rodata.* .rela.gnu.linkonce.r.*)
 *(.rel.data .rel.data.* .rel.gnu.linkonce.d.*)
 *(.rela.data .rela.data.* .rela.gnu.linkonce.d.*)
 *(.rel.tdata .rel.tdata.* .rel.gnu.linkonce.td.*)
 *(.rela.tdata .rela.tdata.* .rela.gnu.linkonce.td.*)
 *(.rel.tbss .rel.tbss.* .rel.gnu.linkonce.tb.*)
 *(.rela.tbss .rela.tbss.* .rela.gnu.linkonce.tb.*)
 *(.rel.ctors)
 *(.rela.ctors)
 *(.rel.dtors)
 *(.rela.dtors)
 *(.rel.got)
 *(.rela.got)
 *(.rel.sdata .rel.sdata.* .rel.gnu.linkonce.s.*)
 *(.rela.sdata .rela.sdata.* .rela.gnu.linkonce.s.*)
 *(.rel.sbss .rel.sbss.* .rel.gnu.linkonce.sb.*)
 *(.rela.sbss .rela.sbss.* .rela.gnu.linkonce.sb.*)
 *(.rel.sdata2 .rel.sdata2.* .rel.gnu.linkonce.s2.*)
 *(.rela.sdata2 .rela.sdata2.* .rela.gnu.linkonce.s2.*)
 *(.rel.sbss2 .rel.sbss2.* .rel.gnu.linkonce.sb2.*)
 *(.rela.sbss2 .rela.sbss2.* .rela.gnu.linkonce.sb2.*)
 *(.rel.bss .rel.bss.* .rel.gnu.linkonce.b.*)
 *(.rela.bss .rela.bss.* .rela.gnu.linkonce.b.*)
 *(.rel.plt)
 *(.rela.plt)
 *(.rel.dyn)
 *(.init)
 *(.plt)
 *(.text .stub .text.* .gnu.linkonce.t.*)
 .text          0x008001a0       0x3c ../sdcard_bsp//obj/HAL/src/crt0.o
                0x008001a0                _start
 .text          0x008001dc        0x0 obj/default/efsl/debug.o
 .text          0x008001dc      0xb40 obj/default/efsl/dir.o
                0x008001dc                dir_getFileStructure
                0x00800298                dir_createDirectoryEntry
                0x0080031c                dir_createDefaultEntry
                0x008003cc                dir_setFirstCluster
                0x00800474                dir_setFileSize
                0x008004f4                dir_updateDirectoryEntry
                0x0080057c                dir_findFileinBuf
                0x008006d4                dir_findFreeEntryinBuf
                0x008007cc                dir_findinBuf
                0x00800858                dir_findinCluster
                0x0080097c                dir_findinDir
                0x00800a74                dir_findinRootArea
                0x00800bb8                dir_getFatFileName
                0x00800c8c                dir_addCluster
 .text          0x00800d1c       0xe4 obj/default/efsl/disc.o
                0x00800d1c                disc_initDisc
                0x00800d64                disc_loadMBR
 .text          0x00800e00      0x128 obj/default/efsl/efs.o
                0x00800e00                efs_init
 .text          0x00800f28      0x354 obj/default/efsl/extract.o
                0x00800f28                ex_getb16
                0x00800f88                ex_getb32
                0x00801020                ex_setb16
                0x00801078                ex_setb32
                0x00801108                ex_getPartitionField
                0x00801254                ex_setPartitionField
 .text          0x0080127c     0x1504 obj/default/efsl/fat.o
                0x0080127c                fat_getSectorAddressFatEntry
                0x008013a4                fat_getNextClusterAddress
                0x008015cc                fat_setNextClusterAddress
                0x00801940                fat_isEocMarker
                0x008019f4                fat_giveEocMarker
                0x00801a7c                fat_getNextClusterAddressWBuf
                0x00801c44                fat_setNextClusterAddressWBuf
                0x00801f28                fat_getNextClusterChain
                0x008020d8                fat_LogicToDiscCluster
                0x00802208                fat_allocClusterChain
                0x008024d4                fat_unlinkClusterChain
                0x008025ac                fat_countClustersInChain
                0x00802650                fat_DiscToLogicCluster
                0x00802700                fat_countFreeClusters
 .text          0x00802780     0x12bc obj/default/efsl/file.o
                0x00802780                file_fread
                0x00802a18                file_read
                0x00802a80                file_write
                0x00802ae8                file_setpos
                0x00802b3c                file_fwrite
                0x00802e88                file_fopen
                0x00803300                file_fclose
                0x00803400                file_initFile
                0x008034bc                file_normalToFatName
                0x00803734                file_validateChar
                0x0080381c                file_setAttr
                0x008038a8                file_getAttr
                0x008038ec                file_requiredCluster
 .text          0x00803a3c     0x11bc obj/default/efsl/fs.o
                0x00803a3c                fs_initFs
                0x00803af8                fs_isValidFat
                0x00803b6c                fs_loadVolumeId
                0x00803ca8                fs_verifySanity
                0x00803e44                fs_countDataSectors
                0x00803fac                fs_determineFatType
                0x00804028                fs_findFirstSectorRootDir
                0x00804104                fs_initCurrentDir
                0x00804140                fs_clusterToSector
                0x00804220                fs_sectorToCluster
                0x0080431c                fs_getNextFreeCluster
                0x0080439c                fs_giveFreeClusterHint
                0x008043c0                fs_findFile
                0x00804600                fs_findFreeFile
                0x00804720                fs_getLastCluster
                0x008047f8                fs_getFirstClusterRootDir
                0x0080484c                fs_initClusterChain
                0x008048ac                fs_setFirstClusterInDirEntry
                0x008048f4                fs_flushFs
                0x00804940                fs_umount
                0x0080497c                fs_clearCluster
                0x00804a2c                fs_getFsInfo
                0x00804b28                fs_setFsInfo
 .text          0x00804bf8     0x1dfc obj/default/efsl/ioman.o
                0x00804bf8                ioman_init
                0x00804c70                ioman_reset
                0x00804de0                ioman_getBuffer
                0x00804e0c                ioman_setAttr
                0x00804ef0                ioman_getAttr
                0x00804f78                ioman_getUseCnt
                0x00804fe4                ioman_incUseCnt
                0x00805078                ioman_decUseCnt
                0x0080510c                ioman_resetUseCnt
                0x00805168                ioman_getRefCnt
                0x008051d4                ioman_incRefCnt
                0x00805268                ioman_decRefCnt
                0x008052fc                ioman_resetRefCnt
                0x00805358                ioman_pop
                0x0080552c                ioman_push
                0x008056ec                ioman_getPtr
                0x00805754                ioman_getBp
                0x0080580c                ioman_readSector
                0x00805898                ioman_writeSector
                0x00805924                ioman_resetCacheItem
                0x008059c4                ioman_findSectorInCache
                0x00805a70                ioman_findFreeSpot
                0x00805af4                ioman_findUnusedSpot
                0x00805c64                ioman_findOverallocableSpot
                0x00805db8                ioman_putSectorInCache
                0x00805e94                ioman_flushSector
                0x00805fa8                ioman_flushRange
                0x008060fc                ioman_flushAll
                0x008061d0                ioman_getSector
                0x008064dc                ioman_releaseSector
                0x008065bc                ioman_directSectorRead
                0x008066e4                ioman_directSectorWrite
                0x00806850                ioman_printStatus
 .text          0x008069f4      0x588 obj/default/efsl/ls.o
                0x008069f4                ls_openDir
                0x00806aac                ls_getDirEntry
                0x00806b38                ls_getNext
                0x00806be0                ls_getRealDirEntry
                0x00806d38                ls_getRootAreaEntry
                0x00806e48                ls_isValidFileEntry
                0x00806ed8                ls_fileEntryToDirListEntry
 .text          0x00806f7c      0x3e4 obj/default/efsl/mkfs.o
                0x00806f7c                mkfs_makevfat
 .text          0x00807360      0x4c0 obj/default/efsl/nios2.o
                0x00807360                if_initInterface
                0x00807440                if_readBuf
                0x00807490                if_writeBuf
                0x008074dc                if_setPos
                0x00807504                if_spiInit
                0x00807548                if_spiSend
                0x00807668                if_spi_sendbuf
                0x00807738                if_spi_readbuf
 .text          0x00807820      0x134 obj/default/efsl/nios2_ramdisk.o
                0x0080792c                ramdisk_init
 .text          0x00807954      0x46c obj/default/efsl/partition.o
                0x00807954                part_initPartition
                0x00807a04                part_isFatPart
                0x00807a80                part_readBuf
                0x00807af0                part_writeBuf
                0x00807b60                part_getRealLBA
                0x00807bb8                part_getSect
                0x00807c18                part_relSect
                0x00807c64                part_flushPart
                0x00807ce8                part_directSectorRead
                0x00807d54                part_directSectorWrite
 .text          0x00807dc0      0x1b4 obj/default/efsl/plibc.o
                0x00807dc0                strMatch
                0x00807e58                memCpy
                0x00807ec4                memClr
                0x00807f18                memSet
 .text          0x00807f74      0xa28 obj/default/efsl/sd.o
                0x00807f74                sd_Init
                0x008080b4                sd_Command
                0x00808168                sd_Resp8b
                0x008081e4                sd_Resp16b
                0x0080824c                sd_Resp8bError
                0x00808424                sd_State
                0x008085e0                sd_writeSector
                0x008086b4                sd_readSector
                0x008087b8                sd_getDriveSize
 .text          0x0080899c       0x60 obj/default/efsl/time.o
                0x0080899c                fs_makeDate
                0x008089bc                fs_makeTime
                0x008089dc                fs_hasTimeSupport
 .text          0x008089fc      0x708 obj/default/efsl/ui.o
                0x008089fc                listFiles
                0x00808cfc                rmfile
                0x00808e3c                makedir
 .text          0x00809104      0x1a8 obj/default/sdCardREAD.o
                0x00809104                main
 .text          0x008092ac      0x14c /OPT/altera/12.1/nios2eds/bin/gnu/H-i686-pc-linux-gnu/bin/../lib/gcc/nios2-elf/4.1.2/mno-hw-mul/libgcc.a(lib2-divmod.o)
                0x00809328                __divsi3
                0x00809388                __modsi3
                0x008093e8                __udivsi3
                0x008093f0                __umodsi3
 .text          0x008093f8       0x38 /OPT/altera/12.1/nios2eds/bin/gnu/H-i686-pc-linux-gnu/bin/../lib/gcc/nios2-elf/4.1.2/mno-hw-mul/libgcc.a(lib2-mul.o)
                0x008093f8                __mulsi3
 .text          0x00809430       0x28 /OPT/altera/12.1/nios2eds/bin/gnu/H-i686-pc-linux-gnu/bin/../lib/gcc/nios2-elf/4.1.2/../../../../nios2-elf/lib/mno-hw-mul/libc.a(lib_a-malloc.o)
                0x00809430                free
                0x00809444                malloc
 .text          0x00809458      0x740 /OPT/altera/12.1/nios2eds/bin/gnu/H-i686-pc-linux-gnu/bin/../lib/gcc/nios2-elf/4.1.2/../../../../nios2-elf/lib/mno-hw-mul/libc.a(lib_a-mallocr.o)
                0x00809458                _malloc_r
 .text          0x00809b98       0xa0 /OPT/altera/12.1/nios2eds/bin/gnu/H-i686-pc-linux-gnu/bin/../lib/gcc/nios2-elf/4.1.2/../../../../nios2-elf/lib/mno-hw-mul/libc.a(lib_a-memcpy.o)
                0x00809b98                memcpy
 .text          0x00809c38       0x78 /OPT/altera/12.1/nios2eds/bin/gnu/H-i686-pc-linux-gnu/bin/../lib/gcc/nios2-elf/4.1.2/../../../../nios2-elf/lib/mno-hw-mul/libc.a(lib_a-printf.o)
                0x00809c38                printf
                0x00809c7c                _printf_r
 .text          0x00809cb0       0x24 /OPT/altera/12.1/nios2eds/bin/gnu/H-i686-pc-linux-gnu/bin/../lib/gcc/nios2-elf/4.1.2/../../../../nios2-elf/lib/mno-hw-mul/libc.a(lib_a-putchar.o)
                0x00809cb0                putchar
                0x00809ccc                _putchar_r
 .text          0x00809cd4       0xb4 /OPT/altera/12.1/nios2eds/bin/gnu/H-i686-pc-linux-gnu/bin/../lib/gcc/nios2-elf/4.1.2/../../../../nios2-elf/lib/mno-hw-mul/libc.a(lib_a-puts.o)
                0x00809cd4                _puts_r
                0x00809d74                puts
 .text          0x00809d88       0x70 /OPT/altera/12.1/nios2eds/bin/gnu/H-i686-pc-linux-gnu/bin/../lib/gcc/nios2-elf/4.1.2/../../../../nios2-elf/lib/mno-hw-mul/libc.a(lib_a-sbrkr.o)
                0x00809d88                _sbrk_r
 .text          0x00809df8       0x74 /OPT/altera/12.1/nios2eds/bin/gnu/H-i686-pc-linux-gnu/bin/../lib/gcc/nios2-elf/4.1.2/../../../../nios2-elf/lib/mno-hw-mul/libc.a(lib_a-strlen.o)
                0x00809df8                strlen
 .text          0x00809e6c     0x1f40 /OPT/altera/12.1/nios2eds/bin/gnu/H-i686-pc-linux-gnu/bin/../lib/gcc/nios2-elf/4.1.2/../../../../nios2-elf/lib/mno-hw-mul/libc.a(lib_a-vfprintf.o)
                0x00809ec4                ___vfprintf_internal_r
                0x0080bd88                __vfprintf_internal
 .text          0x0080bdac      0x13c /OPT/altera/12.1/nios2eds/bin/gnu/H-i686-pc-linux-gnu/bin/../lib/gcc/nios2-elf/4.1.2/../../../../nios2-elf/lib/mno-hw-mul/libc.a(lib_a-wsetup.o)
                0x0080bdac                __swsetup_r
 .text          0x0080bee8     0x17f8 /OPT/altera/12.1/nios2eds/bin/gnu/H-i686-pc-linux-gnu/bin/../lib/gcc/nios2-elf/4.1.2/../../../../nios2-elf/lib/mno-hw-mul/libc.a(lib_a-dtoa.o)
                0x0080c12c                _dtoa_r
 .text          0x0080d6e0      0x230 /OPT/altera/12.1/nios2eds/bin/gnu/H-i686-pc-linux-gnu/bin/../lib/gcc/nios2-elf/4.1.2/../../../../nios2-elf/lib/mno-hw-mul/libc.a(lib_a-fflush.o)
                0x0080d6e0                _fflush_r
                0x0080d8dc                fflush
 .text          0x0080d910      0x2f4 /OPT/altera/12.1/nios2eds/bin/gnu/H-i686-pc-linux-gnu/bin/../lib/gcc/nios2-elf/4.1.2/../../../../nios2-elf/lib/mno-hw-mul/libc.a(lib_a-findfp.o)
                0x0080d968                __sfp_lock_acquire
                0x0080d96c                __sfp_lock_release
                0x0080d970                __sinit_lock_acquire
                0x0080d974                __sinit_lock_release
                0x0080d978                __sinit
                0x0080da2c                __fp_unlock_all
                0x0080da44                __fp_lock_all
                0x0080da5c                _cleanup_r
                0x0080da68                _cleanup
                0x0080da78                __sfmoreglue
                0x0080db14                __sfp
 .text          0x0080dc04      0x440 /OPT/altera/12.1/nios2eds/bin/gnu/H-i686-pc-linux-gnu/bin/../lib/gcc/nios2-elf/4.1.2/../../../../nios2-elf/lib/mno-hw-mul/libc.a(lib_a-freer.o)
                0x0080dc04                _malloc_trim_r
                0x0080dd30                _free_r
 .text          0x0080e044      0x49c /OPT/altera/12.1/nios2eds/bin/gnu/H-i686-pc-linux-gnu/bin/../lib/gcc/nios2-elf/4.1.2/../../../../nios2-elf/lib/mno-hw-mul/libc.a(lib_a-fvwrite.o)
                0x0080e044                __sfvwrite_r
 .text          0x0080e4e0      0x180 /OPT/altera/12.1/nios2eds/bin/gnu/H-i686-pc-linux-gnu/bin/../lib/gcc/nios2-elf/4.1.2/../../../../nios2-elf/lib/mno-hw-mul/libc.a(lib_a-fwalk.o)
                0x0080e4e0                _fwalk_reent
                0x0080e5a8                _fwalk
 .text          0x0080e660        0x0 /OPT/altera/12.1/nios2eds/bin/gnu/H-i686-pc-linux-gnu/bin/../lib/gcc/nios2-elf/4.1.2/../../../../nios2-elf/lib/mno-hw-mul/libc.a(lib_a-impure.o)
 .text          0x0080e660        0x0 /OPT/altera/12.1/nios2eds/bin/gnu/H-i686-pc-linux-gnu/bin/../lib/gcc/nios2-elf/4.1.2/../../../../nios2-elf/lib/mno-hw-mul/libc.a(lib_a-int_errno.o)
 .text          0x0080e660       0xc4 /OPT/altera/12.1/nios2eds/bin/gnu/H-i686-pc-linux-gnu/bin/../lib/gcc/nios2-elf/4.1.2/../../../../nios2-elf/lib/mno-hw-mul/libc.a(lib_a-locale.o)
                0x0080e660                __locale_charset
                0x0080e668                _localeconv_r
                0x0080e674                localeconv
                0x0080e684                _setlocale_r
                0x0080e708                setlocale
 .text          0x0080e724      0x194 /OPT/altera/12.1/nios2eds/bin/gnu/H-i686-pc-linux-gnu/bin/../lib/gcc/nios2-elf/4.1.2/../../../../nios2-elf/lib/mno-hw-mul/libc.a(lib_a-makebuf.o)
                0x0080e724                __smakebuf_r
 .text          0x0080e8b8       0xe4 /OPT/altera/12.1/nios2eds/bin/gnu/H-i686-pc-linux-gnu/bin/../lib/gcc/nios2-elf/4.1.2/../../../../nios2-elf/lib/mno-hw-mul/libc.a(lib_a-memchr.o)
                0x0080e8b8                memchr
 .text          0x0080e99c       0xe0 /OPT/altera/12.1/nios2eds/bin/gnu/H-i686-pc-linux-gnu/bin/../lib/gcc/nios2-elf/4.1.2/../../../../nios2-elf/lib/mno-hw-mul/libc.a(lib_a-memmove.o)
                0x0080e99c                memmove
 .text          0x0080ea7c       0x98 /OPT/altera/12.1/nios2eds/bin/gnu/H-i686-pc-linux-gnu/bin/../lib/gcc/nios2-elf/4.1.2/../../../../nios2-elf/lib/mno-hw-mul/libc.a(lib_a-memset.o)
                0x0080ea7c                memset
 .text          0x0080eb14     0x108c /OPT/altera/12.1/nios2eds/bin/gnu/H-i686-pc-linux-gnu/bin/../lib/gcc/nios2-elf/4.1.2/../../../../nios2-elf/lib/mno-hw-mul/libc.a(lib_a-mprec.o)
                0x0080eb14                _Bfree
                0x0080eb3c                __hi0bits
                0x0080ebac                __lo0bits
                0x0080ec70                __mcmp
                0x0080ecd0                __ulp
                0x0080ed50                __b2d
                0x0080ee70                __ratio
                0x0080ef20                _mprec_log10
                0x0080efb4                __copybits
                0x0080f00c                __any_on
                0x0080f094                _Balloc
                0x0080f150                __d2b
                0x0080f2cc                __mdiff
                0x0080f458                __lshift
                0x0080f5a4                __multiply
                0x0080f7f8                __i2b
                0x0080f834                __multadd
                0x0080f960                __pow5mult
                0x0080fa80                __s2b
 .text          0x0080fba0      0x1ec /OPT/altera/12.1/nios2eds/bin/gnu/H-i686-pc-linux-gnu/bin/../lib/gcc/nios2-elf/4.1.2/../../../../nios2-elf/lib/mno-hw-mul/libc.a(lib_a-putc.o)
                0x0080fba0                putc
                0x0080fca4                _putc_r
 .text          0x0080fd8c      0x5f4 /OPT/altera/12.1/nios2eds/bin/gnu/H-i686-pc-linux-gnu/bin/../lib/gcc/nios2-elf/4.1.2/../../../../nios2-elf/lib/mno-hw-mul/libc.a(lib_a-reallocr.o)
                0x0080fd8c                _realloc_r
 .text          0x00810380       0x40 /OPT/altera/12.1/nios2eds/bin/gnu/H-i686-pc-linux-gnu/bin/../lib/gcc/nios2-elf/4.1.2/../../../../nios2-elf/lib/mno-hw-mul/libc.a(lib_a-s_isinfd.o)
                0x00810380                __isinfd
 .text          0x008103c0       0x30 /OPT/altera/12.1/nios2eds/bin/gnu/H-i686-pc-linux-gnu/bin/../lib/gcc/nios2-elf/4.1.2/../../../../nios2-elf/lib/mno-hw-mul/libc.a(lib_a-s_isnand.o)
                0x008103c0                __isnand
 .text          0x008103f0      0x14c /OPT/altera/12.1/nios2eds/bin/gnu/H-i686-pc-linux-gnu/bin/../lib/gcc/nios2-elf/4.1.2/../../../../nios2-elf/lib/mno-hw-mul/libc.a(lib_a-stdio.o)
                0x008103f0                __sclose
                0x008103f8                __sseek
                0x00810460                __swrite
                0x008104dc                __sread
 .text          0x0081053c       0xbc /OPT/altera/12.1/nios2eds/bin/gnu/H-i686-pc-linux-gnu/bin/../lib/gcc/nios2-elf/4.1.2/../../../../nios2-elf/lib/mno-hw-mul/libc.a(lib_a-strcmp.o)
                0x0081053c                strcmp
 .text          0x008105f8      0x14c /OPT/altera/12.1/nios2eds/bin/gnu/H-i686-pc-linux-gnu/bin/../lib/gcc/nios2-elf/4.1.2/../../../../nios2-elf/lib/mno-hw-mul/libc.a(lib_a-wbuf.o)
                0x008105f8                __swbuf_r
                0x00810728                __swbuf
 .text          0x00810744       0x78 /OPT/altera/12.1/nios2eds/bin/gnu/H-i686-pc-linux-gnu/bin/../lib/gcc/nios2-elf/4.1.2/../../../../nios2-elf/lib/mno-hw-mul/libc.a(lib_a-writer.o)
                0x00810744                _write_r
 .text          0x008107bc       0xc8 /OPT/altera/12.1/nios2eds/bin/gnu/H-i686-pc-linux-gnu/bin/../lib/gcc/nios2-elf/4.1.2/../../../../nios2-elf/lib/mno-hw-mul/libc.a(lib_a-callocr.o)
                0x008107bc                _calloc_r
 .text          0x00810884       0x70 /OPT/altera/12.1/nios2eds/bin/gnu/H-i686-pc-linux-gnu/bin/../lib/gcc/nios2-elf/4.1.2/../../../../nios2-elf/lib/mno-hw-mul/libc.a(lib_a-closer.o)
                0x00810884                _close_r
 .text          0x008108f4      0x124 /OPT/altera/12.1/nios2eds/bin/gnu/H-i686-pc-linux-gnu/bin/../lib/gcc/nios2-elf/4.1.2/../../../../nios2-elf/lib/mno-hw-mul/libc.a(lib_a-fclose.o)
                0x008108f4                _fclose_r
                0x00810a04                fclose
 .text          0x00810a18       0x74 /OPT/altera/12.1/nios2eds/bin/gnu/H-i686-pc-linux-gnu/bin/../lib/gcc/nios2-elf/4.1.2/../../../../nios2-elf/lib/mno-hw-mul/libc.a(lib_a-fstatr.o)
                0x00810a18                _fstat_r
 .text          0x00810a8c       0x70 /OPT/altera/12.1/nios2eds/bin/gnu/H-i686-pc-linux-gnu/bin/../lib/gcc/nios2-elf/4.1.2/../../../../nios2-elf/lib/mno-hw-mul/libc.a(lib_a-isattyr.o)
                0x00810a8c                _isatty_r
 .text          0x00810afc       0x78 /OPT/altera/12.1/nios2eds/bin/gnu/H-i686-pc-linux-gnu/bin/../lib/gcc/nios2-elf/4.1.2/../../../../nios2-elf/lib/mno-hw-mul/libc.a(lib_a-lseekr.o)
                0x00810afc                _lseek_r
 .text          0x00810b74       0x78 /OPT/altera/12.1/nios2eds/bin/gnu/H-i686-pc-linux-gnu/bin/../lib/gcc/nios2-elf/4.1.2/../../../../nios2-elf/lib/mno-hw-mul/libc.a(lib_a-readr.o)
                0x00810b74                _read_r
 .text          0x00810bec      0x66c /OPT/altera/12.1/nios2eds/bin/gnu/H-i686-pc-linux-gnu/bin/../lib/gcc/nios2-elf/4.1.2/mno-hw-mul/libgcc.a(_udivdi3.o)
                0x00810bec                __udivdi3
 .text          0x00811258      0x660 /OPT/altera/12.1/nios2eds/bin/gnu/H-i686-pc-linux-gnu/bin/../lib/gcc/nios2-elf/4.1.2/mno-hw-mul/libgcc.a(_umoddi3.o)
                0x00811258                __umoddi3
 .text          0x008118b8      0x504 /OPT/altera/12.1/nios2eds/bin/gnu/H-i686-pc-linux-gnu/bin/../lib/gcc/nios2-elf/4.1.2/mno-hw-mul/libgcc.a(_addsub_df.o)
                0x00811cc8                __subdf3
                0x00811d48                __adddf3
 .text          0x00811dbc      0x3c4 /OPT/altera/12.1/nios2eds/bin/gnu/H-i686-pc-linux-gnu/bin/../lib/gcc/nios2-elf/4.1.2/mno-hw-mul/libgcc.a(_mul_df.o)
                0x00811dbc                __muldf3
 .text          0x00812180      0x258 /OPT/altera/12.1/nios2eds/bin/gnu/H-i686-pc-linux-gnu/bin/../lib/gcc/nios2-elf/4.1.2/mno-hw-mul/libgcc.a(_div_df.o)
                0x00812180                __divdf3
 .text          0x008123d8       0x88 /OPT/altera/12.1/nios2eds/bin/gnu/H-i686-pc-linux-gnu/bin/../lib/gcc/nios2-elf/4.1.2/mno-hw-mul/libgcc.a(_eq_df.o)
                0x008123d8                __eqdf2
 .text          0x00812460       0x88 /OPT/altera/12.1/nios2eds/bin/gnu/H-i686-pc-linux-gnu/bin/../lib/gcc/nios2-elf/4.1.2/mno-hw-mul/libgcc.a(_ne_df.o)
                0x00812460                __nedf2
 .text          0x008124e8       0x88 /OPT/altera/12.1/nios2eds/bin/gnu/H-i686-pc-linux-gnu/bin/../lib/gcc/nios2-elf/4.1.2/mno-hw-mul/libgcc.a(_gt_df.o)
                0x008124e8                __gtdf2
 .text          0x00812570       0x88 /OPT/altera/12.1/nios2eds/bin/gnu/H-i686-pc-linux-gnu/bin/../lib/gcc/nios2-elf/4.1.2/mno-hw-mul/libgcc.a(_ge_df.o)
                0x00812570                __gedf2
 .text          0x008125f8       0x88 /OPT/altera/12.1/nios2eds/bin/gnu/H-i686-pc-linux-gnu/bin/../lib/gcc/nios2-elf/4.1.2/mno-hw-mul/libgcc.a(_lt_df.o)
                0x008125f8                __ltdf2
 .text          0x00812680       0xf8 /OPT/altera/12.1/nios2eds/bin/gnu/H-i686-pc-linux-gnu/bin/../lib/gcc/nios2-elf/4.1.2/mno-hw-mul/libgcc.a(_si_to_df.o)
                0x00812680                __floatsidf
 .text          0x00812778       0xd8 /OPT/altera/12.1/nios2eds/bin/gnu/H-i686-pc-linux-gnu/bin/../lib/gcc/nios2-elf/4.1.2/mno-hw-mul/libgcc.a(_df_to_si.o)
                0x00812778                __fixdfsi
 .text          0x00812850        0x0 /OPT/altera/12.1/nios2eds/bin/gnu/H-i686-pc-linux-gnu/bin/../lib/gcc/nios2-elf/4.1.2/mno-hw-mul/libgcc.a(_thenan_df.o)
 .text          0x00812850      0x194 /OPT/altera/12.1/nios2eds/bin/gnu/H-i686-pc-linux-gnu/bin/../lib/gcc/nios2-elf/4.1.2/mno-hw-mul/libgcc.a(_usi_to_df.o)
                0x00812850                __floatunsidf
 .text          0x008129e4      0x124 /OPT/altera/12.1/nios2eds/bin/gnu/H-i686-pc-linux-gnu/bin/../lib/gcc/nios2-elf/4.1.2/mno-hw-mul/libgcc.a(_muldi3.o)
                0x008129e4                __muldi3
 .text          0x00812b08        0x0 /OPT/altera/12.1/nios2eds/bin/gnu/H-i686-pc-linux-gnu/bin/../lib/gcc/nios2-elf/4.1.2/mno-hw-mul/libgcc.a(_clz.o)
 .text          0x00812b08       0x80 /OPT/altera/12.1/nios2eds/bin/gnu/H-i686-pc-linux-gnu/bin/../lib/gcc/nios2-elf/4.1.2/mno-hw-mul/libgcc.a(_clzsi2.o)
                0x00812b08                __clzsi2
 .text          0x00812b88      0x314 /OPT/altera/12.1/nios2eds/bin/gnu/H-i686-pc-linux-gnu/bin/../lib/gcc/nios2-elf/4.1.2/mno-hw-mul/libgcc.a(_pack_df.o)
                0x00812b88                __pack_d
 .text          0x00812e9c      0x138 /OPT/altera/12.1/nios2eds/bin/gnu/H-i686-pc-linux-gnu/bin/../lib/gcc/nios2-elf/4.1.2/mno-hw-mul/libgcc.a(_unpack_df.o)
                0x00812e9c                __unpack_d
 .text          0x00812fd4       0xc8 /OPT/altera/12.1/nios2eds/bin/gnu/H-i686-pc-linux-gnu/bin/../lib/gcc/nios2-elf/4.1.2/mno-hw-mul/libgcc.a(_fpcmp_parts_df.o)
                0x00812fd4                __fpcmp_parts_d
 .text          0x0081309c      0x160 ../sdcard_bsp//libucosii_bsp.a(alt_close.o)
                0x0081309c                close
 .text          0x008131fc       0x2c ../sdcard_bsp//libucosii_bsp.a(alt_dev.o)
 .text          0x00813228        0x0 ../sdcard_bsp//libucosii_bsp.a(alt_errno.o)
 .text          0x00813228      0x138 ../sdcard_bsp//libucosii_bsp.a(alt_fstat.o)
                0x00813228                fstat
 .text          0x00813360      0x124 ../sdcard_bsp//libucosii_bsp.a(alt_isatty.o)
                0x00813360                isatty
 .text          0x00813484       0xec ../sdcard_bsp//libucosii_bsp.a(alt_load.o)
                0x00813484                alt_load
 .text          0x00813570      0x154 ../sdcard_bsp//libucosii_bsp.a(alt_lseek.o)
                0x00813570                lseek
 .text          0x008136c4       0xc8 ../sdcard_bsp//libucosii_bsp.a(alt_main.o)
                0x008136c4                alt_main
 .text          0x0081378c      0x184 ../sdcard_bsp//libucosii_bsp.a(alt_read.o)
                0x0081378c                read
 .text          0x00813910       0x78 ../sdcard_bsp//libucosii_bsp.a(alt_release_fd.o)
                0x00813910                alt_release_fd
 .text          0x00813988       0xbc ../sdcard_bsp//libucosii_bsp.a(alt_sbrk.o)
                0x00813988                sbrk
 .text          0x00813a44      0x184 ../sdcard_bsp//libucosii_bsp.a(alt_write.o)
                0x00813a44                write
 .text          0x00813bc8      0x108 ../sdcard_bsp//libucosii_bsp.a(alt_env_lock.o)
                0x00813bc8                __env_lock
                0x00813c74                __env_unlock
 .text          0x00813cd0      0x1d8 ../sdcard_bsp//libucosii_bsp.a(alt_malloc_lock.o)
                0x00813cd0                __malloc_lock
                0x00813dd8                __malloc_unlock
 .text          0x00813ea8     0x2128 ../sdcard_bsp//libucosii_bsp.a(os_core.o)
                0x00813ea8                OSEventNameGet
                0x00813fd8                OSEventNameSet
                0x0081411c                OSEventPendMulti
                0x008147d0                OSInit
                0x00814824                OSIntEnter
                0x008148a0                OSIntExit
                0x008149a0                OSSchedLock
                0x00814a2c                OSSchedUnlock
                0x00814b10                OSStart
                0x00814b80                OSStatInit
                0x00814c2c                OSTimeTick
                0x00814e6c                OSVersion
                0x00814e8c                OS_Dummy
                0x00814ea8                OS_EventTaskRdy
                0x0081503c                OS_EventTaskWait
                0x0081514c                OS_EventTaskWaitMulti
                0x008152a0                OS_EventTaskRemove
                0x00815358                OS_EventTaskRemoveMulti
                0x0081545c                OS_EventWaitListInit
                0x00815828                OS_MemClr
                0x0081587c                OS_MemCopy
                0x008158e8                OS_Sched
                0x00815a2c                OS_StrCopy
                0x00815aac                OS_StrLen
                0x00815b04                OS_TaskIdle
                0x00815b60                OS_TaskStat
                0x00815c28                OS_TaskStatStkChk
                0x00815cf0                OS_TCBInit
 .text          0x00815fd0      0x18c ../sdcard_bsp//libucosii_bsp.a(os_dbg.o)
                0x00815fd0                OSDebugInit
 .text          0x0081615c     0x193c ../sdcard_bsp//libucosii_bsp.a(os_flag.o)
                0x0081615c                OSFlagAccept
                0x00816490                OSFlagCreate
                0x008165cc                OSFlagDel
                0x00816874                OSFlagNameGet
                0x008169b8                OSFlagNameSet
                0x00816b0c                OSFlagPend
                0x00817150                OSFlagPendGetFlagsRdy
                0x008171b8                OSFlagPost
                0x00817560                OSFlagQuery
                0x008177f8                OS_FlagInit
                0x008179ec                OS_FlagUnlink
 .text          0x00817a98      0x80c ../sdcard_bsp//libucosii_bsp.a(os_mem.o)
                0x00817a98                OSMemCreate
                0x00817cb4                OSMemGet
                0x00817db8                OSMemNameGet
                0x00817ec4                OSMemNameSet
                0x00817fe4                OSMemPut
                0x008180d4                OSMemQuery
                0x008181d0                OS_MemInit
 .text          0x008182a4     0x1334 ../sdcard_bsp//libucosii_bsp.a(os_q.o)
                0x008182a4                OSQAccept
                0x008183f8                OSQCreate
                0x0081860c                OSQDel
                0x0081890c                OSQFlush
                0x008189d4                OSQPend
                0x00818cf4                OSQPendAbort
                0x00818e70                OSQPost
                0x00818ff0                OSQPostFront
                0x00819178                OSQPostOpt
                0x008193ac                OSQQuery
                0x0081952c                OS_QInit
 .text          0x008195d8      0xbc8 ../sdcard_bsp//libucosii_bsp.a(os_sem.o)
                0x008195d8                OSSemAccept
                0x00819698                OSSemCreate
                0x008197ac                OSSemDel
                0x00819a4c                OSSemPend
                0x00819cc8                OSSemPendAbort
                0x00819e44                OSSemPost
                0x00819f6c                OSSemQuery
                0x0081a09c                OSSemSet
 .text          0x0081a1a0     0x1a40 ../sdcard_bsp//libucosii_bsp.a(os_task.o)
                0x0081a1a0                OSTaskChangePrio
                0x0081a714                OSTaskCreate
                0x0081a8e8                OSTaskCreateExt
                0x0081aae8                OSTaskDel
                0x0081aef4                OSTaskDelReq
                0x0081b064                OSTaskNameGet
                0x0081b21c                OSTaskNameSet
                0x0081b3e0                OSTaskResume
                0x0081b5f8                OSTaskStkChk
                0x0081b7f4                OSTaskSuspend
                0x0081ba20                OSTaskQuery
                0x0081bb64                OS_TaskStkClr
 .text          0x0081bbe0      0x5b4 ../sdcard_bsp//libucosii_bsp.a(os_time.o)
                0x0081bbe0                OSTimeDly
                0x0081bd2c                OSTimeDlyHMSM
                0x0081bebc                OSTimeDlyResume
                0x0081c0cc                OSTimeGet
                0x0081c130                OSTimeSet
 .text          0x0081c194       0xf8 ../sdcard_bsp//libucosii_bsp.a(alt_sys_init.o)
                0x0081c194                alt_irq_init
                0x0081c1c8                alt_sys_init
 .text          0x0081c28c      0x148 ../sdcard_bsp//libucosii_bsp.a(altera_avalon_jtag_uart_fd.o)
                0x0081c28c                altera_avalon_jtag_uart_read_fd
                0x0081c2e4                altera_avalon_jtag_uart_write_fd
                0x0081c33c                altera_avalon_jtag_uart_close_fd
                0x0081c384                altera_avalon_jtag_uart_ioctl_fd
 .text          0x0081c3d4      0x580 ../sdcard_bsp//libucosii_bsp.a(altera_avalon_jtag_uart_init.o)
                0x0081c3d4                altera_avalon_jtag_uart_init
                0x0081c8e0                altera_avalon_jtag_uart_close
 .text          0x0081c954       0xf4 ../sdcard_bsp//libucosii_bsp.a(altera_avalon_jtag_uart_ioctl.o)
                0x0081c954                altera_avalon_jtag_uart_ioctl
 .text          0x0081ca48      0x2c0 ../sdcard_bsp//libucosii_bsp.a(altera_avalon_jtag_uart_read.o)
                0x0081ca48                altera_avalon_jtag_uart_read
 .text          0x0081cd08      0x2dc ../sdcard_bsp//libucosii_bsp.a(altera_avalon_jtag_uart_write.o)
                0x0081cd08                altera_avalon_jtag_uart_write
 .text          0x0081cfe4       0xfc ../sdcard_bsp//libucosii_bsp.a(altera_avalon_timer_sc.o)
                0x0081d058                alt_avalon_timer_sc_init
 .text          0x0081d0e0      0x530 ../sdcard_bsp//libucosii_bsp.a(altera_up_avalon_character_lcd.o)
                0x0081d0e0                get_DDRAM_addr
                0x0081d15c                alt_up_character_lcd_send_cmd
                0x0081d190                alt_up_character_lcd_init
                0x0081d1c4                alt_up_character_lcd_open_dev
                0x0081d204                alt_up_character_lcd_write
                0x0081d27c                alt_up_character_lcd_string
                0x0081d2f4                alt_up_character_lcd_write_fd
                0x0081d340                alt_up_character_lcd_set_cursor_pos
                0x0081d3b8                alt_up_character_lcd_shift_cursor
                0x0081d468                alt_up_character_lcd_shift_display
                0x0081d518                alt_up_character_lcd_erase_pos
                0x0081d5a8                alt_up_character_lcd_cursor_off
                0x0081d5dc                alt_up_character_lcd_cursor_blink_on
 .text          0x0081d610      0x154 ../sdcard_bsp//libucosii_bsp.a(alt_alarm_start.o)
                0x0081d610                alt_alarm_start
 .text          0x0081d764       0x1c ../sdcard_bsp//libucosii_bsp.a(alt_dcache_flush_all.o)
                0x0081d764                alt_dcache_flush_all
 .text          0x0081d780      0x114 ../sdcard_bsp//libucosii_bsp.a(alt_dev_llist_insert.o)
                0x0081d780                alt_dev_llist_insert
 .text          0x0081d894       0x64 ../sdcard_bsp//libucosii_bsp.a(alt_do_ctors.o)
                0x0081d894                _do_ctors
 .text          0x0081d8f8       0x64 ../sdcard_bsp//libucosii_bsp.a(alt_do_dtors.o)
                0x0081d8f8                _do_dtors
 .text          0x0081d95c       0x94 ../sdcard_bsp//libucosii_bsp.a(alt_find_dev.o)
                0x0081d95c                alt_find_dev
 .text          0x0081d9f0       0x1c ../sdcard_bsp//libucosii_bsp.a(alt_icache_flush_all.o)
                0x0081d9f0                alt_icache_flush_all
 .text          0x0081da0c      0x150 ../sdcard_bsp//libucosii_bsp.a(alt_io_redirect.o)
                0x0081dae4                alt_io_redirect
 .text          0x0081db5c      0x1c0 ../sdcard_bsp//libucosii_bsp.a(alt_irq_register.o)
                0x0081db5c                alt_irq_register
 .text          0x0081dd1c        0x0 ../sdcard_bsp//libucosii_bsp.a(alt_irq_vars.o)
 .text          0x0081dd1c      0x2e4 ../sdcard_bsp//libucosii_bsp.a(alt_open.o)
                0x0081de14                open
 .text          0x0081e000      0x1a8 ../sdcard_bsp//libucosii_bsp.a(alt_tick.o)
                0x0081e000                alt_alarm_stop
                0x0081e098                alt_tick
 .text          0x0081e1a8       0x20 ../sdcard_bsp//libucosii_bsp.a(altera_nios2_qsys_irq.o)
                0x0081e1a8                altera_nios2_qsys_irq_init
 .text          0x0081e1c8       0xd0 ../sdcard_bsp//libucosii_bsp.a(os_cpu_a.o)
                0x0081e1c8                OSCtxSw
                0x0081e1c8                OSIntCtxSw
                0x0081e254                OSStartHighRdy
                0x0081e274                OSStartTsk
 .text          0x0081e298      0x418 ../sdcard_bsp//libucosii_bsp.a(os_cpu_c.o)
                0x0081e298                OSTaskStkInit
                0x0081e5a8                OSTaskCreateHook
                0x0081e5c8                OSTaskDelHook
                0x0081e5e8                OSTaskSwHook
                0x0081e604                OSTaskStatHook
                0x0081e620                OSTimeTickHook
                0x0081e63c                OSInitHookBegin
                0x0081e658                OSInitHookEnd
                0x0081e674                OSTaskIdleHook
                0x0081e690                OSTCBInitHook
 .text          0x0081e6b0      0x120 ../sdcard_bsp//libucosii_bsp.a(alt_find_file.o)
                0x0081e6b0                alt_find_file
 .text          0x0081e7d0      0x104 ../sdcard_bsp//libucosii_bsp.a(alt_get_fd.o)
                0x0081e7d0                alt_get_fd
 .text          0x0081e8d4        0x0 ../sdcard_bsp//libucosii_bsp.a(alt_irq_entry.o)
 .text          0x0081e8d4        0x0 ../sdcard_bsp//libucosii_bsp.a(alt_irq_handler.o)
 .text          0x0081e8d4        0x0 ../sdcard_bsp//libucosii_bsp.a(alt_exception_entry.o)
 .text          0x0081e8d4       0x14 /OPT/altera/12.1/nios2eds/bin/gnu/H-i686-pc-linux-gnu/bin/../lib/gcc/nios2-elf/4.1.2/../../../../nios2-elf/lib/mno-hw-mul/libc.a(lib_a-atexit.o)
                0x0081e8d4                atexit
 .text          0x0081e8e8       0x38 /OPT/altera/12.1/nios2eds/bin/gnu/H-i686-pc-linux-gnu/bin/../lib/gcc/nios2-elf/4.1.2/../../../../nios2-elf/lib/mno-hw-mul/libc.a(lib_a-exit.o)
                0x0081e8e8                exit
 .text          0x0081e920       0x74 /OPT/altera/12.1/nios2eds/bin/gnu/H-i686-pc-linux-gnu/bin/../lib/gcc/nios2-elf/4.1.2/../../../../nios2-elf/lib/mno-hw-mul/libc.a(lib_a-memcmp.o)
                0x0081e920                memcmp
 .text          0x0081e994      0x134 /OPT/altera/12.1/nios2eds/bin/gnu/H-i686-pc-linux-gnu/bin/../lib/gcc/nios2-elf/4.1.2/../../../../nios2-elf/lib/mno-hw-mul/libc.a(lib_a-__atexit.o)
                0x0081e994                __register_exitproc
 .text          0x0081eac8      0x1b4 /OPT/altera/12.1/nios2eds/bin/gnu/H-i686-pc-linux-gnu/bin/../lib/gcc/nios2-elf/4.1.2/../../../../nios2-elf/lib/mno-hw-mul/libc.a(lib_a-__call_atexit.o)
                0x0081eacc                __call_exitprocs
 .text          0x0081ec7c       0x6c ../sdcard_bsp//libucosii_bsp.a(alt_exit.o)
                0x0081ecbc                _exit
 *(.gnu.warning.*)
 *(.fini)
                0x0081ece8                PROVIDE (__etext, ABSOLUTE (.))
                0x0081ece8                PROVIDE (_etext, ABSOLUTE (.))
                0x0081ece8                PROVIDE (etext, ABSOLUTE (.))
 *(.eh_frame_hdr)
                0x0081ece8                . = ALIGN (0x4)
                0x0081ece8                PROVIDE (__preinit_array_start, ABSOLUTE (.))
 *(.preinit_array)
                0x0081ece8                PROVIDE (__preinit_array_end, ABSOLUTE (.))
                0x0081ece8                PROVIDE (__init_array_start, ABSOLUTE (.))
 *(.init_array)
                0x0081ece8                PROVIDE (__init_array_end, ABSOLUTE (.))
                0x0081ece8                PROVIDE (__fini_array_start, ABSOLUTE (.))
 *(.fini_array)
                0x0081ece8                PROVIDE (__fini_array_end, ABSOLUTE (.))
 *(.eh_frame)
 *(.gcc_except_table)
 *(.dynamic)
                0x0081ece8                PROVIDE (__CTOR_LIST__, ABSOLUTE (.))
 *(.ctors)
 *(SORT(.ctors.*))
 .ctors.65535   0x0081ece8        0x4 /OPT/altera/12.1/nios2eds/bin/gnu/H-i686-pc-linux-gnu/bin/../lib/gcc/nios2-elf/4.1.2/../../../../nios2-elf/lib/mno-hw-mul/libc.a(lib_a-__call_atexit.o)
                0x0081ecec                PROVIDE (__CTOR_END__, ABSOLUTE (.))
                0x0081ecec                PROVIDE (__DTOR_LIST__, ABSOLUTE (.))
 *(.dtors)
 *(SORT(.dtors.*))
                0x0081ecec                PROVIDE (__DTOR_END__, ABSOLUTE (.))
 *(.jcr)
                0x0081ecec                . = ALIGN (0x4)

.rodata         0x0081ecec      0xa4c
                0x0081ecec                PROVIDE (__ram_rodata_start, ABSOLUTE (.))
                0x0081ecec                . = ALIGN (0x4)
 *(.rodata .rodata.* .gnu.linkonce.r.*)
 .rodata        0x0081ecec       0x40 obj/default/efsl/fat.o
 .rodata        0x0081ed2c       0xa4 obj/default/efsl/ioman.o
 .rodata        0x0081edd0       0x5c obj/default/efsl/mkfs.o
 .rodata        0x0081ee2c       0xbc obj/default/efsl/nios2.o
 .rodata        0x0081eee8      0x234 obj/default/efsl/sd.o
 .rodata        0x0081f11c       0x54 obj/default/efsl/ui.o
 .rodata        0x0081f170      0x118 obj/default/sdCardREAD.o
 .rodata.str1.4
                0x0081f288        0x2 /OPT/altera/12.1/nios2eds/bin/gnu/H-i686-pc-linux-gnu/bin/../lib/gcc/nios2-elf/4.1.2/../../../../nios2-elf/lib/mno-hw-mul/libc.a(lib_a-puts.o)
                                  0x4 (size before relaxing)
 *fill*         0x0081f28a        0x2 00
 .rodata.str1.4
                0x0081f28c       0x5e /OPT/altera/12.1/nios2eds/bin/gnu/H-i686-pc-linux-gnu/bin/../lib/gcc/nios2-elf/4.1.2/../../../../nios2-elf/lib/mno-hw-mul/libc.a(lib_a-vfprintf.o)
                                 0x60 (size before relaxing)
 .rodata        0x0081f2ea       0x20 /OPT/altera/12.1/nios2eds/bin/gnu/H-i686-pc-linux-gnu/bin/../lib/gcc/nios2-elf/4.1.2/../../../../nios2-elf/lib/mno-hw-mul/libc.a(lib_a-vfprintf.o)
 *fill*         0x0081f30a        0x2 00
 .rodata.str1.4
                0x0081f30c       0x10 /OPT/altera/12.1/nios2eds/bin/gnu/H-i686-pc-linux-gnu/bin/../lib/gcc/nios2-elf/4.1.2/../../../../nios2-elf/lib/mno-hw-mul/libc.a(lib_a-dtoa.o)
                                 0x14 (size before relaxing)
 .rodata.str1.4
                0x0081f31c        0x2 /OPT/altera/12.1/nios2eds/bin/gnu/H-i686-pc-linux-gnu/bin/../lib/gcc/nios2-elf/4.1.2/../../../../nios2-elf/lib/mno-hw-mul/libc.a(lib_a-impure.o)
                                  0x4 (size before relaxing)
 *fill*         0x0081f31e        0x2 00
 .rodata.str1.4
                0x0081f320       0x10 /OPT/altera/12.1/nios2eds/bin/gnu/H-i686-pc-linux-gnu/bin/../lib/gcc/nios2-elf/4.1.2/../../../../nios2-elf/lib/mno-hw-mul/libc.a(lib_a-locale.o)
                                 0x18 (size before relaxing)
 .rodata        0x0081f330       0x30 /OPT/altera/12.1/nios2eds/bin/gnu/H-i686-pc-linux-gnu/bin/../lib/gcc/nios2-elf/4.1.2/../../../../nios2-elf/lib/mno-hw-mul/libc.a(lib_a-locale.o)
 .rodata        0x0081f360      0x124 /OPT/altera/12.1/nios2eds/bin/gnu/H-i686-pc-linux-gnu/bin/../lib/gcc/nios2-elf/4.1.2/../../../../nios2-elf/lib/mno-hw-mul/libc.a(lib_a-mprec.o)
                0x0081f360                __mprec_tens
                0x0081f428                __mprec_bigtens
                0x0081f450                __mprec_tinytens
 .rodata        0x0081f484       0x14 /OPT/altera/12.1/nios2eds/bin/gnu/H-i686-pc-linux-gnu/bin/../lib/gcc/nios2-elf/4.1.2/mno-hw-mul/libgcc.a(_thenan_df.o)
                0x0081f484                __thenan_df
 .rodata        0x0081f498      0x100 /OPT/altera/12.1/nios2eds/bin/gnu/H-i686-pc-linux-gnu/bin/../lib/gcc/nios2-elf/4.1.2/mno-hw-mul/libgcc.a(_clz.o)
                0x0081f498                __clz_tab
 .rodata        0x0081f598        0xc ../sdcard_bsp//libucosii_bsp.a(alt_dev.o)
 .rodata        0x0081f5a4       0x14 ../sdcard_bsp//libucosii_bsp.a(alt_main.o)
 .rodata        0x0081f5b8      0x120 ../sdcard_bsp//libucosii_bsp.a(os_core.o)
                0x0081f5b8                OSUnMapTbl
 .rodata        0x0081f6d8       0x5c ../sdcard_bsp//libucosii_bsp.a(alt_sys_init.o)
 .rodata        0x0081f734        0x4 ../sdcard_bsp//libucosii_bsp.a(os_cpu_c.o)
 *(.rodata1)
                0x0081f738                . = ALIGN (0x4)
                0x0081f738                PROVIDE (__ram_rodata_end, ABSOLUTE (.))
                0x0081ecec                PROVIDE (__flash_rodata_start, LOADADDR (.rodata))

.rwdata         0x0081f738     0x1b7c load address 0x008212b4
                0x0081f738                PROVIDE (__ram_rwdata_start, ABSOLUTE (.))
                0x0081f738                . = ALIGN (0x4)
 *(.got.plt)
 *(.got)
 *(.data1)
 *(.data .data.* .gnu.linkonce.d.*)
 .data          0x0081f738        0x0 ../sdcard_bsp//obj/HAL/src/crt0.o
 .data          0x0081f738        0x0 obj/default/efsl/debug.o
 .data          0x0081f738        0x0 obj/default/efsl/dir.o
 .data          0x0081f738        0x0 obj/default/efsl/disc.o
 .data          0x0081f738        0x0 obj/default/efsl/efs.o
 .data          0x0081f738        0x0 obj/default/efsl/extract.o
 .data          0x0081f738        0x0 obj/default/efsl/fat.o
 .data          0x0081f738        0x0 obj/default/efsl/file.o
 .data          0x0081f738        0x0 obj/default/efsl/fs.o
 .data          0x0081f738        0x0 obj/default/efsl/ioman.o
 .data          0x0081f738        0x0 obj/default/efsl/ls.o
 .data          0x0081f738        0x0 obj/default/efsl/mkfs.o
 .data          0x0081f738        0x0 obj/default/efsl/nios2.o
 .data          0x0081f738        0xc obj/default/efsl/nios2_ramdisk.o
 .data          0x0081f744        0x0 obj/default/efsl/partition.o
 .data          0x0081f744        0x0 obj/default/efsl/plibc.o
 .data          0x0081f744        0x0 obj/default/efsl/sd.o
 .data          0x0081f744        0x0 obj/default/efsl/time.o
 .data          0x0081f744        0x0 obj/default/efsl/ui.o
 .data          0x0081f744        0x0 obj/default/sdCardREAD.o
 .data          0x0081f744        0x0 /OPT/altera/12.1/nios2eds/bin/gnu/H-i686-pc-linux-gnu/bin/../lib/gcc/nios2-elf/4.1.2/mno-hw-mul/libgcc.a(lib2-divmod.o)
 .data          0x0081f744        0x0 /OPT/altera/12.1/nios2eds/bin/gnu/H-i686-pc-linux-gnu/bin/../lib/gcc/nios2-elf/4.1.2/mno-hw-mul/libgcc.a(lib2-mul.o)
 .data          0x0081f744        0x0 /OPT/altera/12.1/nios2eds/bin/gnu/H-i686-pc-linux-gnu/bin/../lib/gcc/nios2-elf/4.1.2/../../../../nios2-elf/lib/mno-hw-mul/libc.a(lib_a-malloc.o)
 .data          0x0081f744      0x408 /OPT/altera/12.1/nios2eds/bin/gnu/H-i686-pc-linux-gnu/bin/../lib/gcc/nios2-elf/4.1.2/../../../../nios2-elf/lib/mno-hw-mul/libc.a(lib_a-mallocr.o)
                0x0081f744                __malloc_av_
 .data          0x0081fb4c        0x0 /OPT/altera/12.1/nios2eds/bin/gnu/H-i686-pc-linux-gnu/bin/../lib/gcc/nios2-elf/4.1.2/../../../../nios2-elf/lib/mno-hw-mul/libc.a(lib_a-memcpy.o)
 .data          0x0081fb4c        0x0 /OPT/altera/12.1/nios2eds/bin/gnu/H-i686-pc-linux-gnu/bin/../lib/gcc/nios2-elf/4.1.2/../../../../nios2-elf/lib/mno-hw-mul/libc.a(lib_a-printf.o)
 .data          0x0081fb4c        0x0 /OPT/altera/12.1/nios2eds/bin/gnu/H-i686-pc-linux-gnu/bin/../lib/gcc/nios2-elf/4.1.2/../../../../nios2-elf/lib/mno-hw-mul/libc.a(lib_a-putchar.o)
 .data          0x0081fb4c        0x0 /OPT/altera/12.1/nios2eds/bin/gnu/H-i686-pc-linux-gnu/bin/../lib/gcc/nios2-elf/4.1.2/../../../../nios2-elf/lib/mno-hw-mul/libc.a(lib_a-puts.o)
 .data          0x0081fb4c        0x0 /OPT/altera/12.1/nios2eds/bin/gnu/H-i686-pc-linux-gnu/bin/../lib/gcc/nios2-elf/4.1.2/../../../../nios2-elf/lib/mno-hw-mul/libc.a(lib_a-sbrkr.o)
 .data          0x0081fb4c        0x0 /OPT/altera/12.1/nios2eds/bin/gnu/H-i686-pc-linux-gnu/bin/../lib/gcc/nios2-elf/4.1.2/../../../../nios2-elf/lib/mno-hw-mul/libc.a(lib_a-strlen.o)
 .data          0x0081fb4c        0x0 /OPT/altera/12.1/nios2eds/bin/gnu/H-i686-pc-linux-gnu/bin/../lib/gcc/nios2-elf/4.1.2/../../../../nios2-elf/lib/mno-hw-mul/libc.a(lib_a-vfprintf.o)
 .data          0x0081fb4c        0x0 /OPT/altera/12.1/nios2eds/bin/gnu/H-i686-pc-linux-gnu/bin/../lib/gcc/nios2-elf/4.1.2/../../../../nios2-elf/lib/mno-hw-mul/libc.a(lib_a-wsetup.o)
 .data          0x0081fb4c        0x0 /OPT/altera/12.1/nios2eds/bin/gnu/H-i686-pc-linux-gnu/bin/../lib/gcc/nios2-elf/4.1.2/../../../../nios2-elf/lib/mno-hw-mul/libc.a(lib_a-dtoa.o)
 .data          0x0081fb4c        0x0 /OPT/altera/12.1/nios2eds/bin/gnu/H-i686-pc-linux-gnu/bin/../lib/gcc/nios2-elf/4.1.2/../../../../nios2-elf/lib/mno-hw-mul/libc.a(lib_a-fflush.o)
 .data          0x0081fb4c        0x0 /OPT/altera/12.1/nios2eds/bin/gnu/H-i686-pc-linux-gnu/bin/../lib/gcc/nios2-elf/4.1.2/../../../../nios2-elf/lib/mno-hw-mul/libc.a(lib_a-findfp.o)
 .data          0x0081fb4c        0x0 /OPT/altera/12.1/nios2eds/bin/gnu/H-i686-pc-linux-gnu/bin/../lib/gcc/nios2-elf/4.1.2/../../../../nios2-elf/lib/mno-hw-mul/libc.a(lib_a-freer.o)
 .data          0x0081fb4c        0x0 /OPT/altera/12.1/nios2eds/bin/gnu/H-i686-pc-linux-gnu/bin/../lib/gcc/nios2-elf/4.1.2/../../../../nios2-elf/lib/mno-hw-mul/libc.a(lib_a-fvwrite.o)
 .data          0x0081fb4c        0x0 /OPT/altera/12.1/nios2eds/bin/gnu/H-i686-pc-linux-gnu/bin/../lib/gcc/nios2-elf/4.1.2/../../../../nios2-elf/lib/mno-hw-mul/libc.a(lib_a-fwalk.o)
 .data          0x0081fb4c      0x400 /OPT/altera/12.1/nios2eds/bin/gnu/H-i686-pc-linux-gnu/bin/../lib/gcc/nios2-elf/4.1.2/../../../../nios2-elf/lib/mno-hw-mul/libc.a(lib_a-impure.o)
 .data          0x0081ff4c        0x0 /OPT/altera/12.1/nios2eds/bin/gnu/H-i686-pc-linux-gnu/bin/../lib/gcc/nios2-elf/4.1.2/../../../../nios2-elf/lib/mno-hw-mul/libc.a(lib_a-int_errno.o)
 .data          0x0081ff4c        0xc /OPT/altera/12.1/nios2eds/bin/gnu/H-i686-pc-linux-gnu/bin/../lib/gcc/nios2-elf/4.1.2/../../../../nios2-elf/lib/mno-hw-mul/libc.a(lib_a-locale.o)
                0x0081ff4c                __lc_ctype
 .data          0x0081ff58        0x0 /OPT/altera/12.1/nios2eds/bin/gnu/H-i686-pc-linux-gnu/bin/../lib/gcc/nios2-elf/4.1.2/../../../../nios2-elf/lib/mno-hw-mul/libc.a(lib_a-makebuf.o)
 .data          0x0081ff58        0x0 /OPT/altera/12.1/nios2eds/bin/gnu/H-i686-pc-linux-gnu/bin/../lib/gcc/nios2-elf/4.1.2/../../../../nios2-elf/lib/mno-hw-mul/libc.a(lib_a-memchr.o)
 .data          0x0081ff58        0x0 /OPT/altera/12.1/nios2eds/bin/gnu/H-i686-pc-linux-gnu/bin/../lib/gcc/nios2-elf/4.1.2/../../../../nios2-elf/lib/mno-hw-mul/libc.a(lib_a-memmove.o)
 .data          0x0081ff58        0x0 /OPT/altera/12.1/nios2eds/bin/gnu/H-i686-pc-linux-gnu/bin/../lib/gcc/nios2-elf/4.1.2/../../../../nios2-elf/lib/mno-hw-mul/libc.a(lib_a-memset.o)
 .data          0x0081ff58        0x0 /OPT/altera/12.1/nios2eds/bin/gnu/H-i686-pc-linux-gnu/bin/../lib/gcc/nios2-elf/4.1.2/../../../../nios2-elf/lib/mno-hw-mul/libc.a(lib_a-mprec.o)
 .data          0x0081ff58        0x0 /OPT/altera/12.1/nios2eds/bin/gnu/H-i686-pc-linux-gnu/bin/../lib/gcc/nios2-elf/4.1.2/../../../../nios2-elf/lib/mno-hw-mul/libc.a(lib_a-putc.o)
 .data          0x0081ff58        0x0 /OPT/altera/12.1/nios2eds/bin/gnu/H-i686-pc-linux-gnu/bin/../lib/gcc/nios2-elf/4.1.2/../../../../nios2-elf/lib/mno-hw-mul/libc.a(lib_a-reallocr.o)
 .data          0x0081ff58        0x0 /OPT/altera/12.1/nios2eds/bin/gnu/H-i686-pc-linux-gnu/bin/../lib/gcc/nios2-elf/4.1.2/../../../../nios2-elf/lib/mno-hw-mul/libc.a(lib_a-s_isinfd.o)
 .data          0x0081ff58        0x0 /OPT/altera/12.1/nios2eds/bin/gnu/H-i686-pc-linux-gnu/bin/../lib/gcc/nios2-elf/4.1.2/../../../../nios2-elf/lib/mno-hw-mul/libc.a(lib_a-s_isnand.o)
 .data          0x0081ff58        0x0 /OPT/altera/12.1/nios2eds/bin/gnu/H-i686-pc-linux-gnu/bin/../lib/gcc/nios2-elf/4.1.2/../../../../nios2-elf/lib/mno-hw-mul/libc.a(lib_a-stdio.o)
 .data          0x0081ff58        0x0 /OPT/altera/12.1/nios2eds/bin/gnu/H-i686-pc-linux-gnu/bin/../lib/gcc/nios2-elf/4.1.2/../../../../nios2-elf/lib/mno-hw-mul/libc.a(lib_a-strcmp.o)
 .data          0x0081ff58        0x0 /OPT/altera/12.1/nios2eds/bin/gnu/H-i686-pc-linux-gnu/bin/../lib/gcc/nios2-elf/4.1.2/../../../../nios2-elf/lib/mno-hw-mul/libc.a(lib_a-wbuf.o)
 .data          0x0081ff58        0x0 /OPT/altera/12.1/nios2eds/bin/gnu/H-i686-pc-linux-gnu/bin/../lib/gcc/nios2-elf/4.1.2/../../../../nios2-elf/lib/mno-hw-mul/libc.a(lib_a-writer.o)
 .data          0x0081ff58        0x0 /OPT/altera/12.1/nios2eds/bin/gnu/H-i686-pc-linux-gnu/bin/../lib/gcc/nios2-elf/4.1.2/../../../../nios2-elf/lib/mno-hw-mul/libc.a(lib_a-callocr.o)
 .data          0x0081ff58        0x0 /OPT/altera/12.1/nios2eds/bin/gnu/H-i686-pc-linux-gnu/bin/../lib/gcc/nios2-elf/4.1.2/../../../../nios2-elf/lib/mno-hw-mul/libc.a(lib_a-closer.o)
 .data          0x0081ff58        0x0 /OPT/altera/12.1/nios2eds/bin/gnu/H-i686-pc-linux-gnu/bin/../lib/gcc/nios2-elf/4.1.2/../../../../nios2-elf/lib/mno-hw-mul/libc.a(lib_a-fclose.o)
 .data          0x0081ff58        0x0 /OPT/altera/12.1/nios2eds/bin/gnu/H-i686-pc-linux-gnu/bin/../lib/gcc/nios2-elf/4.1.2/../../../../nios2-elf/lib/mno-hw-mul/libc.a(lib_a-fstatr.o)
 .data          0x0081ff58        0x0 /OPT/altera/12.1/nios2eds/bin/gnu/H-i686-pc-linux-gnu/bin/../lib/gcc/nios2-elf/4.1.2/../../../../nios2-elf/lib/mno-hw-mul/libc.a(lib_a-isattyr.o)
 .data          0x0081ff58        0x0 /OPT/altera/12.1/nios2eds/bin/gnu/H-i686-pc-linux-gnu/bin/../lib/gcc/nios2-elf/4.1.2/../../../../nios2-elf/lib/mno-hw-mul/libc.a(lib_a-lseekr.o)
 .data          0x0081ff58        0x0 /OPT/altera/12.1/nios2eds/bin/gnu/H-i686-pc-linux-gnu/bin/../lib/gcc/nios2-elf/4.1.2/../../../../nios2-elf/lib/mno-hw-mul/libc.a(lib_a-readr.o)
 .data          0x0081ff58        0x0 /OPT/altera/12.1/nios2eds/bin/gnu/H-i686-pc-linux-gnu/bin/../lib/gcc/nios2-elf/4.1.2/mno-hw-mul/libgcc.a(_udivdi3.o)
 .data          0x0081ff58        0x0 /OPT/altera/12.1/nios2eds/bin/gnu/H-i686-pc-linux-gnu/bin/../lib/gcc/nios2-elf/4.1.2/mno-hw-mul/libgcc.a(_umoddi3.o)
 .data          0x0081ff58        0x0 /OPT/altera/12.1/nios2eds/bin/gnu/H-i686-pc-linux-gnu/bin/../lib/gcc/nios2-elf/4.1.2/mno-hw-mul/libgcc.a(_addsub_df.o)
 .data          0x0081ff58        0x0 /OPT/altera/12.1/nios2eds/bin/gnu/H-i686-pc-linux-gnu/bin/../lib/gcc/nios2-elf/4.1.2/mno-hw-mul/libgcc.a(_mul_df.o)
 .data          0x0081ff58        0x0 /OPT/altera/12.1/nios2eds/bin/gnu/H-i686-pc-linux-gnu/bin/../lib/gcc/nios2-elf/4.1.2/mno-hw-mul/libgcc.a(_div_df.o)
 .data          0x0081ff58        0x0 /OPT/altera/12.1/nios2eds/bin/gnu/H-i686-pc-linux-gnu/bin/../lib/gcc/nios2-elf/4.1.2/mno-hw-mul/libgcc.a(_eq_df.o)
 .data          0x0081ff58        0x0 /OPT/altera/12.1/nios2eds/bin/gnu/H-i686-pc-linux-gnu/bin/../lib/gcc/nios2-elf/4.1.2/mno-hw-mul/libgcc.a(_ne_df.o)
 .data          0x0081ff58        0x0 /OPT/altera/12.1/nios2eds/bin/gnu/H-i686-pc-linux-gnu/bin/../lib/gcc/nios2-elf/4.1.2/mno-hw-mul/libgcc.a(_gt_df.o)
 .data          0x0081ff58        0x0 /OPT/altera/12.1/nios2eds/bin/gnu/H-i686-pc-linux-gnu/bin/../lib/gcc/nios2-elf/4.1.2/mno-hw-mul/libgcc.a(_ge_df.o)
 .data          0x0081ff58        0x0 /OPT/altera/12.1/nios2eds/bin/gnu/H-i686-pc-linux-gnu/bin/../lib/gcc/nios2-elf/4.1.2/mno-hw-mul/libgcc.a(_lt_df.o)
 .data          0x0081ff58        0x0 /OPT/altera/12.1/nios2eds/bin/gnu/H-i686-pc-linux-gnu/bin/../lib/gcc/nios2-elf/4.1.2/mno-hw-mul/libgcc.a(_si_to_df.o)
 .data          0x0081ff58        0x0 /OPT/altera/12.1/nios2eds/bin/gnu/H-i686-pc-linux-gnu/bin/../lib/gcc/nios2-elf/4.1.2/mno-hw-mul/libgcc.a(_df_to_si.o)
 .data          0x0081ff58        0x0 /OPT/altera/12.1/nios2eds/bin/gnu/H-i686-pc-linux-gnu/bin/../lib/gcc/nios2-elf/4.1.2/mno-hw-mul/libgcc.a(_thenan_df.o)
 .data          0x0081ff58        0x0 /OPT/altera/12.1/nios2eds/bin/gnu/H-i686-pc-linux-gnu/bin/../lib/gcc/nios2-elf/4.1.2/mno-hw-mul/libgcc.a(_usi_to_df.o)
 .data          0x0081ff58        0x0 /OPT/altera/12.1/nios2eds/bin/gnu/H-i686-pc-linux-gnu/bin/../lib/gcc/nios2-elf/4.1.2/mno-hw-mul/libgcc.a(_muldi3.o)
 .data          0x0081ff58        0x0 /OPT/altera/12.1/nios2eds/bin/gnu/H-i686-pc-linux-gnu/bin/../lib/gcc/nios2-elf/4.1.2/mno-hw-mul/libgcc.a(_clz.o)
 .data          0x0081ff58        0x0 /OPT/altera/12.1/nios2eds/bin/gnu/H-i686-pc-linux-gnu/bin/../lib/gcc/nios2-elf/4.1.2/mno-hw-mul/libgcc.a(_clzsi2.o)
 .data          0x0081ff58        0x0 /OPT/altera/12.1/nios2eds/bin/gnu/H-i686-pc-linux-gnu/bin/../lib/gcc/nios2-elf/4.1.2/mno-hw-mul/libgcc.a(_pack_df.o)
 .data          0x0081ff58        0x0 /OPT/altera/12.1/nios2eds/bin/gnu/H-i686-pc-linux-gnu/bin/../lib/gcc/nios2-elf/4.1.2/mno-hw-mul/libgcc.a(_unpack_df.o)
 .data          0x0081ff58        0x0 /OPT/altera/12.1/nios2eds/bin/gnu/H-i686-pc-linux-gnu/bin/../lib/gcc/nios2-elf/4.1.2/mno-hw-mul/libgcc.a(_fpcmp_parts_df.o)
 .data          0x0081ff58        0x0 ../sdcard_bsp//libucosii_bsp.a(alt_close.o)
 .data          0x0081ff58      0x1a8 ../sdcard_bsp//libucosii_bsp.a(alt_dev.o)
                0x0081ff58                alt_dev_null
                0x0081ff80                alt_fd_list
 .data          0x00820100        0x0 ../sdcard_bsp//libucosii_bsp.a(alt_errno.o)
 .data          0x00820100        0x0 ../sdcard_bsp//libucosii_bsp.a(alt_fstat.o)
 .data          0x00820100        0x0 ../sdcard_bsp//libucosii_bsp.a(alt_isatty.o)
 .data          0x00820100        0x0 ../sdcard_bsp//libucosii_bsp.a(alt_load.o)
 .data          0x00820100        0x0 ../sdcard_bsp//libucosii_bsp.a(alt_lseek.o)
 .data          0x00820100        0x0 ../sdcard_bsp//libucosii_bsp.a(alt_main.o)
 .data          0x00820100        0x0 ../sdcard_bsp//libucosii_bsp.a(alt_read.o)
 .data          0x00820100        0x0 ../sdcard_bsp//libucosii_bsp.a(alt_release_fd.o)
 .data          0x00820100        0x0 ../sdcard_bsp//libucosii_bsp.a(alt_sbrk.o)
 .data          0x00820100        0x0 ../sdcard_bsp//libucosii_bsp.a(alt_write.o)
 .data          0x00820100        0x0 ../sdcard_bsp//libucosii_bsp.a(alt_env_lock.o)
 .data          0x00820100        0x0 ../sdcard_bsp//libucosii_bsp.a(alt_malloc_lock.o)
 .data          0x00820100        0x0 ../sdcard_bsp//libucosii_bsp.a(os_core.o)
 .data          0x00820100        0x0 ../sdcard_bsp//libucosii_bsp.a(os_dbg.o)
 .data          0x00820100        0x0 ../sdcard_bsp//libucosii_bsp.a(os_flag.o)
 .data          0x00820100        0x0 ../sdcard_bsp//libucosii_bsp.a(os_mem.o)
 .data          0x00820100        0x0 ../sdcard_bsp//libucosii_bsp.a(os_q.o)
 .data          0x00820100        0x0 ../sdcard_bsp//libucosii_bsp.a(os_sem.o)
 .data          0x00820100        0x0 ../sdcard_bsp//libucosii_bsp.a(os_task.o)
 .data          0x00820100        0x0 ../sdcard_bsp//libucosii_bsp.a(os_time.o)
 .data          0x00820100     0x10f8 ../sdcard_bsp//libucosii_bsp.a(alt_sys_init.o)
 .data          0x008211f8        0x0 ../sdcard_bsp//libucosii_bsp.a(altera_avalon_jtag_uart_fd.o)
 .data          0x008211f8        0x0 ../sdcard_bsp//libucosii_bsp.a(altera_avalon_jtag_uart_init.o)
 .data          0x008211f8        0x0 ../sdcard_bsp//libucosii_bsp.a(altera_avalon_jtag_uart_ioctl.o)
 .data          0x008211f8        0x0 ../sdcard_bsp//libucosii_bsp.a(altera_avalon_jtag_uart_read.o)
 .data          0x008211f8        0x0 ../sdcard_bsp//libucosii_bsp.a(altera_avalon_jtag_uart_write.o)
 .data          0x008211f8        0x0 ../sdcard_bsp//libucosii_bsp.a(altera_avalon_timer_sc.o)
 .data          0x008211f8        0x0 ../sdcard_bsp//libucosii_bsp.a(altera_up_avalon_character_lcd.o)
 .data          0x008211f8        0x0 ../sdcard_bsp//libucosii_bsp.a(alt_alarm_start.o)
 .data          0x008211f8        0x0 ../sdcard_bsp//libucosii_bsp.a(alt_dcache_flush_all.o)
 .data          0x008211f8        0x0 ../sdcard_bsp//libucosii_bsp.a(alt_dev_llist_insert.o)
 .data          0x008211f8        0x0 ../sdcard_bsp//libucosii_bsp.a(alt_do_ctors.o)
 .data          0x008211f8        0x0 ../sdcard_bsp//libucosii_bsp.a(alt_do_dtors.o)
 .data          0x008211f8        0x0 ../sdcard_bsp//libucosii_bsp.a(alt_find_dev.o)
 .data          0x008211f8        0x0 ../sdcard_bsp//libucosii_bsp.a(alt_icache_flush_all.o)
 .data          0x008211f8        0x0 ../sdcard_bsp//libucosii_bsp.a(alt_io_redirect.o)
 .data          0x008211f8        0x0 ../sdcard_bsp//libucosii_bsp.a(alt_irq_register.o)
 .data          0x008211f8        0x0 ../sdcard_bsp//libucosii_bsp.a(alt_irq_vars.o)
 .data          0x008211f8        0x0 ../sdcard_bsp//libucosii_bsp.a(alt_open.o)
 .data          0x008211f8        0x0 ../sdcard_bsp//libucosii_bsp.a(alt_tick.o)
 .data          0x008211f8        0x0 ../sdcard_bsp//libucosii_bsp.a(altera_nios2_qsys_irq.o)
 .data          0x008211f8        0x0 ../sdcard_bsp//libucosii_bsp.a(os_cpu_a.o)
 .data          0x008211f8        0x0 ../sdcard_bsp//libucosii_bsp.a(os_cpu_c.o)
 .data          0x008211f8        0x0 ../sdcard_bsp//libucosii_bsp.a(alt_find_file.o)
 .data          0x008211f8        0x0 ../sdcard_bsp//libucosii_bsp.a(alt_get_fd.o)
 .data          0x008211f8        0x0 ../sdcard_bsp//libucosii_bsp.a(alt_irq_entry.o)
 .data          0x008211f8        0x0 ../sdcard_bsp//libucosii_bsp.a(alt_irq_handler.o)
 .data          0x008211f8        0x0 ../sdcard_bsp//libucosii_bsp.a(alt_exception_entry.o)
 .data          0x008211f8        0x0 /OPT/altera/12.1/nios2eds/bin/gnu/H-i686-pc-linux-gnu/bin/../lib/gcc/nios2-elf/4.1.2/../../../../nios2-elf/lib/mno-hw-mul/libc.a(lib_a-atexit.o)
 .data          0x008211f8        0x0 /OPT/altera/12.1/nios2eds/bin/gnu/H-i686-pc-linux-gnu/bin/../lib/gcc/nios2-elf/4.1.2/../../../../nios2-elf/lib/mno-hw-mul/libc.a(lib_a-exit.o)
 .data          0x008211f8        0x0 /OPT/altera/12.1/nios2eds/bin/gnu/H-i686-pc-linux-gnu/bin/../lib/gcc/nios2-elf/4.1.2/../../../../nios2-elf/lib/mno-hw-mul/libc.a(lib_a-memcmp.o)
 .data          0x008211f8        0x0 /OPT/altera/12.1/nios2eds/bin/gnu/H-i686-pc-linux-gnu/bin/../lib/gcc/nios2-elf/4.1.2/../../../../nios2-elf/lib/mno-hw-mul/libc.a(lib_a-__atexit.o)
 .data          0x008211f8        0x0 /OPT/altera/12.1/nios2eds/bin/gnu/H-i686-pc-linux-gnu/bin/../lib/gcc/nios2-elf/4.1.2/../../../../nios2-elf/lib/mno-hw-mul/libc.a(lib_a-__call_atexit.o)
 .data          0x008211f8        0x0 ../sdcard_bsp//libucosii_bsp.a(alt_exit.o)
                0x008291f8                _gp = ABSOLUTE ((. + 0x8000))
                0x008291f8                PROVIDE (gp, _gp)
 *(.rwdata .rwdata.*)
 *(.sdata .sdata.* .gnu.linkonce.s.*)
 .sdata         0x008211f8        0x8 /OPT/altera/12.1/nios2eds/bin/gnu/H-i686-pc-linux-gnu/bin/../lib/gcc/nios2-elf/4.1.2/../../../../nios2-elf/lib/mno-hw-mul/libc.a(lib_a-mallocr.o)
                0x008211f8                __malloc_trim_threshold
                0x008211fc                __malloc_sbrk_base
 .sdata         0x00821200        0x8 /OPT/altera/12.1/nios2eds/bin/gnu/H-i686-pc-linux-gnu/bin/../lib/gcc/nios2-elf/4.1.2/../../../../nios2-elf/lib/mno-hw-mul/libc.a(lib_a-impure.o)
                0x00821200                _impure_ptr
                0x00821204                _global_impure_ptr
 .sdata         0x00821208        0x8 /OPT/altera/12.1/nios2eds/bin/gnu/H-i686-pc-linux-gnu/bin/../lib/gcc/nios2-elf/4.1.2/../../../../nios2-elf/lib/mno-hw-mul/libc.a(lib_a-locale.o)
                0x00821208                __mb_cur_max
 .sdata         0x00821210       0x14 ../sdcard_bsp//libucosii_bsp.a(alt_dev.o)
                0x00821210                alt_fs_list
                0x00821218                alt_dev_list
                0x00821220                alt_max_fd
 .sdata         0x00821224        0x4 ../sdcard_bsp//libucosii_bsp.a(alt_errno.o)
                0x00821224                alt_errno
 .sdata         0x00821228        0x4 ../sdcard_bsp//libucosii_bsp.a(alt_sbrk.o)
 .sdata         0x0082122c        0x4 ../sdcard_bsp//libucosii_bsp.a(alt_env_lock.o)
 .sdata         0x00821230        0x4 ../sdcard_bsp//libucosii_bsp.a(alt_malloc_lock.o)
 .sdata         0x00821234       0x74 ../sdcard_bsp//libucosii_bsp.a(os_dbg.o)
                0x00821234                OSDebugEn
                0x00821238                OSEndiannessTest
                0x0082123c                OSEventEn
                0x0082123e                OSEventMax
                0x00821240                OSEventNameSize
                0x00821242                OSEventSize
                0x00821244                OSEventTblSize
                0x00821246                OSEventMultiEn
                0x00821248                OSFlagEn
                0x0082124a                OSFlagGrpSize
                0x0082124c                OSFlagNodeSize
                0x0082124e                OSFlagWidth
                0x00821250                OSFlagMax
                0x00821252                OSFlagNameSize
                0x00821254                OSLowestPrio
                0x00821256                OSMboxEn
                0x00821258                OSMemEn
                0x0082125a                OSMemMax
                0x0082125c                OSMemNameSize
                0x0082125e                OSMemSize
                0x00821260                OSMemTblSize
                0x00821262                OSMutexEn
                0x00821264                OSPtrSize
                0x00821266                OSQEn
                0x00821268                OSQMax
                0x0082126a                OSQSize
                0x0082126c                OSRdyTblSize
                0x0082126e                OSSemEn
                0x00821270                OSStkWidth
                0x00821272                OSTaskCreateEn
                0x00821274                OSTaskCreateExtEn
                0x00821276                OSTaskDelEn
                0x00821278                OSTaskIdleStkSize
                0x0082127a                OSTaskProfileEn
                0x0082127c                OSTaskMax
                0x0082127e                OSTaskNameSize
                0x00821280                OSTaskStatEn
                0x00821282                OSTaskStatStkSize
                0x00821284                OSTaskStatStkChkEn
                0x00821286                OSTaskSwHookEn
                0x00821288                OSTCBPrioTblMax
                0x0082128a                OSTCBSize
                0x0082128c                OSTicksPerSec
                0x0082128e                OSTimeTickHookEn
                0x00821290                OSVersionNbr
                0x00821292                OSTmrEn
                0x00821294                OSTmrCfgMax
                0x00821296                OSTmrCfgNameSize
                0x00821298                OSTmrCfgWheelSize
                0x0082129a                OSTmrCfgTicksPerSec
                0x0082129c                OSTmrSize
                0x0082129e                OSTmrTblSize
                0x008212a0                OSTmrWheelSize
                0x008212a2                OSTmrWheelTblSize
                0x008212a4                OSDataSize
 .sdata         0x008212a8        0x4 ../sdcard_bsp//libucosii_bsp.a(alt_irq_vars.o)
                0x008212a8                alt_priority_mask
 .sdata         0x008212ac        0x8 ../sdcard_bsp//libucosii_bsp.a(alt_tick.o)
                0x008212ac                alt_alarm_list
 *(.sdata2 .sdata2.* .gnu.linkonce.s2.*)
                0x008212b4                . = ALIGN (0x4)
                0x008212b4                _edata = ABSOLUTE (.)
                0x008212b4                PROVIDE (edata, ABSOLUTE (.))
                0x008212b4                PROVIDE (__ram_rwdata_end, ABSOLUTE (.))
                0x008212b4                PROVIDE (__flash_rwdata_start, LOADADDR (.rwdata))

.bss            0x00822e30     0x3574
                0x00822e30                __bss_start = ABSOLUTE (.)
                0x00822e30                PROVIDE (__sbss_start, ABSOLUTE (.))
                0x00822e30                PROVIDE (___sbss_start, ABSOLUTE (.))
 *(.dynsbss)
 *(.sbss .sbss.* .gnu.linkonce.sb.*)
 .sbss          0x00822e30        0xc /OPT/altera/12.1/nios2eds/bin/gnu/H-i686-pc-linux-gnu/bin/../lib/gcc/nios2-elf/4.1.2/../../../../nios2-elf/lib/mno-hw-mul/libc.a(lib_a-mallocr.o)
                0x00822e30                __malloc_top_pad
                0x00822e34                __malloc_max_sbrked_mem
                0x00822e38                __malloc_max_total_mem
 .sbss          0x00822e3c        0x4 /OPT/altera/12.1/nios2eds/bin/gnu/H-i686-pc-linux-gnu/bin/../lib/gcc/nios2-elf/4.1.2/../../../../nios2-elf/lib/mno-hw-mul/libc.a(lib_a-int_errno.o)
                0x00822e3c                errno
 .sbss          0x00822e40        0xc /OPT/altera/12.1/nios2eds/bin/gnu/H-i686-pc-linux-gnu/bin/../lib/gcc/nios2-elf/4.1.2/../../../../nios2-elf/lib/mno-hw-mul/libc.a(lib_a-locale.o)
                0x00822e40                __nlocale_changed
                0x00822e44                __mlocale_changed
                0x00822e48                _PathLocale
 .sbss          0x00822e4c        0x4 ../sdcard_bsp//libucosii_bsp.a(alt_dev.o)
                0x00822e4c                alt_fd_list_lock
 .sbss          0x00822e50        0xc ../sdcard_bsp//libucosii_bsp.a(alt_main.o)
                0x00822e50                alt_argc
                0x00822e54                alt_argv
                0x00822e58                alt_envp
 .sbss          0x00822e5c        0x8 ../sdcard_bsp//libucosii_bsp.a(alt_env_lock.o)
                0x00822e60                alt_envsem
 .sbss          0x00822e64        0x8 ../sdcard_bsp//libucosii_bsp.a(alt_malloc_lock.o)
                0x00822e68                alt_heapsem
 .sbss          0x00822e6c       0x50 ../sdcard_bsp//libucosii_bsp.a(os_core.o)
                0x00822e6c                OSLockNesting
                0x00822e6d                OSRunning
                0x00822e70                OSIdleCtr
                0x00822e74                OSPrioHighRdy
                0x00822e75                OSPrioCur
                0x00822e78                OSTCBList
                0x00822e7c                OSTickStepState
                0x00822e80                OSCtxSwCtr
                0x00822e84                OSIdleCtrMax
                0x00822e88                OSTCBFreeList
                0x00822e8c                OSCPUUsage
                0x00822e8d                OSTaskCtr
                0x00822e90                OSMemFreeList
                0x00822e94                OSTCBHighRdy
                0x00822e98                OSQFreeList
                0x00822e9c                OSRdyGrp
                0x00822e9d                OSRdyTbl
                0x00822ea0                OSEventFreeList
                0x00822ea4                OSIntNesting
                0x00822ea8                OSTCBCur
                0x00822eac                OSTime
                0x00822eb0                OSFlagFreeList
                0x00822eb4                OSStatRdy
                0x00822eb8                OSIdleCtrRun
 .sbss          0x00822ebc        0x4 ../sdcard_bsp//libucosii_bsp.a(alt_irq_vars.o)
                0x00822ebc                alt_irq_active
 .sbss          0x00822ec0        0x8 ../sdcard_bsp//libucosii_bsp.a(alt_tick.o)
                0x00822ec0                _alt_tick_rate
                0x00822ec4                _alt_nticks
 *(.sbss2 .sbss2.* .gnu.linkonce.sb2.*)
 *(.scommon)
                0x00822ec8                PROVIDE (__sbss_end, ABSOLUTE (.))
                0x00822ec8                PROVIDE (___sbss_end, ABSOLUTE (.))
 *(.dynbss)
 *(.bss .bss.* .gnu.linkonce.b.*)
 .bss           0x00822ec8        0x0 ../sdcard_bsp//obj/HAL/src/crt0.o
 .bss           0x00822ec8        0x0 obj/default/efsl/debug.o
 .bss           0x00822ec8        0x0 obj/default/efsl/dir.o
 .bss           0x00822ec8        0x0 obj/default/efsl/disc.o
 .bss           0x00822ec8        0x0 obj/default/efsl/efs.o
 .bss           0x00822ec8        0x0 obj/default/efsl/extract.o
 .bss           0x00822ec8        0x0 obj/default/efsl/fat.o
 .bss           0x00822ec8        0x0 obj/default/efsl/file.o
 .bss           0x00822ec8        0x0 obj/default/efsl/fs.o
 .bss           0x00822ec8        0x0 obj/default/efsl/ioman.o
 .bss           0x00822ec8        0x0 obj/default/efsl/ls.o
 .bss           0x00822ec8        0x0 obj/default/efsl/mkfs.o
 .bss           0x00822ec8        0x0 obj/default/efsl/nios2.o
 .bss           0x00822ec8        0x0 obj/default/efsl/nios2_ramdisk.o
 .bss           0x00822ec8        0x0 obj/default/efsl/partition.o
 .bss           0x00822ec8        0x0 obj/default/efsl/plibc.o
 .bss           0x00822ec8        0x0 obj/default/efsl/sd.o
 .bss           0x00822ec8        0x0 obj/default/efsl/time.o
 .bss           0x00822ec8        0x0 obj/default/efsl/ui.o
 .bss           0x00822ec8        0x0 obj/default/sdCardREAD.o
 .bss           0x00822ec8        0x0 /OPT/altera/12.1/nios2eds/bin/gnu/H-i686-pc-linux-gnu/bin/../lib/gcc/nios2-elf/4.1.2/mno-hw-mul/libgcc.a(lib2-divmod.o)
 .bss           0x00822ec8        0x0 /OPT/altera/12.1/nios2eds/bin/gnu/H-i686-pc-linux-gnu/bin/../lib/gcc/nios2-elf/4.1.2/mno-hw-mul/libgcc.a(lib2-mul.o)
 .bss           0x00822ec8        0x0 /OPT/altera/12.1/nios2eds/bin/gnu/H-i686-pc-linux-gnu/bin/../lib/gcc/nios2-elf/4.1.2/../../../../nios2-elf/lib/mno-hw-mul/libc.a(lib_a-malloc.o)
 .bss           0x00822ec8       0x28 /OPT/altera/12.1/nios2eds/bin/gnu/H-i686-pc-linux-gnu/bin/../lib/gcc/nios2-elf/4.1.2/../../../../nios2-elf/lib/mno-hw-mul/libc.a(lib_a-mallocr.o)
                0x00822ec8                __malloc_current_mallinfo
 .bss           0x00822ef0        0x0 /OPT/altera/12.1/nios2eds/bin/gnu/H-i686-pc-linux-gnu/bin/../lib/gcc/nios2-elf/4.1.2/../../../../nios2-elf/lib/mno-hw-mul/libc.a(lib_a-memcpy.o)
 .bss           0x00822ef0        0x0 /OPT/altera/12.1/nios2eds/bin/gnu/H-i686-pc-linux-gnu/bin/../lib/gcc/nios2-elf/4.1.2/../../../../nios2-elf/lib/mno-hw-mul/libc.a(lib_a-printf.o)
 .bss           0x00822ef0        0x0 /OPT/altera/12.1/nios2eds/bin/gnu/H-i686-pc-linux-gnu/bin/../lib/gcc/nios2-elf/4.1.2/../../../../nios2-elf/lib/mno-hw-mul/libc.a(lib_a-putchar.o)
 .bss           0x00822ef0        0x0 /OPT/altera/12.1/nios2eds/bin/gnu/H-i686-pc-linux-gnu/bin/../lib/gcc/nios2-elf/4.1.2/../../../../nios2-elf/lib/mno-hw-mul/libc.a(lib_a-puts.o)
 .bss           0x00822ef0        0x0 /OPT/altera/12.1/nios2eds/bin/gnu/H-i686-pc-linux-gnu/bin/../lib/gcc/nios2-elf/4.1.2/../../../../nios2-elf/lib/mno-hw-mul/libc.a(lib_a-sbrkr.o)
 .bss           0x00822ef0        0x0 /OPT/altera/12.1/nios2eds/bin/gnu/H-i686-pc-linux-gnu/bin/../lib/gcc/nios2-elf/4.1.2/../../../../nios2-elf/lib/mno-hw-mul/libc.a(lib_a-strlen.o)
 .bss           0x00822ef0        0x0 /OPT/altera/12.1/nios2eds/bin/gnu/H-i686-pc-linux-gnu/bin/../lib/gcc/nios2-elf/4.1.2/../../../../nios2-elf/lib/mno-hw-mul/libc.a(lib_a-vfprintf.o)
 .bss           0x00822ef0        0x0 /OPT/altera/12.1/nios2eds/bin/gnu/H-i686-pc-linux-gnu/bin/../lib/gcc/nios2-elf/4.1.2/../../../../nios2-elf/lib/mno-hw-mul/libc.a(lib_a-wsetup.o)
 .bss           0x00822ef0        0x0 /OPT/altera/12.1/nios2eds/bin/gnu/H-i686-pc-linux-gnu/bin/../lib/gcc/nios2-elf/4.1.2/../../../../nios2-elf/lib/mno-hw-mul/libc.a(lib_a-dtoa.o)
 .bss           0x00822ef0        0x0 /OPT/altera/12.1/nios2eds/bin/gnu/H-i686-pc-linux-gnu/bin/../lib/gcc/nios2-elf/4.1.2/../../../../nios2-elf/lib/mno-hw-mul/libc.a(lib_a-fflush.o)
 .bss           0x00822ef0        0x0 /OPT/altera/12.1/nios2eds/bin/gnu/H-i686-pc-linux-gnu/bin/../lib/gcc/nios2-elf/4.1.2/../../../../nios2-elf/lib/mno-hw-mul/libc.a(lib_a-findfp.o)
 .bss           0x00822ef0        0x0 /OPT/altera/12.1/nios2eds/bin/gnu/H-i686-pc-linux-gnu/bin/../lib/gcc/nios2-elf/4.1.2/../../../../nios2-elf/lib/mno-hw-mul/libc.a(lib_a-freer.o)
 .bss           0x00822ef0        0x0 /OPT/altera/12.1/nios2eds/bin/gnu/H-i686-pc-linux-gnu/bin/../lib/gcc/nios2-elf/4.1.2/../../../../nios2-elf/lib/mno-hw-mul/libc.a(lib_a-fvwrite.o)
 .bss           0x00822ef0        0x0 /OPT/altera/12.1/nios2eds/bin/gnu/H-i686-pc-linux-gnu/bin/../lib/gcc/nios2-elf/4.1.2/../../../../nios2-elf/lib/mno-hw-mul/libc.a(lib_a-fwalk.o)
 .bss           0x00822ef0        0x0 /OPT/altera/12.1/nios2eds/bin/gnu/H-i686-pc-linux-gnu/bin/../lib/gcc/nios2-elf/4.1.2/../../../../nios2-elf/lib/mno-hw-mul/libc.a(lib_a-impure.o)
 .bss           0x00822ef0        0x0 /OPT/altera/12.1/nios2eds/bin/gnu/H-i686-pc-linux-gnu/bin/../lib/gcc/nios2-elf/4.1.2/../../../../nios2-elf/lib/mno-hw-mul/libc.a(lib_a-int_errno.o)
 .bss           0x00822ef0        0x0 /OPT/altera/12.1/nios2eds/bin/gnu/H-i686-pc-linux-gnu/bin/../lib/gcc/nios2-elf/4.1.2/../../../../nios2-elf/lib/mno-hw-mul/libc.a(lib_a-locale.o)
 .bss           0x00822ef0        0x0 /OPT/altera/12.1/nios2eds/bin/gnu/H-i686-pc-linux-gnu/bin/../lib/gcc/nios2-elf/4.1.2/../../../../nios2-elf/lib/mno-hw-mul/libc.a(lib_a-makebuf.o)
 .bss           0x00822ef0        0x0 /OPT/altera/12.1/nios2eds/bin/gnu/H-i686-pc-linux-gnu/bin/../lib/gcc/nios2-elf/4.1.2/../../../../nios2-elf/lib/mno-hw-mul/libc.a(lib_a-memchr.o)
 .bss           0x00822ef0        0x0 /OPT/altera/12.1/nios2eds/bin/gnu/H-i686-pc-linux-gnu/bin/../lib/gcc/nios2-elf/4.1.2/../../../../nios2-elf/lib/mno-hw-mul/libc.a(lib_a-memmove.o)
 .bss           0x00822ef0        0x0 /OPT/altera/12.1/nios2eds/bin/gnu/H-i686-pc-linux-gnu/bin/../lib/gcc/nios2-elf/4.1.2/../../../../nios2-elf/lib/mno-hw-mul/libc.a(lib_a-memset.o)
 .bss           0x00822ef0        0x0 /OPT/altera/12.1/nios2eds/bin/gnu/H-i686-pc-linux-gnu/bin/../lib/gcc/nios2-elf/4.1.2/../../../../nios2-elf/lib/mno-hw-mul/libc.a(lib_a-mprec.o)
 .bss           0x00822ef0        0x0 /OPT/altera/12.1/nios2eds/bin/gnu/H-i686-pc-linux-gnu/bin/../lib/gcc/nios2-elf/4.1.2/../../../../nios2-elf/lib/mno-hw-mul/libc.a(lib_a-putc.o)
 .bss           0x00822ef0        0x0 /OPT/altera/12.1/nios2eds/bin/gnu/H-i686-pc-linux-gnu/bin/../lib/gcc/nios2-elf/4.1.2/../../../../nios2-elf/lib/mno-hw-mul/libc.a(lib_a-reallocr.o)
 .bss           0x00822ef0        0x0 /OPT/altera/12.1/nios2eds/bin/gnu/H-i686-pc-linux-gnu/bin/../lib/gcc/nios2-elf/4.1.2/../../../../nios2-elf/lib/mno-hw-mul/libc.a(lib_a-s_isinfd.o)
 .bss           0x00822ef0        0x0 /OPT/altera/12.1/nios2eds/bin/gnu/H-i686-pc-linux-gnu/bin/../lib/gcc/nios2-elf/4.1.2/../../../../nios2-elf/lib/mno-hw-mul/libc.a(lib_a-s_isnand.o)
 .bss           0x00822ef0        0x0 /OPT/altera/12.1/nios2eds/bin/gnu/H-i686-pc-linux-gnu/bin/../lib/gcc/nios2-elf/4.1.2/../../../../nios2-elf/lib/mno-hw-mul/libc.a(lib_a-stdio.o)
 .bss           0x00822ef0        0x0 /OPT/altera/12.1/nios2eds/bin/gnu/H-i686-pc-linux-gnu/bin/../lib/gcc/nios2-elf/4.1.2/../../../../nios2-elf/lib/mno-hw-mul/libc.a(lib_a-strcmp.o)
 .bss           0x00822ef0        0x0 /OPT/altera/12.1/nios2eds/bin/gnu/H-i686-pc-linux-gnu/bin/../lib/gcc/nios2-elf/4.1.2/../../../../nios2-elf/lib/mno-hw-mul/libc.a(lib_a-wbuf.o)
 .bss           0x00822ef0        0x0 /OPT/altera/12.1/nios2eds/bin/gnu/H-i686-pc-linux-gnu/bin/../lib/gcc/nios2-elf/4.1.2/../../../../nios2-elf/lib/mno-hw-mul/libc.a(lib_a-writer.o)
 .bss           0x00822ef0        0x0 /OPT/altera/12.1/nios2eds/bin/gnu/H-i686-pc-linux-gnu/bin/../lib/gcc/nios2-elf/4.1.2/../../../../nios2-elf/lib/mno-hw-mul/libc.a(lib_a-callocr.o)
 .bss           0x00822ef0        0x0 /OPT/altera/12.1/nios2eds/bin/gnu/H-i686-pc-linux-gnu/bin/../lib/gcc/nios2-elf/4.1.2/../../../../nios2-elf/lib/mno-hw-mul/libc.a(lib_a-closer.o)
 .bss           0x00822ef0        0x0 /OPT/altera/12.1/nios2eds/bin/gnu/H-i686-pc-linux-gnu/bin/../lib/gcc/nios2-elf/4.1.2/../../../../nios2-elf/lib/mno-hw-mul/libc.a(lib_a-fclose.o)
 .bss           0x00822ef0        0x0 /OPT/altera/12.1/nios2eds/bin/gnu/H-i686-pc-linux-gnu/bin/../lib/gcc/nios2-elf/4.1.2/../../../../nios2-elf/lib/mno-hw-mul/libc.a(lib_a-fstatr.o)
 .bss           0x00822ef0        0x0 /OPT/altera/12.1/nios2eds/bin/gnu/H-i686-pc-linux-gnu/bin/../lib/gcc/nios2-elf/4.1.2/../../../../nios2-elf/lib/mno-hw-mul/libc.a(lib_a-isattyr.o)
 .bss           0x00822ef0        0x0 /OPT/altera/12.1/nios2eds/bin/gnu/H-i686-pc-linux-gnu/bin/../lib/gcc/nios2-elf/4.1.2/../../../../nios2-elf/lib/mno-hw-mul/libc.a(lib_a-lseekr.o)
 .bss           0x00822ef0        0x0 /OPT/altera/12.1/nios2eds/bin/gnu/H-i686-pc-linux-gnu/bin/../lib/gcc/nios2-elf/4.1.2/../../../../nios2-elf/lib/mno-hw-mul/libc.a(lib_a-readr.o)
 .bss           0x00822ef0        0x0 /OPT/altera/12.1/nios2eds/bin/gnu/H-i686-pc-linux-gnu/bin/../lib/gcc/nios2-elf/4.1.2/mno-hw-mul/libgcc.a(_udivdi3.o)
 .bss           0x00822ef0        0x0 /OPT/altera/12.1/nios2eds/bin/gnu/H-i686-pc-linux-gnu/bin/../lib/gcc/nios2-elf/4.1.2/mno-hw-mul/libgcc.a(_umoddi3.o)
 .bss           0x00822ef0        0x0 /OPT/altera/12.1/nios2eds/bin/gnu/H-i686-pc-linux-gnu/bin/../lib/gcc/nios2-elf/4.1.2/mno-hw-mul/libgcc.a(_addsub_df.o)
 .bss           0x00822ef0        0x0 /OPT/altera/12.1/nios2eds/bin/gnu/H-i686-pc-linux-gnu/bin/../lib/gcc/nios2-elf/4.1.2/mno-hw-mul/libgcc.a(_mul_df.o)
 .bss           0x00822ef0        0x0 /OPT/altera/12.1/nios2eds/bin/gnu/H-i686-pc-linux-gnu/bin/../lib/gcc/nios2-elf/4.1.2/mno-hw-mul/libgcc.a(_div_df.o)
 .bss           0x00822ef0        0x0 /OPT/altera/12.1/nios2eds/bin/gnu/H-i686-pc-linux-gnu/bin/../lib/gcc/nios2-elf/4.1.2/mno-hw-mul/libgcc.a(_eq_df.o)
 .bss           0x00822ef0        0x0 /OPT/altera/12.1/nios2eds/bin/gnu/H-i686-pc-linux-gnu/bin/../lib/gcc/nios2-elf/4.1.2/mno-hw-mul/libgcc.a(_ne_df.o)
 .bss           0x00822ef0        0x0 /OPT/altera/12.1/nios2eds/bin/gnu/H-i686-pc-linux-gnu/bin/../lib/gcc/nios2-elf/4.1.2/mno-hw-mul/libgcc.a(_gt_df.o)
 .bss           0x00822ef0        0x0 /OPT/altera/12.1/nios2eds/bin/gnu/H-i686-pc-linux-gnu/bin/../lib/gcc/nios2-elf/4.1.2/mno-hw-mul/libgcc.a(_ge_df.o)
 .bss           0x00822ef0        0x0 /OPT/altera/12.1/nios2eds/bin/gnu/H-i686-pc-linux-gnu/bin/../lib/gcc/nios2-elf/4.1.2/mno-hw-mul/libgcc.a(_lt_df.o)
 .bss           0x00822ef0        0x0 /OPT/altera/12.1/nios2eds/bin/gnu/H-i686-pc-linux-gnu/bin/../lib/gcc/nios2-elf/4.1.2/mno-hw-mul/libgcc.a(_si_to_df.o)
 .bss           0x00822ef0        0x0 /OPT/altera/12.1/nios2eds/bin/gnu/H-i686-pc-linux-gnu/bin/../lib/gcc/nios2-elf/4.1.2/mno-hw-mul/libgcc.a(_df_to_si.o)
 .bss           0x00822ef0        0x0 /OPT/altera/12.1/nios2eds/bin/gnu/H-i686-pc-linux-gnu/bin/../lib/gcc/nios2-elf/4.1.2/mno-hw-mul/libgcc.a(_thenan_df.o)
 .bss           0x00822ef0        0x0 /OPT/altera/12.1/nios2eds/bin/gnu/H-i686-pc-linux-gnu/bin/../lib/gcc/nios2-elf/4.1.2/mno-hw-mul/libgcc.a(_usi_to_df.o)
 .bss           0x00822ef0        0x0 /OPT/altera/12.1/nios2eds/bin/gnu/H-i686-pc-linux-gnu/bin/../lib/gcc/nios2-elf/4.1.2/mno-hw-mul/libgcc.a(_muldi3.o)
 .bss           0x00822ef0        0x0 /OPT/altera/12.1/nios2eds/bin/gnu/H-i686-pc-linux-gnu/bin/../lib/gcc/nios2-elf/4.1.2/mno-hw-mul/libgcc.a(_clz.o)
 .bss           0x00822ef0        0x0 /OPT/altera/12.1/nios2eds/bin/gnu/H-i686-pc-linux-gnu/bin/../lib/gcc/nios2-elf/4.1.2/mno-hw-mul/libgcc.a(_clzsi2.o)
 .bss           0x00822ef0        0x0 /OPT/altera/12.1/nios2eds/bin/gnu/H-i686-pc-linux-gnu/bin/../lib/gcc/nios2-elf/4.1.2/mno-hw-mul/libgcc.a(_pack_df.o)
 .bss           0x00822ef0        0x0 /OPT/altera/12.1/nios2eds/bin/gnu/H-i686-pc-linux-gnu/bin/../lib/gcc/nios2-elf/4.1.2/mno-hw-mul/libgcc.a(_unpack_df.o)
 .bss           0x00822ef0        0x0 /OPT/altera/12.1/nios2eds/bin/gnu/H-i686-pc-linux-gnu/bin/../lib/gcc/nios2-elf/4.1.2/mno-hw-mul/libgcc.a(_fpcmp_parts_df.o)
 .bss           0x00822ef0        0x0 ../sdcard_bsp//libucosii_bsp.a(alt_close.o)
 .bss           0x00822ef0        0x0 ../sdcard_bsp//libucosii_bsp.a(alt_dev.o)
 .bss           0x00822ef0        0x0 ../sdcard_bsp//libucosii_bsp.a(alt_errno.o)
 .bss           0x00822ef0        0x0 ../sdcard_bsp//libucosii_bsp.a(alt_fstat.o)
 .bss           0x00822ef0        0x0 ../sdcard_bsp//libucosii_bsp.a(alt_isatty.o)
 .bss           0x00822ef0        0x0 ../sdcard_bsp//libucosii_bsp.a(alt_load.o)
 .bss           0x00822ef0        0x0 ../sdcard_bsp//libucosii_bsp.a(alt_lseek.o)
 .bss           0x00822ef0        0x0 ../sdcard_bsp//libucosii_bsp.a(alt_main.o)
 .bss           0x00822ef0        0x0 ../sdcard_bsp//libucosii_bsp.a(alt_read.o)
 .bss           0x00822ef0        0x0 ../sdcard_bsp//libucosii_bsp.a(alt_release_fd.o)
 .bss           0x00822ef0        0x0 ../sdcard_bsp//libucosii_bsp.a(alt_sbrk.o)
 .bss           0x00822ef0        0x0 ../sdcard_bsp//libucosii_bsp.a(alt_write.o)
 .bss           0x00822ef0        0x0 ../sdcard_bsp//libucosii_bsp.a(alt_env_lock.o)
 .bss           0x00822ef0        0x0 ../sdcard_bsp//libucosii_bsp.a(alt_malloc_lock.o)
 .bss           0x00822ef0        0x0 ../sdcard_bsp//libucosii_bsp.a(os_core.o)
 .bss           0x00822ef0        0x0 ../sdcard_bsp//libucosii_bsp.a(os_dbg.o)
 .bss           0x00822ef0        0x0 ../sdcard_bsp//libucosii_bsp.a(os_flag.o)
 .bss           0x00822ef0        0x0 ../sdcard_bsp//libucosii_bsp.a(os_mem.o)
 .bss           0x00822ef0        0x0 ../sdcard_bsp//libucosii_bsp.a(os_q.o)
 .bss           0x00822ef0        0x0 ../sdcard_bsp//libucosii_bsp.a(os_sem.o)
 .bss           0x00822ef0        0x0 ../sdcard_bsp//libucosii_bsp.a(os_task.o)
 .bss           0x00822ef0        0x0 ../sdcard_bsp//libucosii_bsp.a(os_time.o)
 .bss           0x00822ef0        0x0 ../sdcard_bsp//libucosii_bsp.a(alt_sys_init.o)
 .bss           0x00822ef0        0x0 ../sdcard_bsp//libucosii_bsp.a(altera_avalon_jtag_uart_fd.o)
 .bss           0x00822ef0        0x0 ../sdcard_bsp//libucosii_bsp.a(altera_avalon_jtag_uart_init.o)
 .bss           0x00822ef0        0x0 ../sdcard_bsp//libucosii_bsp.a(altera_avalon_jtag_uart_ioctl.o)
 .bss           0x00822ef0        0x0 ../sdcard_bsp//libucosii_bsp.a(altera_avalon_jtag_uart_read.o)
 .bss           0x00822ef0        0x0 ../sdcard_bsp//libucosii_bsp.a(altera_avalon_jtag_uart_write.o)
 .bss           0x00822ef0        0x0 ../sdcard_bsp//libucosii_bsp.a(altera_avalon_timer_sc.o)
 .bss           0x00822ef0        0x0 ../sdcard_bsp//libucosii_bsp.a(altera_up_avalon_character_lcd.o)
 .bss           0x00822ef0        0x0 ../sdcard_bsp//libucosii_bsp.a(alt_alarm_start.o)
 .bss           0x00822ef0        0x0 ../sdcard_bsp//libucosii_bsp.a(alt_dcache_flush_all.o)
 .bss           0x00822ef0        0x0 ../sdcard_bsp//libucosii_bsp.a(alt_dev_llist_insert.o)
 .bss           0x00822ef0        0x0 ../sdcard_bsp//libucosii_bsp.a(alt_do_ctors.o)
 .bss           0x00822ef0        0x0 ../sdcard_bsp//libucosii_bsp.a(alt_do_dtors.o)
 .bss           0x00822ef0        0x0 ../sdcard_bsp//libucosii_bsp.a(alt_find_dev.o)
 .bss           0x00822ef0        0x0 ../sdcard_bsp//libucosii_bsp.a(alt_icache_flush_all.o)
 .bss           0x00822ef0        0x0 ../sdcard_bsp//libucosii_bsp.a(alt_io_redirect.o)
 .bss           0x00822ef0        0x0 ../sdcard_bsp//libucosii_bsp.a(alt_irq_register.o)
 .bss           0x00822ef0        0x0 ../sdcard_bsp//libucosii_bsp.a(alt_irq_vars.o)
 .bss           0x00822ef0        0x0 ../sdcard_bsp//libucosii_bsp.a(alt_open.o)
 .bss           0x00822ef0        0x0 ../sdcard_bsp//libucosii_bsp.a(alt_tick.o)
 .bss           0x00822ef0        0x0 ../sdcard_bsp//libucosii_bsp.a(altera_nios2_qsys_irq.o)
 .bss           0x00822ef0        0x0 ../sdcard_bsp//libucosii_bsp.a(os_cpu_a.o)