Archive member included because of file (symbol)

/OPT/altera/12.1/nios2eds/bin/gnu/H-i686-pc-linux-gnu/bin/../lib/gcc/nios2-elf/4.1.2/libgcc.a(lib2-divmod.o)
                              obj/default/efsl/fs.o (__divsi3)
/OPT/altera/12.1/nios2eds/bin/gnu/H-i686-pc-linux-gnu/bin/../lib/gcc/nios2-elf/4.1.2/../../../../nios2-elf/lib/libc.a(lib_a-malloc.o)
                              obj/default/main.o (malloc)
/OPT/altera/12.1/nios2eds/bin/gnu/H-i686-pc-linux-gnu/bin/../lib/gcc/nios2-elf/4.1.2/../../../../nios2-elf/lib/libc.a(lib_a-mallocr.o)
                              /OPT/altera/12.1/nios2eds/bin/gnu/H-i686-pc-linux-gnu/bin/../lib/gcc/nios2-elf/4.1.2/../../../../nios2-elf/lib/libc.a(lib_a-malloc.o) (_malloc_r)
/OPT/altera/12.1/nios2eds/bin/gnu/H-i686-pc-linux-gnu/bin/../lib/gcc/nios2-elf/4.1.2/../../../../nios2-elf/lib/libc.a(lib_a-memcpy.o)
                              obj/default/efsl/nios2_ramdisk.o (memcpy)
/OPT/altera/12.1/nios2eds/bin/gnu/H-i686-pc-linux-gnu/bin/../lib/gcc/nios2-elf/4.1.2/../../../../nios2-elf/lib/libc.a(lib_a-perror.o)
                              obj/default/sd.o (perror)
/OPT/altera/12.1/nios2eds/bin/gnu/H-i686-pc-linux-gnu/bin/../lib/gcc/nios2-elf/4.1.2/../../../../nios2-elf/lib/libc.a(lib_a-printf.o)
                              obj/default/efsl/ioman.o (printf)
/OPT/altera/12.1/nios2eds/bin/gnu/H-i686-pc-linux-gnu/bin/../lib/gcc/nios2-elf/4.1.2/../../../../nios2-elf/lib/libc.a(lib_a-putchar.o)
                              obj/default/efsl/sd.o (putchar)
/OPT/altera/12.1/nios2eds/bin/gnu/H-i686-pc-linux-gnu/bin/../lib/gcc/nios2-elf/4.1.2/../../../../nios2-elf/lib/libc.a(lib_a-puts.o)
                              obj/default/audio.o (puts)
/OPT/altera/12.1/nios2eds/bin/gnu/H-i686-pc-linux-gnu/bin/../lib/gcc/nios2-elf/4.1.2/../../../../nios2-elf/lib/libc.a(lib_a-sbrkr.o)
                              /OPT/altera/12.1/nios2eds/bin/gnu/H-i686-pc-linux-gnu/bin/../lib/gcc/nios2-elf/4.1.2/../../../../nios2-elf/lib/libc.a(lib_a-mallocr.o) (_sbrk_r)
/OPT/altera/12.1/nios2eds/bin/gnu/H-i686-pc-linux-gnu/bin/../lib/gcc/nios2-elf/4.1.2/../../../../nios2-elf/lib/libc.a(lib_a-strerror.o)
                              /OPT/altera/12.1/nios2eds/bin/gnu/H-i686-pc-linux-gnu/bin/../lib/gcc/nios2-elf/4.1.2/../../../../nios2-elf/lib/libc.a(lib_a-perror.o) (strerror)
/OPT/altera/12.1/nios2eds/bin/gnu/H-i686-pc-linux-gnu/bin/../lib/gcc/nios2-elf/4.1.2/../../../../nios2-elf/lib/libc.a(lib_a-strlen.o)
                              /OPT/altera/12.1/nios2eds/bin/gnu/H-i686-pc-linux-gnu/bin/../lib/gcc/nios2-elf/4.1.2/../../../../nios2-elf/lib/libc.a(lib_a-puts.o) (strlen)
/OPT/altera/12.1/nios2eds/bin/gnu/H-i686-pc-linux-gnu/bin/../lib/gcc/nios2-elf/4.1.2/../../../../nios2-elf/lib/libc.a(lib_a-u_strerr.o)
                              /OPT/altera/12.1/nios2eds/bin/gnu/H-i686-pc-linux-gnu/bin/../lib/gcc/nios2-elf/4.1.2/../../../../nios2-elf/lib/libc.a(lib_a-strerror.o) (_user_strerror)
/OPT/altera/12.1/nios2eds/bin/gnu/H-i686-pc-linux-gnu/bin/../lib/gcc/nios2-elf/4.1.2/../../../../nios2-elf/lib/libc.a(lib_a-vfprintf.o)
                              /OPT/altera/12.1/nios2eds/bin/gnu/H-i686-pc-linux-gnu/bin/../lib/gcc/nios2-elf/4.1.2/../../../../nios2-elf/lib/libc.a(lib_a-printf.o) (___vfprintf_internal_r)
/OPT/altera/12.1/nios2eds/bin/gnu/H-i686-pc-linux-gnu/bin/../lib/gcc/nios2-elf/4.1.2/../../../../nios2-elf/lib/libc.a(lib_a-wsetup.o)
                              /OPT/altera/12.1/nios2eds/bin/gnu/H-i686-pc-linux-gnu/bin/../lib/gcc/nios2-elf/4.1.2/../../../../nios2-elf/lib/libc.a(lib_a-vfprintf.o) (__swsetup_r)
/OPT/altera/12.1/nios2eds/bin/gnu/H-i686-pc-linux-gnu/bin/../lib/gcc/nios2-elf/4.1.2/../../../../nios2-elf/lib/libc.a(lib_a-dtoa.o)
                              /OPT/altera/12.1/nios2eds/bin/gnu/H-i686-pc-linux-gnu/bin/../lib/gcc/nios2-elf/4.1.2/../../../../nios2-elf/lib/libc.a(lib_a-vfprintf.o) (_dtoa_r)
/OPT/altera/12.1/nios2eds/bin/gnu/H-i686-pc-linux-gnu/bin/../lib/gcc/nios2-elf/4.1.2/../../../../nios2-elf/lib/libc.a(lib_a-fflush.o)
                              /OPT/altera/12.1/nios2eds/bin/gnu/H-i686-pc-linux-gnu/bin/../lib/gcc/nios2-elf/4.1.2/../../../../nios2-elf/lib/libc.a(lib_a-vfprintf.o) (_fflush_r)
/OPT/altera/12.1/nios2eds/bin/gnu/H-i686-pc-linux-gnu/bin/../lib/gcc/nios2-elf/4.1.2/../../../../nios2-elf/lib/libc.a(lib_a-findfp.o)
                              /OPT/altera/12.1/nios2eds/bin/gnu/H-i686-pc-linux-gnu/bin/../lib/gcc/nios2-elf/4.1.2/../../../../nios2-elf/lib/libc.a(lib_a-vfprintf.o) (__sinit)
/OPT/altera/12.1/nios2eds/bin/gnu/H-i686-pc-linux-gnu/bin/../lib/gcc/nios2-elf/4.1.2/../../../../nios2-elf/lib/libc.a(lib_a-fputc.o)
                              /OPT/altera/12.1/nios2eds/bin/gnu/H-i686-pc-linux-gnu/bin/../lib/gcc/nios2-elf/4.1.2/../../../../nios2-elf/lib/libc.a(lib_a-perror.o) (fputc)
/OPT/altera/12.1/nios2eds/bin/gnu/H-i686-pc-linux-gnu/bin/../lib/gcc/nios2-elf/4.1.2/../../../../nios2-elf/lib/libc.a(lib_a-fputs.o)
[...]
Memory Configuration

Name             Origin             Length             Attributes
reset            0x00000000         0x00000020
generic_tristate_controller_0 0x00000020         0x003fffe0
sdram_0          0x00800000         0x00800000
sram_0           0x01080000         0x00080000
onchip_memory2_0_BEFORE_EXCEPTION 0x01104000         0x00000020
onchip_memory2_0 0x01104020         0x00003fe0
*default*        0x00000000         0xffffffff

Linker script and memory map

LOAD ../capstone_Volatile_bsp//obj/HAL/src/crt0.o
LOAD obj/default/audio.o
LOAD obj/default/buttons.o
LOAD obj/default/efsl/debug.o
LOAD obj/default/efsl/dir.o
LOAD obj/default/efsl/disc.o
LOAD obj/default/efsl/efs.o
LOAD obj/default/efsl/extract.o
LOAD obj/default/efsl/fat.o
LOAD obj/default/efsl/file.o
LOAD obj/default/efsl/fs.o
LOAD obj/default/efsl/ioman.o
LOAD obj/default/efsl/ls.o
LOAD obj/default/efsl/mkfs.o
LOAD obj/default/efsl/nios2.o
LOAD obj/default/efsl/nios2_ramdisk.o
LOAD obj/default/efsl/partition.o
LOAD obj/default/efsl/plibc.o
LOAD obj/default/efsl/sd.o
LOAD obj/default/efsl/time.o
LOAD obj/default/efsl/ui.o
LOAD obj/default/main.o
LOAD obj/default/save.o
LOAD obj/default/sd.o
LOAD /OPT/altera/12.1/nios2eds/bin/gnu/H-i686-pc-linux-gnu/bin/../lib/gcc/nios2-elf/4.1.2/../../../../nios2-elf/lib/libstdc++.a
LOAD /OPT/altera/12.1/nios2eds/bin/gnu/H-i686-pc-linux-gnu/bin/../lib/gcc/nios2-elf/4.1.2/../../../../nios2-elf/lib/libm.a
LOAD /OPT/altera/12.1/nios2eds/bin/gnu/H-i686-pc-linux-gnu/bin/../lib/gcc/nios2-elf/4.1.2/libgcc.a
START GROUP
LOAD /OPT/altera/12.1/nios2eds/bin/gnu/H-i686-pc-linux-gnu/bin/../lib/gcc/nios2-elf/4.1.2/../../../../nios2-elf/lib/libc.a
LOAD /OPT/altera/12.1/nios2eds/bin/gnu/H-i686-pc-linux-gnu/bin/../lib/gcc/nios2-elf/4.1.2/libgcc.a
LOAD ../capstone_Volatile_bsp//libucosii_bsp.a
END GROUP
LOAD /OPT/altera/12.1/nios2eds/bin/gnu/H-i686-pc-linux-gnu/bin/../lib/gcc/nios2-elf/4.1.2/libgcc.a
                0x00000000                __alt_mem_generic_tristate_controller_0 = 0x0
                0x00800000                __alt_mem_sdram_0 = 0x800000
                0x01080000                __alt_mem_sram_0 = 0x1080000
                0x01104000                __alt_mem_onchip_memory2_0 = 0x1104000

.entry          0x00000000        0x0
 *(.entry)
 .entry         0x00000000        0x0 ../capstone_Volatile_bsp//obj/HAL/src/crt0.o
                0x00000000                __reset

.exceptions     0x01104020      0x1a0
                0x01104020                PROVIDE (__ram_exceptions_start, ABSOLUTE (.))
                0x01104020                . = ALIGN (0x20)
 *(.irq)
 *(.exceptions.entry.label)
 .exceptions.entry.label
                0x01104020        0x0 ../capstone_Volatile_bsp//libucosii_bsp.a(alt_irq_entry.o)
                0x01104020                alt_irq_entry
 .exceptions.entry.label
                0x01104020        0x0 ../capstone_Volatile_bsp//libucosii_bsp.a(alt_exception_entry.o)
                0x01104020                alt_exception
 *(.exceptions.entry.user)
 *(.exceptions.entry)
 .exceptions.entry
                0x01104020       0x54 ../capstone_Volatile_bsp//libucosii_bsp.a(alt_exception_entry.o)
 *(.exceptions.irqtest.user)
 *(.exceptions.irqtest)
 .exceptions.irqtest
                0x01104074       0x10 ../capstone_Volatile_bsp//libucosii_bsp.a(alt_irq_entry.o)
 *(.exceptions.irqhandler.user)
 *(.exceptions.irqhandler)
 .exceptions.irqhandler
                0x01104084        0x4 ../capstone_Volatile_bsp//libucosii_bsp.a(alt_irq_entry.o)
 *(.exceptions.irqreturn.user)
 *(.exceptions.irqreturn)
 .exceptions.irqreturn
                0x01104088        0x4 ../capstone_Volatile_bsp//libucosii_bsp.a(alt_irq_entry.o)
 *(.exceptions.notirq.label)
 .exceptions.notirq.label
                0x0110408c        0x0 ../capstone_Volatile_bsp//libucosii_bsp.a(alt_irq_entry.o)
 *(.exceptions.notirq.user)
 *(.exceptions.notirq)
 .exceptions.notirq
                0x0110408c        0x8 ../capstone_Volatile_bsp//libucosii_bsp.a(alt_exception_entry.o)
 *(.exceptions.soft.user)
 *(.exceptions.soft)
 *(.exceptions.unknown.user)
 *(.exceptions.unknown)
 .exceptions.unknown
                0x01104094        0x4 ../capstone_Volatile_bsp//libucosii_bsp.a(alt_exception_entry.o)
 *(.exceptions.exit.label)
 .exceptions.exit.label
                0x01104098        0x0 ../capstone_Volatile_bsp//libucosii_bsp.a(alt_irq_entry.o)
 .exceptions.exit.label
                0x01104098        0x0 ../capstone_Volatile_bsp//libucosii_bsp.a(alt_exception_entry.o)
 *(.exceptions.exit.user)
 *(.exceptions.exit)
 .exceptions.exit
                0x01104098       0x54 ../capstone_Volatile_bsp//libucosii_bsp.a(alt_exception_entry.o)
 *(.exceptions)
 .exceptions    0x011040ec       0xd4 ../capstone_Volatile_bsp//libucosii_bsp.a(alt_irq_handler.o)
                0x011040ec                alt_irq_handler
                0x011041c0                PROVIDE (__ram_exceptions_end, ABSOLUTE (.))
                0x01104020                PROVIDE (__flash_exceptions_start, LOADADDR (.exceptions))

.text           0x00800000    0x20bb0
                0x00800000                PROVIDE (stext, ABSOLUTE (.))
 *(.interp)
 *(.hash)
 *(.dynsym)
 *(.dynstr)
 *(.gnu.version)
 *(.gnu.version_d)
 *(.gnu.version_r)
 *(.rel.init)
 *(.rela.init)
 *(.rel.text .rel.text.* .rel.gnu.linkonce.t.*)
 *(.rela.text .rela.text.* .rela.gnu.linkonce.t.*)
 *(.rel.fini)
 *(.rela.fini)
 *(.rel.rodata .rel.rodata.* .rel.gnu.linkonce.r.*)
 *(.rela.rodata .rela.rodata.* .rela.gnu.linkonce.r.*)
 *(.rel.data .rel.data.* .rel.gnu.linkonce.d.*)
 *(.rela.data .rela.data.* .rela.gnu.linkonce.d.*)
 *(.rel.tdata .rel.tdata.* .rel.gnu.linkonce.td.*)
 *(.rela.tdata .rela.tdata.* .rela.gnu.linkonce.td.*)
 *(.rel.tbss .rel.tbss.* .rel.gnu.linkonce.tb.*)
 *(.rela.tbss .rela.tbss.* .rela.gnu.linkonce.tb.*)
 *(.rel.ctors)
 *(.rela.ctors)
 *(.rel.dtors)
 *(.rela.dtors)
 *(.rel.got)
 *(.rela.got)
 *(.rel.sdata .rel.sdata.* .rel.gnu.linkonce.s.*)
 *(.rela.sdata .rela.sdata.* .rela.gnu.linkonce.s.*)
 *(.rel.sbss .rel.sbss.* .rel.gnu.linkonce.sb.*)
 *(.rela.sbss .rela.sbss.* .rela.gnu.linkonce.sb.*)
 *(.rel.sdata2 .rel.sdata2.* .rel.gnu.linkonce.s2.*)
 *(.rela.sdata2 .rela.sdata2.* .rela.gnu.linkonce.s2.*)
 *(.rel.sbss2 .rel.sbss2.* .rel.gnu.linkonce.sb2.*)
 *(.rela.sbss2 .rela.sbss2.* .rela.gnu.linkonce.sb2.*)
 *(.rel.bss .rel.bss.* .rel.gnu.linkonce.b.*)
 *(.rela.bss .rela.bss.* .rela.gnu.linkonce.b.*)
 *(.rel.plt)
 *(.rela.plt)
 *(.rel.dyn)
 *(.init)
 *(.plt)
 *(.text .stub .text.* .gnu.linkonce.t.*)
 .text          0x00800000       0x48 ../capstone_Volatile_bsp//obj/HAL/src/crt0.o
                0x00800000                _start
 .text          0x00800048      0x4f8 obj/default/audio.o
                0x00800048                audioInit
                0x008001f8                audio_isr
                0x008002c0                synthesize
 .text          0x00800540      0x1c0 obj/default/buttons.o
                0x00800540                init_button_pio
                0x0080059c                interrupt_isr_buttonPress
                0x00800678                setDrum
 .text          0x00800700        0x0 obj/default/efsl/debug.o
 .text          0x00800700      0xb40 obj/default/efsl/dir.o
                0x00800700                dir_getFileStructure
                0x008007bc                dir_createDirectoryEntry
                0x00800840                dir_createDefaultEntry
                0x008008f0                dir_setFirstCluster
                0x00800998                dir_setFileSize
                0x00800a18                dir_updateDirectoryEntry
                0x00800aa0                dir_findFileinBuf
                0x00800bf8                dir_findFreeEntryinBuf
                0x00800cf0                dir_findinBuf
                0x00800d7c                dir_findinCluster
                0x00800ea0                dir_findinDir
                0x00800f98                dir_findinRootArea
                0x008010dc                dir_getFatFileName
                0x008011b0                dir_addCluster
 .text          0x00801240       0xe4 obj/default/efsl/disc.o
                0x00801240                disc_initDisc
                0x00801288                disc_loadMBR
 .text          0x00801324      0x128 obj/default/efsl/efs.o
                0x00801324                efs_init
 .text          0x0080144c      0x354 obj/default/efsl/extract.o
                0x0080144c                ex_getb16
                0x008014ac                ex_getb32
                0x00801544                ex_setb16
                0x0080159c                ex_setb32
                0x0080162c                ex_getPartitionField
                0x00801778                ex_setPartitionField
 .text          0x008017a0     0x1504 obj/default/efsl/fat.o
                0x008017a0                fat_getSectorAddressFatEntry
                0x008018c8                fat_getNextClusterAddress
                0x00801af0                fat_setNextClusterAddress
                0x00801e64                fat_isEocMarker
                0x00801f18                fat_giveEocMarker
                0x00801fa0                fat_getNextClusterAddressWBuf
                0x00802168                fat_setNextClusterAddressWBuf
                0x0080244c                fat_getNextClusterChain
                0x008025fc                fat_LogicToDiscCluster
                0x0080272c                fat_allocClusterChain
                0x008029f8                fat_unlinkClusterChain
                0x00802ad0                fat_countClustersInChain
                0x00802b74                fat_DiscToLogicCluster
                0x00802c24                fat_countFreeClusters
 .text          0x00802ca4     0x12bc obj/default/efsl/file.o
                0x00802ca4                file_fread
                0x00802f3c                file_read
                0x00802fa4                file_write
                0x0080300c                file_setpos
                0x00803060                file_fwrite
                0x008033ac                file_fopen
                0x00803824                file_fclose
                0x00803924                file_initFile
                0x008039e0                file_normalToFatName
                0x00803c58                file_validateChar
                0x00803d40                file_setAttr
                0x00803dcc                file_getAttr
                0x00803e10                file_requiredCluster
 .text          0x00803f60     0x117c obj/default/efsl/fs.o
                0x00803f60                fs_initFs
                0x0080401c                fs_isValidFat
                0x00804090                fs_loadVolumeId
                0x008041cc                fs_verifySanity
                0x00804368                fs_countDataSectors
                0x008044c0                fs_determineFatType
                0x0080453c                fs_findFirstSectorRootDir
                0x008045fc                fs_initCurrentDir
                0x00804638                fs_clusterToSector
                0x00804704                fs_sectorToCluster
                0x00804800                fs_getNextFreeCluster
                0x00804880                fs_giveFreeClusterHint
                0x008048a4                fs_findFile
                0x00804ae4                fs_findFreeFile
                0x00804c04                fs_getLastCluster
                0x00804cdc                fs_getFirstClusterRootDir
                0x00804d30                fs_initClusterChain
                0x00804d90                fs_setFirstClusterInDirEntry
                0x00804dd8                fs_flushFs
                0x00804e24                fs_umount
                0x00804e60                fs_clearCluster
                0x00804f10                fs_getFsInfo
                0x0080500c                fs_setFsInfo
 .text          0x008050dc     0x1df4 obj/default/efsl/ioman.o
                0x008050dc                ioman_init
                0x00805154                ioman_reset
                0x008052c4                ioman_getBuffer
                0x008052f0                ioman_setAttr
                0x008053d4                ioman_getAttr
                0x0080545c                ioman_getUseCnt
                0x008054c8                ioman_incUseCnt
                0x0080555c                ioman_decUseCnt
                0x008055f0                ioman_resetUseCnt
                0x0080564c                ioman_getRefCnt
                0x008056b8                ioman_incRefCnt
                0x0080574c                ioman_decRefCnt
                0x008057e0                ioman_resetRefCnt
                0x0080583c                ioman_pop
                0x00805a10                ioman_push
                0x00805bd0                ioman_getPtr
                0x00805c38                ioman_getBp
                0x00805cf0                ioman_readSector
                0x00805d7c                ioman_writeSector
                0x00805e08                ioman_resetCacheItem
                0x00805ea8                ioman_findSectorInCache
                0x00805f54                ioman_findFreeSpot
                0x00805fd8                ioman_findUnusedSpot
                0x00806148                ioman_findOverallocableSpot
                0x00806294                ioman_putSectorInCache
                0x00806370                ioman_flushSector
                0x00806484                ioman_flushRange
                0x008065d8                ioman_flushAll
                0x008066ac                ioman_getSector
                0x008069b8                ioman_releaseSector
                0x00806a98                ioman_directSectorRead
                0x00806bc0                ioman_directSectorWrite
                0x00806d2c                ioman_printStatus
 .text          0x00806ed0      0x588 obj/default/efsl/ls.o
                0x00806ed0                ls_openDir
                0x00806f88                ls_getDirEntry
                0x00807014                ls_getNext
                0x008070bc                ls_getRealDirEntry
                0x00807214                ls_getRootAreaEntry
                0x00807324                ls_isValidFileEntry
                0x008073b4                ls_fileEntryToDirListEntry
 .text          0x00807458      0x3e4 obj/default/efsl/mkfs.o
                0x00807458                mkfs_makevfat
 .text          0x0080783c      0x4c0 obj/default/efsl/nios2.o
                0x0080783c                if_initInterface
                0x0080791c                if_readBuf
                0x0080796c                if_writeBuf
                0x008079b8                if_setPos
                0x008079e0                if_spiInit
                0x00807a24                if_spiSend
                0x00807b44                if_spi_sendbuf
                0x00807c14                if_spi_readbuf
 .text          0x00807cfc      0x134 obj/default/efsl/nios2_ramdisk.o
                0x00807e08                ramdisk_init
 .text          0x00807e30      0x46c obj/default/efsl/partition.o
                0x00807e30                part_initPartition
                0x00807ee0                part_isFatPart
                0x00807f5c                part_readBuf
                0x00807fcc                part_writeBuf
                0x0080803c                part_getRealLBA
                0x00808094                part_getSect
                0x008080f4                part_relSect
                0x00808140                part_flushPart
                0x008081c4                part_directSectorRead
                0x00808230                part_directSectorWrite
 .text          0x0080829c      0x1b4 obj/default/efsl/plibc.o
                0x0080829c                strMatch
                0x00808334                memCpy
                0x008083a0                memClr
                0x008083f4                memSet
 .text          0x00808450      0xa20 obj/default/efsl/sd.o
                0x00808450                sd_Init
                0x00808590                sd_Command
                0x00808644                sd_Resp8b
                0x008086c0                sd_Resp16b
                0x00808728                sd_Resp8bError
                0x00808900                sd_State
                0x00808abc                sd_writeSector
                0x00808b90                sd_readSector
                0x00808c94                sd_getDriveSize
 .text          0x00808e70       0x60 obj/default/efsl/time.o
                0x00808e70                fs_makeDate
                0x00808e90                fs_makeTime
                0x00808eb0                fs_hasTimeSupport
 .text          0x00808ed0      0x708 obj/default/efsl/ui.o
                0x00808ed0                listFiles
                0x008091d0                rmfile
                0x00809310                makedir
 .text          0x008095d8      0x5d8 obj/default/main.o
                0x008095d8                main
 .text          0x00809bb0        0x0 obj/default/save.o
 .text          0x00809bb0      0x2c4 obj/default/sd.o
                0x00809bb0                sdInit
                0x00809c30                sdRead
                0x00809d58                parseWav
 .text          0x00809e74      0x14c /OPT/altera/12.1/nios2eds/bin/gnu/H-i686-pc-linux-gnu/bin/../lib/gcc/nios2-elf/4.1.2/libgcc.a(lib2-divmod.o)
                0x00809ef0                __divsi3
                0x00809f50                __modsi3
                0x00809fb0                __udivsi3
                0x00809fb8                __umodsi3
 .text          0x00809fc0       0x28 /OPT/altera/12.1/nios2eds/bin/gnu/H-i686-pc-linux-gnu/bin/../lib/gcc/nios2-elf/4.1.2/../../../../nios2-elf/lib/libc.a(lib_a-malloc.o)
                0x00809fc0                free
                0x00809fd4                malloc
 .text          0x00809fe8      0x740 /OPT/altera/12.1/nios2eds/bin/gnu/H-i686-pc-linux-gnu/bin/../lib/gcc/nios2-elf/4.1.2/../../../../nios2-elf/lib/libc.a(lib_a-mallocr.o)
                0x00809fe8                _malloc_r
 .text          0x0080a728       0xa0 /OPT/altera/12.1/nios2eds/bin/gnu/H-i686-pc-linux-gnu/bin/../lib/gcc/nios2-elf/4.1.2/../../../../nios2-elf/lib/libc.a(lib_a-memcpy.o)
                0x0080a728                memcpy
 .text          0x0080a7c8       0x80 /OPT/altera/12.1/nios2eds/bin/gnu/H-i686-pc-linux-gnu/bin/../lib/gcc/nios2-elf/4.1.2/../../../../nios2-elf/lib/libc.a(lib_a-perror.o)
                0x0080a7c8                _perror_r
                0x0080a834                perror
 .text          0x0080a848       0x78 /OPT/altera/12.1/nios2eds/bin/gnu/H-i686-pc-linux-gnu/bin/../lib/gcc/nios2-elf/4.1.2/../../../../nios2-elf/lib/libc.a(lib_a-printf.o)
                0x0080a848                printf
                0x0080a88c                _printf_r
 .text          0x0080a8c0       0x24 /OPT/altera/12.1/nios2eds/bin/gnu/H-i686-pc-linux-gnu/bin/../lib/gcc/nios2-elf/4.1.2/../../../../nios2-elf/lib/libc.a(lib_a-putchar.o)
                0x0080a8c0                putchar
                0x0080a8dc                _putchar_r
 .text          0x0080a8e4       0xb4 /OPT/altera/12.1/nios2eds/bin/gnu/H-i686-pc-linux-gnu/bin/../lib/gcc/nios2-elf/4.1.2/../../../../nios2-elf/lib/libc.a(lib_a-puts.o)
                0x0080a8e4                _puts_r
                0x0080a984                puts
 .text          0x0080a998       0x70 /OPT/altera/12.1/nios2eds/bin/gnu/H-i686-pc-linux-gnu/bin/../lib/gcc/nios2-elf/4.1.2/../../../../nios2-elf/lib/libc.a(lib_a-sbrkr.o)
                0x0080a998                _sbrk_r
 .text          0x0080aa08      0x674 /OPT/altera/12.1/nios2eds/bin/gnu/H-i686-pc-linux-gnu/bin/../lib/gcc/nios2-elf/4.1.2/../../../../nios2-elf/lib/libc.a(lib_a-strerror.o)
                0x0080aa08                strerror
 .text          0x0080b07c       0x74 /OPT/altera/12.1/nios2eds/bin/gnu/H-i686-pc-linux-gnu/bin/../lib/gcc/nios2-elf/4.1.2/../../../../nios2-elf/lib/libc.a(lib_a-strlen.o)
                0x0080b07c                strlen
 .text          0x0080b0f0        0x8 /OPT/altera/12.1/nios2eds/bin/gnu/H-i686-pc-linux-gnu/bin/../lib/gcc/nios2-elf/4.1.2/../../../../nios2-elf/lib/libc.a(lib_a-u_strerr.o)
                0x0080b0f0                _user_strerror
 .text          0x0080b0f8     0x1f28 /OPT/altera/12.1/nios2eds/bin/gnu/H-i686-pc-linux-gnu/bin/../lib/gcc/nios2-elf/4.1.2/../../../../nios2-elf/lib/libc.a(lib_a-vfprintf.o)
                0x0080b150                ___vfprintf_internal_r
                0x0080cffc                __vfprintf_internal
 .text          0x0080d020      0x13c /OPT/altera/12.1/nios2eds/bin/gnu/H-i686-pc-linux-gnu/bin/../lib/gcc/nios2-elf/4.1.2/../../../../nios2-elf/lib/libc.a(lib_a-wsetup.o)
                0x0080d020                __swsetup_r
 .text          0x0080d15c     0x17cc /OPT/altera/12.1/nios2eds/bin/gnu/H-i686-pc-linux-gnu/bin/../lib/gcc/nios2-elf/4.1.2/../../../../nios2-elf/lib/libc.a(lib_a-dtoa.o)
                0x0080d374                _dtoa_r
 .text          0x0080e928      0x230 /OPT/altera/12.1/nios2eds/bin/gnu/H-i686-pc-linux-gnu/bin/../lib/gcc/nios2-elf/4.1.2/../../../../nios2-elf/lib/libc.a(lib_a-fflush.o)
                0x0080e928                _fflush_r
                0x0080eb24                fflush
 .text          0x0080eb58      0x2c0 /OPT/altera/12.1/nios2eds/bin/gnu/H-i686-pc-linux-gnu/bin/../lib/gcc/nios2-elf/4.1.2/../../../../nios2-elf/lib/libc.a(lib_a-findfp.o)
                0x0080ebb0                __sfp_lock_acquire
                0x0080ebb4                __sfp_lock_release
                0x0080ebb8                __sinit_lock_acquire
                0x0080ebbc                __sinit_lock_release
                0x0080ebc0                __sinit
                0x0080ec74                __fp_unlock_all
                0x0080ec8c                __fp_lock_all
                0x0080eca4                _cleanup_r
                0x0080ecb0                _cleanup
                0x0080ecc0                __sfmoreglue
                0x0080ed28                __sfp
 .text          0x0080ee18       0xbc /OPT/altera/12.1/nios2eds/bin/gnu/H-i686-pc-linux-gnu/bin/../lib/gcc/nios2-elf/4.1.2/../../../../nios2-elf/lib/libc.a(lib_a-fputc.o)
                0x0080ee18                fputc
                0x0080ee7c                _fputc_r
 .text          0x0080eed4       0x90 /OPT/altera/12.1/nios2eds/bin/gnu/H-i686-pc-linux-gnu/bin/../lib/gcc/nios2-elf/4.1.2/../../../../nios2-elf/lib/libc.a(lib_a-fputs.o)
                0x0080eed4                _fputs_r
                0x0080ef48                fputs
 .text          0x0080ef64      0x440 /OPT/altera/12.1/nios2eds/bin/gnu/H-i686-pc-linux-gnu/bin/../lib/gcc/nios2-elf/4.1.2/../../../../nios2-elf/lib/libc.a(lib_a-freer.o)
                0x0080ef64                _malloc_trim_r
                0x0080f090                _free_r
 .text          0x0080f3a4      0x49c /OPT/altera/12.1/nios2eds/bin/gnu/H-i686-pc-linux-gnu/bin/../lib/gcc/nios2-elf/4.1.2/../../../../nios2-elf/lib/libc.a(lib_a-fvwrite.o)
                0x0080f3a4                __sfvwrite_r
 .text          0x0080f840      0x180 /OPT/altera/12.1/nios2eds/bin/gnu/H-i686-pc-linux-gnu/bin/../lib/gcc/nios2-elf/4.1.2/../../../../nios2-elf/lib/libc.a(lib_a-fwalk.o)
                0x0080f840                _fwalk_reent
                0x0080f908                _fwalk
 .text          0x0080f9c0        0x0 /OPT/altera/12.1/nios2eds/bin/gnu/H-i686-pc-linux-gnu/bin/../lib/gcc/nios2-elf/4.1.2/../../../../nios2-elf/lib/libc.a(lib_a-impure.o)
 .text          0x0080f9c0        0x0 /OPT/altera/12.1/nios2eds/bin/gnu/H-i686-pc-linux-gnu/bin/../lib/gcc/nios2-elf/4.1.2/../../../../nios2-elf/lib/libc.a(lib_a-int_errno.o)
 .text          0x0080f9c0       0xc4 /OPT/altera/12.1/nios2eds/bin/gnu/H-i686-pc-linux-gnu/bin/../lib/gcc/nios2-elf/4.1.2/../../../../nios2-elf/lib/libc.a(lib_a-locale.o)
                0x0080f9c0                __locale_charset
                0x0080f9c8                _localeconv_r
                0x0080f9d4                localeconv
                0x0080f9e4                _setlocale_r
                0x0080fa68                setlocale
 .text          0x0080fa84      0x194 /OPT/altera/12.1/nios2eds/bin/gnu/H-i686-pc-linux-gnu/bin/../lib/gcc/nios2-elf/4.1.2/../../../../nios2-elf/lib/libc.a(lib_a-makebuf.o)
                0x0080fa84                __smakebuf_r
 .text          0x0080fc18       0xe4 /OPT/altera/12.1/nios2eds/bin/gnu/H-i686-pc-linux-gnu/bin/../lib/gcc/nios2-elf/4.1.2/../../../../nios2-elf/lib/libc.a(lib_a-memchr.o)
                0x0080fc18                memchr
 .text          0x0080fcfc       0xe0 /OPT/altera/12.1/nios2eds/bin/gnu/H-i686-pc-linux-gnu/bin/../lib/gcc/nios2-elf/4.1.2/../../../../nios2-elf/lib/libc.a(lib_a-memmove.o)
                0x0080fcfc                memmove
 .text          0x0080fddc       0x98 /OPT/altera/12.1/nios2eds/bin/gnu/H-i686-pc-linux-gnu/bin/../lib/gcc/nios2-elf/4.1.2/../../../../nios2-elf/lib/libc.a(lib_a-memset.o)
                0x0080fddc                memset
 .text          0x0080fe74      0xff4 /OPT/altera/12.1/nios2eds/bin/gnu/H-i686-pc-linux-gnu/bin/../lib/gcc/nios2-elf/4.1.2/../../../../nios2-elf/lib/libc.a(lib_a-mprec.o)
                0x0080fe74                _Bfree
                0x0080fe9c                __hi0bits
                0x0080ff0c                __lo0bits
                0x0080ffd0                __mcmp
                0x00810030                __ulp
                0x008100b0                __b2d
                0x008101d0                __ratio
                0x00810280                _mprec_log10
                0x00810314                __copybits
                0x0081036c                __any_on
                0x008103f4                _Balloc
                0x008104b0                __d2b
                0x0081062c                __mdiff
                0x008107b8                __lshift
                0x00810904                __multiply
                0x00810aec                __i2b
                0x00810b28                __multadd
                0x00810c28                __pow5mult
                0x00810d48                __s2b
 .text          0x00810e68      0x1ec /OPT/altera/12.1/nios2eds/bin/gnu/H-i686-pc-linux-gnu/bin/../lib/gcc/nios2-elf/4.1.2/../../../../nios2-elf/lib/libc.a(lib_a-putc.o)
                0x00810e68                putc
                0x00810f6c                _putc_r
 .text          0x00811054      0x5f4 /OPT/altera/12.1/nios2eds/bin/gnu/H-i686-pc-linux-gnu/bin/../lib/gcc/nios2-elf/4.1.2/../../../../nios2-elf/lib/libc.a(lib_a-reallocr.o)
                0x00811054                _realloc_r
 .text          0x00811648       0x40 /OPT/altera/12.1/nios2eds/bin/gnu/H-i686-pc-linux-gnu/bin/../lib/gcc/nios2-elf/4.1.2/../../../../nios2-elf/lib/libc.a(lib_a-s_isinfd.o)
                0x00811648                __isinfd
 .text          0x00811688       0x30 /OPT/altera/12.1/nios2eds/bin/gnu/H-i686-pc-linux-gnu/bin/../lib/gcc/nios2-elf/4.1.2/../../../../nios2-elf/lib/libc.a(lib_a-s_isnand.o)
                0x00811688                __isnand
 .text          0x008116b8      0x14c /OPT/altera/12.1/nios2eds/bin/gnu/H-i686-pc-linux-gnu/bin/../lib/gcc/nios2-elf/4.1.2/../../../../nios2-elf/lib/libc.a(lib_a-stdio.o)
                0x008116b8                __sclose
                0x008116c0                __sseek
                0x00811728                __swrite
                0x008117a4                __sread
 .text          0x00811804       0xbc /OPT/altera/12.1/nios2eds/bin/gnu/H-i686-pc-linux-gnu/bin/../lib/gcc/nios2-elf/4.1.2/../../../../nios2-elf/lib/libc.a(lib_a-strcmp.o)
                0x00811804                strcmp
 .text          0x008118c0      0x14c /OPT/altera/12.1/nios2eds/bin/gnu/H-i686-pc-linux-gnu/bin/../lib/gcc/nios2-elf/4.1.2/../../../../nios2-elf/lib/libc.a(lib_a-wbuf.o)
                0x008118c0                __swbuf_r
                0x008119f0                __swbuf
 .text          0x00811a0c       0x78 /OPT/altera/12.1/nios2eds/bin/gnu/H-i686-pc-linux-gnu/bin/../lib/gcc/nios2-elf/4.1.2/../../../../nios2-elf/lib/libc.a(lib_a-writer.o)
                0x00811a0c                _write_r
 .text          0x00811a84       0xb4 /OPT/altera/12.1/nios2eds/bin/gnu/H-i686-pc-linux-gnu/bin/../lib/gcc/nios2-elf/4.1.2/../../../../nios2-elf/lib/libc.a(lib_a-callocr.o)
                0x00811a84                _calloc_r
 .text          0x00811b38       0x70 /OPT/altera/12.1/nios2eds/bin/gnu/H-i686-pc-linux-gnu/bin/../lib/gcc/nios2-elf/4.1.2/../../../../nios2-elf/lib/libc.a(lib_a-closer.o)
                0x00811b38                _close_r
 .text          0x00811ba8      0x124 /OPT/altera/12.1/nios2eds/bin/gnu/H-i686-pc-linux-gnu/bin/../lib/gcc/nios2-elf/4.1.2/../../../../nios2-elf/lib/libc.a(lib_a-fclose.o)
                0x00811ba8                _fclose_r
                0x00811cb8                fclose
 .text          0x00811ccc       0x74 /OPT/altera/12.1/nios2eds/bin/gnu/H-i686-pc-linux-gnu/bin/../lib/gcc/nios2-elf/4.1.2/../../../../nios2-elf/lib/libc.a(lib_a-fstatr.o)
                0x00811ccc                _fstat_r
 .text          0x00811d40       0x70 /OPT/altera/12.1/nios2eds/bin/gnu/H-i686-pc-linux-gnu/bin/../lib/gcc/nios2-elf/4.1.2/../../../../nios2-elf/lib/libc.a(lib_a-isattyr.o)
                0x00811d40                _isatty_r
 .text          0x00811db0       0x78 /OPT/altera/12.1/nios2eds/bin/gnu/H-i686-pc-linux-gnu/bin/../lib/gcc/nios2-elf/4.1.2/../../../../nios2-elf/lib/libc.a(lib_a-lseekr.o)
                0x00811db0                _lseek_r
 .text          0x00811e28       0x78 /OPT/altera/12.1/nios2eds/bin/gnu/H-i686-pc-linux-gnu/bin/../lib/gcc/nios2-elf/4.1.2/../../../../nios2-elf/lib/libc.a(lib_a-readr.o)
                0x00811e28                _read_r
 .text          0x00811ea0      0x5dc /OPT/altera/12.1/nios2eds/bin/gnu/H-i686-pc-linux-gnu/bin/../lib/gcc/nios2-elf/4.1.2/libgcc.a(_udivdi3.o)
                0x00811ea0                __udivdi3
 .text          0x0081247c      0x5b0 /OPT/altera/12.1/nios2eds/bin/gnu/H-i686-pc-linux-gnu/bin/../lib/gcc/nios2-elf/4.1.2/libgcc.a(_umoddi3.o)
                0x0081247c                __umoddi3
 .text          0x00812a2c      0x504 /OPT/altera/12.1/nios2eds/bin/gnu/H-i686-pc-linux-gnu/bin/../lib/gcc/nios2-elf/4.1.2/libgcc.a(_addsub_df.o)
                0x00812e3c                __subdf3
                0x00812ebc                __adddf3
 .text          0x00812f30      0x3c4 /OPT/altera/12.1/nios2eds/bin/gnu/H-i686-pc-linux-gnu/bin/../lib/gcc/nios2-elf/4.1.2/libgcc.a(_mul_df.o)
                0x00812f30                __muldf3
 .text          0x008132f4      0x258 /OPT/altera/12.1/nios2eds/bin/gnu/H-i686-pc-linux-gnu/bin/../lib/gcc/nios2-elf/4.1.2/libgcc.a(_div_df.o)
                0x008132f4                __divdf3
 .text          0x0081354c       0x88 /OPT/altera/12.1/nios2eds/bin/gnu/H-i686-pc-linux-gnu/bin/../lib/gcc/nios2-elf/4.1.2/libgcc.a(_eq_df.o)
                0x0081354c                __eqdf2
 .text          0x008135d4       0x88 /OPT/altera/12.1/nios2eds/bin/gnu/H-i686-pc-linux-gnu/bin/../lib/gcc/nios2-elf/4.1.2/libgcc.a(_ne_df.o)
                0x008135d4                __nedf2
 .text          0x0081365c       0x88 /OPT/altera/12.1/nios2eds/bin/gnu/H-i686-pc-linux-gnu/bin/../lib/gcc/nios2-elf/4.1.2/libgcc.a(_gt_df.o)
                0x0081365c                __gtdf2
 .text          0x008136e4       0x88 /OPT/altera/12.1/nios2eds/bin/gnu/H-i686-pc-linux-gnu/bin/../lib/gcc/nios2-elf/4.1.2/libgcc.a(_ge_df.o)
                0x008136e4                __gedf2
 .text          0x0081376c       0x88 /OPT/altera/12.1/nios2eds/bin/gnu/H-i686-pc-linux-gnu/bin/../lib/gcc/nios2-elf/4.1.2/libgcc.a(_lt_df.o)
                0x0081376c                __ltdf2
 .text          0x008137f4       0xf8 /OPT/altera/12.1/nios2eds/bin/gnu/H-i686-pc-linux-gnu/bin/../lib/gcc/nios2-elf/4.1.2/libgcc.a(_si_to_df.o)
                0x008137f4                __floatsidf
 .text          0x008138ec       0xd8 /OPT/altera/12.1/nios2eds/bin/gnu/H-i686-pc-linux-gnu/bin/../lib/gcc/nios2-elf/4.1.2/libgcc.a(_df_to_si.o)
                0x008138ec                __fixdfsi
 .text          0x008139c4        0x0 /OPT/altera/12.1/nios2eds/bin/gnu/H-i686-pc-linux-gnu/bin/../lib/gcc/nios2-elf/4.1.2/libgcc.a(_thenan_df.o)
 .text          0x008139c4      0x194 /OPT/altera/12.1/nios2eds/bin/gnu/H-i686-pc-linux-gnu/bin/../lib/gcc/nios2-elf/4.1.2/libgcc.a(_usi_to_df.o)
                0x008139c4                __floatunsidf
 .text          0x00813b58       0x98 /OPT/altera/12.1/nios2eds/bin/gnu/H-i686-pc-linux-gnu/bin/../lib/gcc/nios2-elf/4.1.2/libgcc.a(_muldi3.o)
                0x00813b58                __muldi3
 .text          0x00813bf0        0x0 /OPT/altera/12.1/nios2eds/bin/gnu/H-i686-pc-linux-gnu/bin/../lib/gcc/nios2-elf/4.1.2/libgcc.a(_clz.o)
 .text          0x00813bf0       0x80 /OPT/altera/12.1/nios2eds/bin/gnu/H-i686-pc-linux-gnu/bin/../lib/gcc/nios2-elf/4.1.2/libgcc.a(_clzsi2.o)
                0x00813bf0                __clzsi2
 .text          0x00813c70      0x314 /OPT/altera/12.1/nios2eds/bin/gnu/H-i686-pc-linux-gnu/bin/../lib/gcc/nios2-elf/4.1.2/libgcc.a(_pack_df.o)
                0x00813c70                __pack_d
 .text          0x00813f84      0x138 /OPT/altera/12.1/nios2eds/bin/gnu/H-i686-pc-linux-gnu/bin/../lib/gcc/nios2-elf/4.1.2/libgcc.a(_unpack_df.o)
                0x00813f84                __unpack_d
 .text          0x008140bc       0xc8 /OPT/altera/12.1/nios2eds/bin/gnu/H-i686-pc-linux-gnu/bin/../lib/gcc/nios2-elf/4.1.2/libgcc.a(_fpcmp_parts_df.o)
                0x008140bc                __fpcmp_parts_d
 .text          0x00814184      0x15c ../capstone_Volatile_bsp//libucosii_bsp.a(alt_close.o)
                0x00814184                close
 .text          0x008142e0       0x2c ../capstone_Volatile_bsp//libucosii_bsp.a(alt_dev.o)
 .text          0x0081430c        0x0 ../capstone_Volatile_bsp//libucosii_bsp.a(alt_errno.o)
 .text          0x0081430c      0x134 ../capstone_Volatile_bsp//libucosii_bsp.a(alt_fstat.o)
                0x0081430c                fstat
 .text          0x00814440      0x1c0 ../capstone_Volatile_bsp//libucosii_bsp.a(alt_irq_register.o)
                0x00814440                alt_irq_register
 .text          0x00814600        0x0 ../capstone_Volatile_bsp//libucosii_bsp.a(alt_irq_vars.o)
 .text          0x00814600      0x120 ../capstone_Volatile_bsp//libucosii_bsp.a(alt_isatty.o)
                0x00814600                isatty
 .text          0x00814720      0x150 ../capstone_Volatile_bsp//libucosii_bsp.a(alt_lseek.o)
                0x00814720                lseek
 .text          0x00814870       0xc8 ../capstone_Volatile_bsp//libucosii_bsp.a(alt_main.o)
                0x00814870                alt_main
 .text          0x00814938      0x180 ../capstone_Volatile_bsp//libucosii_bsp.a(alt_read.o)
                0x00814938                read
 .text          0x00814ab8       0x60 ../capstone_Volatile_bsp//libucosii_bsp.a(alt_release_fd.o)
                0x00814ab8                alt_release_fd
 .text          0x00814b18       0xbc ../capstone_Volatile_bsp//libucosii_bsp.a(alt_sbrk.o)
                0x00814b18                sbrk
 .text          0x00814bd4      0x180 ../capstone_Volatile_bsp//libucosii_bsp.a(alt_write.o)
                0x00814bd4                write
 .text          0x00814d54      0x108 ../capstone_Volatile_bsp//libucosii_bsp.a(alt_env_lock.o)
                0x00814d54                __env_lock
                0x00814e00                __env_unlock
 .text          0x00814e5c      0x1d8 ../capstone_Volatile_bsp//libucosii_bsp.a(alt_malloc_lock.o)
                0x00814e5c                __malloc_lock
                0x00814f64                __malloc_unlock
 .text          0x00815034     0x2128 ../capstone_Volatile_bsp//libucosii_bsp.a(os_core.o)
                0x00815034                OSEventNameGet
                0x00815164                OSEventNameSet
                0x008152a8                OSEventPendMulti
                0x0081595c                OSInit
                0x008159b0                OSIntEnter
                0x00815a2c                OSIntExit
                0x00815b2c                OSSchedLock
                0x00815bb8                OSSchedUnlock
                0x00815c9c                OSStart
                0x00815d0c                OSStatInit
                0x00815db8                OSTimeTick
                0x00815ff8                OSVersion
                0x00816018                OS_Dummy
                0x00816034                OS_EventTaskRdy
                0x008161c8                OS_EventTaskWait
                0x008162d8                OS_EventTaskWaitMulti
                0x0081642c                OS_EventTaskRemove
                0x008164e4                OS_EventTaskRemoveMulti
                0x008165e8                OS_EventWaitListInit
                0x008169b4                OS_MemClr
                0x00816a08                OS_MemCopy
                0x00816a74                OS_Sched
                0x00816bb8                OS_StrCopy
                0x00816c38                OS_StrLen
                0x00816c90                OS_TaskIdle
                0x00816cec                OS_TaskStat
                0x00816db4                OS_TaskStatStkChk
                0x00816e7c                OS_TCBInit
 .text          0x0081715c      0x18c ../capstone_Volatile_bsp//libucosii_bsp.a(os_dbg.o)
                0x0081715c                OSDebugInit
 .text          0x008172e8     0x193c ../capstone_Volatile_bsp//libucosii_bsp.a(os_flag.o)
                0x008172e8                OSFlagAccept
                0x0081761c                OSFlagCreate
                0x00817758                OSFlagDel
                0x00817a00                OSFlagNameGet
                0x00817b44                OSFlagNameSet
                0x00817c98                OSFlagPend
                0x008182dc                OSFlagPendGetFlagsRdy
                0x00818344                OSFlagPost
                0x008186ec                OSFlagQuery
                0x00818984                OS_FlagInit
                0x00818b78                OS_FlagUnlink
 .text          0x00818c24      0x808 ../capstone_Volatile_bsp//libucosii_bsp.a(os_mem.o)
                0x00818c24                OSMemCreate
                0x00818e40                OSMemGet
                0x00818f44                OSMemNameGet
                0x00819050                OSMemNameSet
                0x00819170                OSMemPut
                0x00819260                OSMemQuery
                0x0081935c                OS_MemInit
 .text          0x0081942c     0x1334 ../capstone_Volatile_bsp//libucosii_bsp.a(os_q.o)
                0x0081942c                OSQAccept
                0x00819580                OSQCreate
                0x00819794                OSQDel
                0x00819a94                OSQFlush
                0x00819b5c                OSQPend
                0x00819e7c                OSQPendAbort
                0x00819ff8                OSQPost
                0x0081a178                OSQPostFront
                0x0081a300                OSQPostOpt
                0x0081a534                OSQQuery
                0x0081a6b4                OS_QInit
 .text          0x0081a760      0xbc8 ../capstone_Volatile_bsp//libucosii_bsp.a(os_sem.o)
                0x0081a760                OSSemAccept
                0x0081a820                OSSemCreate
                0x0081a934                OSSemDel
                0x0081abd4                OSSemPend
                0x0081ae50                OSSemPendAbort
                0x0081afcc                OSSemPost
                0x0081b0f4                OSSemQuery
                0x0081b224                OSSemSet
 .text          0x0081b328     0x1a40 ../capstone_Volatile_bsp//libucosii_bsp.a(os_task.o)
                0x0081b328                OSTaskChangePrio
                0x0081b89c                OSTaskCreate
                0x0081ba70                OSTaskCreateExt
                0x0081bc70                OSTaskDel
                0x0081c07c                OSTaskDelReq
                0x0081c1ec                OSTaskNameGet
                0x0081c3a4                OSTaskNameSet
                0x0081c568                OSTaskResume
                0x0081c780                OSTaskStkChk
                0x0081c97c                OSTaskSuspend
                0x0081cba8                OSTaskQuery
                0x0081ccec                OS_TaskStkClr
 .text          0x0081cd68      0x598 ../capstone_Volatile_bsp//libucosii_bsp.a(os_time.o)
                0x0081cd68                OSTimeDly
                0x0081ceb4                OSTimeDlyHMSM
                0x0081d028                OSTimeDlyResume
                0x0081d238                OSTimeGet
                0x0081d29c                OSTimeSet
 .text          0x0081d300       0xf8 ../capstone_Volatile_bsp//libucosii_bsp.a(alt_sys_init.o)
                0x0081d300                alt_irq_init
                0x0081d334                alt_sys_init
 .text          0x0081d3f8      0x148 ../capstone_Volatile_bsp//libucosii_bsp.a(altera_avalon_jtag_uart_fd.o)
                0x0081d3f8                altera_avalon_jtag_uart_read_fd
                0x0081d450                altera_avalon_jtag_uart_write_fd
                0x0081d4a8                altera_avalon_jtag_uart_close_fd
                0x0081d4f0                altera_avalon_jtag_uart_ioctl_fd
 .text          0x0081d540      0x580 ../capstone_Volatile_bsp//libucosii_bsp.a(altera_avalon_jtag_uart_init.o)
                0x0081d540                altera_avalon_jtag_uart_init
                0x0081da4c                altera_avalon_jtag_uart_close
 .text          0x0081dac0       0xf4 ../capstone_Volatile_bsp//libucosii_bsp.a(altera_avalon_jtag_uart_ioctl.o)
                0x0081dac0                altera_avalon_jtag_uart_ioctl
 .text          0x0081dbb4      0x2c0 ../capstone_Volatile_bsp//libucosii_bsp.a(altera_avalon_jtag_uart_read.o)
                0x0081dbb4                altera_avalon_jtag_uart_read
 .text          0x0081de74      0x2dc ../capstone_Volatile_bsp//libucosii_bsp.a(altera_avalon_jtag_uart_write.o)
                0x0081de74                altera_avalon_jtag_uart_write
 .text          0x0081e150       0xfc ../capstone_Volatile_bsp//libucosii_bsp.a(altera_avalon_timer_sc.o)
                0x0081e1c4                alt_avalon_timer_sc_init
 .text          0x0081e24c      0x80c ../capstone_Volatile_bsp//libucosii_bsp.a(altera_up_avalon_audio.o)
                0x0081e24c                alt_up_audio_open_dev
                0x0081e28c                alt_up_audio_enable_read_interrupt
                0x0081e2d8                alt_up_audio_disable_read_interrupt
                0x0081e328                alt_up_audio_enable_write_interrupt
                0x0081e374                alt_up_audio_disable_write_interrupt
                0x0081e3c4                alt_up_audio_read_interrupt_pending
                0x0081e400                alt_up_audio_write_interrupt_pending
                0x0081e43c                alt_up_audio_reset_audio_core
                0x0081e4c4                alt_up_audio_read_fifo_avail
                0x0081e534                alt_up_audio_record_r
                0x0081e5a4                alt_up_audio_record_l
                0x0081e614                alt_up_audio_write_fifo_space
                0x0081e688                alt_up_audio_play_r
                0x0081e6f8                alt_up_audio_play_l
                0x0081e768                alt_up_audio_read_fifo
                0x0081e86c                alt_up_audio_write_fifo
                0x0081e998                alt_up_audio_read_fifo_head
                0x0081e9f8                alt_up_audio_write_fifo_head
 .text          0x0081ea58      0x788 ../capstone_Volatile_bsp//libucosii_bsp.a(altera_up_avalon_audio_and_video_config.o)
                0x0081ea58                alt_up_av_config_open_dev
                0x0081eabc                alt_up_av_config_write_data
                0x0081eb20                alt_up_av_config_read_data
                0x0081ebac                alt_up_av_config_reset
                0x0081ebe4                alt_up_av_config_enable_interrupt
                0x0081ec1c                alt_up_av_config_disable_interrupt
                0x0081ec4c                alt_up_av_config_read_acknowledge
                0x0081ecb4                alt_up_av_config_read_ready
                0x0081ecec                alt_up_av_config_write_audio_cfg_register
                0x0081ed98                alt_up_av_config_read_video_cfg_register
                0x0081ee90                alt_up_av_config_write_video_cfg_register
                0x0081ef88                alt_up_av_config_read_DC2_cfg_register
                0x0081efec                alt_up_av_config_write_DC2_cfg_register
                0x0081f050                alt_up_av_config_read_D5M_cfg_register
                0x0081f0b4                alt_up_av_config_write_D5M_cfg_register
                0x0081f118                alt_up_av_config_read_LTM_cfg_register
                0x0081f17c                alt_up_av_config_write_LTM_cfg_register
 .text          0x0081f1e0      0x530 ../capstone_Volatile_bsp//libucosii_bsp.a(altera_up_avalon_character_lcd.o)
                0x0081f1e0                get_DDRAM_addr
                0x0081f25c                alt_up_character_lcd_send_cmd
                0x0081f290                alt_up_character_lcd_init
                0x0081f2c4                alt_up_character_lcd_open_dev
                0x0081f304                alt_up_character_lcd_write
                0x0081f37c                alt_up_character_lcd_string
                0x0081f3f4                alt_up_character_lcd_write_fd
                0x0081f440                alt_up_character_lcd_set_cursor_pos
                0x0081f4b8                alt_up_character_lcd_shift_cursor
                0x0081f568                alt_up_character_lcd_shift_display
                0x0081f618                alt_up_character_lcd_erase_pos
                0x0081f6a8                alt_up_character_lcd_cursor_off
                0x0081f6dc                alt_up_character_lcd_cursor_blink_on
 .text          0x0081f710      0x154 ../capstone_Volatile_bsp//libucosii_bsp.a(alt_alarm_start.o)
                0x0081f710                alt_alarm_start
 .text          0x0081f864      0x114 ../capstone_Volatile_bsp//libucosii_bsp.a(alt_dev_llist_insert.o)
                0x0081f864                alt_dev_llist_insert
 .text          0x0081f978       0x64 ../capstone_Volatile_bsp//libucosii_bsp.a(alt_do_ctors.o)
                0x0081f978                _do_ctors
 .text          0x0081f9dc       0x64 ../capstone_Volatile_bsp//libucosii_bsp.a(alt_do_dtors.o)
                0x0081f9dc                _do_dtors
 .text          0x0081fa40       0x94 ../capstone_Volatile_bsp//libucosii_bsp.a(alt_find_dev.o)
                0x0081fa40                alt_find_dev
 .text          0x0081fad4      0x13c ../capstone_Volatile_bsp//libucosii_bsp.a(alt_io_redirect.o)
                0x0081fb98                alt_io_redirect
 .text          0x0081fc10        0x0 ../capstone_Volatile_bsp//libucosii_bsp.a(alt_irq_entry.o)
 .text          0x0081fc10        0x0 ../capstone_Volatile_bsp//libucosii_bsp.a(alt_irq_handler.o)
 .text          0x0081fc10      0x2c4 ../capstone_Volatile_bsp//libucosii_bsp.a(alt_open.o)
                0x0081fcec                open
 .text          0x0081fed4      0x1a8 ../capstone_Volatile_bsp//libucosii_bsp.a(alt_tick.o)
                0x0081fed4                alt_alarm_stop
                0x0081ff6c                alt_tick
 .text          0x0082007c       0x20 ../capstone_Volatile_bsp//libucosii_bsp.a(altera_nios2_qsys_irq.o)
                0x0082007c                altera_nios2_qsys_irq_init
 .text          0x0082009c       0xd0 ../capstone_Volatile_bsp//libucosii_bsp.a(os_cpu_a.o)
                0x0082009c                OSCtxSw
                0x0082009c                OSIntCtxSw
                0x00820128                OSStartHighRdy
                0x00820148                OSStartTsk
 .text          0x0082016c      0x418 ../capstone_Volatile_bsp//libucosii_bsp.a(os_cpu_c.o)
                0x0082016c                OSTaskStkInit
                0x0082047c                OSTaskCreateHook
                0x0082049c                OSTaskDelHook
                0x008204bc                OSTaskSwHook
                0x008204d8                OSTaskStatHook
                0x008204f4                OSTimeTickHook
                0x00820510                OSInitHookBegin
                0x0082052c                OSInitHookEnd
                0x00820548                OSTaskIdleHook
                0x00820564                OSTCBInitHook
 .text          0x00820584        0x0 ../capstone_Volatile_bsp//libucosii_bsp.a(alt_exception_entry.o)
 .text          0x00820584      0x120 ../capstone_Volatile_bsp//libucosii_bsp.a(alt_find_file.o)
                0x00820584                alt_find_file
 .text          0x008206a4       0xf4 ../capstone_Volatile_bsp//libucosii_bsp.a(alt_get_fd.o)
                0x008206a4                alt_get_fd
 .text          0x00820798       0x14 /OPT/altera/12.1/nios2eds/bin/gnu/H-i686-pc-linux-gnu/bin/../lib/gcc/nios2-elf/4.1.2/../../../../nios2-elf/lib/libc.a(lib_a-atexit.o)
                0x00820798                atexit
 .text          0x008207ac       0x38 /OPT/altera/12.1/nios2eds/bin/gnu/H-i686-pc-linux-gnu/bin/../lib/gcc/nios2-elf/4.1.2/../../../../nios2-elf/lib/libc.a(lib_a-exit.o)
                0x008207ac                exit
 .text          0x008207e4       0x74 /OPT/altera/12.1/nios2eds/bin/gnu/H-i686-pc-linux-gnu/bin/../lib/gcc/nios2-elf/4.1.2/../../../../nios2-elf/lib/libc.a(lib_a-memcmp.o)
                0x008207e4                memcmp
 .text          0x00820858      0x134 /OPT/altera/12.1/nios2eds/bin/gnu/H-i686-pc-linux-gnu/bin/../lib/gcc/nios2-elf/4.1.2/../../../../nios2-elf/lib/libc.a(lib_a-__atexit.o)
                0x00820858                __register_exitproc
 .text          0x0082098c      0x1b4 /OPT/altera/12.1/nios2eds/bin/gnu/H-i686-pc-linux-gnu/bin/../lib/gcc/nios2-elf/4.1.2/../../../../nios2-elf/lib/libc.a(lib_a-__call_atexit.o)
                0x00820990                __call_exitprocs
 .text          0x00820b40       0x6c ../capstone_Volatile_bsp//libucosii_bsp.a(alt_exit.o)
                0x00820b80                _exit
 *(.gnu.warning.*)
 *(.fini)
                0x00820bac                PROVIDE (__etext, ABSOLUTE (.))
                0x00820bac                PROVIDE (_etext, ABSOLUTE (.))
                0x00820bac                PROVIDE (etext, ABSOLUTE (.))
 *(.eh_frame_hdr)
                0x00820bac                . = ALIGN (0x4)
                0x00820bac                PROVIDE (__preinit_array_start, ABSOLUTE (.))
 *(.preinit_array)
                0x00820bac                PROVIDE (__preinit_array_end, ABSOLUTE (.))
                0x00820bac                PROVIDE (__init_array_start, ABSOLUTE (.))
 *(.init_array)
                0x00820bac                PROVIDE (__init_array_end, ABSOLUTE (.))
                0x00820bac                PROVIDE (__fini_array_start, ABSOLUTE (.))
 *(.fini_array)
                0x00820bac                PROVIDE (__fini_array_end, ABSOLUTE (.))
 *(.eh_frame)
 *(.gcc_except_table)
 *(.dynamic)
                0x00820bac                PROVIDE (__CTOR_LIST__, ABSOLUTE (.))
 *(.ctors)
 *(SORT(.ctors.*))
 .ctors.65535   0x00820bac        0x4 /OPT/altera/12.1/nios2eds/bin/gnu/H-i686-pc-linux-gnu/bin/../lib/gcc/nios2-elf/4.1.2/../../../../nios2-elf/lib/libc.a(lib_a-__call_atexit.o)
                0x00820bb0                PROVIDE (__CTOR_END__, ABSOLUTE (.))
                0x00820bb0                PROVIDE (__DTOR_LIST__, ABSOLUTE (.))
 *(.dtors)
 *(SORT(.dtors.*))
                0x00820bb0                PROVIDE (__DTOR_END__, ABSOLUTE (.))
 *(.jcr)
                0x00820bb0                . = ALIGN (0x4)

.rodata         0x00820bb0     0x1330
                0x00820bb0                PROVIDE (__ram_rodata_start, ABSOLUTE (.))
                0x00820bb0                . = ALIGN (0x4)
 *(.rodata .rodata.* .gnu.linkonce.r.*)
 .rodata        0x00820bb0       0x94 obj/default/audio.o
 .rodata        0x00820c44       0x40 obj/default/efsl/fat.o
 .rodata        0x00820c84       0xa4 obj/default/efsl/ioman.o
 .rodata        0x00820d28       0x5c obj/default/efsl/mkfs.o
 .rodata        0x00820d84       0xbc obj/default/efsl/nios2.o
 .rodata        0x00820e40      0x234 obj/default/efsl/sd.o
 .rodata        0x00821074       0x54 obj/default/efsl/ui.o
 .rodata        0x008210c8       0xa8 obj/default/main.o
 .rodata        0x00821170      0x118 obj/default/sd.o
 .rodata.str1.4
                0x00821288        0x3 /OPT/altera/12.1/nios2eds/bin/gnu/H-i686-pc-linux-gnu/bin/../lib/gcc/nios2-elf/4.1.2/../../../../nios2-elf/lib/libc.a(lib_a-perror.o)
                                  0x4 (size before relaxing)
 *fill*         0x0082128b        0x1 00
 .rodata.str1.4
                0x0082128c        0x2 /OPT/altera/12.1/nios2eds/bin/gnu/H-i686-pc-linux-gnu/bin/../lib/gcc/nios2-elf/4.1.2/../../../../nios2-elf/lib/libc.a(lib_a-puts.o)
                                  0x4 (size before relaxing)
 *fill*         0x0082128e        0x2 00
 .rodata.str1.4
                0x00821290      0x7a2 /OPT/altera/12.1/nios2eds/bin/gnu/H-i686-pc-linux-gnu/bin/../lib/gcc/nios2-elf/4.1.2/../../../../nios2-elf/lib/libc.a(lib_a-strerror.o)
                                0x7a8 (size before relaxing)
 *fill*         0x00821a32        0x2 00
 .rodata.str1.4
                0x00821a34       0x5e /OPT/altera/12.1/nios2eds/bin/gnu/H-i686-pc-linux-gnu/bin/../lib/gcc/nios2-elf/4.1.2/../../../../nios2-elf/lib/libc.a(lib_a-vfprintf.o)
                                 0x60 (size before relaxing)
 .rodata        0x00821a92       0x20 /OPT/altera/12.1/nios2eds/bin/gnu/H-i686-pc-linux-gnu/bin/../lib/gcc/nios2-elf/4.1.2/../../../../nios2-elf/lib/libc.a(lib_a-vfprintf.o)
 *fill*         0x00821ab2        0x2 00
 .rodata.str1.4
                0x00821ab4       0x10 /OPT/altera/12.1/nios2eds/bin/gnu/H-i686-pc-linux-gnu/bin/../lib/gcc/nios2-elf/4.1.2/../../../../nios2-elf/lib/libc.a(lib_a-dtoa.o)
                                 0x14 (size before relaxing)
 .rodata.str1.4
                0x00821ac4        0x2 /OPT/altera/12.1/nios2eds/bin/gnu/H-i686-pc-linux-gnu/bin/../lib/gcc/nios2-elf/4.1.2/../../../../nios2-elf/lib/libc.a(lib_a-impure.o)
                                  0x4 (size before relaxing)
 *fill*         0x00821ac6        0x2 00
 .rodata.str1.4
                0x00821ac8       0x10 /OPT/altera/12.1/nios2eds/bin/gnu/H-i686-pc-linux-gnu/bin/../lib/gcc/nios2-elf/4.1.2/../../../../nios2-elf/lib/libc.a(lib_a-locale.o)
                                 0x18 (size before relaxing)
 .rodata        0x00821ad8       0x30 /OPT/altera/12.1/nios2eds/bin/gnu/H-i686-pc-linux-gnu/bin/../lib/gcc/nios2-elf/4.1.2/../../../../nios2-elf/lib/libc.a(lib_a-locale.o)
 .rodata        0x00821b08      0x124 /OPT/altera/12.1/nios2eds/bin/gnu/H-i686-pc-linux-gnu/bin/../lib/gcc/nios2-elf/4.1.2/../../../../nios2-elf/lib/libc.a(lib_a-mprec.o)
                0x00821b08                __mprec_tens
                0x00821bd0                __mprec_bigtens
                0x00821bf8                __mprec_tinytens
 .rodata        0x00821c2c       0x14 /OPT/altera/12.1/nios2eds/bin/gnu/H-i686-pc-linux-gnu/bin/../lib/gcc/nios2-elf/4.1.2/libgcc.a(_thenan_df.o)
                0x00821c2c                __thenan_df
 .rodata        0x00821c40      0x100 /OPT/altera/12.1/nios2eds/bin/gnu/H-i686-pc-linux-gnu/bin/../lib/gcc/nios2-elf/4.1.2/libgcc.a(_clz.o)
                0x00821c40                __clz_tab
 .rodata        0x00821d40        0xc ../capstone_Volatile_bsp//libucosii_bsp.a(alt_dev.o)
 .rodata        0x00821d4c       0x14 ../capstone_Volatile_bsp//libucosii_bsp.a(alt_main.o)
 .rodata        0x00821d60      0x120 ../capstone_Volatile_bsp//libucosii_bsp.a(os_core.o)
                0x00821d60                OSUnMapTbl
 .rodata        0x00821e80       0x5c ../capstone_Volatile_bsp//libucosii_bsp.a(alt_sys_init.o)
 .rodata        0x00821edc        0x4 ../capstone_Volatile_bsp//libucosii_bsp.a(os_cpu_c.o)
 *(.rodata1)
                0x00821ee0                . = ALIGN (0x4)
                0x00821ee0                PROVIDE (__ram_rodata_end, ABSOLUTE (.))
                0x00820bb0                PROVIDE (__flash_rodata_start, LOADADDR (.rodata))

.rwdata         0x00821ee0     0x1b7c
                0x00821ee0                PROVIDE (__ram_rwdata_start, ABSOLUTE (.))
                0x00821ee0                . = ALIGN (0x4)
 *(.got.plt)
 *(.got)
 *(.data1)
 *(.data .data.* .gnu.linkonce.d.*)
 .data          0x00821ee0        0x0 ../capstone_Volatile_bsp//obj/HAL/src/crt0.o
 .data          0x00821ee0        0x0 obj/default/audio.o
 .data          0x00821ee0        0x0 obj/default/buttons.o
 .data          0x00821ee0        0x0 obj/default/efsl/debug.o
 .data          0x00821ee0        0x0 obj/default/efsl/dir.o
 .data          0x00821ee0        0x0 obj/default/efsl/disc.o
 .data          0x00821ee0        0x0 obj/default/efsl/efs.o
 .data          0x00821ee0        0x0 obj/default/efsl/extract.o
 .data          0x00821ee0        0x0 obj/default/efsl/fat.o
 .data          0x00821ee0        0x0 obj/default/efsl/file.o
 .data          0x00821ee0        0x0 obj/default/efsl/fs.o
 .data          0x00821ee0        0x0 obj/default/efsl/ioman.o
 .data          0x00821ee0        0x0 obj/default/efsl/ls.o
 .data          0x00821ee0        0x0 obj/default/efsl/mkfs.o
 .data          0x00821ee0        0x0 obj/default/efsl/nios2.o
 .data          0x00821ee0        0xc obj/default/efsl/nios2_ramdisk.o
 .data          0x00821eec        0x0 obj/default/efsl/partition.o
 .data          0x00821eec        0x0 obj/default/efsl/plibc.o
 .data          0x00821eec        0x0 obj/default/efsl/sd.o
 .data          0x00821eec        0x0 obj/default/efsl/time.o
 .data          0x00821eec        0x0 obj/default/efsl/ui.o
 .data          0x00821eec        0x0 obj/default/main.o
 .data          0x00821eec        0x0 obj/default/save.o
 .data          0x00821eec        0x0 obj/default/sd.o
 .data          0x00821eec        0x0 /OPT/altera/12.1/nios2eds/bin/gnu/H-i686-pc-linux-gnu/bin/../lib/gcc/nios2-elf/4.1.2/libgcc.a(lib2-divmod.o)
 .data          0x00821eec        0x0 /OPT/altera/12.1/nios2eds/bin/gnu/H-i686-pc-linux-gnu/bin/../lib/gcc/nios2-elf/4.1.2/../../../../nios2-elf/lib/libc.a(lib_a-malloc.o)
 .data          0x00821eec      0x408 /OPT/altera/12.1/nios2eds/bin/gnu/H-i686-pc-linux-gnu/bin/../lib/gcc/nios2-elf/4.1.2/../../../../nios2-elf/lib/libc.a(lib_a-mallocr.o)
                0x00821eec                __malloc_av_
 .data          0x008222f4        0x0 /OPT/altera/12.1/nios2eds/bin/gnu/H-i686-pc-linux-gnu/bin/../lib/gcc/nios2-elf/4.1.2/../../../../nios2-elf/lib/libc.a(lib_a-memcpy.o)
 .data          0x008222f4        0x0 /OPT/altera/12.1/nios2eds/bin/gnu/H-i686-pc-linux-gnu/bin/../lib/gcc/nios2-elf/4.1.2/../../../../nios2-elf/lib/libc.a(lib_a-perror.o)
 .data          0x008222f4        0x0 /OPT/altera/12.1/nios2eds/bin/gnu/H-i686-pc-linux-gnu/bin/../lib/gcc/nios2-elf/4.1.2/../../../../nios2-elf/lib/libc.a(lib_a-printf.o)
 .data          0x008222f4        0x0 /OPT/altera/12.1/nios2eds/bin/gnu/H-i686-pc-linux-gnu/bin/../lib/gcc/nios2-elf/4.1.2/../../../../nios2-elf/lib/libc.a(lib_a-putchar.o)
 .data          0x008222f4        0x0 /OPT/altera/12.1/nios2eds/bin/gnu/H-i686-pc-linux-gnu/bin/../lib/gcc/nios2-elf/4.1.2/../../../../nios2-elf/lib/libc.a(lib_a-puts.o)
 .data          0x008222f4        0x0 /OPT/altera/12.1/nios2eds/bin/gnu/H-i686-pc-linux-gnu/bin/../lib/gcc/nios2-elf/4.1.2/../../../../nios2-elf/lib/libc.a(lib_a-sbrkr.o)
 .data          0x008222f4        0x0 /OPT/altera/12.1/nios2eds/bin/gnu/H-i686-pc-linux-gnu/bin/../lib/gcc/nios2-elf/4.1.2/../../../../nios2-elf/lib/libc.a(lib_a-strerror.o)
 .data          0x008222f4        0x0 /OPT/altera/12.1/nios2eds/bin/gnu/H-i686-pc-linux-gnu/bin/../lib/gcc/nios2-elf/4.1.2/../../../../nios2-elf/lib/libc.a(lib_a-strlen.o)
 .data          0x008222f4        0x0 /OPT/altera/12.1/nios2eds/bin/gnu/H-i686-pc-linux-gnu/bin/../lib/gcc/nios2-elf/4.1.2/../../../../nios2-elf/lib/libc.a(lib_a-u_strerr.o)
 .data          0x008222f4        0x0 /OPT/altera/12.1/nios2eds/bin/gnu/H-i686-pc-linux-gnu/bin/../lib/gcc/nios2-elf/4.1.2/../../../../nios2-elf/lib/libc.a(lib_a-vfprintf.o)
 .data          0x008222f4        0x0 /OPT/altera/12.1/nios2eds/bin/gnu/H-i686-pc-linux-gnu/bin/../lib/gcc/nios2-elf/4.1.2/../../../../nios2-elf/lib/libc.a(lib_a-wsetup.o)
 .data          0x008222f4        0x0 /OPT/altera/12.1/nios2eds/bin/gnu/H-i686-pc-linux-gnu/bin/../lib/gcc/nios2-elf/4.1.2/../../../../nios2-elf/lib/libc.a(lib_a-dtoa.o)
 .data          0x008222f4        0x0 /OPT/altera/12.1/nios2eds/bin/gnu/H-i686-pc-linux-gnu/bin/../lib/gcc/nios2-elf/4.1.2/../../../../nios2-elf/lib/libc.a(lib_a-fflush.o)
 .data          0x008222f4        0x0 /OPT/altera/12.1/nios2eds/bin/gnu/H-i686-pc-linux-gnu/bin/../lib/gcc/nios2-elf/4.1.2/../../../../nios2-elf/lib/libc.a(lib_a-findfp.o)
 .data          0x008222f4        0x0 /OPT/altera/12.1/nios2eds/bin/gnu/H-i686-pc-linux-gnu/bin/../lib/gcc/nios2-elf/4.1.2/../../../../nios2-elf/lib/libc.a(lib_a-fputc.o)
 .data          0x008222f4        0x0 /OPT/altera/12.1/nios2eds/bin/gnu/H-i686-pc-linux-gnu/bin/../lib/gcc/nios2-elf/4.1.2/../../../../nios2-elf/lib/libc.a(lib_a-fputs.o)
 .data          0x008222f4        0x0 /OPT/altera/12.1/nios2eds/bin/gnu/H-i686-pc-linux-gnu/bin/../lib/gcc/nios2-elf/4.1.2/../../../../nios2-elf/lib/libc.a(lib_a-freer.o)
 .data          0x008222f4        0x0 /OPT/altera/12.1/nios2eds/bin/gnu/H-i686-pc-linux-gnu/bin/../lib/gcc/nios2-elf/4.1.2/../../../../nios2-elf/lib/libc.a(lib_a-fvwrite.o)
 .data          0x008222f4        0x0 /OPT/altera/12.1/nios2eds/bin/gnu/H-i686-pc-linux-gnu/bin/../lib/gcc/nios2-elf/4.1.2/../../../../nios2-elf/lib/libc.a(lib_a-fwalk.o)
 .data          0x008222f4      0x400 /OPT/altera/12.1/nios2eds/bin/gnu/H-i686-pc-linux-gnu/bin/../lib/gcc/nios2-elf/4.1.2/../../../../nios2-elf/lib/libc.a(lib_a-impure.o)
 .data          0x008226f4        0x0 /OPT/altera/12.1/nios2eds/bin/gnu/H-i686-pc-linux-gnu/bin/../lib/gcc/nios2-elf/4.1.2/../../../../nios2-elf/lib/libc.a(lib_a-int_errno.o)
 .data          0x008226f4        0xc /OPT/altera/12.1/nios2eds/bin/gnu/H-i686-pc-linux-gnu/bin/../lib/gcc/nios2-elf/4.1.2/../../../../nios2-elf/lib/libc.a(lib_a-locale.o)
                0x008226f4                __lc_ctype
 .data          0x00822700        0x0 /OPT/altera/12.1/nios2eds/bin/gnu/H-i686-pc-linux-gnu/bin/../lib/gcc/nios2-elf/4.1.2/../../../../nios2-elf/lib/libc.a(lib_a-makebuf.o)
 .data          0x00822700        0x0 /OPT/altera/12.1/nios2eds/bin/gnu/H-i686-pc-linux-gnu/bin/../lib/gcc/nios2-elf/4.1.2/../../../../nios2-elf/lib/libc.a(lib_a-memchr.o)
 .data          0x00822700        0x0 /OPT/altera/12.1/nios2eds/bin/gnu/H-i686-pc-linux-gnu/bin/../lib/gcc/nios2-elf/4.1.2/../../../../nios2-elf/lib/libc.a(lib_a-memmove.o)
 .data          0x00822700        0x0 /OPT/altera/12.1/nios2eds/bin/gnu/H-i686-pc-linux-gnu/bin/../lib/gcc/nios2-elf/4.1.2/../../../../nios2-elf/lib/libc.a(lib_a-memset.o)
 .data          0x00822700        0x0 /OPT/altera/12.1/nios2eds/bin/gnu/H-i686-pc-linux-gnu/bin/../lib/gcc/nios2-elf/4.1.2/../../../../nios2-elf/lib/libc.a(lib_a-mprec.o)
 .data          0x00822700        0x0 /OPT/altera/12.1/nios2eds/bin/gnu/H-i686-pc-linux-gnu/bin/../lib/gcc/nios2-elf/4.1.2/../../../../nios2-elf/lib/libc.a(lib_a-putc.o)
 .data          0x00822700        0x0 /OPT/altera/12.1/nios2eds/bin/gnu/H-i686-pc-linux-gnu/bin/../lib/gcc/nios2-elf/4.1.2/../../../../nios2-elf/lib/libc.a(lib_a-reallocr.o)
 .data          0x00822700        0x0 /OPT/altera/12.1/nios2eds/bin/gnu/H-i686-pc-linux-gnu/bin/../lib/gcc/nios2-elf/4.1.2/../../../../nios2-elf/lib/libc.a(lib_a-s_isinfd.o)
 .data          0x00822700        0x0 /OPT/altera/12.1/nios2eds/bin/gnu/H-i686-pc-linux-gnu/bin/../lib/gcc/nios2-elf/4.1.2/../../../../nios2-elf/lib/libc.a(lib_a-s_isnand.o)
 .data          0x00822700        0x0 /OPT/altera/12.1/nios2eds/bin/gnu/H-i686-pc-linux-gnu/bin/../lib/gcc/nios2-elf/4.1.2/../../../../nios2-elf/lib/libc.a(lib_a-stdio.o)
 .data          0x00822700        0x0 /OPT/altera/12.1/nios2eds/bin/gnu/H-i686-pc-linux-gnu/bin/../lib/gcc/nios2-elf/4.1.2/../../../../nios2-elf/lib/libc.a(lib_a-strcmp.o)
 .data          0x00822700        0x0 /OPT/altera/12.1/nios2eds/bin/gnu/H-i686-pc-linux-gnu/bin/../lib/gcc/nios2-elf/4.1.2/../../../../nios2-elf/lib/libc.a(lib_a-wbuf.o)
 .data          0x00822700        0x0 /OPT/altera/12.1/nios2eds/bin/gnu/H-i686-pc-linux-gnu/bin/../lib/gcc/nios2-elf/4.1.2/../../../../nios2-elf/lib/libc.a(lib_a-writer.o)
 .data          0x00822700        0x0 /OPT/altera/12.1/nios2eds/bin/gnu/H-i686-pc-linux-gnu/bin/../lib/gcc/nios2-elf/4.1.2/../../../../nios2-elf/lib/libc.a(lib_a-callocr.o)
 .data          0x00822700        0x0 /OPT/altera/12.1/nios2eds/bin/gnu/H-i686-pc-linux-gnu/bin/../lib/gcc/nios2-elf/4.1.2/../../../../nios2-elf/lib/libc.a(lib_a-closer.o)
 .data          0x00822700        0x0 /OPT/altera/12.1/nios2eds/bin/gnu/H-i686-pc-linux-gnu/bin/../lib/gcc/nios2-elf/4.1.2/../../../../nios2-elf/lib/libc.a(lib_a-fclose.o)
 .data          0x00822700        0x0 /OPT/altera/12.1/nios2eds/bin/gnu/H-i686-pc-linux-gnu/bin/../lib/gcc/nios2-elf/4.1.2/../../../../nios2-elf/lib/libc.a(lib_a-fstatr.o)
 .data          0x00822700        0x0 /OPT/altera/12.1/nios2eds/bin/gnu/H-i686-pc-linux-gnu/bin/../lib/gcc/nios2-elf/4.1.2/../../../../nios2-elf/lib/libc.a(lib_a-isattyr.o)
 .data          0x00822700        0x0 /OPT/altera/12.1/nios2eds/bin/gnu/H-i686-pc-linux-gnu/bin/../lib/gcc/nios2-elf/4.1.2/../../../../nios2-elf/lib/libc.a(lib_a-lseekr.o)
 .data          0x00822700        0x0 /OPT/altera/12.1/nios2eds/bin/gnu/H-i686-pc-linux-gnu/bin/../lib/gcc/nios2-elf/4.1.2/../../../../nios2-elf/lib/libc.a(lib_a-readr.o)
 .data          0x00822700        0x0 /OPT/altera/12.1/nios2eds/bin/gnu/H-i686-pc-linux-gnu/bin/../lib/gcc/nios2-elf/4.1.2/libgcc.a(_udivdi3.o)
 .data          0x00822700        0x0 /OPT/altera/12.1/nios2eds/bin/gnu/H-i686-pc-linux-gnu/bin/../lib/gcc/nios2-elf/4.1.2/libgcc.a(_umoddi3.o)
 .data          0x00822700        0x0 /OPT/altera/12.1/nios2eds/bin/gnu/H-i686-pc-linux-gnu/bin/../lib/gcc/nios2-elf/4.1.2/libgcc.a(_addsub_df.o)
 .data          0x00822700        0x0 /OPT/altera/12.1/nios2eds/bin/gnu/H-i686-pc-linux-gnu/bin/../lib/gcc/nios2-elf/4.1.2/libgcc.a(_mul_df.o)
 .data          0x00822700        0x0 /OPT/altera/12.1/nios2eds/bin/gnu/H-i686-pc-linux-gnu/bin/../lib/gcc/nios2-elf/4.1.2/libgcc.a(_div_df.o)
 .data          0x00822700        0x0 /OPT/altera/12.1/nios2eds/bin/gnu/H-i686-pc-linux-gnu/bin/../lib/gcc/nios2-elf/4.1.2/libgcc.a(_eq_df.o)
 .data          0x00822700        0x0 /OPT/altera/12.1/nios2eds/bin/gnu/H-i686-pc-linux-gnu/bin/../lib/gcc/nios2-elf/4.1.2/libgcc.a(_ne_df.o)
 .data          0x00822700        0x0 /OPT/altera/12.1/nios2eds/bin/gnu/H-i686-pc-linux-gnu/bin/../lib/gcc/nios2-elf/4.1.2/libgcc.a(_gt_df.o)
 .data          0x00822700        0x0 /OPT/altera/12.1/nios2eds/bin/gnu/H-i686-pc-linux-gnu/bin/../lib/gcc/nios2-elf/4.1.2/libgcc.a(_ge_df.o)
 .data          0x00822700        0x0 /OPT/altera/12.1/nios2eds/bin/gnu/H-i686-pc-linux-gnu/bin/../lib/gcc/nios2-elf/4.1.2/libgcc.a(_lt_df.o)
 .data          0x00822700        0x0 /OPT/altera/12.1/nios2eds/bin/gnu/H-i686-pc-linux-gnu/bin/../lib/gcc/nios2-elf/4.1.2/libgcc.a(_si_to_df.o)
 .data          0x00822700        0x0 /OPT/altera/12.1/nios2eds/bin/gnu/H-i686-pc-linux-gnu/bin/../lib/gcc/nios2-elf/4.1.2/libgcc.a(_df_to_si.o)
 .data          0x00822700        0x0 /OPT/altera/12.1/nios2eds/bin/gnu/H-i686-pc-linux-gnu/bin/../lib/gcc/nios2-elf/4.1.2/libgcc.a(_thenan_df.o)
 .data          0x00822700        0x0 /OPT/altera/12.1/nios2eds/bin/gnu/H-i686-pc-linux-gnu/bin/../lib/gcc/nios2-elf/4.1.2/libgcc.a(_usi_to_df.o)
 .data          0x00822700        0x0 /OPT/altera/12.1/nios2eds/bin/gnu/H-i686-pc-linux-gnu/bin/../lib/gcc/nios2-elf/4.1.2/libgcc.a(_muldi3.o)
 .data          0x00822700        0x0 /OPT/altera/12.1/nios2eds/bin/gnu/H-i686-pc-linux-gnu/bin/../lib/gcc/nios2-elf/4.1.2/libgcc.a(_clz.o)
 .data          0x00822700        0x0 /OPT/altera/12.1/nios2eds/bin/gnu/H-i686-pc-linux-gnu/bin/../lib/gcc/nios2-elf/4.1.2/libgcc.a(_clzsi2.o)
 .data          0x00822700        0x0 /OPT/altera/12.1/nios2eds/bin/gnu/H-i686-pc-linux-gnu/bin/../lib/gcc/nios2-elf/4.1.2/libgcc.a(_pack_df.o)
 .data          0x00822700        0x0 /OPT/altera/12.1/nios2eds/bin/gnu/H-i686-pc-linux-gnu/bin/../lib/gcc/nios2-elf/4.1.2/libgcc.a(_unpack_df.o)
 .data          0x00822700        0x0 /OPT/altera/12.1/nios2eds/bin/gnu/H-i686-pc-linux-gnu/bin/../lib/gcc/nios2-elf/4.1.2/libgcc.a(_fpcmp_parts_df.o)
 .data          0x00822700        0x0 ../capstone_Volatile_bsp//libucosii_bsp.a(alt_close.o)
 .data          0x00822700      0x1a8 ../capstone_Volatile_bsp//libucosii_bsp.a(alt_dev.o)
                0x00822700                alt_dev_null
                0x00822728                alt_fd_list
 .data          0x008228a8        0x0 ../capstone_Volatile_bsp//libucosii_bsp.a(alt_errno.o)
 .data          0x008228a8        0x0 ../capstone_Volatile_bsp//libucosii_bsp.a(alt_fstat.o)
 .data          0x008228a8        0x0 ../capstone_Volatile_bsp//libucosii_bsp.a(alt_irq_register.o)
 .data          0x008228a8        0x0 ../capstone_Volatile_bsp//libucosii_bsp.a(alt_irq_vars.o)
 .data          0x008228a8        0x0 ../capstone_Volatile_bsp//libucosii_bsp.a(alt_isatty.o)
 .data          0x008228a8        0x0 ../capstone_Volatile_bsp//libucosii_bsp.a(alt_lseek.o)
 .data          0x008228a8        0x0 ../capstone_Volatile_bsp//libucosii_bsp.a(alt_main.o)
 .data          0x008228a8        0x0 ../capstone_Volatile_bsp//libucosii_bsp.a(alt_read.o)
 .data          0x008228a8        0x0 ../capstone_Volatile_bsp//libucosii_bsp.a(alt_release_fd.o)
 .data          0x008228a8        0x0 ../capstone_Volatile_bsp//libucosii_bsp.a(alt_sbrk.o)
 .data          0x008228a8        0x0 ../capstone_Volatile_bsp//libucosii_bsp.a(alt_write.o)
 .data          0x008228a8        0x0 ../capstone_Volatile_bsp//libucosii_bsp.a(alt_env_lock.o)
 .data          0x008228a8        0x0 ../capstone_Volatile_bsp//libucosii_bsp.a(alt_malloc_lock.o)
 .data          0x008228a8        0x0 ../capstone_Volatile_bsp//libucosii_bsp.a(os_core.o)
 .data          0x008228a8        0x0 ../capstone_Volatile_bsp//libucosii_bsp.a(os_dbg.o)
 .data          0x008228a8        0x0 ../capstone_Volatile_bsp//libucosii_bsp.a(os_flag.o)
 .data          0x008228a8        0x0 ../capstone_Volatile_bsp//libucosii_bsp.a(os_mem.o)
 .data          0x008228a8        0x0 ../capstone_Volatile_bsp//libucosii_bsp.a(os_q.o)
 .data          0x008228a8        0x0 ../capstone_Volatile_bsp//libucosii_bsp.a(os_sem.o)
 .data          0x008228a8        0x0 ../capstone_Volatile_bsp//libucosii_bsp.a(os_task.o)
 .data          0x008228a8        0x0 ../capstone_Volatile_bsp//libucosii_bsp.a(os_time.o)
 .data          0x008228a8     0x10f8 ../capstone_Volatile_bsp//libucosii_bsp.a(alt_sys_init.o)
 .data          0x008239a0        0x0 ../capstone_Volatile_bsp//libucosii_bsp.a(altera_avalon_jtag_uart_fd.o)
 .data          0x008239a0        0x0 ../capstone_Volatile_bsp//libucosii_bsp.a(altera_avalon_jtag_uart_init.o)
 .data          0x008239a0        0x0 ../capstone_Volatile_bsp//libucosii_bsp.a(altera_avalon_jtag_uart_ioctl.o)
 .data          0x008239a0        0x0 ../capstone_Volatile_bsp//libucosii_bsp.a(altera_avalon_jtag_uart_read.o)
 .data          0x008239a0        0x0 ../capstone_Volatile_bsp//libucosii_bsp.a(altera_avalon_jtag_uart_write.o)
 .data          0x008239a0        0x0 ../capstone_Volatile_bsp//libucosii_bsp.a(altera_avalon_timer_sc.o)
 .data          0x008239a0        0x0 ../capstone_Volatile_bsp//libucosii_bsp.a(altera_up_avalon_audio.o)
 .data          0x008239a0        0x0 ../capstone_Volatile_bsp//libucosii_bsp.a(altera_up_avalon_audio_and_video_config.o)
 .data          0x008239a0        0x0 ../capstone_Volatile_bsp//libucosii_bsp.a(altera_up_avalon_character_lcd.o)
 .data          0x008239a0        0x0 ../capstone_Volatile_bsp//libucosii_bsp.a(alt_alarm_start.o)
 .data          0x008239a0        0x0 ../capstone_Volatile_bsp//libucosii_bsp.a(alt_dev_llist_insert.o)
 .data          0x008239a0        0x0 ../capstone_Volatile_bsp//libucosii_bsp.a(alt_do_ctors.o)
 .data          0x008239a0        0x0 ../capstone_Volatile_bsp//libucosii_bsp.a(alt_do_dtors.o)
 .data          0x008239a0        0x0 ../capstone_Volatile_bsp//libucosii_bsp.a(alt_find_dev.o)
 .data          0x008239a0        0x0 ../capstone_Volatile_bsp//libucosii_bsp.a(alt_io_redirect.o)
 .data          0x008239a0        0x0 ../capstone_Volatile_bsp//libucosii_bsp.a(alt_irq_entry.o)
 .data          0x008239a0        0x0 ../capstone_Volatile_bsp//libucosii_bsp.a(alt_irq_handler.o)
 .data          0x008239a0        0x0 ../capstone_Volatile_bsp//libucosii_bsp.a(alt_open.o)
 .data          0x008239a0        0x0 ../capstone_Volatile_bsp//libucosii_bsp.a(alt_tick.o)
 .data          0x008239a0        0x0 ../capstone_Volatile_bsp//libucosii_bsp.a(altera_nios2_qsys_irq.o)
 .data          0x008239a0        0x0 ../capstone_Volatile_bsp//libucosii_bsp.a(os_cpu_a.o)
 .data          0x008239a0        0x0 ../capstone_Volatile_bsp//libucosii_bsp.a(os_cpu_c.o)
 .data          0x008239a0        0x0 ../capstone_Volatile_bsp//libucosii_bsp.a(alt_exception_entry.o)
 .data          0x008239a0        0x0 ../capstone_Volatile_bsp//libucosii_bsp.a(alt_find_file.o)
 .data          0x008239a0        0x0 ../capstone_Volatile_bsp//libucosii_bsp.a(alt_get_fd.o)
 .data          0x008239a0        0x0 /OPT/altera/12.1/nios2eds/bin/gnu/H-i686-pc-linux-gnu/bin/../lib/gcc/nios2-elf/4.1.2/../../../../nios2-elf/lib/libc.a(lib_a-atexit.o)
 .data          0x008239a0        0x0 /OPT/altera/12.1/nios2eds/bin/gnu/H-i686-pc-linux-gnu/bin/../lib/gcc/nios2-elf/4.1.2/../../../../nios2-elf/lib/libc.a(lib_a-exit.o)
 .data          0x008239a0        0x0 /OPT/altera/12.1/nios2eds/bin/gnu/H-i686-pc-linux-gnu/bin/../lib/gcc/nios2-elf/4.1.2/../../../../nios2-elf/lib/libc.a(lib_a-memcmp.o)
 .data          0x008239a0        0x0 /OPT/altera/12.1/nios2eds/bin/gnu/H-i686-pc-linux-gnu/bin/../lib/gcc/nios2-elf/4.1.2/../../../../nios2-elf/lib/libc.a(lib_a-__atexit.o)
 .data          0x008239a0        0x0 /OPT/altera/12.1/nios2eds/bin/gnu/H-i686-pc-linux-gnu/bin/../lib/gcc/nios2-elf/4.1.2/../../../../nios2-elf/lib/libc.a(lib_a-__call_atexit.o)
 .data          0x008239a0        0x0 ../capstone_Volatile_bsp//libucosii_bsp.a(alt_exit.o)
                0x0082b9a0                _gp = ABSOLUTE ((. + 0x8000))
                0x0082b9a0                PROVIDE (gp, _gp)
 *(.rwdata .rwdata.*)
 *(.sdata .sdata.* .gnu.linkonce.s.*)
 .sdata         0x008239a0        0x8 /OPT/altera/12.1/nios2eds/bin/gnu/H-i686-pc-linux-gnu/bin/../lib/gcc/nios2-elf/4.1.2/../../../../nios2-elf/lib/libc.a(lib_a-mallocr.o)
                0x008239a0                __malloc_trim_threshold
                0x008239a4                __malloc_sbrk_base
 .sdata         0x008239a8        0x8 /OPT/altera/12.1/nios2eds/bin/gnu/H-i686-pc-linux-gnu/bin/../lib/gcc/nios2-elf/4.1.2/../../../../nios2-elf/lib/libc.a(lib_a-impure.o)
                0x008239a8                _impure_ptr
                0x008239ac                _global_impure_ptr
 .sdata         0x008239b0        0x8 /OPT/altera/12.1/nios2eds/bin/gnu/H-i686-pc-linux-gnu/bin/../lib/gcc/nios2-elf/4.1.2/../../../../nios2-elf/lib/libc.a(lib_a-locale.o)
                0x008239b0                __mb_cur_max
 .sdata         0x008239b8       0x14 ../capstone_Volatile_bsp//libucosii_bsp.a(alt_dev.o)
                0x008239b8                alt_fs_list
                0x008239c0                alt_dev_list
                0x008239c8                alt_max_fd
 .sdata         0x008239cc        0x4 ../capstone_Volatile_bsp//libucosii_bsp.a(alt_errno.o)
                0x008239cc                alt_errno
 .sdata         0x008239d0        0x4 ../capstone_Volatile_bsp//libucosii_bsp.a(alt_irq_vars.o)
                0x008239d0                alt_priority_mask
 .sdata         0x008239d4        0x4 ../capstone_Volatile_bsp//libucosii_bsp.a(alt_sbrk.o)
 .sdata         0x008239d8        0x4 ../capstone_Volatile_bsp//libucosii_bsp.a(alt_env_lock.o)
 .sdata         0x008239dc        0x4 ../capstone_Volatile_bsp//libucosii_bsp.a(alt_malloc_lock.o)
 .sdata         0x008239e0       0x74 ../capstone_Volatile_bsp//libucosii_bsp.a(os_dbg.o)
                0x008239e0                OSDebugEn
                0x008239e4                OSEndiannessTest
                0x008239e8                OSEventEn
                0x008239ea                OSEventMax
                0x008239ec                OSEventNameSize
                0x008239ee                OSEventSize
                0x008239f0                OSEventTblSize
                0x008239f2                OSEventMultiEn
                0x008239f4                OSFlagEn
                0x008239f6                OSFlagGrpSize
                0x008239f8                OSFlagNodeSize
                0x008239fa                OSFlagWidth
                0x008239fc                OSFlagMax
                0x008239fe                OSFlagNameSize
                0x00823a00                OSLowestPrio
                0x00823a02                OSMboxEn
                0x00823a04                OSMemEn
                0x00823a06                OSMemMax
                0x00823a08                OSMemNameSize
                0x00823a0a                OSMemSize
                0x00823a0c                OSMemTblSize
                0x00823a0e                OSMutexEn
                0x00823a10                OSPtrSize
                0x00823a12                OSQEn
                0x00823a14                OSQMax
                0x00823a16                OSQSize
                0x00823a18                OSRdyTblSize
                0x00823a1a                OSSemEn
                0x00823a1c                OSStkWidth
                0x00823a1e                OSTaskCreateEn
                0x00823a20                OSTaskCreateExtEn
                0x00823a22                OSTaskDelEn
                0x00823a24                OSTaskIdleStkSize
                0x00823a26                OSTaskProfileEn
                0x00823a28                OSTaskMax
                0x00823a2a                OSTaskNameSize
                0x00823a2c                OSTaskStatEn
                0x00823a2e                OSTaskStatStkSize
                0x00823a30                OSTaskStatStkChkEn
                0x00823a32                OSTaskSwHookEn
                0x00823a34                OSTCBPrioTblMax
                0x00823a36                OSTCBSize
                0x00823a38                OSTicksPerSec
                0x00823a3a                OSTimeTickHookEn
                0x00823a3c                OSVersionNbr
                0x00823a3e                OSTmrEn
                0x00823a40                OSTmrCfgMax
                0x00823a42                OSTmrCfgNameSize
                0x00823a44                OSTmrCfgWheelSize
                0x00823a46                OSTmrCfgTicksPerSec
                0x00823a48                OSTmrSize
                0x00823a4a                OSTmrTblSize
                0x00823a4c                OSTmrWheelSize
                0x00823a4e                OSTmrWheelTblSize
                0x00823a50                OSDataSize
 .sdata         0x00823a54        0x8 ../capstone_Volatile_bsp//libucosii_bsp.a(alt_tick.o)
                0x00823a54                alt_alarm_list
 *(.sdata2 .sdata2.* .gnu.linkonce.s2.*)
                0x00823a5c                . = ALIGN (0x4)
                0x00823a5c                _edata = ABSOLUTE (.)
                0x00823a5c                PROVIDE (edata, ABSOLUTE (.))
                0x00823a5c                PROVIDE (__ram_rwdata_end, ABSOLUTE (.))
                0x00821ee0                PROVIDE (__flash_rwdata_start, LOADADDR (.rwdata))

.bss            0x00823a5c   0x1138d8
                0x00823a5c                __bss_start = ABSOLUTE (.)
                0x00823a5c                PROVIDE (__sbss_start, ABSOLUTE (.))
                0x00823a5c                PROVIDE (___sbss_start, ABSOLUTE (.))
 *(.dynsbss)
 *(.sbss .sbss.* .gnu.linkonce.sb.*)
 .sbss          0x00823a5c       0x14 obj/default/audio.o
                0x00823a5c                edge_capture
                0x00823a60                semaphore
                0x00823a64                audio_dev
                0x00823a68                button
                0x00823a6c                myLCD
 .sbss          0x00823a70        0xc /OPT/altera/12.1/nios2eds/bin/gnu/H-i686-pc-linux-gnu/bin/../lib/gcc/nios2-elf/4.1.2/../../../../nios2-elf/lib/libc.a(lib_a-mallocr.o)
                0x00823a70                __malloc_top_pad
                0x00823a74                __malloc_max_sbrked_mem
                0x00823a78                __malloc_max_total_mem
 .sbss          0x00823a7c        0x4 /OPT/altera/12.1/nios2eds/bin/gnu/H-i686-pc-linux-gnu/bin/../lib/gcc/nios2-elf/4.1.2/../../../../nios2-elf/lib/libc.a(lib_a-int_errno.o)
                0x00823a7c                errno
 .sbss          0x00823a80        0xc /OPT/altera/12.1/nios2eds/bin/gnu/H-i686-pc-linux-gnu/bin/../lib/gcc/nios2-elf/4.1.2/../../../../nios2-elf/lib/libc.a(lib_a-locale.o)
                0x00823a80                __nlocale_changed
                0x00823a84                __mlocale_changed
                0x00823a88                _PathLocale
 .sbss          0x00823a8c        0x4 ../capstone_Volatile_bsp//libucosii_bsp.a(alt_dev.o)
                0x00823a8c                alt_fd_list_lock
 .sbss          0x00823a90        0x4 ../capstone_Volatile_bsp//libucosii_bsp.a(alt_irq_vars.o)
                0x00823a90                alt_irq_active
 .sbss          0x00823a94        0xc ../capstone_Volatile_bsp//libucosii_bsp.a(alt_main.o)
                0x00823a94                alt_argc
                0x00823a98                alt_argv
                0x00823a9c                alt_envp
 .sbss          0x00823aa0        0x8 ../capstone_Volatile_bsp//libucosii_bsp.a(alt_env_lock.o)
                0x00823aa4                alt_envsem
 .sbss          0x00823aa8        0x8 ../capstone_Volatile_bsp//libucosii_bsp.a(alt_malloc_lock.o)
                0x00823aac                alt_heapsem
 .sbss          0x00823ab0       0x50 ../capstone_Volatile_bsp//libucosii_bsp.a(os_core.o)
                0x00823ab0                OSLockNesting
                0x00823ab1                OSRunning
                0x00823ab4                OSIdleCtr
                0x00823ab8                OSPrioHighRdy
                0x00823ab9                OSPrioCur
                0x00823abc                OSTCBList
                0x00823ac0                OSTickStepState
                0x00823ac4                OSCtxSwCtr
                0x00823ac8                OSIdleCtrMax
                0x00823acc                OSTCBFreeList
                0x00823ad0                OSCPUUsage
                0x00823ad1                OSTaskCtr
                0x00823ad4                OSMemFreeList
                0x00823ad8                OSTCBHighRdy
                0x00823adc                OSQFreeList
                0x00823ae0                OSRdyGrp
                0x00823ae1                OSRdyTbl
                0x00823ae4                OSEventFreeList
                0x00823ae8                OSIntNesting
                0x00823aec                OSTCBCur
                0x00823af0                OSTime
                0x00823af4                OSFlagFreeList
                0x00823af8                OSStatRdy
                0x00823afc                OSIdleCtrRun
 .sbss          0x00823b00        0x8 ../capstone_Volatile_bsp//libucosii_bsp.a(alt_tick.o)
                0x00823b00                _alt_tick_rate
                0x00823b04                _alt_nticks
 *(.sbss2 .sbss2.* .gnu.linkonce.sb2.*)
 *(.scommon)
                0x00823b08                PROVIDE (__sbss_end, ABSOLUTE (.))
                0x00823b08                PROVIDE (___sbss_end, ABSOLUTE (.))
 *(.dynbss)
 *(.bss .bss.* .gnu.linkonce.b.*)
 .bss           0x00823b08        0x0 ../capstone_Volatile_bsp//obj/HAL/src/crt0.o
 .bss           0x00823b08        0x0 obj/default/audio.o
 .bss           0x00823b08        0x0 obj/default/buttons.o
 .bss           0x00823b08        0x0 obj/default/efsl/debug.o
 .bss           0x00823b08        0x0 obj/default/efsl/dir.o
 .bss           0x00823b08        0x0 obj/default/efsl/disc.o
 .bss           0x00823b08        0x0 obj/default/efsl/efs.o
 .bss           0x00823b08        0x0 obj/default/efsl/extract.o
 .bss           0x00823b08        0x0 obj/default/efsl/fat.o
 .bss           0x00823b08        0x0 obj/default/efsl/file.o
 .bss           0x00823b08        0x0 obj/default/efsl/fs.o
 .bss           0x00823b08        0x0 obj/default/efsl/ioman.o
 .bss           0x00823b08        0x0 obj/default/efsl/ls.o
 .bss           0x00823b08        0x0 obj/default/efsl/mkfs.o
 .bss           0x00823b08        0x0 obj/default/efsl/nios2.o
 .bss           0x00823b08        0x0 obj/default/efsl/nios2_ramdisk.o
 .bss           0x00823b08        0x0 obj/default/efsl/partition.o
 .bss           0x00823b08        0x0 obj/default/efsl/plibc.o
 .bss           0x00823b08        0x0 obj/default/efsl/sd.o
 .bss           0x00823b08        0x0 obj/default/efsl/time.o
 .bss           0x00823b08        0x0 obj/default/efsl/ui.o
 .bss           0x00823b08        0x0 obj/default/main.o
 .bss           0x00823b08        0x0 obj/default/save.o
 .bss           0x00823b08        0x0 obj/default/sd.o
 .bss           0x00823b08        0x0 /OPT/altera/12.1/nios2eds/bin/gnu/H-i686-pc-linux-gnu/bin/../lib/gcc/nios2-elf/4.1.2/libgcc.a(lib2-divmod.o)
 .bss           0x00823b08        0x0 /OPT/altera/12.1/nios2eds/bin/gnu/H-i686-pc-linux-gnu/bin/../lib/gcc/nios2-elf/4.1.2/../../../../nios2-elf/lib/libc.a(lib_a-malloc.o)
 .bss           0x00823b08       0x28 /OPT/altera/12.1/nios2eds/bin/gnu/H-i686-pc-linux-gnu/bin/../lib/gcc/nios2-elf/4.1.2/../../../../nios2-elf/lib/libc.a(lib_a-mallocr.o)
                0x00823b08                __malloc_current_mallinfo
 .bss           0x00823b30        0x0 /OPT/altera/12.1/nios2eds/bin/gnu/H-i686-pc-linux-gnu/bin/../lib/gcc/nios2-elf/4.1.2/../../../../nios2-elf/lib/libc.a(lib_a-memcpy.o)
 .bss           0x00823b30        0x0 /OPT/altera/12.1/nios2eds/bin/gnu/H-i686-pc-linux-gnu/bin/../lib/gcc/nios2-elf/4.1.2/../../../../nios2-elf/lib/libc.a(lib_a-perror.o)
 .bss           0x00823b30        0x0 /OPT/altera/12.1/nios2eds/bin/gnu/H-i686-pc-linux-gnu/bin/../lib/gcc/nios2-elf/4.1.2/../../../../nios2-elf/lib/libc.a(lib_a-printf.o)
 .bss           0x00823b30        0x0 /OPT/altera/12.1/nios2eds/bin/gnu/H-i686-pc-linux-gnu/bin/../lib/gcc/nios2-elf/4.1.2/../../../../nios2-elf/lib/libc.a(lib_a-putchar.o)
 .bss           0x00823b30        0x0 /OPT/altera/12.1/nios2eds/bin/gnu/H-i686-pc-linux-gnu/bin/../lib/gcc/nios2-elf/4.1.2/../../../../nios2-elf/lib/libc.a(lib_a-puts.o)
 .bss           0x00823b30        0x0 /OPT/altera/12.1/nios2eds/bin/gnu/H-i686-pc-linux-gnu/bin/../lib/gcc/nios2-elf/4.1.2/../../../../nios2-elf/lib/libc.a(lib_a-sbrkr.o)
 .bss           0x00823b30        0x0 /OPT/altera/12.1/nios2eds/bin/gnu/H-i686-pc-linux-gnu/bin/../lib/gcc/nios2-elf/4.1.2/../../../../nios2-elf/lib/libc.a(lib_a-strerror.o)
 .bss           0x00823b30        0x0 /OPT/altera/12.1/nios2eds/bin/gnu/H-i686-pc-linux-gnu/bin/../lib/gcc/nios2-elf/4.1.2/../../../../nios2-elf/lib/libc.a(lib_a-strlen.o)
 .bss           0x00823b30        0x0 /OPT/altera/12.1/nios2eds/bin/gnu/H-i686-pc-linux-gnu/bin/../lib/gcc/nios2-elf/4.1.2/../../../../nios2-elf/lib/libc.a(lib_a-u_strerr.o)
 .bss           0x00823b30        0x0 /OPT/altera/12.1/nios2eds/bin/gnu/H-i686-pc-linux-gnu/bin/../lib/gcc/nios2-elf/4.1.2/../../../../nios2-elf/lib/libc.a(lib_a-vfprintf.o)
 .bss           0x00823b30        0x0 /OPT/altera/12.1/nios2eds/bin/gnu/H-i686-pc-linux-gnu/bin/../lib/gcc/nios2-elf/4.1.2/../../../../nios2-elf/lib/libc.a(lib_a-wsetup.o)
 .bss           0x00823b30        0x0 /OPT/altera/12.1/nios2eds/bin/gnu/H-i686-pc-linux-gnu/bin/../lib/gcc/nios2-elf/4.1.2/../../../../nios2-elf/lib/libc.a(lib_a-dtoa.o)
 .bss           0x00823b30        0x0 /OPT/altera/12.1/nios2eds/bin/gnu/H-i686-pc-linux-gnu/bin/../lib/gcc/nios2-elf/4.1.2/../../../../nios2-elf/lib/libc.a(lib_a-fflush.o)
 .bss           0x00823b30        0x0 /OPT/altera/12.1/nios2eds/bin/gnu/H-i686-pc-linux-gnu/bin/../lib/gcc/nios2-elf/4.1.2/../../../../nios2-elf/lib/libc.a(lib_a-findfp.o)
 .bss           0x00823b30        0x0 /OPT/altera/12.1/nios2eds/bin/gnu/H-i686-pc-linux-gnu/bin/../lib/gcc/nios2-elf/4.1.2/../../../../nios2-elf/lib/libc.a(lib_a-fputc.o)
 .bss           0x00823b30        0x0 /OPT/altera/12.1/nios2eds/bin/gnu/H-i686-pc-linux-gnu/bin/../lib/gcc/nios2-elf/4.1.2/../../../../nios2-elf/lib/libc.a(lib_a-fputs.o)
 .bss           0x00823b30        0x0 /OPT/altera/12.1/nios2eds/bin/gnu/H-i686-pc-linux-gnu/bin/../lib/gcc/nios2-elf/4.1.2/../../../../nios2-elf/lib/libc.a(lib_a-freer.o)
 .bss           0x00823b30        0x0 /OPT/altera/12.1/nios2eds/bin/gnu/H-i686-pc-linux-gnu/bin/../lib/gcc/nios2-elf/4.1.2/../../../../nios2-elf/lib/libc.a(lib_a-fvwrite.o)
 .bss           0x00823b30        0x0 /OPT/altera/12.1/nios2eds/bin/gnu/H-i686-pc-linux-gnu/bin/../lib/gcc/nios2-elf/4.1.2/../../../../nios2-elf/lib/libc.a(lib_a-fwalk.o)
 .bss           0x00823b30        0x0 /OPT/altera/12.1/nios2eds/bin/gnu/H-i686-pc-linux-gnu/bin/../lib/gcc/nios2-elf/4.1.2/../../../../nios2-elf/lib/libc.a(lib_a-impure.o)
 .bss           0x00823b30        0x0 /OPT/altera/12.1/nios2eds/bin/gnu/H-i686-pc-linux-gnu/bin/../lib/gcc/nios2-elf/4.1.2/../../../../nios2-elf/lib/libc.a(lib_a-int_errno.o)
 .bss           0x00823b30        0x0 /OPT/altera/12.1/nios2eds/bin/gnu/H-i686-pc-linux-gnu/bin/../lib/gcc/nios2-elf/4.1.2/../../../../nios2-elf/lib/libc.a(lib_a-locale.o)
 .bss           0x00823b30        0x0 /OPT/altera/12.1/nios2eds/bin/gnu/H-i686-pc-linux-gnu/bin/../lib/gcc/nios2-elf/4.1.2/../../../../nios2-elf/lib/libc.a(lib_a-makebuf.o)
 .bss           0x00823b30        0x0 /OPT/altera/12.1/nios2eds/bin/gnu/H-i686-pc-linux-gnu/bin/../lib/gcc/nios2-elf/4.1.2/../../../../nios2-elf/lib/libc.a(lib_a-memchr.o)
 .bss           0x00823b30        0x0 /OPT/altera/12.1/nios2eds/bin/gnu/H-i686-pc-linux-gnu/bin/../lib/gcc/nios2-elf/4.1.2/../../../../nios2-elf/lib/libc.a(lib_a-memmove.o)
 .bss           0x00823b30        0x0 /OPT/altera/12.1/nios2eds/bin/gnu/H-i686-pc-linux-gnu/bin/../lib/gcc/nios2-elf/4.1.2/../../../../nios2-elf/lib/libc.a(lib_a-memset.o)
 .bss           0x00823b30        0x0 /OPT/altera/12.1/nios2eds/bin/gnu/H-i686-pc-linux-gnu/bin/../lib/gcc/nios2-elf/4.1.2/../../../../nios2-elf/lib/libc.a(lib_a-mprec.o)
 .bss           0x00823b30        0x0 /OPT/altera/12.1/nios2eds/bin/gnu/H-i686-pc-linux-gnu/bin/../lib/gcc/nios2-elf/4.1.2/../../../../nios2-elf/lib/libc.a(lib_a-putc.o)
 .bss           0x00823b30        0x0 /OPT/altera/12.1/nios2eds/bin/gnu/H-i686-pc-linux-gnu/bin/../lib/gcc/nios2-elf/4.1.2/../../../../nios2-elf/lib/libc.a(lib_a-reallocr.o)
 .bss           0x00823b30        0x0 /OPT/altera/12.1/nios2eds/bin/gnu/H-i686-pc-linux-gnu/bin/../lib/gcc/nios2-elf/4.1.2/../../../../nios2-elf/lib/libc.a(lib_a-s_isinfd.o)
 .bss           0x00823b30        0x0 /OPT/altera/12.1/nios2eds/bin/gnu/H-i686-pc-linux-gnu/bin/../lib/gcc/nios2-elf/4.1.2/../../../../nios2-elf/lib/libc.a(lib_a-s_isnand.o)
 .bss           0x00823b30        0x0 /OPT/altera/12.1/nios2eds/bin/gnu/H-i686-pc-linux-gnu/bin/../lib/gcc/nios2-elf/4.1.2/../../../../nios2-elf/lib/libc.a(lib_a-stdio.o)
 .bss           0x00823b30        0x0 /OPT/altera/12.1/nios2eds/bin/gnu/H-i686-pc-linux-gnu/bin/../lib/gcc/nios2-elf/4.1.2/../../../../nios2-elf/lib/libc.a(lib_a-strcmp.o)
 .bss           0x00823b30        0x0 /OPT/altera/12.1/nios2eds/bin/gnu/H-i686-pc-linux-gnu/bin/../lib/gcc/nios2-elf/4.1.2/../../../../nios2-elf/lib/libc.a(lib_a-wbuf.o)
 .bss           0x00823b30        0x0 /OPT/altera/12.1/nios2eds/bin/gnu/H-i686-pc-linux-gnu/bin/../lib/gcc/nios2-elf/4.1.2/../../../../nios2-elf/lib/libc.a(lib_a-writer.o)
 .bss           0x00823b30        0x0 /OPT/altera/12.1/nios2eds/bin/gnu/H-i686-pc-linux-gnu/bin/../lib/gcc/nios2-elf/4.1.2/../../../../nios2-elf/lib/libc.a(lib_a-callocr.o)
 .bss           0x00823b30        0x0 /OPT/altera/12.1/nios2eds/bin/gnu/H-i686-pc-linux-gnu/bin/../lib/gcc/nios2-elf/4.1.2/../../../../nios2-elf/lib/libc.a(lib_a-closer.o)
 .bss           0x00823b30        0x0 /OPT/altera/12.1/nios2eds/bin/gnu/H-i686-pc-linux-gnu/bin/../lib/gcc/nios2-elf/4.1.2/../../../../nios2-elf/lib/libc.a(lib_a-fclose.o)
 .bss           0x00823b30        0x0 /OPT/altera/12.1/nios2eds/bin/gnu/H-i686-pc-linux-gnu/bin/../lib/gcc/nios2-elf/4.1.2/../../../../nios2-elf/lib/libc.a(lib_a-fstatr.o)
 .bss           0x00823b30        0x0 /OPT/altera/12.1/nios2eds/bin/gnu/H-i686-pc-linux-gnu/bin/../lib/gcc/nios2-elf/4.1.2/../../../../nios2-elf/lib/libc.a(lib_a-isattyr.o)
 .bss           0x00823b30        0x0 /OPT/altera/12.1/nios2eds/bin/gnu/H-i686-pc-linux-gnu/bin/../lib/gcc/nios2-elf/4.1.2/../../../../nios2-elf/lib/libc.a(lib_a-lseekr.o)
 .bss           0x00823b30        0x0 /OPT/altera/12.1/nios2eds/bin/gnu/H-i686-pc-linux-gnu/bin/../lib/gcc/nios2-elf/4.1.2/../../../../nios2-elf/lib/libc.a(lib_a-readr.o)
 .bss           0x00823b30        0x0 /OPT/altera/12.1/nios2eds/bin/gnu/H-i686-pc-linux-gnu/bin/../lib/gcc/nios2-elf/4.1.2/libgcc.a(_udivdi3.o)
 .bss           0x00823b30        0x0 /OPT/altera/12.1/nios2eds/bin/gnu/H-i686-pc-linux-gnu/bin/../lib/gcc/nios2-elf/4.1.2/libgcc.a(_umoddi3.o)