Archive member included because of file (symbol)

/OPT/altera/12.1/nios2eds/bin/gnu/H-i686-pc-linux-gnu/bin/../lib/gcc/nios2-elf/4.1.2/../../../../nios2-elf/lib/libm.a(lib_a-w_pow.o)
                              obj/default/MPU9250/mpu9250.o (pow)
/OPT/altera/12.1/nios2eds/bin/gnu/H-i686-pc-linux-gnu/bin/../lib/gcc/nios2-elf/4.1.2/../../../../nios2-elf/lib/libm.a(lib_a-e_pow.o)
                              /OPT/altera/12.1/nios2eds/bin/gnu/H-i686-pc-linux-gnu/bin/../lib/gcc/nios2-elf/4.1.2/../../../../nios2-elf/lib/libm.a(lib_a-w_pow.o) (__ieee754_pow)
/OPT/altera/12.1/nios2eds/bin/gnu/H-i686-pc-linux-gnu/bin/../lib/gcc/nios2-elf/4.1.2/../../../../nios2-elf/lib/libm.a(lib_a-e_sqrt.o)
                              /OPT/altera/12.1/nios2eds/bin/gnu/H-i686-pc-linux-gnu/bin/../lib/gcc/nios2-elf/4.1.2/../../../../nios2-elf/lib/libm.a(lib_a-e_pow.o) (__ieee754_sqrt)
/OPT/altera/12.1/nios2eds/bin/gnu/H-i686-pc-linux-gnu/bin/../lib/gcc/nios2-elf/4.1.2/../../../../nios2-elf/lib/libm.a(lib_a-s_fabs.o)
                              /OPT/altera/12.1/nios2eds/bin/gnu/H-i686-pc-linux-gnu/bin/../lib/gcc/nios2-elf/4.1.2/../../../../nios2-elf/lib/libm.a(lib_a-e_pow.o) (fabs)
/OPT/altera/12.1/nios2eds/bin/gnu/H-i686-pc-linux-gnu/bin/../lib/gcc/nios2-elf/4.1.2/../../../../nios2-elf/lib/libm.a(lib_a-s_finite.o)
                              /OPT/altera/12.1/nios2eds/bin/gnu/H-i686-pc-linux-gnu/bin/../lib/gcc/nios2-elf/4.1.2/../../../../nios2-elf/lib/libm.a(lib_a-w_pow.o) (finite)
/OPT/altera/12.1/nios2eds/bin/gnu/H-i686-pc-linux-gnu/bin/../lib/gcc/nios2-elf/4.1.2/../../../../nios2-elf/lib/libm.a(lib_a-s_isnand.o)
                              /OPT/altera/12.1/nios2eds/bin/gnu/H-i686-pc-linux-gnu/bin/../lib/gcc/nios2-elf/4.1.2/../../../../nios2-elf/lib/libm.a(lib_a-w_pow.o) (__isnand)
/OPT/altera/12.1/nios2eds/bin/gnu/H-i686-pc-linux-gnu/bin/../lib/gcc/nios2-elf/4.1.2/../../../../nios2-elf/lib/libm.a(lib_a-s_lib_ver.o)
                              /OPT/altera/12.1/nios2eds/bin/gnu/H-i686-pc-linux-gnu/bin/../lib/gcc/nios2-elf/4.1.2/../../../../nios2-elf/lib/libm.a(lib_a-w_pow.o) (__fdlib_version)
/OPT/altera/12.1/nios2eds/bin/gnu/H-i686-pc-linux-gnu/bin/../lib/gcc/nios2-elf/4.1.2/../../../../nios2-elf/lib/libm.a(lib_a-s_matherr.o)
                              /OPT/altera/12.1/nios2eds/bin/gnu/H-i686-pc-linux-gnu/bin/../lib/gcc/nios2-elf/4.1.2/../../../../nios2-elf/lib/libm.a(lib_a-w_pow.o) (matherr)
/OPT/altera/12.1/nios2eds/bin/gnu/H-i686-pc-linux-gnu/bin/../lib/gcc/nios2-elf/4.1.2/../../../../nios2-elf/lib/libm.a(lib_a-s_nan.o)
                              /OPT/altera/12.1/nios2eds/bin/gnu/H-i686-pc-linux-gnu/bin/../lib/gcc/nios2-elf/4.1.2/../../../../nios2-elf/lib/libm.a(lib_a-e_pow.o) (nan)
/OPT/altera/12.1/nios2eds/bin/gnu/H-i686-pc-linux-gnu/bin/../lib/gcc/nios2-elf/4.1.2/../../../../nios2-elf/lib/libm.a(lib_a-s_rint.o)
                              /OPT/altera/12.1/nios2eds/bin/gnu/H-i686-pc-linux-gnu/bin/../lib/gcc/nios2-elf/4.1.2/../../../../nios2-elf/lib/libm.a(lib_a-w_pow.o) (rint)
/OPT/altera/12.1/nios2eds/bin/gnu/H-i686-pc-linux-gnu/bin/../lib/gcc/nios2-elf/4.1.2/../../../../nios2-elf/lib/libm.a(lib_a-s_scalbn.o)
                              /OPT/altera/12.1/nios2eds/bin/gnu/H-i686-pc-linux-gnu/bin/../lib/gcc/nios2-elf/4.1.2/../../../../nios2-elf/lib/libm.a(lib_a-e_pow.o) (scalbn)
/OPT/altera/12.1/nios2eds/bin/gnu/H-i686-pc-linux-gnu/bin/../lib/gcc/nios2-elf/4.1.2/../../../../nios2-elf/lib/libm.a(lib_a-s_copysign.o)
                              /OPT/altera/12.1/nios2eds/bin/gnu/H-i686-pc-linux-gnu/bin/../lib/gcc/nios2-elf/4.1.2/../../../../nios2-elf/lib/libm.a(lib_a-s_scalbn.o) (copysign)
/OPT/altera/12.1/nios2eds/bin/gnu/H-i686-pc-linux-gnu/bin/../lib/gcc/nios2-elf/4.1.2/libgcc.a(_addsub_sf.o)
                              obj/default/imu_i2c.o (__subsf3)
/OPT/altera/12.1/nios2eds/bin/gnu/H-i686-pc-linux-gnu/bin/../lib/gcc/nios2-elf/4.1.2/libgcc.a(_mul_sf.o)
                              obj/default/MPU9250/mpu9250.o (__mulsf3)
/OPT/altera/12.1/nios2eds/bin/gnu/H-i686-pc-linux-gnu/bin/../lib/gcc/nios2-elf/4.1.2/libgcc.a(_div_sf.o)
                              obj/default/MPU9250/mpu9250.o (__divsf3)
/OPT/altera/12.1/nios2eds/bin/gnu/H-i686-pc-linux-gnu/bin/../lib/gcc/nios2-elf/4.1.2/libgcc.a(_gt_sf.o)
                              obj/default/imu_i2c.o (__gtsf2)
/OPT/altera/12.1/nios2eds/bin/gnu/H-i686-pc-linux-gnu/bin/../lib/gcc/nios2-elf/4.1.2/libgcc.a(_lt_sf.o)
                              obj/default/imu_i2c.o (__ltsf2)
/OPT/altera/12.1/nios2eds/bin/gnu/H-i686-pc-linux-gnu/bin/../lib/gcc/nios2-elf/4.1.2/libgcc.a(_si_to_sf.o)
                              obj/default/MPU9250/mpu9250.o (__floatsisf)
/OPT/altera/12.1/nios2eds/bin/gnu/H-i686-pc-linux-gnu/bin/../lib/gcc/nios2-elf/4.1.2/libgcc.a(_sf_to_df.o)
                              obj/default/MPU9250/mpu9250.o (__extendsfdf2)
/OPT/altera/12.1/nios2eds/bin/gnu/H-i686-pc-linux-gnu/bin/../lib/gcc/nios2-elf/4.1.2/libgcc.a(_thenan_sf.o)
[...]
Memory Configuration

Name             Origin             Length             Attributes
sdram_0          0x00800000         0x00800000
reset            0x01400000         0x00000020
generic_tristate_controller_0 0x01400020         0x003fffe0
sram_0           0x01880000         0x00080000
onchip_memory2_0_BEFORE_EXCEPTION 0x01904000         0x00000020
onchip_memory2_0 0x01904020         0x00003fe0
*default*        0x00000000         0xffffffff

Linker script and memory map

LOAD ../capstone_Volatile_bsp//obj/HAL/src/crt0.o
LOAD obj/default/MPU9250/mpu9250.o
LOAD obj/default/audio.o
LOAD obj/default/buttons.o
LOAD obj/default/efsl/debug.o
LOAD obj/default/efsl/dir.o
LOAD obj/default/efsl/disc.o
LOAD obj/default/efsl/efs.o
LOAD obj/default/efsl/extract.o
LOAD obj/default/efsl/fat.o
LOAD obj/default/efsl/file.o
LOAD obj/default/efsl/fs.o
LOAD obj/default/efsl/ioman.o
LOAD obj/default/efsl/ls.o
LOAD obj/default/efsl/mkfs.o
LOAD obj/default/efsl/nios2.o
LOAD obj/default/efsl/nios2_ramdisk.o
LOAD obj/default/efsl/partition.o
LOAD obj/default/efsl/plibc.o
LOAD obj/default/efsl/sd.o
LOAD obj/default/efsl/time.o
LOAD obj/default/efsl/ui.o
LOAD obj/default/i2c/I2C.o
LOAD obj/default/imu_i2c.o
LOAD obj/default/main.o
LOAD obj/default/save.o
LOAD obj/default/sd.o
LOAD /OPT/altera/12.1/nios2eds/bin/gnu/H-i686-pc-linux-gnu/bin/../lib/gcc/nios2-elf/4.1.2/../../../../nios2-elf/lib/libstdc++.a
LOAD /OPT/altera/12.1/nios2eds/bin/gnu/H-i686-pc-linux-gnu/bin/../lib/gcc/nios2-elf/4.1.2/../../../../nios2-elf/lib/libm.a
LOAD /OPT/altera/12.1/nios2eds/bin/gnu/H-i686-pc-linux-gnu/bin/../lib/gcc/nios2-elf/4.1.2/libgcc.a
START GROUP
LOAD /OPT/altera/12.1/nios2eds/bin/gnu/H-i686-pc-linux-gnu/bin/../lib/gcc/nios2-elf/4.1.2/../../../../nios2-elf/lib/libc.a
LOAD /OPT/altera/12.1/nios2eds/bin/gnu/H-i686-pc-linux-gnu/bin/../lib/gcc/nios2-elf/4.1.2/libgcc.a
LOAD ../capstone_Volatile_bsp//libucosii_bsp.a
END GROUP
LOAD /OPT/altera/12.1/nios2eds/bin/gnu/H-i686-pc-linux-gnu/bin/../lib/gcc/nios2-elf/4.1.2/libgcc.a
                0x00800000                __alt_mem_sdram_0 = 0x800000
                0x01400000                __alt_mem_generic_tristate_controller_0 = 0x1400000
                0x01880000                __alt_mem_sram_0 = 0x1880000
                0x01904000                __alt_mem_onchip_memory2_0 = 0x1904000

.entry          0x01400000        0x0
 *(.entry)
 .entry         0x01400000        0x0 ../capstone_Volatile_bsp//obj/HAL/src/crt0.o
                0x01400000                __reset

.exceptions     0x01904020      0x1a0
                0x01904020                PROVIDE (__ram_exceptions_start, ABSOLUTE (.))
                0x01904020                . = ALIGN (0x20)
 *(.irq)
 *(.exceptions.entry.label)
 .exceptions.entry.label
                0x01904020        0x0 ../capstone_Volatile_bsp//libucosii_bsp.a(alt_irq_entry.o)
                0x01904020                alt_irq_entry
 .exceptions.entry.label
                0x01904020        0x0 ../capstone_Volatile_bsp//libucosii_bsp.a(alt_exception_entry.o)
                0x01904020                alt_exception
 *(.exceptions.entry.user)
 *(.exceptions.entry)
 .exceptions.entry
                0x01904020       0x54 ../capstone_Volatile_bsp//libucosii_bsp.a(alt_exception_entry.o)
 *(.exceptions.irqtest.user)
 *(.exceptions.irqtest)
 .exceptions.irqtest
                0x01904074       0x10 ../capstone_Volatile_bsp//libucosii_bsp.a(alt_irq_entry.o)
 *(.exceptions.irqhandler.user)
 *(.exceptions.irqhandler)
 .exceptions.irqhandler
                0x01904084        0x4 ../capstone_Volatile_bsp//libucosii_bsp.a(alt_irq_entry.o)
 *(.exceptions.irqreturn.user)
 *(.exceptions.irqreturn)
 .exceptions.irqreturn
                0x01904088        0x4 ../capstone_Volatile_bsp//libucosii_bsp.a(alt_irq_entry.o)
 *(.exceptions.notirq.label)
 .exceptions.notirq.label
                0x0190408c        0x0 ../capstone_Volatile_bsp//libucosii_bsp.a(alt_irq_entry.o)
 *(.exceptions.notirq.user)
 *(.exceptions.notirq)
 .exceptions.notirq
                0x0190408c        0x8 ../capstone_Volatile_bsp//libucosii_bsp.a(alt_exception_entry.o)
 *(.exceptions.soft.user)
 *(.exceptions.soft)
 *(.exceptions.unknown.user)
 *(.exceptions.unknown)
 .exceptions.unknown
                0x01904094        0x4 ../capstone_Volatile_bsp//libucosii_bsp.a(alt_exception_entry.o)
 *(.exceptions.exit.label)
 .exceptions.exit.label
                0x01904098        0x0 ../capstone_Volatile_bsp//libucosii_bsp.a(alt_irq_entry.o)
 .exceptions.exit.label
                0x01904098        0x0 ../capstone_Volatile_bsp//libucosii_bsp.a(alt_exception_entry.o)
 *(.exceptions.exit.user)
 *(.exceptions.exit)
 .exceptions.exit
                0x01904098       0x54 ../capstone_Volatile_bsp//libucosii_bsp.a(alt_exception_entry.o)
 *(.exceptions)
 .exceptions    0x019040ec       0xd4 ../capstone_Volatile_bsp//libucosii_bsp.a(alt_irq_handler.o)
                0x019040ec                alt_irq_handler
                0x019041c0                PROVIDE (__ram_exceptions_end, ABSOLUTE (.))
                0x01904020                PROVIDE (__flash_exceptions_start, LOADADDR (.exceptions))

.text           0x00800000    0x274dc
                0x00800000                PROVIDE (stext, ABSOLUTE (.))
 *(.interp)
 *(.hash)
 *(.dynsym)
 *(.dynstr)
 *(.gnu.version)
 *(.gnu.version_d)
 *(.gnu.version_r)
 *(.rel.init)
 *(.rela.init)
 *(.rel.text .rel.text.* .rel.gnu.linkonce.t.*)
 *(.rela.text .rela.text.* .rela.gnu.linkonce.t.*)
 *(.rel.fini)
 *(.rela.fini)
 *(.rel.rodata .rel.rodata.* .rel.gnu.linkonce.r.*)
 *(.rela.rodata .rela.rodata.* .rela.gnu.linkonce.r.*)
 *(.rel.data .rel.data.* .rel.gnu.linkonce.d.*)
 *(.rela.data .rela.data.* .rela.gnu.linkonce.d.*)
 *(.rel.tdata .rel.tdata.* .rel.gnu.linkonce.td.*)
 *(.rela.tdata .rela.tdata.* .rela.gnu.linkonce.td.*)
 *(.rel.tbss .rel.tbss.* .rel.gnu.linkonce.tb.*)
 *(.rela.tbss .rela.tbss.* .rela.gnu.linkonce.tb.*)
 *(.rel.ctors)
 *(.rela.ctors)
 *(.rel.dtors)
 *(.rela.dtors)
 *(.rel.got)
 *(.rela.got)
 *(.rel.sdata .rel.sdata.* .rel.gnu.linkonce.s.*)
 *(.rela.sdata .rela.sdata.* .rela.gnu.linkonce.s.*)
 *(.rel.sbss .rel.sbss.* .rel.gnu.linkonce.sb.*)
 *(.rela.sbss .rela.sbss.* .rela.gnu.linkonce.sb.*)
 *(.rel.sdata2 .rel.sdata2.* .rel.gnu.linkonce.s2.*)
 *(.rela.sdata2 .rela.sdata2.* .rela.gnu.linkonce.s2.*)
 *(.rel.sbss2 .rel.sbss2.* .rel.gnu.linkonce.sb2.*)
 *(.rela.sbss2 .rela.sbss2.* .rela.gnu.linkonce.sb2.*)
 *(.rel.bss .rel.bss.* .rel.gnu.linkonce.b.*)
 *(.rela.bss .rela.bss.* .rela.gnu.linkonce.b.*)
 *(.rel.plt)
 *(.rela.plt)
 *(.rel.dyn)
 *(.init)
 *(.plt)
 *(.text .stub .text.* .gnu.linkonce.t.*)
 .text          0x00800000       0x48 ../capstone_Volatile_bsp//obj/HAL/src/crt0.o
                0x00800000                _start
 .text          0x00800048     0x2498 obj/default/MPU9250/mpu9250.o
                0x00800048                getAres
                0x00800074                getGres
                0x008000a0                readAccelData
                0x008001a0                readGyroData
                0x008002a0                initMPU9250
                0x008005f8                calibrateMPU9250
                0x008014f8                MPU9250SelfTest
 .text          0x008024e0      0x510 obj/default/audio.o
                0x008024e0                audioInit
                0x00802690                audio_isr
                0x00802758                synthesize
 .text          0x008029f0      0x260 obj/default/buttons.o
                0x008029f0                init_button_pio
                0x00802a4c                interrupt_isr_buttonPress
                0x00802bc8                setDrum
 .text          0x00802c50        0x0 obj/default/efsl/debug.o
 .text          0x00802c50      0xb40 obj/default/efsl/dir.o
                0x00802c50                dir_getFileStructure
                0x00802d0c                dir_createDirectoryEntry
                0x00802d90                dir_createDefaultEntry
                0x00802e40                dir_setFirstCluster
                0x00802ee8                dir_setFileSize
                0x00802f68                dir_updateDirectoryEntry
                0x00802ff0                dir_findFileinBuf
                0x00803148                dir_findFreeEntryinBuf
                0x00803240                dir_findinBuf
                0x008032cc                dir_findinCluster
                0x008033f0                dir_findinDir
                0x008034e8                dir_findinRootArea
                0x0080362c                dir_getFatFileName
                0x00803700                dir_addCluster
 .text          0x00803790       0xe4 obj/default/efsl/disc.o
                0x00803790                disc_initDisc
                0x008037d8                disc_loadMBR
 .text          0x00803874      0x128 obj/default/efsl/efs.o
                0x00803874                efs_init
 .text          0x0080399c      0x354 obj/default/efsl/extract.o
                0x0080399c                ex_getb16
                0x008039fc                ex_getb32
                0x00803a94                ex_setb16
                0x00803aec                ex_setb32
                0x00803b7c                ex_getPartitionField
                0x00803cc8                ex_setPartitionField
 .text          0x00803cf0     0x1504 obj/default/efsl/fat.o
                0x00803cf0                fat_getSectorAddressFatEntry
                0x00803e18                fat_getNextClusterAddress
                0x00804040                fat_setNextClusterAddress
                0x008043b4                fat_isEocMarker
                0x00804468                fat_giveEocMarker
                0x008044f0                fat_getNextClusterAddressWBuf
                0x008046b8                fat_setNextClusterAddressWBuf
                0x0080499c                fat_getNextClusterChain
                0x00804b4c                fat_LogicToDiscCluster
                0x00804c7c                fat_allocClusterChain
                0x00804f48                fat_unlinkClusterChain
                0x00805020                fat_countClustersInChain
                0x008050c4                fat_DiscToLogicCluster
                0x00805174                fat_countFreeClusters
 .text          0x008051f4     0x12bc obj/default/efsl/file.o
                0x008051f4                file_fread
                0x0080548c                file_read
                0x008054f4                file_write
                0x0080555c                file_setpos
                0x008055b0                file_fwrite
                0x008058fc                file_fopen
                0x00805d74                file_fclose
                0x00805e74                file_initFile
                0x00805f30                file_normalToFatName
                0x008061a8                file_validateChar
                0x00806290                file_setAttr
                0x0080631c                file_getAttr
                0x00806360                file_requiredCluster
 .text          0x008064b0     0x117c obj/default/efsl/fs.o
                0x008064b0                fs_initFs
                0x0080656c                fs_isValidFat
                0x008065e0                fs_loadVolumeId
                0x0080671c                fs_verifySanity
                0x008068b8                fs_countDataSectors
                0x00806a10                fs_determineFatType
                0x00806a8c                fs_findFirstSectorRootDir
                0x00806b4c                fs_initCurrentDir
                0x00806b88                fs_clusterToSector
                0x00806c54                fs_sectorToCluster
                0x00806d50                fs_getNextFreeCluster
                0x00806dd0                fs_giveFreeClusterHint
                0x00806df4                fs_findFile
                0x00807034                fs_findFreeFile
                0x00807154                fs_getLastCluster
                0x0080722c                fs_getFirstClusterRootDir
                0x00807280                fs_initClusterChain
                0x008072e0                fs_setFirstClusterInDirEntry
                0x00807328                fs_flushFs
                0x00807374                fs_umount
                0x008073b0                fs_clearCluster
                0x00807460                fs_getFsInfo
                0x0080755c                fs_setFsInfo
 .text          0x0080762c     0x1df4 obj/default/efsl/ioman.o
                0x0080762c                ioman_init
                0x008076a4                ioman_reset
                0x00807814                ioman_getBuffer
                0x00807840                ioman_setAttr
                0x00807924                ioman_getAttr
                0x008079ac                ioman_getUseCnt
                0x00807a18                ioman_incUseCnt
                0x00807aac                ioman_decUseCnt
                0x00807b40                ioman_resetUseCnt
                0x00807b9c                ioman_getRefCnt
                0x00807c08                ioman_incRefCnt
                0x00807c9c                ioman_decRefCnt
                0x00807d30                ioman_resetRefCnt
                0x00807d8c                ioman_pop
                0x00807f60                ioman_push
                0x00808120                ioman_getPtr
                0x00808188                ioman_getBp
                0x00808240                ioman_readSector
                0x008082cc                ioman_writeSector
                0x00808358                ioman_resetCacheItem
                0x008083f8                ioman_findSectorInCache
                0x008084a4                ioman_findFreeSpot
                0x00808528                ioman_findUnusedSpot
                0x00808698                ioman_findOverallocableSpot
                0x008087e4                ioman_putSectorInCache
                0x008088c0                ioman_flushSector
                0x008089d4                ioman_flushRange
                0x00808b28                ioman_flushAll
                0x00808bfc                ioman_getSector
                0x00808f08                ioman_releaseSector
                0x00808fe8                ioman_directSectorRead
                0x00809110                ioman_directSectorWrite
                0x0080927c                ioman_printStatus
 .text          0x00809420      0x588 obj/default/efsl/ls.o
                0x00809420                ls_openDir
                0x008094d8                ls_getDirEntry
                0x00809564                ls_getNext
                0x0080960c                ls_getRealDirEntry
                0x00809764                ls_getRootAreaEntry
                0x00809874                ls_isValidFileEntry
                0x00809904                ls_fileEntryToDirListEntry
 .text          0x008099a8      0x3e4 obj/default/efsl/mkfs.o
                0x008099a8                mkfs_makevfat
 .text          0x00809d8c      0x4c0 obj/default/efsl/nios2.o
                0x00809d8c                if_initInterface
                0x00809e6c                if_readBuf
                0x00809ebc                if_writeBuf
                0x00809f08                if_setPos
                0x00809f30                if_spiInit
                0x00809f74                if_spiSend
                0x0080a094                if_spi_sendbuf
                0x0080a164                if_spi_readbuf
 .text          0x0080a24c      0x134 obj/default/efsl/nios2_ramdisk.o
                0x0080a358                ramdisk_init
 .text          0x0080a380      0x46c obj/default/efsl/partition.o
                0x0080a380                part_initPartition
                0x0080a430                part_isFatPart
                0x0080a4ac                part_readBuf
                0x0080a51c                part_writeBuf
                0x0080a58c                part_getRealLBA
                0x0080a5e4                part_getSect
                0x0080a644                part_relSect
                0x0080a690                part_flushPart
                0x0080a714                part_directSectorRead
                0x0080a780                part_directSectorWrite
 .text          0x0080a7ec      0x1b4 obj/default/efsl/plibc.o
                0x0080a7ec                strMatch
                0x0080a884                memCpy
                0x0080a8f0                memClr
                0x0080a944                memSet
 .text          0x0080a9a0      0xa20 obj/default/efsl/sd.o
                0x0080a9a0                sd_Init
                0x0080aae0                sd_Command
                0x0080ab94                sd_Resp8b
                0x0080ac10                sd_Resp16b
                0x0080ac78                sd_Resp8bError
                0x0080ae50                sd_State
                0x0080b00c                sd_writeSector
                0x0080b0e0                sd_readSector
                0x0080b1e4                sd_getDriveSize
 .text          0x0080b3c0       0x60 obj/default/efsl/time.o
                0x0080b3c0                fs_makeDate
                0x0080b3e0                fs_makeTime
                0x0080b400                fs_hasTimeSupport
 .text          0x0080b420      0x708 obj/default/efsl/ui.o
                0x0080b420                listFiles
                0x0080b720                rmfile
                0x0080b860                makedir
 .text          0x0080bb28      0xa80 obj/default/i2c/I2C.o
                0x0080bb28                I2C_Start
                0x0080bb60                I2C_Stop
                0x0080bb98                I2C_WriteToDevice
                0x0080bc90                I2C_WriteToDeviceRegister
                0x0080bdc0                I2C_WriteMore
                0x0080be84                I2C_ReadFromDevice
                0x0080bf78                I2C_ReadFromDeviceRegister
                0x0080c0d4                I2C_ReadMore
                0x0080c180                i2c_selectAddress
                0x0080c1f8                i2c_start
                0x0080c280                i2c_stop
                0x0080c2f8                i2c_write
                0x0080c43c                i2c_read
 .text          0x0080c5a8      0xb44 obj/default/imu_i2c.o
                0x0080c5a8                pollIMU
 .text          0x0080d0ec      0x5f4 obj/default/main.o
                0x0080d0ec                main
 .text          0x0080d6e0        0x0 obj/default/save.o
 .text          0x0080d6e0      0x2c4 obj/default/sd.o
                0x0080d6e0                sdInit
                0x0080d760                sdRead
                0x0080d888                parseWav
 .text          0x0080d9a4      0x488 /OPT/altera/12.1/nios2eds/bin/gnu/H-i686-pc-linux-gnu/bin/../lib/gcc/nios2-elf/4.1.2/../../../../nios2-elf/lib/libm.a(lib_a-w_pow.o)
                0x0080d9a4                pow
 .text          0x0080de2c     0x1300 /OPT/altera/12.1/nios2eds/bin/gnu/H-i686-pc-linux-gnu/bin/../lib/gcc/nios2-elf/4.1.2/../../../../nios2-elf/lib/libm.a(lib_a-e_pow.o)
                0x0080de2c                __ieee754_pow
 .text          0x0080f12c      0x2c8 /OPT/altera/12.1/nios2eds/bin/gnu/H-i686-pc-linux-gnu/bin/../lib/gcc/nios2-elf/4.1.2/../../../../nios2-elf/lib/libm.a(lib_a-e_sqrt.o)
                0x0080f12c                __ieee754_sqrt
 .text          0x0080f3f4       0x18 /OPT/altera/12.1/nios2eds/bin/gnu/H-i686-pc-linux-gnu/bin/../lib/gcc/nios2-elf/4.1.2/../../../../nios2-elf/lib/libm.a(lib_a-s_fabs.o)
                0x0080f3f4                fabs
 .text          0x0080f40c       0x1c /OPT/altera/12.1/nios2eds/bin/gnu/H-i686-pc-linux-gnu/bin/../lib/gcc/nios2-elf/4.1.2/../../../../nios2-elf/lib/libm.a(lib_a-s_finite.o)
                0x0080f40c                finite
 .text          0x0080f428       0x30 /OPT/altera/12.1/nios2eds/bin/gnu/H-i686-pc-linux-gnu/bin/../lib/gcc/nios2-elf/4.1.2/../../../../nios2-elf/lib/libm.a(lib_a-s_isnand.o)
                0x0080f428                __isnand
 .text          0x0080f458        0x0 /OPT/altera/12.1/nios2eds/bin/gnu/H-i686-pc-linux-gnu/bin/../lib/gcc/nios2-elf/4.1.2/../../../../nios2-elf/lib/libm.a(lib_a-s_lib_ver.o)
 .text          0x0080f458        0x8 /OPT/altera/12.1/nios2eds/bin/gnu/H-i686-pc-linux-gnu/bin/../lib/gcc/nios2-elf/4.1.2/../../../../nios2-elf/lib/libm.a(lib_a-s_matherr.o)
                0x0080f458                matherr
 .text          0x0080f460       0x10 /OPT/altera/12.1/nios2eds/bin/gnu/H-i686-pc-linux-gnu/bin/../lib/gcc/nios2-elf/4.1.2/../../../../nios2-elf/lib/libm.a(lib_a-s_nan.o)
                0x0080f460                nan
 .text          0x0080f470      0x210 /OPT/altera/12.1/nios2eds/bin/gnu/H-i686-pc-linux-gnu/bin/../lib/gcc/nios2-elf/4.1.2/../../../../nios2-elf/lib/libm.a(lib_a-s_rint.o)
                0x0080f470                rint
 .text          0x0080f680      0x1e0 /OPT/altera/12.1/nios2eds/bin/gnu/H-i686-pc-linux-gnu/bin/../lib/gcc/nios2-elf/4.1.2/../../../../nios2-elf/lib/libm.a(lib_a-s_scalbn.o)
                0x0080f680                scalbn
 .text          0x0080f860       0x24 /OPT/altera/12.1/nios2eds/bin/gnu/H-i686-pc-linux-gnu/bin/../lib/gcc/nios2-elf/4.1.2/../../../../nios2-elf/lib/libm.a(lib_a-s_copysign.o)
                0x0080f860                copysign
 .text          0x0080f884      0x2b8 /OPT/altera/12.1/nios2eds/bin/gnu/H-i686-pc-linux-gnu/bin/../lib/gcc/nios2-elf/4.1.2/libgcc.a(_addsub_sf.o)
                0x0080fa68                __subsf3
                0x0080fad8                __addsf3
 .text          0x0080fb3c      0x1e0 /OPT/altera/12.1/nios2eds/bin/gnu/H-i686-pc-linux-gnu/bin/../lib/gcc/nios2-elf/4.1.2/libgcc.a(_mul_sf.o)
                0x0080fb3c                __mulsf3
 .text          0x0080fd1c      0x174 /OPT/altera/12.1/nios2eds/bin/gnu/H-i686-pc-linux-gnu/bin/../lib/gcc/nios2-elf/4.1.2/libgcc.a(_div_sf.o)
                0x0080fd1c                __divsf3
 .text          0x0080fe90       0x78 /OPT/altera/12.1/nios2eds/bin/gnu/H-i686-pc-linux-gnu/bin/../lib/gcc/nios2-elf/4.1.2/libgcc.a(_gt_sf.o)
                0x0080fe90                __gtsf2
 .text          0x0080ff08       0x78 /OPT/altera/12.1/nios2eds/bin/gnu/H-i686-pc-linux-gnu/bin/../lib/gcc/nios2-elf/4.1.2/libgcc.a(_lt_sf.o)
                0x0080ff08                __ltsf2
 .text          0x0080ff80       0x98 /OPT/altera/12.1/nios2eds/bin/gnu/H-i686-pc-linux-gnu/bin/../lib/gcc/nios2-elf/4.1.2/libgcc.a(_si_to_sf.o)
                0x0080ff80                __floatsisf
 .text          0x00810018       0x54 /OPT/altera/12.1/nios2eds/bin/gnu/H-i686-pc-linux-gnu/bin/../lib/gcc/nios2-elf/4.1.2/libgcc.a(_sf_to_df.o)
                0x00810018                __extendsfdf2
 .text          0x0081006c        0x0 /OPT/altera/12.1/nios2eds/bin/gnu/H-i686-pc-linux-gnu/bin/../lib/gcc/nios2-elf/4.1.2/libgcc.a(_thenan_sf.o)
 .text          0x0081006c       0xc0 /OPT/altera/12.1/nios2eds/bin/gnu/H-i686-pc-linux-gnu/bin/../lib/gcc/nios2-elf/4.1.2/libgcc.a(_usi_to_sf.o)
                0x0081006c                __floatunsisf
 .text          0x0081012c      0x504 /OPT/altera/12.1/nios2eds/bin/gnu/H-i686-pc-linux-gnu/bin/../lib/gcc/nios2-elf/4.1.2/libgcc.a(_addsub_df.o)
                0x0081053c                __subdf3
                0x008105bc                __adddf3
 .text          0x00810630      0x3c4 /OPT/altera/12.1/nios2eds/bin/gnu/H-i686-pc-linux-gnu/bin/../lib/gcc/nios2-elf/4.1.2/libgcc.a(_mul_df.o)
                0x00810630                __muldf3
 .text          0x008109f4      0x258 /OPT/altera/12.1/nios2eds/bin/gnu/H-i686-pc-linux-gnu/bin/../lib/gcc/nios2-elf/4.1.2/libgcc.a(_div_df.o)
                0x008109f4                __divdf3
 .text          0x00810c4c       0x88 /OPT/altera/12.1/nios2eds/bin/gnu/H-i686-pc-linux-gnu/bin/../lib/gcc/nios2-elf/4.1.2/libgcc.a(_eq_df.o)
                0x00810c4c                __eqdf2
 .text          0x00810cd4       0x88 /OPT/altera/12.1/nios2eds/bin/gnu/H-i686-pc-linux-gnu/bin/../lib/gcc/nios2-elf/4.1.2/libgcc.a(_ne_df.o)
                0x00810cd4                __nedf2
 .text          0x00810d5c       0x88 /OPT/altera/12.1/nios2eds/bin/gnu/H-i686-pc-linux-gnu/bin/../lib/gcc/nios2-elf/4.1.2/libgcc.a(_gt_df.o)
                0x00810d5c                __gtdf2
 .text          0x00810de4       0x88 /OPT/altera/12.1/nios2eds/bin/gnu/H-i686-pc-linux-gnu/bin/../lib/gcc/nios2-elf/4.1.2/libgcc.a(_lt_df.o)
                0x00810de4                __ltdf2
 .text          0x00810e6c       0x88 /OPT/altera/12.1/nios2eds/bin/gnu/H-i686-pc-linux-gnu/bin/../lib/gcc/nios2-elf/4.1.2/libgcc.a(_le_df.o)
                0x00810e6c                __ledf2
 .text          0x00810ef4       0xf8 /OPT/altera/12.1/nios2eds/bin/gnu/H-i686-pc-linux-gnu/bin/../lib/gcc/nios2-elf/4.1.2/libgcc.a(_si_to_df.o)
                0x00810ef4                __floatsidf
 .text          0x00810fec       0x38 /OPT/altera/12.1/nios2eds/bin/gnu/H-i686-pc-linux-gnu/bin/../lib/gcc/nios2-elf/4.1.2/libgcc.a(_make_df.o)
                0x00810fec                __make_dp
 .text          0x00811024       0x74 /OPT/altera/12.1/nios2eds/bin/gnu/H-i686-pc-linux-gnu/bin/../lib/gcc/nios2-elf/4.1.2/libgcc.a(_df_to_sf.o)
                0x00811024                __truncdfsf2
 .text          0x00811098        0x0 /OPT/altera/12.1/nios2eds/bin/gnu/H-i686-pc-linux-gnu/bin/../lib/gcc/nios2-elf/4.1.2/libgcc.a(_thenan_df.o)
 .text          0x00811098      0x14c /OPT/altera/12.1/nios2eds/bin/gnu/H-i686-pc-linux-gnu/bin/../lib/gcc/nios2-elf/4.1.2/libgcc.a(lib2-divmod.o)
                0x00811114                __divsi3
                0x00811174                __modsi3
                0x008111d4                __udivsi3
                0x008111dc                __umodsi3
 .text          0x008111e4       0x98 /OPT/altera/12.1/nios2eds/bin/gnu/H-i686-pc-linux-gnu/bin/../lib/gcc/nios2-elf/4.1.2/libgcc.a(_muldi3.o)
                0x008111e4                __muldi3
 .text          0x0081127c       0x80 /OPT/altera/12.1/nios2eds/bin/gnu/H-i686-pc-linux-gnu/bin/../lib/gcc/nios2-elf/4.1.2/libgcc.a(_clzsi2.o)
                0x0081127c                __clzsi2
 .text          0x008112fc      0x160 /OPT/altera/12.1/nios2eds/bin/gnu/H-i686-pc-linux-gnu/bin/../lib/gcc/nios2-elf/4.1.2/libgcc.a(_pack_sf.o)
                0x008112fc                __pack_f
 .text          0x0081145c       0xc8 /OPT/altera/12.1/nios2eds/bin/gnu/H-i686-pc-linux-gnu/bin/../lib/gcc/nios2-elf/4.1.2/libgcc.a(_unpack_sf.o)
                0x0081145c                __unpack_f
 .text          0x00811524       0xa8 /OPT/altera/12.1/nios2eds/bin/gnu/H-i686-pc-linux-gnu/bin/../lib/gcc/nios2-elf/4.1.2/libgcc.a(_fpcmp_parts_sf.o)
                0x00811524                __fpcmp_parts_f
 .text          0x008115cc       0x2c /OPT/altera/12.1/nios2eds/bin/gnu/H-i686-pc-linux-gnu/bin/../lib/gcc/nios2-elf/4.1.2/libgcc.a(_make_sf.o)
                0x008115cc                __make_fp
 .text          0x008115f8      0x314 /OPT/altera/12.1/nios2eds/bin/gnu/H-i686-pc-linux-gnu/bin/../lib/gcc/nios2-elf/4.1.2/libgcc.a(_pack_df.o)
                0x008115f8                __pack_d
 .text          0x0081190c      0x138 /OPT/altera/12.1/nios2eds/bin/gnu/H-i686-pc-linux-gnu/bin/../lib/gcc/nios2-elf/4.1.2/libgcc.a(_unpack_df.o)
                0x0081190c                __unpack_d
 .text          0x00811a44       0xc8 /OPT/altera/12.1/nios2eds/bin/gnu/H-i686-pc-linux-gnu/bin/../lib/gcc/nios2-elf/4.1.2/libgcc.a(_fpcmp_parts_df.o)
                0x00811a44                __fpcmp_parts_d
 .text          0x00811b0c        0x0 /OPT/altera/12.1/nios2eds/bin/gnu/H-i686-pc-linux-gnu/bin/../lib/gcc/nios2-elf/4.1.2/libgcc.a(_clz.o)
 .text          0x00811b0c       0x10 /OPT/altera/12.1/nios2eds/bin/gnu/H-i686-pc-linux-gnu/bin/../lib/gcc/nios2-elf/4.1.2/../../../../nios2-elf/lib/libc.a(lib_a-errno.o)
                0x00811b0c                __errno
 .text          0x00811b1c        0x0 /OPT/altera/12.1/nios2eds/bin/gnu/H-i686-pc-linux-gnu/bin/../lib/gcc/nios2-elf/4.1.2/../../../../nios2-elf/lib/libc.a(lib_a-impure.o)
 .text          0x00811b1c       0x28 /OPT/altera/12.1/nios2eds/bin/gnu/H-i686-pc-linux-gnu/bin/../lib/gcc/nios2-elf/4.1.2/../../../../nios2-elf/lib/libc.a(lib_a-malloc.o)
                0x00811b1c                free
                0x00811b30                malloc
 .text          0x00811b44      0x740 /OPT/altera/12.1/nios2eds/bin/gnu/H-i686-pc-linux-gnu/bin/../lib/gcc/nios2-elf/4.1.2/../../../../nios2-elf/lib/libc.a(lib_a-mallocr.o)
                0x00811b44                _malloc_r
 .text          0x00812284       0xa0 /OPT/altera/12.1/nios2eds/bin/gnu/H-i686-pc-linux-gnu/bin/../lib/gcc/nios2-elf/4.1.2/../../../../nios2-elf/lib/libc.a(lib_a-memcpy.o)
                0x00812284                memcpy
 .text          0x00812324       0x80 /OPT/altera/12.1/nios2eds/bin/gnu/H-i686-pc-linux-gnu/bin/../lib/gcc/nios2-elf/4.1.2/../../../../nios2-elf/lib/libc.a(lib_a-perror.o)
                0x00812324                _perror_r
                0x00812390                perror
 .text          0x008123a4       0x78 /OPT/altera/12.1/nios2eds/bin/gnu/H-i686-pc-linux-gnu/bin/../lib/gcc/nios2-elf/4.1.2/../../../../nios2-elf/lib/libc.a(lib_a-printf.o)
                0x008123a4                printf
                0x008123e8                _printf_r
 .text          0x0081241c       0x24 /OPT/altera/12.1/nios2eds/bin/gnu/H-i686-pc-linux-gnu/bin/../lib/gcc/nios2-elf/4.1.2/../../../../nios2-elf/lib/libc.a(lib_a-putchar.o)
                0x0081241c                putchar
                0x00812438                _putchar_r
 .text          0x00812440       0xb4 /OPT/altera/12.1/nios2eds/bin/gnu/H-i686-pc-linux-gnu/bin/../lib/gcc/nios2-elf/4.1.2/../../../../nios2-elf/lib/libc.a(lib_a-puts.o)
                0x00812440                _puts_r
                0x008124e0                puts
 .text          0x008124f4       0x70 /OPT/altera/12.1/nios2eds/bin/gnu/H-i686-pc-linux-gnu/bin/../lib/gcc/nios2-elf/4.1.2/../../../../nios2-elf/lib/libc.a(lib_a-sbrkr.o)
                0x008124f4                _sbrk_r
 .text          0x00812564      0x674 /OPT/altera/12.1/nios2eds/bin/gnu/H-i686-pc-linux-gnu/bin/../lib/gcc/nios2-elf/4.1.2/../../../../nios2-elf/lib/libc.a(lib_a-strerror.o)
                0x00812564                strerror
 .text          0x00812bd8       0x74 /OPT/altera/12.1/nios2eds/bin/gnu/H-i686-pc-linux-gnu/bin/../lib/gcc/nios2-elf/4.1.2/../../../../nios2-elf/lib/libc.a(lib_a-strlen.o)
                0x00812bd8                strlen
 .text          0x00812c4c        0x8 /OPT/altera/12.1/nios2eds/bin/gnu/H-i686-pc-linux-gnu/bin/../lib/gcc/nios2-elf/4.1.2/../../../../nios2-elf/lib/libc.a(lib_a-u_strerr.o)
                0x00812c4c                _user_strerror
 .text          0x00812c54     0x1f28 /OPT/altera/12.1/nios2eds/bin/gnu/H-i686-pc-linux-gnu/bin/../lib/gcc/nios2-elf/4.1.2/../../../../nios2-elf/lib/libc.a(lib_a-vfprintf.o)
                0x00812cac                ___vfprintf_internal_r
                0x00814b58                __vfprintf_internal
 .text          0x00814b7c      0x13c /OPT/altera/12.1/nios2eds/bin/gnu/H-i686-pc-linux-gnu/bin/../lib/gcc/nios2-elf/4.1.2/../../../../nios2-elf/lib/libc.a(lib_a-wsetup.o)
                0x00814b7c                __swsetup_r
 .text          0x00814cb8     0x17cc /OPT/altera/12.1/nios2eds/bin/gnu/H-i686-pc-linux-gnu/bin/../lib/gcc/nios2-elf/4.1.2/../../../../nios2-elf/lib/libc.a(lib_a-dtoa.o)
                0x00814ed0                _dtoa_r
 .text          0x00816484      0x230 /OPT/altera/12.1/nios2eds/bin/gnu/H-i686-pc-linux-gnu/bin/../lib/gcc/nios2-elf/4.1.2/../../../../nios2-elf/lib/libc.a(lib_a-fflush.o)
                0x00816484                _fflush_r
                0x00816680                fflush
 .text          0x008166b4      0x2c0 /OPT/altera/12.1/nios2eds/bin/gnu/H-i686-pc-linux-gnu/bin/../lib/gcc/nios2-elf/4.1.2/../../../../nios2-elf/lib/libc.a(lib_a-findfp.o)
                0x0081670c                __sfp_lock_acquire
                0x00816710                __sfp_lock_release
                0x00816714                __sinit_lock_acquire
                0x00816718                __sinit_lock_release
                0x0081671c                __sinit
                0x008167d0                __fp_unlock_all
                0x008167e8                __fp_lock_all
                0x00816800                _cleanup_r
                0x0081680c                _cleanup
                0x0081681c                __sfmoreglue
                0x00816884                __sfp
 .text          0x00816974       0xbc /OPT/altera/12.1/nios2eds/bin/gnu/H-i686-pc-linux-gnu/bin/../lib/gcc/nios2-elf/4.1.2/../../../../nios2-elf/lib/libc.a(lib_a-fputc.o)
                0x00816974                fputc
                0x008169d8                _fputc_r
 .text          0x00816a30       0x90 /OPT/altera/12.1/nios2eds/bin/gnu/H-i686-pc-linux-gnu/bin/../lib/gcc/nios2-elf/4.1.2/../../../../nios2-elf/lib/libc.a(lib_a-fputs.o)
                0x00816a30                _fputs_r
                0x00816aa4                fputs
 .text          0x00816ac0      0x440 /OPT/altera/12.1/nios2eds/bin/gnu/H-i686-pc-linux-gnu/bin/../lib/gcc/nios2-elf/4.1.2/../../../../nios2-elf/lib/libc.a(lib_a-freer.o)
                0x00816ac0                _malloc_trim_r
                0x00816bec                _free_r
 .text          0x00816f00      0x49c /OPT/altera/12.1/nios2eds/bin/gnu/H-i686-pc-linux-gnu/bin/../lib/gcc/nios2-elf/4.1.2/../../../../nios2-elf/lib/libc.a(lib_a-fvwrite.o)
                0x00816f00                __sfvwrite_r
 .text          0x0081739c      0x180 /OPT/altera/12.1/nios2eds/bin/gnu/H-i686-pc-linux-gnu/bin/../lib/gcc/nios2-elf/4.1.2/../../../../nios2-elf/lib/libc.a(lib_a-fwalk.o)
                0x0081739c                _fwalk_reent
                0x00817464                _fwalk
 .text          0x0081751c        0x0 /OPT/altera/12.1/nios2eds/bin/gnu/H-i686-pc-linux-gnu/bin/../lib/gcc/nios2-elf/4.1.2/../../../../nios2-elf/lib/libc.a(lib_a-int_errno.o)
 .text          0x0081751c       0xc4 /OPT/altera/12.1/nios2eds/bin/gnu/H-i686-pc-linux-gnu/bin/../lib/gcc/nios2-elf/4.1.2/../../../../nios2-elf/lib/libc.a(lib_a-locale.o)
                0x0081751c                __locale_charset
                0x00817524                _localeconv_r
                0x00817530                localeconv
                0x00817540                _setlocale_r
                0x008175c4                setlocale
 .text          0x008175e0      0x194 /OPT/altera/12.1/nios2eds/bin/gnu/H-i686-pc-linux-gnu/bin/../lib/gcc/nios2-elf/4.1.2/../../../../nios2-elf/lib/libc.a(lib_a-makebuf.o)
                0x008175e0                __smakebuf_r
 .text          0x00817774       0xe4 /OPT/altera/12.1/nios2eds/bin/gnu/H-i686-pc-linux-gnu/bin/../lib/gcc/nios2-elf/4.1.2/../../../../nios2-elf/lib/libc.a(lib_a-memchr.o)
                0x00817774                memchr
 .text          0x00817858       0xe0 /OPT/altera/12.1/nios2eds/bin/gnu/H-i686-pc-linux-gnu/bin/../lib/gcc/nios2-elf/4.1.2/../../../../nios2-elf/lib/libc.a(lib_a-memmove.o)
                0x00817858                memmove
 .text          0x00817938       0x98 /OPT/altera/12.1/nios2eds/bin/gnu/H-i686-pc-linux-gnu/bin/../lib/gcc/nios2-elf/4.1.2/../../../../nios2-elf/lib/libc.a(lib_a-memset.o)
                0x00817938                memset
 .text          0x008179d0      0xff4 /OPT/altera/12.1/nios2eds/bin/gnu/H-i686-pc-linux-gnu/bin/../lib/gcc/nios2-elf/4.1.2/../../../../nios2-elf/lib/libc.a(lib_a-mprec.o)
                0x008179d0                _Bfree
                0x008179f8                __hi0bits
                0x00817a68                __lo0bits
                0x00817b2c                __mcmp
                0x00817b8c                __ulp
                0x00817c0c                __b2d
                0x00817d2c                __ratio
                0x00817ddc                _mprec_log10
                0x00817e70                __copybits
                0x00817ec8                __any_on
                0x00817f50                _Balloc
                0x0081800c                __d2b
                0x00818188                __mdiff
                0x00818314                __lshift
                0x00818460                __multiply
                0x00818648                __i2b
                0x00818684                __multadd
                0x00818784                __pow5mult
                0x008188a4                __s2b
 .text          0x008189c4      0x1ec /OPT/altera/12.1/nios2eds/bin/gnu/H-i686-pc-linux-gnu/bin/../lib/gcc/nios2-elf/4.1.2/../../../../nios2-elf/lib/libc.a(lib_a-putc.o)
                0x008189c4                putc
                0x00818ac8                _putc_r
 .text          0x00818bb0      0x5f4 /OPT/altera/12.1/nios2eds/bin/gnu/H-i686-pc-linux-gnu/bin/../lib/gcc/nios2-elf/4.1.2/../../../../nios2-elf/lib/libc.a(lib_a-reallocr.o)
                0x00818bb0                _realloc_r
 .text          0x008191a4       0x40 /OPT/altera/12.1/nios2eds/bin/gnu/H-i686-pc-linux-gnu/bin/../lib/gcc/nios2-elf/4.1.2/../../../../nios2-elf/lib/libc.a(lib_a-s_isinfd.o)
                0x008191a4                __isinfd
 .text          0x008191e4      0x14c /OPT/altera/12.1/nios2eds/bin/gnu/H-i686-pc-linux-gnu/bin/../lib/gcc/nios2-elf/4.1.2/../../../../nios2-elf/lib/libc.a(lib_a-stdio.o)
                0x008191e4                __sclose
                0x008191ec                __sseek
                0x00819254                __swrite
                0x008192d0                __sread
 .text          0x00819330       0xbc /OPT/altera/12.1/nios2eds/bin/gnu/H-i686-pc-linux-gnu/bin/../lib/gcc/nios2-elf/4.1.2/../../../../nios2-elf/lib/libc.a(lib_a-strcmp.o)
                0x00819330                strcmp
 .text          0x008193ec      0x14c /OPT/altera/12.1/nios2eds/bin/gnu/H-i686-pc-linux-gnu/bin/../lib/gcc/nios2-elf/4.1.2/../../../../nios2-elf/lib/libc.a(lib_a-wbuf.o)
                0x008193ec                __swbuf_r
                0x0081951c                __swbuf
 .text          0x00819538       0x78 /OPT/altera/12.1/nios2eds/bin/gnu/H-i686-pc-linux-gnu/bin/../lib/gcc/nios2-elf/4.1.2/../../../../nios2-elf/lib/libc.a(lib_a-writer.o)
                0x00819538                _write_r
 .text          0x008195b0       0xb4 /OPT/altera/12.1/nios2eds/bin/gnu/H-i686-pc-linux-gnu/bin/../lib/gcc/nios2-elf/4.1.2/../../../../nios2-elf/lib/libc.a(lib_a-callocr.o)
                0x008195b0                _calloc_r
 .text          0x00819664       0x70 /OPT/altera/12.1/nios2eds/bin/gnu/H-i686-pc-linux-gnu/bin/../lib/gcc/nios2-elf/4.1.2/../../../../nios2-elf/lib/libc.a(lib_a-closer.o)
                0x00819664                _close_r
 .text          0x008196d4      0x124 /OPT/altera/12.1/nios2eds/bin/gnu/H-i686-pc-linux-gnu/bin/../lib/gcc/nios2-elf/4.1.2/../../../../nios2-elf/lib/libc.a(lib_a-fclose.o)
                0x008196d4                _fclose_r
                0x008197e4                fclose
 .text          0x008197f8       0x74 /OPT/altera/12.1/nios2eds/bin/gnu/H-i686-pc-linux-gnu/bin/../lib/gcc/nios2-elf/4.1.2/../../../../nios2-elf/lib/libc.a(lib_a-fstatr.o)
                0x008197f8                _fstat_r
 .text          0x0081986c       0x70 /OPT/altera/12.1/nios2eds/bin/gnu/H-i686-pc-linux-gnu/bin/../lib/gcc/nios2-elf/4.1.2/../../../../nios2-elf/lib/libc.a(lib_a-isattyr.o)
                0x0081986c                _isatty_r
 .text          0x008198dc       0x78 /OPT/altera/12.1/nios2eds/bin/gnu/H-i686-pc-linux-gnu/bin/../lib/gcc/nios2-elf/4.1.2/../../../../nios2-elf/lib/libc.a(lib_a-lseekr.o)
                0x008198dc                _lseek_r
 .text          0x00819954       0x78 /OPT/altera/12.1/nios2eds/bin/gnu/H-i686-pc-linux-gnu/bin/../lib/gcc/nios2-elf/4.1.2/../../../../nios2-elf/lib/libc.a(lib_a-readr.o)
                0x00819954                _read_r
 .text          0x008199cc      0x5dc /OPT/altera/12.1/nios2eds/bin/gnu/H-i686-pc-linux-gnu/bin/../lib/gcc/nios2-elf/4.1.2/libgcc.a(_udivdi3.o)
                0x008199cc                __udivdi3
 .text          0x00819fa8      0x5b0 /OPT/altera/12.1/nios2eds/bin/gnu/H-i686-pc-linux-gnu/bin/../lib/gcc/nios2-elf/4.1.2/libgcc.a(_umoddi3.o)
                0x00819fa8                __umoddi3
 .text          0x0081a558       0x88 /OPT/altera/12.1/nios2eds/bin/gnu/H-i686-pc-linux-gnu/bin/../lib/gcc/nios2-elf/4.1.2/libgcc.a(_ge_df.o)
                0x0081a558                __gedf2
 .text          0x0081a5e0       0xd8 /OPT/altera/12.1/nios2eds/bin/gnu/H-i686-pc-linux-gnu/bin/../lib/gcc/nios2-elf/4.1.2/libgcc.a(_df_to_si.o)
                0x0081a5e0                __fixdfsi
 .text          0x0081a6b8      0x194 /OPT/altera/12.1/nios2eds/bin/gnu/H-i686-pc-linux-gnu/bin/../lib/gcc/nios2-elf/4.1.2/libgcc.a(_usi_to_df.o)
                0x0081a6b8                __floatunsidf
 .text          0x0081a84c      0x15c ../capstone_Volatile_bsp//libucosii_bsp.a(alt_close.o)
                0x0081a84c                close
 .text          0x0081a9a8       0x2c ../capstone_Volatile_bsp//libucosii_bsp.a(alt_dev.o)
 .text          0x0081a9d4        0x0 ../capstone_Volatile_bsp//libucosii_bsp.a(alt_errno.o)
 .text          0x0081a9d4      0x134 ../capstone_Volatile_bsp//libucosii_bsp.a(alt_fstat.o)
                0x0081a9d4                fstat
 .text          0x0081ab08      0x1c0 ../capstone_Volatile_bsp//libucosii_bsp.a(alt_irq_register.o)
                0x0081ab08                alt_irq_register
 .text          0x0081acc8        0x0 ../capstone_Volatile_bsp//libucosii_bsp.a(alt_irq_vars.o)
 .text          0x0081acc8      0x120 ../capstone_Volatile_bsp//libucosii_bsp.a(alt_isatty.o)
                0x0081acc8                isatty
 .text          0x0081ade8      0x150 ../capstone_Volatile_bsp//libucosii_bsp.a(alt_lseek.o)
                0x0081ade8                lseek
 .text          0x0081af38       0xc8 ../capstone_Volatile_bsp//libucosii_bsp.a(alt_main.o)
                0x0081af38                alt_main
 .text          0x0081b000      0x180 ../capstone_Volatile_bsp//libucosii_bsp.a(alt_read.o)
                0x0081b000                read
 .text          0x0081b180       0x60 ../capstone_Volatile_bsp//libucosii_bsp.a(alt_release_fd.o)
                0x0081b180                alt_release_fd
 .text          0x0081b1e0       0xbc ../capstone_Volatile_bsp//libucosii_bsp.a(alt_sbrk.o)
                0x0081b1e0                sbrk
 .text          0x0081b29c      0x118 ../capstone_Volatile_bsp//libucosii_bsp.a(alt_usleep.o)
                0x0081b29c                usleep
 .text          0x0081b3b4      0x180 ../capstone_Volatile_bsp//libucosii_bsp.a(alt_write.o)
                0x0081b3b4                write
 .text          0x0081b534      0x108 ../capstone_Volatile_bsp//libucosii_bsp.a(alt_env_lock.o)
                0x0081b534                __env_lock
                0x0081b5e0                __env_unlock
 .text          0x0081b63c      0x1d8 ../capstone_Volatile_bsp//libucosii_bsp.a(alt_malloc_lock.o)
                0x0081b63c                __malloc_lock
                0x0081b744                __malloc_unlock
 .text          0x0081b814     0x2128 ../capstone_Volatile_bsp//libucosii_bsp.a(os_core.o)
                0x0081b814                OSEventNameGet
                0x0081b944                OSEventNameSet
                0x0081ba88                OSEventPendMulti
                0x0081c13c                OSInit
                0x0081c190                OSIntEnter
                0x0081c20c                OSIntExit
                0x0081c30c                OSSchedLock
                0x0081c398                OSSchedUnlock
                0x0081c47c                OSStart
                0x0081c4ec                OSStatInit
                0x0081c598                OSTimeTick
                0x0081c7d8                OSVersion
                0x0081c7f8                OS_Dummy
                0x0081c814                OS_EventTaskRdy
                0x0081c9a8                OS_EventTaskWait
                0x0081cab8                OS_EventTaskWaitMulti
                0x0081cc0c                OS_EventTaskRemove
                0x0081ccc4                OS_EventTaskRemoveMulti
                0x0081cdc8                OS_EventWaitListInit
                0x0081d194                OS_MemClr
                0x0081d1e8                OS_MemCopy
                0x0081d254                OS_Sched
                0x0081d398                OS_StrCopy
                0x0081d418                OS_StrLen
                0x0081d470                OS_TaskIdle
                0x0081d4cc                OS_TaskStat
                0x0081d594                OS_TaskStatStkChk
                0x0081d65c                OS_TCBInit
 .text          0x0081d93c      0x18c ../capstone_Volatile_bsp//libucosii_bsp.a(os_dbg.o)
                0x0081d93c                OSDebugInit
 .text          0x0081dac8     0x193c ../capstone_Volatile_bsp//libucosii_bsp.a(os_flag.o)
                0x0081dac8                OSFlagAccept
                0x0081ddfc                OSFlagCreate
                0x0081df38                OSFlagDel
                0x0081e1e0                OSFlagNameGet
                0x0081e324                OSFlagNameSet
                0x0081e478                OSFlagPend
                0x0081eabc                OSFlagPendGetFlagsRdy
                0x0081eb24                OSFlagPost
                0x0081eecc                OSFlagQuery
                0x0081f164                OS_FlagInit
                0x0081f358                OS_FlagUnlink
 .text          0x0081f404      0x808 ../capstone_Volatile_bsp//libucosii_bsp.a(os_mem.o)
                0x0081f404                OSMemCreate
                0x0081f620                OSMemGet
                0x0081f724                OSMemNameGet
                0x0081f830                OSMemNameSet
                0x0081f950                OSMemPut
                0x0081fa40                OSMemQuery
                0x0081fb3c                OS_MemInit
 .text          0x0081fc0c     0x1334 ../capstone_Volatile_bsp//libucosii_bsp.a(os_q.o)
                0x0081fc0c                OSQAccept
                0x0081fd60                OSQCreate
                0x0081ff74                OSQDel
                0x00820274                OSQFlush
                0x0082033c                OSQPend
                0x0082065c                OSQPendAbort
                0x008207d8                OSQPost
                0x00820958                OSQPostFront
                0x00820ae0                OSQPostOpt
                0x00820d14                OSQQuery
                0x00820e94                OS_QInit
 .text          0x00820f40      0xbc8 ../capstone_Volatile_bsp//libucosii_bsp.a(os_sem.o)
                0x00820f40                OSSemAccept
                0x00821000                OSSemCreate
                0x00821114                OSSemDel
                0x008213b4                OSSemPend
                0x00821630                OSSemPendAbort
                0x008217ac                OSSemPost
                0x008218d4                OSSemQuery
                0x00821a04                OSSemSet
 .text          0x00821b08     0x1a40 ../capstone_Volatile_bsp//libucosii_bsp.a(os_task.o)
                0x00821b08                OSTaskChangePrio
                0x0082207c                OSTaskCreate
                0x00822250                OSTaskCreateExt
                0x00822450                OSTaskDel
                0x0082285c                OSTaskDelReq
                0x008229cc                OSTaskNameGet
                0x00822b84                OSTaskNameSet
                0x00822d48                OSTaskResume
                0x00822f60                OSTaskStkChk
                0x0082315c                OSTaskSuspend
                0x00823388                OSTaskQuery
                0x008234cc                OS_TaskStkClr
 .text          0x00823548      0x598 ../capstone_Volatile_bsp//libucosii_bsp.a(os_time.o)
                0x00823548                OSTimeDly
                0x00823694                OSTimeDlyHMSM
                0x00823808                OSTimeDlyResume
                0x00823a18                OSTimeGet
                0x00823a7c                OSTimeSet
 .text          0x00823ae0       0xf8 ../capstone_Volatile_bsp//libucosii_bsp.a(alt_sys_init.o)
                0x00823ae0                alt_irq_init
                0x00823b14                alt_sys_init
 .text          0x00823bd8      0x148 ../capstone_Volatile_bsp//libucosii_bsp.a(altera_avalon_jtag_uart_fd.o)
                0x00823bd8                altera_avalon_jtag_uart_read_fd
                0x00823c30                altera_avalon_jtag_uart_write_fd
                0x00823c88                altera_avalon_jtag_uart_close_fd
                0x00823cd0                altera_avalon_jtag_uart_ioctl_fd
 .text          0x00823d20      0x580 ../capstone_Volatile_bsp//libucosii_bsp.a(altera_avalon_jtag_uart_init.o)
                0x00823d20                altera_avalon_jtag_uart_init
                0x0082422c                altera_avalon_jtag_uart_close
 .text          0x008242a0       0xf4 ../capstone_Volatile_bsp//libucosii_bsp.a(altera_avalon_jtag_uart_ioctl.o)
                0x008242a0                altera_avalon_jtag_uart_ioctl
 .text          0x00824394      0x2c0 ../capstone_Volatile_bsp//libucosii_bsp.a(altera_avalon_jtag_uart_read.o)
                0x00824394                altera_avalon_jtag_uart_read
 .text          0x00824654      0x2dc ../capstone_Volatile_bsp//libucosii_bsp.a(altera_avalon_jtag_uart_write.o)
                0x00824654                altera_avalon_jtag_uart_write
 .text          0x00824930       0xfc ../capstone_Volatile_bsp//libucosii_bsp.a(altera_avalon_timer_sc.o)
                0x008249a4                alt_avalon_timer_sc_init
 .text          0x00824a2c      0x80c ../capstone_Volatile_bsp//libucosii_bsp.a(altera_up_avalon_audio.o)
                0x00824a2c                alt_up_audio_open_dev
                0x00824a6c                alt_up_audio_enable_read_interrupt
                0x00824ab8                alt_up_audio_disable_read_interrupt
                0x00824b08                alt_up_audio_enable_write_interrupt
                0x00824b54                alt_up_audio_disable_write_interrupt
                0x00824ba4                alt_up_audio_read_interrupt_pending
                0x00824be0                alt_up_audio_write_interrupt_pending
                0x00824c1c                alt_up_audio_reset_audio_core
                0x00824ca4                alt_up_audio_read_fifo_avail
                0x00824d14                alt_up_audio_record_r
                0x00824d84                alt_up_audio_record_l
                0x00824df4                alt_up_audio_write_fifo_space
                0x00824e68                alt_up_audio_play_r
                0x00824ed8                alt_up_audio_play_l
                0x00824f48                alt_up_audio_read_fifo
                0x0082504c                alt_up_audio_write_fifo
                0x00825178                alt_up_audio_read_fifo_head
                0x008251d8                alt_up_audio_write_fifo_head
 .text          0x00825238      0x788 ../capstone_Volatile_bsp//libucosii_bsp.a(altera_up_avalon_audio_and_video_config.o)
                0x00825238                alt_up_av_config_open_dev
                0x0082529c                alt_up_av_config_write_data
                0x00825300                alt_up_av_config_read_data
                0x0082538c                alt_up_av_config_reset
                0x008253c4                alt_up_av_config_enable_interrupt
                0x008253fc                alt_up_av_config_disable_interrupt
                0x0082542c                alt_up_av_config_read_acknowledge
                0x00825494                alt_up_av_config_read_ready
                0x008254cc                alt_up_av_config_write_audio_cfg_register
                0x00825578                alt_up_av_config_read_video_cfg_register
                0x00825670                alt_up_av_config_write_video_cfg_register
                0x00825768                alt_up_av_config_read_DC2_cfg_register
                0x008257cc                alt_up_av_config_write_DC2_cfg_register
                0x00825830                alt_up_av_config_read_D5M_cfg_register
                0x00825894                alt_up_av_config_write_D5M_cfg_register
                0x008258f8                alt_up_av_config_read_LTM_cfg_register
                0x0082595c                alt_up_av_config_write_LTM_cfg_register
 .text          0x008259c0      0x530 ../capstone_Volatile_bsp//libucosii_bsp.a(altera_up_avalon_character_lcd.o)
                0x008259c0                get_DDRAM_addr
                0x00825a3c                alt_up_character_lcd_send_cmd
                0x00825a70                alt_up_character_lcd_init
                0x00825aa4                alt_up_character_lcd_open_dev
                0x00825ae4                alt_up_character_lcd_write
                0x00825b5c                alt_up_character_lcd_string
                0x00825bd4                alt_up_character_lcd_write_fd
                0x00825c20                alt_up_character_lcd_set_cursor_pos
                0x00825c98                alt_up_character_lcd_shift_cursor
                0x00825d48                alt_up_character_lcd_shift_display
                0x00825df8                alt_up_character_lcd_erase_pos
                0x00825e88                alt_up_character_lcd_cursor_off
                0x00825ebc                alt_up_character_lcd_cursor_blink_on
 .text          0x00825ef0      0x154 ../capstone_Volatile_bsp//libucosii_bsp.a(alt_alarm_start.o)
                0x00825ef0                alt_alarm_start
 .text          0x00826044      0x14c ../capstone_Volatile_bsp//libucosii_bsp.a(alt_busy_sleep.o)
                0x00826044                alt_busy_sleep
 .text          0x00826190      0x114 ../capstone_Volatile_bsp//libucosii_bsp.a(alt_dev_llist_insert.o)
                0x00826190                alt_dev_llist_insert
 .text          0x008262a4       0x64 ../capstone_Volatile_bsp//libucosii_bsp.a(alt_do_ctors.o)
                0x008262a4                _do_ctors
 .text          0x00826308       0x64 ../capstone_Volatile_bsp//libucosii_bsp.a(alt_do_dtors.o)
                0x00826308                _do_dtors
 .text          0x0082636c       0x94 ../capstone_Volatile_bsp//libucosii_bsp.a(alt_find_dev.o)
                0x0082636c                alt_find_dev
 .text          0x00826400      0x13c ../capstone_Volatile_bsp//libucosii_bsp.a(alt_io_redirect.o)
                0x008264c4                alt_io_redirect
 .text          0x0082653c        0x0 ../capstone_Volatile_bsp//libucosii_bsp.a(alt_irq_entry.o)
 .text          0x0082653c        0x0 ../capstone_Volatile_bsp//libucosii_bsp.a(alt_irq_handler.o)
 .text          0x0082653c      0x2c4 ../capstone_Volatile_bsp//libucosii_bsp.a(alt_open.o)
                0x00826618                open
 .text          0x00826800      0x1a8 ../capstone_Volatile_bsp//libucosii_bsp.a(alt_tick.o)
                0x00826800                alt_alarm_stop
                0x00826898                alt_tick
 .text          0x008269a8       0x20 ../capstone_Volatile_bsp//libucosii_bsp.a(altera_nios2_qsys_irq.o)
                0x008269a8                altera_nios2_qsys_irq_init
 .text          0x008269c8       0xd0 ../capstone_Volatile_bsp//libucosii_bsp.a(os_cpu_a.o)
                0x008269c8                OSCtxSw
                0x008269c8                OSIntCtxSw
                0x00826a54                OSStartHighRdy
                0x00826a74                OSStartTsk
 .text          0x00826a98      0x418 ../capstone_Volatile_bsp//libucosii_bsp.a(os_cpu_c.o)
                0x00826a98                OSTaskStkInit
                0x00826da8                OSTaskCreateHook
                0x00826dc8                OSTaskDelHook
                0x00826de8                OSTaskSwHook
                0x00826e04                OSTaskStatHook
                0x00826e20                OSTimeTickHook
                0x00826e3c                OSInitHookBegin
                0x00826e58                OSInitHookEnd
                0x00826e74                OSTaskIdleHook
                0x00826e90                OSTCBInitHook
 .text          0x00826eb0        0x0 ../capstone_Volatile_bsp//libucosii_bsp.a(alt_exception_entry.o)
 .text          0x00826eb0      0x120 ../capstone_Volatile_bsp//libucosii_bsp.a(alt_find_file.o)
                0x00826eb0                alt_find_file
 .text          0x00826fd0       0xf4 ../capstone_Volatile_bsp//libucosii_bsp.a(alt_get_fd.o)
                0x00826fd0                alt_get_fd
 .text          0x008270c4       0x14 /OPT/altera/12.1/nios2eds/bin/gnu/H-i686-pc-linux-gnu/bin/../lib/gcc/nios2-elf/4.1.2/../../../../nios2-elf/lib/libc.a(lib_a-atexit.o)
                0x008270c4                atexit
 .text          0x008270d8       0x38 /OPT/altera/12.1/nios2eds/bin/gnu/H-i686-pc-linux-gnu/bin/../lib/gcc/nios2-elf/4.1.2/../../../../nios2-elf/lib/libc.a(lib_a-exit.o)
                0x008270d8                exit
 .text          0x00827110       0x74 /OPT/altera/12.1/nios2eds/bin/gnu/H-i686-pc-linux-gnu/bin/../lib/gcc/nios2-elf/4.1.2/../../../../nios2-elf/lib/libc.a(lib_a-memcmp.o)
                0x00827110                memcmp
 .text          0x00827184      0x134 /OPT/altera/12.1/nios2eds/bin/gnu/H-i686-pc-linux-gnu/bin/../lib/gcc/nios2-elf/4.1.2/../../../../nios2-elf/lib/libc.a(lib_a-__atexit.o)
                0x00827184                __register_exitproc
 .text          0x008272b8      0x1b4 /OPT/altera/12.1/nios2eds/bin/gnu/H-i686-pc-linux-gnu/bin/../lib/gcc/nios2-elf/4.1.2/../../../../nios2-elf/lib/libc.a(lib_a-__call_atexit.o)
                0x008272bc                __call_exitprocs
 .text          0x0082746c       0x6c ../capstone_Volatile_bsp//libucosii_bsp.a(alt_exit.o)
                0x008274ac                _exit
 *(.gnu.warning.*)
 *(.fini)
                0x008274d8                PROVIDE (__etext, ABSOLUTE (.))
                0x008274d8                PROVIDE (_etext, ABSOLUTE (.))
                0x008274d8                PROVIDE (etext, ABSOLUTE (.))
 *(.eh_frame_hdr)
                0x008274d8                . = ALIGN (0x4)
                0x008274d8                PROVIDE (__preinit_array_start, ABSOLUTE (.))
 *(.preinit_array)
                0x008274d8                PROVIDE (__preinit_array_end, ABSOLUTE (.))
                0x008274d8                PROVIDE (__init_array_start, ABSOLUTE (.))
 *(.init_array)
                0x008274d8                PROVIDE (__init_array_end, ABSOLUTE (.))
                0x008274d8                PROVIDE (__fini_array_start, ABSOLUTE (.))
 *(.fini_array)
                0x008274d8                PROVIDE (__fini_array_end, ABSOLUTE (.))
 *(.eh_frame)
 *(.gcc_except_table)
 *(.dynamic)
                0x008274d8                PROVIDE (__CTOR_LIST__, ABSOLUTE (.))
 *(.ctors)
 *(SORT(.ctors.*))
 .ctors.65535   0x008274d8        0x4 /OPT/altera/12.1/nios2eds/bin/gnu/H-i686-pc-linux-gnu/bin/../lib/gcc/nios2-elf/4.1.2/../../../../nios2-elf/lib/libc.a(lib_a-__call_atexit.o)
                0x008274dc                PROVIDE (__CTOR_END__, ABSOLUTE (.))
                0x008274dc                PROVIDE (__DTOR_LIST__, ABSOLUTE (.))
 *(.dtors)
 *(SORT(.dtors.*))
                0x008274dc                PROVIDE (__DTOR_END__, ABSOLUTE (.))
 *(.jcr)
                0x008274dc                . = ALIGN (0x4)

.rodata         0x008274dc     0x16c4
                0x008274dc                PROVIDE (__ram_rodata_start, ABSOLUTE (.))
                0x008274dc                . = ALIGN (0x4)
 *(.rodata .rodata.* .gnu.linkonce.r.*)
 .rodata        0x008274dc       0x10 obj/default/MPU9250/mpu9250.o
 .rodata        0x008274ec       0xa4 obj/default/audio.o
 .rodata        0x00827590       0x20 obj/default/buttons.o
 .rodata        0x008275b0       0x40 obj/default/efsl/fat.o
 .rodata        0x008275f0       0xa4 obj/default/efsl/ioman.o
 .rodata        0x00827694       0x5c obj/default/efsl/mkfs.o
 .rodata        0x008276f0       0xbc obj/default/efsl/nios2.o
 .rodata        0x008277ac      0x234 obj/default/efsl/sd.o
 .rodata        0x008279e0       0x54 obj/default/efsl/ui.o
 .rodata        0x00827a34       0xd0 obj/default/i2c/I2C.o
 .rodata        0x00827b04      0x224 obj/default/imu_i2c.o
 .rodata        0x00827d28       0xb4 obj/default/main.o
 .rodata        0x00827ddc      0x118 obj/default/sd.o
 .rodata.str1.4
                0x00827ef4        0x4 /OPT/altera/12.1/nios2eds/bin/gnu/H-i686-pc-linux-gnu/bin/../lib/gcc/nios2-elf/4.1.2/../../../../nios2-elf/lib/libm.a(lib_a-w_pow.o)
 .rodata.str1.4
                0x00000000        0x4 /OPT/altera/12.1/nios2eds/bin/gnu/H-i686-pc-linux-gnu/bin/../lib/gcc/nios2-elf/4.1.2/../../../../nios2-elf/lib/libm.a(lib_a-e_pow.o)
 .rodata        0x00827ef8       0x30 /OPT/altera/12.1/nios2eds/bin/gnu/H-i686-pc-linux-gnu/bin/../lib/gcc/nios2-elf/4.1.2/../../../../nios2-elf/lib/libm.a(lib_a-e_pow.o)
 .rodata        0x00827f28       0x10 /OPT/altera/12.1/nios2eds/bin/gnu/H-i686-pc-linux-gnu/bin/../lib/gcc/nios2-elf/4.1.2/../../../../nios2-elf/lib/libm.a(lib_a-s_rint.o)
 .rodata        0x00827f38       0x10 /OPT/altera/12.1/nios2eds/bin/gnu/H-i686-pc-linux-gnu/bin/../lib/gcc/nios2-elf/4.1.2/libgcc.a(_thenan_sf.o)
                0x00827f38                __thenan_sf
 .rodata        0x00827f48       0x14 /OPT/altera/12.1/nios2eds/bin/gnu/H-i686-pc-linux-gnu/bin/../lib/gcc/nios2-elf/4.1.2/libgcc.a(_thenan_df.o)
                0x00827f48                __thenan_df
 .rodata        0x00827f5c      0x100 /OPT/altera/12.1/nios2eds/bin/gnu/H-i686-pc-linux-gnu/bin/../lib/gcc/nios2-elf/4.1.2/libgcc.a(_clz.o)
                0x00827f5c                __clz_tab
 .rodata.str1.4
                0x0082805c        0x2 /OPT/altera/12.1/nios2eds/bin/gnu/H-i686-pc-linux-gnu/bin/../lib/gcc/nios2-elf/4.1.2/../../../../nios2-elf/lib/libc.a(lib_a-impure.o)
                                  0x4 (size before relaxing)
 *fill*         0x0082805e        0x2 00
 .rodata.str1.4
                0x00828060        0x3 /OPT/altera/12.1/nios2eds/bin/gnu/H-i686-pc-linux-gnu/bin/../lib/gcc/nios2-elf/4.1.2/../../../../nios2-elf/lib/libc.a(lib_a-perror.o)
                                  0x4 (size before relaxing)
 *fill*         0x00828063        0x1 00
 .rodata.str1.4
                0x00828064        0x2 /OPT/altera/12.1/nios2eds/bin/gnu/H-i686-pc-linux-gnu/bin/../lib/gcc/nios2-elf/4.1.2/../../../../nios2-elf/lib/libc.a(lib_a-puts.o)
                                  0x4 (size before relaxing)
 *fill*         0x00828066        0x2 00
 .rodata.str1.4
                0x00828068      0x7a2 /OPT/altera/12.1/nios2eds/bin/gnu/H-i686-pc-linux-gnu/bin/../lib/gcc/nios2-elf/4.1.2/../../../../nios2-elf/lib/libc.a(lib_a-strerror.o)
                                0x7a8 (size before relaxing)
 *fill*         0x0082880a        0x2 00
 .rodata.str1.4
                0x0082880c       0x5e /OPT/altera/12.1/nios2eds/bin/gnu/H-i686-pc-linux-gnu/bin/../lib/gcc/nios2-elf/4.1.2/../../../../nios2-elf/lib/libc.a(lib_a-vfprintf.o)
                                 0x60 (size before relaxing)
 .rodata        0x0082886a       0x20 /OPT/altera/12.1/nios2eds/bin/gnu/H-i686-pc-linux-gnu/bin/../lib/gcc/nios2-elf/4.1.2/../../../../nios2-elf/lib/libc.a(lib_a-vfprintf.o)
 *fill*         0x0082888a        0x2 00
 .rodata.str1.4
                0x0082888c       0x10 /OPT/altera/12.1/nios2eds/bin/gnu/H-i686-pc-linux-gnu/bin/../lib/gcc/nios2-elf/4.1.2/../../../../nios2-elf/lib/libc.a(lib_a-dtoa.o)
                                 0x14 (size before relaxing)
 .rodata.str1.4
                0x0082889c       0x10 /OPT/altera/12.1/nios2eds/bin/gnu/H-i686-pc-linux-gnu/bin/../lib/gcc/nios2-elf/4.1.2/../../../../nios2-elf/lib/libc.a(lib_a-locale.o)
                                 0x18 (size before relaxing)
 .rodata        0x008288ac       0x30 /OPT/altera/12.1/nios2eds/bin/gnu/H-i686-pc-linux-gnu/bin/../lib/gcc/nios2-elf/4.1.2/../../../../nios2-elf/lib/libc.a(lib_a-locale.o)
 .rodata        0x008288dc      0x124 /OPT/altera/12.1/nios2eds/bin/gnu/H-i686-pc-linux-gnu/bin/../lib/gcc/nios2-elf/4.1.2/../../../../nios2-elf/lib/libc.a(lib_a-mprec.o)
                0x008288dc                __mprec_tens
                0x008289a4                __mprec_bigtens
                0x008289cc                __mprec_tinytens
 .rodata        0x00828a00        0xc ../capstone_Volatile_bsp//libucosii_bsp.a(alt_dev.o)
 .rodata        0x00828a0c       0x14 ../capstone_Volatile_bsp//libucosii_bsp.a(alt_main.o)
 .rodata        0x00828a20      0x120 ../capstone_Volatile_bsp//libucosii_bsp.a(os_core.o)
                0x00828a20                OSUnMapTbl
 .rodata        0x00828b40       0x5c ../capstone_Volatile_bsp//libucosii_bsp.a(alt_sys_init.o)
 .rodata        0x00828b9c        0x4 ../capstone_Volatile_bsp//libucosii_bsp.a(os_cpu_c.o)
 *(.rodata1)
                0x00828ba0                . = ALIGN (0x4)
                0x00828ba0                PROVIDE (__ram_rodata_end, ABSOLUTE (.))
                0x008274dc                PROVIDE (__flash_rodata_start, LOADADDR (.rodata))

.rwdata         0x00828ba0     0x1b80
                0x00828ba0                PROVIDE (__ram_rwdata_start, ABSOLUTE (.))
                0x00828ba0                . = ALIGN (0x4)
 *(.got.plt)
 *(.got)
 *(.data1)
 *(.data .data.* .gnu.linkonce.d.*)
 .data          0x00828ba0        0x0 ../capstone_Volatile_bsp//obj/HAL/src/crt0.o
 .data          0x00828ba0        0x0 obj/default/MPU9250/mpu9250.o
 .data          0x00828ba0        0x0 obj/default/audio.o
 .data          0x00828ba0        0x0 obj/default/buttons.o
 .data          0x00828ba0        0x0 obj/default/efsl/debug.o
 .data          0x00828ba0        0x0 obj/default/efsl/dir.o
 .data          0x00828ba0        0x0 obj/default/efsl/disc.o
 .data          0x00828ba0        0x0 obj/default/efsl/efs.o
 .data          0x00828ba0        0x0 obj/default/efsl/extract.o
 .data          0x00828ba0        0x0 obj/default/efsl/fat.o
 .data          0x00828ba0        0x0 obj/default/efsl/file.o
 .data          0x00828ba0        0x0 obj/default/efsl/fs.o
 .data          0x00828ba0        0x0 obj/default/efsl/ioman.o
 .data          0x00828ba0        0x0 obj/default/efsl/ls.o
 .data          0x00828ba0        0x0 obj/default/efsl/mkfs.o
 .data          0x00828ba0        0x0 obj/default/efsl/nios2.o
 .data          0x00828ba0        0xc obj/default/efsl/nios2_ramdisk.o
 .data          0x00828bac        0x0 obj/default/efsl/partition.o
 .data          0x00828bac        0x0 obj/default/efsl/plibc.o
 .data          0x00828bac        0x0 obj/default/efsl/sd.o
 .data          0x00828bac        0x0 obj/default/efsl/time.o
 .data          0x00828bac        0x0 obj/default/efsl/ui.o
 .data          0x00828bac        0x0 obj/default/i2c/I2C.o
 .data          0x00828bac        0x0 obj/default/imu_i2c.o
 .data          0x00828bac        0x0 obj/default/main.o
 .data          0x00828bac        0x0 obj/default/save.o
 .data          0x00828bac        0x0 obj/default/sd.o
 .data          0x00828bac        0x0 /OPT/altera/12.1/nios2eds/bin/gnu/H-i686-pc-linux-gnu/bin/../lib/gcc/nios2-elf/4.1.2/../../../../nios2-elf/lib/libm.a(lib_a-w_pow.o)
 .data          0x00828bac        0x0 /OPT/altera/12.1/nios2eds/bin/gnu/H-i686-pc-linux-gnu/bin/../lib/gcc/nios2-elf/4.1.2/../../../../nios2-elf/lib/libm.a(lib_a-e_pow.o)
 .data          0x00828bac        0x0 /OPT/altera/12.1/nios2eds/bin/gnu/H-i686-pc-linux-gnu/bin/../lib/gcc/nios2-elf/4.1.2/../../../../nios2-elf/lib/libm.a(lib_a-e_sqrt.o)
 .data          0x00828bac        0x0 /OPT/altera/12.1/nios2eds/bin/gnu/H-i686-pc-linux-gnu/bin/../lib/gcc/nios2-elf/4.1.2/../../../../nios2-elf/lib/libm.a(lib_a-s_fabs.o)
 .data          0x00828bac        0x0 /OPT/altera/12.1/nios2eds/bin/gnu/H-i686-pc-linux-gnu/bin/../lib/gcc/nios2-elf/4.1.2/../../../../nios2-elf/lib/libm.a(lib_a-s_finite.o)
 .data          0x00828bac        0x0 /OPT/altera/12.1/nios2eds/bin/gnu/H-i686-pc-linux-gnu/bin/../lib/gcc/nios2-elf/4.1.2/../../../../nios2-elf/lib/libm.a(lib_a-s_isnand.o)
 .data          0x00828bac        0x0 /OPT/altera/12.1/nios2eds/bin/gnu/H-i686-pc-linux-gnu/bin/../lib/gcc/nios2-elf/4.1.2/../../../../nios2-elf/lib/libm.a(lib_a-s_lib_ver.o)
 .data          0x00828bac        0x0 /OPT/altera/12.1/nios2eds/bin/gnu/H-i686-pc-linux-gnu/bin/../lib/gcc/nios2-elf/4.1.2/../../../../nios2-elf/lib/libm.a(lib_a-s_matherr.o)
 .data          0x00828bac        0x0 /OPT/altera/12.1/nios2eds/bin/gnu/H-i686-pc-linux-gnu/bin/../lib/gcc/nios2-elf/4.1.2/../../../../nios2-elf/lib/libm.a(lib_a-s_nan.o)
 .data          0x00828bac        0x0 /OPT/altera/12.1/nios2eds/bin/gnu/H-i686-pc-linux-gnu/bin/../lib/gcc/nios2-elf/4.1.2/../../../../nios2-elf/lib/libm.a(lib_a-s_rint.o)
 .data          0x00828bac        0x0 /OPT/altera/12.1/nios2eds/bin/gnu/H-i686-pc-linux-gnu/bin/../lib/gcc/nios2-elf/4.1.2/../../../../nios2-elf/lib/libm.a(lib_a-s_scalbn.o)
 .data          0x00828bac        0x0 /OPT/altera/12.1/nios2eds/bin/gnu/H-i686-pc-linux-gnu/bin/../lib/gcc/nios2-elf/4.1.2/../../../../nios2-elf/lib/libm.a(lib_a-s_copysign.o)
 .data          0x00828bac        0x0 /OPT/altera/12.1/nios2eds/bin/gnu/H-i686-pc-linux-gnu/bin/../lib/gcc/nios2-elf/4.1.2/libgcc.a(_addsub_sf.o)
 .data          0x00828bac        0x0 /OPT/altera/12.1/nios2eds/bin/gnu/H-i686-pc-linux-gnu/bin/../lib/gcc/nios2-elf/4.1.2/libgcc.a(_mul_sf.o)
 .data          0x00828bac        0x0 /OPT/altera/12.1/nios2eds/bin/gnu/H-i686-pc-linux-gnu/bin/../lib/gcc/nios2-elf/4.1.2/libgcc.a(_div_sf.o)
 .data          0x00828bac        0x0 /OPT/altera/12.1/nios2eds/bin/gnu/H-i686-pc-linux-gnu/bin/../lib/gcc/nios2-elf/4.1.2/libgcc.a(_gt_sf.o)
 .data          0x00828bac        0x0 /OPT/altera/12.1/nios2eds/bin/gnu/H-i686-pc-linux-gnu/bin/../lib/gcc/nios2-elf/4.1.2/libgcc.a(_lt_sf.o)
 .data          0x00828bac        0x0 /OPT/altera/12.1/nios2eds/bin/gnu/H-i686-pc-linux-gnu/bin/../lib/gcc/nios2-elf/4.1.2/libgcc.a(_si_to_sf.o)
 .data          0x00828bac        0x0 /OPT/altera/12.1/nios2eds/bin/gnu/H-i686-pc-linux-gnu/bin/../lib/gcc/nios2-elf/4.1.2/libgcc.a(_sf_to_df.o)
 .data          0x00828bac        0x0 /OPT/altera/12.1/nios2eds/bin/gnu/H-i686-pc-linux-gnu/bin/../lib/gcc/nios2-elf/4.1.2/libgcc.a(_thenan_sf.o)
 .data          0x00828bac        0x0 /OPT/altera/12.1/nios2eds/bin/gnu/H-i686-pc-linux-gnu/bin/../lib/gcc/nios2-elf/4.1.2/libgcc.a(_usi_to_sf.o)
 .data          0x00828bac        0x0 /OPT/altera/12.1/nios2eds/bin/gnu/H-i686-pc-linux-gnu/bin/../lib/gcc/nios2-elf/4.1.2/libgcc.a(_addsub_df.o)
 .data          0x00828bac        0x0 /OPT/altera/12.1/nios2eds/bin/gnu/H-i686-pc-linux-gnu/bin/../lib/gcc/nios2-elf/4.1.2/libgcc.a(_mul_df.o)
 .data          0x00828bac        0x0 /OPT/altera/12.1/nios2eds/bin/gnu/H-i686-pc-linux-gnu/bin/../lib/gcc/nios2-elf/4.1.2/libgcc.a(_div_df.o)
 .data          0x00828bac        0x0 /OPT/altera/12.1/nios2eds/bin/gnu/H-i686-pc-linux-gnu/bin/../lib/gcc/nios2-elf/4.1.2/libgcc.a(_eq_df.o)
 .data          0x00828bac        0x0 /OPT/altera/12.1/nios2eds/bin/gnu/H-i686-pc-linux-gnu/bin/../lib/gcc/nios2-elf/4.1.2/libgcc.a(_ne_df.o)
 .data          0x00828bac        0x0 /OPT/altera/12.1/nios2eds/bin/gnu/H-i686-pc-linux-gnu/bin/../lib/gcc/nios2-elf/4.1.2/libgcc.a(_gt_df.o)
 .data          0x00828bac        0x0 /OPT/altera/12.1/nios2eds/bin/gnu/H-i686-pc-linux-gnu/bin/../lib/gcc/nios2-elf/4.1.2/libgcc.a(_lt_df.o)
 .data          0x00828bac        0x0 /OPT/altera/12.1/nios2eds/bin/gnu/H-i686-pc-linux-gnu/bin/../lib/gcc/nios2-elf/4.1.2/libgcc.a(_le_df.o)
 .data          0x00828bac        0x0 /OPT/altera/12.1/nios2eds/bin/gnu/H-i686-pc-linux-gnu/bin/../lib/gcc/nios2-elf/4.1.2/libgcc.a(_si_to_df.o)
 .data          0x00828bac        0x0 /OPT/altera/12.1/nios2eds/bin/gnu/H-i686-pc-linux-gnu/bin/../lib/gcc/nios2-elf/4.1.2/libgcc.a(_make_df.o)
 .data          0x00828bac        0x0 /OPT/altera/12.1/nios2eds/bin/gnu/H-i686-pc-linux-gnu/bin/../lib/gcc/nios2-elf/4.1.2/libgcc.a(_df_to_sf.o)
 .data          0x00828bac        0x0 /OPT/altera/12.1/nios2eds/bin/gnu/H-i686-pc-linux-gnu/bin/../lib/gcc/nios2-elf/4.1.2/libgcc.a(_thenan_df.o)
 .data          0x00828bac        0x0 /OPT/altera/12.1/nios2eds/bin/gnu/H-i686-pc-linux-gnu/bin/../lib/gcc/nios2-elf/4.1.2/libgcc.a(lib2-divmod.o)
 .data          0x00828bac        0x0 /OPT/altera/12.1/nios2eds/bin/gnu/H-i686-pc-linux-gnu/bin/../lib/gcc/nios2-elf/4.1.2/libgcc.a(_muldi3.o)
 .data          0x00828bac        0x0 /OPT/altera/12.1/nios2eds/bin/gnu/H-i686-pc-linux-gnu/bin/../lib/gcc/nios2-elf/4.1.2/libgcc.a(_clzsi2.o)
 .data          0x00828bac        0x0 /OPT/altera/12.1/nios2eds/bin/gnu/H-i686-pc-linux-gnu/bin/../lib/gcc/nios2-elf/4.1.2/libgcc.a(_pack_sf.o)
 .data          0x00828bac        0x0 /OPT/altera/12.1/nios2eds/bin/gnu/H-i686-pc-linux-gnu/bin/../lib/gcc/nios2-elf/4.1.2/libgcc.a(_unpack_sf.o)
 .data          0x00828bac        0x0 /OPT/altera/12.1/nios2eds/bin/gnu/H-i686-pc-linux-gnu/bin/../lib/gcc/nios2-elf/4.1.2/libgcc.a(_fpcmp_parts_sf.o)
 .data          0x00828bac        0x0 /OPT/altera/12.1/nios2eds/bin/gnu/H-i686-pc-linux-gnu/bin/../lib/gcc/nios2-elf/4.1.2/libgcc.a(_make_sf.o)
 .data          0x00828bac        0x0 /OPT/altera/12.1/nios2eds/bin/gnu/H-i686-pc-linux-gnu/bin/../lib/gcc/nios2-elf/4.1.2/libgcc.a(_pack_df.o)
 .data          0x00828bac        0x0 /OPT/altera/12.1/nios2eds/bin/gnu/H-i686-pc-linux-gnu/bin/../lib/gcc/nios2-elf/4.1.2/libgcc.a(_unpack_df.o)
 .data          0x00828bac        0x0 /OPT/altera/12.1/nios2eds/bin/gnu/H-i686-pc-linux-gnu/bin/../lib/gcc/nios2-elf/4.1.2/libgcc.a(_fpcmp_parts_df.o)
 .data          0x00828bac        0x0 /OPT/altera/12.1/nios2eds/bin/gnu/H-i686-pc-linux-gnu/bin/../lib/gcc/nios2-elf/4.1.2/libgcc.a(_clz.o)
 .data          0x00828bac        0x0 /OPT/altera/12.1/nios2eds/bin/gnu/H-i686-pc-linux-gnu/bin/../lib/gcc/nios2-elf/4.1.2/../../../../nios2-elf/lib/libc.a(lib_a-errno.o)
 .data          0x00828bac      0x400 /OPT/altera/12.1/nios2eds/bin/gnu/H-i686-pc-linux-gnu/bin/../lib/gcc/nios2-elf/4.1.2/../../../../nios2-elf/lib/libc.a(lib_a-impure.o)
 .data          0x00828fac        0x0 /OPT/altera/12.1/nios2eds/bin/gnu/H-i686-pc-linux-gnu/bin/../lib/gcc/nios2-elf/4.1.2/../../../../nios2-elf/lib/libc.a(lib_a-malloc.o)
 .data          0x00828fac      0x408 /OPT/altera/12.1/nios2eds/bin/gnu/H-i686-pc-linux-gnu/bin/../lib/gcc/nios2-elf/4.1.2/../../../../nios2-elf/lib/libc.a(lib_a-mallocr.o)
                0x00828fac                __malloc_av_
 .data          0x008293b4        0x0 /OPT/altera/12.1/nios2eds/bin/gnu/H-i686-pc-linux-gnu/bin/../lib/gcc/nios2-elf/4.1.2/../../../../nios2-elf/lib/libc.a(lib_a-memcpy.o)
 .data          0x008293b4        0x0 /OPT/altera/12.1/nios2eds/bin/gnu/H-i686-pc-linux-gnu/bin/../lib/gcc/nios2-elf/4.1.2/../../../../nios2-elf/lib/libc.a(lib_a-perror.o)
 .data          0x008293b4        0x0 /OPT/altera/12.1/nios2eds/bin/gnu/H-i686-pc-linux-gnu/bin/../lib/gcc/nios2-elf/4.1.2/../../../../nios2-elf/lib/libc.a(lib_a-printf.o)
 .data          0x008293b4        0x0 /OPT/altera/12.1/nios2eds/bin/gnu/H-i686-pc-linux-gnu/bin/../lib/gcc/nios2-elf/4.1.2/../../../../nios2-elf/lib/libc.a(lib_a-putchar.o)
 .data          0x008293b4        0x0 /OPT/altera/12.1/nios2eds/bin/gnu/H-i686-pc-linux-gnu/bin/../lib/gcc/nios2-elf/4.1.2/../../../../nios2-elf/lib/libc.a(lib_a-puts.o)
 .data          0x008293b4        0x0 /OPT/altera/12.1/nios2eds/bin/gnu/H-i686-pc-linux-gnu/bin/../lib/gcc/nios2-elf/4.1.2/../../../../nios2-elf/lib/libc.a(lib_a-sbrkr.o)
 .data          0x008293b4        0x0 /OPT/altera/12.1/nios2eds/bin/gnu/H-i686-pc-linux-gnu/bin/../lib/gcc/nios2-elf/4.1.2/../../../../nios2-elf/lib/libc.a(lib_a-strerror.o)
 .data          0x008293b4        0x0 /OPT/altera/12.1/nios2eds/bin/gnu/H-i686-pc-linux-gnu/bin/../lib/gcc/nios2-elf/4.1.2/../../../../nios2-elf/lib/libc.a(lib_a-strlen.o)
 .data          0x008293b4        0x0 /OPT/altera/12.1/nios2eds/bin/gnu/H-i686-pc-linux-gnu/bin/../lib/gcc/nios2-elf/4.1.2/../../../../nios2-elf/lib/libc.a(lib_a-u_strerr.o)
 .data          0x008293b4        0x0 /OPT/altera/12.1/nios2eds/bin/gnu/H-i686-pc-linux-gnu/bin/../lib/gcc/nios2-elf/4.1.2/../../../../nios2-elf/lib/libc.a(lib_a-vfprintf.o)
 .data          0x008293b4        0x0 /OPT/altera/12.1/nios2eds/bin/gnu/H-i686-pc-linux-gnu/bin/../lib/gcc/nios2-elf/4.1.2/../../../../nios2-elf/lib/libc.a(lib_a-wsetup.o)
 .data          0x008293b4        0x0 /OPT/altera/12.1/nios2eds/bin/gnu/H-i686-pc-linux-gnu/bin/../lib/gcc/nios2-elf/4.1.2/../../../../nios2-elf/lib/libc.a(lib_a-dtoa.o)
 .data          0x008293b4        0x0 /OPT/altera/12.1/nios2eds/bin/gnu/H-i686-pc-linux-gnu/bin/../lib/gcc/nios2-elf/4.1.2/../../../../nios2-elf/lib/libc.a(lib_a-fflush.o)
 .data          0x008293b4        0x0 /OPT/altera/12.1/nios2eds/bin/gnu/H-i686-pc-linux-gnu/bin/../lib/gcc/nios2-elf/4.1.2/../../../../nios2-elf/lib/libc.a(lib_a-findfp.o)
 .data          0x008293b4        0x0 /OPT/altera/12.1/nios2eds/bin/gnu/H-i686-pc-linux-gnu/bin/../lib/gcc/nios2-elf/4.1.2/../../../../nios2-elf/lib/libc.a(lib_a-fputc.o)
 .data          0x008293b4        0x0 /OPT/altera/12.1/nios2eds/bin/gnu/H-i686-pc-linux-gnu/bin/../lib/gcc/nios2-elf/4.1.2/../../../../nios2-elf/lib/libc.a(lib_a-fputs.o)
 .data          0x008293b4        0x0 /OPT/altera/12.1/nios2eds/bin/gnu/H-i686-pc-linux-gnu/bin/../lib/gcc/nios2-elf/4.1.2/../../../../nios2-elf/lib/libc.a(lib_a-freer.o)
 .data          0x008293b4        0x0 /OPT/altera/12.1/nios2eds/bin/gnu/H-i686-pc-linux-gnu/bin/../lib/gcc/nios2-elf/4.1.2/../../../../nios2-elf/lib/libc.a(lib_a-fvwrite.o)
 .data          0x008293b4        0x0 /OPT/altera/12.1/nios2eds/bin/gnu/H-i686-pc-linux-gnu/bin/../lib/gcc/nios2-elf/4.1.2/../../../../nios2-elf/lib/libc.a(lib_a-fwalk.o)
 .data          0x008293b4        0x0 /OPT/altera/12.1/nios2eds/bin/gnu/H-i686-pc-linux-gnu/bin/../lib/gcc/nios2-elf/4.1.2/../../../../nios2-elf/lib/libc.a(lib_a-int_errno.o)
 .data          0x008293b4        0xc /OPT/altera/12.1/nios2eds/bin/gnu/H-i686-pc-linux-gnu/bin/../lib/gcc/nios2-elf/4.1.2/../../../../nios2-elf/lib/libc.a(lib_a-locale.o)
                0x008293b4                __lc_ctype
 .data          0x008293c0        0x0 /OPT/altera/12.1/nios2eds/bin/gnu/H-i686-pc-linux-gnu/bin/../lib/gcc/nios2-elf/4.1.2/../../../../nios2-elf/lib/libc.a(lib_a-makebuf.o)
 .data          0x008293c0        0x0 /OPT/altera/12.1/nios2eds/bin/gnu/H-i686-pc-linux-gnu/bin/../lib/gcc/nios2-elf/4.1.2/../../../../nios2-elf/lib/libc.a(lib_a-memchr.o)
 .data          0x008293c0        0x0 /OPT/altera/12.1/nios2eds/bin/gnu/H-i686-pc-linux-gnu/bin/../lib/gcc/nios2-elf/4.1.2/../../../../nios2-elf/lib/libc.a(lib_a-memmove.o)
 .data          0x008293c0        0x0 /OPT/altera/12.1/nios2eds/bin/gnu/H-i686-pc-linux-gnu/bin/../lib/gcc/nios2-elf/4.1.2/../../../../nios2-elf/lib/libc.a(lib_a-memset.o)
 .data          0x008293c0        0x0 /OPT/altera/12.1/nios2eds/bin/gnu/H-i686-pc-linux-gnu/bin/../lib/gcc/nios2-elf/4.1.2/../../../../nios2-elf/lib/libc.a(lib_a-mprec.o)
 .data          0x008293c0        0x0 /OPT/altera/12.1/nios2eds/bin/gnu/H-i686-pc-linux-gnu/bin/../lib/gcc/nios2-elf/4.1.2/../../../../nios2-elf/lib/libc.a(lib_a-putc.o)
 .data          0x008293c0        0x0 /OPT/altera/12.1/nios2eds/bin/gnu/H-i686-pc-linux-gnu/bin/../lib/gcc/nios2-elf/4.1.2/../../../../nios2-elf/lib/libc.a(lib_a-reallocr.o)
 .data          0x008293c0        0x0 /OPT/altera/12.1/nios2eds/bin/gnu/H-i686-pc-linux-gnu/bin/../lib/gcc/nios2-elf/4.1.2/../../../../nios2-elf/lib/libc.a(lib_a-s_isinfd.o)
 .data          0x008293c0        0x0 /OPT/altera/12.1/nios2eds/bin/gnu/H-i686-pc-linux-gnu/bin/../lib/gcc/nios2-elf/4.1.2/../../../../nios2-elf/lib/libc.a(lib_a-stdio.o)
 .data          0x008293c0        0x0 /OPT/altera/12.1/nios2eds/bin/gnu/H-i686-pc-linux-gnu/bin/../lib/gcc/nios2-elf/4.1.2/../../../../nios2-elf/lib/libc.a(lib_a-strcmp.o)
 .data          0x008293c0        0x0 /OPT/altera/12.1/nios2eds/bin/gnu/H-i686-pc-linux-gnu/bin/../lib/gcc/nios2-elf/4.1.2/../../../../nios2-elf/lib/libc.a(lib_a-wbuf.o)
 .data          0x008293c0        0x0 /OPT/altera/12.1/nios2eds/bin/gnu/H-i686-pc-linux-gnu/bin/../lib/gcc/nios2-elf/4.1.2/../../../../nios2-elf/lib/libc.a(lib_a-writer.o)
 .data          0x008293c0        0x0 /OPT/altera/12.1/nios2eds/bin/gnu/H-i686-pc-linux-gnu/bin/../lib/gcc/nios2-elf/4.1.2/../../../../nios2-elf/lib/libc.a(lib_a-callocr.o)
 .data          0x008293c0        0x0 /OPT/altera/12.1/nios2eds/bin/gnu/H-i686-pc-linux-gnu/bin/../lib/gcc/nios2-elf/4.1.2/../../../../nios2-elf/lib/libc.a(lib_a-closer.o)
 .data          0x008293c0        0x0 /OPT/altera/12.1/nios2eds/bin/gnu/H-i686-pc-linux-gnu/bin/../lib/gcc/nios2-elf/4.1.2/../../../../nios2-elf/lib/libc.a(lib_a-fclose.o)
 .data          0x008293c0        0x0 /OPT/altera/12.1/nios2eds/bin/gnu/H-i686-pc-linux-gnu/bin/../lib/gcc/nios2-elf/4.1.2/../../../../nios2-elf/lib/libc.a(lib_a-fstatr.o)
 .data          0x008293c0        0x0 /OPT/altera/12.1/nios2eds/bin/gnu/H-i686-pc-linux-gnu/bin/../lib/gcc/nios2-elf/4.1.2/../../../../nios2-elf/lib/libc.a(lib_a-isattyr.o)
 .data          0x008293c0        0x0 /OPT/altera/12.1/nios2eds/bin/gnu/H-i686-pc-linux-gnu/bin/../lib/gcc/nios2-elf/4.1.2/../../../../nios2-elf/lib/libc.a(lib_a-lseekr.o)
 .data          0x008293c0        0x0 /OPT/altera/12.1/nios2eds/bin/gnu/H-i686-pc-linux-gnu/bin/../lib/gcc/nios2-elf/4.1.2/../../../../nios2-elf/lib/libc.a(lib_a-readr.o)
 .data          0x008293c0        0x0 /OPT/altera/12.1/nios2eds/bin/gnu/H-i686-pc-linux-gnu/bin/../lib/gcc/nios2-elf/4.1.2/libgcc.a(_udivdi3.o)
 .data          0x008293c0        0x0 /OPT/altera/12.1/nios2eds/bin/gnu/H-i686-pc-linux-gnu/bin/../lib/gcc/nios2-elf/4.1.2/libgcc.a(_umoddi3.o)
 .data          0x008293c0        0x0 /OPT/altera/12.1/nios2eds/bin/gnu/H-i686-pc-linux-gnu/bin/../lib/gcc/nios2-elf/4.1.2/libgcc.a(_ge_df.o)
 .data          0x008293c0        0x0 /OPT/altera/12.1/nios2eds/bin/gnu/H-i686-pc-linux-gnu/bin/../lib/gcc/nios2-elf/4.1.2/libgcc.a(_df_to_si.o)
 .data          0x008293c0        0x0 /OPT/altera/12.1/nios2eds/bin/gnu/H-i686-pc-linux-gnu/bin/../lib/gcc/nios2-elf/4.1.2/libgcc.a(_usi_to_df.o)
 .data          0x008293c0        0x0 ../capstone_Volatile_bsp//libucosii_bsp.a(alt_close.o)
 .data          0x008293c0      0x1a8 ../capstone_Volatile_bsp//libucosii_bsp.a(alt_dev.o)
                0x008293c0                alt_dev_null
                0x008293e8                alt_fd_list
 .data          0x00829568        0x0 ../capstone_Volatile_bsp//libucosii_bsp.a(alt_errno.o)
 .data          0x00829568        0x0 ../capstone_Volatile_bsp//libucosii_bsp.a(alt_fstat.o)
 .data          0x00829568        0x0 ../capstone_Volatile_bsp//libucosii_bsp.a(alt_irq_register.o)
 .data          0x00829568        0x0 ../capstone_Volatile_bsp//libucosii_bsp.a(alt_irq_vars.o)
 .data          0x00829568        0x0 ../capstone_Volatile_bsp//libucosii_bsp.a(alt_isatty.o)
 .data          0x00829568        0x0 ../capstone_Volatile_bsp//libucosii_bsp.a(alt_lseek.o)
 .data          0x00829568        0x0 ../capstone_Volatile_bsp//libucosii_bsp.a(alt_main.o)
 .data          0x00829568        0x0 ../capstone_Volatile_bsp//libucosii_bsp.a(alt_read.o)
 .data          0x00829568        0x0 ../capstone_Volatile_bsp//libucosii_bsp.a(alt_release_fd.o)
 .data          0x00829568        0x0 ../capstone_Volatile_bsp//libucosii_bsp.a(alt_sbrk.o)
 .data          0x00829568        0x0 ../capstone_Volatile_bsp//libucosii_bsp.a(alt_usleep.o)
 .data          0x00829568        0x0 ../capstone_Volatile_bsp//libucosii_bsp.a(alt_write.o)
 .data          0x00829568        0x0 ../capstone_Volatile_bsp//libucosii_bsp.a(alt_env_lock.o)
 .data          0x00829568        0x0 ../capstone_Volatile_bsp//libucosii_bsp.a(alt_malloc_lock.o)
 .data          0x00829568        0x0 ../capstone_Volatile_bsp//libucosii_bsp.a(os_core.o)
 .data          0x00829568        0x0 ../capstone_Volatile_bsp//libucosii_bsp.a(os_dbg.o)
 .data          0x00829568        0x0 ../capstone_Volatile_bsp//libucosii_bsp.a(os_flag.o)
 .data          0x00829568        0x0 ../capstone_Volatile_bsp//libucosii_bsp.a(os_mem.o)
 .data          0x00829568        0x0 ../capstone_Volatile_bsp//libucosii_bsp.a(os_q.o)
 .data          0x00829568        0x0 ../capstone_Volatile_bsp//libucosii_bsp.a(os_sem.o)
 .data          0x00829568        0x0 ../capstone_Volatile_bsp//libucosii_bsp.a(os_task.o)
 .data          0x00829568        0x0 ../capstone_Volatile_bsp//libucosii_bsp.a(os_time.o)
 .data          0x00829568     0x10f8 ../capstone_Volatile_bsp//libucosii_bsp.a(alt_sys_init.o)
 .data          0x0082a660        0x0 ../capstone_Volatile_bsp//libucosii_bsp.a(altera_avalon_jtag_uart_fd.o)
 .data          0x0082a660        0x0 ../capstone_Volatile_bsp//libucosii_bsp.a(altera_avalon_jtag_uart_init.o)
 .data          0x0082a660        0x0 ../capstone_Volatile_bsp//libucosii_bsp.a(altera_avalon_jtag_uart_ioctl.o)
 .data          0x0082a660        0x0 ../capstone_Volatile_bsp//libucosii_bsp.a(altera_avalon_jtag_uart_read.o)
 .data          0x0082a660        0x0 ../capstone_Volatile_bsp//libucosii_bsp.a(altera_avalon_jtag_uart_write.o)
 .data          0x0082a660        0x0 ../capstone_Volatile_bsp//libucosii_bsp.a(altera_avalon_timer_sc.o)
 .data          0x0082a660        0x0 ../capstone_Volatile_bsp//libucosii_bsp.a(altera_up_avalon_audio.o)
 .data          0x0082a660        0x0 ../capstone_Volatile_bsp//libucosii_bsp.a(altera_up_avalon_audio_and_video_config.o)
 .data          0x0082a660        0x0 ../capstone_Volatile_bsp//libucosii_bsp.a(altera_up_avalon_character_lcd.o)
 .data          0x0082a660        0x0 ../capstone_Volatile_bsp//libucosii_bsp.a(alt_alarm_start.o)
 .data          0x0082a660        0x0 ../capstone_Volatile_bsp//libucosii_bsp.a(alt_busy_sleep.o)
 .data          0x0082a660        0x0 ../capstone_Volatile_bsp//libucosii_bsp.a(alt_dev_llist_insert.o)
 .data          0x0082a660        0x0 ../capstone_Volatile_bsp//libucosii_bsp.a(alt_do_ctors.o)
 .data          0x0082a660        0x0 ../capstone_Volatile_bsp//libucosii_bsp.a(alt_do_dtors.o)
 .data          0x0082a660        0x0 ../capstone_Volatile_bsp//libucosii_bsp.a(alt_find_dev.o)
 .data          0x0082a660        0x0 ../capstone_Volatile_bsp//libucosii_bsp.a(alt_io_redirect.o)
 .data          0x0082a660        0x0 ../capstone_Volatile_bsp//libucosii_bsp.a(alt_irq_entry.o)
 .data          0x0082a660        0x0 ../capstone_Volatile_bsp//libucosii_bsp.a(alt_irq_handler.o)
 .data          0x0082a660        0x0 ../capstone_Volatile_bsp//libucosii_bsp.a(alt_open.o)
 .data          0x0082a660        0x0 ../capstone_Volatile_bsp//libucosii_bsp.a(alt_tick.o)
 .data          0x0082a660        0x0 ../capstone_Volatile_bsp//libucosii_bsp.a(altera_nios2_qsys_irq.o)
 .data          0x0082a660        0x0 ../capstone_Volatile_bsp//libucosii_bsp.a(os_cpu_a.o)
 .data          0x0082a660        0x0 ../capstone_Volatile_bsp//libucosii_bsp.a(os_cpu_c.o)
 .data          0x0082a660        0x0 ../capstone_Volatile_bsp//libucosii_bsp.a(alt_exception_entry.o)
 .data          0x0082a660        0x0 ../capstone_Volatile_bsp//libucosii_bsp.a(alt_find_file.o)
 .data          0x0082a660        0x0 ../capstone_Volatile_bsp//libucosii_bsp.a(alt_get_fd.o)
 .data          0x0082a660        0x0 /OPT/altera/12.1/nios2eds/bin/gnu/H-i686-pc-linux-gnu/bin/../lib/gcc/nios2-elf/4.1.2/../../../../nios2-elf/lib/libc.a(lib_a-atexit.o)
 .data          0x0082a660        0x0 /OPT/altera/12.1/nios2eds/bin/gnu/H-i686-pc-linux-gnu/bin/../lib/gcc/nios2-elf/4.1.2/../../../../nios2-elf/lib/libc.a(lib_a-exit.o)
 .data          0x0082a660        0x0 /OPT/altera/12.1/nios2eds/bin/gnu/H-i686-pc-linux-gnu/bin/../lib/gcc/nios2-elf/4.1.2/../../../../nios2-elf/lib/libc.a(lib_a-memcmp.o)
 .data          0x0082a660        0x0 /OPT/altera/12.1/nios2eds/bin/gnu/H-i686-pc-linux-gnu/bin/../lib/gcc/nios2-elf/4.1.2/../../../../nios2-elf/lib/libc.a(lib_a-__atexit.o)
 .data          0x0082a660        0x0 /OPT/altera/12.1/nios2eds/bin/gnu/H-i686-pc-linux-gnu/bin/../lib/gcc/nios2-elf/4.1.2/../../../../nios2-elf/lib/libc.a(lib_a-__call_atexit.o)
 .data          0x0082a660        0x0 ../capstone_Volatile_bsp//libucosii_bsp.a(alt_exit.o)
                0x00832660                _gp = ABSOLUTE ((. + 0x8000))
                0x00832660                PROVIDE (gp, _gp)
 *(.rwdata .rwdata.*)
 *(.sdata .sdata.* .gnu.linkonce.s.*)
 .sdata         0x0082a660        0x4 /OPT/altera/12.1/nios2eds/bin/gnu/H-i686-pc-linux-gnu/bin/../lib/gcc/nios2-elf/4.1.2/../../../../nios2-elf/lib/libm.a(lib_a-s_lib_ver.o)
                0x0082a660                __fdlib_version
 .sdata         0x0082a664        0x8 /OPT/altera/12.1/nios2eds/bin/gnu/H-i686-pc-linux-gnu/bin/../lib/gcc/nios2-elf/4.1.2/../../../../nios2-elf/lib/libc.a(lib_a-impure.o)
                0x0082a664                _impure_ptr
                0x0082a668                _global_impure_ptr
 .sdata         0x0082a66c        0x8 /OPT/altera/12.1/nios2eds/bin/gnu/H-i686-pc-linux-gnu/bin/../lib/gcc/nios2-elf/4.1.2/../../../../nios2-elf/lib/libc.a(lib_a-mallocr.o)
                0x0082a66c                __malloc_trim_threshold
                0x0082a670                __malloc_sbrk_base
 .sdata         0x0082a674        0x8 /OPT/altera/12.1/nios2eds/bin/gnu/H-i686-pc-linux-gnu/bin/../lib/gcc/nios2-elf/4.1.2/../../../../nios2-elf/lib/libc.a(lib_a-locale.o)
                0x0082a674                __mb_cur_max
 .sdata         0x0082a67c       0x14 ../capstone_Volatile_bsp//libucosii_bsp.a(alt_dev.o)
                0x0082a67c                alt_fs_list
                0x0082a684                alt_dev_list
                0x0082a68c                alt_max_fd
 .sdata         0x0082a690        0x4 ../capstone_Volatile_bsp//libucosii_bsp.a(alt_errno.o)
                0x0082a690                alt_errno
 .sdata         0x0082a694        0x4 ../capstone_Volatile_bsp//libucosii_bsp.a(alt_irq_vars.o)
                0x0082a694                alt_priority_mask
 .sdata         0x0082a698        0x4 ../capstone_Volatile_bsp//libucosii_bsp.a(alt_sbrk.o)
 .sdata         0x0082a69c        0x4 ../capstone_Volatile_bsp//libucosii_bsp.a(alt_env_lock.o)
 .sdata         0x0082a6a0        0x4 ../capstone_Volatile_bsp//libucosii_bsp.a(alt_malloc_lock.o)
 .sdata         0x0082a6a4       0x74 ../capstone_Volatile_bsp//libucosii_bsp.a(os_dbg.o)
                0x0082a6a4                OSDebugEn
                0x0082a6a8                OSEndiannessTest
                0x0082a6ac                OSEventEn
                0x0082a6ae                OSEventMax
                0x0082a6b0                OSEventNameSize
                0x0082a6b2                OSEventSize
                0x0082a6b4                OSEventTblSize
                0x0082a6b6                OSEventMultiEn
                0x0082a6b8                OSFlagEn
                0x0082a6ba                OSFlagGrpSize
                0x0082a6bc                OSFlagNodeSize
                0x0082a6be                OSFlagWidth
                0x0082a6c0                OSFlagMax
                0x0082a6c2                OSFlagNameSize
                0x0082a6c4                OSLowestPrio
                0x0082a6c6                OSMboxEn
                0x0082a6c8                OSMemEn
                0x0082a6ca                OSMemMax
                0x0082a6cc                OSMemNameSize
                0x0082a6ce                OSMemSize
                0x0082a6d0                OSMemTblSize
                0x0082a6d2                OSMutexEn
                0x0082a6d4                OSPtrSize
                0x0082a6d6                OSQEn
                0x0082a6d8                OSQMax
                0x0082a6da                OSQSize
                0x0082a6dc                OSRdyTblSize
                0x0082a6de                OSSemEn
                0x0082a6e0                OSStkWidth
                0x0082a6e2                OSTaskCreateEn
                0x0082a6e4                OSTaskCreateExtEn
                0x0082a6e6                OSTaskDelEn
                0x0082a6e8                OSTaskIdleStkSize
                0x0082a6ea                OSTaskProfileEn
                0x0082a6ec                OSTaskMax
                0x0082a6ee                OSTaskNameSize
                0x0082a6f0                OSTaskStatEn
                0x0082a6f2                OSTaskStatStkSize
                0x0082a6f4                OSTaskStatStkChkEn
                0x0082a6f6                OSTaskSwHookEn
                0x0082a6f8                OSTCBPrioTblMax
                0x0082a6fa                OSTCBSize
                0x0082a6fc                OSTicksPerSec
                0x0082a6fe                OSTimeTickHookEn
                0x0082a700                OSVersionNbr
                0x0082a702                OSTmrEn
                0x0082a704                OSTmrCfgMax
                0x0082a706                OSTmrCfgNameSize
                0x0082a708                OSTmrCfgWheelSize
                0x0082a70a                OSTmrCfgTicksPerSec
                0x0082a70c                OSTmrSize
                0x0082a70e                OSTmrTblSize
                0x0082a710                OSTmrWheelSize
                0x0082a712                OSTmrWheelTblSize
                0x0082a714                OSDataSize
 .sdata         0x0082a718        0x8 ../capstone_Volatile_bsp//libucosii_bsp.a(alt_tick.o)
                0x0082a718                alt_alarm_list
 *(.sdata2 .sdata2.* .gnu.linkonce.s2.*)
                0x0082a720                . = ALIGN (0x4)
                0x0082a720                _edata = ABSOLUTE (.)
                0x0082a720                PROVIDE (edata, ABSOLUTE (.))
                0x0082a720                PROVIDE (__ram_rwdata_end, ABSOLUTE (.))
                0x00828ba0                PROVIDE (__flash_rwdata_start, LOADADDR (.rwdata))

.bss            0x0082a720   0x1138dc
                0x0082a720                __bss_start = ABSOLUTE (.)
                0x0082a720                PROVIDE (__sbss_start, ABSOLUTE (.))