Archive member included because of file (symbol)

/OPT/altera/12.1/nios2eds/bin/gnu/H-i686-pc-linux-gnu/bin/../lib/gcc/nios2-elf/4.1.2/../../../../nios2-elf/lib/libm.a(lib_a-w_pow.o)
                              obj/default/MPU9250/mpu9250.o (pow)
/OPT/altera/12.1/nios2eds/bin/gnu/H-i686-pc-linux-gnu/bin/../lib/gcc/nios2-elf/4.1.2/../../../../nios2-elf/lib/libm.a(lib_a-e_pow.o)
                              /OPT/altera/12.1/nios2eds/bin/gnu/H-i686-pc-linux-gnu/bin/../lib/gcc/nios2-elf/4.1.2/../../../../nios2-elf/lib/libm.a(lib_a-w_pow.o) (__ieee754_pow)
/OPT/altera/12.1/nios2eds/bin/gnu/H-i686-pc-linux-gnu/bin/../lib/gcc/nios2-elf/4.1.2/../../../../nios2-elf/lib/libm.a(lib_a-e_sqrt.o)
                              /OPT/altera/12.1/nios2eds/bin/gnu/H-i686-pc-linux-gnu/bin/../lib/gcc/nios2-elf/4.1.2/../../../../nios2-elf/lib/libm.a(lib_a-e_pow.o) (__ieee754_sqrt)
/OPT/altera/12.1/nios2eds/bin/gnu/H-i686-pc-linux-gnu/bin/../lib/gcc/nios2-elf/4.1.2/../../../../nios2-elf/lib/libm.a(lib_a-s_fabs.o)
                              /OPT/altera/12.1/nios2eds/bin/gnu/H-i686-pc-linux-gnu/bin/../lib/gcc/nios2-elf/4.1.2/../../../../nios2-elf/lib/libm.a(lib_a-e_pow.o) (fabs)
/OPT/altera/12.1/nios2eds/bin/gnu/H-i686-pc-linux-gnu/bin/../lib/gcc/nios2-elf/4.1.2/../../../../nios2-elf/lib/libm.a(lib_a-s_finite.o)
                              /OPT/altera/12.1/nios2eds/bin/gnu/H-i686-pc-linux-gnu/bin/../lib/gcc/nios2-elf/4.1.2/../../../../nios2-elf/lib/libm.a(lib_a-w_pow.o) (finite)
/OPT/altera/12.1/nios2eds/bin/gnu/H-i686-pc-linux-gnu/bin/../lib/gcc/nios2-elf/4.1.2/../../../../nios2-elf/lib/libm.a(lib_a-s_isnand.o)
                              /OPT/altera/12.1/nios2eds/bin/gnu/H-i686-pc-linux-gnu/bin/../lib/gcc/nios2-elf/4.1.2/../../../../nios2-elf/lib/libm.a(lib_a-w_pow.o) (__isnand)
/OPT/altera/12.1/nios2eds/bin/gnu/H-i686-pc-linux-gnu/bin/../lib/gcc/nios2-elf/4.1.2/../../../../nios2-elf/lib/libm.a(lib_a-s_lib_ver.o)
                              /OPT/altera/12.1/nios2eds/bin/gnu/H-i686-pc-linux-gnu/bin/../lib/gcc/nios2-elf/4.1.2/../../../../nios2-elf/lib/libm.a(lib_a-w_pow.o) (__fdlib_version)
/OPT/altera/12.1/nios2eds/bin/gnu/H-i686-pc-linux-gnu/bin/../lib/gcc/nios2-elf/4.1.2/../../../../nios2-elf/lib/libm.a(lib_a-s_matherr.o)
                              /OPT/altera/12.1/nios2eds/bin/gnu/H-i686-pc-linux-gnu/bin/../lib/gcc/nios2-elf/4.1.2/../../../../nios2-elf/lib/libm.a(lib_a-w_pow.o) (matherr)
/OPT/altera/12.1/nios2eds/bin/gnu/H-i686-pc-linux-gnu/bin/../lib/gcc/nios2-elf/4.1.2/../../../../nios2-elf/lib/libm.a(lib_a-s_nan.o)
                              /OPT/altera/12.1/nios2eds/bin/gnu/H-i686-pc-linux-gnu/bin/../lib/gcc/nios2-elf/4.1.2/../../../../nios2-elf/lib/libm.a(lib_a-e_pow.o) (nan)
/OPT/altera/12.1/nios2eds/bin/gnu/H-i686-pc-linux-gnu/bin/../lib/gcc/nios2-elf/4.1.2/../../../../nios2-elf/lib/libm.a(lib_a-s_rint.o)
                              /OPT/altera/12.1/nios2eds/bin/gnu/H-i686-pc-linux-gnu/bin/../lib/gcc/nios2-elf/4.1.2/../../../../nios2-elf/lib/libm.a(lib_a-w_pow.o) (rint)
/OPT/altera/12.1/nios2eds/bin/gnu/H-i686-pc-linux-gnu/bin/../lib/gcc/nios2-elf/4.1.2/../../../../nios2-elf/lib/libm.a(lib_a-s_scalbn.o)
                              /OPT/altera/12.1/nios2eds/bin/gnu/H-i686-pc-linux-gnu/bin/../lib/gcc/nios2-elf/4.1.2/../../../../nios2-elf/lib/libm.a(lib_a-e_pow.o) (scalbn)
/OPT/altera/12.1/nios2eds/bin/gnu/H-i686-pc-linux-gnu/bin/../lib/gcc/nios2-elf/4.1.2/../../../../nios2-elf/lib/libm.a(lib_a-s_copysign.o)
                              /OPT/altera/12.1/nios2eds/bin/gnu/H-i686-pc-linux-gnu/bin/../lib/gcc/nios2-elf/4.1.2/../../../../nios2-elf/lib/libm.a(lib_a-s_scalbn.o) (copysign)
/OPT/altera/12.1/nios2eds/bin/gnu/H-i686-pc-linux-gnu/bin/../lib/gcc/nios2-elf/4.1.2/libgcc.a(_addsub_sf.o)
                              obj/default/imu_i2c.o (__subsf3)
/OPT/altera/12.1/nios2eds/bin/gnu/H-i686-pc-linux-gnu/bin/../lib/gcc/nios2-elf/4.1.2/libgcc.a(_mul_sf.o)
                              obj/default/MPU9250/mpu9250.o (__mulsf3)
/OPT/altera/12.1/nios2eds/bin/gnu/H-i686-pc-linux-gnu/bin/../lib/gcc/nios2-elf/4.1.2/libgcc.a(_div_sf.o)
                              obj/default/MPU9250/mpu9250.o (__divsf3)
/OPT/altera/12.1/nios2eds/bin/gnu/H-i686-pc-linux-gnu/bin/../lib/gcc/nios2-elf/4.1.2/libgcc.a(_gt_sf.o)
                              obj/default/imu_i2c.o (__gtsf2)
/OPT/altera/12.1/nios2eds/bin/gnu/H-i686-pc-linux-gnu/bin/../lib/gcc/nios2-elf/4.1.2/libgcc.a(_lt_sf.o)
                              obj/default/imu_i2c.o (__ltsf2)
/OPT/altera/12.1/nios2eds/bin/gnu/H-i686-pc-linux-gnu/bin/../lib/gcc/nios2-elf/4.1.2/libgcc.a(_si_to_sf.o)
                              obj/default/MPU9250/mpu9250.o (__floatsisf)
/OPT/altera/12.1/nios2eds/bin/gnu/H-i686-pc-linux-gnu/bin/../lib/gcc/nios2-elf/4.1.2/libgcc.a(_sf_to_df.o)
                              obj/default/MPU9250/mpu9250.o (__extendsfdf2)
/OPT/altera/12.1/nios2eds/bin/gnu/H-i686-pc-linux-gnu/bin/../lib/gcc/nios2-elf/4.1.2/libgcc.a(_thenan_sf.o)
[...]
Memory Configuration

Name             Origin             Length             Attributes
sdram_0          0x00800000         0x00800000
reset            0x01400000         0x00000020
generic_tristate_controller_0 0x01400020         0x003fffe0
sram_0           0x01880000         0x00080000
onchip_memory2_0_BEFORE_EXCEPTION 0x01904000         0x00000020
onchip_memory2_0 0x01904020         0x00003fe0
*default*        0x00000000         0xffffffff

Linker script and memory map

LOAD ../capstone_Volatile_bsp//obj/HAL/src/crt0.o
LOAD obj/default/MPU9250/mpu9250.o
LOAD obj/default/audio.o
LOAD obj/default/buttons.o
LOAD obj/default/efsl/debug.o
LOAD obj/default/efsl/dir.o
LOAD obj/default/efsl/disc.o
LOAD obj/default/efsl/efs.o
LOAD obj/default/efsl/extract.o
LOAD obj/default/efsl/fat.o
LOAD obj/default/efsl/file.o
LOAD obj/default/efsl/fs.o
LOAD obj/default/efsl/ioman.o
LOAD obj/default/efsl/ls.o
LOAD obj/default/efsl/mkfs.o
LOAD obj/default/efsl/nios2.o
LOAD obj/default/efsl/nios2_ramdisk.o
LOAD obj/default/efsl/partition.o
LOAD obj/default/efsl/plibc.o
LOAD obj/default/efsl/sd.o
LOAD obj/default/efsl/time.o
LOAD obj/default/efsl/ui.o
LOAD obj/default/i2c/I2C.o
LOAD obj/default/imu_i2c.o
LOAD obj/default/main.o
LOAD obj/default/save.o
LOAD obj/default/sd.o
LOAD /OPT/altera/12.1/nios2eds/bin/gnu/H-i686-pc-linux-gnu/bin/../lib/gcc/nios2-elf/4.1.2/../../../../nios2-elf/lib/libstdc++.a
LOAD /OPT/altera/12.1/nios2eds/bin/gnu/H-i686-pc-linux-gnu/bin/../lib/gcc/nios2-elf/4.1.2/../../../../nios2-elf/lib/libm.a
LOAD /OPT/altera/12.1/nios2eds/bin/gnu/H-i686-pc-linux-gnu/bin/../lib/gcc/nios2-elf/4.1.2/libgcc.a
START GROUP
LOAD /OPT/altera/12.1/nios2eds/bin/gnu/H-i686-pc-linux-gnu/bin/../lib/gcc/nios2-elf/4.1.2/../../../../nios2-elf/lib/libc.a
LOAD /OPT/altera/12.1/nios2eds/bin/gnu/H-i686-pc-linux-gnu/bin/../lib/gcc/nios2-elf/4.1.2/libgcc.a
LOAD ../capstone_Volatile_bsp//libucosii_bsp.a
END GROUP
LOAD /OPT/altera/12.1/nios2eds/bin/gnu/H-i686-pc-linux-gnu/bin/../lib/gcc/nios2-elf/4.1.2/libgcc.a
                0x00800000                __alt_mem_sdram_0 = 0x800000
                0x01400000                __alt_mem_generic_tristate_controller_0 = 0x1400000
                0x01880000                __alt_mem_sram_0 = 0x1880000
                0x01904000                __alt_mem_onchip_memory2_0 = 0x1904000

.entry          0x01400000        0x0
 *(.entry)
 .entry         0x01400000        0x0 ../capstone_Volatile_bsp//obj/HAL/src/crt0.o
                0x01400000                __reset

.exceptions     0x01904020      0x1a0
                0x01904020                PROVIDE (__ram_exceptions_start, ABSOLUTE (.))
                0x01904020                . = ALIGN (0x20)
 *(.irq)
 *(.exceptions.entry.label)
 .exceptions.entry.label
                0x01904020        0x0 ../capstone_Volatile_bsp//libucosii_bsp.a(alt_irq_entry.o)
                0x01904020                alt_irq_entry
 .exceptions.entry.label
                0x01904020        0x0 ../capstone_Volatile_bsp//libucosii_bsp.a(alt_exception_entry.o)
                0x01904020                alt_exception
 *(.exceptions.entry.user)
 *(.exceptions.entry)
 .exceptions.entry
                0x01904020       0x54 ../capstone_Volatile_bsp//libucosii_bsp.a(alt_exception_entry.o)
 *(.exceptions.irqtest.user)
 *(.exceptions.irqtest)
 .exceptions.irqtest
                0x01904074       0x10 ../capstone_Volatile_bsp//libucosii_bsp.a(alt_irq_entry.o)
 *(.exceptions.irqhandler.user)
 *(.exceptions.irqhandler)
 .exceptions.irqhandler
                0x01904084        0x4 ../capstone_Volatile_bsp//libucosii_bsp.a(alt_irq_entry.o)
 *(.exceptions.irqreturn.user)
 *(.exceptions.irqreturn)
 .exceptions.irqreturn
                0x01904088        0x4 ../capstone_Volatile_bsp//libucosii_bsp.a(alt_irq_entry.o)
 *(.exceptions.notirq.label)
 .exceptions.notirq.label
                0x0190408c        0x0 ../capstone_Volatile_bsp//libucosii_bsp.a(alt_irq_entry.o)
 *(.exceptions.notirq.user)
 *(.exceptions.notirq)
 .exceptions.notirq
                0x0190408c        0x8 ../capstone_Volatile_bsp//libucosii_bsp.a(alt_exception_entry.o)
 *(.exceptions.soft.user)
 *(.exceptions.soft)
 *(.exceptions.unknown.user)
 *(.exceptions.unknown)
 .exceptions.unknown
                0x01904094        0x4 ../capstone_Volatile_bsp//libucosii_bsp.a(alt_exception_entry.o)
 *(.exceptions.exit.label)
 .exceptions.exit.label
                0x01904098        0x0 ../capstone_Volatile_bsp//libucosii_bsp.a(alt_irq_entry.o)
 .exceptions.exit.label
                0x01904098        0x0 ../capstone_Volatile_bsp//libucosii_bsp.a(alt_exception_entry.o)
 *(.exceptions.exit.user)
 *(.exceptions.exit)
 .exceptions.exit
                0x01904098       0x54 ../capstone_Volatile_bsp//libucosii_bsp.a(alt_exception_entry.o)
 *(.exceptions)
 .exceptions    0x019040ec       0xd4 ../capstone_Volatile_bsp//libucosii_bsp.a(alt_irq_handler.o)
                0x019040ec                alt_irq_handler
                0x019041c0                PROVIDE (__ram_exceptions_end, ABSOLUTE (.))
                0x01904020                PROVIDE (__flash_exceptions_start, LOADADDR (.exceptions))

.text           0x00800000    0x274ec
                0x00800000                PROVIDE (stext, ABSOLUTE (.))
 *(.interp)
 *(.hash)
 *(.dynsym)
 *(.dynstr)
 *(.gnu.version)
 *(.gnu.version_d)
 *(.gnu.version_r)
 *(.rel.init)
 *(.rela.init)
 *(.rel.text .rel.text.* .rel.gnu.linkonce.t.*)
 *(.rela.text .rela.text.* .rela.gnu.linkonce.t.*)
 *(.rel.fini)
 *(.rela.fini)
 *(.rel.rodata .rel.rodata.* .rel.gnu.linkonce.r.*)
 *(.rela.rodata .rela.rodata.* .rela.gnu.linkonce.r.*)
 *(.rel.data .rel.data.* .rel.gnu.linkonce.d.*)
 *(.rela.data .rela.data.* .rela.gnu.linkonce.d.*)
 *(.rel.tdata .rel.tdata.* .rel.gnu.linkonce.td.*)
 *(.rela.tdata .rela.tdata.* .rela.gnu.linkonce.td.*)
 *(.rel.tbss .rel.tbss.* .rel.gnu.linkonce.tb.*)
 *(.rela.tbss .rela.tbss.* .rela.gnu.linkonce.tb.*)
 *(.rel.ctors)
 *(.rela.ctors)
 *(.rel.dtors)
 *(.rela.dtors)
 *(.rel.got)
 *(.rela.got)
 *(.rel.sdata .rel.sdata.* .rel.gnu.linkonce.s.*)
 *(.rela.sdata .rela.sdata.* .rela.gnu.linkonce.s.*)
 *(.rel.sbss .rel.sbss.* .rel.gnu.linkonce.sb.*)
 *(.rela.sbss .rela.sbss.* .rela.gnu.linkonce.sb.*)
 *(.rel.sdata2 .rel.sdata2.* .rel.gnu.linkonce.s2.*)
 *(.rela.sdata2 .rela.sdata2.* .rela.gnu.linkonce.s2.*)
 *(.rel.sbss2 .rel.sbss2.* .rel.gnu.linkonce.sb2.*)
 *(.rela.sbss2 .rela.sbss2.* .rela.gnu.linkonce.sb2.*)
 *(.rel.bss .rel.bss.* .rel.gnu.linkonce.b.*)
 *(.rela.bss .rela.bss.* .rela.gnu.linkonce.b.*)
 *(.rel.plt)
 *(.rela.plt)
 *(.rel.dyn)
 *(.init)
 *(.plt)
 *(.text .stub .text.* .gnu.linkonce.t.*)
 .text          0x00800000       0x48 ../capstone_Volatile_bsp//obj/HAL/src/crt0.o
                0x00800000                _start
 .text          0x00800048     0x2498 obj/default/MPU9250/mpu9250.o
                0x00800048                getAres
                0x00800074                getGres
                0x008000a0                readAccelData
                0x008001a0                readGyroData
                0x008002a0                initMPU9250
                0x008005f8                calibrateMPU9250
                0x008014f8                MPU9250SelfTest
 .text          0x008024e0      0x4f8 obj/default/audio.o
                0x008024e0                audioInit
                0x00802690                audio_isr
                0x00802758                synthesize
 .text          0x008029d8      0x260 obj/default/buttons.o
                0x008029d8                init_button_pio
                0x00802a34                interrupt_isr_buttonPress
                0x00802bb0                setDrum
 .text          0x00802c38        0x0 obj/default/efsl/debug.o
 .text          0x00802c38      0xb40 obj/default/efsl/dir.o
                0x00802c38                dir_getFileStructure
                0x00802cf4                dir_createDirectoryEntry
                0x00802d78                dir_createDefaultEntry
                0x00802e28                dir_setFirstCluster
                0x00802ed0                dir_setFileSize
                0x00802f50                dir_updateDirectoryEntry
                0x00802fd8                dir_findFileinBuf
                0x00803130                dir_findFreeEntryinBuf
                0x00803228                dir_findinBuf
                0x008032b4                dir_findinCluster
                0x008033d8                dir_findinDir
                0x008034d0                dir_findinRootArea
                0x00803614                dir_getFatFileName
                0x008036e8                dir_addCluster
 .text          0x00803778       0xe4 obj/default/efsl/disc.o
                0x00803778                disc_initDisc
                0x008037c0                disc_loadMBR
 .text          0x0080385c      0x128 obj/default/efsl/efs.o
                0x0080385c                efs_init
 .text          0x00803984      0x354 obj/default/efsl/extract.o
                0x00803984                ex_getb16
                0x008039e4                ex_getb32
                0x00803a7c                ex_setb16
                0x00803ad4                ex_setb32
                0x00803b64                ex_getPartitionField
                0x00803cb0                ex_setPartitionField
 .text          0x00803cd8     0x1504 obj/default/efsl/fat.o
                0x00803cd8                fat_getSectorAddressFatEntry
                0x00803e00                fat_getNextClusterAddress
                0x00804028                fat_setNextClusterAddress
                0x0080439c                fat_isEocMarker
                0x00804450                fat_giveEocMarker
                0x008044d8                fat_getNextClusterAddressWBuf
                0x008046a0                fat_setNextClusterAddressWBuf
                0x00804984                fat_getNextClusterChain
                0x00804b34                fat_LogicToDiscCluster
                0x00804c64                fat_allocClusterChain
                0x00804f30                fat_unlinkClusterChain
                0x00805008                fat_countClustersInChain
                0x008050ac                fat_DiscToLogicCluster
                0x0080515c                fat_countFreeClusters
 .text          0x008051dc     0x12bc obj/default/efsl/file.o
                0x008051dc                file_fread
                0x00805474                file_read
                0x008054dc                file_write
                0x00805544                file_setpos
                0x00805598                file_fwrite
                0x008058e4                file_fopen
                0x00805d5c                file_fclose
                0x00805e5c                file_initFile
                0x00805f18                file_normalToFatName
                0x00806190                file_validateChar
                0x00806278                file_setAttr
                0x00806304                file_getAttr
                0x00806348                file_requiredCluster
 .text          0x00806498     0x117c obj/default/efsl/fs.o
                0x00806498                fs_initFs
                0x00806554                fs_isValidFat
                0x008065c8                fs_loadVolumeId
                0x00806704                fs_verifySanity
                0x008068a0                fs_countDataSectors
                0x008069f8                fs_determineFatType
                0x00806a74                fs_findFirstSectorRootDir
                0x00806b34                fs_initCurrentDir
                0x00806b70                fs_clusterToSector
                0x00806c3c                fs_sectorToCluster
                0x00806d38                fs_getNextFreeCluster
                0x00806db8                fs_giveFreeClusterHint
                0x00806ddc                fs_findFile
                0x0080701c                fs_findFreeFile
                0x0080713c                fs_getLastCluster
                0x00807214                fs_getFirstClusterRootDir
                0x00807268                fs_initClusterChain
                0x008072c8                fs_setFirstClusterInDirEntry
                0x00807310                fs_flushFs
                0x0080735c                fs_umount
                0x00807398                fs_clearCluster
                0x00807448                fs_getFsInfo
                0x00807544                fs_setFsInfo
 .text          0x00807614     0x1df4 obj/default/efsl/ioman.o
                0x00807614                ioman_init
                0x0080768c                ioman_reset
                0x008077fc                ioman_getBuffer
                0x00807828                ioman_setAttr
                0x0080790c                ioman_getAttr
                0x00807994                ioman_getUseCnt
                0x00807a00                ioman_incUseCnt
                0x00807a94                ioman_decUseCnt
                0x00807b28                ioman_resetUseCnt
                0x00807b84                ioman_getRefCnt
                0x00807bf0                ioman_incRefCnt
                0x00807c84                ioman_decRefCnt
                0x00807d18                ioman_resetRefCnt
                0x00807d74                ioman_pop
                0x00807f48                ioman_push
                0x00808108                ioman_getPtr
                0x00808170                ioman_getBp
                0x00808228                ioman_readSector
                0x008082b4                ioman_writeSector
                0x00808340                ioman_resetCacheItem
                0x008083e0                ioman_findSectorInCache
                0x0080848c                ioman_findFreeSpot
                0x00808510                ioman_findUnusedSpot
                0x00808680                ioman_findOverallocableSpot
                0x008087cc                ioman_putSectorInCache
                0x008088a8                ioman_flushSector
                0x008089bc                ioman_flushRange
                0x00808b10                ioman_flushAll
                0x00808be4                ioman_getSector
                0x00808ef0                ioman_releaseSector
                0x00808fd0                ioman_directSectorRead
                0x008090f8                ioman_directSectorWrite
                0x00809264                ioman_printStatus
 .text          0x00809408      0x588 obj/default/efsl/ls.o
                0x00809408                ls_openDir
                0x008094c0                ls_getDirEntry
                0x0080954c                ls_getNext
                0x008095f4                ls_getRealDirEntry
                0x0080974c                ls_getRootAreaEntry
                0x0080985c                ls_isValidFileEntry
                0x008098ec                ls_fileEntryToDirListEntry
 .text          0x00809990      0x3e4 obj/default/efsl/mkfs.o
                0x00809990                mkfs_makevfat
 .text          0x00809d74      0x4c0 obj/default/efsl/nios2.o
                0x00809d74                if_initInterface
                0x00809e54                if_readBuf
                0x00809ea4                if_writeBuf
                0x00809ef0                if_setPos
                0x00809f18                if_spiInit
                0x00809f5c                if_spiSend
                0x0080a07c                if_spi_sendbuf
                0x0080a14c                if_spi_readbuf
 .text          0x0080a234      0x134 obj/default/efsl/nios2_ramdisk.o
                0x0080a340                ramdisk_init
 .text          0x0080a368      0x46c obj/default/efsl/partition.o
                0x0080a368                part_initPartition
                0x0080a418                part_isFatPart
                0x0080a494                part_readBuf
                0x0080a504                part_writeBuf
                0x0080a574                part_getRealLBA
                0x0080a5cc                part_getSect
                0x0080a62c                part_relSect
                0x0080a678                part_flushPart
                0x0080a6fc                part_directSectorRead
                0x0080a768                part_directSectorWrite
 .text          0x0080a7d4      0x1b4 obj/default/efsl/plibc.o
                0x0080a7d4                strMatch
                0x0080a86c                memCpy
                0x0080a8d8                memClr
                0x0080a92c                memSet
 .text          0x0080a988      0xa20 obj/default/efsl/sd.o
                0x0080a988                sd_Init
                0x0080aac8                sd_Command
                0x0080ab7c                sd_Resp8b
                0x0080abf8                sd_Resp16b
                0x0080ac60                sd_Resp8bError
                0x0080ae38                sd_State
                0x0080aff4                sd_writeSector
                0x0080b0c8                sd_readSector
                0x0080b1cc                sd_getDriveSize
 .text          0x0080b3a8       0x60 obj/default/efsl/time.o
                0x0080b3a8                fs_makeDate
                0x0080b3c8                fs_makeTime
                0x0080b3e8                fs_hasTimeSupport
 .text          0x0080b408      0x708 obj/default/efsl/ui.o
                0x0080b408                listFiles
                0x0080b708                rmfile
                0x0080b848                makedir
 .text          0x0080bb10      0xa80 obj/default/i2c/I2C.o
                0x0080bb10                I2C_Start
                0x0080bb48                I2C_Stop
                0x0080bb80                I2C_WriteToDevice
                0x0080bc78                I2C_WriteToDeviceRegister
                0x0080bda8                I2C_WriteMore
                0x0080be6c                I2C_ReadFromDevice
                0x0080bf60                I2C_ReadFromDeviceRegister
                0x0080c0bc                I2C_ReadMore
                0x0080c168                i2c_selectAddress
                0x0080c1e0                i2c_start
                0x0080c268                i2c_stop
                0x0080c2e0                i2c_write
                0x0080c424                i2c_read
 .text          0x0080c590      0xb44 obj/default/imu_i2c.o
                0x0080c590                pollIMU
 .text          0x0080d0d4      0x61c obj/default/main.o
                0x0080d0d4                main
 .text          0x0080d6f0        0x0 obj/default/save.o
 .text          0x0080d6f0      0x2c4 obj/default/sd.o
                0x0080d6f0                sdInit
                0x0080d770                sdRead
                0x0080d898                parseWav
 .text          0x0080d9b4      0x488 /OPT/altera/12.1/nios2eds/bin/gnu/H-i686-pc-linux-gnu/bin/../lib/gcc/nios2-elf/4.1.2/../../../../nios2-elf/lib/libm.a(lib_a-w_pow.o)
                0x0080d9b4                pow
 .text          0x0080de3c     0x1300 /OPT/altera/12.1/nios2eds/bin/gnu/H-i686-pc-linux-gnu/bin/../lib/gcc/nios2-elf/4.1.2/../../../../nios2-elf/lib/libm.a(lib_a-e_pow.o)
                0x0080de3c                __ieee754_pow
 .text          0x0080f13c      0x2c8 /OPT/altera/12.1/nios2eds/bin/gnu/H-i686-pc-linux-gnu/bin/../lib/gcc/nios2-elf/4.1.2/../../../../nios2-elf/lib/libm.a(lib_a-e_sqrt.o)
                0x0080f13c                __ieee754_sqrt
 .text          0x0080f404       0x18 /OPT/altera/12.1/nios2eds/bin/gnu/H-i686-pc-linux-gnu/bin/../lib/gcc/nios2-elf/4.1.2/../../../../nios2-elf/lib/libm.a(lib_a-s_fabs.o)
                0x0080f404                fabs
 .text          0x0080f41c       0x1c /OPT/altera/12.1/nios2eds/bin/gnu/H-i686-pc-linux-gnu/bin/../lib/gcc/nios2-elf/4.1.2/../../../../nios2-elf/lib/libm.a(lib_a-s_finite.o)
                0x0080f41c                finite
 .text          0x0080f438       0x30 /OPT/altera/12.1/nios2eds/bin/gnu/H-i686-pc-linux-gnu/bin/../lib/gcc/nios2-elf/4.1.2/../../../../nios2-elf/lib/libm.a(lib_a-s_isnand.o)
                0x0080f438                __isnand
 .text          0x0080f468        0x0 /OPT/altera/12.1/nios2eds/bin/gnu/H-i686-pc-linux-gnu/bin/../lib/gcc/nios2-elf/4.1.2/../../../../nios2-elf/lib/libm.a(lib_a-s_lib_ver.o)
 .text          0x0080f468        0x8 /OPT/altera/12.1/nios2eds/bin/gnu/H-i686-pc-linux-gnu/bin/../lib/gcc/nios2-elf/4.1.2/../../../../nios2-elf/lib/libm.a(lib_a-s_matherr.o)
                0x0080f468                matherr
 .text          0x0080f470       0x10 /OPT/altera/12.1/nios2eds/bin/gnu/H-i686-pc-linux-gnu/bin/../lib/gcc/nios2-elf/4.1.2/../../../../nios2-elf/lib/libm.a(lib_a-s_nan.o)
                0x0080f470                nan
 .text          0x0080f480      0x210 /OPT/altera/12.1/nios2eds/bin/gnu/H-i686-pc-linux-gnu/bin/../lib/gcc/nios2-elf/4.1.2/../../../../nios2-elf/lib/libm.a(lib_a-s_rint.o)
                0x0080f480                rint
 .text          0x0080f690      0x1e0 /OPT/altera/12.1/nios2eds/bin/gnu/H-i686-pc-linux-gnu/bin/../lib/gcc/nios2-elf/4.1.2/../../../../nios2-elf/lib/libm.a(lib_a-s_scalbn.o)
                0x0080f690                scalbn
 .text          0x0080f870       0x24 /OPT/altera/12.1/nios2eds/bin/gnu/H-i686-pc-linux-gnu/bin/../lib/gcc/nios2-elf/4.1.2/../../../../nios2-elf/lib/libm.a(lib_a-s_copysign.o)
                0x0080f870                copysign
 .text          0x0080f894      0x2b8 /OPT/altera/12.1/nios2eds/bin/gnu/H-i686-pc-linux-gnu/bin/../lib/gcc/nios2-elf/4.1.2/libgcc.a(_addsub_sf.o)
                0x0080fa78                __subsf3
                0x0080fae8                __addsf3
 .text          0x0080fb4c      0x1e0 /OPT/altera/12.1/nios2eds/bin/gnu/H-i686-pc-linux-gnu/bin/../lib/gcc/nios2-elf/4.1.2/libgcc.a(_mul_sf.o)
                0x0080fb4c                __mulsf3
 .text          0x0080fd2c      0x174 /OPT/altera/12.1/nios2eds/bin/gnu/H-i686-pc-linux-gnu/bin/../lib/gcc/nios2-elf/4.1.2/libgcc.a(_div_sf.o)
                0x0080fd2c                __divsf3
 .text          0x0080fea0       0x78 /OPT/altera/12.1/nios2eds/bin/gnu/H-i686-pc-linux-gnu/bin/../lib/gcc/nios2-elf/4.1.2/libgcc.a(_gt_sf.o)
                0x0080fea0                __gtsf2
 .text          0x0080ff18       0x78 /OPT/altera/12.1/nios2eds/bin/gnu/H-i686-pc-linux-gnu/bin/../lib/gcc/nios2-elf/4.1.2/libgcc.a(_lt_sf.o)
                0x0080ff18                __ltsf2
 .text          0x0080ff90       0x98 /OPT/altera/12.1/nios2eds/bin/gnu/H-i686-pc-linux-gnu/bin/../lib/gcc/nios2-elf/4.1.2/libgcc.a(_si_to_sf.o)
                0x0080ff90                __floatsisf
 .text          0x00810028       0x54 /OPT/altera/12.1/nios2eds/bin/gnu/H-i686-pc-linux-gnu/bin/../lib/gcc/nios2-elf/4.1.2/libgcc.a(_sf_to_df.o)
                0x00810028                __extendsfdf2
 .text          0x0081007c        0x0 /OPT/altera/12.1/nios2eds/bin/gnu/H-i686-pc-linux-gnu/bin/../lib/gcc/nios2-elf/4.1.2/libgcc.a(_thenan_sf.o)
 .text          0x0081007c       0xc0 /OPT/altera/12.1/nios2eds/bin/gnu/H-i686-pc-linux-gnu/bin/../lib/gcc/nios2-elf/4.1.2/libgcc.a(_usi_to_sf.o)
                0x0081007c                __floatunsisf
 .text          0x0081013c      0x504 /OPT/altera/12.1/nios2eds/bin/gnu/H-i686-pc-linux-gnu/bin/../lib/gcc/nios2-elf/4.1.2/libgcc.a(_addsub_df.o)
                0x0081054c                __subdf3
                0x008105cc                __adddf3
 .text          0x00810640      0x3c4 /OPT/altera/12.1/nios2eds/bin/gnu/H-i686-pc-linux-gnu/bin/../lib/gcc/nios2-elf/4.1.2/libgcc.a(_mul_df.o)
                0x00810640                __muldf3
 .text          0x00810a04      0x258 /OPT/altera/12.1/nios2eds/bin/gnu/H-i686-pc-linux-gnu/bin/../lib/gcc/nios2-elf/4.1.2/libgcc.a(_div_df.o)
                0x00810a04                __divdf3
 .text          0x00810c5c       0x88 /OPT/altera/12.1/nios2eds/bin/gnu/H-i686-pc-linux-gnu/bin/../lib/gcc/nios2-elf/4.1.2/libgcc.a(_eq_df.o)
                0x00810c5c                __eqdf2
 .text          0x00810ce4       0x88 /OPT/altera/12.1/nios2eds/bin/gnu/H-i686-pc-linux-gnu/bin/../lib/gcc/nios2-elf/4.1.2/libgcc.a(_ne_df.o)
                0x00810ce4                __nedf2
 .text          0x00810d6c       0x88 /OPT/altera/12.1/nios2eds/bin/gnu/H-i686-pc-linux-gnu/bin/../lib/gcc/nios2-elf/4.1.2/libgcc.a(_gt_df.o)
                0x00810d6c                __gtdf2
 .text          0x00810df4       0x88 /OPT/altera/12.1/nios2eds/bin/gnu/H-i686-pc-linux-gnu/bin/../lib/gcc/nios2-elf/4.1.2/libgcc.a(_lt_df.o)
                0x00810df4                __ltdf2
 .text          0x00810e7c       0x88 /OPT/altera/12.1/nios2eds/bin/gnu/H-i686-pc-linux-gnu/bin/../lib/gcc/nios2-elf/4.1.2/libgcc.a(_le_df.o)
                0x00810e7c                __ledf2
 .text          0x00810f04       0xf8 /OPT/altera/12.1/nios2eds/bin/gnu/H-i686-pc-linux-gnu/bin/../lib/gcc/nios2-elf/4.1.2/libgcc.a(_si_to_df.o)
                0x00810f04                __floatsidf
 .text          0x00810ffc       0x38 /OPT/altera/12.1/nios2eds/bin/gnu/H-i686-pc-linux-gnu/bin/../lib/gcc/nios2-elf/4.1.2/libgcc.a(_make_df.o)
                0x00810ffc                __make_dp
 .text          0x00811034       0x74 /OPT/altera/12.1/nios2eds/bin/gnu/H-i686-pc-linux-gnu/bin/../lib/gcc/nios2-elf/4.1.2/libgcc.a(_df_to_sf.o)
                0x00811034                __truncdfsf2
 .text          0x008110a8        0x0 /OPT/altera/12.1/nios2eds/bin/gnu/H-i686-pc-linux-gnu/bin/../lib/gcc/nios2-elf/4.1.2/libgcc.a(_thenan_df.o)
 .text          0x008110a8      0x14c /OPT/altera/12.1/nios2eds/bin/gnu/H-i686-pc-linux-gnu/bin/../lib/gcc/nios2-elf/4.1.2/libgcc.a(lib2-divmod.o)
                0x00811124                __divsi3
                0x00811184                __modsi3
                0x008111e4                __udivsi3
                0x008111ec                __umodsi3
 .text          0x008111f4       0x98 /OPT/altera/12.1/nios2eds/bin/gnu/H-i686-pc-linux-gnu/bin/../lib/gcc/nios2-elf/4.1.2/libgcc.a(_muldi3.o)
                0x008111f4                __muldi3
 .text          0x0081128c       0x80 /OPT/altera/12.1/nios2eds/bin/gnu/H-i686-pc-linux-gnu/bin/../lib/gcc/nios2-elf/4.1.2/libgcc.a(_clzsi2.o)
                0x0081128c                __clzsi2
 .text          0x0081130c      0x160 /OPT/altera/12.1/nios2eds/bin/gnu/H-i686-pc-linux-gnu/bin/../lib/gcc/nios2-elf/4.1.2/libgcc.a(_pack_sf.o)
                0x0081130c                __pack_f
 .text          0x0081146c       0xc8 /OPT/altera/12.1/nios2eds/bin/gnu/H-i686-pc-linux-gnu/bin/../lib/gcc/nios2-elf/4.1.2/libgcc.a(_unpack_sf.o)
                0x0081146c                __unpack_f
 .text          0x00811534       0xa8 /OPT/altera/12.1/nios2eds/bin/gnu/H-i686-pc-linux-gnu/bin/../lib/gcc/nios2-elf/4.1.2/libgcc.a(_fpcmp_parts_sf.o)
                0x00811534                __fpcmp_parts_f
 .text          0x008115dc       0x2c /OPT/altera/12.1/nios2eds/bin/gnu/H-i686-pc-linux-gnu/bin/../lib/gcc/nios2-elf/4.1.2/libgcc.a(_make_sf.o)
                0x008115dc                __make_fp
 .text          0x00811608      0x314 /OPT/altera/12.1/nios2eds/bin/gnu/H-i686-pc-linux-gnu/bin/../lib/gcc/nios2-elf/4.1.2/libgcc.a(_pack_df.o)
                0x00811608                __pack_d
 .text          0x0081191c      0x138 /OPT/altera/12.1/nios2eds/bin/gnu/H-i686-pc-linux-gnu/bin/../lib/gcc/nios2-elf/4.1.2/libgcc.a(_unpack_df.o)
                0x0081191c                __unpack_d
 .text          0x00811a54       0xc8 /OPT/altera/12.1/nios2eds/bin/gnu/H-i686-pc-linux-gnu/bin/../lib/gcc/nios2-elf/4.1.2/libgcc.a(_fpcmp_parts_df.o)
                0x00811a54                __fpcmp_parts_d
 .text          0x00811b1c        0x0 /OPT/altera/12.1/nios2eds/bin/gnu/H-i686-pc-linux-gnu/bin/../lib/gcc/nios2-elf/4.1.2/libgcc.a(_clz.o)
 .text          0x00811b1c       0x10 /OPT/altera/12.1/nios2eds/bin/gnu/H-i686-pc-linux-gnu/bin/../lib/gcc/nios2-elf/4.1.2/../../../../nios2-elf/lib/libc.a(lib_a-errno.o)
                0x00811b1c                __errno
 .text          0x00811b2c        0x0 /OPT/altera/12.1/nios2eds/bin/gnu/H-i686-pc-linux-gnu/bin/../lib/gcc/nios2-elf/4.1.2/../../../../nios2-elf/lib/libc.a(lib_a-impure.o)
 .text          0x00811b2c       0x28 /OPT/altera/12.1/nios2eds/bin/gnu/H-i686-pc-linux-gnu/bin/../lib/gcc/nios2-elf/4.1.2/../../../../nios2-elf/lib/libc.a(lib_a-malloc.o)
                0x00811b2c                free
                0x00811b40                malloc
 .text          0x00811b54      0x740 /OPT/altera/12.1/nios2eds/bin/gnu/H-i686-pc-linux-gnu/bin/../lib/gcc/nios2-elf/4.1.2/../../../../nios2-elf/lib/libc.a(lib_a-mallocr.o)
                0x00811b54                _malloc_r
 .text          0x00812294       0xa0 /OPT/altera/12.1/nios2eds/bin/gnu/H-i686-pc-linux-gnu/bin/../lib/gcc/nios2-elf/4.1.2/../../../../nios2-elf/lib/libc.a(lib_a-memcpy.o)
                0x00812294                memcpy
 .text          0x00812334       0x80 /OPT/altera/12.1/nios2eds/bin/gnu/H-i686-pc-linux-gnu/bin/../lib/gcc/nios2-elf/4.1.2/../../../../nios2-elf/lib/libc.a(lib_a-perror.o)
                0x00812334                _perror_r
                0x008123a0                perror
 .text          0x008123b4       0x78 /OPT/altera/12.1/nios2eds/bin/gnu/H-i686-pc-linux-gnu/bin/../lib/gcc/nios2-elf/4.1.2/../../../../nios2-elf/lib/libc.a(lib_a-printf.o)
                0x008123b4                printf
                0x008123f8                _printf_r
 .text          0x0081242c       0x24 /OPT/altera/12.1/nios2eds/bin/gnu/H-i686-pc-linux-gnu/bin/../lib/gcc/nios2-elf/4.1.2/../../../../nios2-elf/lib/libc.a(lib_a-putchar.o)
                0x0081242c                putchar
                0x00812448                _putchar_r
 .text          0x00812450       0xb4 /OPT/altera/12.1/nios2eds/bin/gnu/H-i686-pc-linux-gnu/bin/../lib/gcc/nios2-elf/4.1.2/../../../../nios2-elf/lib/libc.a(lib_a-puts.o)
                0x00812450                _puts_r
                0x008124f0                puts
 .text          0x00812504       0x70 /OPT/altera/12.1/nios2eds/bin/gnu/H-i686-pc-linux-gnu/bin/../lib/gcc/nios2-elf/4.1.2/../../../../nios2-elf/lib/libc.a(lib_a-sbrkr.o)
                0x00812504                _sbrk_r
 .text          0x00812574      0x674 /OPT/altera/12.1/nios2eds/bin/gnu/H-i686-pc-linux-gnu/bin/../lib/gcc/nios2-elf/4.1.2/../../../../nios2-elf/lib/libc.a(lib_a-strerror.o)
                0x00812574                strerror
 .text          0x00812be8       0x74 /OPT/altera/12.1/nios2eds/bin/gnu/H-i686-pc-linux-gnu/bin/../lib/gcc/nios2-elf/4.1.2/../../../../nios2-elf/lib/libc.a(lib_a-strlen.o)
                0x00812be8                strlen
 .text          0x00812c5c        0x8 /OPT/altera/12.1/nios2eds/bin/gnu/H-i686-pc-linux-gnu/bin/../lib/gcc/nios2-elf/4.1.2/../../../../nios2-elf/lib/libc.a(lib_a-u_strerr.o)
                0x00812c5c                _user_strerror
 .text          0x00812c64     0x1f28 /OPT/altera/12.1/nios2eds/bin/gnu/H-i686-pc-linux-gnu/bin/../lib/gcc/nios2-elf/4.1.2/../../../../nios2-elf/lib/libc.a(lib_a-vfprintf.o)
                0x00812cbc                ___vfprintf_internal_r
                0x00814b68                __vfprintf_internal
 .text          0x00814b8c      0x13c /OPT/altera/12.1/nios2eds/bin/gnu/H-i686-pc-linux-gnu/bin/../lib/gcc/nios2-elf/4.1.2/../../../../nios2-elf/lib/libc.a(lib_a-wsetup.o)
                0x00814b8c                __swsetup_r
 .text          0x00814cc8     0x17cc /OPT/altera/12.1/nios2eds/bin/gnu/H-i686-pc-linux-gnu/bin/../lib/gcc/nios2-elf/4.1.2/../../../../nios2-elf/lib/libc.a(lib_a-dtoa.o)
                0x00814ee0                _dtoa_r
 .text          0x00816494      0x230 /OPT/altera/12.1/nios2eds/bin/gnu/H-i686-pc-linux-gnu/bin/../lib/gcc/nios2-elf/4.1.2/../../../../nios2-elf/lib/libc.a(lib_a-fflush.o)
                0x00816494                _fflush_r
                0x00816690                fflush
 .text          0x008166c4      0x2c0 /OPT/altera/12.1/nios2eds/bin/gnu/H-i686-pc-linux-gnu/bin/../lib/gcc/nios2-elf/4.1.2/../../../../nios2-elf/lib/libc.a(lib_a-findfp.o)
                0x0081671c                __sfp_lock_acquire
                0x00816720                __sfp_lock_release
                0x00816724                __sinit_lock_acquire
                0x00816728                __sinit_lock_release
                0x0081672c                __sinit
                0x008167e0                __fp_unlock_all
                0x008167f8                __fp_lock_all
                0x00816810                _cleanup_r
                0x0081681c                _cleanup
                0x0081682c                __sfmoreglue
                0x00816894                __sfp
 .text          0x00816984       0xbc /OPT/altera/12.1/nios2eds/bin/gnu/H-i686-pc-linux-gnu/bin/../lib/gcc/nios2-elf/4.1.2/../../../../nios2-elf/lib/libc.a(lib_a-fputc.o)
                0x00816984                fputc
                0x008169e8                _fputc_r
 .text          0x00816a40       0x90 /OPT/altera/12.1/nios2eds/bin/gnu/H-i686-pc-linux-gnu/bin/../lib/gcc/nios2-elf/4.1.2/../../../../nios2-elf/lib/libc.a(lib_a-fputs.o)
                0x00816a40                _fputs_r
                0x00816ab4                fputs
 .text          0x00816ad0      0x440 /OPT/altera/12.1/nios2eds/bin/gnu/H-i686-pc-linux-gnu/bin/../lib/gcc/nios2-elf/4.1.2/../../../../nios2-elf/lib/libc.a(lib_a-freer.o)
                0x00816ad0                _malloc_trim_r
                0x00816bfc                _free_r
 .text          0x00816f10      0x49c /OPT/altera/12.1/nios2eds/bin/gnu/H-i686-pc-linux-gnu/bin/../lib/gcc/nios2-elf/4.1.2/../../../../nios2-elf/lib/libc.a(lib_a-fvwrite.o)
                0x00816f10                __sfvwrite_r
 .text          0x008173ac      0x180 /OPT/altera/12.1/nios2eds/bin/gnu/H-i686-pc-linux-gnu/bin/../lib/gcc/nios2-elf/4.1.2/../../../../nios2-elf/lib/libc.a(lib_a-fwalk.o)
                0x008173ac                _fwalk_reent
                0x00817474                _fwalk
 .text          0x0081752c        0x0 /OPT/altera/12.1/nios2eds/bin/gnu/H-i686-pc-linux-gnu/bin/../lib/gcc/nios2-elf/4.1.2/../../../../nios2-elf/lib/libc.a(lib_a-int_errno.o)
 .text          0x0081752c       0xc4 /OPT/altera/12.1/nios2eds/bin/gnu/H-i686-pc-linux-gnu/bin/../lib/gcc/nios2-elf/4.1.2/../../../../nios2-elf/lib/libc.a(lib_a-locale.o)
                0x0081752c                __locale_charset
                0x00817534                _localeconv_r
                0x00817540                localeconv
                0x00817550                _setlocale_r
                0x008175d4                setlocale
 .text          0x008175f0      0x194 /OPT/altera/12.1/nios2eds/bin/gnu/H-i686-pc-linux-gnu/bin/../lib/gcc/nios2-elf/4.1.2/../../../../nios2-elf/lib/libc.a(lib_a-makebuf.o)
                0x008175f0                __smakebuf_r
 .text          0x00817784       0xe4 /OPT/altera/12.1/nios2eds/bin/gnu/H-i686-pc-linux-gnu/bin/../lib/gcc/nios2-elf/4.1.2/../../../../nios2-elf/lib/libc.a(lib_a-memchr.o)
                0x00817784                memchr
 .text          0x00817868       0xe0 /OPT/altera/12.1/nios2eds/bin/gnu/H-i686-pc-linux-gnu/bin/../lib/gcc/nios2-elf/4.1.2/../../../../nios2-elf/lib/libc.a(lib_a-memmove.o)
                0x00817868                memmove
 .text          0x00817948       0x98 /OPT/altera/12.1/nios2eds/bin/gnu/H-i686-pc-linux-gnu/bin/../lib/gcc/nios2-elf/4.1.2/../../../../nios2-elf/lib/libc.a(lib_a-memset.o)
                0x00817948                memset
 .text          0x008179e0      0xff4 /OPT/altera/12.1/nios2eds/bin/gnu/H-i686-pc-linux-gnu/bin/../lib/gcc/nios2-elf/4.1.2/../../../../nios2-elf/lib/libc.a(lib_a-mprec.o)
                0x008179e0                _Bfree
                0x00817a08                __hi0bits
                0x00817a78                __lo0bits
                0x00817b3c                __mcmp
                0x00817b9c                __ulp
                0x00817c1c                __b2d
                0x00817d3c                __ratio
                0x00817dec                _mprec_log10
                0x00817e80                __copybits
                0x00817ed8                __any_on
                0x00817f60                _Balloc
                0x0081801c                __d2b
                0x00818198                __mdiff
                0x00818324                __lshift
                0x00818470                __multiply
                0x00818658                __i2b
                0x00818694                __multadd
                0x00818794                __pow5mult
                0x008188b4                __s2b
 .text          0x008189d4      0x1ec /OPT/altera/12.1/nios2eds/bin/gnu/H-i686-pc-linux-gnu/bin/../lib/gcc/nios2-elf/4.1.2/../../../../nios2-elf/lib/libc.a(lib_a-putc.o)
                0x008189d4                putc
                0x00818ad8                _putc_r
 .text          0x00818bc0      0x5f4 /OPT/altera/12.1/nios2eds/bin/gnu/H-i686-pc-linux-gnu/bin/../lib/gcc/nios2-elf/4.1.2/../../../../nios2-elf/lib/libc.a(lib_a-reallocr.o)
                0x00818bc0                _realloc_r
 .text          0x008191b4       0x40 /OPT/altera/12.1/nios2eds/bin/gnu/H-i686-pc-linux-gnu/bin/../lib/gcc/nios2-elf/4.1.2/../../../../nios2-elf/lib/libc.a(lib_a-s_isinfd.o)
                0x008191b4                __isinfd
 .text          0x008191f4      0x14c /OPT/altera/12.1/nios2eds/bin/gnu/H-i686-pc-linux-gnu/bin/../lib/gcc/nios2-elf/4.1.2/../../../../nios2-elf/lib/libc.a(lib_a-stdio.o)
                0x008191f4                __sclose
                0x008191fc                __sseek
                0x00819264                __swrite
                0x008192e0                __sread
 .text          0x00819340       0xbc /OPT/altera/12.1/nios2eds/bin/gnu/H-i686-pc-linux-gnu/bin/../lib/gcc/nios2-elf/4.1.2/../../../../nios2-elf/lib/libc.a(lib_a-strcmp.o)
                0x00819340                strcmp
 .text          0x008193fc      0x14c /OPT/altera/12.1/nios2eds/bin/gnu/H-i686-pc-linux-gnu/bin/../lib/gcc/nios2-elf/4.1.2/../../../../nios2-elf/lib/libc.a(lib_a-wbuf.o)
                0x008193fc                __swbuf_r
                0x0081952c                __swbuf
 .text          0x00819548       0x78 /OPT/altera/12.1/nios2eds/bin/gnu/H-i686-pc-linux-gnu/bin/../lib/gcc/nios2-elf/4.1.2/../../../../nios2-elf/lib/libc.a(lib_a-writer.o)
                0x00819548                _write_r
 .text          0x008195c0       0xb4 /OPT/altera/12.1/nios2eds/bin/gnu/H-i686-pc-linux-gnu/bin/../lib/gcc/nios2-elf/4.1.2/../../../../nios2-elf/lib/libc.a(lib_a-callocr.o)
                0x008195c0                _calloc_r
 .text          0x00819674       0x70 /OPT/altera/12.1/nios2eds/bin/gnu/H-i686-pc-linux-gnu/bin/../lib/gcc/nios2-elf/4.1.2/../../../../nios2-elf/lib/libc.a(lib_a-closer.o)
                0x00819674                _close_r
 .text          0x008196e4      0x124 /OPT/altera/12.1/nios2eds/bin/gnu/H-i686-pc-linux-gnu/bin/../lib/gcc/nios2-elf/4.1.2/../../../../nios2-elf/lib/libc.a(lib_a-fclose.o)
                0x008196e4                _fclose_r
                0x008197f4                fclose
 .text          0x00819808       0x74 /OPT/altera/12.1/nios2eds/bin/gnu/H-i686-pc-linux-gnu/bin/../lib/gcc/nios2-elf/4.1.2/../../../../nios2-elf/lib/libc.a(lib_a-fstatr.o)
                0x00819808                _fstat_r
 .text          0x0081987c       0x70 /OPT/altera/12.1/nios2eds/bin/gnu/H-i686-pc-linux-gnu/bin/../lib/gcc/nios2-elf/4.1.2/../../../../nios2-elf/lib/libc.a(lib_a-isattyr.o)
                0x0081987c                _isatty_r
 .text          0x008198ec       0x78 /OPT/altera/12.1/nios2eds/bin/gnu/H-i686-pc-linux-gnu/bin/../lib/gcc/nios2-elf/4.1.2/../../../../nios2-elf/lib/libc.a(lib_a-lseekr.o)
                0x008198ec                _lseek_r
 .text          0x00819964       0x78 /OPT/altera/12.1/nios2eds/bin/gnu/H-i686-pc-linux-gnu/bin/../lib/gcc/nios2-elf/4.1.2/../../../../nios2-elf/lib/libc.a(lib_a-readr.o)
                0x00819964                _read_r
 .text          0x008199dc      0x5dc /OPT/altera/12.1/nios2eds/bin/gnu/H-i686-pc-linux-gnu/bin/../lib/gcc/nios2-elf/4.1.2/libgcc.a(_udivdi3.o)
                0x008199dc                __udivdi3
 .text          0x00819fb8      0x5b0 /OPT/altera/12.1/nios2eds/bin/gnu/H-i686-pc-linux-gnu/bin/../lib/gcc/nios2-elf/4.1.2/libgcc.a(_umoddi3.o)
                0x00819fb8                __umoddi3
 .text          0x0081a568       0x88 /OPT/altera/12.1/nios2eds/bin/gnu/H-i686-pc-linux-gnu/bin/../lib/gcc/nios2-elf/4.1.2/libgcc.a(_ge_df.o)
                0x0081a568                __gedf2
 .text          0x0081a5f0       0xd8 /OPT/altera/12.1/nios2eds/bin/gnu/H-i686-pc-linux-gnu/bin/../lib/gcc/nios2-elf/4.1.2/libgcc.a(_df_to_si.o)
                0x0081a5f0                __fixdfsi
 .text          0x0081a6c8      0x194 /OPT/altera/12.1/nios2eds/bin/gnu/H-i686-pc-linux-gnu/bin/../lib/gcc/nios2-elf/4.1.2/libgcc.a(_usi_to_df.o)
                0x0081a6c8                __floatunsidf
 .text          0x0081a85c      0x15c ../capstone_Volatile_bsp//libucosii_bsp.a(alt_close.o)
                0x0081a85c                close
 .text          0x0081a9b8       0x2c ../capstone_Volatile_bsp//libucosii_bsp.a(alt_dev.o)
 .text          0x0081a9e4        0x0 ../capstone_Volatile_bsp//libucosii_bsp.a(alt_errno.o)
 .text          0x0081a9e4      0x134 ../capstone_Volatile_bsp//libucosii_bsp.a(alt_fstat.o)
                0x0081a9e4                fstat
 .text          0x0081ab18      0x1c0 ../capstone_Volatile_bsp//libucosii_bsp.a(alt_irq_register.o)
                0x0081ab18                alt_irq_register
 .text          0x0081acd8        0x0 ../capstone_Volatile_bsp//libucosii_bsp.a(alt_irq_vars.o)
 .text          0x0081acd8      0x120 ../capstone_Volatile_bsp//libucosii_bsp.a(alt_isatty.o)
                0x0081acd8                isatty
 .text          0x0081adf8      0x150 ../capstone_Volatile_bsp//libucosii_bsp.a(alt_lseek.o)
                0x0081adf8                lseek
 .text          0x0081af48       0xc8 ../capstone_Volatile_bsp//libucosii_bsp.a(alt_main.o)
                0x0081af48                alt_main
 .text          0x0081b010      0x180 ../capstone_Volatile_bsp//libucosii_bsp.a(alt_read.o)
                0x0081b010                read
 .text          0x0081b190       0x60 ../capstone_Volatile_bsp//libucosii_bsp.a(alt_release_fd.o)
                0x0081b190                alt_release_fd
 .text          0x0081b1f0       0xbc ../capstone_Volatile_bsp//libucosii_bsp.a(alt_sbrk.o)
                0x0081b1f0                sbrk
 .text          0x0081b2ac      0x118 ../capstone_Volatile_bsp//libucosii_bsp.a(alt_usleep.o)
                0x0081b2ac                usleep
 .text          0x0081b3c4      0x180 ../capstone_Volatile_bsp//libucosii_bsp.a(alt_write.o)
                0x0081b3c4                write
 .text          0x0081b544      0x108 ../capstone_Volatile_bsp//libucosii_bsp.a(alt_env_lock.o)
                0x0081b544                __env_lock
                0x0081b5f0                __env_unlock
 .text          0x0081b64c      0x1d8 ../capstone_Volatile_bsp//libucosii_bsp.a(alt_malloc_lock.o)
                0x0081b64c                __malloc_lock
                0x0081b754                __malloc_unlock
 .text          0x0081b824     0x2128 ../capstone_Volatile_bsp//libucosii_bsp.a(os_core.o)
                0x0081b824                OSEventNameGet
                0x0081b954                OSEventNameSet
                0x0081ba98                OSEventPendMulti
                0x0081c14c                OSInit
                0x0081c1a0                OSIntEnter
                0x0081c21c                OSIntExit
                0x0081c31c                OSSchedLock
                0x0081c3a8                OSSchedUnlock
                0x0081c48c                OSStart
                0x0081c4fc                OSStatInit
                0x0081c5a8                OSTimeTick
                0x0081c7e8                OSVersion
                0x0081c808                OS_Dummy
                0x0081c824                OS_EventTaskRdy
                0x0081c9b8                OS_EventTaskWait
                0x0081cac8                OS_EventTaskWaitMulti
                0x0081cc1c                OS_EventTaskRemove
                0x0081ccd4                OS_EventTaskRemoveMulti
                0x0081cdd8                OS_EventWaitListInit
                0x0081d1a4                OS_MemClr
                0x0081d1f8                OS_MemCopy
                0x0081d264                OS_Sched
                0x0081d3a8                OS_StrCopy
                0x0081d428                OS_StrLen
                0x0081d480                OS_TaskIdle
                0x0081d4dc                OS_TaskStat
                0x0081d5a4                OS_TaskStatStkChk
                0x0081d66c                OS_TCBInit
 .text          0x0081d94c      0x18c ../capstone_Volatile_bsp//libucosii_bsp.a(os_dbg.o)
                0x0081d94c                OSDebugInit
 .text          0x0081dad8     0x193c ../capstone_Volatile_bsp//libucosii_bsp.a(os_flag.o)
                0x0081dad8                OSFlagAccept
                0x0081de0c                OSFlagCreate
                0x0081df48                OSFlagDel
                0x0081e1f0                OSFlagNameGet
                0x0081e334                OSFlagNameSet
                0x0081e488                OSFlagPend
                0x0081eacc                OSFlagPendGetFlagsRdy
                0x0081eb34                OSFlagPost
                0x0081eedc                OSFlagQuery
                0x0081f174                OS_FlagInit
                0x0081f368                OS_FlagUnlink
 .text          0x0081f414      0x808 ../capstone_Volatile_bsp//libucosii_bsp.a(os_mem.o)
                0x0081f414                OSMemCreate
                0x0081f630                OSMemGet
                0x0081f734                OSMemNameGet
                0x0081f840                OSMemNameSet
                0x0081f960                OSMemPut
                0x0081fa50                OSMemQuery
                0x0081fb4c                OS_MemInit
 .text          0x0081fc1c     0x1334 ../capstone_Volatile_bsp//libucosii_bsp.a(os_q.o)
                0x0081fc1c                OSQAccept
                0x0081fd70                OSQCreate
                0x0081ff84                OSQDel
                0x00820284                OSQFlush
                0x0082034c                OSQPend
                0x0082066c                OSQPendAbort
                0x008207e8                OSQPost
                0x00820968                OSQPostFront
                0x00820af0                OSQPostOpt
                0x00820d24                OSQQuery
                0x00820ea4                OS_QInit
 .text          0x00820f50      0xbc8 ../capstone_Volatile_bsp//libucosii_bsp.a(os_sem.o)
                0x00820f50                OSSemAccept
                0x00821010                OSSemCreate
                0x00821124                OSSemDel
                0x008213c4                OSSemPend
                0x00821640                OSSemPendAbort
                0x008217bc                OSSemPost
                0x008218e4                OSSemQuery
                0x00821a14                OSSemSet
 .text          0x00821b18     0x1a40 ../capstone_Volatile_bsp//libucosii_bsp.a(os_task.o)
                0x00821b18                OSTaskChangePrio
                0x0082208c                OSTaskCreate
                0x00822260                OSTaskCreateExt
                0x00822460                OSTaskDel
                0x0082286c                OSTaskDelReq
                0x008229dc                OSTaskNameGet
                0x00822b94                OSTaskNameSet
                0x00822d58                OSTaskResume
                0x00822f70                OSTaskStkChk
                0x0082316c                OSTaskSuspend
                0x00823398                OSTaskQuery
                0x008234dc                OS_TaskStkClr
 .text          0x00823558      0x598 ../capstone_Volatile_bsp//libucosii_bsp.a(os_time.o)
                0x00823558                OSTimeDly
                0x008236a4                OSTimeDlyHMSM
                0x00823818                OSTimeDlyResume
                0x00823a28                OSTimeGet
                0x00823a8c                OSTimeSet
 .text          0x00823af0       0xf8 ../capstone_Volatile_bsp//libucosii_bsp.a(alt_sys_init.o)
                0x00823af0                alt_irq_init
                0x00823b24                alt_sys_init
 .text          0x00823be8      0x148 ../capstone_Volatile_bsp//libucosii_bsp.a(altera_avalon_jtag_uart_fd.o)
                0x00823be8                altera_avalon_jtag_uart_read_fd
                0x00823c40                altera_avalon_jtag_uart_write_fd
                0x00823c98                altera_avalon_jtag_uart_close_fd
                0x00823ce0                altera_avalon_jtag_uart_ioctl_fd
 .text          0x00823d30      0x580 ../capstone_Volatile_bsp//libucosii_bsp.a(altera_avalon_jtag_uart_init.o)
                0x00823d30                altera_avalon_jtag_uart_init
                0x0082423c                altera_avalon_jtag_uart_close
 .text          0x008242b0       0xf4 ../capstone_Volatile_bsp//libucosii_bsp.a(altera_avalon_jtag_uart_ioctl.o)
                0x008242b0                altera_avalon_jtag_uart_ioctl
 .text          0x008243a4      0x2c0 ../capstone_Volatile_bsp//libucosii_bsp.a(altera_avalon_jtag_uart_read.o)
                0x008243a4                altera_avalon_jtag_uart_read
 .text          0x00824664      0x2dc ../capstone_Volatile_bsp//libucosii_bsp.a(altera_avalon_jtag_uart_write.o)
                0x00824664                altera_avalon_jtag_uart_write
 .text          0x00824940       0xfc ../capstone_Volatile_bsp//libucosii_bsp.a(altera_avalon_timer_sc.o)
                0x008249b4                alt_avalon_timer_sc_init
 .text          0x00824a3c      0x80c ../capstone_Volatile_bsp//libucosii_bsp.a(altera_up_avalon_audio.o)
                0x00824a3c                alt_up_audio_open_dev
                0x00824a7c                alt_up_audio_enable_read_interrupt
                0x00824ac8                alt_up_audio_disable_read_interrupt
                0x00824b18                alt_up_audio_enable_write_interrupt
                0x00824b64                alt_up_audio_disable_write_interrupt
                0x00824bb4                alt_up_audio_read_interrupt_pending
                0x00824bf0                alt_up_audio_write_interrupt_pending
                0x00824c2c                alt_up_audio_reset_audio_core
                0x00824cb4                alt_up_audio_read_fifo_avail
                0x00824d24                alt_up_audio_record_r
                0x00824d94                alt_up_audio_record_l
                0x00824e04                alt_up_audio_write_fifo_space
                0x00824e78                alt_up_audio_play_r
                0x00824ee8                alt_up_audio_play_l
                0x00824f58                alt_up_audio_read_fifo
                0x0082505c                alt_up_audio_write_fifo
                0x00825188                alt_up_audio_read_fifo_head
                0x008251e8                alt_up_audio_write_fifo_head
 .text          0x00825248      0x788 ../capstone_Volatile_bsp//libucosii_bsp.a(altera_up_avalon_audio_and_video_config.o)
                0x00825248                alt_up_av_config_open_dev
                0x008252ac                alt_up_av_config_write_data
                0x00825310                alt_up_av_config_read_data
                0x0082539c                alt_up_av_config_reset
                0x008253d4                alt_up_av_config_enable_interrupt
                0x0082540c                alt_up_av_config_disable_interrupt
                0x0082543c                alt_up_av_config_read_acknowledge
                0x008254a4                alt_up_av_config_read_ready
                0x008254dc                alt_up_av_config_write_audio_cfg_register
                0x00825588                alt_up_av_config_read_video_cfg_register
                0x00825680                alt_up_av_config_write_video_cfg_register
                0x00825778                alt_up_av_config_read_DC2_cfg_register
                0x008257dc                alt_up_av_config_write_DC2_cfg_register
                0x00825840                alt_up_av_config_read_D5M_cfg_register
                0x008258a4                alt_up_av_config_write_D5M_cfg_register
                0x00825908                alt_up_av_config_read_LTM_cfg_register
                0x0082596c                alt_up_av_config_write_LTM_cfg_register
 .text          0x008259d0      0x530 ../capstone_Volatile_bsp//libucosii_bsp.a(altera_up_avalon_character_lcd.o)
                0x008259d0                get_DDRAM_addr
                0x00825a4c                alt_up_character_lcd_send_cmd
                0x00825a80                alt_up_character_lcd_init
                0x00825ab4                alt_up_character_lcd_open_dev
                0x00825af4                alt_up_character_lcd_write
                0x00825b6c                alt_up_character_lcd_string
                0x00825be4                alt_up_character_lcd_write_fd
                0x00825c30                alt_up_character_lcd_set_cursor_pos
                0x00825ca8                alt_up_character_lcd_shift_cursor
                0x00825d58                alt_up_character_lcd_shift_display
                0x00825e08                alt_up_character_lcd_erase_pos
                0x00825e98                alt_up_character_lcd_cursor_off
                0x00825ecc                alt_up_character_lcd_cursor_blink_on
 .text          0x00825f00      0x154 ../capstone_Volatile_bsp//libucosii_bsp.a(alt_alarm_start.o)
                0x00825f00                alt_alarm_start
 .text          0x00826054      0x14c ../capstone_Volatile_bsp//libucosii_bsp.a(alt_busy_sleep.o)
                0x00826054                alt_busy_sleep
 .text          0x008261a0      0x114 ../capstone_Volatile_bsp//libucosii_bsp.a(alt_dev_llist_insert.o)
                0x008261a0                alt_dev_llist_insert
 .text          0x008262b4       0x64 ../capstone_Volatile_bsp//libucosii_bsp.a(alt_do_ctors.o)
                0x008262b4                _do_ctors
 .text          0x00826318       0x64 ../capstone_Volatile_bsp//libucosii_bsp.a(alt_do_dtors.o)
                0x00826318                _do_dtors
 .text          0x0082637c       0x94 ../capstone_Volatile_bsp//libucosii_bsp.a(alt_find_dev.o)
                0x0082637c                alt_find_dev
 .text          0x00826410      0x13c ../capstone_Volatile_bsp//libucosii_bsp.a(alt_io_redirect.o)
                0x008264d4                alt_io_redirect
 .text          0x0082654c        0x0 ../capstone_Volatile_bsp//libucosii_bsp.a(alt_irq_entry.o)
 .text          0x0082654c        0x0 ../capstone_Volatile_bsp//libucosii_bsp.a(alt_irq_handler.o)
 .text          0x0082654c      0x2c4 ../capstone_Volatile_bsp//libucosii_bsp.a(alt_open.o)
                0x00826628                open
 .text          0x00826810      0x1a8 ../capstone_Volatile_bsp//libucosii_bsp.a(alt_tick.o)
                0x00826810                alt_alarm_stop
                0x008268a8                alt_tick
 .text          0x008269b8       0x20 ../capstone_Volatile_bsp//libucosii_bsp.a(altera_nios2_qsys_irq.o)
                0x008269b8                altera_nios2_qsys_irq_init
 .text          0x008269d8       0xd0 ../capstone_Volatile_bsp//libucosii_bsp.a(os_cpu_a.o)
                0x008269d8                OSCtxSw
                0x008269d8                OSIntCtxSw
                0x00826a64                OSStartHighRdy
                0x00826a84                OSStartTsk
 .text          0x00826aa8      0x418 ../capstone_Volatile_bsp//libucosii_bsp.a(os_cpu_c.o)
                0x00826aa8                OSTaskStkInit
                0x00826db8                OSTaskCreateHook
                0x00826dd8                OSTaskDelHook
                0x00826df8                OSTaskSwHook
                0x00826e14                OSTaskStatHook
                0x00826e30                OSTimeTickHook
                0x00826e4c                OSInitHookBegin
                0x00826e68                OSInitHookEnd
                0x00826e84                OSTaskIdleHook
                0x00826ea0                OSTCBInitHook
 .text          0x00826ec0        0x0 ../capstone_Volatile_bsp//libucosii_bsp.a(alt_exception_entry.o)
 .text          0x00826ec0      0x120 ../capstone_Volatile_bsp//libucosii_bsp.a(alt_find_file.o)
                0x00826ec0                alt_find_file
 .text          0x00826fe0       0xf4 ../capstone_Volatile_bsp//libucosii_bsp.a(alt_get_fd.o)
                0x00826fe0                alt_get_fd
 .text          0x008270d4       0x14 /OPT/altera/12.1/nios2eds/bin/gnu/H-i686-pc-linux-gnu/bin/../lib/gcc/nios2-elf/4.1.2/../../../../nios2-elf/lib/libc.a(lib_a-atexit.o)
                0x008270d4                atexit
 .text          0x008270e8       0x38 /OPT/altera/12.1/nios2eds/bin/gnu/H-i686-pc-linux-gnu/bin/../lib/gcc/nios2-elf/4.1.2/../../../../nios2-elf/lib/libc.a(lib_a-exit.o)
                0x008270e8                exit
 .text          0x00827120       0x74 /OPT/altera/12.1/nios2eds/bin/gnu/H-i686-pc-linux-gnu/bin/../lib/gcc/nios2-elf/4.1.2/../../../../nios2-elf/lib/libc.a(lib_a-memcmp.o)
                0x00827120                memcmp
 .text          0x00827194      0x134 /OPT/altera/12.1/nios2eds/bin/gnu/H-i686-pc-linux-gnu/bin/../lib/gcc/nios2-elf/4.1.2/../../../../nios2-elf/lib/libc.a(lib_a-__atexit.o)
                0x00827194                __register_exitproc
 .text          0x008272c8      0x1b4 /OPT/altera/12.1/nios2eds/bin/gnu/H-i686-pc-linux-gnu/bin/../lib/gcc/nios2-elf/4.1.2/../../../../nios2-elf/lib/libc.a(lib_a-__call_atexit.o)
                0x008272cc                __call_exitprocs
 .text          0x0082747c       0x6c ../capstone_Volatile_bsp//libucosii_bsp.a(alt_exit.o)
                0x008274bc                _exit
 *(.gnu.warning.*)
 *(.fini)
                0x008274e8                PROVIDE (__etext, ABSOLUTE (.))
                0x008274e8                PROVIDE (_etext, ABSOLUTE (.))
                0x008274e8                PROVIDE (etext, ABSOLUTE (.))
 *(.eh_frame_hdr)
                0x008274e8                . = ALIGN (0x4)
                0x008274e8                PROVIDE (__preinit_array_start, ABSOLUTE (.))
 *(.preinit_array)
                0x008274e8                PROVIDE (__preinit_array_end, ABSOLUTE (.))
                0x008274e8                PROVIDE (__init_array_start, ABSOLUTE (.))
 *(.init_array)
                0x008274e8                PROVIDE (__init_array_end, ABSOLUTE (.))
                0x008274e8                PROVIDE (__fini_array_start, ABSOLUTE (.))
 *(.fini_array)
                0x008274e8                PROVIDE (__fini_array_end, ABSOLUTE (.))
 *(.eh_frame)
 *(.gcc_except_table)
 *(.dynamic)
                0x008274e8                PROVIDE (__CTOR_LIST__, ABSOLUTE (.))
 *(.ctors)
 *(SORT(.ctors.*))
 .ctors.65535   0x008274e8        0x4 /OPT/altera/12.1/nios2eds/bin/gnu/H-i686-pc-linux-gnu/bin/../lib/gcc/nios2-elf/4.1.2/../../../../nios2-elf/lib/libc.a(lib_a-__call_atexit.o)
                0x008274ec                PROVIDE (__CTOR_END__, ABSOLUTE (.))
                0x008274ec                PROVIDE (__DTOR_LIST__, ABSOLUTE (.))
 *(.dtors)
 *(SORT(.dtors.*))
                0x008274ec                PROVIDE (__DTOR_END__, ABSOLUTE (.))
 *(.jcr)
                0x008274ec                . = ALIGN (0x4)

.rodata         0x008274ec     0x16a8
                0x008274ec                PROVIDE (__ram_rodata_start, ABSOLUTE (.))
                0x008274ec                . = ALIGN (0x4)
 *(.rodata .rodata.* .gnu.linkonce.r.*)
 .rodata        0x008274ec       0x10 obj/default/MPU9250/mpu9250.o
 .rodata        0x008274fc       0x94 obj/default/audio.o
 .rodata        0x00827590       0x20 obj/default/buttons.o
 .rodata        0x008275b0       0x40 obj/default/efsl/fat.o
 .rodata        0x008275f0       0xa4 obj/default/efsl/ioman.o
 .rodata        0x00827694       0x5c obj/default/efsl/mkfs.o
 .rodata        0x008276f0       0xbc obj/default/efsl/nios2.o
 .rodata        0x008277ac      0x234 obj/default/efsl/sd.o
 .rodata        0x008279e0       0x54 obj/default/efsl/ui.o
 .rodata        0x00827a34       0xd0 obj/default/i2c/I2C.o
 .rodata        0x00827b04      0x224 obj/default/imu_i2c.o
 .rodata        0x00827d28       0xa8 obj/default/main.o
 .rodata        0x00827dd0      0x118 obj/default/sd.o
 .rodata.str1.4
                0x00827ee8        0x4 /OPT/altera/12.1/nios2eds/bin/gnu/H-i686-pc-linux-gnu/bin/../lib/gcc/nios2-elf/4.1.2/../../../../nios2-elf/lib/libm.a(lib_a-w_pow.o)
 .rodata.str1.4
                0x00000000        0x4 /OPT/altera/12.1/nios2eds/bin/gnu/H-i686-pc-linux-gnu/bin/../lib/gcc/nios2-elf/4.1.2/../../../../nios2-elf/lib/libm.a(lib_a-e_pow.o)
 .rodata        0x00827eec       0x30 /OPT/altera/12.1/nios2eds/bin/gnu/H-i686-pc-linux-gnu/bin/../lib/gcc/nios2-elf/4.1.2/../../../../nios2-elf/lib/libm.a(lib_a-e_pow.o)
 .rodata        0x00827f1c       0x10 /OPT/altera/12.1/nios2eds/bin/gnu/H-i686-pc-linux-gnu/bin/../lib/gcc/nios2-elf/4.1.2/../../../../nios2-elf/lib/libm.a(lib_a-s_rint.o)
 .rodata        0x00827f2c       0x10 /OPT/altera/12.1/nios2eds/bin/gnu/H-i686-pc-linux-gnu/bin/../lib/gcc/nios2-elf/4.1.2/libgcc.a(_thenan_sf.o)
                0x00827f2c                __thenan_sf
 .rodata        0x00827f3c       0x14 /OPT/altera/12.1/nios2eds/bin/gnu/H-i686-pc-linux-gnu/bin/../lib/gcc/nios2-elf/4.1.2/libgcc.a(_thenan_df.o)
                0x00827f3c                __thenan_df
 .rodata        0x00827f50      0x100 /OPT/altera/12.1/nios2eds/bin/gnu/H-i686-pc-linux-gnu/bin/../lib/gcc/nios2-elf/4.1.2/libgcc.a(_clz.o)
                0x00827f50                __clz_tab
 .rodata.str1.4
                0x00828050        0x2 /OPT/altera/12.1/nios2eds/bin/gnu/H-i686-pc-linux-gnu/bin/../lib/gcc/nios2-elf/4.1.2/../../../../nios2-elf/lib/libc.a(lib_a-impure.o)
                                  0x4 (size before relaxing)
 *fill*         0x00828052        0x2 00
 .rodata.str1.4
                0x00828054        0x3 /OPT/altera/12.1/nios2eds/bin/gnu/H-i686-pc-linux-gnu/bin/../lib/gcc/nios2-elf/4.1.2/../../../../nios2-elf/lib/libc.a(lib_a-perror.o)
                                  0x4 (size before relaxing)
 *fill*         0x00828057        0x1 00
 .rodata.str1.4
                0x00828058        0x2 /OPT/altera/12.1/nios2eds/bin/gnu/H-i686-pc-linux-gnu/bin/../lib/gcc/nios2-elf/4.1.2/../../../../nios2-elf/lib/libc.a(lib_a-puts.o)
                                  0x4 (size before relaxing)
 *fill*         0x0082805a        0x2 00
 .rodata.str1.4
                0x0082805c      0x7a2 /OPT/altera/12.1/nios2eds/bin/gnu/H-i686-pc-linux-gnu/bin/../lib/gcc/nios2-elf/4.1.2/../../../../nios2-elf/lib/libc.a(lib_a-strerror.o)
                                0x7a8 (size before relaxing)
 *fill*         0x008287fe        0x2 00
 .rodata.str1.4
                0x00828800       0x5e /OPT/altera/12.1/nios2eds/bin/gnu/H-i686-pc-linux-gnu/bin/../lib/gcc/nios2-elf/4.1.2/../../../../nios2-elf/lib/libc.a(lib_a-vfprintf.o)
                                 0x60 (size before relaxing)
 .rodata        0x0082885e       0x20 /OPT/altera/12.1/nios2eds/bin/gnu/H-i686-pc-linux-gnu/bin/../lib/gcc/nios2-elf/4.1.2/../../../../nios2-elf/lib/libc.a(lib_a-vfprintf.o)
 *fill*         0x0082887e        0x2 00
 .rodata.str1.4
                0x00828880       0x10 /OPT/altera/12.1/nios2eds/bin/gnu/H-i686-pc-linux-gnu/bin/../lib/gcc/nios2-elf/4.1.2/../../../../nios2-elf/lib/libc.a(lib_a-dtoa.o)
                                 0x14 (size before relaxing)
 .rodata.str1.4
                0x00828890       0x10 /OPT/altera/12.1/nios2eds/bin/gnu/H-i686-pc-linux-gnu/bin/../lib/gcc/nios2-elf/4.1.2/../../../../nios2-elf/lib/libc.a(lib_a-locale.o)
                                 0x18 (size before relaxing)
 .rodata        0x008288a0       0x30 /OPT/altera/12.1/nios2eds/bin/gnu/H-i686-pc-linux-gnu/bin/../lib/gcc/nios2-elf/4.1.2/../../../../nios2-elf/lib/libc.a(lib_a-locale.o)
 .rodata        0x008288d0      0x124 /OPT/altera/12.1/nios2eds/bin/gnu/H-i686-pc-linux-gnu/bin/../lib/gcc/nios2-elf/4.1.2/../../../../nios2-elf/lib/libc.a(lib_a-mprec.o)
                0x008288d0                __mprec_tens
                0x00828998                __mprec_bigtens
                0x008289c0                __mprec_tinytens
 .rodata        0x008289f4        0xc ../capstone_Volatile_bsp//libucosii_bsp.a(alt_dev.o)
 .rodata        0x00828a00       0x14 ../capstone_Volatile_bsp//libucosii_bsp.a(alt_main.o)
 .rodata        0x00828a14      0x120 ../capstone_Volatile_bsp//libucosii_bsp.a(os_core.o)
                0x00828a14                OSUnMapTbl
 .rodata        0x00828b34       0x5c ../capstone_Volatile_bsp//libucosii_bsp.a(alt_sys_init.o)
 .rodata        0x00828b90        0x4 ../capstone_Volatile_bsp//libucosii_bsp.a(os_cpu_c.o)
 *(.rodata1)
                0x00828b94                . = ALIGN (0x4)
                0x00828b94                PROVIDE (__ram_rodata_end, ABSOLUTE (.))
                0x008274ec                PROVIDE (__flash_rodata_start, LOADADDR (.rodata))

.rwdata         0x00828b94     0x1b80
                0x00828b94                PROVIDE (__ram_rwdata_start, ABSOLUTE (.))
                0x00828b94                . = ALIGN (0x4)
 *(.got.plt)
 *(.got)
 *(.data1)
 *(.data .data.* .gnu.linkonce.d.*)
 .data          0x00828b94        0x0 ../capstone_Volatile_bsp//obj/HAL/src/crt0.o
 .data          0x00828b94        0x0 obj/default/MPU9250/mpu9250.o
 .data          0x00828b94        0x0 obj/default/audio.o
 .data          0x00828b94        0x0 obj/default/buttons.o
 .data          0x00828b94        0x0 obj/default/efsl/debug.o
 .data          0x00828b94        0x0 obj/default/efsl/dir.o
 .data          0x00828b94        0x0 obj/default/efsl/disc.o
 .data          0x00828b94        0x0 obj/default/efsl/efs.o
 .data          0x00828b94        0x0 obj/default/efsl/extract.o
 .data          0x00828b94        0x0 obj/default/efsl/fat.o
 .data          0x00828b94        0x0 obj/default/efsl/file.o
 .data          0x00828b94        0x0 obj/default/efsl/fs.o
 .data          0x00828b94        0x0 obj/default/efsl/ioman.o
 .data          0x00828b94        0x0 obj/default/efsl/ls.o
 .data          0x00828b94        0x0 obj/default/efsl/mkfs.o
 .data          0x00828b94        0x0 obj/default/efsl/nios2.o
 .data          0x00828b94        0xc obj/default/efsl/nios2_ramdisk.o
 .data          0x00828ba0        0x0 obj/default/efsl/partition.o
 .data          0x00828ba0        0x0 obj/default/efsl/plibc.o
 .data          0x00828ba0        0x0 obj/default/efsl/sd.o
 .data          0x00828ba0        0x0 obj/default/efsl/time.o
 .data          0x00828ba0        0x0 obj/default/efsl/ui.o
 .data          0x00828ba0        0x0 obj/default/i2c/I2C.o
 .data          0x00828ba0        0x0 obj/default/imu_i2c.o
 .data          0x00828ba0        0x0 obj/default/main.o
 .data          0x00828ba0        0x0 obj/default/save.o
 .data          0x00828ba0        0x0 obj/default/sd.o
 .data          0x00828ba0        0x0 /OPT/altera/12.1/nios2eds/bin/gnu/H-i686-pc-linux-gnu/bin/../lib/gcc/nios2-elf/4.1.2/../../../../nios2-elf/lib/libm.a(lib_a-w_pow.o)
 .data          0x00828ba0        0x0 /OPT/altera/12.1/nios2eds/bin/gnu/H-i686-pc-linux-gnu/bin/../lib/gcc/nios2-elf/4.1.2/../../../../nios2-elf/lib/libm.a(lib_a-e_pow.o)
 .data          0x00828ba0        0x0 /OPT/altera/12.1/nios2eds/bin/gnu/H-i686-pc-linux-gnu/bin/../lib/gcc/nios2-elf/4.1.2/../../../../nios2-elf/lib/libm.a(lib_a-e_sqrt.o)
 .data          0x00828ba0        0x0 /OPT/altera/12.1/nios2eds/bin/gnu/H-i686-pc-linux-gnu/bin/../lib/gcc/nios2-elf/4.1.2/../../../../nios2-elf/lib/libm.a(lib_a-s_fabs.o)
 .data          0x00828ba0        0x0 /OPT/altera/12.1/nios2eds/bin/gnu/H-i686-pc-linux-gnu/bin/../lib/gcc/nios2-elf/4.1.2/../../../../nios2-elf/lib/libm.a(lib_a-s_finite.o)
 .data          0x00828ba0        0x0 /OPT/altera/12.1/nios2eds/bin/gnu/H-i686-pc-linux-gnu/bin/../lib/gcc/nios2-elf/4.1.2/../../../../nios2-elf/lib/libm.a(lib_a-s_isnand.o)
 .data          0x00828ba0        0x0 /OPT/altera/12.1/nios2eds/bin/gnu/H-i686-pc-linux-gnu/bin/../lib/gcc/nios2-elf/4.1.2/../../../../nios2-elf/lib/libm.a(lib_a-s_lib_ver.o)
 .data          0x00828ba0        0x0 /OPT/altera/12.1/nios2eds/bin/gnu/H-i686-pc-linux-gnu/bin/../lib/gcc/nios2-elf/4.1.2/../../../../nios2-elf/lib/libm.a(lib_a-s_matherr.o)
 .data          0x00828ba0        0x0 /OPT/altera/12.1/nios2eds/bin/gnu/H-i686-pc-linux-gnu/bin/../lib/gcc/nios2-elf/4.1.2/../../../../nios2-elf/lib/libm.a(lib_a-s_nan.o)
 .data          0x00828ba0        0x0 /OPT/altera/12.1/nios2eds/bin/gnu/H-i686-pc-linux-gnu/bin/../lib/gcc/nios2-elf/4.1.2/../../../../nios2-elf/lib/libm.a(lib_a-s_rint.o)
 .data          0x00828ba0        0x0 /OPT/altera/12.1/nios2eds/bin/gnu/H-i686-pc-linux-gnu/bin/../lib/gcc/nios2-elf/4.1.2/../../../../nios2-elf/lib/libm.a(lib_a-s_scalbn.o)
 .data          0x00828ba0        0x0 /OPT/altera/12.1/nios2eds/bin/gnu/H-i686-pc-linux-gnu/bin/../lib/gcc/nios2-elf/4.1.2/../../../../nios2-elf/lib/libm.a(lib_a-s_copysign.o)
 .data          0x00828ba0        0x0 /OPT/altera/12.1/nios2eds/bin/gnu/H-i686-pc-linux-gnu/bin/../lib/gcc/nios2-elf/4.1.2/libgcc.a(_addsub_sf.o)
 .data          0x00828ba0        0x0 /OPT/altera/12.1/nios2eds/bin/gnu/H-i686-pc-linux-gnu/bin/../lib/gcc/nios2-elf/4.1.2/libgcc.a(_mul_sf.o)
 .data          0x00828ba0        0x0 /OPT/altera/12.1/nios2eds/bin/gnu/H-i686-pc-linux-gnu/bin/../lib/gcc/nios2-elf/4.1.2/libgcc.a(_div_sf.o)
 .data          0x00828ba0        0x0 /OPT/altera/12.1/nios2eds/bin/gnu/H-i686-pc-linux-gnu/bin/../lib/gcc/nios2-elf/4.1.2/libgcc.a(_gt_sf.o)
 .data          0x00828ba0        0x0 /OPT/altera/12.1/nios2eds/bin/gnu/H-i686-pc-linux-gnu/bin/../lib/gcc/nios2-elf/4.1.2/libgcc.a(_lt_sf.o)
 .data          0x00828ba0        0x0 /OPT/altera/12.1/nios2eds/bin/gnu/H-i686-pc-linux-gnu/bin/../lib/gcc/nios2-elf/4.1.2/libgcc.a(_si_to_sf.o)
 .data          0x00828ba0        0x0 /OPT/altera/12.1/nios2eds/bin/gnu/H-i686-pc-linux-gnu/bin/../lib/gcc/nios2-elf/4.1.2/libgcc.a(_sf_to_df.o)
 .data          0x00828ba0        0x0 /OPT/altera/12.1/nios2eds/bin/gnu/H-i686-pc-linux-gnu/bin/../lib/gcc/nios2-elf/4.1.2/libgcc.a(_thenan_sf.o)
 .data          0x00828ba0        0x0 /OPT/altera/12.1/nios2eds/bin/gnu/H-i686-pc-linux-gnu/bin/../lib/gcc/nios2-elf/4.1.2/libgcc.a(_usi_to_sf.o)
 .data          0x00828ba0        0x0 /OPT/altera/12.1/nios2eds/bin/gnu/H-i686-pc-linux-gnu/bin/../lib/gcc/nios2-elf/4.1.2/libgcc.a(_addsub_df.o)
 .data          0x00828ba0        0x0 /OPT/altera/12.1/nios2eds/bin/gnu/H-i686-pc-linux-gnu/bin/../lib/gcc/nios2-elf/4.1.2/libgcc.a(_mul_df.o)
 .data          0x00828ba0        0x0 /OPT/altera/12.1/nios2eds/bin/gnu/H-i686-pc-linux-gnu/bin/../lib/gcc/nios2-elf/4.1.2/libgcc.a(_div_df.o)
 .data          0x00828ba0        0x0 /OPT/altera/12.1/nios2eds/bin/gnu/H-i686-pc-linux-gnu/bin/../lib/gcc/nios2-elf/4.1.2/libgcc.a(_eq_df.o)
 .data          0x00828ba0        0x0 /OPT/altera/12.1/nios2eds/bin/gnu/H-i686-pc-linux-gnu/bin/../lib/gcc/nios2-elf/4.1.2/libgcc.a(_ne_df.o)
 .data          0x00828ba0        0x0 /OPT/altera/12.1/nios2eds/bin/gnu/H-i686-pc-linux-gnu/bin/../lib/gcc/nios2-elf/4.1.2/libgcc.a(_gt_df.o)
 .data          0x00828ba0        0x0 /OPT/altera/12.1/nios2eds/bin/gnu/H-i686-pc-linux-gnu/bin/../lib/gcc/nios2-elf/4.1.2/libgcc.a(_lt_df.o)
 .data          0x00828ba0        0x0 /OPT/altera/12.1/nios2eds/bin/gnu/H-i686-pc-linux-gnu/bin/../lib/gcc/nios2-elf/4.1.2/libgcc.a(_le_df.o)
 .data          0x00828ba0        0x0 /OPT/altera/12.1/nios2eds/bin/gnu/H-i686-pc-linux-gnu/bin/../lib/gcc/nios2-elf/4.1.2/libgcc.a(_si_to_df.o)
 .data          0x00828ba0        0x0 /OPT/altera/12.1/nios2eds/bin/gnu/H-i686-pc-linux-gnu/bin/../lib/gcc/nios2-elf/4.1.2/libgcc.a(_make_df.o)
 .data          0x00828ba0        0x0 /OPT/altera/12.1/nios2eds/bin/gnu/H-i686-pc-linux-gnu/bin/../lib/gcc/nios2-elf/4.1.2/libgcc.a(_df_to_sf.o)
 .data          0x00828ba0        0x0 /OPT/altera/12.1/nios2eds/bin/gnu/H-i686-pc-linux-gnu/bin/../lib/gcc/nios2-elf/4.1.2/libgcc.a(_thenan_df.o)
 .data          0x00828ba0        0x0 /OPT/altera/12.1/nios2eds/bin/gnu/H-i686-pc-linux-gnu/bin/../lib/gcc/nios2-elf/4.1.2/libgcc.a(lib2-divmod.o)
 .data          0x00828ba0        0x0 /OPT/altera/12.1/nios2eds/bin/gnu/H-i686-pc-linux-gnu/bin/../lib/gcc/nios2-elf/4.1.2/libgcc.a(_muldi3.o)
 .data          0x00828ba0        0x0 /OPT/altera/12.1/nios2eds/bin/gnu/H-i686-pc-linux-gnu/bin/../lib/gcc/nios2-elf/4.1.2/libgcc.a(_clzsi2.o)
 .data          0x00828ba0        0x0 /OPT/altera/12.1/nios2eds/bin/gnu/H-i686-pc-linux-gnu/bin/../lib/gcc/nios2-elf/4.1.2/libgcc.a(_pack_sf.o)
 .data          0x00828ba0        0x0 /OPT/altera/12.1/nios2eds/bin/gnu/H-i686-pc-linux-gnu/bin/../lib/gcc/nios2-elf/4.1.2/libgcc.a(_unpack_sf.o)
 .data          0x00828ba0        0x0 /OPT/altera/12.1/nios2eds/bin/gnu/H-i686-pc-linux-gnu/bin/../lib/gcc/nios2-elf/4.1.2/libgcc.a(_fpcmp_parts_sf.o)
 .data          0x00828ba0        0x0 /OPT/altera/12.1/nios2eds/bin/gnu/H-i686-pc-linux-gnu/bin/../lib/gcc/nios2-elf/4.1.2/libgcc.a(_make_sf.o)
 .data          0x00828ba0        0x0 /OPT/altera/12.1/nios2eds/bin/gnu/H-i686-pc-linux-gnu/bin/../lib/gcc/nios2-elf/4.1.2/libgcc.a(_pack_df.o)
 .data          0x00828ba0        0x0 /OPT/altera/12.1/nios2eds/bin/gnu/H-i686-pc-linux-gnu/bin/../lib/gcc/nios2-elf/4.1.2/libgcc.a(_unpack_df.o)
 .data          0x00828ba0        0x0 /OPT/altera/12.1/nios2eds/bin/gnu/H-i686-pc-linux-gnu/bin/../lib/gcc/nios2-elf/4.1.2/libgcc.a(_fpcmp_parts_df.o)
 .data          0x00828ba0        0x0 /OPT/altera/12.1/nios2eds/bin/gnu/H-i686-pc-linux-gnu/bin/../lib/gcc/nios2-elf/4.1.2/libgcc.a(_clz.o)
 .data          0x00828ba0        0x0 /OPT/altera/12.1/nios2eds/bin/gnu/H-i686-pc-linux-gnu/bin/../lib/gcc/nios2-elf/4.1.2/../../../../nios2-elf/lib/libc.a(lib_a-errno.o)
 .data          0x00828ba0      0x400 /OPT/altera/12.1/nios2eds/bin/gnu/H-i686-pc-linux-gnu/bin/../lib/gcc/nios2-elf/4.1.2/../../../../nios2-elf/lib/libc.a(lib_a-impure.o)
 .data          0x00828fa0        0x0 /OPT/altera/12.1/nios2eds/bin/gnu/H-i686-pc-linux-gnu/bin/../lib/gcc/nios2-elf/4.1.2/../../../../nios2-elf/lib/libc.a(lib_a-malloc.o)
 .data          0x00828fa0      0x408 /OPT/altera/12.1/nios2eds/bin/gnu/H-i686-pc-linux-gnu/bin/../lib/gcc/nios2-elf/4.1.2/../../../../nios2-elf/lib/libc.a(lib_a-mallocr.o)
                0x00828fa0                __malloc_av_
 .data          0x008293a8        0x0 /OPT/altera/12.1/nios2eds/bin/gnu/H-i686-pc-linux-gnu/bin/../lib/gcc/nios2-elf/4.1.2/../../../../nios2-elf/lib/libc.a(lib_a-memcpy.o)
 .data          0x008293a8        0x0 /OPT/altera/12.1/nios2eds/bin/gnu/H-i686-pc-linux-gnu/bin/../lib/gcc/nios2-elf/4.1.2/../../../../nios2-elf/lib/libc.a(lib_a-perror.o)
 .data          0x008293a8        0x0 /OPT/altera/12.1/nios2eds/bin/gnu/H-i686-pc-linux-gnu/bin/../lib/gcc/nios2-elf/4.1.2/../../../../nios2-elf/lib/libc.a(lib_a-printf.o)
 .data          0x008293a8        0x0 /OPT/altera/12.1/nios2eds/bin/gnu/H-i686-pc-linux-gnu/bin/../lib/gcc/nios2-elf/4.1.2/../../../../nios2-elf/lib/libc.a(lib_a-putchar.o)
 .data          0x008293a8        0x0 /OPT/altera/12.1/nios2eds/bin/gnu/H-i686-pc-linux-gnu/bin/../lib/gcc/nios2-elf/4.1.2/../../../../nios2-elf/lib/libc.a(lib_a-puts.o)
 .data          0x008293a8        0x0 /OPT/altera/12.1/nios2eds/bin/gnu/H-i686-pc-linux-gnu/bin/../lib/gcc/nios2-elf/4.1.2/../../../../nios2-elf/lib/libc.a(lib_a-sbrkr.o)
 .data          0x008293a8        0x0 /OPT/altera/12.1/nios2eds/bin/gnu/H-i686-pc-linux-gnu/bin/../lib/gcc/nios2-elf/4.1.2/../../../../nios2-elf/lib/libc.a(lib_a-strerror.o)
 .data          0x008293a8        0x0 /OPT/altera/12.1/nios2eds/bin/gnu/H-i686-pc-linux-gnu/bin/../lib/gcc/nios2-elf/4.1.2/../../../../nios2-elf/lib/libc.a(lib_a-strlen.o)
 .data          0x008293a8        0x0 /OPT/altera/12.1/nios2eds/bin/gnu/H-i686-pc-linux-gnu/bin/../lib/gcc/nios2-elf/4.1.2/../../../../nios2-elf/lib/libc.a(lib_a-u_strerr.o)
 .data          0x008293a8        0x0 /OPT/altera/12.1/nios2eds/bin/gnu/H-i686-pc-linux-gnu/bin/../lib/gcc/nios2-elf/4.1.2/../../../../nios2-elf/lib/libc.a(lib_a-vfprintf.o)
 .data          0x008293a8        0x0 /OPT/altera/12.1/nios2eds/bin/gnu/H-i686-pc-linux-gnu/bin/../lib/gcc/nios2-elf/4.1.2/../../../../nios2-elf/lib/libc.a(lib_a-wsetup.o)
 .data          0x008293a8        0x0 /OPT/altera/12.1/nios2eds/bin/gnu/H-i686-pc-linux-gnu/bin/../lib/gcc/nios2-elf/4.1.2/../../../../nios2-elf/lib/libc.a(lib_a-dtoa.o)
 .data          0x008293a8        0x0 /OPT/altera/12.1/nios2eds/bin/gnu/H-i686-pc-linux-gnu/bin/../lib/gcc/nios2-elf/4.1.2/../../../../nios2-elf/lib/libc.a(lib_a-fflush.o)
 .data          0x008293a8        0x0 /OPT/altera/12.1/nios2eds/bin/gnu/H-i686-pc-linux-gnu/bin/../lib/gcc/nios2-elf/4.1.2/../../../../nios2-elf/lib/libc.a(lib_a-findfp.o)
 .data          0x008293a8        0x0 /OPT/altera/12.1/nios2eds/bin/gnu/H-i686-pc-linux-gnu/bin/../lib/gcc/nios2-elf/4.1.2/../../../../nios2-elf/lib/libc.a(lib_a-fputc.o)
 .data          0x008293a8        0x0 /OPT/altera/12.1/nios2eds/bin/gnu/H-i686-pc-linux-gnu/bin/../lib/gcc/nios2-elf/4.1.2/../../../../nios2-elf/lib/libc.a(lib_a-fputs.o)
 .data          0x008293a8        0x0 /OPT/altera/12.1/nios2eds/bin/gnu/H-i686-pc-linux-gnu/bin/../lib/gcc/nios2-elf/4.1.2/../../../../nios2-elf/lib/libc.a(lib_a-freer.o)
 .data          0x008293a8        0x0 /OPT/altera/12.1/nios2eds/bin/gnu/H-i686-pc-linux-gnu/bin/../lib/gcc/nios2-elf/4.1.2/../../../../nios2-elf/lib/libc.a(lib_a-fvwrite.o)
 .data          0x008293a8        0x0 /OPT/altera/12.1/nios2eds/bin/gnu/H-i686-pc-linux-gnu/bin/../lib/gcc/nios2-elf/4.1.2/../../../../nios2-elf/lib/libc.a(lib_a-fwalk.o)
 .data          0x008293a8        0x0 /OPT/altera/12.1/nios2eds/bin/gnu/H-i686-pc-linux-gnu/bin/../lib/gcc/nios2-elf/4.1.2/../../../../nios2-elf/lib/libc.a(lib_a-int_errno.o)
 .data          0x008293a8        0xc /OPT/altera/12.1/nios2eds/bin/gnu/H-i686-pc-linux-gnu/bin/../lib/gcc/nios2-elf/4.1.2/../../../../nios2-elf/lib/libc.a(lib_a-locale.o)
                0x008293a8                __lc_ctype
 .data          0x008293b4        0x0 /OPT/altera/12.1/nios2eds/bin/gnu/H-i686-pc-linux-gnu/bin/../lib/gcc/nios2-elf/4.1.2/../../../../nios2-elf/lib/libc.a(lib_a-makebuf.o)
 .data          0x008293b4        0x0 /OPT/altera/12.1/nios2eds/bin/gnu/H-i686-pc-linux-gnu/bin/../lib/gcc/nios2-elf/4.1.2/../../../../nios2-elf/lib/libc.a(lib_a-memchr.o)
 .data          0x008293b4        0x0 /OPT/altera/12.1/nios2eds/bin/gnu/H-i686-pc-linux-gnu/bin/../lib/gcc/nios2-elf/4.1.2/../../../../nios2-elf/lib/libc.a(lib_a-memmove.o)
 .data          0x008293b4        0x0 /OPT/altera/12.1/nios2eds/bin/gnu/H-i686-pc-linux-gnu/bin/../lib/gcc/nios2-elf/4.1.2/../../../../nios2-elf/lib/libc.a(lib_a-memset.o)
 .data          0x008293b4        0x0 /OPT/altera/12.1/nios2eds/bin/gnu/H-i686-pc-linux-gnu/bin/../lib/gcc/nios2-elf/4.1.2/../../../../nios2-elf/lib/libc.a(lib_a-mprec.o)
 .data          0x008293b4        0x0 /OPT/altera/12.1/nios2eds/bin/gnu/H-i686-pc-linux-gnu/bin/../lib/gcc/nios2-elf/4.1.2/../../../../nios2-elf/lib/libc.a(lib_a-putc.o)
 .data          0x008293b4        0x0 /OPT/altera/12.1/nios2eds/bin/gnu/H-i686-pc-linux-gnu/bin/../lib/gcc/nios2-elf/4.1.2/../../../../nios2-elf/lib/libc.a(lib_a-reallocr.o)
 .data          0x008293b4        0x0 /OPT/altera/12.1/nios2eds/bin/gnu/H-i686-pc-linux-gnu/bin/../lib/gcc/nios2-elf/4.1.2/../../../../nios2-elf/lib/libc.a(lib_a-s_isinfd.o)
 .data          0x008293b4        0x0 /OPT/altera/12.1/nios2eds/bin/gnu/H-i686-pc-linux-gnu/bin/../lib/gcc/nios2-elf/4.1.2/../../../../nios2-elf/lib/libc.a(lib_a-stdio.o)
 .data          0x008293b4        0x0 /OPT/altera/12.1/nios2eds/bin/gnu/H-i686-pc-linux-gnu/bin/../lib/gcc/nios2-elf/4.1.2/../../../../nios2-elf/lib/libc.a(lib_a-strcmp.o)
 .data          0x008293b4        0x0 /OPT/altera/12.1/nios2eds/bin/gnu/H-i686-pc-linux-gnu/bin/../lib/gcc/nios2-elf/4.1.2/../../../../nios2-elf/lib/libc.a(lib_a-wbuf.o)
 .data          0x008293b4        0x0 /OPT/altera/12.1/nios2eds/bin/gnu/H-i686-pc-linux-gnu/bin/../lib/gcc/nios2-elf/4.1.2/../../../../nios2-elf/lib/libc.a(lib_a-writer.o)
 .data          0x008293b4        0x0 /OPT/altera/12.1/nios2eds/bin/gnu/H-i686-pc-linux-gnu/bin/../lib/gcc/nios2-elf/4.1.2/../../../../nios2-elf/lib/libc.a(lib_a-callocr.o)
 .data          0x008293b4        0x0 /OPT/altera/12.1/nios2eds/bin/gnu/H-i686-pc-linux-gnu/bin/../lib/gcc/nios2-elf/4.1.2/../../../../nios2-elf/lib/libc.a(lib_a-closer.o)
 .data          0x008293b4        0x0 /OPT/altera/12.1/nios2eds/bin/gnu/H-i686-pc-linux-gnu/bin/../lib/gcc/nios2-elf/4.1.2/../../../../nios2-elf/lib/libc.a(lib_a-fclose.o)
 .data          0x008293b4        0x0 /OPT/altera/12.1/nios2eds/bin/gnu/H-i686-pc-linux-gnu/bin/../lib/gcc/nios2-elf/4.1.2/../../../../nios2-elf/lib/libc.a(lib_a-fstatr.o)
 .data          0x008293b4        0x0 /OPT/altera/12.1/nios2eds/bin/gnu/H-i686-pc-linux-gnu/bin/../lib/gcc/nios2-elf/4.1.2/../../../../nios2-elf/lib/libc.a(lib_a-isattyr.o)
 .data          0x008293b4        0x0 /OPT/altera/12.1/nios2eds/bin/gnu/H-i686-pc-linux-gnu/bin/../lib/gcc/nios2-elf/4.1.2/../../../../nios2-elf/lib/libc.a(lib_a-lseekr.o)
 .data          0x008293b4        0x0 /OPT/altera/12.1/nios2eds/bin/gnu/H-i686-pc-linux-gnu/bin/../lib/gcc/nios2-elf/4.1.2/../../../../nios2-elf/lib/libc.a(lib_a-readr.o)
 .data          0x008293b4        0x0 /OPT/altera/12.1/nios2eds/bin/gnu/H-i686-pc-linux-gnu/bin/../lib/gcc/nios2-elf/4.1.2/libgcc.a(_udivdi3.o)
 .data          0x008293b4        0x0 /OPT/altera/12.1/nios2eds/bin/gnu/H-i686-pc-linux-gnu/bin/../lib/gcc/nios2-elf/4.1.2/libgcc.a(_umoddi3.o)
 .data          0x008293b4        0x0 /OPT/altera/12.1/nios2eds/bin/gnu/H-i686-pc-linux-gnu/bin/../lib/gcc/nios2-elf/4.1.2/libgcc.a(_ge_df.o)
 .data          0x008293b4        0x0 /OPT/altera/12.1/nios2eds/bin/gnu/H-i686-pc-linux-gnu/bin/../lib/gcc/nios2-elf/4.1.2/libgcc.a(_df_to_si.o)
 .data          0x008293b4        0x0 /OPT/altera/12.1/nios2eds/bin/gnu/H-i686-pc-linux-gnu/bin/../lib/gcc/nios2-elf/4.1.2/libgcc.a(_usi_to_df.o)
 .data          0x008293b4        0x0 ../capstone_Volatile_bsp//libucosii_bsp.a(alt_close.o)
 .data          0x008293b4      0x1a8 ../capstone_Volatile_bsp//libucosii_bsp.a(alt_dev.o)
                0x008293b4                alt_dev_null
                0x008293dc                alt_fd_list
 .data          0x0082955c        0x0 ../capstone_Volatile_bsp//libucosii_bsp.a(alt_errno.o)
 .data          0x0082955c        0x0 ../capstone_Volatile_bsp//libucosii_bsp.a(alt_fstat.o)
 .data          0x0082955c        0x0 ../capstone_Volatile_bsp//libucosii_bsp.a(alt_irq_register.o)
 .data          0x0082955c        0x0 ../capstone_Volatile_bsp//libucosii_bsp.a(alt_irq_vars.o)
 .data          0x0082955c        0x0 ../capstone_Volatile_bsp//libucosii_bsp.a(alt_isatty.o)
 .data          0x0082955c        0x0 ../capstone_Volatile_bsp//libucosii_bsp.a(alt_lseek.o)
 .data          0x0082955c        0x0 ../capstone_Volatile_bsp//libucosii_bsp.a(alt_main.o)
 .data          0x0082955c        0x0 ../capstone_Volatile_bsp//libucosii_bsp.a(alt_read.o)
 .data          0x0082955c        0x0 ../capstone_Volatile_bsp//libucosii_bsp.a(alt_release_fd.o)
 .data          0x0082955c        0x0 ../capstone_Volatile_bsp//libucosii_bsp.a(alt_sbrk.o)
 .data          0x0082955c        0x0 ../capstone_Volatile_bsp//libucosii_bsp.a(alt_usleep.o)
 .data          0x0082955c        0x0 ../capstone_Volatile_bsp//libucosii_bsp.a(alt_write.o)
 .data          0x0082955c        0x0 ../capstone_Volatile_bsp//libucosii_bsp.a(alt_env_lock.o)
 .data          0x0082955c        0x0 ../capstone_Volatile_bsp//libucosii_bsp.a(alt_malloc_lock.o)
 .data          0x0082955c        0x0 ../capstone_Volatile_bsp//libucosii_bsp.a(os_core.o)
 .data          0x0082955c        0x0 ../capstone_Volatile_bsp//libucosii_bsp.a(os_dbg.o)
 .data          0x0082955c        0x0 ../capstone_Volatile_bsp//libucosii_bsp.a(os_flag.o)
 .data          0x0082955c        0x0 ../capstone_Volatile_bsp//libucosii_bsp.a(os_mem.o)
 .data          0x0082955c        0x0 ../capstone_Volatile_bsp//libucosii_bsp.a(os_q.o)
 .data          0x0082955c        0x0 ../capstone_Volatile_bsp//libucosii_bsp.a(os_sem.o)
 .data          0x0082955c        0x0 ../capstone_Volatile_bsp//libucosii_bsp.a(os_task.o)
 .data          0x0082955c        0x0 ../capstone_Volatile_bsp//libucosii_bsp.a(os_time.o)
 .data          0x0082955c     0x10f8 ../capstone_Volatile_bsp//libucosii_bsp.a(alt_sys_init.o)
 .data          0x0082a654        0x0 ../capstone_Volatile_bsp//libucosii_bsp.a(altera_avalon_jtag_uart_fd.o)
 .data          0x0082a654        0x0 ../capstone_Volatile_bsp//libucosii_bsp.a(altera_avalon_jtag_uart_init.o)
 .data          0x0082a654        0x0 ../capstone_Volatile_bsp//libucosii_bsp.a(altera_avalon_jtag_uart_ioctl.o)
 .data          0x0082a654        0x0 ../capstone_Volatile_bsp//libucosii_bsp.a(altera_avalon_jtag_uart_read.o)
 .data          0x0082a654        0x0 ../capstone_Volatile_bsp//libucosii_bsp.a(altera_avalon_jtag_uart_write.o)
 .data          0x0082a654        0x0 ../capstone_Volatile_bsp//libucosii_bsp.a(altera_avalon_timer_sc.o)
 .data          0x0082a654        0x0 ../capstone_Volatile_bsp//libucosii_bsp.a(altera_up_avalon_audio.o)
 .data          0x0082a654        0x0 ../capstone_Volatile_bsp//libucosii_bsp.a(altera_up_avalon_audio_and_video_config.o)
 .data          0x0082a654        0x0 ../capstone_Volatile_bsp//libucosii_bsp.a(altera_up_avalon_character_lcd.o)
 .data          0x0082a654        0x0 ../capstone_Volatile_bsp//libucosii_bsp.a(alt_alarm_start.o)
 .data          0x0082a654        0x0 ../capstone_Volatile_bsp//libucosii_bsp.a(alt_busy_sleep.o)
 .data          0x0082a654        0x0 ../capstone_Volatile_bsp//libucosii_bsp.a(alt_dev_llist_insert.o)
 .data          0x0082a654        0x0 ../capstone_Volatile_bsp//libucosii_bsp.a(alt_do_ctors.o)
 .data          0x0082a654        0x0 ../capstone_Volatile_bsp//libucosii_bsp.a(alt_do_dtors.o)
 .data          0x0082a654        0x0 ../capstone_Volatile_bsp//libucosii_bsp.a(alt_find_dev.o)
 .data          0x0082a654        0x0 ../capstone_Volatile_bsp//libucosii_bsp.a(alt_io_redirect.o)
 .data          0x0082a654        0x0 ../capstone_Volatile_bsp//libucosii_bsp.a(alt_irq_entry.o)
 .data          0x0082a654        0x0 ../capstone_Volatile_bsp//libucosii_bsp.a(alt_irq_handler.o)
 .data          0x0082a654        0x0 ../capstone_Volatile_bsp//libucosii_bsp.a(alt_open.o)
 .data          0x0082a654        0x0 ../capstone_Volatile_bsp//libucosii_bsp.a(alt_tick.o)
 .data          0x0082a654        0x0 ../capstone_Volatile_bsp//libucosii_bsp.a(altera_nios2_qsys_irq.o)
 .data          0x0082a654        0x0 ../capstone_Volatile_bsp//libucosii_bsp.a(os_cpu_a.o)
 .data          0x0082a654        0x0 ../capstone_Volatile_bsp//libucosii_bsp.a(os_cpu_c.o)
 .data          0x0082a654        0x0 ../capstone_Volatile_bsp//libucosii_bsp.a(alt_exception_entry.o)
 .data          0x0082a654        0x0 ../capstone_Volatile_bsp//libucosii_bsp.a(alt_find_file.o)
 .data          0x0082a654        0x0 ../capstone_Volatile_bsp//libucosii_bsp.a(alt_get_fd.o)
 .data          0x0082a654        0x0 /OPT/altera/12.1/nios2eds/bin/gnu/H-i686-pc-linux-gnu/bin/../lib/gcc/nios2-elf/4.1.2/../../../../nios2-elf/lib/libc.a(lib_a-atexit.o)
 .data          0x0082a654        0x0 /OPT/altera/12.1/nios2eds/bin/gnu/H-i686-pc-linux-gnu/bin/../lib/gcc/nios2-elf/4.1.2/../../../../nios2-elf/lib/libc.a(lib_a-exit.o)
 .data          0x0082a654        0x0 /OPT/altera/12.1/nios2eds/bin/gnu/H-i686-pc-linux-gnu/bin/../lib/gcc/nios2-elf/4.1.2/../../../../nios2-elf/lib/libc.a(lib_a-memcmp.o)
 .data          0x0082a654        0x0 /OPT/altera/12.1/nios2eds/bin/gnu/H-i686-pc-linux-gnu/bin/../lib/gcc/nios2-elf/4.1.2/../../../../nios2-elf/lib/libc.a(lib_a-__atexit.o)
 .data          0x0082a654        0x0 /OPT/altera/12.1/nios2eds/bin/gnu/H-i686-pc-linux-gnu/bin/../lib/gcc/nios2-elf/4.1.2/../../../../nios2-elf/lib/libc.a(lib_a-__call_atexit.o)
 .data          0x0082a654        0x0 ../capstone_Volatile_bsp//libucosii_bsp.a(alt_exit.o)
                0x00832654                _gp = ABSOLUTE ((. + 0x8000))
                0x00832654                PROVIDE (gp, _gp)
 *(.rwdata .rwdata.*)
 *(.sdata .sdata.* .gnu.linkonce.s.*)
 .sdata         0x0082a654        0x4 /OPT/altera/12.1/nios2eds/bin/gnu/H-i686-pc-linux-gnu/bin/../lib/gcc/nios2-elf/4.1.2/../../../../nios2-elf/lib/libm.a(lib_a-s_lib_ver.o)
                0x0082a654                __fdlib_version
 .sdata         0x0082a658        0x8 /OPT/altera/12.1/nios2eds/bin/gnu/H-i686-pc-linux-gnu/bin/../lib/gcc/nios2-elf/4.1.2/../../../../nios2-elf/lib/libc.a(lib_a-impure.o)
                0x0082a658                _impure_ptr
                0x0082a65c                _global_impure_ptr
 .sdata         0x0082a660        0x8 /OPT/altera/12.1/nios2eds/bin/gnu/H-i686-pc-linux-gnu/bin/../lib/gcc/nios2-elf/4.1.2/../../../../nios2-elf/lib/libc.a(lib_a-mallocr.o)
                0x0082a660                __malloc_trim_threshold
                0x0082a664                __malloc_sbrk_base
 .sdata         0x0082a668        0x8 /OPT/altera/12.1/nios2eds/bin/gnu/H-i686-pc-linux-gnu/bin/../lib/gcc/nios2-elf/4.1.2/../../../../nios2-elf/lib/libc.a(lib_a-locale.o)
                0x0082a668                __mb_cur_max
 .sdata         0x0082a670       0x14 ../capstone_Volatile_bsp//libucosii_bsp.a(alt_dev.o)
                0x0082a670                alt_fs_list
                0x0082a678                alt_dev_list
                0x0082a680                alt_max_fd
 .sdata         0x0082a684        0x4 ../capstone_Volatile_bsp//libucosii_bsp.a(alt_errno.o)
                0x0082a684                alt_errno
 .sdata         0x0082a688        0x4 ../capstone_Volatile_bsp//libucosii_bsp.a(alt_irq_vars.o)
                0x0082a688                alt_priority_mask
 .sdata         0x0082a68c        0x4 ../capstone_Volatile_bsp//libucosii_bsp.a(alt_sbrk.o)
 .sdata         0x0082a690        0x4 ../capstone_Volatile_bsp//libucosii_bsp.a(alt_env_lock.o)
 .sdata         0x0082a694        0x4 ../capstone_Volatile_bsp//libucosii_bsp.a(alt_malloc_lock.o)
 .sdata         0x0082a698       0x74 ../capstone_Volatile_bsp//libucosii_bsp.a(os_dbg.o)
                0x0082a698                OSDebugEn
                0x0082a69c                OSEndiannessTest
                0x0082a6a0                OSEventEn
                0x0082a6a2                OSEventMax
                0x0082a6a4                OSEventNameSize
                0x0082a6a6                OSEventSize
                0x0082a6a8                OSEventTblSize
                0x0082a6aa                OSEventMultiEn
                0x0082a6ac                OSFlagEn
                0x0082a6ae                OSFlagGrpSize
                0x0082a6b0                OSFlagNodeSize
                0x0082a6b2                OSFlagWidth
                0x0082a6b4                OSFlagMax
                0x0082a6b6                OSFlagNameSize
                0x0082a6b8                OSLowestPrio
                0x0082a6ba                OSMboxEn
                0x0082a6bc                OSMemEn
                0x0082a6be                OSMemMax
                0x0082a6c0                OSMemNameSize
                0x0082a6c2                OSMemSize
                0x0082a6c4                OSMemTblSize
                0x0082a6c6                OSMutexEn
                0x0082a6c8                OSPtrSize
                0x0082a6ca                OSQEn
                0x0082a6cc                OSQMax
                0x0082a6ce                OSQSize
                0x0082a6d0                OSRdyTblSize
                0x0082a6d2                OSSemEn
                0x0082a6d4                OSStkWidth
                0x0082a6d6                OSTaskCreateEn
                0x0082a6d8                OSTaskCreateExtEn
                0x0082a6da                OSTaskDelEn
                0x0082a6dc                OSTaskIdleStkSize
                0x0082a6de                OSTaskProfileEn
                0x0082a6e0                OSTaskMax
                0x0082a6e2                OSTaskNameSize
                0x0082a6e4                OSTaskStatEn
                0x0082a6e6                OSTaskStatStkSize
                0x0082a6e8                OSTaskStatStkChkEn
                0x0082a6ea                OSTaskSwHookEn
                0x0082a6ec                OSTCBPrioTblMax
                0x0082a6ee                OSTCBSize
                0x0082a6f0                OSTicksPerSec
                0x0082a6f2                OSTimeTickHookEn
                0x0082a6f4                OSVersionNbr
                0x0082a6f6                OSTmrEn
                0x0082a6f8                OSTmrCfgMax
                0x0082a6fa                OSTmrCfgNameSize
                0x0082a6fc                OSTmrCfgWheelSize
                0x0082a6fe                OSTmrCfgTicksPerSec
                0x0082a700                OSTmrSize
                0x0082a702                OSTmrTblSize
                0x0082a704                OSTmrWheelSize
                0x0082a706                OSTmrWheelTblSize
                0x0082a708                OSDataSize
 .sdata         0x0082a70c        0x8 ../capstone_Volatile_bsp//libucosii_bsp.a(alt_tick.o)
                0x0082a70c                alt_alarm_list
 *(.sdata2 .sdata2.* .gnu.linkonce.s2.*)
                0x0082a714                . = ALIGN (0x4)
                0x0082a714                _edata = ABSOLUTE (.)
                0x0082a714                PROVIDE (edata, ABSOLUTE (.))
                0x0082a714                PROVIDE (__ram_rwdata_end, ABSOLUTE (.))
                0x00828b94                PROVIDE (__flash_rwdata_start, LOADADDR (.rwdata))

.bss            0x0082a714   0x1138dc
                0x0082a714                __bss_start = ABSOLUTE (.)
                0x0082a714                PROVIDE (__sbss_start, ABSOLUTE (.))