Archive member included because of file (symbol)

/OPT/altera/12.1/nios2eds/bin/gnu/H-i686-pc-linux-gnu/bin/../lib/gcc/nios2-elf/4.1.2/libgcc.a(lib2-divmod.o)
                              obj/default/efsl/fs.o (__divsi3)
/OPT/altera/12.1/nios2eds/bin/gnu/H-i686-pc-linux-gnu/bin/../lib/gcc/nios2-elf/4.1.2/../../../../nios2-elf/lib/libc.a(lib_a-malloc.o)
                              obj/default/audio.o (malloc)
/OPT/altera/12.1/nios2eds/bin/gnu/H-i686-pc-linux-gnu/bin/../lib/gcc/nios2-elf/4.1.2/../../../../nios2-elf/lib/libc.a(lib_a-mallocr.o)
                              /OPT/altera/12.1/nios2eds/bin/gnu/H-i686-pc-linux-gnu/bin/../lib/gcc/nios2-elf/4.1.2/../../../../nios2-elf/lib/libc.a(lib_a-malloc.o) (_malloc_r)
/OPT/altera/12.1/nios2eds/bin/gnu/H-i686-pc-linux-gnu/bin/../lib/gcc/nios2-elf/4.1.2/../../../../nios2-elf/lib/libc.a(lib_a-memcpy.o)
                              obj/default/efsl/nios2_ramdisk.o (memcpy)
/OPT/altera/12.1/nios2eds/bin/gnu/H-i686-pc-linux-gnu/bin/../lib/gcc/nios2-elf/4.1.2/../../../../nios2-elf/lib/libc.a(lib_a-perror.o)
                              obj/default/audio.o (perror)
/OPT/altera/12.1/nios2eds/bin/gnu/H-i686-pc-linux-gnu/bin/../lib/gcc/nios2-elf/4.1.2/../../../../nios2-elf/lib/libc.a(lib_a-printf.o)
                              obj/default/audio.o (printf)
/OPT/altera/12.1/nios2eds/bin/gnu/H-i686-pc-linux-gnu/bin/../lib/gcc/nios2-elf/4.1.2/../../../../nios2-elf/lib/libc.a(lib_a-putchar.o)
                              obj/default/efsl/sd.o (putchar)
/OPT/altera/12.1/nios2eds/bin/gnu/H-i686-pc-linux-gnu/bin/../lib/gcc/nios2-elf/4.1.2/../../../../nios2-elf/lib/libc.a(lib_a-puts.o)
                              obj/default/audio.o (puts)
/OPT/altera/12.1/nios2eds/bin/gnu/H-i686-pc-linux-gnu/bin/../lib/gcc/nios2-elf/4.1.2/../../../../nios2-elf/lib/libc.a(lib_a-sbrkr.o)
                              /OPT/altera/12.1/nios2eds/bin/gnu/H-i686-pc-linux-gnu/bin/../lib/gcc/nios2-elf/4.1.2/../../../../nios2-elf/lib/libc.a(lib_a-mallocr.o) (_sbrk_r)
/OPT/altera/12.1/nios2eds/bin/gnu/H-i686-pc-linux-gnu/bin/../lib/gcc/nios2-elf/4.1.2/../../../../nios2-elf/lib/libc.a(lib_a-strerror.o)
                              /OPT/altera/12.1/nios2eds/bin/gnu/H-i686-pc-linux-gnu/bin/../lib/gcc/nios2-elf/4.1.2/../../../../nios2-elf/lib/libc.a(lib_a-perror.o) (strerror)
/OPT/altera/12.1/nios2eds/bin/gnu/H-i686-pc-linux-gnu/bin/../lib/gcc/nios2-elf/4.1.2/../../../../nios2-elf/lib/libc.a(lib_a-strlen.o)
                              /OPT/altera/12.1/nios2eds/bin/gnu/H-i686-pc-linux-gnu/bin/../lib/gcc/nios2-elf/4.1.2/../../../../nios2-elf/lib/libc.a(lib_a-puts.o) (strlen)
/OPT/altera/12.1/nios2eds/bin/gnu/H-i686-pc-linux-gnu/bin/../lib/gcc/nios2-elf/4.1.2/../../../../nios2-elf/lib/libc.a(lib_a-u_strerr.o)
                              /OPT/altera/12.1/nios2eds/bin/gnu/H-i686-pc-linux-gnu/bin/../lib/gcc/nios2-elf/4.1.2/../../../../nios2-elf/lib/libc.a(lib_a-strerror.o) (_user_strerror)
/OPT/altera/12.1/nios2eds/bin/gnu/H-i686-pc-linux-gnu/bin/../lib/gcc/nios2-elf/4.1.2/../../../../nios2-elf/lib/libc.a(lib_a-vfprintf.o)
                              /OPT/altera/12.1/nios2eds/bin/gnu/H-i686-pc-linux-gnu/bin/../lib/gcc/nios2-elf/4.1.2/../../../../nios2-elf/lib/libc.a(lib_a-printf.o) (___vfprintf_internal_r)
/OPT/altera/12.1/nios2eds/bin/gnu/H-i686-pc-linux-gnu/bin/../lib/gcc/nios2-elf/4.1.2/../../../../nios2-elf/lib/libc.a(lib_a-wsetup.o)
                              /OPT/altera/12.1/nios2eds/bin/gnu/H-i686-pc-linux-gnu/bin/../lib/gcc/nios2-elf/4.1.2/../../../../nios2-elf/lib/libc.a(lib_a-vfprintf.o) (__swsetup_r)
/OPT/altera/12.1/nios2eds/bin/gnu/H-i686-pc-linux-gnu/bin/../lib/gcc/nios2-elf/4.1.2/../../../../nios2-elf/lib/libc.a(lib_a-dtoa.o)
                              /OPT/altera/12.1/nios2eds/bin/gnu/H-i686-pc-linux-gnu/bin/../lib/gcc/nios2-elf/4.1.2/../../../../nios2-elf/lib/libc.a(lib_a-vfprintf.o) (_dtoa_r)
/OPT/altera/12.1/nios2eds/bin/gnu/H-i686-pc-linux-gnu/bin/../lib/gcc/nios2-elf/4.1.2/../../../../nios2-elf/lib/libc.a(lib_a-fflush.o)
                              /OPT/altera/12.1/nios2eds/bin/gnu/H-i686-pc-linux-gnu/bin/../lib/gcc/nios2-elf/4.1.2/../../../../nios2-elf/lib/libc.a(lib_a-vfprintf.o) (_fflush_r)
/OPT/altera/12.1/nios2eds/bin/gnu/H-i686-pc-linux-gnu/bin/../lib/gcc/nios2-elf/4.1.2/../../../../nios2-elf/lib/libc.a(lib_a-findfp.o)
                              /OPT/altera/12.1/nios2eds/bin/gnu/H-i686-pc-linux-gnu/bin/../lib/gcc/nios2-elf/4.1.2/../../../../nios2-elf/lib/libc.a(lib_a-vfprintf.o) (__sinit)
/OPT/altera/12.1/nios2eds/bin/gnu/H-i686-pc-linux-gnu/bin/../lib/gcc/nios2-elf/4.1.2/../../../../nios2-elf/lib/libc.a(lib_a-fputc.o)
                              /OPT/altera/12.1/nios2eds/bin/gnu/H-i686-pc-linux-gnu/bin/../lib/gcc/nios2-elf/4.1.2/../../../../nios2-elf/lib/libc.a(lib_a-perror.o) (fputc)
/OPT/altera/12.1/nios2eds/bin/gnu/H-i686-pc-linux-gnu/bin/../lib/gcc/nios2-elf/4.1.2/../../../../nios2-elf/lib/libc.a(lib_a-fputs.o)
[...]
Memory Configuration

Name             Origin             Length             Attributes
reset            0x00000000         0x00000020
generic_tristate_controller_0 0x00000020         0x003fffe0
sdram_0          0x00800000         0x00800000
sram_0           0x01080000         0x00080000
onchip_memory2_0_BEFORE_EXCEPTION 0x01104000         0x00000020
onchip_memory2_0 0x01104020         0x00003fe0
*default*        0x00000000         0xffffffff

Linker script and memory map

LOAD ../capstone_Volatile_bsp//obj/HAL/src/crt0.o
LOAD obj/default/audio.o
LOAD obj/default/efsl/debug.o
LOAD obj/default/efsl/dir.o
LOAD obj/default/efsl/disc.o
LOAD obj/default/efsl/efs.o
LOAD obj/default/efsl/extract.o
LOAD obj/default/efsl/fat.o
LOAD obj/default/efsl/file.o
LOAD obj/default/efsl/fs.o
LOAD obj/default/efsl/ioman.o
LOAD obj/default/efsl/ls.o
LOAD obj/default/efsl/mkfs.o
LOAD obj/default/efsl/nios2.o
LOAD obj/default/efsl/nios2_ramdisk.o
LOAD obj/default/efsl/partition.o
LOAD obj/default/efsl/plibc.o
LOAD obj/default/efsl/sd.o
LOAD obj/default/efsl/time.o
LOAD obj/default/efsl/ui.o
LOAD obj/default/save.o
LOAD /OPT/altera/12.1/nios2eds/bin/gnu/H-i686-pc-linux-gnu/bin/../lib/gcc/nios2-elf/4.1.2/../../../../nios2-elf/lib/libstdc++.a
LOAD /OPT/altera/12.1/nios2eds/bin/gnu/H-i686-pc-linux-gnu/bin/../lib/gcc/nios2-elf/4.1.2/../../../../nios2-elf/lib/libm.a
LOAD /OPT/altera/12.1/nios2eds/bin/gnu/H-i686-pc-linux-gnu/bin/../lib/gcc/nios2-elf/4.1.2/libgcc.a
START GROUP
LOAD /OPT/altera/12.1/nios2eds/bin/gnu/H-i686-pc-linux-gnu/bin/../lib/gcc/nios2-elf/4.1.2/../../../../nios2-elf/lib/libc.a
LOAD /OPT/altera/12.1/nios2eds/bin/gnu/H-i686-pc-linux-gnu/bin/../lib/gcc/nios2-elf/4.1.2/libgcc.a
LOAD ../capstone_Volatile_bsp//libucosii_bsp.a
END GROUP
LOAD /OPT/altera/12.1/nios2eds/bin/gnu/H-i686-pc-linux-gnu/bin/../lib/gcc/nios2-elf/4.1.2/libgcc.a
                0x00000000                __alt_mem_generic_tristate_controller_0 = 0x0
                0x00800000                __alt_mem_sdram_0 = 0x800000
                0x01080000                __alt_mem_sram_0 = 0x1080000
                0x01104000                __alt_mem_onchip_memory2_0 = 0x1104000

.entry          0x00000000        0x0
 *(.entry)
 .entry         0x00000000        0x0 ../capstone_Volatile_bsp//obj/HAL/src/crt0.o
                0x00000000                __reset

.exceptions     0x01104020      0x1a0
                0x01104020                PROVIDE (__ram_exceptions_start, ABSOLUTE (.))
                0x01104020                . = ALIGN (0x20)
 *(.irq)
 *(.exceptions.entry.label)
 .exceptions.entry.label
                0x01104020        0x0 ../capstone_Volatile_bsp//libucosii_bsp.a(alt_irq_entry.o)
                0x01104020                alt_irq_entry
 .exceptions.entry.label
                0x01104020        0x0 ../capstone_Volatile_bsp//libucosii_bsp.a(alt_exception_entry.o)
                0x01104020                alt_exception
 *(.exceptions.entry.user)
 *(.exceptions.entry)
 .exceptions.entry
                0x01104020       0x54 ../capstone_Volatile_bsp//libucosii_bsp.a(alt_exception_entry.o)
 *(.exceptions.irqtest.user)
 *(.exceptions.irqtest)
 .exceptions.irqtest
                0x01104074       0x10 ../capstone_Volatile_bsp//libucosii_bsp.a(alt_irq_entry.o)
 *(.exceptions.irqhandler.user)
 *(.exceptions.irqhandler)
 .exceptions.irqhandler
                0x01104084        0x4 ../capstone_Volatile_bsp//libucosii_bsp.a(alt_irq_entry.o)
 *(.exceptions.irqreturn.user)
 *(.exceptions.irqreturn)
 .exceptions.irqreturn
                0x01104088        0x4 ../capstone_Volatile_bsp//libucosii_bsp.a(alt_irq_entry.o)
 *(.exceptions.notirq.label)
 .exceptions.notirq.label
                0x0110408c        0x0 ../capstone_Volatile_bsp//libucosii_bsp.a(alt_irq_entry.o)
 *(.exceptions.notirq.user)
 *(.exceptions.notirq)
 .exceptions.notirq
                0x0110408c        0x8 ../capstone_Volatile_bsp//libucosii_bsp.a(alt_exception_entry.o)
 *(.exceptions.soft.user)
 *(.exceptions.soft)
 *(.exceptions.unknown.user)
 *(.exceptions.unknown)
 .exceptions.unknown
                0x01104094        0x4 ../capstone_Volatile_bsp//libucosii_bsp.a(alt_exception_entry.o)
 *(.exceptions.exit.label)
 .exceptions.exit.label
                0x01104098        0x0 ../capstone_Volatile_bsp//libucosii_bsp.a(alt_irq_entry.o)
 .exceptions.exit.label
                0x01104098        0x0 ../capstone_Volatile_bsp//libucosii_bsp.a(alt_exception_entry.o)
 *(.exceptions.exit.user)
 *(.exceptions.exit)
 .exceptions.exit
                0x01104098       0x54 ../capstone_Volatile_bsp//libucosii_bsp.a(alt_exception_entry.o)
 *(.exceptions)
 .exceptions    0x011040ec       0xd4 ../capstone_Volatile_bsp//libucosii_bsp.a(alt_irq_handler.o)
                0x011040ec                alt_irq_handler
                0x011041c0                PROVIDE (__ram_exceptions_end, ABSOLUTE (.))
                0x01104020                PROVIDE (__flash_exceptions_start, LOADADDR (.exceptions))

.text           0x00800000    0x20eb0
                0x00800000                PROVIDE (stext, ABSOLUTE (.))
 *(.interp)
 *(.hash)
 *(.dynsym)
 *(.dynstr)
 *(.gnu.version)
 *(.gnu.version_d)
 *(.gnu.version_r)
 *(.rel.init)
 *(.rela.init)
 *(.rel.text .rel.text.* .rel.gnu.linkonce.t.*)
 *(.rela.text .rela.text.* .rela.gnu.linkonce.t.*)
 *(.rel.fini)
 *(.rela.fini)
 *(.rel.rodata .rel.rodata.* .rel.gnu.linkonce.r.*)
 *(.rela.rodata .rela.rodata.* .rela.gnu.linkonce.r.*)
 *(.rel.data .rel.data.* .rel.gnu.linkonce.d.*)
 *(.rela.data .rela.data.* .rela.gnu.linkonce.d.*)
 *(.rel.tdata .rel.tdata.* .rel.gnu.linkonce.td.*)
 *(.rela.tdata .rela.tdata.* .rela.gnu.linkonce.td.*)
 *(.rel.tbss .rel.tbss.* .rel.gnu.linkonce.tb.*)
 *(.rela.tbss .rela.tbss.* .rela.gnu.linkonce.tb.*)
 *(.rel.ctors)
 *(.rela.ctors)
 *(.rel.dtors)
 *(.rela.dtors)
 *(.rel.got)
 *(.rela.got)
 *(.rel.sdata .rel.sdata.* .rel.gnu.linkonce.s.*)
 *(.rela.sdata .rela.sdata.* .rela.gnu.linkonce.s.*)
 *(.rel.sbss .rel.sbss.* .rel.gnu.linkonce.sb.*)
 *(.rela.sbss .rela.sbss.* .rela.gnu.linkonce.sb.*)
 *(.rel.sdata2 .rel.sdata2.* .rel.gnu.linkonce.s2.*)
 *(.rela.sdata2 .rela.sdata2.* .rela.gnu.linkonce.s2.*)
 *(.rel.sbss2 .rel.sbss2.* .rel.gnu.linkonce.sb2.*)
 *(.rela.sbss2 .rela.sbss2.* .rela.gnu.linkonce.sb2.*)
 *(.rel.bss .rel.bss.* .rel.gnu.linkonce.b.*)
 *(.rela.bss .rela.bss.* .rela.gnu.linkonce.b.*)
 *(.rel.plt)
 *(.rela.plt)
 *(.rel.dyn)
 *(.init)
 *(.plt)
 *(.text .stub .text.* .gnu.linkonce.t.*)
 .text          0x00800000       0x48 ../capstone_Volatile_bsp//obj/HAL/src/crt0.o
                0x00800000                _start
 .text          0x00800048     0x1254 obj/default/audio.o
                0x008002a0                pollSound
                0x008004fc                synthesize
                0x00800710                main
                0x00800ca8                addWav
                0x00800d48                sdInit
                0x00800dc8                audio_isr
                0x00800e90                audioInit
                0x0080109c                sdRead
                0x008011c4                parseWav
                0x00801280                audioIsrInit
 .text          0x0080129c        0x0 obj/default/efsl/debug.o
 .text          0x0080129c      0xb40 obj/default/efsl/dir.o
                0x0080129c                dir_getFileStructure
                0x00801358                dir_createDirectoryEntry
                0x008013dc                dir_createDefaultEntry
                0x0080148c                dir_setFirstCluster
                0x00801534                dir_setFileSize
                0x008015b4                dir_updateDirectoryEntry
                0x0080163c                dir_findFileinBuf
                0x00801794                dir_findFreeEntryinBuf
                0x0080188c                dir_findinBuf
                0x00801918                dir_findinCluster
                0x00801a3c                dir_findinDir
                0x00801b34                dir_findinRootArea
                0x00801c78                dir_getFatFileName
                0x00801d4c                dir_addCluster
 .text          0x00801ddc       0xe4 obj/default/efsl/disc.o
                0x00801ddc                disc_initDisc
                0x00801e24                disc_loadMBR
 .text          0x00801ec0      0x128 obj/default/efsl/efs.o
                0x00801ec0                efs_init
 .text          0x00801fe8      0x354 obj/default/efsl/extract.o
                0x00801fe8                ex_getb16
                0x00802048                ex_getb32
                0x008020e0                ex_setb16
                0x00802138                ex_setb32
                0x008021c8                ex_getPartitionField
                0x00802314                ex_setPartitionField
 .text          0x0080233c     0x1504 obj/default/efsl/fat.o
                0x0080233c                fat_getSectorAddressFatEntry
                0x00802464                fat_getNextClusterAddress
                0x0080268c                fat_setNextClusterAddress
                0x00802a00                fat_isEocMarker
                0x00802ab4                fat_giveEocMarker
                0x00802b3c                fat_getNextClusterAddressWBuf
                0x00802d04                fat_setNextClusterAddressWBuf
                0x00802fe8                fat_getNextClusterChain
                0x00803198                fat_LogicToDiscCluster
                0x008032c8                fat_allocClusterChain
                0x00803594                fat_unlinkClusterChain
                0x0080366c                fat_countClustersInChain
                0x00803710                fat_DiscToLogicCluster
                0x008037c0                fat_countFreeClusters
 .text          0x00803840     0x12bc obj/default/efsl/file.o
                0x00803840                file_fread
                0x00803ad8                file_read
                0x00803b40                file_write
                0x00803ba8                file_setpos
                0x00803bfc                file_fwrite
                0x00803f48                file_fopen
                0x008043c0                file_fclose
                0x008044c0                file_initFile
                0x0080457c                file_normalToFatName
                0x008047f4                file_validateChar
                0x008048dc                file_setAttr
                0x00804968                file_getAttr
                0x008049ac                file_requiredCluster
 .text          0x00804afc     0x117c obj/default/efsl/fs.o
                0x00804afc                fs_initFs
                0x00804bb8                fs_isValidFat
                0x00804c2c                fs_loadVolumeId
                0x00804d68                fs_verifySanity
                0x00804f04                fs_countDataSectors
                0x0080505c                fs_determineFatType
                0x008050d8                fs_findFirstSectorRootDir
                0x00805198                fs_initCurrentDir
                0x008051d4                fs_clusterToSector
                0x008052a0                fs_sectorToCluster
                0x0080539c                fs_getNextFreeCluster
                0x0080541c                fs_giveFreeClusterHint
                0x00805440                fs_findFile
                0x00805680                fs_findFreeFile
                0x008057a0                fs_getLastCluster
                0x00805878                fs_getFirstClusterRootDir
                0x008058cc                fs_initClusterChain
                0x0080592c                fs_setFirstClusterInDirEntry
                0x00805974                fs_flushFs
                0x008059c0                fs_umount
                0x008059fc                fs_clearCluster
                0x00805aac                fs_getFsInfo
                0x00805ba8                fs_setFsInfo
 .text          0x00805c78     0x1df4 obj/default/efsl/ioman.o
                0x00805c78                ioman_init
                0x00805cf0                ioman_reset
                0x00805e60                ioman_getBuffer
                0x00805e8c                ioman_setAttr
                0x00805f70                ioman_getAttr
                0x00805ff8                ioman_getUseCnt
                0x00806064                ioman_incUseCnt
                0x008060f8                ioman_decUseCnt
                0x0080618c                ioman_resetUseCnt
                0x008061e8                ioman_getRefCnt
                0x00806254                ioman_incRefCnt
                0x008062e8                ioman_decRefCnt
                0x0080637c                ioman_resetRefCnt
                0x008063d8                ioman_pop
                0x008065ac                ioman_push
                0x0080676c                ioman_getPtr
                0x008067d4                ioman_getBp
                0x0080688c                ioman_readSector
                0x00806918                ioman_writeSector
                0x008069a4                ioman_resetCacheItem
                0x00806a44                ioman_findSectorInCache
                0x00806af0                ioman_findFreeSpot
                0x00806b74                ioman_findUnusedSpot
                0x00806ce4                ioman_findOverallocableSpot
                0x00806e30                ioman_putSectorInCache
                0x00806f0c                ioman_flushSector
                0x00807020                ioman_flushRange
                0x00807174                ioman_flushAll
                0x00807248                ioman_getSector
                0x00807554                ioman_releaseSector
                0x00807634                ioman_directSectorRead
                0x0080775c                ioman_directSectorWrite
                0x008078c8                ioman_printStatus
 .text          0x00807a6c      0x588 obj/default/efsl/ls.o
                0x00807a6c                ls_openDir
                0x00807b24                ls_getDirEntry
                0x00807bb0                ls_getNext
                0x00807c58                ls_getRealDirEntry
                0x00807db0                ls_getRootAreaEntry
                0x00807ec0                ls_isValidFileEntry
                0x00807f50                ls_fileEntryToDirListEntry
 .text          0x00807ff4      0x3e4 obj/default/efsl/mkfs.o
                0x00807ff4                mkfs_makevfat
 .text          0x008083d8      0x4c0 obj/default/efsl/nios2.o
                0x008083d8                if_initInterface
                0x008084b8                if_readBuf
                0x00808508                if_writeBuf
                0x00808554                if_setPos
                0x0080857c                if_spiInit
                0x008085c0                if_spiSend
                0x008086e0                if_spi_sendbuf
                0x008087b0                if_spi_readbuf
 .text          0x00808898      0x134 obj/default/efsl/nios2_ramdisk.o
                0x008089a4                ramdisk_init
 .text          0x008089cc      0x46c obj/default/efsl/partition.o
                0x008089cc                part_initPartition
                0x00808a7c                part_isFatPart
                0x00808af8                part_readBuf
                0x00808b68                part_writeBuf
                0x00808bd8                part_getRealLBA
                0x00808c30                part_getSect
                0x00808c90                part_relSect
                0x00808cdc                part_flushPart
                0x00808d60                part_directSectorRead
                0x00808dcc                part_directSectorWrite
 .text          0x00808e38      0x1b4 obj/default/efsl/plibc.o
                0x00808e38                strMatch
                0x00808ed0                memCpy
                0x00808f3c                memClr
                0x00808f90                memSet
 .text          0x00808fec      0xa20 obj/default/efsl/sd.o
                0x00808fec                sd_Init
                0x0080912c                sd_Command
                0x008091e0                sd_Resp8b
                0x0080925c                sd_Resp16b
                0x008092c4                sd_Resp8bError
                0x0080949c                sd_State
                0x00809658                sd_writeSector
                0x0080972c                sd_readSector
                0x00809830                sd_getDriveSize
 .text          0x00809a0c       0x60 obj/default/efsl/time.o
                0x00809a0c                fs_makeDate
                0x00809a2c                fs_makeTime
                0x00809a4c                fs_hasTimeSupport
 .text          0x00809a6c      0x708 obj/default/efsl/ui.o
                0x00809a6c                listFiles
                0x00809d6c                rmfile
                0x00809eac                makedir
 .text          0x0080a174        0x0 obj/default/save.o
 .text          0x0080a174      0x14c /OPT/altera/12.1/nios2eds/bin/gnu/H-i686-pc-linux-gnu/bin/../lib/gcc/nios2-elf/4.1.2/libgcc.a(lib2-divmod.o)
                0x0080a1f0                __divsi3
                0x0080a250                __modsi3
                0x0080a2b0                __udivsi3
                0x0080a2b8                __umodsi3
 .text          0x0080a2c0       0x28 /OPT/altera/12.1/nios2eds/bin/gnu/H-i686-pc-linux-gnu/bin/../lib/gcc/nios2-elf/4.1.2/../../../../nios2-elf/lib/libc.a(lib_a-malloc.o)
                0x0080a2c0                free
                0x0080a2d4                malloc
 .text          0x0080a2e8      0x740 /OPT/altera/12.1/nios2eds/bin/gnu/H-i686-pc-linux-gnu/bin/../lib/gcc/nios2-elf/4.1.2/../../../../nios2-elf/lib/libc.a(lib_a-mallocr.o)
                0x0080a2e8                _malloc_r
 .text          0x0080aa28       0xa0 /OPT/altera/12.1/nios2eds/bin/gnu/H-i686-pc-linux-gnu/bin/../lib/gcc/nios2-elf/4.1.2/../../../../nios2-elf/lib/libc.a(lib_a-memcpy.o)
                0x0080aa28                memcpy
 .text          0x0080aac8       0x80 /OPT/altera/12.1/nios2eds/bin/gnu/H-i686-pc-linux-gnu/bin/../lib/gcc/nios2-elf/4.1.2/../../../../nios2-elf/lib/libc.a(lib_a-perror.o)
                0x0080aac8                _perror_r
                0x0080ab34                perror
 .text          0x0080ab48       0x78 /OPT/altera/12.1/nios2eds/bin/gnu/H-i686-pc-linux-gnu/bin/../lib/gcc/nios2-elf/4.1.2/../../../../nios2-elf/lib/libc.a(lib_a-printf.o)
                0x0080ab48                printf
                0x0080ab8c                _printf_r
 .text          0x0080abc0       0x24 /OPT/altera/12.1/nios2eds/bin/gnu/H-i686-pc-linux-gnu/bin/../lib/gcc/nios2-elf/4.1.2/../../../../nios2-elf/lib/libc.a(lib_a-putchar.o)
                0x0080abc0                putchar
                0x0080abdc                _putchar_r
 .text          0x0080abe4       0xb4 /OPT/altera/12.1/nios2eds/bin/gnu/H-i686-pc-linux-gnu/bin/../lib/gcc/nios2-elf/4.1.2/../../../../nios2-elf/lib/libc.a(lib_a-puts.o)
                0x0080abe4                _puts_r
                0x0080ac84                puts
 .text          0x0080ac98       0x70 /OPT/altera/12.1/nios2eds/bin/gnu/H-i686-pc-linux-gnu/bin/../lib/gcc/nios2-elf/4.1.2/../../../../nios2-elf/lib/libc.a(lib_a-sbrkr.o)
                0x0080ac98                _sbrk_r
 .text          0x0080ad08      0x674 /OPT/altera/12.1/nios2eds/bin/gnu/H-i686-pc-linux-gnu/bin/../lib/gcc/nios2-elf/4.1.2/../../../../nios2-elf/lib/libc.a(lib_a-strerror.o)
                0x0080ad08                strerror
 .text          0x0080b37c       0x74 /OPT/altera/12.1/nios2eds/bin/gnu/H-i686-pc-linux-gnu/bin/../lib/gcc/nios2-elf/4.1.2/../../../../nios2-elf/lib/libc.a(lib_a-strlen.o)
                0x0080b37c                strlen
 .text          0x0080b3f0        0x8 /OPT/altera/12.1/nios2eds/bin/gnu/H-i686-pc-linux-gnu/bin/../lib/gcc/nios2-elf/4.1.2/../../../../nios2-elf/lib/libc.a(lib_a-u_strerr.o)
                0x0080b3f0                _user_strerror
 .text          0x0080b3f8     0x1f28 /OPT/altera/12.1/nios2eds/bin/gnu/H-i686-pc-linux-gnu/bin/../lib/gcc/nios2-elf/4.1.2/../../../../nios2-elf/lib/libc.a(lib_a-vfprintf.o)
                0x0080b450                ___vfprintf_internal_r
                0x0080d2fc                __vfprintf_internal
 .text          0x0080d320      0x13c /OPT/altera/12.1/nios2eds/bin/gnu/H-i686-pc-linux-gnu/bin/../lib/gcc/nios2-elf/4.1.2/../../../../nios2-elf/lib/libc.a(lib_a-wsetup.o)
                0x0080d320                __swsetup_r
 .text          0x0080d45c     0x17cc /OPT/altera/12.1/nios2eds/bin/gnu/H-i686-pc-linux-gnu/bin/../lib/gcc/nios2-elf/4.1.2/../../../../nios2-elf/lib/libc.a(lib_a-dtoa.o)
                0x0080d674                _dtoa_r
 .text          0x0080ec28      0x230 /OPT/altera/12.1/nios2eds/bin/gnu/H-i686-pc-linux-gnu/bin/../lib/gcc/nios2-elf/4.1.2/../../../../nios2-elf/lib/libc.a(lib_a-fflush.o)
                0x0080ec28                _fflush_r
                0x0080ee24                fflush
 .text          0x0080ee58      0x2c0 /OPT/altera/12.1/nios2eds/bin/gnu/H-i686-pc-linux-gnu/bin/../lib/gcc/nios2-elf/4.1.2/../../../../nios2-elf/lib/libc.a(lib_a-findfp.o)
                0x0080eeb0                __sfp_lock_acquire
                0x0080eeb4                __sfp_lock_release
                0x0080eeb8                __sinit_lock_acquire
                0x0080eebc                __sinit_lock_release
                0x0080eec0                __sinit
                0x0080ef74                __fp_unlock_all
                0x0080ef8c                __fp_lock_all
                0x0080efa4                _cleanup_r
                0x0080efb0                _cleanup
                0x0080efc0                __sfmoreglue
                0x0080f028                __sfp
 .text          0x0080f118       0xbc /OPT/altera/12.1/nios2eds/bin/gnu/H-i686-pc-linux-gnu/bin/../lib/gcc/nios2-elf/4.1.2/../../../../nios2-elf/lib/libc.a(lib_a-fputc.o)
                0x0080f118                fputc
                0x0080f17c                _fputc_r
 .text          0x0080f1d4       0x90 /OPT/altera/12.1/nios2eds/bin/gnu/H-i686-pc-linux-gnu/bin/../lib/gcc/nios2-elf/4.1.2/../../../../nios2-elf/lib/libc.a(lib_a-fputs.o)
                0x0080f1d4                _fputs_r
                0x0080f248                fputs
 .text          0x0080f264      0x440 /OPT/altera/12.1/nios2eds/bin/gnu/H-i686-pc-linux-gnu/bin/../lib/gcc/nios2-elf/4.1.2/../../../../nios2-elf/lib/libc.a(lib_a-freer.o)
                0x0080f264                _malloc_trim_r
                0x0080f390                _free_r
 .text          0x0080f6a4      0x49c /OPT/altera/12.1/nios2eds/bin/gnu/H-i686-pc-linux-gnu/bin/../lib/gcc/nios2-elf/4.1.2/../../../../nios2-elf/lib/libc.a(lib_a-fvwrite.o)
                0x0080f6a4                __sfvwrite_r
 .text          0x0080fb40      0x180 /OPT/altera/12.1/nios2eds/bin/gnu/H-i686-pc-linux-gnu/bin/../lib/gcc/nios2-elf/4.1.2/../../../../nios2-elf/lib/libc.a(lib_a-fwalk.o)
                0x0080fb40                _fwalk_reent
                0x0080fc08                _fwalk
 .text          0x0080fcc0        0x0 /OPT/altera/12.1/nios2eds/bin/gnu/H-i686-pc-linux-gnu/bin/../lib/gcc/nios2-elf/4.1.2/../../../../nios2-elf/lib/libc.a(lib_a-impure.o)
 .text          0x0080fcc0        0x0 /OPT/altera/12.1/nios2eds/bin/gnu/H-i686-pc-linux-gnu/bin/../lib/gcc/nios2-elf/4.1.2/../../../../nios2-elf/lib/libc.a(lib_a-int_errno.o)
 .text          0x0080fcc0       0xc4 /OPT/altera/12.1/nios2eds/bin/gnu/H-i686-pc-linux-gnu/bin/../lib/gcc/nios2-elf/4.1.2/../../../../nios2-elf/lib/libc.a(lib_a-locale.o)
                0x0080fcc0                __locale_charset
                0x0080fcc8                _localeconv_r
                0x0080fcd4                localeconv
                0x0080fce4                _setlocale_r
                0x0080fd68                setlocale
 .text          0x0080fd84      0x194 /OPT/altera/12.1/nios2eds/bin/gnu/H-i686-pc-linux-gnu/bin/../lib/gcc/nios2-elf/4.1.2/../../../../nios2-elf/lib/libc.a(lib_a-makebuf.o)
                0x0080fd84                __smakebuf_r
 .text          0x0080ff18       0xe4 /OPT/altera/12.1/nios2eds/bin/gnu/H-i686-pc-linux-gnu/bin/../lib/gcc/nios2-elf/4.1.2/../../../../nios2-elf/lib/libc.a(lib_a-memchr.o)
                0x0080ff18                memchr
 .text          0x0080fffc       0xe0 /OPT/altera/12.1/nios2eds/bin/gnu/H-i686-pc-linux-gnu/bin/../lib/gcc/nios2-elf/4.1.2/../../../../nios2-elf/lib/libc.a(lib_a-memmove.o)
                0x0080fffc                memmove
 .text          0x008100dc       0x98 /OPT/altera/12.1/nios2eds/bin/gnu/H-i686-pc-linux-gnu/bin/../lib/gcc/nios2-elf/4.1.2/../../../../nios2-elf/lib/libc.a(lib_a-memset.o)
                0x008100dc                memset
 .text          0x00810174      0xff4 /OPT/altera/12.1/nios2eds/bin/gnu/H-i686-pc-linux-gnu/bin/../lib/gcc/nios2-elf/4.1.2/../../../../nios2-elf/lib/libc.a(lib_a-mprec.o)
                0x00810174                _Bfree
                0x0081019c                __hi0bits
                0x0081020c                __lo0bits
                0x008102d0                __mcmp
                0x00810330                __ulp
                0x008103b0                __b2d
                0x008104d0                __ratio
                0x00810580                _mprec_log10
                0x00810614                __copybits
                0x0081066c                __any_on
                0x008106f4                _Balloc
                0x008107b0                __d2b
                0x0081092c                __mdiff
                0x00810ab8                __lshift
                0x00810c04                __multiply
                0x00810dec                __i2b
                0x00810e28                __multadd
                0x00810f28                __pow5mult
                0x00811048                __s2b
 .text          0x00811168      0x1ec /OPT/altera/12.1/nios2eds/bin/gnu/H-i686-pc-linux-gnu/bin/../lib/gcc/nios2-elf/4.1.2/../../../../nios2-elf/lib/libc.a(lib_a-putc.o)
                0x00811168                putc
                0x0081126c                _putc_r
 .text          0x00811354      0x5f4 /OPT/altera/12.1/nios2eds/bin/gnu/H-i686-pc-linux-gnu/bin/../lib/gcc/nios2-elf/4.1.2/../../../../nios2-elf/lib/libc.a(lib_a-reallocr.o)
                0x00811354                _realloc_r
 .text          0x00811948       0x40 /OPT/altera/12.1/nios2eds/bin/gnu/H-i686-pc-linux-gnu/bin/../lib/gcc/nios2-elf/4.1.2/../../../../nios2-elf/lib/libc.a(lib_a-s_isinfd.o)
                0x00811948                __isinfd
 .text          0x00811988       0x30 /OPT/altera/12.1/nios2eds/bin/gnu/H-i686-pc-linux-gnu/bin/../lib/gcc/nios2-elf/4.1.2/../../../../nios2-elf/lib/libc.a(lib_a-s_isnand.o)
                0x00811988                __isnand
 .text          0x008119b8      0x14c /OPT/altera/12.1/nios2eds/bin/gnu/H-i686-pc-linux-gnu/bin/../lib/gcc/nios2-elf/4.1.2/../../../../nios2-elf/lib/libc.a(lib_a-stdio.o)
                0x008119b8                __sclose
                0x008119c0                __sseek
                0x00811a28                __swrite
                0x00811aa4                __sread
 .text          0x00811b04       0xbc /OPT/altera/12.1/nios2eds/bin/gnu/H-i686-pc-linux-gnu/bin/../lib/gcc/nios2-elf/4.1.2/../../../../nios2-elf/lib/libc.a(lib_a-strcmp.o)
                0x00811b04                strcmp
 .text          0x00811bc0      0x14c /OPT/altera/12.1/nios2eds/bin/gnu/H-i686-pc-linux-gnu/bin/../lib/gcc/nios2-elf/4.1.2/../../../../nios2-elf/lib/libc.a(lib_a-wbuf.o)
                0x00811bc0                __swbuf_r
                0x00811cf0                __swbuf
 .text          0x00811d0c       0x78 /OPT/altera/12.1/nios2eds/bin/gnu/H-i686-pc-linux-gnu/bin/../lib/gcc/nios2-elf/4.1.2/../../../../nios2-elf/lib/libc.a(lib_a-writer.o)
                0x00811d0c                _write_r
 .text          0x00811d84       0xb4 /OPT/altera/12.1/nios2eds/bin/gnu/H-i686-pc-linux-gnu/bin/../lib/gcc/nios2-elf/4.1.2/../../../../nios2-elf/lib/libc.a(lib_a-callocr.o)
                0x00811d84                _calloc_r
 .text          0x00811e38       0x70 /OPT/altera/12.1/nios2eds/bin/gnu/H-i686-pc-linux-gnu/bin/../lib/gcc/nios2-elf/4.1.2/../../../../nios2-elf/lib/libc.a(lib_a-closer.o)
                0x00811e38                _close_r
 .text          0x00811ea8      0x124 /OPT/altera/12.1/nios2eds/bin/gnu/H-i686-pc-linux-gnu/bin/../lib/gcc/nios2-elf/4.1.2/../../../../nios2-elf/lib/libc.a(lib_a-fclose.o)
                0x00811ea8                _fclose_r
                0x00811fb8                fclose
 .text          0x00811fcc       0x74 /OPT/altera/12.1/nios2eds/bin/gnu/H-i686-pc-linux-gnu/bin/../lib/gcc/nios2-elf/4.1.2/../../../../nios2-elf/lib/libc.a(lib_a-fstatr.o)
                0x00811fcc                _fstat_r
 .text          0x00812040       0x70 /OPT/altera/12.1/nios2eds/bin/gnu/H-i686-pc-linux-gnu/bin/../lib/gcc/nios2-elf/4.1.2/../../../../nios2-elf/lib/libc.a(lib_a-isattyr.o)
                0x00812040                _isatty_r
 .text          0x008120b0       0x78 /OPT/altera/12.1/nios2eds/bin/gnu/H-i686-pc-linux-gnu/bin/../lib/gcc/nios2-elf/4.1.2/../../../../nios2-elf/lib/libc.a(lib_a-lseekr.o)
                0x008120b0                _lseek_r
 .text          0x00812128       0x78 /OPT/altera/12.1/nios2eds/bin/gnu/H-i686-pc-linux-gnu/bin/../lib/gcc/nios2-elf/4.1.2/../../../../nios2-elf/lib/libc.a(lib_a-readr.o)
                0x00812128                _read_r
 .text          0x008121a0      0x5dc /OPT/altera/12.1/nios2eds/bin/gnu/H-i686-pc-linux-gnu/bin/../lib/gcc/nios2-elf/4.1.2/libgcc.a(_udivdi3.o)
                0x008121a0                __udivdi3
 .text          0x0081277c      0x5b0 /OPT/altera/12.1/nios2eds/bin/gnu/H-i686-pc-linux-gnu/bin/../lib/gcc/nios2-elf/4.1.2/libgcc.a(_umoddi3.o)
                0x0081277c                __umoddi3
 .text          0x00812d2c      0x504 /OPT/altera/12.1/nios2eds/bin/gnu/H-i686-pc-linux-gnu/bin/../lib/gcc/nios2-elf/4.1.2/libgcc.a(_addsub_df.o)
                0x0081313c                __subdf3
                0x008131bc                __adddf3
 .text          0x00813230      0x3c4 /OPT/altera/12.1/nios2eds/bin/gnu/H-i686-pc-linux-gnu/bin/../lib/gcc/nios2-elf/4.1.2/libgcc.a(_mul_df.o)
                0x00813230                __muldf3
 .text          0x008135f4      0x258 /OPT/altera/12.1/nios2eds/bin/gnu/H-i686-pc-linux-gnu/bin/../lib/gcc/nios2-elf/4.1.2/libgcc.a(_div_df.o)
                0x008135f4                __divdf3
 .text          0x0081384c       0x88 /OPT/altera/12.1/nios2eds/bin/gnu/H-i686-pc-linux-gnu/bin/../lib/gcc/nios2-elf/4.1.2/libgcc.a(_eq_df.o)
                0x0081384c                __eqdf2
 .text          0x008138d4       0x88 /OPT/altera/12.1/nios2eds/bin/gnu/H-i686-pc-linux-gnu/bin/../lib/gcc/nios2-elf/4.1.2/libgcc.a(_ne_df.o)
                0x008138d4                __nedf2
 .text          0x0081395c       0x88 /OPT/altera/12.1/nios2eds/bin/gnu/H-i686-pc-linux-gnu/bin/../lib/gcc/nios2-elf/4.1.2/libgcc.a(_gt_df.o)
                0x0081395c                __gtdf2
 .text          0x008139e4       0x88 /OPT/altera/12.1/nios2eds/bin/gnu/H-i686-pc-linux-gnu/bin/../lib/gcc/nios2-elf/4.1.2/libgcc.a(_ge_df.o)
                0x008139e4                __gedf2
 .text          0x00813a6c       0x88 /OPT/altera/12.1/nios2eds/bin/gnu/H-i686-pc-linux-gnu/bin/../lib/gcc/nios2-elf/4.1.2/libgcc.a(_lt_df.o)
                0x00813a6c                __ltdf2
 .text          0x00813af4       0xf8 /OPT/altera/12.1/nios2eds/bin/gnu/H-i686-pc-linux-gnu/bin/../lib/gcc/nios2-elf/4.1.2/libgcc.a(_si_to_df.o)
                0x00813af4                __floatsidf
 .text          0x00813bec       0xd8 /OPT/altera/12.1/nios2eds/bin/gnu/H-i686-pc-linux-gnu/bin/../lib/gcc/nios2-elf/4.1.2/libgcc.a(_df_to_si.o)
                0x00813bec                __fixdfsi
 .text          0x00813cc4        0x0 /OPT/altera/12.1/nios2eds/bin/gnu/H-i686-pc-linux-gnu/bin/../lib/gcc/nios2-elf/4.1.2/libgcc.a(_thenan_df.o)
 .text          0x00813cc4      0x194 /OPT/altera/12.1/nios2eds/bin/gnu/H-i686-pc-linux-gnu/bin/../lib/gcc/nios2-elf/4.1.2/libgcc.a(_usi_to_df.o)
                0x00813cc4                __floatunsidf
 .text          0x00813e58       0x98 /OPT/altera/12.1/nios2eds/bin/gnu/H-i686-pc-linux-gnu/bin/../lib/gcc/nios2-elf/4.1.2/libgcc.a(_muldi3.o)
                0x00813e58                __muldi3
 .text          0x00813ef0        0x0 /OPT/altera/12.1/nios2eds/bin/gnu/H-i686-pc-linux-gnu/bin/../lib/gcc/nios2-elf/4.1.2/libgcc.a(_clz.o)
 .text          0x00813ef0       0x80 /OPT/altera/12.1/nios2eds/bin/gnu/H-i686-pc-linux-gnu/bin/../lib/gcc/nios2-elf/4.1.2/libgcc.a(_clzsi2.o)
                0x00813ef0                __clzsi2
 .text          0x00813f70      0x314 /OPT/altera/12.1/nios2eds/bin/gnu/H-i686-pc-linux-gnu/bin/../lib/gcc/nios2-elf/4.1.2/libgcc.a(_pack_df.o)
                0x00813f70                __pack_d
 .text          0x00814284      0x138 /OPT/altera/12.1/nios2eds/bin/gnu/H-i686-pc-linux-gnu/bin/../lib/gcc/nios2-elf/4.1.2/libgcc.a(_unpack_df.o)
                0x00814284                __unpack_d
 .text          0x008143bc       0xc8 /OPT/altera/12.1/nios2eds/bin/gnu/H-i686-pc-linux-gnu/bin/../lib/gcc/nios2-elf/4.1.2/libgcc.a(_fpcmp_parts_df.o)
                0x008143bc                __fpcmp_parts_d
 .text          0x00814484      0x15c ../capstone_Volatile_bsp//libucosii_bsp.a(alt_close.o)
                0x00814484                close
 .text          0x008145e0       0x2c ../capstone_Volatile_bsp//libucosii_bsp.a(alt_dev.o)
 .text          0x0081460c        0x0 ../capstone_Volatile_bsp//libucosii_bsp.a(alt_errno.o)
 .text          0x0081460c      0x134 ../capstone_Volatile_bsp//libucosii_bsp.a(alt_fstat.o)
                0x0081460c                fstat
 .text          0x00814740      0x1c0 ../capstone_Volatile_bsp//libucosii_bsp.a(alt_irq_register.o)
                0x00814740                alt_irq_register
 .text          0x00814900        0x0 ../capstone_Volatile_bsp//libucosii_bsp.a(alt_irq_vars.o)
 .text          0x00814900      0x120 ../capstone_Volatile_bsp//libucosii_bsp.a(alt_isatty.o)
                0x00814900                isatty
 .text          0x00814a20      0x150 ../capstone_Volatile_bsp//libucosii_bsp.a(alt_lseek.o)
                0x00814a20                lseek
 .text          0x00814b70       0xc8 ../capstone_Volatile_bsp//libucosii_bsp.a(alt_main.o)
                0x00814b70                alt_main
 .text          0x00814c38      0x180 ../capstone_Volatile_bsp//libucosii_bsp.a(alt_read.o)
                0x00814c38                read
 .text          0x00814db8       0x60 ../capstone_Volatile_bsp//libucosii_bsp.a(alt_release_fd.o)
                0x00814db8                alt_release_fd
 .text          0x00814e18       0xbc ../capstone_Volatile_bsp//libucosii_bsp.a(alt_sbrk.o)
                0x00814e18                sbrk
 .text          0x00814ed4      0x180 ../capstone_Volatile_bsp//libucosii_bsp.a(alt_write.o)
                0x00814ed4                write
 .text          0x00815054      0x108 ../capstone_Volatile_bsp//libucosii_bsp.a(alt_env_lock.o)
                0x00815054                __env_lock
                0x00815100                __env_unlock
 .text          0x0081515c      0x1d8 ../capstone_Volatile_bsp//libucosii_bsp.a(alt_malloc_lock.o)
                0x0081515c                __malloc_lock
                0x00815264                __malloc_unlock
 .text          0x00815334     0x2128 ../capstone_Volatile_bsp//libucosii_bsp.a(os_core.o)
                0x00815334                OSEventNameGet
                0x00815464                OSEventNameSet
                0x008155a8                OSEventPendMulti
                0x00815c5c                OSInit
                0x00815cb0                OSIntEnter
                0x00815d2c                OSIntExit
                0x00815e2c                OSSchedLock
                0x00815eb8                OSSchedUnlock
                0x00815f9c                OSStart
                0x0081600c                OSStatInit
                0x008160b8                OSTimeTick
                0x008162f8                OSVersion
                0x00816318                OS_Dummy
                0x00816334                OS_EventTaskRdy
                0x008164c8                OS_EventTaskWait
                0x008165d8                OS_EventTaskWaitMulti
                0x0081672c                OS_EventTaskRemove
                0x008167e4                OS_EventTaskRemoveMulti
                0x008168e8                OS_EventWaitListInit
                0x00816cb4                OS_MemClr
                0x00816d08                OS_MemCopy
                0x00816d74                OS_Sched
                0x00816eb8                OS_StrCopy
                0x00816f38                OS_StrLen
                0x00816f90                OS_TaskIdle
                0x00816fec                OS_TaskStat
                0x008170b4                OS_TaskStatStkChk
                0x0081717c                OS_TCBInit
 .text          0x0081745c      0x18c ../capstone_Volatile_bsp//libucosii_bsp.a(os_dbg.o)
                0x0081745c                OSDebugInit
 .text          0x008175e8     0x193c ../capstone_Volatile_bsp//libucosii_bsp.a(os_flag.o)
                0x008175e8                OSFlagAccept
                0x0081791c                OSFlagCreate
                0x00817a58                OSFlagDel
                0x00817d00                OSFlagNameGet
                0x00817e44                OSFlagNameSet
                0x00817f98                OSFlagPend
                0x008185dc                OSFlagPendGetFlagsRdy
                0x00818644                OSFlagPost
                0x008189ec                OSFlagQuery
                0x00818c84                OS_FlagInit
                0x00818e78                OS_FlagUnlink
 .text          0x00818f24      0x808 ../capstone_Volatile_bsp//libucosii_bsp.a(os_mem.o)
                0x00818f24                OSMemCreate
                0x00819140                OSMemGet
                0x00819244                OSMemNameGet
                0x00819350                OSMemNameSet
                0x00819470                OSMemPut
                0x00819560                OSMemQuery
                0x0081965c                OS_MemInit
 .text          0x0081972c     0x1334 ../capstone_Volatile_bsp//libucosii_bsp.a(os_q.o)
                0x0081972c                OSQAccept
                0x00819880                OSQCreate
                0x00819a94                OSQDel
                0x00819d94                OSQFlush
                0x00819e5c                OSQPend
                0x0081a17c                OSQPendAbort
                0x0081a2f8                OSQPost
                0x0081a478                OSQPostFront
                0x0081a600                OSQPostOpt
                0x0081a834                OSQQuery
                0x0081a9b4                OS_QInit
 .text          0x0081aa60      0xbc8 ../capstone_Volatile_bsp//libucosii_bsp.a(os_sem.o)
                0x0081aa60                OSSemAccept
                0x0081ab20                OSSemCreate
                0x0081ac34                OSSemDel
                0x0081aed4                OSSemPend
                0x0081b150                OSSemPendAbort
                0x0081b2cc                OSSemPost
                0x0081b3f4                OSSemQuery
                0x0081b524                OSSemSet
 .text          0x0081b628     0x1a40 ../capstone_Volatile_bsp//libucosii_bsp.a(os_task.o)
                0x0081b628                OSTaskChangePrio
                0x0081bb9c                OSTaskCreate
                0x0081bd70                OSTaskCreateExt
                0x0081bf70                OSTaskDel
                0x0081c37c                OSTaskDelReq
                0x0081c4ec                OSTaskNameGet
                0x0081c6a4                OSTaskNameSet
                0x0081c868                OSTaskResume
                0x0081ca80                OSTaskStkChk
                0x0081cc7c                OSTaskSuspend
                0x0081cea8                OSTaskQuery
                0x0081cfec                OS_TaskStkClr
 .text          0x0081d068      0x598 ../capstone_Volatile_bsp//libucosii_bsp.a(os_time.o)
                0x0081d068                OSTimeDly
                0x0081d1b4                OSTimeDlyHMSM
                0x0081d328                OSTimeDlyResume
                0x0081d538                OSTimeGet
                0x0081d59c                OSTimeSet
 .text          0x0081d600       0xf8 ../capstone_Volatile_bsp//libucosii_bsp.a(alt_sys_init.o)
                0x0081d600                alt_irq_init
                0x0081d634                alt_sys_init
 .text          0x0081d6f8      0x148 ../capstone_Volatile_bsp//libucosii_bsp.a(altera_avalon_jtag_uart_fd.o)
                0x0081d6f8                altera_avalon_jtag_uart_read_fd
                0x0081d750                altera_avalon_jtag_uart_write_fd
                0x0081d7a8                altera_avalon_jtag_uart_close_fd
                0x0081d7f0                altera_avalon_jtag_uart_ioctl_fd
 .text          0x0081d840      0x580 ../capstone_Volatile_bsp//libucosii_bsp.a(altera_avalon_jtag_uart_init.o)
                0x0081d840                altera_avalon_jtag_uart_init
                0x0081dd4c                altera_avalon_jtag_uart_close
 .text          0x0081ddc0       0xf4 ../capstone_Volatile_bsp//libucosii_bsp.a(altera_avalon_jtag_uart_ioctl.o)
                0x0081ddc0                altera_avalon_jtag_uart_ioctl
 .text          0x0081deb4      0x2c0 ../capstone_Volatile_bsp//libucosii_bsp.a(altera_avalon_jtag_uart_read.o)
                0x0081deb4                altera_avalon_jtag_uart_read
 .text          0x0081e174      0x2dc ../capstone_Volatile_bsp//libucosii_bsp.a(altera_avalon_jtag_uart_write.o)
                0x0081e174                altera_avalon_jtag_uart_write
 .text          0x0081e450       0xfc ../capstone_Volatile_bsp//libucosii_bsp.a(altera_avalon_timer_sc.o)
                0x0081e4c4                alt_avalon_timer_sc_init
 .text          0x0081e54c      0x80c ../capstone_Volatile_bsp//libucosii_bsp.a(altera_up_avalon_audio.o)
                0x0081e54c                alt_up_audio_open_dev
                0x0081e58c                alt_up_audio_enable_read_interrupt
                0x0081e5d8                alt_up_audio_disable_read_interrupt
                0x0081e628                alt_up_audio_enable_write_interrupt
                0x0081e674                alt_up_audio_disable_write_interrupt
                0x0081e6c4                alt_up_audio_read_interrupt_pending
                0x0081e700                alt_up_audio_write_interrupt_pending
                0x0081e73c                alt_up_audio_reset_audio_core
                0x0081e7c4                alt_up_audio_read_fifo_avail
                0x0081e834                alt_up_audio_record_r
                0x0081e8a4                alt_up_audio_record_l
                0x0081e914                alt_up_audio_write_fifo_space
                0x0081e988                alt_up_audio_play_r
                0x0081e9f8                alt_up_audio_play_l
                0x0081ea68                alt_up_audio_read_fifo
                0x0081eb6c                alt_up_audio_write_fifo
                0x0081ec98                alt_up_audio_read_fifo_head
                0x0081ecf8                alt_up_audio_write_fifo_head
 .text          0x0081ed58      0x788 ../capstone_Volatile_bsp//libucosii_bsp.a(altera_up_avalon_audio_and_video_config.o)
                0x0081ed58                alt_up_av_config_open_dev
                0x0081edbc                alt_up_av_config_write_data
                0x0081ee20                alt_up_av_config_read_data
                0x0081eeac                alt_up_av_config_reset
                0x0081eee4                alt_up_av_config_enable_interrupt
                0x0081ef1c                alt_up_av_config_disable_interrupt
                0x0081ef4c                alt_up_av_config_read_acknowledge
                0x0081efb4                alt_up_av_config_read_ready
                0x0081efec                alt_up_av_config_write_audio_cfg_register
                0x0081f098                alt_up_av_config_read_video_cfg_register
                0x0081f190                alt_up_av_config_write_video_cfg_register
                0x0081f288                alt_up_av_config_read_DC2_cfg_register
                0x0081f2ec                alt_up_av_config_write_DC2_cfg_register
                0x0081f350                alt_up_av_config_read_D5M_cfg_register
                0x0081f3b4                alt_up_av_config_write_D5M_cfg_register
                0x0081f418                alt_up_av_config_read_LTM_cfg_register
                0x0081f47c                alt_up_av_config_write_LTM_cfg_register
 .text          0x0081f4e0      0x530 ../capstone_Volatile_bsp//libucosii_bsp.a(altera_up_avalon_character_lcd.o)
                0x0081f4e0                get_DDRAM_addr
                0x0081f55c                alt_up_character_lcd_send_cmd
                0x0081f590                alt_up_character_lcd_init
                0x0081f5c4                alt_up_character_lcd_open_dev
                0x0081f604                alt_up_character_lcd_write
                0x0081f67c                alt_up_character_lcd_string
                0x0081f6f4                alt_up_character_lcd_write_fd
                0x0081f740                alt_up_character_lcd_set_cursor_pos
                0x0081f7b8                alt_up_character_lcd_shift_cursor
                0x0081f868                alt_up_character_lcd_shift_display
                0x0081f918                alt_up_character_lcd_erase_pos
                0x0081f9a8                alt_up_character_lcd_cursor_off
                0x0081f9dc                alt_up_character_lcd_cursor_blink_on
 .text          0x0081fa10      0x154 ../capstone_Volatile_bsp//libucosii_bsp.a(alt_alarm_start.o)
                0x0081fa10                alt_alarm_start
 .text          0x0081fb64      0x114 ../capstone_Volatile_bsp//libucosii_bsp.a(alt_dev_llist_insert.o)
                0x0081fb64                alt_dev_llist_insert
 .text          0x0081fc78       0x64 ../capstone_Volatile_bsp//libucosii_bsp.a(alt_do_ctors.o)
                0x0081fc78                _do_ctors
 .text          0x0081fcdc       0x64 ../capstone_Volatile_bsp//libucosii_bsp.a(alt_do_dtors.o)
                0x0081fcdc                _do_dtors
 .text          0x0081fd40       0x94 ../capstone_Volatile_bsp//libucosii_bsp.a(alt_find_dev.o)
                0x0081fd40                alt_find_dev
 .text          0x0081fdd4      0x13c ../capstone_Volatile_bsp//libucosii_bsp.a(alt_io_redirect.o)
                0x0081fe98                alt_io_redirect
 .text          0x0081ff10        0x0 ../capstone_Volatile_bsp//libucosii_bsp.a(alt_irq_entry.o)
 .text          0x0081ff10        0x0 ../capstone_Volatile_bsp//libucosii_bsp.a(alt_irq_handler.o)
 .text          0x0081ff10      0x2c4 ../capstone_Volatile_bsp//libucosii_bsp.a(alt_open.o)
                0x0081ffec                open
 .text          0x008201d4      0x1a8 ../capstone_Volatile_bsp//libucosii_bsp.a(alt_tick.o)
                0x008201d4                alt_alarm_stop
                0x0082026c                alt_tick
 .text          0x0082037c       0x20 ../capstone_Volatile_bsp//libucosii_bsp.a(altera_nios2_qsys_irq.o)
                0x0082037c                altera_nios2_qsys_irq_init
 .text          0x0082039c       0xd0 ../capstone_Volatile_bsp//libucosii_bsp.a(os_cpu_a.o)
                0x0082039c                OSCtxSw
                0x0082039c                OSIntCtxSw
                0x00820428                OSStartHighRdy
                0x00820448                OSStartTsk
 .text          0x0082046c      0x418 ../capstone_Volatile_bsp//libucosii_bsp.a(os_cpu_c.o)
                0x0082046c                OSTaskStkInit
                0x0082077c                OSTaskCreateHook
                0x0082079c                OSTaskDelHook
                0x008207bc                OSTaskSwHook
                0x008207d8                OSTaskStatHook
                0x008207f4                OSTimeTickHook
                0x00820810                OSInitHookBegin
                0x0082082c                OSInitHookEnd
                0x00820848                OSTaskIdleHook
                0x00820864                OSTCBInitHook
 .text          0x00820884        0x0 ../capstone_Volatile_bsp//libucosii_bsp.a(alt_exception_entry.o)
 .text          0x00820884      0x120 ../capstone_Volatile_bsp//libucosii_bsp.a(alt_find_file.o)
                0x00820884                alt_find_file
 .text          0x008209a4       0xf4 ../capstone_Volatile_bsp//libucosii_bsp.a(alt_get_fd.o)
                0x008209a4                alt_get_fd
 .text          0x00820a98       0x14 /OPT/altera/12.1/nios2eds/bin/gnu/H-i686-pc-linux-gnu/bin/../lib/gcc/nios2-elf/4.1.2/../../../../nios2-elf/lib/libc.a(lib_a-atexit.o)
                0x00820a98                atexit
 .text          0x00820aac       0x38 /OPT/altera/12.1/nios2eds/bin/gnu/H-i686-pc-linux-gnu/bin/../lib/gcc/nios2-elf/4.1.2/../../../../nios2-elf/lib/libc.a(lib_a-exit.o)
                0x00820aac                exit
 .text          0x00820ae4       0x74 /OPT/altera/12.1/nios2eds/bin/gnu/H-i686-pc-linux-gnu/bin/../lib/gcc/nios2-elf/4.1.2/../../../../nios2-elf/lib/libc.a(lib_a-memcmp.o)
                0x00820ae4                memcmp
 .text          0x00820b58      0x134 /OPT/altera/12.1/nios2eds/bin/gnu/H-i686-pc-linux-gnu/bin/../lib/gcc/nios2-elf/4.1.2/../../../../nios2-elf/lib/libc.a(lib_a-__atexit.o)
                0x00820b58                __register_exitproc
 .text          0x00820c8c      0x1b4 /OPT/altera/12.1/nios2eds/bin/gnu/H-i686-pc-linux-gnu/bin/../lib/gcc/nios2-elf/4.1.2/../../../../nios2-elf/lib/libc.a(lib_a-__call_atexit.o)
                0x00820c90                __call_exitprocs
 .text          0x00820e40       0x6c ../capstone_Volatile_bsp//libucosii_bsp.a(alt_exit.o)
                0x00820e80                _exit
 *(.gnu.warning.*)
 *(.fini)
                0x00820eac                PROVIDE (__etext, ABSOLUTE (.))
                0x00820eac                PROVIDE (_etext, ABSOLUTE (.))
                0x00820eac                PROVIDE (etext, ABSOLUTE (.))
 *(.eh_frame_hdr)
                0x00820eac                . = ALIGN (0x4)
                0x00820eac                PROVIDE (__preinit_array_start, ABSOLUTE (.))
 *(.preinit_array)
                0x00820eac                PROVIDE (__preinit_array_end, ABSOLUTE (.))
                0x00820eac                PROVIDE (__init_array_start, ABSOLUTE (.))
 *(.init_array)
                0x00820eac                PROVIDE (__init_array_end, ABSOLUTE (.))
                0x00820eac                PROVIDE (__fini_array_start, ABSOLUTE (.))
 *(.fini_array)
                0x00820eac                PROVIDE (__fini_array_end, ABSOLUTE (.))
 *(.eh_frame)
 *(.gcc_except_table)
 *(.dynamic)
                0x00820eac                PROVIDE (__CTOR_LIST__, ABSOLUTE (.))
 *(.ctors)
 *(SORT(.ctors.*))
 .ctors.65535   0x00820eac        0x4 /OPT/altera/12.1/nios2eds/bin/gnu/H-i686-pc-linux-gnu/bin/../lib/gcc/nios2-elf/4.1.2/../../../../nios2-elf/lib/libc.a(lib_a-__call_atexit.o)
                0x00820eb0                PROVIDE (__CTOR_END__, ABSOLUTE (.))
                0x00820eb0                PROVIDE (__DTOR_LIST__, ABSOLUTE (.))
 *(.dtors)
 *(SORT(.dtors.*))
                0x00820eb0                PROVIDE (__DTOR_END__, ABSOLUTE (.))
 *(.jcr)
                0x00820eb0                . = ALIGN (0x4)

.rodata         0x00820eb0     0x134c
                0x00820eb0                PROVIDE (__ram_rodata_start, ABSOLUTE (.))
                0x00820eb0                . = ALIGN (0x4)
 *(.rodata .rodata.* .gnu.linkonce.r.*)
 .rodata        0x00820eb0      0x270 obj/default/audio.o
 .rodata        0x00821120       0x40 obj/default/efsl/fat.o
 .rodata        0x00821160       0xa4 obj/default/efsl/ioman.o
 .rodata        0x00821204       0x5c obj/default/efsl/mkfs.o
 .rodata        0x00821260       0xbc obj/default/efsl/nios2.o
 .rodata        0x0082131c      0x234 obj/default/efsl/sd.o
 .rodata        0x00821550       0x54 obj/default/efsl/ui.o
 .rodata.str1.4
                0x008215a4        0x3 /OPT/altera/12.1/nios2eds/bin/gnu/H-i686-pc-linux-gnu/bin/../lib/gcc/nios2-elf/4.1.2/../../../../nios2-elf/lib/libc.a(lib_a-perror.o)
                                  0x4 (size before relaxing)
 *fill*         0x008215a7        0x1 00
 .rodata.str1.4
                0x008215a8        0x2 /OPT/altera/12.1/nios2eds/bin/gnu/H-i686-pc-linux-gnu/bin/../lib/gcc/nios2-elf/4.1.2/../../../../nios2-elf/lib/libc.a(lib_a-puts.o)
                                  0x4 (size before relaxing)
 *fill*         0x008215aa        0x2 00
 .rodata.str1.4
                0x008215ac      0x7a2 /OPT/altera/12.1/nios2eds/bin/gnu/H-i686-pc-linux-gnu/bin/../lib/gcc/nios2-elf/4.1.2/../../../../nios2-elf/lib/libc.a(lib_a-strerror.o)
                                0x7a8 (size before relaxing)
 *fill*         0x00821d4e        0x2 00
 .rodata.str1.4
                0x00821d50       0x5e /OPT/altera/12.1/nios2eds/bin/gnu/H-i686-pc-linux-gnu/bin/../lib/gcc/nios2-elf/4.1.2/../../../../nios2-elf/lib/libc.a(lib_a-vfprintf.o)
                                 0x60 (size before relaxing)
 .rodata        0x00821dae       0x20 /OPT/altera/12.1/nios2eds/bin/gnu/H-i686-pc-linux-gnu/bin/../lib/gcc/nios2-elf/4.1.2/../../../../nios2-elf/lib/libc.a(lib_a-vfprintf.o)
 *fill*         0x00821dce        0x2 00
 .rodata.str1.4
                0x00821dd0       0x10 /OPT/altera/12.1/nios2eds/bin/gnu/H-i686-pc-linux-gnu/bin/../lib/gcc/nios2-elf/4.1.2/../../../../nios2-elf/lib/libc.a(lib_a-dtoa.o)
                                 0x14 (size before relaxing)
 .rodata.str1.4
                0x00821de0        0x2 /OPT/altera/12.1/nios2eds/bin/gnu/H-i686-pc-linux-gnu/bin/../lib/gcc/nios2-elf/4.1.2/../../../../nios2-elf/lib/libc.a(lib_a-impure.o)
                                  0x4 (size before relaxing)
 *fill*         0x00821de2        0x2 00
 .rodata.str1.4
                0x00821de4       0x10 /OPT/altera/12.1/nios2eds/bin/gnu/H-i686-pc-linux-gnu/bin/../lib/gcc/nios2-elf/4.1.2/../../../../nios2-elf/lib/libc.a(lib_a-locale.o)
                                 0x18 (size before relaxing)
 .rodata        0x00821df4       0x30 /OPT/altera/12.1/nios2eds/bin/gnu/H-i686-pc-linux-gnu/bin/../lib/gcc/nios2-elf/4.1.2/../../../../nios2-elf/lib/libc.a(lib_a-locale.o)
 .rodata        0x00821e24      0x124 /OPT/altera/12.1/nios2eds/bin/gnu/H-i686-pc-linux-gnu/bin/../lib/gcc/nios2-elf/4.1.2/../../../../nios2-elf/lib/libc.a(lib_a-mprec.o)
                0x00821e24                __mprec_tens
                0x00821eec                __mprec_bigtens
                0x00821f14                __mprec_tinytens
 .rodata        0x00821f48       0x14 /OPT/altera/12.1/nios2eds/bin/gnu/H-i686-pc-linux-gnu/bin/../lib/gcc/nios2-elf/4.1.2/libgcc.a(_thenan_df.o)
                0x00821f48                __thenan_df
 .rodata        0x00821f5c      0x100 /OPT/altera/12.1/nios2eds/bin/gnu/H-i686-pc-linux-gnu/bin/../lib/gcc/nios2-elf/4.1.2/libgcc.a(_clz.o)
                0x00821f5c                __clz_tab
 .rodata        0x0082205c        0xc ../capstone_Volatile_bsp//libucosii_bsp.a(alt_dev.o)
 .rodata        0x00822068       0x14 ../capstone_Volatile_bsp//libucosii_bsp.a(alt_main.o)
 .rodata        0x0082207c      0x120 ../capstone_Volatile_bsp//libucosii_bsp.a(os_core.o)
                0x0082207c                OSUnMapTbl
 .rodata        0x0082219c       0x5c ../capstone_Volatile_bsp//libucosii_bsp.a(alt_sys_init.o)
 .rodata        0x008221f8        0x4 ../capstone_Volatile_bsp//libucosii_bsp.a(os_cpu_c.o)
 *(.rodata1)
                0x008221fc                . = ALIGN (0x4)
                0x008221fc                PROVIDE (__ram_rodata_end, ABSOLUTE (.))
                0x00820eb0                PROVIDE (__flash_rodata_start, LOADADDR (.rodata))

.rwdata         0x008221fc     0x1b7c
                0x008221fc                PROVIDE (__ram_rwdata_start, ABSOLUTE (.))
                0x008221fc                . = ALIGN (0x4)
 *(.got.plt)
 *(.got)
 *(.data1)
 *(.data .data.* .gnu.linkonce.d.*)
 .data          0x008221fc        0x0 ../capstone_Volatile_bsp//obj/HAL/src/crt0.o
 .data          0x008221fc        0x0 obj/default/audio.o
 .data          0x008221fc        0x0 obj/default/efsl/debug.o
 .data          0x008221fc        0x0 obj/default/efsl/dir.o
 .data          0x008221fc        0x0 obj/default/efsl/disc.o
 .data          0x008221fc        0x0 obj/default/efsl/efs.o
 .data          0x008221fc        0x0 obj/default/efsl/extract.o
 .data          0x008221fc        0x0 obj/default/efsl/fat.o
 .data          0x008221fc        0x0 obj/default/efsl/file.o
 .data          0x008221fc        0x0 obj/default/efsl/fs.o
 .data          0x008221fc        0x0 obj/default/efsl/ioman.o
 .data          0x008221fc        0x0 obj/default/efsl/ls.o
 .data          0x008221fc        0x0 obj/default/efsl/mkfs.o
 .data          0x008221fc        0x0 obj/default/efsl/nios2.o
 .data          0x008221fc        0xc obj/default/efsl/nios2_ramdisk.o
 .data          0x00822208        0x0 obj/default/efsl/partition.o
 .data          0x00822208        0x0 obj/default/efsl/plibc.o
 .data          0x00822208        0x0 obj/default/efsl/sd.o
 .data          0x00822208        0x0 obj/default/efsl/time.o
 .data          0x00822208        0x0 obj/default/efsl/ui.o
 .data          0x00822208        0x0 obj/default/save.o
 .data          0x00822208        0x0 /OPT/altera/12.1/nios2eds/bin/gnu/H-i686-pc-linux-gnu/bin/../lib/gcc/nios2-elf/4.1.2/libgcc.a(lib2-divmod.o)
 .data          0x00822208        0x0 /OPT/altera/12.1/nios2eds/bin/gnu/H-i686-pc-linux-gnu/bin/../lib/gcc/nios2-elf/4.1.2/../../../../nios2-elf/lib/libc.a(lib_a-malloc.o)
 .data          0x00822208      0x408 /OPT/altera/12.1/nios2eds/bin/gnu/H-i686-pc-linux-gnu/bin/../lib/gcc/nios2-elf/4.1.2/../../../../nios2-elf/lib/libc.a(lib_a-mallocr.o)
                0x00822208                __malloc_av_
 .data          0x00822610        0x0 /OPT/altera/12.1/nios2eds/bin/gnu/H-i686-pc-linux-gnu/bin/../lib/gcc/nios2-elf/4.1.2/../../../../nios2-elf/lib/libc.a(lib_a-memcpy.o)
 .data          0x00822610        0x0 /OPT/altera/12.1/nios2eds/bin/gnu/H-i686-pc-linux-gnu/bin/../lib/gcc/nios2-elf/4.1.2/../../../../nios2-elf/lib/libc.a(lib_a-perror.o)
 .data          0x00822610        0x0 /OPT/altera/12.1/nios2eds/bin/gnu/H-i686-pc-linux-gnu/bin/../lib/gcc/nios2-elf/4.1.2/../../../../nios2-elf/lib/libc.a(lib_a-printf.o)
 .data          0x00822610        0x0 /OPT/altera/12.1/nios2eds/bin/gnu/H-i686-pc-linux-gnu/bin/../lib/gcc/nios2-elf/4.1.2/../../../../nios2-elf/lib/libc.a(lib_a-putchar.o)
 .data          0x00822610        0x0 /OPT/altera/12.1/nios2eds/bin/gnu/H-i686-pc-linux-gnu/bin/../lib/gcc/nios2-elf/4.1.2/../../../../nios2-elf/lib/libc.a(lib_a-puts.o)
 .data          0x00822610        0x0 /OPT/altera/12.1/nios2eds/bin/gnu/H-i686-pc-linux-gnu/bin/../lib/gcc/nios2-elf/4.1.2/../../../../nios2-elf/lib/libc.a(lib_a-sbrkr.o)
 .data          0x00822610        0x0 /OPT/altera/12.1/nios2eds/bin/gnu/H-i686-pc-linux-gnu/bin/../lib/gcc/nios2-elf/4.1.2/../../../../nios2-elf/lib/libc.a(lib_a-strerror.o)
 .data          0x00822610        0x0 /OPT/altera/12.1/nios2eds/bin/gnu/H-i686-pc-linux-gnu/bin/../lib/gcc/nios2-elf/4.1.2/../../../../nios2-elf/lib/libc.a(lib_a-strlen.o)
 .data          0x00822610        0x0 /OPT/altera/12.1/nios2eds/bin/gnu/H-i686-pc-linux-gnu/bin/../lib/gcc/nios2-elf/4.1.2/../../../../nios2-elf/lib/libc.a(lib_a-u_strerr.o)
 .data          0x00822610        0x0 /OPT/altera/12.1/nios2eds/bin/gnu/H-i686-pc-linux-gnu/bin/../lib/gcc/nios2-elf/4.1.2/../../../../nios2-elf/lib/libc.a(lib_a-vfprintf.o)
 .data          0x00822610        0x0 /OPT/altera/12.1/nios2eds/bin/gnu/H-i686-pc-linux-gnu/bin/../lib/gcc/nios2-elf/4.1.2/../../../../nios2-elf/lib/libc.a(lib_a-wsetup.o)
 .data          0x00822610        0x0 /OPT/altera/12.1/nios2eds/bin/gnu/H-i686-pc-linux-gnu/bin/../lib/gcc/nios2-elf/4.1.2/../../../../nios2-elf/lib/libc.a(lib_a-dtoa.o)
 .data          0x00822610        0x0 /OPT/altera/12.1/nios2eds/bin/gnu/H-i686-pc-linux-gnu/bin/../lib/gcc/nios2-elf/4.1.2/../../../../nios2-elf/lib/libc.a(lib_a-fflush.o)
 .data          0x00822610        0x0 /OPT/altera/12.1/nios2eds/bin/gnu/H-i686-pc-linux-gnu/bin/../lib/gcc/nios2-elf/4.1.2/../../../../nios2-elf/lib/libc.a(lib_a-findfp.o)
 .data          0x00822610        0x0 /OPT/altera/12.1/nios2eds/bin/gnu/H-i686-pc-linux-gnu/bin/../lib/gcc/nios2-elf/4.1.2/../../../../nios2-elf/lib/libc.a(lib_a-fputc.o)
 .data          0x00822610        0x0 /OPT/altera/12.1/nios2eds/bin/gnu/H-i686-pc-linux-gnu/bin/../lib/gcc/nios2-elf/4.1.2/../../../../nios2-elf/lib/libc.a(lib_a-fputs.o)
 .data          0x00822610        0x0 /OPT/altera/12.1/nios2eds/bin/gnu/H-i686-pc-linux-gnu/bin/../lib/gcc/nios2-elf/4.1.2/../../../../nios2-elf/lib/libc.a(lib_a-freer.o)
 .data          0x00822610        0x0 /OPT/altera/12.1/nios2eds/bin/gnu/H-i686-pc-linux-gnu/bin/../lib/gcc/nios2-elf/4.1.2/../../../../nios2-elf/lib/libc.a(lib_a-fvwrite.o)
 .data          0x00822610        0x0 /OPT/altera/12.1/nios2eds/bin/gnu/H-i686-pc-linux-gnu/bin/../lib/gcc/nios2-elf/4.1.2/../../../../nios2-elf/lib/libc.a(lib_a-fwalk.o)
 .data          0x00822610      0x400 /OPT/altera/12.1/nios2eds/bin/gnu/H-i686-pc-linux-gnu/bin/../lib/gcc/nios2-elf/4.1.2/../../../../nios2-elf/lib/libc.a(lib_a-impure.o)
 .data          0x00822a10        0x0 /OPT/altera/12.1/nios2eds/bin/gnu/H-i686-pc-linux-gnu/bin/../lib/gcc/nios2-elf/4.1.2/../../../../nios2-elf/lib/libc.a(lib_a-int_errno.o)
 .data          0x00822a10        0xc /OPT/altera/12.1/nios2eds/bin/gnu/H-i686-pc-linux-gnu/bin/../lib/gcc/nios2-elf/4.1.2/../../../../nios2-elf/lib/libc.a(lib_a-locale.o)
                0x00822a10                __lc_ctype
 .data          0x00822a1c        0x0 /OPT/altera/12.1/nios2eds/bin/gnu/H-i686-pc-linux-gnu/bin/../lib/gcc/nios2-elf/4.1.2/../../../../nios2-elf/lib/libc.a(lib_a-makebuf.o)
 .data          0x00822a1c        0x0 /OPT/altera/12.1/nios2eds/bin/gnu/H-i686-pc-linux-gnu/bin/../lib/gcc/nios2-elf/4.1.2/../../../../nios2-elf/lib/libc.a(lib_a-memchr.o)
 .data          0x00822a1c        0x0 /OPT/altera/12.1/nios2eds/bin/gnu/H-i686-pc-linux-gnu/bin/../lib/gcc/nios2-elf/4.1.2/../../../../nios2-elf/lib/libc.a(lib_a-memmove.o)
 .data          0x00822a1c        0x0 /OPT/altera/12.1/nios2eds/bin/gnu/H-i686-pc-linux-gnu/bin/../lib/gcc/nios2-elf/4.1.2/../../../../nios2-elf/lib/libc.a(lib_a-memset.o)
 .data          0x00822a1c        0x0 /OPT/altera/12.1/nios2eds/bin/gnu/H-i686-pc-linux-gnu/bin/../lib/gcc/nios2-elf/4.1.2/../../../../nios2-elf/lib/libc.a(lib_a-mprec.o)
 .data          0x00822a1c        0x0 /OPT/altera/12.1/nios2eds/bin/gnu/H-i686-pc-linux-gnu/bin/../lib/gcc/nios2-elf/4.1.2/../../../../nios2-elf/lib/libc.a(lib_a-putc.o)
 .data          0x00822a1c        0x0 /OPT/altera/12.1/nios2eds/bin/gnu/H-i686-pc-linux-gnu/bin/../lib/gcc/nios2-elf/4.1.2/../../../../nios2-elf/lib/libc.a(lib_a-reallocr.o)
 .data          0x00822a1c        0x0 /OPT/altera/12.1/nios2eds/bin/gnu/H-i686-pc-linux-gnu/bin/../lib/gcc/nios2-elf/4.1.2/../../../../nios2-elf/lib/libc.a(lib_a-s_isinfd.o)
 .data          0x00822a1c        0x0 /OPT/altera/12.1/nios2eds/bin/gnu/H-i686-pc-linux-gnu/bin/../lib/gcc/nios2-elf/4.1.2/../../../../nios2-elf/lib/libc.a(lib_a-s_isnand.o)
 .data          0x00822a1c        0x0 /OPT/altera/12.1/nios2eds/bin/gnu/H-i686-pc-linux-gnu/bin/../lib/gcc/nios2-elf/4.1.2/../../../../nios2-elf/lib/libc.a(lib_a-stdio.o)
 .data          0x00822a1c        0x0 /OPT/altera/12.1/nios2eds/bin/gnu/H-i686-pc-linux-gnu/bin/../lib/gcc/nios2-elf/4.1.2/../../../../nios2-elf/lib/libc.a(lib_a-strcmp.o)
 .data          0x00822a1c        0x0 /OPT/altera/12.1/nios2eds/bin/gnu/H-i686-pc-linux-gnu/bin/../lib/gcc/nios2-elf/4.1.2/../../../../nios2-elf/lib/libc.a(lib_a-wbuf.o)
 .data          0x00822a1c        0x0 /OPT/altera/12.1/nios2eds/bin/gnu/H-i686-pc-linux-gnu/bin/../lib/gcc/nios2-elf/4.1.2/../../../../nios2-elf/lib/libc.a(lib_a-writer.o)
 .data          0x00822a1c        0x0 /OPT/altera/12.1/nios2eds/bin/gnu/H-i686-pc-linux-gnu/bin/../lib/gcc/nios2-elf/4.1.2/../../../../nios2-elf/lib/libc.a(lib_a-callocr.o)
 .data          0x00822a1c        0x0 /OPT/altera/12.1/nios2eds/bin/gnu/H-i686-pc-linux-gnu/bin/../lib/gcc/nios2-elf/4.1.2/../../../../nios2-elf/lib/libc.a(lib_a-closer.o)
 .data          0x00822a1c        0x0 /OPT/altera/12.1/nios2eds/bin/gnu/H-i686-pc-linux-gnu/bin/../lib/gcc/nios2-elf/4.1.2/../../../../nios2-elf/lib/libc.a(lib_a-fclose.o)
 .data          0x00822a1c        0x0 /OPT/altera/12.1/nios2eds/bin/gnu/H-i686-pc-linux-gnu/bin/../lib/gcc/nios2-elf/4.1.2/../../../../nios2-elf/lib/libc.a(lib_a-fstatr.o)
 .data          0x00822a1c        0x0 /OPT/altera/12.1/nios2eds/bin/gnu/H-i686-pc-linux-gnu/bin/../lib/gcc/nios2-elf/4.1.2/../../../../nios2-elf/lib/libc.a(lib_a-isattyr.o)
 .data          0x00822a1c        0x0 /OPT/altera/12.1/nios2eds/bin/gnu/H-i686-pc-linux-gnu/bin/../lib/gcc/nios2-elf/4.1.2/../../../../nios2-elf/lib/libc.a(lib_a-lseekr.o)
 .data          0x00822a1c        0x0 /OPT/altera/12.1/nios2eds/bin/gnu/H-i686-pc-linux-gnu/bin/../lib/gcc/nios2-elf/4.1.2/../../../../nios2-elf/lib/libc.a(lib_a-readr.o)
 .data          0x00822a1c        0x0 /OPT/altera/12.1/nios2eds/bin/gnu/H-i686-pc-linux-gnu/bin/../lib/gcc/nios2-elf/4.1.2/libgcc.a(_udivdi3.o)
 .data          0x00822a1c        0x0 /OPT/altera/12.1/nios2eds/bin/gnu/H-i686-pc-linux-gnu/bin/../lib/gcc/nios2-elf/4.1.2/libgcc.a(_umoddi3.o)
 .data          0x00822a1c        0x0 /OPT/altera/12.1/nios2eds/bin/gnu/H-i686-pc-linux-gnu/bin/../lib/gcc/nios2-elf/4.1.2/libgcc.a(_addsub_df.o)
 .data          0x00822a1c        0x0 /OPT/altera/12.1/nios2eds/bin/gnu/H-i686-pc-linux-gnu/bin/../lib/gcc/nios2-elf/4.1.2/libgcc.a(_mul_df.o)
 .data          0x00822a1c        0x0 /OPT/altera/12.1/nios2eds/bin/gnu/H-i686-pc-linux-gnu/bin/../lib/gcc/nios2-elf/4.1.2/libgcc.a(_div_df.o)
 .data          0x00822a1c        0x0 /OPT/altera/12.1/nios2eds/bin/gnu/H-i686-pc-linux-gnu/bin/../lib/gcc/nios2-elf/4.1.2/libgcc.a(_eq_df.o)
 .data          0x00822a1c        0x0 /OPT/altera/12.1/nios2eds/bin/gnu/H-i686-pc-linux-gnu/bin/../lib/gcc/nios2-elf/4.1.2/libgcc.a(_ne_df.o)
 .data          0x00822a1c        0x0 /OPT/altera/12.1/nios2eds/bin/gnu/H-i686-pc-linux-gnu/bin/../lib/gcc/nios2-elf/4.1.2/libgcc.a(_gt_df.o)
 .data          0x00822a1c        0x0 /OPT/altera/12.1/nios2eds/bin/gnu/H-i686-pc-linux-gnu/bin/../lib/gcc/nios2-elf/4.1.2/libgcc.a(_ge_df.o)
 .data          0x00822a1c        0x0 /OPT/altera/12.1/nios2eds/bin/gnu/H-i686-pc-linux-gnu/bin/../lib/gcc/nios2-elf/4.1.2/libgcc.a(_lt_df.o)
 .data          0x00822a1c        0x0 /OPT/altera/12.1/nios2eds/bin/gnu/H-i686-pc-linux-gnu/bin/../lib/gcc/nios2-elf/4.1.2/libgcc.a(_si_to_df.o)
 .data          0x00822a1c        0x0 /OPT/altera/12.1/nios2eds/bin/gnu/H-i686-pc-linux-gnu/bin/../lib/gcc/nios2-elf/4.1.2/libgcc.a(_df_to_si.o)
 .data          0x00822a1c        0x0 /OPT/altera/12.1/nios2eds/bin/gnu/H-i686-pc-linux-gnu/bin/../lib/gcc/nios2-elf/4.1.2/libgcc.a(_thenan_df.o)
 .data          0x00822a1c        0x0 /OPT/altera/12.1/nios2eds/bin/gnu/H-i686-pc-linux-gnu/bin/../lib/gcc/nios2-elf/4.1.2/libgcc.a(_usi_to_df.o)
 .data          0x00822a1c        0x0 /OPT/altera/12.1/nios2eds/bin/gnu/H-i686-pc-linux-gnu/bin/../lib/gcc/nios2-elf/4.1.2/libgcc.a(_muldi3.o)
 .data          0x00822a1c        0x0 /OPT/altera/12.1/nios2eds/bin/gnu/H-i686-pc-linux-gnu/bin/../lib/gcc/nios2-elf/4.1.2/libgcc.a(_clz.o)
 .data          0x00822a1c        0x0 /OPT/altera/12.1/nios2eds/bin/gnu/H-i686-pc-linux-gnu/bin/../lib/gcc/nios2-elf/4.1.2/libgcc.a(_clzsi2.o)
 .data          0x00822a1c        0x0 /OPT/altera/12.1/nios2eds/bin/gnu/H-i686-pc-linux-gnu/bin/../lib/gcc/nios2-elf/4.1.2/libgcc.a(_pack_df.o)
 .data          0x00822a1c        0x0 /OPT/altera/12.1/nios2eds/bin/gnu/H-i686-pc-linux-gnu/bin/../lib/gcc/nios2-elf/4.1.2/libgcc.a(_unpack_df.o)
 .data          0x00822a1c        0x0 /OPT/altera/12.1/nios2eds/bin/gnu/H-i686-pc-linux-gnu/bin/../lib/gcc/nios2-elf/4.1.2/libgcc.a(_fpcmp_parts_df.o)
 .data          0x00822a1c        0x0 ../capstone_Volatile_bsp//libucosii_bsp.a(alt_close.o)
 .data          0x00822a1c      0x1a8 ../capstone_Volatile_bsp//libucosii_bsp.a(alt_dev.o)
                0x00822a1c                alt_dev_null
                0x00822a44                alt_fd_list
 .data          0x00822bc4        0x0 ../capstone_Volatile_bsp//libucosii_bsp.a(alt_errno.o)
 .data          0x00822bc4        0x0 ../capstone_Volatile_bsp//libucosii_bsp.a(alt_fstat.o)
 .data          0x00822bc4        0x0 ../capstone_Volatile_bsp//libucosii_bsp.a(alt_irq_register.o)
 .data          0x00822bc4        0x0 ../capstone_Volatile_bsp//libucosii_bsp.a(alt_irq_vars.o)
 .data          0x00822bc4        0x0 ../capstone_Volatile_bsp//libucosii_bsp.a(alt_isatty.o)
 .data          0x00822bc4        0x0 ../capstone_Volatile_bsp//libucosii_bsp.a(alt_lseek.o)
 .data          0x00822bc4        0x0 ../capstone_Volatile_bsp//libucosii_bsp.a(alt_main.o)
 .data          0x00822bc4        0x0 ../capstone_Volatile_bsp//libucosii_bsp.a(alt_read.o)
 .data          0x00822bc4        0x0 ../capstone_Volatile_bsp//libucosii_bsp.a(alt_release_fd.o)
 .data          0x00822bc4        0x0 ../capstone_Volatile_bsp//libucosii_bsp.a(alt_sbrk.o)
 .data          0x00822bc4        0x0 ../capstone_Volatile_bsp//libucosii_bsp.a(alt_write.o)
 .data          0x00822bc4        0x0 ../capstone_Volatile_bsp//libucosii_bsp.a(alt_env_lock.o)
 .data          0x00822bc4        0x0 ../capstone_Volatile_bsp//libucosii_bsp.a(alt_malloc_lock.o)
 .data          0x00822bc4        0x0 ../capstone_Volatile_bsp//libucosii_bsp.a(os_core.o)
 .data          0x00822bc4        0x0 ../capstone_Volatile_bsp//libucosii_bsp.a(os_dbg.o)
 .data          0x00822bc4        0x0 ../capstone_Volatile_bsp//libucosii_bsp.a(os_flag.o)
 .data          0x00822bc4        0x0 ../capstone_Volatile_bsp//libucosii_bsp.a(os_mem.o)
 .data          0x00822bc4        0x0 ../capstone_Volatile_bsp//libucosii_bsp.a(os_q.o)
 .data          0x00822bc4        0x0 ../capstone_Volatile_bsp//libucosii_bsp.a(os_sem.o)
 .data          0x00822bc4        0x0 ../capstone_Volatile_bsp//libucosii_bsp.a(os_task.o)
 .data          0x00822bc4        0x0 ../capstone_Volatile_bsp//libucosii_bsp.a(os_time.o)
 .data          0x00822bc4     0x10f8 ../capstone_Volatile_bsp//libucosii_bsp.a(alt_sys_init.o)
 .data          0x00823cbc        0x0 ../capstone_Volatile_bsp//libucosii_bsp.a(altera_avalon_jtag_uart_fd.o)
 .data          0x00823cbc        0x0 ../capstone_Volatile_bsp//libucosii_bsp.a(altera_avalon_jtag_uart_init.o)
 .data          0x00823cbc        0x0 ../capstone_Volatile_bsp//libucosii_bsp.a(altera_avalon_jtag_uart_ioctl.o)
 .data          0x00823cbc        0x0 ../capstone_Volatile_bsp//libucosii_bsp.a(altera_avalon_jtag_uart_read.o)
 .data          0x00823cbc        0x0 ../capstone_Volatile_bsp//libucosii_bsp.a(altera_avalon_jtag_uart_write.o)
 .data          0x00823cbc        0x0 ../capstone_Volatile_bsp//libucosii_bsp.a(altera_avalon_timer_sc.o)
 .data          0x00823cbc        0x0 ../capstone_Volatile_bsp//libucosii_bsp.a(altera_up_avalon_audio.o)
 .data          0x00823cbc        0x0 ../capstone_Volatile_bsp//libucosii_bsp.a(altera_up_avalon_audio_and_video_config.o)
 .data          0x00823cbc        0x0 ../capstone_Volatile_bsp//libucosii_bsp.a(altera_up_avalon_character_lcd.o)
 .data          0x00823cbc        0x0 ../capstone_Volatile_bsp//libucosii_bsp.a(alt_alarm_start.o)
 .data          0x00823cbc        0x0 ../capstone_Volatile_bsp//libucosii_bsp.a(alt_dev_llist_insert.o)
 .data          0x00823cbc        0x0 ../capstone_Volatile_bsp//libucosii_bsp.a(alt_do_ctors.o)
 .data          0x00823cbc        0x0 ../capstone_Volatile_bsp//libucosii_bsp.a(alt_do_dtors.o)
 .data          0x00823cbc        0x0 ../capstone_Volatile_bsp//libucosii_bsp.a(alt_find_dev.o)
 .data          0x00823cbc        0x0 ../capstone_Volatile_bsp//libucosii_bsp.a(alt_io_redirect.o)
 .data          0x00823cbc        0x0 ../capstone_Volatile_bsp//libucosii_bsp.a(alt_irq_entry.o)
 .data          0x00823cbc        0x0 ../capstone_Volatile_bsp//libucosii_bsp.a(alt_irq_handler.o)
 .data          0x00823cbc        0x0 ../capstone_Volatile_bsp//libucosii_bsp.a(alt_open.o)
 .data          0x00823cbc        0x0 ../capstone_Volatile_bsp//libucosii_bsp.a(alt_tick.o)
 .data          0x00823cbc        0x0 ../capstone_Volatile_bsp//libucosii_bsp.a(altera_nios2_qsys_irq.o)
 .data          0x00823cbc        0x0 ../capstone_Volatile_bsp//libucosii_bsp.a(os_cpu_a.o)
 .data          0x00823cbc        0x0 ../capstone_Volatile_bsp//libucosii_bsp.a(os_cpu_c.o)
 .data          0x00823cbc        0x0 ../capstone_Volatile_bsp//libucosii_bsp.a(alt_exception_entry.o)
 .data          0x00823cbc        0x0 ../capstone_Volatile_bsp//libucosii_bsp.a(alt_find_file.o)
 .data          0x00823cbc        0x0 ../capstone_Volatile_bsp//libucosii_bsp.a(alt_get_fd.o)
 .data          0x00823cbc        0x0 /OPT/altera/12.1/nios2eds/bin/gnu/H-i686-pc-linux-gnu/bin/../lib/gcc/nios2-elf/4.1.2/../../../../nios2-elf/lib/libc.a(lib_a-atexit.o)
 .data          0x00823cbc        0x0 /OPT/altera/12.1/nios2eds/bin/gnu/H-i686-pc-linux-gnu/bin/../lib/gcc/nios2-elf/4.1.2/../../../../nios2-elf/lib/libc.a(lib_a-exit.o)
 .data          0x00823cbc        0x0 /OPT/altera/12.1/nios2eds/bin/gnu/H-i686-pc-linux-gnu/bin/../lib/gcc/nios2-elf/4.1.2/../../../../nios2-elf/lib/libc.a(lib_a-memcmp.o)
 .data          0x00823cbc        0x0 /OPT/altera/12.1/nios2eds/bin/gnu/H-i686-pc-linux-gnu/bin/../lib/gcc/nios2-elf/4.1.2/../../../../nios2-elf/lib/libc.a(lib_a-__atexit.o)
 .data          0x00823cbc        0x0 /OPT/altera/12.1/nios2eds/bin/gnu/H-i686-pc-linux-gnu/bin/../lib/gcc/nios2-elf/4.1.2/../../../../nios2-elf/lib/libc.a(lib_a-__call_atexit.o)
 .data          0x00823cbc        0x0 ../capstone_Volatile_bsp//libucosii_bsp.a(alt_exit.o)
                0x0082bcbc                _gp = ABSOLUTE ((. + 0x8000))
                0x0082bcbc                PROVIDE (gp, _gp)
 *(.rwdata .rwdata.*)
 *(.sdata .sdata.* .gnu.linkonce.s.*)
 .sdata         0x00823cbc        0x8 /OPT/altera/12.1/nios2eds/bin/gnu/H-i686-pc-linux-gnu/bin/../lib/gcc/nios2-elf/4.1.2/../../../../nios2-elf/lib/libc.a(lib_a-mallocr.o)
                0x00823cbc                __malloc_trim_threshold
                0x00823cc0                __malloc_sbrk_base
 .sdata         0x00823cc4        0x8 /OPT/altera/12.1/nios2eds/bin/gnu/H-i686-pc-linux-gnu/bin/../lib/gcc/nios2-elf/4.1.2/../../../../nios2-elf/lib/libc.a(lib_a-impure.o)
                0x00823cc4                _impure_ptr
                0x00823cc8                _global_impure_ptr
 .sdata         0x00823ccc        0x8 /OPT/altera/12.1/nios2eds/bin/gnu/H-i686-pc-linux-gnu/bin/../lib/gcc/nios2-elf/4.1.2/../../../../nios2-elf/lib/libc.a(lib_a-locale.o)
                0x00823ccc                __mb_cur_max
 .sdata         0x00823cd4       0x14 ../capstone_Volatile_bsp//libucosii_bsp.a(alt_dev.o)
                0x00823cd4                alt_fs_list
                0x00823cdc                alt_dev_list
                0x00823ce4                alt_max_fd
 .sdata         0x00823ce8        0x4 ../capstone_Volatile_bsp//libucosii_bsp.a(alt_errno.o)
                0x00823ce8                alt_errno
 .sdata         0x00823cec        0x4 ../capstone_Volatile_bsp//libucosii_bsp.a(alt_irq_vars.o)
                0x00823cec                alt_priority_mask
 .sdata         0x00823cf0        0x4 ../capstone_Volatile_bsp//libucosii_bsp.a(alt_sbrk.o)
 .sdata         0x00823cf4        0x4 ../capstone_Volatile_bsp//libucosii_bsp.a(alt_env_lock.o)
 .sdata         0x00823cf8        0x4 ../capstone_Volatile_bsp//libucosii_bsp.a(alt_malloc_lock.o)
 .sdata         0x00823cfc       0x74 ../capstone_Volatile_bsp//libucosii_bsp.a(os_dbg.o)
                0x00823cfc                OSDebugEn
                0x00823d00                OSEndiannessTest
                0x00823d04                OSEventEn
                0x00823d06                OSEventMax
                0x00823d08                OSEventNameSize
                0x00823d0a                OSEventSize
                0x00823d0c                OSEventTblSize
                0x00823d0e                OSEventMultiEn
                0x00823d10                OSFlagEn
                0x00823d12                OSFlagGrpSize
                0x00823d14                OSFlagNodeSize
                0x00823d16                OSFlagWidth
                0x00823d18                OSFlagMax
                0x00823d1a                OSFlagNameSize
                0x00823d1c                OSLowestPrio
                0x00823d1e                OSMboxEn
                0x00823d20                OSMemEn
                0x00823d22                OSMemMax
                0x00823d24                OSMemNameSize
                0x00823d26                OSMemSize
                0x00823d28                OSMemTblSize
                0x00823d2a                OSMutexEn
                0x00823d2c                OSPtrSize
                0x00823d2e                OSQEn
                0x00823d30                OSQMax
                0x00823d32                OSQSize
                0x00823d34                OSRdyTblSize
                0x00823d36                OSSemEn
                0x00823d38                OSStkWidth
                0x00823d3a                OSTaskCreateEn
                0x00823d3c                OSTaskCreateExtEn
                0x00823d3e                OSTaskDelEn
                0x00823d40                OSTaskIdleStkSize
                0x00823d42                OSTaskProfileEn
                0x00823d44                OSTaskMax
                0x00823d46                OSTaskNameSize
                0x00823d48                OSTaskStatEn
                0x00823d4a                OSTaskStatStkSize
                0x00823d4c                OSTaskStatStkChkEn
                0x00823d4e                OSTaskSwHookEn
                0x00823d50                OSTCBPrioTblMax
                0x00823d52                OSTCBSize
                0x00823d54                OSTicksPerSec
                0x00823d56                OSTimeTickHookEn
                0x00823d58                OSVersionNbr
                0x00823d5a                OSTmrEn
                0x00823d5c                OSTmrCfgMax
                0x00823d5e                OSTmrCfgNameSize
                0x00823d60                OSTmrCfgWheelSize
                0x00823d62                OSTmrCfgTicksPerSec
                0x00823d64                OSTmrSize
                0x00823d66                OSTmrTblSize
                0x00823d68                OSTmrWheelSize
                0x00823d6a                OSTmrWheelTblSize
                0x00823d6c                OSDataSize
 .sdata         0x00823d70        0x8 ../capstone_Volatile_bsp//libucosii_bsp.a(alt_tick.o)
                0x00823d70                alt_alarm_list
 *(.sdata2 .sdata2.* .gnu.linkonce.s2.*)
                0x00823d78                . = ALIGN (0x4)
                0x00823d78                _edata = ABSOLUTE (.)
                0x00823d78                PROVIDE (edata, ABSOLUTE (.))
                0x00823d78                PROVIDE (__ram_rwdata_end, ABSOLUTE (.))
                0x008221fc                PROVIDE (__flash_rwdata_start, LOADADDR (.rwdata))

.bss            0x00823d78   0x1136e4
                0x00823d78                __bss_start = ABSOLUTE (.)
                0x00823d78                PROVIDE (__sbss_start, ABSOLUTE (.))
                0x00823d78                PROVIDE (___sbss_start, ABSOLUTE (.))
 *(.dynsbss)
 *(.sbss .sbss.* .gnu.linkonce.sb.*)
 .sbss          0x00823d78        0x4 obj/default/audio.o
                0x00823d78                count
 .sbss          0x00823d7c       0x14 obj/default/audio.o
                0x00823d7c                edge_capture
                0x00823d80                semaphore
                0x00823d84                audio_dev
                0x00823d88                button
                0x00823d8c                myLCD
 .sbss          0x00823d90        0xc /OPT/altera/12.1/nios2eds/bin/gnu/H-i686-pc-linux-gnu/bin/../lib/gcc/nios2-elf/4.1.2/../../../../nios2-elf/lib/libc.a(lib_a-mallocr.o)
                0x00823d90                __malloc_top_pad
                0x00823d94                __malloc_max_sbrked_mem
                0x00823d98                __malloc_max_total_mem
 .sbss          0x00823d9c        0x4 /OPT/altera/12.1/nios2eds/bin/gnu/H-i686-pc-linux-gnu/bin/../lib/gcc/nios2-elf/4.1.2/../../../../nios2-elf/lib/libc.a(lib_a-int_errno.o)
                0x00823d9c                errno
 .sbss          0x00823da0        0xc /OPT/altera/12.1/nios2eds/bin/gnu/H-i686-pc-linux-gnu/bin/../lib/gcc/nios2-elf/4.1.2/../../../../nios2-elf/lib/libc.a(lib_a-locale.o)
                0x00823da0                __nlocale_changed
                0x00823da4                __mlocale_changed
                0x00823da8                _PathLocale
 .sbss          0x00823dac        0x4 ../capstone_Volatile_bsp//libucosii_bsp.a(alt_dev.o)
                0x00823dac                alt_fd_list_lock
 .sbss          0x00823db0        0x4 ../capstone_Volatile_bsp//libucosii_bsp.a(alt_irq_vars.o)
                0x00823db0                alt_irq_active
 .sbss          0x00823db4        0xc ../capstone_Volatile_bsp//libucosii_bsp.a(alt_main.o)
                0x00823db4                alt_argc
                0x00823db8                alt_argv
                0x00823dbc                alt_envp
 .sbss          0x00823dc0        0x8 ../capstone_Volatile_bsp//libucosii_bsp.a(alt_env_lock.o)
                0x00823dc4                alt_envsem
 .sbss          0x00823dc8        0x8 ../capstone_Volatile_bsp//libucosii_bsp.a(alt_malloc_lock.o)
                0x00823dcc                alt_heapsem
 .sbss          0x00823dd0       0x50 ../capstone_Volatile_bsp//libucosii_bsp.a(os_core.o)
                0x00823dd0                OSLockNesting
                0x00823dd1                OSRunning
                0x00823dd4                OSIdleCtr
                0x00823dd8                OSPrioHighRdy
                0x00823dd9                OSPrioCur
                0x00823ddc                OSTCBList
                0x00823de0                OSTickStepState
                0x00823de4                OSCtxSwCtr
                0x00823de8                OSIdleCtrMax
                0x00823dec                OSTCBFreeList
                0x00823df0                OSCPUUsage
                0x00823df1                OSTaskCtr
                0x00823df4                OSMemFreeList
                0x00823df8                OSTCBHighRdy
                0x00823dfc                OSQFreeList
                0x00823e00                OSRdyGrp
                0x00823e01                OSRdyTbl
                0x00823e04                OSEventFreeList
                0x00823e08                OSIntNesting
                0x00823e0c                OSTCBCur
                0x00823e10                OSTime
                0x00823e14                OSFlagFreeList
                0x00823e18                OSStatRdy
                0x00823e1c                OSIdleCtrRun
 .sbss          0x00823e20        0x8 ../capstone_Volatile_bsp//libucosii_bsp.a(alt_tick.o)
                0x00823e20                _alt_tick_rate
                0x00823e24                _alt_nticks
 *(.sbss2 .sbss2.* .gnu.linkonce.sb2.*)
 *(.scommon)
                0x00823e28                PROVIDE (__sbss_end, ABSOLUTE (.))
                0x00823e28                PROVIDE (___sbss_end, ABSOLUTE (.))
 *(.dynbss)
 *(.bss .bss.* .gnu.linkonce.b.*)
 .bss           0x00823e28        0x0 ../capstone_Volatile_bsp//obj/HAL/src/crt0.o
 .bss           0x00823e28       0x1c obj/default/audio.o
                0x00823e28                isPlaying
 .bss           0x00823e44        0x0 obj/default/efsl/debug.o
 .bss           0x00823e44        0x0 obj/default/efsl/dir.o
 .bss           0x00823e44        0x0 obj/default/efsl/disc.o
 .bss           0x00823e44        0x0 obj/default/efsl/efs.o
 .bss           0x00823e44        0x0 obj/default/efsl/extract.o
 .bss           0x00823e44        0x0 obj/default/efsl/fat.o
 .bss           0x00823e44        0x0 obj/default/efsl/file.o
 .bss           0x00823e44        0x0 obj/default/efsl/fs.o
 .bss           0x00823e44        0x0 obj/default/efsl/ioman.o
 .bss           0x00823e44        0x0 obj/default/efsl/ls.o
 .bss           0x00823e44        0x0 obj/default/efsl/mkfs.o
 .bss           0x00823e44        0x0 obj/default/efsl/nios2.o
 .bss           0x00823e44        0x0 obj/default/efsl/nios2_ramdisk.o
 .bss           0x00823e44        0x0 obj/default/efsl/partition.o
 .bss           0x00823e44        0x0 obj/default/efsl/plibc.o
 .bss           0x00823e44        0x0 obj/default/efsl/sd.o
 .bss           0x00823e44        0x0 obj/default/efsl/time.o
 .bss           0x00823e44        0x0 obj/default/efsl/ui.o
 .bss           0x00823e44        0x0 obj/default/save.o
 .bss           0x00823e44        0x0 /OPT/altera/12.1/nios2eds/bin/gnu/H-i686-pc-linux-gnu/bin/../lib/gcc/nios2-elf/4.1.2/libgcc.a(lib2-divmod.o)
 .bss           0x00823e44        0x0 /OPT/altera/12.1/nios2eds/bin/gnu/H-i686-pc-linux-gnu/bin/../lib/gcc/nios2-elf/4.1.2/../../../../nios2-elf/lib/libc.a(lib_a-malloc.o)
 .bss           0x00823e44       0x28 /OPT/altera/12.1/nios2eds/bin/gnu/H-i686-pc-linux-gnu/bin/../lib/gcc/nios2-elf/4.1.2/../../../../nios2-elf/lib/libc.a(lib_a-mallocr.o)
                0x00823e44                __malloc_current_mallinfo
 .bss           0x00823e6c        0x0 /OPT/altera/12.1/nios2eds/bin/gnu/H-i686-pc-linux-gnu/bin/../lib/gcc/nios2-elf/4.1.2/../../../../nios2-elf/lib/libc.a(lib_a-memcpy.o)
 .bss           0x00823e6c        0x0 /OPT/altera/12.1/nios2eds/bin/gnu/H-i686-pc-linux-gnu/bin/../lib/gcc/nios2-elf/4.1.2/../../../../nios2-elf/lib/libc.a(lib_a-perror.o)
 .bss           0x00823e6c        0x0 /OPT/altera/12.1/nios2eds/bin/gnu/H-i686-pc-linux-gnu/bin/../lib/gcc/nios2-elf/4.1.2/../../../../nios2-elf/lib/libc.a(lib_a-printf.o)
 .bss           0x00823e6c        0x0 /OPT/altera/12.1/nios2eds/bin/gnu/H-i686-pc-linux-gnu/bin/../lib/gcc/nios2-elf/4.1.2/../../../../nios2-elf/lib/libc.a(lib_a-putchar.o)
 .bss           0x00823e6c        0x0 /OPT/altera/12.1/nios2eds/bin/gnu/H-i686-pc-linux-gnu/bin/../lib/gcc/nios2-elf/4.1.2/../../../../nios2-elf/lib/libc.a(lib_a-puts.o)
 .bss           0x00823e6c        0x0 /OPT/altera/12.1/nios2eds/bin/gnu/H-i686-pc-linux-gnu/bin/../lib/gcc/nios2-elf/4.1.2/../../../../nios2-elf/lib/libc.a(lib_a-sbrkr.o)
 .bss           0x00823e6c        0x0 /OPT/altera/12.1/nios2eds/bin/gnu/H-i686-pc-linux-gnu/bin/../lib/gcc/nios2-elf/4.1.2/../../../../nios2-elf/lib/libc.a(lib_a-strerror.o)
 .bss           0x00823e6c        0x0 /OPT/altera/12.1/nios2eds/bin/gnu/H-i686-pc-linux-gnu/bin/../lib/gcc/nios2-elf/4.1.2/../../../../nios2-elf/lib/libc.a(lib_a-strlen.o)
 .bss           0x00823e6c        0x0 /OPT/altera/12.1/nios2eds/bin/gnu/H-i686-pc-linux-gnu/bin/../lib/gcc/nios2-elf/4.1.2/../../../../nios2-elf/lib/libc.a(lib_a-u_strerr.o)
 .bss           0x00823e6c        0x0 /OPT/altera/12.1/nios2eds/bin/gnu/H-i686-pc-linux-gnu/bin/../lib/gcc/nios2-elf/4.1.2/../../../../nios2-elf/lib/libc.a(lib_a-vfprintf.o)
 .bss           0x00823e6c        0x0 /OPT/altera/12.1/nios2eds/bin/gnu/H-i686-pc-linux-gnu/bin/../lib/gcc/nios2-elf/4.1.2/../../../../nios2-elf/lib/libc.a(lib_a-wsetup.o)
 .bss           0x00823e6c        0x0 /OPT/altera/12.1/nios2eds/bin/gnu/H-i686-pc-linux-gnu/bin/../lib/gcc/nios2-elf/4.1.2/../../../../nios2-elf/lib/libc.a(lib_a-dtoa.o)
 .bss           0x00823e6c        0x0 /OPT/altera/12.1/nios2eds/bin/gnu/H-i686-pc-linux-gnu/bin/../lib/gcc/nios2-elf/4.1.2/../../../../nios2-elf/lib/libc.a(lib_a-fflush.o)
 .bss           0x00823e6c        0x0 /OPT/altera/12.1/nios2eds/bin/gnu/H-i686-pc-linux-gnu/bin/../lib/gcc/nios2-elf/4.1.2/../../../../nios2-elf/lib/libc.a(lib_a-findfp.o)
 .bss           0x00823e6c        0x0 /OPT/altera/12.1/nios2eds/bin/gnu/H-i686-pc-linux-gnu/bin/../lib/gcc/nios2-elf/4.1.2/../../../../nios2-elf/lib/libc.a(lib_a-fputc.o)
 .bss           0x00823e6c        0x0 /OPT/altera/12.1/nios2eds/bin/gnu/H-i686-pc-linux-gnu/bin/../lib/gcc/nios2-elf/4.1.2/../../../../nios2-elf/lib/libc.a(lib_a-fputs.o)
 .bss           0x00823e6c        0x0 /OPT/altera/12.1/nios2eds/bin/gnu/H-i686-pc-linux-gnu/bin/../lib/gcc/nios2-elf/4.1.2/../../../../nios2-elf/lib/libc.a(lib_a-freer.o)
 .bss           0x00823e6c        0x0 /OPT/altera/12.1/nios2eds/bin/gnu/H-i686-pc-linux-gnu/bin/../lib/gcc/nios2-elf/4.1.2/../../../../nios2-elf/lib/libc.a(lib_a-fvwrite.o)
 .bss           0x00823e6c        0x0 /OPT/altera/12.1/nios2eds/bin/gnu/H-i686-pc-linux-gnu/bin/../lib/gcc/nios2-elf/4.1.2/../../../../nios2-elf/lib/libc.a(lib_a-fwalk.o)
 .bss           0x00823e6c        0x0 /OPT/altera/12.1/nios2eds/bin/gnu/H-i686-pc-linux-gnu/bin/../lib/gcc/nios2-elf/4.1.2/../../../../nios2-elf/lib/libc.a(lib_a-impure.o)
 .bss           0x00823e6c        0x0 /OPT/altera/12.1/nios2eds/bin/gnu/H-i686-pc-linux-gnu/bin/../lib/gcc/nios2-elf/4.1.2/../../../../nios2-elf/lib/libc.a(lib_a-int_errno.o)
 .bss           0x00823e6c        0x0 /OPT/altera/12.1/nios2eds/bin/gnu/H-i686-pc-linux-gnu/bin/../lib/gcc/nios2-elf/4.1.2/../../../../nios2-elf/lib/libc.a(lib_a-locale.o)
 .bss           0x00823e6c        0x0 /OPT/altera/12.1/nios2eds/bin/gnu/H-i686-pc-linux-gnu/bin/../lib/gcc/nios2-elf/4.1.2/../../../../nios2-elf/lib/libc.a(lib_a-makebuf.o)
 .bss           0x00823e6c        0x0 /OPT/altera/12.1/nios2eds/bin/gnu/H-i686-pc-linux-gnu/bin/../lib/gcc/nios2-elf/4.1.2/../../../../nios2-elf/lib/libc.a(lib_a-memchr.o)
 .bss           0x00823e6c        0x0 /OPT/altera/12.1/nios2eds/bin/gnu/H-i686-pc-linux-gnu/bin/../lib/gcc/nios2-elf/4.1.2/../../../../nios2-elf/lib/libc.a(lib_a-memmove.o)
 .bss           0x00823e6c        0x0 /OPT/altera/12.1/nios2eds/bin/gnu/H-i686-pc-linux-gnu/bin/../lib/gcc/nios2-elf/4.1.2/../../../../nios2-elf/lib/libc.a(lib_a-memset.o)
 .bss           0x00823e6c        0x0 /OPT/altera/12.1/nios2eds/bin/gnu/H-i686-pc-linux-gnu/bin/../lib/gcc/nios2-elf/4.1.2/../../../../nios2-elf/lib/libc.a(lib_a-mprec.o)
 .bss           0x00823e6c        0x0 /OPT/altera/12.1/nios2eds/bin/gnu/H-i686-pc-linux-gnu/bin/../lib/gcc/nios2-elf/4.1.2/../../../../nios2-elf/lib/libc.a(lib_a-putc.o)
 .bss           0x00823e6c        0x0 /OPT/altera/12.1/nios2eds/bin/gnu/H-i686-pc-linux-gnu/bin/../lib/gcc/nios2-elf/4.1.2/../../../../nios2-elf/lib/libc.a(lib_a-reallocr.o)
 .bss           0x00823e6c        0x0 /OPT/altera/12.1/nios2eds/bin/gnu/H-i686-pc-linux-gnu/bin/../lib/gcc/nios2-elf/4.1.2/../../../../nios2-elf/lib/libc.a(lib_a-s_isinfd.o)
 .bss           0x00823e6c        0x0 /OPT/altera/12.1/nios2eds/bin/gnu/H-i686-pc-linux-gnu/bin/../lib/gcc/nios2-elf/4.1.2/../../../../nios2-elf/lib/libc.a(lib_a-s_isnand.o)
 .bss           0x00823e6c        0x0 /OPT/altera/12.1/nios2eds/bin/gnu/H-i686-pc-linux-gnu/bin/../lib/gcc/nios2-elf/4.1.2/../../../../nios2-elf/lib/libc.a(lib_a-stdio.o)
 .bss           0x00823e6c        0x0 /OPT/altera/12.1/nios2eds/bin/gnu/H-i686-pc-linux-gnu/bin/../lib/gcc/nios2-elf/4.1.2/../../../../nios2-elf/lib/libc.a(lib_a-strcmp.o)
 .bss           0x00823e6c        0x0 /OPT/altera/12.1/nios2eds/bin/gnu/H-i686-pc-linux-gnu/bin/../lib/gcc/nios2-elf/4.1.2/../../../../nios2-elf/lib/libc.a(lib_a-wbuf.o)
 .bss           0x00823e6c        0x0 /OPT/altera/12.1/nios2eds/bin/gnu/H-i686-pc-linux-gnu/bin/../lib/gcc/nios2-elf/4.1.2/../../../../nios2-elf/lib/libc.a(lib_a-writer.o)
 .bss           0x00823e6c        0x0 /OPT/altera/12.1/nios2eds/bin/gnu/H-i686-pc-linux-gnu/bin/../lib/gcc/nios2-elf/4.1.2/../../../../nios2-elf/lib/libc.a(lib_a-callocr.o)
 .bss           0x00823e6c        0x0 /OPT/altera/12.1/nios2eds/bin/gnu/H-i686-pc-linux-gnu/bin/../lib/gcc/nios2-elf/4.1.2/../../../../nios2-elf/lib/libc.a(lib_a-closer.o)
 .bss           0x00823e6c        0x0 /OPT/altera/12.1/nios2eds/bin/gnu/H-i686-pc-linux-gnu/bin/../lib/gcc/nios2-elf/4.1.2/../../../../nios2-elf/lib/libc.a(lib_a-fclose.o)
 .bss           0x00823e6c        0x0 /OPT/altera/12.1/nios2eds/bin/gnu/H-i686-pc-linux-gnu/bin/../lib/gcc/nios2-elf/4.1.2/../../../../nios2-elf/lib/libc.a(lib_a-fstatr.o)
 .bss           0x00823e6c        0x0 /OPT/altera/12.1/nios2eds/bin/gnu/H-i686-pc-linux-gnu/bin/../lib/gcc/nios2-elf/4.1.2/../../../../nios2-elf/lib/libc.a(lib_a-isattyr.o)
 .bss           0x00823e6c        0x0 /OPT/altera/12.1/nios2eds/bin/gnu/H-i686-pc-linux-gnu/bin/../lib/gcc/nios2-elf/4.1.2/../../../../nios2-elf/lib/libc.a(lib_a-lseekr.o)
 .bss           0x00823e6c        0x0 /OPT/altera/12.1/nios2eds/bin/gnu/H-i686-pc-linux-gnu/bin/../lib/gcc/nios2-elf/4.1.2/../../../../nios2-elf/lib/libc.a(lib_a-readr.o)
 .bss           0x00823e6c        0x0 /OPT/altera/12.1/nios2eds/bin/gnu/H-i686-pc-linux-gnu/bin/../lib/gcc/nios2-elf/4.1.2/libgcc.a(_udivdi3.o)
 .bss           0x00823e6c        0x0 /OPT/altera/12.1/nios2eds/bin/gnu/H-i686-pc-linux-gnu/bin/../lib/gcc/nios2-elf/4.1.2/libgcc.a(_umoddi3.o)
 .bss           0x00823e6c        0x0 /OPT/altera/12.1/nios2eds/bin/gnu/H-i686-pc-linux-gnu/bin/../lib/gcc/nios2-elf/4.1.2/libgcc.a(_addsub_df.o)
 .bss           0x00823e6c        0x0 /OPT/altera/12.1/nios2eds/bin/gnu/H-i686-pc-linux-gnu/bin/../lib/gcc/nios2-elf/4.1.2/libgcc.a(_mul_df.o)
 .bss           0x00823e6c        0x0 /OPT/altera/12.1/nios2eds/bin/gnu/H-i686-pc-linux-gnu/bin/../lib/gcc/nios2-elf/4.1.2/libgcc.a(_div_df.o)
 .bss           0x00823e6c        0x0 /OPT/altera/12.1/nios2eds/bin/gnu/H-i686-pc-linux-gnu/bin/../lib/gcc/nios2-elf/4.1.2/libgcc.a(_eq_df.o)