Archive member included because of file (symbol)

/OPT/altera/12.1/nios2eds/bin/gnu/H-i686-pc-linux-gnu/bin/../lib/gcc/nios2-elf/4.1.2/libgcc.a(lib2-divmod.o)
                              obj/default/efsl/fs.o (__divsi3)
/OPT/altera/12.1/nios2eds/bin/gnu/H-i686-pc-linux-gnu/bin/../lib/gcc/nios2-elf/4.1.2/../../../../nios2-elf/lib/libc.a(lib_a-malloc.o)
                              obj/default/audio.o (malloc)
/OPT/altera/12.1/nios2eds/bin/gnu/H-i686-pc-linux-gnu/bin/../lib/gcc/nios2-elf/4.1.2/../../../../nios2-elf/lib/libc.a(lib_a-mallocr.o)
                              /OPT/altera/12.1/nios2eds/bin/gnu/H-i686-pc-linux-gnu/bin/../lib/gcc/nios2-elf/4.1.2/../../../../nios2-elf/lib/libc.a(lib_a-malloc.o) (_malloc_r)
/OPT/altera/12.1/nios2eds/bin/gnu/H-i686-pc-linux-gnu/bin/../lib/gcc/nios2-elf/4.1.2/../../../../nios2-elf/lib/libc.a(lib_a-memcpy.o)
                              obj/default/efsl/nios2_ramdisk.o (memcpy)
/OPT/altera/12.1/nios2eds/bin/gnu/H-i686-pc-linux-gnu/bin/../lib/gcc/nios2-elf/4.1.2/../../../../nios2-elf/lib/libc.a(lib_a-perror.o)
                              obj/default/audio.o (perror)
/OPT/altera/12.1/nios2eds/bin/gnu/H-i686-pc-linux-gnu/bin/../lib/gcc/nios2-elf/4.1.2/../../../../nios2-elf/lib/libc.a(lib_a-printf.o)
                              obj/default/audio.o (printf)
/OPT/altera/12.1/nios2eds/bin/gnu/H-i686-pc-linux-gnu/bin/../lib/gcc/nios2-elf/4.1.2/../../../../nios2-elf/lib/libc.a(lib_a-putchar.o)
                              obj/default/efsl/sd.o (putchar)
/OPT/altera/12.1/nios2eds/bin/gnu/H-i686-pc-linux-gnu/bin/../lib/gcc/nios2-elf/4.1.2/../../../../nios2-elf/lib/libc.a(lib_a-puts.o)
                              obj/default/audio.o (puts)
/OPT/altera/12.1/nios2eds/bin/gnu/H-i686-pc-linux-gnu/bin/../lib/gcc/nios2-elf/4.1.2/../../../../nios2-elf/lib/libc.a(lib_a-sbrkr.o)
                              /OPT/altera/12.1/nios2eds/bin/gnu/H-i686-pc-linux-gnu/bin/../lib/gcc/nios2-elf/4.1.2/../../../../nios2-elf/lib/libc.a(lib_a-mallocr.o) (_sbrk_r)
/OPT/altera/12.1/nios2eds/bin/gnu/H-i686-pc-linux-gnu/bin/../lib/gcc/nios2-elf/4.1.2/../../../../nios2-elf/lib/libc.a(lib_a-strerror.o)
                              /OPT/altera/12.1/nios2eds/bin/gnu/H-i686-pc-linux-gnu/bin/../lib/gcc/nios2-elf/4.1.2/../../../../nios2-elf/lib/libc.a(lib_a-perror.o) (strerror)
/OPT/altera/12.1/nios2eds/bin/gnu/H-i686-pc-linux-gnu/bin/../lib/gcc/nios2-elf/4.1.2/../../../../nios2-elf/lib/libc.a(lib_a-strlen.o)
                              /OPT/altera/12.1/nios2eds/bin/gnu/H-i686-pc-linux-gnu/bin/../lib/gcc/nios2-elf/4.1.2/../../../../nios2-elf/lib/libc.a(lib_a-puts.o) (strlen)
/OPT/altera/12.1/nios2eds/bin/gnu/H-i686-pc-linux-gnu/bin/../lib/gcc/nios2-elf/4.1.2/../../../../nios2-elf/lib/libc.a(lib_a-u_strerr.o)
                              /OPT/altera/12.1/nios2eds/bin/gnu/H-i686-pc-linux-gnu/bin/../lib/gcc/nios2-elf/4.1.2/../../../../nios2-elf/lib/libc.a(lib_a-strerror.o) (_user_strerror)
/OPT/altera/12.1/nios2eds/bin/gnu/H-i686-pc-linux-gnu/bin/../lib/gcc/nios2-elf/4.1.2/../../../../nios2-elf/lib/libc.a(lib_a-vfprintf.o)
                              /OPT/altera/12.1/nios2eds/bin/gnu/H-i686-pc-linux-gnu/bin/../lib/gcc/nios2-elf/4.1.2/../../../../nios2-elf/lib/libc.a(lib_a-printf.o) (___vfprintf_internal_r)
/OPT/altera/12.1/nios2eds/bin/gnu/H-i686-pc-linux-gnu/bin/../lib/gcc/nios2-elf/4.1.2/../../../../nios2-elf/lib/libc.a(lib_a-wsetup.o)
                              /OPT/altera/12.1/nios2eds/bin/gnu/H-i686-pc-linux-gnu/bin/../lib/gcc/nios2-elf/4.1.2/../../../../nios2-elf/lib/libc.a(lib_a-vfprintf.o) (__swsetup_r)
/OPT/altera/12.1/nios2eds/bin/gnu/H-i686-pc-linux-gnu/bin/../lib/gcc/nios2-elf/4.1.2/../../../../nios2-elf/lib/libc.a(lib_a-dtoa.o)
                              /OPT/altera/12.1/nios2eds/bin/gnu/H-i686-pc-linux-gnu/bin/../lib/gcc/nios2-elf/4.1.2/../../../../nios2-elf/lib/libc.a(lib_a-vfprintf.o) (_dtoa_r)
/OPT/altera/12.1/nios2eds/bin/gnu/H-i686-pc-linux-gnu/bin/../lib/gcc/nios2-elf/4.1.2/../../../../nios2-elf/lib/libc.a(lib_a-fflush.o)
                              /OPT/altera/12.1/nios2eds/bin/gnu/H-i686-pc-linux-gnu/bin/../lib/gcc/nios2-elf/4.1.2/../../../../nios2-elf/lib/libc.a(lib_a-vfprintf.o) (_fflush_r)
/OPT/altera/12.1/nios2eds/bin/gnu/H-i686-pc-linux-gnu/bin/../lib/gcc/nios2-elf/4.1.2/../../../../nios2-elf/lib/libc.a(lib_a-findfp.o)
                              /OPT/altera/12.1/nios2eds/bin/gnu/H-i686-pc-linux-gnu/bin/../lib/gcc/nios2-elf/4.1.2/../../../../nios2-elf/lib/libc.a(lib_a-vfprintf.o) (__sinit)
/OPT/altera/12.1/nios2eds/bin/gnu/H-i686-pc-linux-gnu/bin/../lib/gcc/nios2-elf/4.1.2/../../../../nios2-elf/lib/libc.a(lib_a-fputc.o)
                              /OPT/altera/12.1/nios2eds/bin/gnu/H-i686-pc-linux-gnu/bin/../lib/gcc/nios2-elf/4.1.2/../../../../nios2-elf/lib/libc.a(lib_a-perror.o) (fputc)
/OPT/altera/12.1/nios2eds/bin/gnu/H-i686-pc-linux-gnu/bin/../lib/gcc/nios2-elf/4.1.2/../../../../nios2-elf/lib/libc.a(lib_a-fputs.o)
[...]
Memory Configuration

Name             Origin             Length             Attributes
reset            0x00000000         0x00000020
generic_tristate_controller_0 0x00000020         0x003fffe0
sdram_0          0x00800000         0x00800000
sram_0           0x01080000         0x00080000
onchip_memory2_0_BEFORE_EXCEPTION 0x01104000         0x00000020
onchip_memory2_0 0x01104020         0x00003fe0
*default*        0x00000000         0xffffffff

Linker script and memory map

LOAD ../capstone_Volatile_bsp//obj/HAL/src/crt0.o
LOAD obj/default/audio.o
LOAD obj/default/efsl/debug.o
LOAD obj/default/efsl/dir.o
LOAD obj/default/efsl/disc.o
LOAD obj/default/efsl/efs.o
LOAD obj/default/efsl/extract.o
LOAD obj/default/efsl/fat.o
LOAD obj/default/efsl/file.o
LOAD obj/default/efsl/fs.o
LOAD obj/default/efsl/ioman.o
LOAD obj/default/efsl/ls.o
LOAD obj/default/efsl/mkfs.o
LOAD obj/default/efsl/nios2.o
LOAD obj/default/efsl/nios2_ramdisk.o
LOAD obj/default/efsl/partition.o
LOAD obj/default/efsl/plibc.o
LOAD obj/default/efsl/sd.o
LOAD obj/default/efsl/time.o
LOAD obj/default/efsl/ui.o
LOAD obj/default/save.o
LOAD /OPT/altera/12.1/nios2eds/bin/gnu/H-i686-pc-linux-gnu/bin/../lib/gcc/nios2-elf/4.1.2/../../../../nios2-elf/lib/libstdc++.a
LOAD /OPT/altera/12.1/nios2eds/bin/gnu/H-i686-pc-linux-gnu/bin/../lib/gcc/nios2-elf/4.1.2/../../../../nios2-elf/lib/libm.a
LOAD /OPT/altera/12.1/nios2eds/bin/gnu/H-i686-pc-linux-gnu/bin/../lib/gcc/nios2-elf/4.1.2/libgcc.a
START GROUP
LOAD /OPT/altera/12.1/nios2eds/bin/gnu/H-i686-pc-linux-gnu/bin/../lib/gcc/nios2-elf/4.1.2/../../../../nios2-elf/lib/libc.a
LOAD /OPT/altera/12.1/nios2eds/bin/gnu/H-i686-pc-linux-gnu/bin/../lib/gcc/nios2-elf/4.1.2/libgcc.a
LOAD ../capstone_Volatile_bsp//libucosii_bsp.a
END GROUP
LOAD /OPT/altera/12.1/nios2eds/bin/gnu/H-i686-pc-linux-gnu/bin/../lib/gcc/nios2-elf/4.1.2/libgcc.a
                0x00000000                __alt_mem_generic_tristate_controller_0 = 0x0
                0x00800000                __alt_mem_sdram_0 = 0x800000
                0x01080000                __alt_mem_sram_0 = 0x1080000
                0x01104000                __alt_mem_onchip_memory2_0 = 0x1104000

.entry          0x00000000        0x0
 *(.entry)
 .entry         0x00000000        0x0 ../capstone_Volatile_bsp//obj/HAL/src/crt0.o
                0x00000000                __reset

.exceptions     0x01104020      0x1a0
                0x01104020                PROVIDE (__ram_exceptions_start, ABSOLUTE (.))
                0x01104020                . = ALIGN (0x20)
 *(.irq)
 *(.exceptions.entry.label)
 .exceptions.entry.label
                0x01104020        0x0 ../capstone_Volatile_bsp//libucosii_bsp.a(alt_irq_entry.o)
                0x01104020                alt_irq_entry
 .exceptions.entry.label
                0x01104020        0x0 ../capstone_Volatile_bsp//libucosii_bsp.a(alt_exception_entry.o)
                0x01104020                alt_exception
 *(.exceptions.entry.user)
 *(.exceptions.entry)
 .exceptions.entry
                0x01104020       0x54 ../capstone_Volatile_bsp//libucosii_bsp.a(alt_exception_entry.o)
 *(.exceptions.irqtest.user)
 *(.exceptions.irqtest)
 .exceptions.irqtest
                0x01104074       0x10 ../capstone_Volatile_bsp//libucosii_bsp.a(alt_irq_entry.o)
 *(.exceptions.irqhandler.user)
 *(.exceptions.irqhandler)
 .exceptions.irqhandler
                0x01104084        0x4 ../capstone_Volatile_bsp//libucosii_bsp.a(alt_irq_entry.o)
 *(.exceptions.irqreturn.user)
 *(.exceptions.irqreturn)
 .exceptions.irqreturn
                0x01104088        0x4 ../capstone_Volatile_bsp//libucosii_bsp.a(alt_irq_entry.o)
 *(.exceptions.notirq.label)
 .exceptions.notirq.label
                0x0110408c        0x0 ../capstone_Volatile_bsp//libucosii_bsp.a(alt_irq_entry.o)
 *(.exceptions.notirq.user)
 *(.exceptions.notirq)
 .exceptions.notirq
                0x0110408c        0x8 ../capstone_Volatile_bsp//libucosii_bsp.a(alt_exception_entry.o)
 *(.exceptions.soft.user)
 *(.exceptions.soft)
 *(.exceptions.unknown.user)
 *(.exceptions.unknown)
 .exceptions.unknown
                0x01104094        0x4 ../capstone_Volatile_bsp//libucosii_bsp.a(alt_exception_entry.o)
 *(.exceptions.exit.label)
 .exceptions.exit.label
                0x01104098        0x0 ../capstone_Volatile_bsp//libucosii_bsp.a(alt_irq_entry.o)
 .exceptions.exit.label
                0x01104098        0x0 ../capstone_Volatile_bsp//libucosii_bsp.a(alt_exception_entry.o)
 *(.exceptions.exit.user)
 *(.exceptions.exit)
 .exceptions.exit
                0x01104098       0x54 ../capstone_Volatile_bsp//libucosii_bsp.a(alt_exception_entry.o)
 *(.exceptions)
 .exceptions    0x011040ec       0xd4 ../capstone_Volatile_bsp//libucosii_bsp.a(alt_irq_handler.o)
                0x011040ec                alt_irq_handler
                0x011041c0                PROVIDE (__ram_exceptions_end, ABSOLUTE (.))
                0x01104020                PROVIDE (__flash_exceptions_start, LOADADDR (.exceptions))

.text           0x00800000    0x20b8c
                0x00800000                PROVIDE (stext, ABSOLUTE (.))
 *(.interp)
 *(.hash)
 *(.dynsym)
 *(.dynstr)
 *(.gnu.version)
 *(.gnu.version_d)
 *(.gnu.version_r)
 *(.rel.init)
 *(.rela.init)
 *(.rel.text .rel.text.* .rel.gnu.linkonce.t.*)
 *(.rela.text .rela.text.* .rela.gnu.linkonce.t.*)
 *(.rel.fini)
 *(.rela.fini)
 *(.rel.rodata .rel.rodata.* .rel.gnu.linkonce.r.*)
 *(.rela.rodata .rela.rodata.* .rela.gnu.linkonce.r.*)
 *(.rel.data .rel.data.* .rel.gnu.linkonce.d.*)
 *(.rela.data .rela.data.* .rela.gnu.linkonce.d.*)
 *(.rel.tdata .rel.tdata.* .rel.gnu.linkonce.td.*)
 *(.rela.tdata .rela.tdata.* .rela.gnu.linkonce.td.*)
 *(.rel.tbss .rel.tbss.* .rel.gnu.linkonce.tb.*)
 *(.rela.tbss .rela.tbss.* .rela.gnu.linkonce.tb.*)
 *(.rel.ctors)
 *(.rela.ctors)
 *(.rel.dtors)
 *(.rela.dtors)
 *(.rel.got)
 *(.rela.got)
 *(.rel.sdata .rel.sdata.* .rel.gnu.linkonce.s.*)
 *(.rela.sdata .rela.sdata.* .rela.gnu.linkonce.s.*)
 *(.rel.sbss .rel.sbss.* .rel.gnu.linkonce.sb.*)
 *(.rela.sbss .rela.sbss.* .rela.gnu.linkonce.sb.*)
 *(.rel.sdata2 .rel.sdata2.* .rel.gnu.linkonce.s2.*)
 *(.rela.sdata2 .rela.sdata2.* .rela.gnu.linkonce.s2.*)
 *(.rel.sbss2 .rel.sbss2.* .rel.gnu.linkonce.sb2.*)
 *(.rela.sbss2 .rela.sbss2.* .rela.gnu.linkonce.sb2.*)
 *(.rel.bss .rel.bss.* .rel.gnu.linkonce.b.*)
 *(.rela.bss .rela.bss.* .rela.gnu.linkonce.b.*)
 *(.rel.plt)
 *(.rela.plt)
 *(.rel.dyn)
 *(.init)
 *(.plt)
 *(.text .stub .text.* .gnu.linkonce.t.*)
 .text          0x00800000       0x48 ../capstone_Volatile_bsp//obj/HAL/src/crt0.o
                0x00800000                _start
 .text          0x00800048      0xf30 obj/default/audio.o
                0x00800048                pollSound
                0x0080026c                synthesize
                0x008004a0                main
                0x0080097c                addWav
                0x00800a1c                playSound
                0x00800ae4                playSoundAmp
                0x00800bf0                sdInit
                0x00800c70                audioInit
                0x00800d90                sdRead
                0x00800eb8                parseWav
 .text          0x00800f78        0x0 obj/default/efsl/debug.o
 .text          0x00800f78      0xb40 obj/default/efsl/dir.o
                0x00800f78                dir_getFileStructure
                0x00801034                dir_createDirectoryEntry
                0x008010b8                dir_createDefaultEntry
                0x00801168                dir_setFirstCluster
                0x00801210                dir_setFileSize
                0x00801290                dir_updateDirectoryEntry
                0x00801318                dir_findFileinBuf
                0x00801470                dir_findFreeEntryinBuf
                0x00801568                dir_findinBuf
                0x008015f4                dir_findinCluster
                0x00801718                dir_findinDir
                0x00801810                dir_findinRootArea
                0x00801954                dir_getFatFileName
                0x00801a28                dir_addCluster
 .text          0x00801ab8       0xe4 obj/default/efsl/disc.o
                0x00801ab8                disc_initDisc
                0x00801b00                disc_loadMBR
 .text          0x00801b9c      0x128 obj/default/efsl/efs.o
                0x00801b9c                efs_init
 .text          0x00801cc4      0x354 obj/default/efsl/extract.o
                0x00801cc4                ex_getb16
                0x00801d24                ex_getb32
                0x00801dbc                ex_setb16
                0x00801e14                ex_setb32
                0x00801ea4                ex_getPartitionField
                0x00801ff0                ex_setPartitionField
 .text          0x00802018     0x1504 obj/default/efsl/fat.o
                0x00802018                fat_getSectorAddressFatEntry
                0x00802140                fat_getNextClusterAddress
                0x00802368                fat_setNextClusterAddress
                0x008026dc                fat_isEocMarker
                0x00802790                fat_giveEocMarker
                0x00802818                fat_getNextClusterAddressWBuf
                0x008029e0                fat_setNextClusterAddressWBuf
                0x00802cc4                fat_getNextClusterChain
                0x00802e74                fat_LogicToDiscCluster
                0x00802fa4                fat_allocClusterChain
                0x00803270                fat_unlinkClusterChain
                0x00803348                fat_countClustersInChain
                0x008033ec                fat_DiscToLogicCluster
                0x0080349c                fat_countFreeClusters
 .text          0x0080351c     0x12bc obj/default/efsl/file.o
                0x0080351c                file_fread
                0x008037b4                file_read
                0x0080381c                file_write
                0x00803884                file_setpos
                0x008038d8                file_fwrite
                0x00803c24                file_fopen
                0x0080409c                file_fclose
                0x0080419c                file_initFile
                0x00804258                file_normalToFatName
                0x008044d0                file_validateChar
                0x008045b8                file_setAttr
                0x00804644                file_getAttr
                0x00804688                file_requiredCluster
 .text          0x008047d8     0x117c obj/default/efsl/fs.o
                0x008047d8                fs_initFs
                0x00804894                fs_isValidFat
                0x00804908                fs_loadVolumeId
                0x00804a44                fs_verifySanity
                0x00804be0                fs_countDataSectors
                0x00804d38                fs_determineFatType
                0x00804db4                fs_findFirstSectorRootDir
                0x00804e74                fs_initCurrentDir
                0x00804eb0                fs_clusterToSector
                0x00804f7c                fs_sectorToCluster
                0x00805078                fs_getNextFreeCluster
                0x008050f8                fs_giveFreeClusterHint
                0x0080511c                fs_findFile
                0x0080535c                fs_findFreeFile
                0x0080547c                fs_getLastCluster
                0x00805554                fs_getFirstClusterRootDir
                0x008055a8                fs_initClusterChain
                0x00805608                fs_setFirstClusterInDirEntry
                0x00805650                fs_flushFs
                0x0080569c                fs_umount
                0x008056d8                fs_clearCluster
                0x00805788                fs_getFsInfo
                0x00805884                fs_setFsInfo
 .text          0x00805954     0x1df4 obj/default/efsl/ioman.o
                0x00805954                ioman_init
                0x008059cc                ioman_reset
                0x00805b3c                ioman_getBuffer
                0x00805b68                ioman_setAttr
                0x00805c4c                ioman_getAttr
                0x00805cd4                ioman_getUseCnt
                0x00805d40                ioman_incUseCnt
                0x00805dd4                ioman_decUseCnt
                0x00805e68                ioman_resetUseCnt
                0x00805ec4                ioman_getRefCnt
                0x00805f30                ioman_incRefCnt
                0x00805fc4                ioman_decRefCnt
                0x00806058                ioman_resetRefCnt
                0x008060b4                ioman_pop
                0x00806288                ioman_push
                0x00806448                ioman_getPtr
                0x008064b0                ioman_getBp
                0x00806568                ioman_readSector
                0x008065f4                ioman_writeSector
                0x00806680                ioman_resetCacheItem
                0x00806720                ioman_findSectorInCache
                0x008067cc                ioman_findFreeSpot
                0x00806850                ioman_findUnusedSpot
                0x008069c0                ioman_findOverallocableSpot
                0x00806b0c                ioman_putSectorInCache
                0x00806be8                ioman_flushSector
                0x00806cfc                ioman_flushRange
                0x00806e50                ioman_flushAll
                0x00806f24                ioman_getSector
                0x00807230                ioman_releaseSector
                0x00807310                ioman_directSectorRead
                0x00807438                ioman_directSectorWrite
                0x008075a4                ioman_printStatus
 .text          0x00807748      0x588 obj/default/efsl/ls.o
                0x00807748                ls_openDir
                0x00807800                ls_getDirEntry
                0x0080788c                ls_getNext
                0x00807934                ls_getRealDirEntry
                0x00807a8c                ls_getRootAreaEntry
                0x00807b9c                ls_isValidFileEntry
                0x00807c2c                ls_fileEntryToDirListEntry
 .text          0x00807cd0      0x3e4 obj/default/efsl/mkfs.o
                0x00807cd0                mkfs_makevfat
 .text          0x008080b4      0x4c0 obj/default/efsl/nios2.o
                0x008080b4                if_initInterface
                0x00808194                if_readBuf
                0x008081e4                if_writeBuf
                0x00808230                if_setPos
                0x00808258                if_spiInit
                0x0080829c                if_spiSend
                0x008083bc                if_spi_sendbuf
                0x0080848c                if_spi_readbuf
 .text          0x00808574      0x134 obj/default/efsl/nios2_ramdisk.o
                0x00808680                ramdisk_init
 .text          0x008086a8      0x46c obj/default/efsl/partition.o
                0x008086a8                part_initPartition
                0x00808758                part_isFatPart
                0x008087d4                part_readBuf
                0x00808844                part_writeBuf
                0x008088b4                part_getRealLBA
                0x0080890c                part_getSect
                0x0080896c                part_relSect
                0x008089b8                part_flushPart
                0x00808a3c                part_directSectorRead
                0x00808aa8                part_directSectorWrite
 .text          0x00808b14      0x1b4 obj/default/efsl/plibc.o
                0x00808b14                strMatch
                0x00808bac                memCpy
                0x00808c18                memClr
                0x00808c6c                memSet
 .text          0x00808cc8      0xa20 obj/default/efsl/sd.o
                0x00808cc8                sd_Init
                0x00808e08                sd_Command
                0x00808ebc                sd_Resp8b
                0x00808f38                sd_Resp16b
                0x00808fa0                sd_Resp8bError
                0x00809178                sd_State
                0x00809334                sd_writeSector
                0x00809408                sd_readSector
                0x0080950c                sd_getDriveSize
 .text          0x008096e8       0x60 obj/default/efsl/time.o
                0x008096e8                fs_makeDate
                0x00809708                fs_makeTime
                0x00809728                fs_hasTimeSupport
 .text          0x00809748      0x708 obj/default/efsl/ui.o
                0x00809748                listFiles
                0x00809a48                rmfile
                0x00809b88                makedir
 .text          0x00809e50        0x0 obj/default/save.o
 .text          0x00809e50      0x14c /OPT/altera/12.1/nios2eds/bin/gnu/H-i686-pc-linux-gnu/bin/../lib/gcc/nios2-elf/4.1.2/libgcc.a(lib2-divmod.o)
                0x00809ecc                __divsi3
                0x00809f2c                __modsi3
                0x00809f8c                __udivsi3
                0x00809f94                __umodsi3
 .text          0x00809f9c       0x28 /OPT/altera/12.1/nios2eds/bin/gnu/H-i686-pc-linux-gnu/bin/../lib/gcc/nios2-elf/4.1.2/../../../../nios2-elf/lib/libc.a(lib_a-malloc.o)
                0x00809f9c                free
                0x00809fb0                malloc
 .text          0x00809fc4      0x740 /OPT/altera/12.1/nios2eds/bin/gnu/H-i686-pc-linux-gnu/bin/../lib/gcc/nios2-elf/4.1.2/../../../../nios2-elf/lib/libc.a(lib_a-mallocr.o)
                0x00809fc4                _malloc_r
 .text          0x0080a704       0xa0 /OPT/altera/12.1/nios2eds/bin/gnu/H-i686-pc-linux-gnu/bin/../lib/gcc/nios2-elf/4.1.2/../../../../nios2-elf/lib/libc.a(lib_a-memcpy.o)
                0x0080a704                memcpy
 .text          0x0080a7a4       0x80 /OPT/altera/12.1/nios2eds/bin/gnu/H-i686-pc-linux-gnu/bin/../lib/gcc/nios2-elf/4.1.2/../../../../nios2-elf/lib/libc.a(lib_a-perror.o)
                0x0080a7a4                _perror_r
                0x0080a810                perror
 .text          0x0080a824       0x78 /OPT/altera/12.1/nios2eds/bin/gnu/H-i686-pc-linux-gnu/bin/../lib/gcc/nios2-elf/4.1.2/../../../../nios2-elf/lib/libc.a(lib_a-printf.o)
                0x0080a824                printf
                0x0080a868                _printf_r
 .text          0x0080a89c       0x24 /OPT/altera/12.1/nios2eds/bin/gnu/H-i686-pc-linux-gnu/bin/../lib/gcc/nios2-elf/4.1.2/../../../../nios2-elf/lib/libc.a(lib_a-putchar.o)
                0x0080a89c                putchar
                0x0080a8b8                _putchar_r
 .text          0x0080a8c0       0xb4 /OPT/altera/12.1/nios2eds/bin/gnu/H-i686-pc-linux-gnu/bin/../lib/gcc/nios2-elf/4.1.2/../../../../nios2-elf/lib/libc.a(lib_a-puts.o)
                0x0080a8c0                _puts_r
                0x0080a960                puts
 .text          0x0080a974       0x70 /OPT/altera/12.1/nios2eds/bin/gnu/H-i686-pc-linux-gnu/bin/../lib/gcc/nios2-elf/4.1.2/../../../../nios2-elf/lib/libc.a(lib_a-sbrkr.o)
                0x0080a974                _sbrk_r
 .text          0x0080a9e4      0x674 /OPT/altera/12.1/nios2eds/bin/gnu/H-i686-pc-linux-gnu/bin/../lib/gcc/nios2-elf/4.1.2/../../../../nios2-elf/lib/libc.a(lib_a-strerror.o)
                0x0080a9e4                strerror
 .text          0x0080b058       0x74 /OPT/altera/12.1/nios2eds/bin/gnu/H-i686-pc-linux-gnu/bin/../lib/gcc/nios2-elf/4.1.2/../../../../nios2-elf/lib/libc.a(lib_a-strlen.o)
                0x0080b058                strlen
 .text          0x0080b0cc        0x8 /OPT/altera/12.1/nios2eds/bin/gnu/H-i686-pc-linux-gnu/bin/../lib/gcc/nios2-elf/4.1.2/../../../../nios2-elf/lib/libc.a(lib_a-u_strerr.o)
                0x0080b0cc                _user_strerror
 .text          0x0080b0d4     0x1f28 /OPT/altera/12.1/nios2eds/bin/gnu/H-i686-pc-linux-gnu/bin/../lib/gcc/nios2-elf/4.1.2/../../../../nios2-elf/lib/libc.a(lib_a-vfprintf.o)
                0x0080b12c                ___vfprintf_internal_r
                0x0080cfd8                __vfprintf_internal
 .text          0x0080cffc      0x13c /OPT/altera/12.1/nios2eds/bin/gnu/H-i686-pc-linux-gnu/bin/../lib/gcc/nios2-elf/4.1.2/../../../../nios2-elf/lib/libc.a(lib_a-wsetup.o)
                0x0080cffc                __swsetup_r
 .text          0x0080d138     0x17cc /OPT/altera/12.1/nios2eds/bin/gnu/H-i686-pc-linux-gnu/bin/../lib/gcc/nios2-elf/4.1.2/../../../../nios2-elf/lib/libc.a(lib_a-dtoa.o)
                0x0080d350                _dtoa_r
 .text          0x0080e904      0x230 /OPT/altera/12.1/nios2eds/bin/gnu/H-i686-pc-linux-gnu/bin/../lib/gcc/nios2-elf/4.1.2/../../../../nios2-elf/lib/libc.a(lib_a-fflush.o)
                0x0080e904                _fflush_r
                0x0080eb00                fflush
 .text          0x0080eb34      0x2c0 /OPT/altera/12.1/nios2eds/bin/gnu/H-i686-pc-linux-gnu/bin/../lib/gcc/nios2-elf/4.1.2/../../../../nios2-elf/lib/libc.a(lib_a-findfp.o)
                0x0080eb8c                __sfp_lock_acquire
                0x0080eb90                __sfp_lock_release
                0x0080eb94                __sinit_lock_acquire
                0x0080eb98                __sinit_lock_release
                0x0080eb9c                __sinit
                0x0080ec50                __fp_unlock_all
                0x0080ec68                __fp_lock_all
                0x0080ec80                _cleanup_r
                0x0080ec8c                _cleanup
                0x0080ec9c                __sfmoreglue
                0x0080ed04                __sfp
 .text          0x0080edf4       0xbc /OPT/altera/12.1/nios2eds/bin/gnu/H-i686-pc-linux-gnu/bin/../lib/gcc/nios2-elf/4.1.2/../../../../nios2-elf/lib/libc.a(lib_a-fputc.o)
                0x0080edf4                fputc
                0x0080ee58                _fputc_r
 .text          0x0080eeb0       0x90 /OPT/altera/12.1/nios2eds/bin/gnu/H-i686-pc-linux-gnu/bin/../lib/gcc/nios2-elf/4.1.2/../../../../nios2-elf/lib/libc.a(lib_a-fputs.o)
                0x0080eeb0                _fputs_r
                0x0080ef24                fputs
 .text          0x0080ef40      0x440 /OPT/altera/12.1/nios2eds/bin/gnu/H-i686-pc-linux-gnu/bin/../lib/gcc/nios2-elf/4.1.2/../../../../nios2-elf/lib/libc.a(lib_a-freer.o)
                0x0080ef40                _malloc_trim_r
                0x0080f06c                _free_r
 .text          0x0080f380      0x49c /OPT/altera/12.1/nios2eds/bin/gnu/H-i686-pc-linux-gnu/bin/../lib/gcc/nios2-elf/4.1.2/../../../../nios2-elf/lib/libc.a(lib_a-fvwrite.o)
                0x0080f380                __sfvwrite_r
 .text          0x0080f81c      0x180 /OPT/altera/12.1/nios2eds/bin/gnu/H-i686-pc-linux-gnu/bin/../lib/gcc/nios2-elf/4.1.2/../../../../nios2-elf/lib/libc.a(lib_a-fwalk.o)
                0x0080f81c                _fwalk_reent
                0x0080f8e4                _fwalk
 .text          0x0080f99c        0x0 /OPT/altera/12.1/nios2eds/bin/gnu/H-i686-pc-linux-gnu/bin/../lib/gcc/nios2-elf/4.1.2/../../../../nios2-elf/lib/libc.a(lib_a-impure.o)
 .text          0x0080f99c        0x0 /OPT/altera/12.1/nios2eds/bin/gnu/H-i686-pc-linux-gnu/bin/../lib/gcc/nios2-elf/4.1.2/../../../../nios2-elf/lib/libc.a(lib_a-int_errno.o)
 .text          0x0080f99c       0xc4 /OPT/altera/12.1/nios2eds/bin/gnu/H-i686-pc-linux-gnu/bin/../lib/gcc/nios2-elf/4.1.2/../../../../nios2-elf/lib/libc.a(lib_a-locale.o)
                0x0080f99c                __locale_charset
                0x0080f9a4                _localeconv_r
                0x0080f9b0                localeconv
                0x0080f9c0                _setlocale_r
                0x0080fa44                setlocale
 .text          0x0080fa60      0x194 /OPT/altera/12.1/nios2eds/bin/gnu/H-i686-pc-linux-gnu/bin/../lib/gcc/nios2-elf/4.1.2/../../../../nios2-elf/lib/libc.a(lib_a-makebuf.o)
                0x0080fa60                __smakebuf_r
 .text          0x0080fbf4       0xe4 /OPT/altera/12.1/nios2eds/bin/gnu/H-i686-pc-linux-gnu/bin/../lib/gcc/nios2-elf/4.1.2/../../../../nios2-elf/lib/libc.a(lib_a-memchr.o)
                0x0080fbf4                memchr
 .text          0x0080fcd8       0xe0 /OPT/altera/12.1/nios2eds/bin/gnu/H-i686-pc-linux-gnu/bin/../lib/gcc/nios2-elf/4.1.2/../../../../nios2-elf/lib/libc.a(lib_a-memmove.o)
                0x0080fcd8                memmove
 .text          0x0080fdb8       0x98 /OPT/altera/12.1/nios2eds/bin/gnu/H-i686-pc-linux-gnu/bin/../lib/gcc/nios2-elf/4.1.2/../../../../nios2-elf/lib/libc.a(lib_a-memset.o)
                0x0080fdb8                memset
 .text          0x0080fe50      0xff4 /OPT/altera/12.1/nios2eds/bin/gnu/H-i686-pc-linux-gnu/bin/../lib/gcc/nios2-elf/4.1.2/../../../../nios2-elf/lib/libc.a(lib_a-mprec.o)
                0x0080fe50                _Bfree
                0x0080fe78                __hi0bits
                0x0080fee8                __lo0bits
                0x0080ffac                __mcmp
                0x0081000c                __ulp
                0x0081008c                __b2d
                0x008101ac                __ratio
                0x0081025c                _mprec_log10
                0x008102f0                __copybits
                0x00810348                __any_on
                0x008103d0                _Balloc
                0x0081048c                __d2b
                0x00810608                __mdiff
                0x00810794                __lshift
                0x008108e0                __multiply
                0x00810ac8                __i2b
                0x00810b04                __multadd
                0x00810c04                __pow5mult
                0x00810d24                __s2b
 .text          0x00810e44      0x1ec /OPT/altera/12.1/nios2eds/bin/gnu/H-i686-pc-linux-gnu/bin/../lib/gcc/nios2-elf/4.1.2/../../../../nios2-elf/lib/libc.a(lib_a-putc.o)
                0x00810e44                putc
                0x00810f48                _putc_r
 .text          0x00811030      0x5f4 /OPT/altera/12.1/nios2eds/bin/gnu/H-i686-pc-linux-gnu/bin/../lib/gcc/nios2-elf/4.1.2/../../../../nios2-elf/lib/libc.a(lib_a-reallocr.o)
                0x00811030                _realloc_r
 .text          0x00811624       0x40 /OPT/altera/12.1/nios2eds/bin/gnu/H-i686-pc-linux-gnu/bin/../lib/gcc/nios2-elf/4.1.2/../../../../nios2-elf/lib/libc.a(lib_a-s_isinfd.o)
                0x00811624                __isinfd
 .text          0x00811664       0x30 /OPT/altera/12.1/nios2eds/bin/gnu/H-i686-pc-linux-gnu/bin/../lib/gcc/nios2-elf/4.1.2/../../../../nios2-elf/lib/libc.a(lib_a-s_isnand.o)
                0x00811664                __isnand
 .text          0x00811694      0x14c /OPT/altera/12.1/nios2eds/bin/gnu/H-i686-pc-linux-gnu/bin/../lib/gcc/nios2-elf/4.1.2/../../../../nios2-elf/lib/libc.a(lib_a-stdio.o)
                0x00811694                __sclose
                0x0081169c                __sseek
                0x00811704                __swrite
                0x00811780                __sread
 .text          0x008117e0       0xbc /OPT/altera/12.1/nios2eds/bin/gnu/H-i686-pc-linux-gnu/bin/../lib/gcc/nios2-elf/4.1.2/../../../../nios2-elf/lib/libc.a(lib_a-strcmp.o)
                0x008117e0                strcmp
 .text          0x0081189c      0x14c /OPT/altera/12.1/nios2eds/bin/gnu/H-i686-pc-linux-gnu/bin/../lib/gcc/nios2-elf/4.1.2/../../../../nios2-elf/lib/libc.a(lib_a-wbuf.o)
                0x0081189c                __swbuf_r
                0x008119cc                __swbuf
 .text          0x008119e8       0x78 /OPT/altera/12.1/nios2eds/bin/gnu/H-i686-pc-linux-gnu/bin/../lib/gcc/nios2-elf/4.1.2/../../../../nios2-elf/lib/libc.a(lib_a-writer.o)
                0x008119e8                _write_r
 .text          0x00811a60       0xb4 /OPT/altera/12.1/nios2eds/bin/gnu/H-i686-pc-linux-gnu/bin/../lib/gcc/nios2-elf/4.1.2/../../../../nios2-elf/lib/libc.a(lib_a-callocr.o)
                0x00811a60                _calloc_r
 .text          0x00811b14       0x70 /OPT/altera/12.1/nios2eds/bin/gnu/H-i686-pc-linux-gnu/bin/../lib/gcc/nios2-elf/4.1.2/../../../../nios2-elf/lib/libc.a(lib_a-closer.o)
                0x00811b14                _close_r
 .text          0x00811b84      0x124 /OPT/altera/12.1/nios2eds/bin/gnu/H-i686-pc-linux-gnu/bin/../lib/gcc/nios2-elf/4.1.2/../../../../nios2-elf/lib/libc.a(lib_a-fclose.o)
                0x00811b84                _fclose_r
                0x00811c94                fclose
 .text          0x00811ca8       0x74 /OPT/altera/12.1/nios2eds/bin/gnu/H-i686-pc-linux-gnu/bin/../lib/gcc/nios2-elf/4.1.2/../../../../nios2-elf/lib/libc.a(lib_a-fstatr.o)
                0x00811ca8                _fstat_r
 .text          0x00811d1c       0x70 /OPT/altera/12.1/nios2eds/bin/gnu/H-i686-pc-linux-gnu/bin/../lib/gcc/nios2-elf/4.1.2/../../../../nios2-elf/lib/libc.a(lib_a-isattyr.o)
                0x00811d1c                _isatty_r
 .text          0x00811d8c       0x78 /OPT/altera/12.1/nios2eds/bin/gnu/H-i686-pc-linux-gnu/bin/../lib/gcc/nios2-elf/4.1.2/../../../../nios2-elf/lib/libc.a(lib_a-lseekr.o)
                0x00811d8c                _lseek_r
 .text          0x00811e04       0x78 /OPT/altera/12.1/nios2eds/bin/gnu/H-i686-pc-linux-gnu/bin/../lib/gcc/nios2-elf/4.1.2/../../../../nios2-elf/lib/libc.a(lib_a-readr.o)
                0x00811e04                _read_r
 .text          0x00811e7c      0x5dc /OPT/altera/12.1/nios2eds/bin/gnu/H-i686-pc-linux-gnu/bin/../lib/gcc/nios2-elf/4.1.2/libgcc.a(_udivdi3.o)
                0x00811e7c                __udivdi3
 .text          0x00812458      0x5b0 /OPT/altera/12.1/nios2eds/bin/gnu/H-i686-pc-linux-gnu/bin/../lib/gcc/nios2-elf/4.1.2/libgcc.a(_umoddi3.o)
                0x00812458                __umoddi3
 .text          0x00812a08      0x504 /OPT/altera/12.1/nios2eds/bin/gnu/H-i686-pc-linux-gnu/bin/../lib/gcc/nios2-elf/4.1.2/libgcc.a(_addsub_df.o)
                0x00812e18                __subdf3
                0x00812e98                __adddf3
 .text          0x00812f0c      0x3c4 /OPT/altera/12.1/nios2eds/bin/gnu/H-i686-pc-linux-gnu/bin/../lib/gcc/nios2-elf/4.1.2/libgcc.a(_mul_df.o)
                0x00812f0c                __muldf3
 .text          0x008132d0      0x258 /OPT/altera/12.1/nios2eds/bin/gnu/H-i686-pc-linux-gnu/bin/../lib/gcc/nios2-elf/4.1.2/libgcc.a(_div_df.o)
                0x008132d0                __divdf3
 .text          0x00813528       0x88 /OPT/altera/12.1/nios2eds/bin/gnu/H-i686-pc-linux-gnu/bin/../lib/gcc/nios2-elf/4.1.2/libgcc.a(_eq_df.o)
                0x00813528                __eqdf2
 .text          0x008135b0       0x88 /OPT/altera/12.1/nios2eds/bin/gnu/H-i686-pc-linux-gnu/bin/../lib/gcc/nios2-elf/4.1.2/libgcc.a(_ne_df.o)
                0x008135b0                __nedf2
 .text          0x00813638       0x88 /OPT/altera/12.1/nios2eds/bin/gnu/H-i686-pc-linux-gnu/bin/../lib/gcc/nios2-elf/4.1.2/libgcc.a(_gt_df.o)
                0x00813638                __gtdf2
 .text          0x008136c0       0x88 /OPT/altera/12.1/nios2eds/bin/gnu/H-i686-pc-linux-gnu/bin/../lib/gcc/nios2-elf/4.1.2/libgcc.a(_ge_df.o)
                0x008136c0                __gedf2
 .text          0x00813748       0x88 /OPT/altera/12.1/nios2eds/bin/gnu/H-i686-pc-linux-gnu/bin/../lib/gcc/nios2-elf/4.1.2/libgcc.a(_lt_df.o)
                0x00813748                __ltdf2
 .text          0x008137d0       0xf8 /OPT/altera/12.1/nios2eds/bin/gnu/H-i686-pc-linux-gnu/bin/../lib/gcc/nios2-elf/4.1.2/libgcc.a(_si_to_df.o)
                0x008137d0                __floatsidf
 .text          0x008138c8       0xd8 /OPT/altera/12.1/nios2eds/bin/gnu/H-i686-pc-linux-gnu/bin/../lib/gcc/nios2-elf/4.1.2/libgcc.a(_df_to_si.o)
                0x008138c8                __fixdfsi
 .text          0x008139a0        0x0 /OPT/altera/12.1/nios2eds/bin/gnu/H-i686-pc-linux-gnu/bin/../lib/gcc/nios2-elf/4.1.2/libgcc.a(_thenan_df.o)
 .text          0x008139a0      0x194 /OPT/altera/12.1/nios2eds/bin/gnu/H-i686-pc-linux-gnu/bin/../lib/gcc/nios2-elf/4.1.2/libgcc.a(_usi_to_df.o)
                0x008139a0                __floatunsidf
 .text          0x00813b34       0x98 /OPT/altera/12.1/nios2eds/bin/gnu/H-i686-pc-linux-gnu/bin/../lib/gcc/nios2-elf/4.1.2/libgcc.a(_muldi3.o)
                0x00813b34                __muldi3
 .text          0x00813bcc        0x0 /OPT/altera/12.1/nios2eds/bin/gnu/H-i686-pc-linux-gnu/bin/../lib/gcc/nios2-elf/4.1.2/libgcc.a(_clz.o)
 .text          0x00813bcc       0x80 /OPT/altera/12.1/nios2eds/bin/gnu/H-i686-pc-linux-gnu/bin/../lib/gcc/nios2-elf/4.1.2/libgcc.a(_clzsi2.o)
                0x00813bcc                __clzsi2
 .text          0x00813c4c      0x314 /OPT/altera/12.1/nios2eds/bin/gnu/H-i686-pc-linux-gnu/bin/../lib/gcc/nios2-elf/4.1.2/libgcc.a(_pack_df.o)
                0x00813c4c                __pack_d
 .text          0x00813f60      0x138 /OPT/altera/12.1/nios2eds/bin/gnu/H-i686-pc-linux-gnu/bin/../lib/gcc/nios2-elf/4.1.2/libgcc.a(_unpack_df.o)
                0x00813f60                __unpack_d
 .text          0x00814098       0xc8 /OPT/altera/12.1/nios2eds/bin/gnu/H-i686-pc-linux-gnu/bin/../lib/gcc/nios2-elf/4.1.2/libgcc.a(_fpcmp_parts_df.o)
                0x00814098                __fpcmp_parts_d
 .text          0x00814160      0x15c ../capstone_Volatile_bsp//libucosii_bsp.a(alt_close.o)
                0x00814160                close
 .text          0x008142bc       0x2c ../capstone_Volatile_bsp//libucosii_bsp.a(alt_dev.o)
 .text          0x008142e8        0x0 ../capstone_Volatile_bsp//libucosii_bsp.a(alt_errno.o)
 .text          0x008142e8      0x134 ../capstone_Volatile_bsp//libucosii_bsp.a(alt_fstat.o)
                0x008142e8                fstat
 .text          0x0081441c      0x120 ../capstone_Volatile_bsp//libucosii_bsp.a(alt_isatty.o)
                0x0081441c                isatty
 .text          0x0081453c      0x150 ../capstone_Volatile_bsp//libucosii_bsp.a(alt_lseek.o)
                0x0081453c                lseek
 .text          0x0081468c       0xc8 ../capstone_Volatile_bsp//libucosii_bsp.a(alt_main.o)
                0x0081468c                alt_main
 .text          0x00814754      0x180 ../capstone_Volatile_bsp//libucosii_bsp.a(alt_read.o)
                0x00814754                read
 .text          0x008148d4       0x60 ../capstone_Volatile_bsp//libucosii_bsp.a(alt_release_fd.o)
                0x008148d4                alt_release_fd
 .text          0x00814934       0xbc ../capstone_Volatile_bsp//libucosii_bsp.a(alt_sbrk.o)
                0x00814934                sbrk
 .text          0x008149f0      0x180 ../capstone_Volatile_bsp//libucosii_bsp.a(alt_write.o)
                0x008149f0                write
 .text          0x00814b70      0x108 ../capstone_Volatile_bsp//libucosii_bsp.a(alt_env_lock.o)
                0x00814b70                __env_lock
                0x00814c1c                __env_unlock
 .text          0x00814c78      0x1d8 ../capstone_Volatile_bsp//libucosii_bsp.a(alt_malloc_lock.o)
                0x00814c78                __malloc_lock
                0x00814d80                __malloc_unlock
 .text          0x00814e50     0x2128 ../capstone_Volatile_bsp//libucosii_bsp.a(os_core.o)
                0x00814e50                OSEventNameGet
                0x00814f80                OSEventNameSet
                0x008150c4                OSEventPendMulti
                0x00815778                OSInit
                0x008157cc                OSIntEnter
                0x00815848                OSIntExit
                0x00815948                OSSchedLock
                0x008159d4                OSSchedUnlock
                0x00815ab8                OSStart
                0x00815b28                OSStatInit
                0x00815bd4                OSTimeTick
                0x00815e14                OSVersion
                0x00815e34                OS_Dummy
                0x00815e50                OS_EventTaskRdy
                0x00815fe4                OS_EventTaskWait
                0x008160f4                OS_EventTaskWaitMulti
                0x00816248                OS_EventTaskRemove
                0x00816300                OS_EventTaskRemoveMulti
                0x00816404                OS_EventWaitListInit
                0x008167d0                OS_MemClr
                0x00816824                OS_MemCopy
                0x00816890                OS_Sched
                0x008169d4                OS_StrCopy
                0x00816a54                OS_StrLen
                0x00816aac                OS_TaskIdle
                0x00816b08                OS_TaskStat
                0x00816bd0                OS_TaskStatStkChk
                0x00816c98                OS_TCBInit
 .text          0x00816f78      0x18c ../capstone_Volatile_bsp//libucosii_bsp.a(os_dbg.o)
                0x00816f78                OSDebugInit
 .text          0x00817104     0x193c ../capstone_Volatile_bsp//libucosii_bsp.a(os_flag.o)
                0x00817104                OSFlagAccept
                0x00817438                OSFlagCreate
                0x00817574                OSFlagDel
                0x0081781c                OSFlagNameGet
                0x00817960                OSFlagNameSet
                0x00817ab4                OSFlagPend
                0x008180f8                OSFlagPendGetFlagsRdy
                0x00818160                OSFlagPost
                0x00818508                OSFlagQuery
                0x008187a0                OS_FlagInit
                0x00818994                OS_FlagUnlink
 .text          0x00818a40      0x808 ../capstone_Volatile_bsp//libucosii_bsp.a(os_mem.o)
                0x00818a40                OSMemCreate
                0x00818c5c                OSMemGet
                0x00818d60                OSMemNameGet
                0x00818e6c                OSMemNameSet
                0x00818f8c                OSMemPut
                0x0081907c                OSMemQuery
                0x00819178                OS_MemInit
 .text          0x00819248     0x1334 ../capstone_Volatile_bsp//libucosii_bsp.a(os_q.o)
                0x00819248                OSQAccept
                0x0081939c                OSQCreate
                0x008195b0                OSQDel
                0x008198b0                OSQFlush
                0x00819978                OSQPend
                0x00819c98                OSQPendAbort
                0x00819e14                OSQPost
                0x00819f94                OSQPostFront
                0x0081a11c                OSQPostOpt
                0x0081a350                OSQQuery
                0x0081a4d0                OS_QInit
 .text          0x0081a57c      0xbc8 ../capstone_Volatile_bsp//libucosii_bsp.a(os_sem.o)
                0x0081a57c                OSSemAccept
                0x0081a63c                OSSemCreate
                0x0081a750                OSSemDel
                0x0081a9f0                OSSemPend
                0x0081ac6c                OSSemPendAbort
                0x0081ade8                OSSemPost
                0x0081af10                OSSemQuery
                0x0081b040                OSSemSet
 .text          0x0081b144     0x1a40 ../capstone_Volatile_bsp//libucosii_bsp.a(os_task.o)
                0x0081b144                OSTaskChangePrio
                0x0081b6b8                OSTaskCreate
                0x0081b88c                OSTaskCreateExt
                0x0081ba8c                OSTaskDel
                0x0081be98                OSTaskDelReq
                0x0081c008                OSTaskNameGet
                0x0081c1c0                OSTaskNameSet
                0x0081c384                OSTaskResume
                0x0081c59c                OSTaskStkChk
                0x0081c798                OSTaskSuspend
                0x0081c9c4                OSTaskQuery
                0x0081cb08                OS_TaskStkClr
 .text          0x0081cb84      0x598 ../capstone_Volatile_bsp//libucosii_bsp.a(os_time.o)
                0x0081cb84                OSTimeDly
                0x0081ccd0                OSTimeDlyHMSM
                0x0081ce44                OSTimeDlyResume
                0x0081d054                OSTimeGet
                0x0081d0b8                OSTimeSet
 .text          0x0081d11c       0xf8 ../capstone_Volatile_bsp//libucosii_bsp.a(alt_sys_init.o)
                0x0081d11c                alt_irq_init
                0x0081d150                alt_sys_init
 .text          0x0081d214      0x148 ../capstone_Volatile_bsp//libucosii_bsp.a(altera_avalon_jtag_uart_fd.o)
                0x0081d214                altera_avalon_jtag_uart_read_fd
                0x0081d26c                altera_avalon_jtag_uart_write_fd
                0x0081d2c4                altera_avalon_jtag_uart_close_fd
                0x0081d30c                altera_avalon_jtag_uart_ioctl_fd
 .text          0x0081d35c      0x580 ../capstone_Volatile_bsp//libucosii_bsp.a(altera_avalon_jtag_uart_init.o)
                0x0081d35c                altera_avalon_jtag_uart_init
                0x0081d868                altera_avalon_jtag_uart_close
 .text          0x0081d8dc       0xf4 ../capstone_Volatile_bsp//libucosii_bsp.a(altera_avalon_jtag_uart_ioctl.o)
                0x0081d8dc                altera_avalon_jtag_uart_ioctl
 .text          0x0081d9d0      0x2c0 ../capstone_Volatile_bsp//libucosii_bsp.a(altera_avalon_jtag_uart_read.o)
                0x0081d9d0                altera_avalon_jtag_uart_read
 .text          0x0081dc90      0x2dc ../capstone_Volatile_bsp//libucosii_bsp.a(altera_avalon_jtag_uart_write.o)
                0x0081dc90                altera_avalon_jtag_uart_write
 .text          0x0081df6c       0xfc ../capstone_Volatile_bsp//libucosii_bsp.a(altera_avalon_timer_sc.o)
                0x0081dfe0                alt_avalon_timer_sc_init
 .text          0x0081e068      0x80c ../capstone_Volatile_bsp//libucosii_bsp.a(altera_up_avalon_audio.o)
                0x0081e068                alt_up_audio_open_dev
                0x0081e0a8                alt_up_audio_enable_read_interrupt
                0x0081e0f4                alt_up_audio_disable_read_interrupt
                0x0081e144                alt_up_audio_enable_write_interrupt
                0x0081e190                alt_up_audio_disable_write_interrupt
                0x0081e1e0                alt_up_audio_read_interrupt_pending
                0x0081e21c                alt_up_audio_write_interrupt_pending
                0x0081e258                alt_up_audio_reset_audio_core
                0x0081e2e0                alt_up_audio_read_fifo_avail
                0x0081e350                alt_up_audio_record_r
                0x0081e3c0                alt_up_audio_record_l
                0x0081e430                alt_up_audio_write_fifo_space
                0x0081e4a4                alt_up_audio_play_r
                0x0081e514                alt_up_audio_play_l
                0x0081e584                alt_up_audio_read_fifo
                0x0081e688                alt_up_audio_write_fifo
                0x0081e7b4                alt_up_audio_read_fifo_head
                0x0081e814                alt_up_audio_write_fifo_head
 .text          0x0081e874      0x788 ../capstone_Volatile_bsp//libucosii_bsp.a(altera_up_avalon_audio_and_video_config.o)
                0x0081e874                alt_up_av_config_open_dev
                0x0081e8d8                alt_up_av_config_write_data
                0x0081e93c                alt_up_av_config_read_data
                0x0081e9c8                alt_up_av_config_reset
                0x0081ea00                alt_up_av_config_enable_interrupt
                0x0081ea38                alt_up_av_config_disable_interrupt
                0x0081ea68                alt_up_av_config_read_acknowledge
                0x0081ead0                alt_up_av_config_read_ready
                0x0081eb08                alt_up_av_config_write_audio_cfg_register
                0x0081ebb4                alt_up_av_config_read_video_cfg_register
                0x0081ecac                alt_up_av_config_write_video_cfg_register
                0x0081eda4                alt_up_av_config_read_DC2_cfg_register
                0x0081ee08                alt_up_av_config_write_DC2_cfg_register
                0x0081ee6c                alt_up_av_config_read_D5M_cfg_register
                0x0081eed0                alt_up_av_config_write_D5M_cfg_register
                0x0081ef34                alt_up_av_config_read_LTM_cfg_register
                0x0081ef98                alt_up_av_config_write_LTM_cfg_register
 .text          0x0081effc      0x530 ../capstone_Volatile_bsp//libucosii_bsp.a(altera_up_avalon_character_lcd.o)
                0x0081effc                get_DDRAM_addr
                0x0081f078                alt_up_character_lcd_send_cmd
                0x0081f0ac                alt_up_character_lcd_init
                0x0081f0e0                alt_up_character_lcd_open_dev
                0x0081f120                alt_up_character_lcd_write
                0x0081f198                alt_up_character_lcd_string
                0x0081f210                alt_up_character_lcd_write_fd
                0x0081f25c                alt_up_character_lcd_set_cursor_pos
                0x0081f2d4                alt_up_character_lcd_shift_cursor
                0x0081f384                alt_up_character_lcd_shift_display
                0x0081f434                alt_up_character_lcd_erase_pos
                0x0081f4c4                alt_up_character_lcd_cursor_off
                0x0081f4f8                alt_up_character_lcd_cursor_blink_on
 .text          0x0081f52c      0x154 ../capstone_Volatile_bsp//libucosii_bsp.a(alt_alarm_start.o)
                0x0081f52c                alt_alarm_start
 .text          0x0081f680      0x114 ../capstone_Volatile_bsp//libucosii_bsp.a(alt_dev_llist_insert.o)
                0x0081f680                alt_dev_llist_insert
 .text          0x0081f794       0x64 ../capstone_Volatile_bsp//libucosii_bsp.a(alt_do_ctors.o)
                0x0081f794                _do_ctors
 .text          0x0081f7f8       0x64 ../capstone_Volatile_bsp//libucosii_bsp.a(alt_do_dtors.o)
                0x0081f7f8                _do_dtors
 .text          0x0081f85c       0x94 ../capstone_Volatile_bsp//libucosii_bsp.a(alt_find_dev.o)
                0x0081f85c                alt_find_dev
 .text          0x0081f8f0      0x13c ../capstone_Volatile_bsp//libucosii_bsp.a(alt_io_redirect.o)
                0x0081f9b4                alt_io_redirect
 .text          0x0081fa2c      0x1c0 ../capstone_Volatile_bsp//libucosii_bsp.a(alt_irq_register.o)
                0x0081fa2c                alt_irq_register
 .text          0x0081fbec        0x0 ../capstone_Volatile_bsp//libucosii_bsp.a(alt_irq_vars.o)
 .text          0x0081fbec      0x2c4 ../capstone_Volatile_bsp//libucosii_bsp.a(alt_open.o)
                0x0081fcc8                open
 .text          0x0081feb0      0x1a8 ../capstone_Volatile_bsp//libucosii_bsp.a(alt_tick.o)
                0x0081feb0                alt_alarm_stop
                0x0081ff48                alt_tick
 .text          0x00820058       0x20 ../capstone_Volatile_bsp//libucosii_bsp.a(altera_nios2_qsys_irq.o)
                0x00820058                altera_nios2_qsys_irq_init
 .text          0x00820078       0xd0 ../capstone_Volatile_bsp//libucosii_bsp.a(os_cpu_a.o)
                0x00820078                OSCtxSw
                0x00820078                OSIntCtxSw
                0x00820104                OSStartHighRdy
                0x00820124                OSStartTsk
 .text          0x00820148      0x418 ../capstone_Volatile_bsp//libucosii_bsp.a(os_cpu_c.o)
                0x00820148                OSTaskStkInit
                0x00820458                OSTaskCreateHook
                0x00820478                OSTaskDelHook
                0x00820498                OSTaskSwHook
                0x008204b4                OSTaskStatHook
                0x008204d0                OSTimeTickHook
                0x008204ec                OSInitHookBegin
                0x00820508                OSInitHookEnd
                0x00820524                OSTaskIdleHook
                0x00820540                OSTCBInitHook
 .text          0x00820560      0x120 ../capstone_Volatile_bsp//libucosii_bsp.a(alt_find_file.o)
                0x00820560                alt_find_file
 .text          0x00820680       0xf4 ../capstone_Volatile_bsp//libucosii_bsp.a(alt_get_fd.o)
                0x00820680                alt_get_fd
 .text          0x00820774        0x0 ../capstone_Volatile_bsp//libucosii_bsp.a(alt_irq_entry.o)
 .text          0x00820774        0x0 ../capstone_Volatile_bsp//libucosii_bsp.a(alt_irq_handler.o)
 .text          0x00820774        0x0 ../capstone_Volatile_bsp//libucosii_bsp.a(alt_exception_entry.o)
 .text          0x00820774       0x14 /OPT/altera/12.1/nios2eds/bin/gnu/H-i686-pc-linux-gnu/bin/../lib/gcc/nios2-elf/4.1.2/../../../../nios2-elf/lib/libc.a(lib_a-atexit.o)
                0x00820774                atexit
 .text          0x00820788       0x38 /OPT/altera/12.1/nios2eds/bin/gnu/H-i686-pc-linux-gnu/bin/../lib/gcc/nios2-elf/4.1.2/../../../../nios2-elf/lib/libc.a(lib_a-exit.o)
                0x00820788                exit
 .text          0x008207c0       0x74 /OPT/altera/12.1/nios2eds/bin/gnu/H-i686-pc-linux-gnu/bin/../lib/gcc/nios2-elf/4.1.2/../../../../nios2-elf/lib/libc.a(lib_a-memcmp.o)
                0x008207c0                memcmp
 .text          0x00820834      0x134 /OPT/altera/12.1/nios2eds/bin/gnu/H-i686-pc-linux-gnu/bin/../lib/gcc/nios2-elf/4.1.2/../../../../nios2-elf/lib/libc.a(lib_a-__atexit.o)
                0x00820834                __register_exitproc
 .text          0x00820968      0x1b4 /OPT/altera/12.1/nios2eds/bin/gnu/H-i686-pc-linux-gnu/bin/../lib/gcc/nios2-elf/4.1.2/../../../../nios2-elf/lib/libc.a(lib_a-__call_atexit.o)
                0x0082096c                __call_exitprocs
 .text          0x00820b1c       0x6c ../capstone_Volatile_bsp//libucosii_bsp.a(alt_exit.o)
                0x00820b5c                _exit
 *(.gnu.warning.*)
 *(.fini)
                0x00820b88                PROVIDE (__etext, ABSOLUTE (.))
                0x00820b88                PROVIDE (_etext, ABSOLUTE (.))
                0x00820b88                PROVIDE (etext, ABSOLUTE (.))
 *(.eh_frame_hdr)
                0x00820b88                . = ALIGN (0x4)
                0x00820b88                PROVIDE (__preinit_array_start, ABSOLUTE (.))
 *(.preinit_array)
                0x00820b88                PROVIDE (__preinit_array_end, ABSOLUTE (.))
                0x00820b88                PROVIDE (__init_array_start, ABSOLUTE (.))
 *(.init_array)
                0x00820b88                PROVIDE (__init_array_end, ABSOLUTE (.))
                0x00820b88                PROVIDE (__fini_array_start, ABSOLUTE (.))
 *(.fini_array)
                0x00820b88                PROVIDE (__fini_array_end, ABSOLUTE (.))
 *(.eh_frame)
 *(.gcc_except_table)
 *(.dynamic)
                0x00820b88                PROVIDE (__CTOR_LIST__, ABSOLUTE (.))
 *(.ctors)
 *(SORT(.ctors.*))
 .ctors.65535   0x00820b88        0x4 /OPT/altera/12.1/nios2eds/bin/gnu/H-i686-pc-linux-gnu/bin/../lib/gcc/nios2-elf/4.1.2/../../../../nios2-elf/lib/libc.a(lib_a-__call_atexit.o)
                0x00820b8c                PROVIDE (__CTOR_END__, ABSOLUTE (.))
                0x00820b8c                PROVIDE (__DTOR_LIST__, ABSOLUTE (.))
 *(.dtors)
 *(SORT(.dtors.*))
                0x00820b8c                PROVIDE (__DTOR_END__, ABSOLUTE (.))
 *(.jcr)
                0x00820b8c                . = ALIGN (0x4)

.rodata         0x00820b8c     0x135c
                0x00820b8c                PROVIDE (__ram_rodata_start, ABSOLUTE (.))
                0x00820b8c                . = ALIGN (0x4)
 *(.rodata .rodata.* .gnu.linkonce.r.*)
 .rodata        0x00820b8c      0x280 obj/default/audio.o
 .rodata        0x00820e0c       0x40 obj/default/efsl/fat.o
 .rodata        0x00820e4c       0xa4 obj/default/efsl/ioman.o
 .rodata        0x00820ef0       0x5c obj/default/efsl/mkfs.o
 .rodata        0x00820f4c       0xbc obj/default/efsl/nios2.o
 .rodata        0x00821008      0x234 obj/default/efsl/sd.o
 .rodata        0x0082123c       0x54 obj/default/efsl/ui.o
 .rodata.str1.4
                0x00821290        0x3 /OPT/altera/12.1/nios2eds/bin/gnu/H-i686-pc-linux-gnu/bin/../lib/gcc/nios2-elf/4.1.2/../../../../nios2-elf/lib/libc.a(lib_a-perror.o)
                                  0x4 (size before relaxing)
 *fill*         0x00821293        0x1 00
 .rodata.str1.4
                0x00821294        0x2 /OPT/altera/12.1/nios2eds/bin/gnu/H-i686-pc-linux-gnu/bin/../lib/gcc/nios2-elf/4.1.2/../../../../nios2-elf/lib/libc.a(lib_a-puts.o)
                                  0x4 (size before relaxing)
 *fill*         0x00821296        0x2 00
 .rodata.str1.4
                0x00821298      0x7a2 /OPT/altera/12.1/nios2eds/bin/gnu/H-i686-pc-linux-gnu/bin/../lib/gcc/nios2-elf/4.1.2/../../../../nios2-elf/lib/libc.a(lib_a-strerror.o)
                                0x7a8 (size before relaxing)
 *fill*         0x00821a3a        0x2 00
 .rodata.str1.4
                0x00821a3c       0x5e /OPT/altera/12.1/nios2eds/bin/gnu/H-i686-pc-linux-gnu/bin/../lib/gcc/nios2-elf/4.1.2/../../../../nios2-elf/lib/libc.a(lib_a-vfprintf.o)
                                 0x60 (size before relaxing)
 .rodata        0x00821a9a       0x20 /OPT/altera/12.1/nios2eds/bin/gnu/H-i686-pc-linux-gnu/bin/../lib/gcc/nios2-elf/4.1.2/../../../../nios2-elf/lib/libc.a(lib_a-vfprintf.o)
 *fill*         0x00821aba        0x2 00
 .rodata.str1.4
                0x00821abc       0x10 /OPT/altera/12.1/nios2eds/bin/gnu/H-i686-pc-linux-gnu/bin/../lib/gcc/nios2-elf/4.1.2/../../../../nios2-elf/lib/libc.a(lib_a-dtoa.o)
                                 0x14 (size before relaxing)
 .rodata.str1.4
                0x00821acc        0x2 /OPT/altera/12.1/nios2eds/bin/gnu/H-i686-pc-linux-gnu/bin/../lib/gcc/nios2-elf/4.1.2/../../../../nios2-elf/lib/libc.a(lib_a-impure.o)
                                  0x4 (size before relaxing)
 *fill*         0x00821ace        0x2 00
 .rodata.str1.4
                0x00821ad0       0x10 /OPT/altera/12.1/nios2eds/bin/gnu/H-i686-pc-linux-gnu/bin/../lib/gcc/nios2-elf/4.1.2/../../../../nios2-elf/lib/libc.a(lib_a-locale.o)
                                 0x18 (size before relaxing)
 .rodata        0x00821ae0       0x30 /OPT/altera/12.1/nios2eds/bin/gnu/H-i686-pc-linux-gnu/bin/../lib/gcc/nios2-elf/4.1.2/../../../../nios2-elf/lib/libc.a(lib_a-locale.o)
 .rodata        0x00821b10      0x124 /OPT/altera/12.1/nios2eds/bin/gnu/H-i686-pc-linux-gnu/bin/../lib/gcc/nios2-elf/4.1.2/../../../../nios2-elf/lib/libc.a(lib_a-mprec.o)
                0x00821b10                __mprec_tens
                0x00821bd8                __mprec_bigtens
                0x00821c00                __mprec_tinytens
 .rodata        0x00821c34       0x14 /OPT/altera/12.1/nios2eds/bin/gnu/H-i686-pc-linux-gnu/bin/../lib/gcc/nios2-elf/4.1.2/libgcc.a(_thenan_df.o)
                0x00821c34                __thenan_df
 .rodata        0x00821c48      0x100 /OPT/altera/12.1/nios2eds/bin/gnu/H-i686-pc-linux-gnu/bin/../lib/gcc/nios2-elf/4.1.2/libgcc.a(_clz.o)
                0x00821c48                __clz_tab
 .rodata        0x00821d48        0xc ../capstone_Volatile_bsp//libucosii_bsp.a(alt_dev.o)
 .rodata        0x00821d54       0x14 ../capstone_Volatile_bsp//libucosii_bsp.a(alt_main.o)
 .rodata        0x00821d68      0x120 ../capstone_Volatile_bsp//libucosii_bsp.a(os_core.o)
                0x00821d68                OSUnMapTbl
 .rodata        0x00821e88       0x5c ../capstone_Volatile_bsp//libucosii_bsp.a(alt_sys_init.o)
 .rodata        0x00821ee4        0x4 ../capstone_Volatile_bsp//libucosii_bsp.a(os_cpu_c.o)
 *(.rodata1)
                0x00821ee8                . = ALIGN (0x4)
                0x00821ee8                PROVIDE (__ram_rodata_end, ABSOLUTE (.))
                0x00820b8c                PROVIDE (__flash_rodata_start, LOADADDR (.rodata))

.rwdata         0x00821ee8     0x1b7c
                0x00821ee8                PROVIDE (__ram_rwdata_start, ABSOLUTE (.))
                0x00821ee8                . = ALIGN (0x4)
 *(.got.plt)
 *(.got)
 *(.data1)
 *(.data .data.* .gnu.linkonce.d.*)
 .data          0x00821ee8        0x0 ../capstone_Volatile_bsp//obj/HAL/src/crt0.o
 .data          0x00821ee8        0x0 obj/default/audio.o
 .data          0x00821ee8        0x0 obj/default/efsl/debug.o
 .data          0x00821ee8        0x0 obj/default/efsl/dir.o
 .data          0x00821ee8        0x0 obj/default/efsl/disc.o
 .data          0x00821ee8        0x0 obj/default/efsl/efs.o
 .data          0x00821ee8        0x0 obj/default/efsl/extract.o
 .data          0x00821ee8        0x0 obj/default/efsl/fat.o
 .data          0x00821ee8        0x0 obj/default/efsl/file.o
 .data          0x00821ee8        0x0 obj/default/efsl/fs.o
 .data          0x00821ee8        0x0 obj/default/efsl/ioman.o
 .data          0x00821ee8        0x0 obj/default/efsl/ls.o
 .data          0x00821ee8        0x0 obj/default/efsl/mkfs.o
 .data          0x00821ee8        0x0 obj/default/efsl/nios2.o
 .data          0x00821ee8        0xc obj/default/efsl/nios2_ramdisk.o
 .data          0x00821ef4        0x0 obj/default/efsl/partition.o
 .data          0x00821ef4        0x0 obj/default/efsl/plibc.o
 .data          0x00821ef4        0x0 obj/default/efsl/sd.o
 .data          0x00821ef4        0x0 obj/default/efsl/time.o
 .data          0x00821ef4        0x0 obj/default/efsl/ui.o
 .data          0x00821ef4        0x0 obj/default/save.o
 .data          0x00821ef4        0x0 /OPT/altera/12.1/nios2eds/bin/gnu/H-i686-pc-linux-gnu/bin/../lib/gcc/nios2-elf/4.1.2/libgcc.a(lib2-divmod.o)
 .data          0x00821ef4        0x0 /OPT/altera/12.1/nios2eds/bin/gnu/H-i686-pc-linux-gnu/bin/../lib/gcc/nios2-elf/4.1.2/../../../../nios2-elf/lib/libc.a(lib_a-malloc.o)
 .data          0x00821ef4      0x408 /OPT/altera/12.1/nios2eds/bin/gnu/H-i686-pc-linux-gnu/bin/../lib/gcc/nios2-elf/4.1.2/../../../../nios2-elf/lib/libc.a(lib_a-mallocr.o)
                0x00821ef4                __malloc_av_
 .data          0x008222fc        0x0 /OPT/altera/12.1/nios2eds/bin/gnu/H-i686-pc-linux-gnu/bin/../lib/gcc/nios2-elf/4.1.2/../../../../nios2-elf/lib/libc.a(lib_a-memcpy.o)
 .data          0x008222fc        0x0 /OPT/altera/12.1/nios2eds/bin/gnu/H-i686-pc-linux-gnu/bin/../lib/gcc/nios2-elf/4.1.2/../../../../nios2-elf/lib/libc.a(lib_a-perror.o)
 .data          0x008222fc        0x0 /OPT/altera/12.1/nios2eds/bin/gnu/H-i686-pc-linux-gnu/bin/../lib/gcc/nios2-elf/4.1.2/../../../../nios2-elf/lib/libc.a(lib_a-printf.o)
 .data          0x008222fc        0x0 /OPT/altera/12.1/nios2eds/bin/gnu/H-i686-pc-linux-gnu/bin/../lib/gcc/nios2-elf/4.1.2/../../../../nios2-elf/lib/libc.a(lib_a-putchar.o)
 .data          0x008222fc        0x0 /OPT/altera/12.1/nios2eds/bin/gnu/H-i686-pc-linux-gnu/bin/../lib/gcc/nios2-elf/4.1.2/../../../../nios2-elf/lib/libc.a(lib_a-puts.o)
 .data          0x008222fc        0x0 /OPT/altera/12.1/nios2eds/bin/gnu/H-i686-pc-linux-gnu/bin/../lib/gcc/nios2-elf/4.1.2/../../../../nios2-elf/lib/libc.a(lib_a-sbrkr.o)
 .data          0x008222fc        0x0 /OPT/altera/12.1/nios2eds/bin/gnu/H-i686-pc-linux-gnu/bin/../lib/gcc/nios2-elf/4.1.2/../../../../nios2-elf/lib/libc.a(lib_a-strerror.o)
 .data          0x008222fc        0x0 /OPT/altera/12.1/nios2eds/bin/gnu/H-i686-pc-linux-gnu/bin/../lib/gcc/nios2-elf/4.1.2/../../../../nios2-elf/lib/libc.a(lib_a-strlen.o)
 .data          0x008222fc        0x0 /OPT/altera/12.1/nios2eds/bin/gnu/H-i686-pc-linux-gnu/bin/../lib/gcc/nios2-elf/4.1.2/../../../../nios2-elf/lib/libc.a(lib_a-u_strerr.o)
 .data          0x008222fc        0x0 /OPT/altera/12.1/nios2eds/bin/gnu/H-i686-pc-linux-gnu/bin/../lib/gcc/nios2-elf/4.1.2/../../../../nios2-elf/lib/libc.a(lib_a-vfprintf.o)
 .data          0x008222fc        0x0 /OPT/altera/12.1/nios2eds/bin/gnu/H-i686-pc-linux-gnu/bin/../lib/gcc/nios2-elf/4.1.2/../../../../nios2-elf/lib/libc.a(lib_a-wsetup.o)
 .data          0x008222fc        0x0 /OPT/altera/12.1/nios2eds/bin/gnu/H-i686-pc-linux-gnu/bin/../lib/gcc/nios2-elf/4.1.2/../../../../nios2-elf/lib/libc.a(lib_a-dtoa.o)
 .data          0x008222fc        0x0 /OPT/altera/12.1/nios2eds/bin/gnu/H-i686-pc-linux-gnu/bin/../lib/gcc/nios2-elf/4.1.2/../../../../nios2-elf/lib/libc.a(lib_a-fflush.o)
 .data          0x008222fc        0x0 /OPT/altera/12.1/nios2eds/bin/gnu/H-i686-pc-linux-gnu/bin/../lib/gcc/nios2-elf/4.1.2/../../../../nios2-elf/lib/libc.a(lib_a-findfp.o)
 .data          0x008222fc        0x0 /OPT/altera/12.1/nios2eds/bin/gnu/H-i686-pc-linux-gnu/bin/../lib/gcc/nios2-elf/4.1.2/../../../../nios2-elf/lib/libc.a(lib_a-fputc.o)
 .data          0x008222fc        0x0 /OPT/altera/12.1/nios2eds/bin/gnu/H-i686-pc-linux-gnu/bin/../lib/gcc/nios2-elf/4.1.2/../../../../nios2-elf/lib/libc.a(lib_a-fputs.o)
 .data          0x008222fc        0x0 /OPT/altera/12.1/nios2eds/bin/gnu/H-i686-pc-linux-gnu/bin/../lib/gcc/nios2-elf/4.1.2/../../../../nios2-elf/lib/libc.a(lib_a-freer.o)
 .data          0x008222fc        0x0 /OPT/altera/12.1/nios2eds/bin/gnu/H-i686-pc-linux-gnu/bin/../lib/gcc/nios2-elf/4.1.2/../../../../nios2-elf/lib/libc.a(lib_a-fvwrite.o)
 .data          0x008222fc        0x0 /OPT/altera/12.1/nios2eds/bin/gnu/H-i686-pc-linux-gnu/bin/../lib/gcc/nios2-elf/4.1.2/../../../../nios2-elf/lib/libc.a(lib_a-fwalk.o)
 .data          0x008222fc      0x400 /OPT/altera/12.1/nios2eds/bin/gnu/H-i686-pc-linux-gnu/bin/../lib/gcc/nios2-elf/4.1.2/../../../../nios2-elf/lib/libc.a(lib_a-impure.o)
 .data          0x008226fc        0x0 /OPT/altera/12.1/nios2eds/bin/gnu/H-i686-pc-linux-gnu/bin/../lib/gcc/nios2-elf/4.1.2/../../../../nios2-elf/lib/libc.a(lib_a-int_errno.o)
 .data          0x008226fc        0xc /OPT/altera/12.1/nios2eds/bin/gnu/H-i686-pc-linux-gnu/bin/../lib/gcc/nios2-elf/4.1.2/../../../../nios2-elf/lib/libc.a(lib_a-locale.o)
                0x008226fc                __lc_ctype
 .data          0x00822708        0x0 /OPT/altera/12.1/nios2eds/bin/gnu/H-i686-pc-linux-gnu/bin/../lib/gcc/nios2-elf/4.1.2/../../../../nios2-elf/lib/libc.a(lib_a-makebuf.o)
 .data          0x00822708        0x0 /OPT/altera/12.1/nios2eds/bin/gnu/H-i686-pc-linux-gnu/bin/../lib/gcc/nios2-elf/4.1.2/../../../../nios2-elf/lib/libc.a(lib_a-memchr.o)
 .data          0x00822708        0x0 /OPT/altera/12.1/nios2eds/bin/gnu/H-i686-pc-linux-gnu/bin/../lib/gcc/nios2-elf/4.1.2/../../../../nios2-elf/lib/libc.a(lib_a-memmove.o)
 .data          0x00822708        0x0 /OPT/altera/12.1/nios2eds/bin/gnu/H-i686-pc-linux-gnu/bin/../lib/gcc/nios2-elf/4.1.2/../../../../nios2-elf/lib/libc.a(lib_a-memset.o)
 .data          0x00822708        0x0 /OPT/altera/12.1/nios2eds/bin/gnu/H-i686-pc-linux-gnu/bin/../lib/gcc/nios2-elf/4.1.2/../../../../nios2-elf/lib/libc.a(lib_a-mprec.o)
 .data          0x00822708        0x0 /OPT/altera/12.1/nios2eds/bin/gnu/H-i686-pc-linux-gnu/bin/../lib/gcc/nios2-elf/4.1.2/../../../../nios2-elf/lib/libc.a(lib_a-putc.o)
 .data          0x00822708        0x0 /OPT/altera/12.1/nios2eds/bin/gnu/H-i686-pc-linux-gnu/bin/../lib/gcc/nios2-elf/4.1.2/../../../../nios2-elf/lib/libc.a(lib_a-reallocr.o)
 .data          0x00822708        0x0 /OPT/altera/12.1/nios2eds/bin/gnu/H-i686-pc-linux-gnu/bin/../lib/gcc/nios2-elf/4.1.2/../../../../nios2-elf/lib/libc.a(lib_a-s_isinfd.o)
 .data          0x00822708        0x0 /OPT/altera/12.1/nios2eds/bin/gnu/H-i686-pc-linux-gnu/bin/../lib/gcc/nios2-elf/4.1.2/../../../../nios2-elf/lib/libc.a(lib_a-s_isnand.o)
 .data          0x00822708        0x0 /OPT/altera/12.1/nios2eds/bin/gnu/H-i686-pc-linux-gnu/bin/../lib/gcc/nios2-elf/4.1.2/../../../../nios2-elf/lib/libc.a(lib_a-stdio.o)
 .data          0x00822708        0x0 /OPT/altera/12.1/nios2eds/bin/gnu/H-i686-pc-linux-gnu/bin/../lib/gcc/nios2-elf/4.1.2/../../../../nios2-elf/lib/libc.a(lib_a-strcmp.o)
 .data          0x00822708        0x0 /OPT/altera/12.1/nios2eds/bin/gnu/H-i686-pc-linux-gnu/bin/../lib/gcc/nios2-elf/4.1.2/../../../../nios2-elf/lib/libc.a(lib_a-wbuf.o)
 .data          0x00822708        0x0 /OPT/altera/12.1/nios2eds/bin/gnu/H-i686-pc-linux-gnu/bin/../lib/gcc/nios2-elf/4.1.2/../../../../nios2-elf/lib/libc.a(lib_a-writer.o)
 .data          0x00822708        0x0 /OPT/altera/12.1/nios2eds/bin/gnu/H-i686-pc-linux-gnu/bin/../lib/gcc/nios2-elf/4.1.2/../../../../nios2-elf/lib/libc.a(lib_a-callocr.o)
 .data          0x00822708        0x0 /OPT/altera/12.1/nios2eds/bin/gnu/H-i686-pc-linux-gnu/bin/../lib/gcc/nios2-elf/4.1.2/../../../../nios2-elf/lib/libc.a(lib_a-closer.o)
 .data          0x00822708        0x0 /OPT/altera/12.1/nios2eds/bin/gnu/H-i686-pc-linux-gnu/bin/../lib/gcc/nios2-elf/4.1.2/../../../../nios2-elf/lib/libc.a(lib_a-fclose.o)
 .data          0x00822708        0x0 /OPT/altera/12.1/nios2eds/bin/gnu/H-i686-pc-linux-gnu/bin/../lib/gcc/nios2-elf/4.1.2/../../../../nios2-elf/lib/libc.a(lib_a-fstatr.o)
 .data          0x00822708        0x0 /OPT/altera/12.1/nios2eds/bin/gnu/H-i686-pc-linux-gnu/bin/../lib/gcc/nios2-elf/4.1.2/../../../../nios2-elf/lib/libc.a(lib_a-isattyr.o)
 .data          0x00822708        0x0 /OPT/altera/12.1/nios2eds/bin/gnu/H-i686-pc-linux-gnu/bin/../lib/gcc/nios2-elf/4.1.2/../../../../nios2-elf/lib/libc.a(lib_a-lseekr.o)
 .data          0x00822708        0x0 /OPT/altera/12.1/nios2eds/bin/gnu/H-i686-pc-linux-gnu/bin/../lib/gcc/nios2-elf/4.1.2/../../../../nios2-elf/lib/libc.a(lib_a-readr.o)
 .data          0x00822708        0x0 /OPT/altera/12.1/nios2eds/bin/gnu/H-i686-pc-linux-gnu/bin/../lib/gcc/nios2-elf/4.1.2/libgcc.a(_udivdi3.o)
 .data          0x00822708        0x0 /OPT/altera/12.1/nios2eds/bin/gnu/H-i686-pc-linux-gnu/bin/../lib/gcc/nios2-elf/4.1.2/libgcc.a(_umoddi3.o)
 .data          0x00822708        0x0 /OPT/altera/12.1/nios2eds/bin/gnu/H-i686-pc-linux-gnu/bin/../lib/gcc/nios2-elf/4.1.2/libgcc.a(_addsub_df.o)
 .data          0x00822708        0x0 /OPT/altera/12.1/nios2eds/bin/gnu/H-i686-pc-linux-gnu/bin/../lib/gcc/nios2-elf/4.1.2/libgcc.a(_mul_df.o)
 .data          0x00822708        0x0 /OPT/altera/12.1/nios2eds/bin/gnu/H-i686-pc-linux-gnu/bin/../lib/gcc/nios2-elf/4.1.2/libgcc.a(_div_df.o)
 .data          0x00822708        0x0 /OPT/altera/12.1/nios2eds/bin/gnu/H-i686-pc-linux-gnu/bin/../lib/gcc/nios2-elf/4.1.2/libgcc.a(_eq_df.o)
 .data          0x00822708        0x0 /OPT/altera/12.1/nios2eds/bin/gnu/H-i686-pc-linux-gnu/bin/../lib/gcc/nios2-elf/4.1.2/libgcc.a(_ne_df.o)
 .data          0x00822708        0x0 /OPT/altera/12.1/nios2eds/bin/gnu/H-i686-pc-linux-gnu/bin/../lib/gcc/nios2-elf/4.1.2/libgcc.a(_gt_df.o)
 .data          0x00822708        0x0 /OPT/altera/12.1/nios2eds/bin/gnu/H-i686-pc-linux-gnu/bin/../lib/gcc/nios2-elf/4.1.2/libgcc.a(_ge_df.o)
 .data          0x00822708        0x0 /OPT/altera/12.1/nios2eds/bin/gnu/H-i686-pc-linux-gnu/bin/../lib/gcc/nios2-elf/4.1.2/libgcc.a(_lt_df.o)
 .data          0x00822708        0x0 /OPT/altera/12.1/nios2eds/bin/gnu/H-i686-pc-linux-gnu/bin/../lib/gcc/nios2-elf/4.1.2/libgcc.a(_si_to_df.o)
 .data          0x00822708        0x0 /OPT/altera/12.1/nios2eds/bin/gnu/H-i686-pc-linux-gnu/bin/../lib/gcc/nios2-elf/4.1.2/libgcc.a(_df_to_si.o)
 .data          0x00822708        0x0 /OPT/altera/12.1/nios2eds/bin/gnu/H-i686-pc-linux-gnu/bin/../lib/gcc/nios2-elf/4.1.2/libgcc.a(_thenan_df.o)
 .data          0x00822708        0x0 /OPT/altera/12.1/nios2eds/bin/gnu/H-i686-pc-linux-gnu/bin/../lib/gcc/nios2-elf/4.1.2/libgcc.a(_usi_to_df.o)
 .data          0x00822708        0x0 /OPT/altera/12.1/nios2eds/bin/gnu/H-i686-pc-linux-gnu/bin/../lib/gcc/nios2-elf/4.1.2/libgcc.a(_muldi3.o)
 .data          0x00822708        0x0 /OPT/altera/12.1/nios2eds/bin/gnu/H-i686-pc-linux-gnu/bin/../lib/gcc/nios2-elf/4.1.2/libgcc.a(_clz.o)
 .data          0x00822708        0x0 /OPT/altera/12.1/nios2eds/bin/gnu/H-i686-pc-linux-gnu/bin/../lib/gcc/nios2-elf/4.1.2/libgcc.a(_clzsi2.o)
 .data          0x00822708        0x0 /OPT/altera/12.1/nios2eds/bin/gnu/H-i686-pc-linux-gnu/bin/../lib/gcc/nios2-elf/4.1.2/libgcc.a(_pack_df.o)
 .data          0x00822708        0x0 /OPT/altera/12.1/nios2eds/bin/gnu/H-i686-pc-linux-gnu/bin/../lib/gcc/nios2-elf/4.1.2/libgcc.a(_unpack_df.o)
 .data          0x00822708        0x0 /OPT/altera/12.1/nios2eds/bin/gnu/H-i686-pc-linux-gnu/bin/../lib/gcc/nios2-elf/4.1.2/libgcc.a(_fpcmp_parts_df.o)
 .data          0x00822708        0x0 ../capstone_Volatile_bsp//libucosii_bsp.a(alt_close.o)
 .data          0x00822708      0x1a8 ../capstone_Volatile_bsp//libucosii_bsp.a(alt_dev.o)
                0x00822708                alt_dev_null
                0x00822730                alt_fd_list
 .data          0x008228b0        0x0 ../capstone_Volatile_bsp//libucosii_bsp.a(alt_errno.o)
 .data          0x008228b0        0x0 ../capstone_Volatile_bsp//libucosii_bsp.a(alt_fstat.o)
 .data          0x008228b0        0x0 ../capstone_Volatile_bsp//libucosii_bsp.a(alt_isatty.o)
 .data          0x008228b0        0x0 ../capstone_Volatile_bsp//libucosii_bsp.a(alt_lseek.o)
 .data          0x008228b0        0x0 ../capstone_Volatile_bsp//libucosii_bsp.a(alt_main.o)
 .data          0x008228b0        0x0 ../capstone_Volatile_bsp//libucosii_bsp.a(alt_read.o)
 .data          0x008228b0        0x0 ../capstone_Volatile_bsp//libucosii_bsp.a(alt_release_fd.o)
 .data          0x008228b0        0x0 ../capstone_Volatile_bsp//libucosii_bsp.a(alt_sbrk.o)
 .data          0x008228b0        0x0 ../capstone_Volatile_bsp//libucosii_bsp.a(alt_write.o)
 .data          0x008228b0        0x0 ../capstone_Volatile_bsp//libucosii_bsp.a(alt_env_lock.o)
 .data          0x008228b0        0x0 ../capstone_Volatile_bsp//libucosii_bsp.a(alt_malloc_lock.o)
 .data          0x008228b0        0x0 ../capstone_Volatile_bsp//libucosii_bsp.a(os_core.o)
 .data          0x008228b0        0x0 ../capstone_Volatile_bsp//libucosii_bsp.a(os_dbg.o)
 .data          0x008228b0        0x0 ../capstone_Volatile_bsp//libucosii_bsp.a(os_flag.o)
 .data          0x008228b0        0x0 ../capstone_Volatile_bsp//libucosii_bsp.a(os_mem.o)
 .data          0x008228b0        0x0 ../capstone_Volatile_bsp//libucosii_bsp.a(os_q.o)
 .data          0x008228b0        0x0 ../capstone_Volatile_bsp//libucosii_bsp.a(os_sem.o)
 .data          0x008228b0        0x0 ../capstone_Volatile_bsp//libucosii_bsp.a(os_task.o)
 .data          0x008228b0        0x0 ../capstone_Volatile_bsp//libucosii_bsp.a(os_time.o)
 .data          0x008228b0     0x10f8 ../capstone_Volatile_bsp//libucosii_bsp.a(alt_sys_init.o)
 .data          0x008239a8        0x0 ../capstone_Volatile_bsp//libucosii_bsp.a(altera_avalon_jtag_uart_fd.o)
 .data          0x008239a8        0x0 ../capstone_Volatile_bsp//libucosii_bsp.a(altera_avalon_jtag_uart_init.o)
 .data          0x008239a8        0x0 ../capstone_Volatile_bsp//libucosii_bsp.a(altera_avalon_jtag_uart_ioctl.o)
 .data          0x008239a8        0x0 ../capstone_Volatile_bsp//libucosii_bsp.a(altera_avalon_jtag_uart_read.o)
 .data          0x008239a8        0x0 ../capstone_Volatile_bsp//libucosii_bsp.a(altera_avalon_jtag_uart_write.o)
 .data          0x008239a8        0x0 ../capstone_Volatile_bsp//libucosii_bsp.a(altera_avalon_timer_sc.o)
 .data          0x008239a8        0x0 ../capstone_Volatile_bsp//libucosii_bsp.a(altera_up_avalon_audio.o)
 .data          0x008239a8        0x0 ../capstone_Volatile_bsp//libucosii_bsp.a(altera_up_avalon_audio_and_video_config.o)
 .data          0x008239a8        0x0 ../capstone_Volatile_bsp//libucosii_bsp.a(altera_up_avalon_character_lcd.o)
 .data          0x008239a8        0x0 ../capstone_Volatile_bsp//libucosii_bsp.a(alt_alarm_start.o)
 .data          0x008239a8        0x0 ../capstone_Volatile_bsp//libucosii_bsp.a(alt_dev_llist_insert.o)
 .data          0x008239a8        0x0 ../capstone_Volatile_bsp//libucosii_bsp.a(alt_do_ctors.o)
 .data          0x008239a8        0x0 ../capstone_Volatile_bsp//libucosii_bsp.a(alt_do_dtors.o)
 .data          0x008239a8        0x0 ../capstone_Volatile_bsp//libucosii_bsp.a(alt_find_dev.o)
 .data          0x008239a8        0x0 ../capstone_Volatile_bsp//libucosii_bsp.a(alt_io_redirect.o)
 .data          0x008239a8        0x0 ../capstone_Volatile_bsp//libucosii_bsp.a(alt_irq_register.o)
 .data          0x008239a8        0x0 ../capstone_Volatile_bsp//libucosii_bsp.a(alt_irq_vars.o)
 .data          0x008239a8        0x0 ../capstone_Volatile_bsp//libucosii_bsp.a(alt_open.o)
 .data          0x008239a8        0x0 ../capstone_Volatile_bsp//libucosii_bsp.a(alt_tick.o)
 .data          0x008239a8        0x0 ../capstone_Volatile_bsp//libucosii_bsp.a(altera_nios2_qsys_irq.o)
 .data          0x008239a8        0x0 ../capstone_Volatile_bsp//libucosii_bsp.a(os_cpu_a.o)
 .data          0x008239a8        0x0 ../capstone_Volatile_bsp//libucosii_bsp.a(os_cpu_c.o)
 .data          0x008239a8        0x0 ../capstone_Volatile_bsp//libucosii_bsp.a(alt_find_file.o)
 .data          0x008239a8        0x0 ../capstone_Volatile_bsp//libucosii_bsp.a(alt_get_fd.o)
 .data          0x008239a8        0x0 ../capstone_Volatile_bsp//libucosii_bsp.a(alt_irq_entry.o)
 .data          0x008239a8        0x0 ../capstone_Volatile_bsp//libucosii_bsp.a(alt_irq_handler.o)
 .data          0x008239a8        0x0 ../capstone_Volatile_bsp//libucosii_bsp.a(alt_exception_entry.o)
 .data          0x008239a8        0x0 /OPT/altera/12.1/nios2eds/bin/gnu/H-i686-pc-linux-gnu/bin/../lib/gcc/nios2-elf/4.1.2/../../../../nios2-elf/lib/libc.a(lib_a-atexit.o)
 .data          0x008239a8        0x0 /OPT/altera/12.1/nios2eds/bin/gnu/H-i686-pc-linux-gnu/bin/../lib/gcc/nios2-elf/4.1.2/../../../../nios2-elf/lib/libc.a(lib_a-exit.o)
 .data          0x008239a8        0x0 /OPT/altera/12.1/nios2eds/bin/gnu/H-i686-pc-linux-gnu/bin/../lib/gcc/nios2-elf/4.1.2/../../../../nios2-elf/lib/libc.a(lib_a-memcmp.o)
 .data          0x008239a8        0x0 /OPT/altera/12.1/nios2eds/bin/gnu/H-i686-pc-linux-gnu/bin/../lib/gcc/nios2-elf/4.1.2/../../../../nios2-elf/lib/libc.a(lib_a-__atexit.o)
 .data          0x008239a8        0x0 /OPT/altera/12.1/nios2eds/bin/gnu/H-i686-pc-linux-gnu/bin/../lib/gcc/nios2-elf/4.1.2/../../../../nios2-elf/lib/libc.a(lib_a-__call_atexit.o)
 .data          0x008239a8        0x0 ../capstone_Volatile_bsp//libucosii_bsp.a(alt_exit.o)
                0x0082b9a8                _gp = ABSOLUTE ((. + 0x8000))
                0x0082b9a8                PROVIDE (gp, _gp)
 *(.rwdata .rwdata.*)
 *(.sdata .sdata.* .gnu.linkonce.s.*)
 .sdata         0x008239a8        0x8 /OPT/altera/12.1/nios2eds/bin/gnu/H-i686-pc-linux-gnu/bin/../lib/gcc/nios2-elf/4.1.2/../../../../nios2-elf/lib/libc.a(lib_a-mallocr.o)
                0x008239a8                __malloc_trim_threshold
                0x008239ac                __malloc_sbrk_base
 .sdata         0x008239b0        0x8 /OPT/altera/12.1/nios2eds/bin/gnu/H-i686-pc-linux-gnu/bin/../lib/gcc/nios2-elf/4.1.2/../../../../nios2-elf/lib/libc.a(lib_a-impure.o)
                0x008239b0                _impure_ptr
                0x008239b4                _global_impure_ptr
 .sdata         0x008239b8        0x8 /OPT/altera/12.1/nios2eds/bin/gnu/H-i686-pc-linux-gnu/bin/../lib/gcc/nios2-elf/4.1.2/../../../../nios2-elf/lib/libc.a(lib_a-locale.o)
                0x008239b8                __mb_cur_max
 .sdata         0x008239c0       0x14 ../capstone_Volatile_bsp//libucosii_bsp.a(alt_dev.o)
                0x008239c0                alt_fs_list
                0x008239c8                alt_dev_list
                0x008239d0                alt_max_fd
 .sdata         0x008239d4        0x4 ../capstone_Volatile_bsp//libucosii_bsp.a(alt_errno.o)
                0x008239d4                alt_errno
 .sdata         0x008239d8        0x4 ../capstone_Volatile_bsp//libucosii_bsp.a(alt_sbrk.o)
 .sdata         0x008239dc        0x4 ../capstone_Volatile_bsp//libucosii_bsp.a(alt_env_lock.o)
 .sdata         0x008239e0        0x4 ../capstone_Volatile_bsp//libucosii_bsp.a(alt_malloc_lock.o)
 .sdata         0x008239e4       0x74 ../capstone_Volatile_bsp//libucosii_bsp.a(os_dbg.o)
                0x008239e4                OSDebugEn
                0x008239e8                OSEndiannessTest
                0x008239ec                OSEventEn
                0x008239ee                OSEventMax
                0x008239f0                OSEventNameSize
                0x008239f2                OSEventSize
                0x008239f4                OSEventTblSize
                0x008239f6                OSEventMultiEn
                0x008239f8                OSFlagEn
                0x008239fa                OSFlagGrpSize
                0x008239fc                OSFlagNodeSize
                0x008239fe                OSFlagWidth
                0x00823a00                OSFlagMax
                0x00823a02                OSFlagNameSize
                0x00823a04                OSLowestPrio
                0x00823a06                OSMboxEn
                0x00823a08                OSMemEn
                0x00823a0a                OSMemMax
                0x00823a0c                OSMemNameSize
                0x00823a0e                OSMemSize
                0x00823a10                OSMemTblSize
                0x00823a12                OSMutexEn
                0x00823a14                OSPtrSize
                0x00823a16                OSQEn
                0x00823a18                OSQMax
                0x00823a1a                OSQSize
                0x00823a1c                OSRdyTblSize
                0x00823a1e                OSSemEn
                0x00823a20                OSStkWidth
                0x00823a22                OSTaskCreateEn
                0x00823a24                OSTaskCreateExtEn
                0x00823a26                OSTaskDelEn
                0x00823a28                OSTaskIdleStkSize
                0x00823a2a                OSTaskProfileEn
                0x00823a2c                OSTaskMax
                0x00823a2e                OSTaskNameSize
                0x00823a30                OSTaskStatEn
                0x00823a32                OSTaskStatStkSize
                0x00823a34                OSTaskStatStkChkEn
                0x00823a36                OSTaskSwHookEn
                0x00823a38                OSTCBPrioTblMax
                0x00823a3a                OSTCBSize
                0x00823a3c                OSTicksPerSec
                0x00823a3e                OSTimeTickHookEn
                0x00823a40                OSVersionNbr
                0x00823a42                OSTmrEn
                0x00823a44                OSTmrCfgMax
                0x00823a46                OSTmrCfgNameSize
                0x00823a48                OSTmrCfgWheelSize
                0x00823a4a                OSTmrCfgTicksPerSec
                0x00823a4c                OSTmrSize
                0x00823a4e                OSTmrTblSize
                0x00823a50                OSTmrWheelSize
                0x00823a52                OSTmrWheelTblSize
                0x00823a54                OSDataSize
 .sdata         0x00823a58        0x4 ../capstone_Volatile_bsp//libucosii_bsp.a(alt_irq_vars.o)
                0x00823a58                alt_priority_mask
 .sdata         0x00823a5c        0x8 ../capstone_Volatile_bsp//libucosii_bsp.a(alt_tick.o)
                0x00823a5c                alt_alarm_list
 *(.sdata2 .sdata2.* .gnu.linkonce.s2.*)
                0x00823a64                . = ALIGN (0x4)
                0x00823a64                _edata = ABSOLUTE (.)
                0x00823a64                PROVIDE (edata, ABSOLUTE (.))
                0x00823a64                PROVIDE (__ram_rwdata_end, ABSOLUTE (.))
                0x00821ee8                PROVIDE (__flash_rwdata_start, LOADADDR (.rwdata))

.bss            0x00823a64   0x1138b8
                0x00823a64                __bss_start = ABSOLUTE (.)
                0x00823a64                PROVIDE (__sbss_start, ABSOLUTE (.))
                0x00823a64                PROVIDE (___sbss_start, ABSOLUTE (.))
 *(.dynsbss)
 *(.sbss .sbss.* .gnu.linkonce.sb.*)
 .sbss          0x00823a64        0x4 obj/default/audio.o
                0x00823a64                buttonCount
 .sbss          0x00823a68       0x28 obj/default/audio.o
                0x00823a68                kickDrum
                0x00823a6c                audio_dev
                0x00823a70                button
                0x00823a74                myLCD
                0x00823a78                tom2Drum
                0x00823a7c                crashDrum
                0x00823a80                hihat2Drum
                0x00823a84                snareDrum
                0x00823a88                tomDrum
                0x00823a8c                hihatDrum
 .sbss          0x00823a90        0xc /OPT/altera/12.1/nios2eds/bin/gnu/H-i686-pc-linux-gnu/bin/../lib/gcc/nios2-elf/4.1.2/../../../../nios2-elf/lib/libc.a(lib_a-mallocr.o)
                0x00823a90                __malloc_top_pad
                0x00823a94                __malloc_max_sbrked_mem
                0x00823a98                __malloc_max_total_mem
 .sbss          0x00823a9c        0x4 /OPT/altera/12.1/nios2eds/bin/gnu/H-i686-pc-linux-gnu/bin/../lib/gcc/nios2-elf/4.1.2/../../../../nios2-elf/lib/libc.a(lib_a-int_errno.o)
                0x00823a9c                errno
 .sbss          0x00823aa0        0xc /OPT/altera/12.1/nios2eds/bin/gnu/H-i686-pc-linux-gnu/bin/../lib/gcc/nios2-elf/4.1.2/../../../../nios2-elf/lib/libc.a(lib_a-locale.o)
                0x00823aa0                __nlocale_changed
                0x00823aa4                __mlocale_changed
                0x00823aa8                _PathLocale
 .sbss          0x00823aac        0x4 ../capstone_Volatile_bsp//libucosii_bsp.a(alt_dev.o)
                0x00823aac                alt_fd_list_lock
 .sbss          0x00823ab0        0xc ../capstone_Volatile_bsp//libucosii_bsp.a(alt_main.o)
                0x00823ab0                alt_argc
                0x00823ab4                alt_argv
                0x00823ab8                alt_envp
 .sbss          0x00823abc        0x8 ../capstone_Volatile_bsp//libucosii_bsp.a(alt_env_lock.o)
                0x00823ac0                alt_envsem
 .sbss          0x00823ac4        0x8 ../capstone_Volatile_bsp//libucosii_bsp.a(alt_malloc_lock.o)
                0x00823ac8                alt_heapsem
 .sbss          0x00823acc       0x50 ../capstone_Volatile_bsp//libucosii_bsp.a(os_core.o)
                0x00823acc                OSLockNesting
                0x00823acd                OSRunning
                0x00823ad0                OSIdleCtr
                0x00823ad4                OSPrioHighRdy
                0x00823ad5                OSPrioCur
                0x00823ad8                OSTCBList
                0x00823adc                OSTickStepState
                0x00823ae0                OSCtxSwCtr
                0x00823ae4                OSIdleCtrMax
                0x00823ae8                OSTCBFreeList
                0x00823aec                OSCPUUsage
                0x00823aed                OSTaskCtr
                0x00823af0                OSMemFreeList
                0x00823af4                OSTCBHighRdy
                0x00823af8                OSQFreeList
                0x00823afc                OSRdyGrp
                0x00823afd                OSRdyTbl
                0x00823b00                OSEventFreeList
                0x00823b04                OSIntNesting
                0x00823b08                OSTCBCur
                0x00823b0c                OSTime
                0x00823b10                OSFlagFreeList
                0x00823b14                OSStatRdy
                0x00823b18                OSIdleCtrRun
 .sbss          0x00823b1c        0x4 ../capstone_Volatile_bsp//libucosii_bsp.a(alt_irq_vars.o)
                0x00823b1c                alt_irq_active
 .sbss          0x00823b20        0x8 ../capstone_Volatile_bsp//libucosii_bsp.a(alt_tick.o)
                0x00823b20                _alt_tick_rate
                0x00823b24                _alt_nticks
 *(.sbss2 .sbss2.* .gnu.linkonce.sb2.*)
 *(.scommon)
                0x00823b28                PROVIDE (__sbss_end, ABSOLUTE (.))
                0x00823b28                PROVIDE (___sbss_end, ABSOLUTE (.))
 *(.dynbss)
 *(.bss .bss.* .gnu.linkonce.b.*)
 .bss           0x00823b28        0x0 ../capstone_Volatile_bsp//obj/HAL/src/crt0.o
 .bss           0x00823b28       0x1c obj/default/audio.o
                0x00823b28                isPlaying
 .bss           0x00823b44        0x0 obj/default/efsl/debug.o
 .bss           0x00823b44        0x0 obj/default/efsl/dir.o
 .bss           0x00823b44        0x0 obj/default/efsl/disc.o
 .bss           0x00823b44        0x0 obj/default/efsl/efs.o
 .bss           0x00823b44        0x0 obj/default/efsl/extract.o
 .bss           0x00823b44        0x0 obj/default/efsl/fat.o
 .bss           0x00823b44        0x0 obj/default/efsl/file.o
 .bss           0x00823b44        0x0 obj/default/efsl/fs.o
 .bss           0x00823b44        0x0 obj/default/efsl/ioman.o
 .bss           0x00823b44        0x0 obj/default/efsl/ls.o
 .bss           0x00823b44        0x0 obj/default/efsl/mkfs.o
 .bss           0x00823b44        0x0 obj/default/efsl/nios2.o
 .bss           0x00823b44        0x0 obj/default/efsl/nios2_ramdisk.o
 .bss           0x00823b44        0x0 obj/default/efsl/partition.o
 .bss           0x00823b44        0x0 obj/default/efsl/plibc.o
 .bss           0x00823b44        0x0 obj/default/efsl/sd.o
 .bss           0x00823b44        0x0 obj/default/efsl/time.o
 .bss           0x00823b44        0x0 obj/default/efsl/ui.o
 .bss           0x00823b44        0x0 obj/default/save.o
 .bss           0x00823b44        0x0 /OPT/altera/12.1/nios2eds/bin/gnu/H-i686-pc-linux-gnu/bin/../lib/gcc/nios2-elf/4.1.2/libgcc.a(lib2-divmod.o)
 .bss           0x00823b44        0x0 /OPT/altera/12.1/nios2eds/bin/gnu/H-i686-pc-linux-gnu/bin/../lib/gcc/nios2-elf/4.1.2/../../../../nios2-elf/lib/libc.a(lib_a-malloc.o)
 .bss           0x00823b44       0x28 /OPT/altera/12.1/nios2eds/bin/gnu/H-i686-pc-linux-gnu/bin/../lib/gcc/nios2-elf/4.1.2/../../../../nios2-elf/lib/libc.a(lib_a-mallocr.o)
                0x00823b44                __malloc_current_mallinfo
 .bss           0x00823b6c        0x0 /OPT/altera/12.1/nios2eds/bin/gnu/H-i686-pc-linux-gnu/bin/../lib/gcc/nios2-elf/4.1.2/../../../../nios2-elf/lib/libc.a(lib_a-memcpy.o)
 .bss           0x00823b6c        0x0 /OPT/altera/12.1/nios2eds/bin/gnu/H-i686-pc-linux-gnu/bin/../lib/gcc/nios2-elf/4.1.2/../../../../nios2-elf/lib/libc.a(lib_a-perror.o)
 .bss           0x00823b6c        0x0 /OPT/altera/12.1/nios2eds/bin/gnu/H-i686-pc-linux-gnu/bin/../lib/gcc/nios2-elf/4.1.2/../../../../nios2-elf/lib/libc.a(lib_a-printf.o)
 .bss           0x00823b6c        0x0 /OPT/altera/12.1/nios2eds/bin/gnu/H-i686-pc-linux-gnu/bin/../lib/gcc/nios2-elf/4.1.2/../../../../nios2-elf/lib/libc.a(lib_a-putchar.o)
 .bss           0x00823b6c        0x0 /OPT/altera/12.1/nios2eds/bin/gnu/H-i686-pc-linux-gnu/bin/../lib/gcc/nios2-elf/4.1.2/../../../../nios2-elf/lib/libc.a(lib_a-puts.o)
 .bss           0x00823b6c        0x0 /OPT/altera/12.1/nios2eds/bin/gnu/H-i686-pc-linux-gnu/bin/../lib/gcc/nios2-elf/4.1.2/../../../../nios2-elf/lib/libc.a(lib_a-sbrkr.o)
 .bss           0x00823b6c        0x0 /OPT/altera/12.1/nios2eds/bin/gnu/H-i686-pc-linux-gnu/bin/../lib/gcc/nios2-elf/4.1.2/../../../../nios2-elf/lib/libc.a(lib_a-strerror.o)
 .bss           0x00823b6c        0x0 /OPT/altera/12.1/nios2eds/bin/gnu/H-i686-pc-linux-gnu/bin/../lib/gcc/nios2-elf/4.1.2/../../../../nios2-elf/lib/libc.a(lib_a-strlen.o)
 .bss           0x00823b6c        0x0 /OPT/altera/12.1/nios2eds/bin/gnu/H-i686-pc-linux-gnu/bin/../lib/gcc/nios2-elf/4.1.2/../../../../nios2-elf/lib/libc.a(lib_a-u_strerr.o)
 .bss           0x00823b6c        0x0 /OPT/altera/12.1/nios2eds/bin/gnu/H-i686-pc-linux-gnu/bin/../lib/gcc/nios2-elf/4.1.2/../../../../nios2-elf/lib/libc.a(lib_a-vfprintf.o)
 .bss           0x00823b6c        0x0 /OPT/altera/12.1/nios2eds/bin/gnu/H-i686-pc-linux-gnu/bin/../lib/gcc/nios2-elf/4.1.2/../../../../nios2-elf/lib/libc.a(lib_a-wsetup.o)
 .bss           0x00823b6c        0x0 /OPT/altera/12.1/nios2eds/bin/gnu/H-i686-pc-linux-gnu/bin/../lib/gcc/nios2-elf/4.1.2/../../../../nios2-elf/lib/libc.a(lib_a-dtoa.o)
 .bss           0x00823b6c        0x0 /OPT/altera/12.1/nios2eds/bin/gnu/H-i686-pc-linux-gnu/bin/../lib/gcc/nios2-elf/4.1.2/../../../../nios2-elf/lib/libc.a(lib_a-fflush.o)
 .bss           0x00823b6c        0x0 /OPT/altera/12.1/nios2eds/bin/gnu/H-i686-pc-linux-gnu/bin/../lib/gcc/nios2-elf/4.1.2/../../../../nios2-elf/lib/libc.a(lib_a-findfp.o)
 .bss           0x00823b6c        0x0 /OPT/altera/12.1/nios2eds/bin/gnu/H-i686-pc-linux-gnu/bin/../lib/gcc/nios2-elf/4.1.2/../../../../nios2-elf/lib/libc.a(lib_a-fputc.o)
 .bss           0x00823b6c        0x0 /OPT/altera/12.1/nios2eds/bin/gnu/H-i686-pc-linux-gnu/bin/../lib/gcc/nios2-elf/4.1.2/../../../../nios2-elf/lib/libc.a(lib_a-fputs.o)
 .bss           0x00823b6c        0x0 /OPT/altera/12.1/nios2eds/bin/gnu/H-i686-pc-linux-gnu/bin/../lib/gcc/nios2-elf/4.1.2/../../../../nios2-elf/lib/libc.a(lib_a-freer.o)
 .bss           0x00823b6c        0x0 /OPT/altera/12.1/nios2eds/bin/gnu/H-i686-pc-linux-gnu/bin/../lib/gcc/nios2-elf/4.1.2/../../../../nios2-elf/lib/libc.a(lib_a-fvwrite.o)
 .bss           0x00823b6c        0x0 /OPT/altera/12.1/nios2eds/bin/gnu/H-i686-pc-linux-gnu/bin/../lib/gcc/nios2-elf/4.1.2/../../../../nios2-elf/lib/libc.a(lib_a-fwalk.o)
 .bss           0x00823b6c        0x0 /OPT/altera/12.1/nios2eds/bin/gnu/H-i686-pc-linux-gnu/bin/../lib/gcc/nios2-elf/4.1.2/../../../../nios2-elf/lib/libc.a(lib_a-impure.o)
 .bss           0x00823b6c        0x0 /OPT/altera/12.1/nios2eds/bin/gnu/H-i686-pc-linux-gnu/bin/../lib/gcc/nios2-elf/4.1.2/../../../../nios2-elf/lib/libc.a(lib_a-int_errno.o)
 .bss           0x00823b6c        0x0 /OPT/altera/12.1/nios2eds/bin/gnu/H-i686-pc-linux-gnu/bin/../lib/gcc/nios2-elf/4.1.2/../../../../nios2-elf/lib/libc.a(lib_a-locale.o)
 .bss           0x00823b6c        0x0 /OPT/altera/12.1/nios2eds/bin/gnu/H-i686-pc-linux-gnu/bin/../lib/gcc/nios2-elf/4.1.2/../../../../nios2-elf/lib/libc.a(lib_a-makebuf.o)
 .bss           0x00823b6c        0x0 /OPT/altera/12.1/nios2eds/bin/gnu/H-i686-pc-linux-gnu/bin/../lib/gcc/nios2-elf/4.1.2/../../../../nios2-elf/lib/libc.a(lib_a-memchr.o)
 .bss           0x00823b6c        0x0 /OPT/altera/12.1/nios2eds/bin/gnu/H-i686-pc-linux-gnu/bin/../lib/gcc/nios2-elf/4.1.2/../../../../nios2-elf/lib/libc.a(lib_a-memmove.o)
 .bss           0x00823b6c        0x0 /OPT/altera/12.1/nios2eds/bin/gnu/H-i686-pc-linux-gnu/bin/../lib/gcc/nios2-elf/4.1.2/../../../../nios2-elf/lib/libc.a(lib_a-memset.o)
 .bss           0x00823b6c        0x0 /OPT/altera/12.1/nios2eds/bin/gnu/H-i686-pc-linux-gnu/bin/../lib/gcc/nios2-elf/4.1.2/../../../../nios2-elf/lib/libc.a(lib_a-mprec.o)
 .bss           0x00823b6c        0x0 /OPT/altera/12.1/nios2eds/bin/gnu/H-i686-pc-linux-gnu/bin/../lib/gcc/nios2-elf/4.1.2/../../../../nios2-elf/lib/libc.a(lib_a-putc.o)
 .bss           0x00823b6c        0x0 /OPT/altera/12.1/nios2eds/bin/gnu/H-i686-pc-linux-gnu/bin/../lib/gcc/nios2-elf/4.1.2/../../../../nios2-elf/lib/libc.a(lib_a-reallocr.o)
 .bss           0x00823b6c        0x0 /OPT/altera/12.1/nios2eds/bin/gnu/H-i686-pc-linux-gnu/bin/../lib/gcc/nios2-elf/4.1.2/../../../../nios2-elf/lib/libc.a(lib_a-s_isinfd.o)
 .bss           0x00823b6c        0x0 /OPT/altera/12.1/nios2eds/bin/gnu/H-i686-pc-linux-gnu/bin/../lib/gcc/nios2-elf/4.1.2/../../../../nios2-elf/lib/libc.a(lib_a-s_isnand.o)
 .bss           0x00823b6c        0x0 /OPT/altera/12.1/nios2eds/bin/gnu/H-i686-pc-linux-gnu/bin/../lib/gcc/nios2-elf/4.1.2/../../../../nios2-elf/lib/libc.a(lib_a-stdio.o)
 .bss           0x00823b6c        0x0 /OPT/altera/12.1/nios2eds/bin/gnu/H-i686-pc-linux-gnu/bin/../lib/gcc/nios2-elf/4.1.2/../../../../nios2-elf/lib/libc.a(lib_a-strcmp.o)
 .bss           0x00823b6c        0x0 /OPT/altera/12.1/nios2eds/bin/gnu/H-i686-pc-linux-gnu/bin/../lib/gcc/nios2-elf/4.1.2/../../../../nios2-elf/lib/libc.a(lib_a-wbuf.o)
 .bss           0x00823b6c        0x0 /OPT/altera/12.1/nios2eds/bin/gnu/H-i686-pc-linux-gnu/bin/../lib/gcc/nios2-elf/4.1.2/../../../../nios2-elf/lib/libc.a(lib_a-writer.o)
 .bss           0x00823b6c        0x0 /OPT/altera/12.1/nios2eds/bin/gnu/H-i686-pc-linux-gnu/bin/../lib/gcc/nios2-elf/4.1.2/../../../../nios2-elf/lib/libc.a(lib_a-callocr.o)
 .bss           0x00823b6c        0x0 /OPT/altera/12.1/nios2eds/bin/gnu/H-i686-pc-linux-gnu/bin/../lib/gcc/nios2-elf/4.1.2/../../../../nios2-elf/lib/libc.a(lib_a-closer.o)
 .bss           0x00823b6c        0x0 /OPT/altera/12.1/nios2eds/bin/gnu/H-i686-pc-linux-gnu/bin/../lib/gcc/nios2-elf/4.1.2/../../../../nios2-elf/lib/libc.a(lib_a-fclose.o)
 .bss           0x00823b6c        0x0 /OPT/altera/12.1/nios2eds/bin/gnu/H-i686-pc-linux-gnu/bin/../lib/gcc/nios2-elf/4.1.2/../../../../nios2-elf/lib/libc.a(lib_a-fstatr.o)
 .bss           0x00823b6c        0x0 /OPT/altera/12.1/nios2eds/bin/gnu/H-i686-pc-linux-gnu/bin/../lib/gcc/nios2-elf/4.1.2/../../../../nios2-elf/lib/libc.a(lib_a-isattyr.o)
 .bss           0x00823b6c        0x0 /OPT/altera/12.1/nios2eds/bin/gnu/H-i686-pc-linux-gnu/bin/../lib/gcc/nios2-elf/4.1.2/../../../../nios2-elf/lib/libc.a(lib_a-lseekr.o)
 .bss           0x00823b6c        0x0 /OPT/altera/12.1/nios2eds/bin/gnu/H-i686-pc-linux-gnu/bin/../lib/gcc/nios2-elf/4.1.2/../../../../nios2-elf/lib/libc.a(lib_a-readr.o)
 .bss           0x00823b6c        0x0 /OPT/altera/12.1/nios2eds/bin/gnu/H-i686-pc-linux-gnu/bin/../lib/gcc/nios2-elf/4.1.2/libgcc.a(_udivdi3.o)
 .bss           0x00823b6c        0x0 /OPT/altera/12.1/nios2eds/bin/gnu/H-i686-pc-linux-gnu/bin/../lib/gcc/nios2-elf/4.1.2/libgcc.a(_umoddi3.o)
 .bss           0x00823b6c        0x0 /OPT/altera/12.1/nios2eds/bin/gnu/H-i686-pc-linux-gnu/bin/../lib/gcc/nios2-elf/4.1.2/libgcc.a(_addsub_df.o)
 .bss           0x00823b6c        0x0 /OPT/altera/12.1/nios2eds/bin/gnu/H-i686-pc-linux-gnu/bin/../lib/gcc/nios2-elf/4.1.2/libgcc.a(_mul_df.o)