Archive member included because of file (symbol)

/OPT/altera/12.1/nios2eds/bin/gnu/H-i686-pc-linux-gnu/bin/../lib/gcc/nios2-elf/4.1.2/libgcc.a(lib2-divmod.o)
                              obj/default/efsl/fs.o (__divsi3)
/OPT/altera/12.1/nios2eds/bin/gnu/H-i686-pc-linux-gnu/bin/../lib/gcc/nios2-elf/4.1.2/../../../../nios2-elf/lib/libc.a(lib_a-malloc.o)
                              obj/default/audio.o (malloc)
/OPT/altera/12.1/nios2eds/bin/gnu/H-i686-pc-linux-gnu/bin/../lib/gcc/nios2-elf/4.1.2/../../../../nios2-elf/lib/libc.a(lib_a-mallocr.o)
                              /OPT/altera/12.1/nios2eds/bin/gnu/H-i686-pc-linux-gnu/bin/../lib/gcc/nios2-elf/4.1.2/../../../../nios2-elf/lib/libc.a(lib_a-malloc.o) (_malloc_r)
/OPT/altera/12.1/nios2eds/bin/gnu/H-i686-pc-linux-gnu/bin/../lib/gcc/nios2-elf/4.1.2/../../../../nios2-elf/lib/libc.a(lib_a-memcpy.o)
                              obj/default/efsl/nios2_ramdisk.o (memcpy)
/OPT/altera/12.1/nios2eds/bin/gnu/H-i686-pc-linux-gnu/bin/../lib/gcc/nios2-elf/4.1.2/../../../../nios2-elf/lib/libc.a(lib_a-perror.o)
                              obj/default/audio.o (perror)
/OPT/altera/12.1/nios2eds/bin/gnu/H-i686-pc-linux-gnu/bin/../lib/gcc/nios2-elf/4.1.2/../../../../nios2-elf/lib/libc.a(lib_a-printf.o)
                              obj/default/audio.o (printf)
/OPT/altera/12.1/nios2eds/bin/gnu/H-i686-pc-linux-gnu/bin/../lib/gcc/nios2-elf/4.1.2/../../../../nios2-elf/lib/libc.a(lib_a-putchar.o)
                              obj/default/efsl/sd.o (putchar)
/OPT/altera/12.1/nios2eds/bin/gnu/H-i686-pc-linux-gnu/bin/../lib/gcc/nios2-elf/4.1.2/../../../../nios2-elf/lib/libc.a(lib_a-puts.o)
                              obj/default/audio.o (puts)
/OPT/altera/12.1/nios2eds/bin/gnu/H-i686-pc-linux-gnu/bin/../lib/gcc/nios2-elf/4.1.2/../../../../nios2-elf/lib/libc.a(lib_a-sbrkr.o)
                              /OPT/altera/12.1/nios2eds/bin/gnu/H-i686-pc-linux-gnu/bin/../lib/gcc/nios2-elf/4.1.2/../../../../nios2-elf/lib/libc.a(lib_a-mallocr.o) (_sbrk_r)
/OPT/altera/12.1/nios2eds/bin/gnu/H-i686-pc-linux-gnu/bin/../lib/gcc/nios2-elf/4.1.2/../../../../nios2-elf/lib/libc.a(lib_a-strerror.o)
                              /OPT/altera/12.1/nios2eds/bin/gnu/H-i686-pc-linux-gnu/bin/../lib/gcc/nios2-elf/4.1.2/../../../../nios2-elf/lib/libc.a(lib_a-perror.o) (strerror)
/OPT/altera/12.1/nios2eds/bin/gnu/H-i686-pc-linux-gnu/bin/../lib/gcc/nios2-elf/4.1.2/../../../../nios2-elf/lib/libc.a(lib_a-strlen.o)
                              /OPT/altera/12.1/nios2eds/bin/gnu/H-i686-pc-linux-gnu/bin/../lib/gcc/nios2-elf/4.1.2/../../../../nios2-elf/lib/libc.a(lib_a-puts.o) (strlen)
/OPT/altera/12.1/nios2eds/bin/gnu/H-i686-pc-linux-gnu/bin/../lib/gcc/nios2-elf/4.1.2/../../../../nios2-elf/lib/libc.a(lib_a-u_strerr.o)
                              /OPT/altera/12.1/nios2eds/bin/gnu/H-i686-pc-linux-gnu/bin/../lib/gcc/nios2-elf/4.1.2/../../../../nios2-elf/lib/libc.a(lib_a-strerror.o) (_user_strerror)
/OPT/altera/12.1/nios2eds/bin/gnu/H-i686-pc-linux-gnu/bin/../lib/gcc/nios2-elf/4.1.2/../../../../nios2-elf/lib/libc.a(lib_a-vfprintf.o)
                              /OPT/altera/12.1/nios2eds/bin/gnu/H-i686-pc-linux-gnu/bin/../lib/gcc/nios2-elf/4.1.2/../../../../nios2-elf/lib/libc.a(lib_a-printf.o) (___vfprintf_internal_r)
/OPT/altera/12.1/nios2eds/bin/gnu/H-i686-pc-linux-gnu/bin/../lib/gcc/nios2-elf/4.1.2/../../../../nios2-elf/lib/libc.a(lib_a-wsetup.o)
                              /OPT/altera/12.1/nios2eds/bin/gnu/H-i686-pc-linux-gnu/bin/../lib/gcc/nios2-elf/4.1.2/../../../../nios2-elf/lib/libc.a(lib_a-vfprintf.o) (__swsetup_r)
/OPT/altera/12.1/nios2eds/bin/gnu/H-i686-pc-linux-gnu/bin/../lib/gcc/nios2-elf/4.1.2/../../../../nios2-elf/lib/libc.a(lib_a-dtoa.o)
                              /OPT/altera/12.1/nios2eds/bin/gnu/H-i686-pc-linux-gnu/bin/../lib/gcc/nios2-elf/4.1.2/../../../../nios2-elf/lib/libc.a(lib_a-vfprintf.o) (_dtoa_r)
/OPT/altera/12.1/nios2eds/bin/gnu/H-i686-pc-linux-gnu/bin/../lib/gcc/nios2-elf/4.1.2/../../../../nios2-elf/lib/libc.a(lib_a-fflush.o)
                              /OPT/altera/12.1/nios2eds/bin/gnu/H-i686-pc-linux-gnu/bin/../lib/gcc/nios2-elf/4.1.2/../../../../nios2-elf/lib/libc.a(lib_a-vfprintf.o) (_fflush_r)
/OPT/altera/12.1/nios2eds/bin/gnu/H-i686-pc-linux-gnu/bin/../lib/gcc/nios2-elf/4.1.2/../../../../nios2-elf/lib/libc.a(lib_a-findfp.o)
                              /OPT/altera/12.1/nios2eds/bin/gnu/H-i686-pc-linux-gnu/bin/../lib/gcc/nios2-elf/4.1.2/../../../../nios2-elf/lib/libc.a(lib_a-vfprintf.o) (__sinit)
/OPT/altera/12.1/nios2eds/bin/gnu/H-i686-pc-linux-gnu/bin/../lib/gcc/nios2-elf/4.1.2/../../../../nios2-elf/lib/libc.a(lib_a-fputc.o)
                              /OPT/altera/12.1/nios2eds/bin/gnu/H-i686-pc-linux-gnu/bin/../lib/gcc/nios2-elf/4.1.2/../../../../nios2-elf/lib/libc.a(lib_a-perror.o) (fputc)
/OPT/altera/12.1/nios2eds/bin/gnu/H-i686-pc-linux-gnu/bin/../lib/gcc/nios2-elf/4.1.2/../../../../nios2-elf/lib/libc.a(lib_a-fputs.o)
[...]
Memory Configuration

Name             Origin             Length             Attributes
reset            0x00000000         0x00000020
generic_tristate_controller_0 0x00000020         0x003fffe0
sdram_0          0x00800000         0x00800000
sram_0           0x01080000         0x00080000
onchip_memory2_0_BEFORE_EXCEPTION 0x01104000         0x00000020
onchip_memory2_0 0x01104020         0x00003fe0
*default*        0x00000000         0xffffffff

Linker script and memory map

LOAD ../capstone_Volatile_bsp//obj/HAL/src/crt0.o
LOAD obj/default/audio.o
LOAD obj/default/efsl/debug.o
LOAD obj/default/efsl/dir.o
LOAD obj/default/efsl/disc.o
LOAD obj/default/efsl/efs.o
LOAD obj/default/efsl/extract.o
LOAD obj/default/efsl/fat.o
LOAD obj/default/efsl/file.o
LOAD obj/default/efsl/fs.o
LOAD obj/default/efsl/ioman.o
LOAD obj/default/efsl/ls.o
LOAD obj/default/efsl/mkfs.o
LOAD obj/default/efsl/nios2.o
LOAD obj/default/efsl/nios2_ramdisk.o
LOAD obj/default/efsl/partition.o
LOAD obj/default/efsl/plibc.o
LOAD obj/default/efsl/sd.o
LOAD obj/default/efsl/time.o
LOAD obj/default/efsl/ui.o
LOAD /OPT/altera/12.1/nios2eds/bin/gnu/H-i686-pc-linux-gnu/bin/../lib/gcc/nios2-elf/4.1.2/../../../../nios2-elf/lib/libstdc++.a
LOAD /OPT/altera/12.1/nios2eds/bin/gnu/H-i686-pc-linux-gnu/bin/../lib/gcc/nios2-elf/4.1.2/../../../../nios2-elf/lib/libm.a
LOAD /OPT/altera/12.1/nios2eds/bin/gnu/H-i686-pc-linux-gnu/bin/../lib/gcc/nios2-elf/4.1.2/libgcc.a
START GROUP
LOAD /OPT/altera/12.1/nios2eds/bin/gnu/H-i686-pc-linux-gnu/bin/../lib/gcc/nios2-elf/4.1.2/../../../../nios2-elf/lib/libc.a
LOAD /OPT/altera/12.1/nios2eds/bin/gnu/H-i686-pc-linux-gnu/bin/../lib/gcc/nios2-elf/4.1.2/libgcc.a
LOAD ../capstone_Volatile_bsp//libucosii_bsp.a
END GROUP
LOAD /OPT/altera/12.1/nios2eds/bin/gnu/H-i686-pc-linux-gnu/bin/../lib/gcc/nios2-elf/4.1.2/libgcc.a
                0x00000000                __alt_mem_generic_tristate_controller_0 = 0x0
                0x00800000                __alt_mem_sdram_0 = 0x800000
                0x01080000                __alt_mem_sram_0 = 0x1080000
                0x01104000                __alt_mem_onchip_memory2_0 = 0x1104000

.entry          0x00000000        0x0
 *(.entry)
 .entry         0x00000000        0x0 ../capstone_Volatile_bsp//obj/HAL/src/crt0.o
                0x00000000                __reset

.exceptions     0x01104020      0x1a0
                0x01104020                PROVIDE (__ram_exceptions_start, ABSOLUTE (.))
                0x01104020                . = ALIGN (0x20)
 *(.irq)
 *(.exceptions.entry.label)
 .exceptions.entry.label
                0x01104020        0x0 ../capstone_Volatile_bsp//libucosii_bsp.a(alt_irq_entry.o)
                0x01104020                alt_irq_entry
 .exceptions.entry.label
                0x01104020        0x0 ../capstone_Volatile_bsp//libucosii_bsp.a(alt_exception_entry.o)
                0x01104020                alt_exception
 *(.exceptions.entry.user)
 *(.exceptions.entry)
 .exceptions.entry
                0x01104020       0x54 ../capstone_Volatile_bsp//libucosii_bsp.a(alt_exception_entry.o)
 *(.exceptions.irqtest.user)
 *(.exceptions.irqtest)
 .exceptions.irqtest
                0x01104074       0x10 ../capstone_Volatile_bsp//libucosii_bsp.a(alt_irq_entry.o)
 *(.exceptions.irqhandler.user)
 *(.exceptions.irqhandler)
 .exceptions.irqhandler
                0x01104084        0x4 ../capstone_Volatile_bsp//libucosii_bsp.a(alt_irq_entry.o)
 *(.exceptions.irqreturn.user)
 *(.exceptions.irqreturn)
 .exceptions.irqreturn
                0x01104088        0x4 ../capstone_Volatile_bsp//libucosii_bsp.a(alt_irq_entry.o)
 *(.exceptions.notirq.label)
 .exceptions.notirq.label
                0x0110408c        0x0 ../capstone_Volatile_bsp//libucosii_bsp.a(alt_irq_entry.o)
 *(.exceptions.notirq.user)
 *(.exceptions.notirq)
 .exceptions.notirq
                0x0110408c        0x8 ../capstone_Volatile_bsp//libucosii_bsp.a(alt_exception_entry.o)
 *(.exceptions.soft.user)
 *(.exceptions.soft)
 *(.exceptions.unknown.user)
 *(.exceptions.unknown)
 .exceptions.unknown
                0x01104094        0x4 ../capstone_Volatile_bsp//libucosii_bsp.a(alt_exception_entry.o)
 *(.exceptions.exit.label)
 .exceptions.exit.label
                0x01104098        0x0 ../capstone_Volatile_bsp//libucosii_bsp.a(alt_irq_entry.o)
 .exceptions.exit.label
                0x01104098        0x0 ../capstone_Volatile_bsp//libucosii_bsp.a(alt_exception_entry.o)
 *(.exceptions.exit.user)
 *(.exceptions.exit)
 .exceptions.exit
                0x01104098       0x54 ../capstone_Volatile_bsp//libucosii_bsp.a(alt_exception_entry.o)
 *(.exceptions)
 .exceptions    0x011040ec       0xd4 ../capstone_Volatile_bsp//libucosii_bsp.a(alt_irq_handler.o)
                0x011040ec                alt_irq_handler
                0x011041c0                PROVIDE (__ram_exceptions_end, ABSOLUTE (.))
                0x01104020                PROVIDE (__flash_exceptions_start, LOADADDR (.exceptions))

.text           0x00800000    0x209c0
                0x00800000                PROVIDE (stext, ABSOLUTE (.))
 *(.interp)
 *(.hash)
 *(.dynsym)
 *(.dynstr)
 *(.gnu.version)
 *(.gnu.version_d)
 *(.gnu.version_r)
 *(.rel.init)
 *(.rela.init)
 *(.rel.text .rel.text.* .rel.gnu.linkonce.t.*)
 *(.rela.text .rela.text.* .rela.gnu.linkonce.t.*)
 *(.rel.fini)
 *(.rela.fini)
 *(.rel.rodata .rel.rodata.* .rel.gnu.linkonce.r.*)
 *(.rela.rodata .rela.rodata.* .rela.gnu.linkonce.r.*)
 *(.rel.data .rel.data.* .rel.gnu.linkonce.d.*)
 *(.rela.data .rela.data.* .rela.gnu.linkonce.d.*)
 *(.rel.tdata .rel.tdata.* .rel.gnu.linkonce.td.*)
 *(.rela.tdata .rela.tdata.* .rela.gnu.linkonce.td.*)
 *(.rel.tbss .rel.tbss.* .rel.gnu.linkonce.tb.*)
 *(.rela.tbss .rela.tbss.* .rela.gnu.linkonce.tb.*)
 *(.rel.ctors)
 *(.rela.ctors)
 *(.rel.dtors)
 *(.rela.dtors)
 *(.rel.got)
 *(.rela.got)
 *(.rel.sdata .rel.sdata.* .rel.gnu.linkonce.s.*)
 *(.rela.sdata .rela.sdata.* .rela.gnu.linkonce.s.*)
 *(.rel.sbss .rel.sbss.* .rel.gnu.linkonce.sb.*)
 *(.rela.sbss .rela.sbss.* .rela.gnu.linkonce.sb.*)
 *(.rel.sdata2 .rel.sdata2.* .rel.gnu.linkonce.s2.*)
 *(.rela.sdata2 .rela.sdata2.* .rela.gnu.linkonce.s2.*)
 *(.rel.sbss2 .rel.sbss2.* .rel.gnu.linkonce.sb2.*)
 *(.rela.sbss2 .rela.sbss2.* .rela.gnu.linkonce.sb2.*)
 *(.rel.bss .rel.bss.* .rel.gnu.linkonce.b.*)
 *(.rela.bss .rela.bss.* .rela.gnu.linkonce.b.*)
 *(.rel.plt)
 *(.rela.plt)
 *(.rel.dyn)
 *(.init)
 *(.plt)
 *(.text .stub .text.* .gnu.linkonce.t.*)
 .text          0x00800000       0x48 ../capstone_Volatile_bsp//obj/HAL/src/crt0.o
                0x00800000                _start
 .text          0x00800048      0xd64 obj/default/audio.o
                0x00800048                main
                0x008007b8                addWav
                0x00800858                playSound
                0x00800920                playSoundAmp
                0x00800a2c                sdInit
                0x00800aac                audioInit
                0x00800bc4                sdRead
                0x00800cec                parseWav
 .text          0x00800dac        0x0 obj/default/efsl/debug.o
 .text          0x00800dac      0xb40 obj/default/efsl/dir.o
                0x00800dac                dir_getFileStructure
                0x00800e68                dir_createDirectoryEntry
                0x00800eec                dir_createDefaultEntry
                0x00800f9c                dir_setFirstCluster
                0x00801044                dir_setFileSize
                0x008010c4                dir_updateDirectoryEntry
                0x0080114c                dir_findFileinBuf
                0x008012a4                dir_findFreeEntryinBuf
                0x0080139c                dir_findinBuf
                0x00801428                dir_findinCluster
                0x0080154c                dir_findinDir
                0x00801644                dir_findinRootArea
                0x00801788                dir_getFatFileName
                0x0080185c                dir_addCluster
 .text          0x008018ec       0xe4 obj/default/efsl/disc.o
                0x008018ec                disc_initDisc
                0x00801934                disc_loadMBR
 .text          0x008019d0      0x128 obj/default/efsl/efs.o
                0x008019d0                efs_init
 .text          0x00801af8      0x354 obj/default/efsl/extract.o
                0x00801af8                ex_getb16
                0x00801b58                ex_getb32
                0x00801bf0                ex_setb16
                0x00801c48                ex_setb32
                0x00801cd8                ex_getPartitionField
                0x00801e24                ex_setPartitionField
 .text          0x00801e4c     0x1504 obj/default/efsl/fat.o
                0x00801e4c                fat_getSectorAddressFatEntry
                0x00801f74                fat_getNextClusterAddress
                0x0080219c                fat_setNextClusterAddress
                0x00802510                fat_isEocMarker
                0x008025c4                fat_giveEocMarker
                0x0080264c                fat_getNextClusterAddressWBuf
                0x00802814                fat_setNextClusterAddressWBuf
                0x00802af8                fat_getNextClusterChain
                0x00802ca8                fat_LogicToDiscCluster
                0x00802dd8                fat_allocClusterChain
                0x008030a4                fat_unlinkClusterChain
                0x0080317c                fat_countClustersInChain
                0x00803220                fat_DiscToLogicCluster
                0x008032d0                fat_countFreeClusters
 .text          0x00803350     0x12bc obj/default/efsl/file.o
                0x00803350                file_fread
                0x008035e8                file_read
                0x00803650                file_write
                0x008036b8                file_setpos
                0x0080370c                file_fwrite
                0x00803a58                file_fopen
                0x00803ed0                file_fclose
                0x00803fd0                file_initFile
                0x0080408c                file_normalToFatName
                0x00804304                file_validateChar
                0x008043ec                file_setAttr
                0x00804478                file_getAttr
                0x008044bc                file_requiredCluster
 .text          0x0080460c     0x117c obj/default/efsl/fs.o
                0x0080460c                fs_initFs
                0x008046c8                fs_isValidFat
                0x0080473c                fs_loadVolumeId
                0x00804878                fs_verifySanity
                0x00804a14                fs_countDataSectors
                0x00804b6c                fs_determineFatType
                0x00804be8                fs_findFirstSectorRootDir
                0x00804ca8                fs_initCurrentDir
                0x00804ce4                fs_clusterToSector
                0x00804db0                fs_sectorToCluster
                0x00804eac                fs_getNextFreeCluster
                0x00804f2c                fs_giveFreeClusterHint
                0x00804f50                fs_findFile
                0x00805190                fs_findFreeFile
                0x008052b0                fs_getLastCluster
                0x00805388                fs_getFirstClusterRootDir
                0x008053dc                fs_initClusterChain
                0x0080543c                fs_setFirstClusterInDirEntry
                0x00805484                fs_flushFs
                0x008054d0                fs_umount
                0x0080550c                fs_clearCluster
                0x008055bc                fs_getFsInfo
                0x008056b8                fs_setFsInfo
 .text          0x00805788     0x1df4 obj/default/efsl/ioman.o
                0x00805788                ioman_init
                0x00805800                ioman_reset
                0x00805970                ioman_getBuffer
                0x0080599c                ioman_setAttr
                0x00805a80                ioman_getAttr
                0x00805b08                ioman_getUseCnt
                0x00805b74                ioman_incUseCnt
                0x00805c08                ioman_decUseCnt
                0x00805c9c                ioman_resetUseCnt
                0x00805cf8                ioman_getRefCnt
                0x00805d64                ioman_incRefCnt
                0x00805df8                ioman_decRefCnt
                0x00805e8c                ioman_resetRefCnt
                0x00805ee8                ioman_pop
                0x008060bc                ioman_push
                0x0080627c                ioman_getPtr
                0x008062e4                ioman_getBp
                0x0080639c                ioman_readSector
                0x00806428                ioman_writeSector
                0x008064b4                ioman_resetCacheItem
                0x00806554                ioman_findSectorInCache
                0x00806600                ioman_findFreeSpot
                0x00806684                ioman_findUnusedSpot
                0x008067f4                ioman_findOverallocableSpot
                0x00806940                ioman_putSectorInCache
                0x00806a1c                ioman_flushSector
                0x00806b30                ioman_flushRange
                0x00806c84                ioman_flushAll
                0x00806d58                ioman_getSector
                0x00807064                ioman_releaseSector
                0x00807144                ioman_directSectorRead
                0x0080726c                ioman_directSectorWrite
                0x008073d8                ioman_printStatus
 .text          0x0080757c      0x588 obj/default/efsl/ls.o
                0x0080757c                ls_openDir
                0x00807634                ls_getDirEntry
                0x008076c0                ls_getNext
                0x00807768                ls_getRealDirEntry
                0x008078c0                ls_getRootAreaEntry
                0x008079d0                ls_isValidFileEntry
                0x00807a60                ls_fileEntryToDirListEntry
 .text          0x00807b04      0x3e4 obj/default/efsl/mkfs.o
                0x00807b04                mkfs_makevfat
 .text          0x00807ee8      0x4c0 obj/default/efsl/nios2.o
                0x00807ee8                if_initInterface
                0x00807fc8                if_readBuf
                0x00808018                if_writeBuf
                0x00808064                if_setPos
                0x0080808c                if_spiInit
                0x008080d0                if_spiSend
                0x008081f0                if_spi_sendbuf
                0x008082c0                if_spi_readbuf
 .text          0x008083a8      0x134 obj/default/efsl/nios2_ramdisk.o
                0x008084b4                ramdisk_init
 .text          0x008084dc      0x46c obj/default/efsl/partition.o
                0x008084dc                part_initPartition
                0x0080858c                part_isFatPart
                0x00808608                part_readBuf
                0x00808678                part_writeBuf
                0x008086e8                part_getRealLBA
                0x00808740                part_getSect
                0x008087a0                part_relSect
                0x008087ec                part_flushPart
                0x00808870                part_directSectorRead
                0x008088dc                part_directSectorWrite
 .text          0x00808948      0x1b4 obj/default/efsl/plibc.o
                0x00808948                strMatch
                0x008089e0                memCpy
                0x00808a4c                memClr
                0x00808aa0                memSet
 .text          0x00808afc      0xa20 obj/default/efsl/sd.o
                0x00808afc                sd_Init
                0x00808c3c                sd_Command
                0x00808cf0                sd_Resp8b
                0x00808d6c                sd_Resp16b
                0x00808dd4                sd_Resp8bError
                0x00808fac                sd_State
                0x00809168                sd_writeSector
                0x0080923c                sd_readSector
                0x00809340                sd_getDriveSize
 .text          0x0080951c       0x60 obj/default/efsl/time.o
                0x0080951c                fs_makeDate
                0x0080953c                fs_makeTime
                0x0080955c                fs_hasTimeSupport
 .text          0x0080957c      0x708 obj/default/efsl/ui.o
                0x0080957c                listFiles
                0x0080987c                rmfile
                0x008099bc                makedir
 .text          0x00809c84      0x14c /OPT/altera/12.1/nios2eds/bin/gnu/H-i686-pc-linux-gnu/bin/../lib/gcc/nios2-elf/4.1.2/libgcc.a(lib2-divmod.o)
                0x00809d00                __divsi3
                0x00809d60                __modsi3
                0x00809dc0                __udivsi3
                0x00809dc8                __umodsi3
 .text          0x00809dd0       0x28 /OPT/altera/12.1/nios2eds/bin/gnu/H-i686-pc-linux-gnu/bin/../lib/gcc/nios2-elf/4.1.2/../../../../nios2-elf/lib/libc.a(lib_a-malloc.o)
                0x00809dd0                free
                0x00809de4                malloc
 .text          0x00809df8      0x740 /OPT/altera/12.1/nios2eds/bin/gnu/H-i686-pc-linux-gnu/bin/../lib/gcc/nios2-elf/4.1.2/../../../../nios2-elf/lib/libc.a(lib_a-mallocr.o)
                0x00809df8                _malloc_r
 .text          0x0080a538       0xa0 /OPT/altera/12.1/nios2eds/bin/gnu/H-i686-pc-linux-gnu/bin/../lib/gcc/nios2-elf/4.1.2/../../../../nios2-elf/lib/libc.a(lib_a-memcpy.o)
                0x0080a538                memcpy
 .text          0x0080a5d8       0x80 /OPT/altera/12.1/nios2eds/bin/gnu/H-i686-pc-linux-gnu/bin/../lib/gcc/nios2-elf/4.1.2/../../../../nios2-elf/lib/libc.a(lib_a-perror.o)
                0x0080a5d8                _perror_r
                0x0080a644                perror
 .text          0x0080a658       0x78 /OPT/altera/12.1/nios2eds/bin/gnu/H-i686-pc-linux-gnu/bin/../lib/gcc/nios2-elf/4.1.2/../../../../nios2-elf/lib/libc.a(lib_a-printf.o)
                0x0080a658                printf
                0x0080a69c                _printf_r
 .text          0x0080a6d0       0x24 /OPT/altera/12.1/nios2eds/bin/gnu/H-i686-pc-linux-gnu/bin/../lib/gcc/nios2-elf/4.1.2/../../../../nios2-elf/lib/libc.a(lib_a-putchar.o)
                0x0080a6d0                putchar
                0x0080a6ec                _putchar_r
 .text          0x0080a6f4       0xb4 /OPT/altera/12.1/nios2eds/bin/gnu/H-i686-pc-linux-gnu/bin/../lib/gcc/nios2-elf/4.1.2/../../../../nios2-elf/lib/libc.a(lib_a-puts.o)
                0x0080a6f4                _puts_r
                0x0080a794                puts
 .text          0x0080a7a8       0x70 /OPT/altera/12.1/nios2eds/bin/gnu/H-i686-pc-linux-gnu/bin/../lib/gcc/nios2-elf/4.1.2/../../../../nios2-elf/lib/libc.a(lib_a-sbrkr.o)
                0x0080a7a8                _sbrk_r
 .text          0x0080a818      0x674 /OPT/altera/12.1/nios2eds/bin/gnu/H-i686-pc-linux-gnu/bin/../lib/gcc/nios2-elf/4.1.2/../../../../nios2-elf/lib/libc.a(lib_a-strerror.o)
                0x0080a818                strerror
 .text          0x0080ae8c       0x74 /OPT/altera/12.1/nios2eds/bin/gnu/H-i686-pc-linux-gnu/bin/../lib/gcc/nios2-elf/4.1.2/../../../../nios2-elf/lib/libc.a(lib_a-strlen.o)
                0x0080ae8c                strlen
 .text          0x0080af00        0x8 /OPT/altera/12.1/nios2eds/bin/gnu/H-i686-pc-linux-gnu/bin/../lib/gcc/nios2-elf/4.1.2/../../../../nios2-elf/lib/libc.a(lib_a-u_strerr.o)
                0x0080af00                _user_strerror
 .text          0x0080af08     0x1f28 /OPT/altera/12.1/nios2eds/bin/gnu/H-i686-pc-linux-gnu/bin/../lib/gcc/nios2-elf/4.1.2/../../../../nios2-elf/lib/libc.a(lib_a-vfprintf.o)
                0x0080af60                ___vfprintf_internal_r
                0x0080ce0c                __vfprintf_internal
 .text          0x0080ce30      0x13c /OPT/altera/12.1/nios2eds/bin/gnu/H-i686-pc-linux-gnu/bin/../lib/gcc/nios2-elf/4.1.2/../../../../nios2-elf/lib/libc.a(lib_a-wsetup.o)
                0x0080ce30                __swsetup_r
 .text          0x0080cf6c     0x17cc /OPT/altera/12.1/nios2eds/bin/gnu/H-i686-pc-linux-gnu/bin/../lib/gcc/nios2-elf/4.1.2/../../../../nios2-elf/lib/libc.a(lib_a-dtoa.o)
                0x0080d184                _dtoa_r
 .text          0x0080e738      0x230 /OPT/altera/12.1/nios2eds/bin/gnu/H-i686-pc-linux-gnu/bin/../lib/gcc/nios2-elf/4.1.2/../../../../nios2-elf/lib/libc.a(lib_a-fflush.o)
                0x0080e738                _fflush_r
                0x0080e934                fflush
 .text          0x0080e968      0x2c0 /OPT/altera/12.1/nios2eds/bin/gnu/H-i686-pc-linux-gnu/bin/../lib/gcc/nios2-elf/4.1.2/../../../../nios2-elf/lib/libc.a(lib_a-findfp.o)
                0x0080e9c0                __sfp_lock_acquire
                0x0080e9c4                __sfp_lock_release
                0x0080e9c8                __sinit_lock_acquire
                0x0080e9cc                __sinit_lock_release
                0x0080e9d0                __sinit
                0x0080ea84                __fp_unlock_all
                0x0080ea9c                __fp_lock_all
                0x0080eab4                _cleanup_r
                0x0080eac0                _cleanup
                0x0080ead0                __sfmoreglue
                0x0080eb38                __sfp
 .text          0x0080ec28       0xbc /OPT/altera/12.1/nios2eds/bin/gnu/H-i686-pc-linux-gnu/bin/../lib/gcc/nios2-elf/4.1.2/../../../../nios2-elf/lib/libc.a(lib_a-fputc.o)
                0x0080ec28                fputc
                0x0080ec8c                _fputc_r
 .text          0x0080ece4       0x90 /OPT/altera/12.1/nios2eds/bin/gnu/H-i686-pc-linux-gnu/bin/../lib/gcc/nios2-elf/4.1.2/../../../../nios2-elf/lib/libc.a(lib_a-fputs.o)
                0x0080ece4                _fputs_r
                0x0080ed58                fputs
 .text          0x0080ed74      0x440 /OPT/altera/12.1/nios2eds/bin/gnu/H-i686-pc-linux-gnu/bin/../lib/gcc/nios2-elf/4.1.2/../../../../nios2-elf/lib/libc.a(lib_a-freer.o)
                0x0080ed74                _malloc_trim_r
                0x0080eea0                _free_r
 .text          0x0080f1b4      0x49c /OPT/altera/12.1/nios2eds/bin/gnu/H-i686-pc-linux-gnu/bin/../lib/gcc/nios2-elf/4.1.2/../../../../nios2-elf/lib/libc.a(lib_a-fvwrite.o)
                0x0080f1b4                __sfvwrite_r
 .text          0x0080f650      0x180 /OPT/altera/12.1/nios2eds/bin/gnu/H-i686-pc-linux-gnu/bin/../lib/gcc/nios2-elf/4.1.2/../../../../nios2-elf/lib/libc.a(lib_a-fwalk.o)
                0x0080f650                _fwalk_reent
                0x0080f718                _fwalk
 .text          0x0080f7d0        0x0 /OPT/altera/12.1/nios2eds/bin/gnu/H-i686-pc-linux-gnu/bin/../lib/gcc/nios2-elf/4.1.2/../../../../nios2-elf/lib/libc.a(lib_a-impure.o)
 .text          0x0080f7d0        0x0 /OPT/altera/12.1/nios2eds/bin/gnu/H-i686-pc-linux-gnu/bin/../lib/gcc/nios2-elf/4.1.2/../../../../nios2-elf/lib/libc.a(lib_a-int_errno.o)
 .text          0x0080f7d0       0xc4 /OPT/altera/12.1/nios2eds/bin/gnu/H-i686-pc-linux-gnu/bin/../lib/gcc/nios2-elf/4.1.2/../../../../nios2-elf/lib/libc.a(lib_a-locale.o)
                0x0080f7d0                __locale_charset
                0x0080f7d8                _localeconv_r
                0x0080f7e4                localeconv
                0x0080f7f4                _setlocale_r
                0x0080f878                setlocale
 .text          0x0080f894      0x194 /OPT/altera/12.1/nios2eds/bin/gnu/H-i686-pc-linux-gnu/bin/../lib/gcc/nios2-elf/4.1.2/../../../../nios2-elf/lib/libc.a(lib_a-makebuf.o)
                0x0080f894                __smakebuf_r
 .text          0x0080fa28       0xe4 /OPT/altera/12.1/nios2eds/bin/gnu/H-i686-pc-linux-gnu/bin/../lib/gcc/nios2-elf/4.1.2/../../../../nios2-elf/lib/libc.a(lib_a-memchr.o)
                0x0080fa28                memchr
 .text          0x0080fb0c       0xe0 /OPT/altera/12.1/nios2eds/bin/gnu/H-i686-pc-linux-gnu/bin/../lib/gcc/nios2-elf/4.1.2/../../../../nios2-elf/lib/libc.a(lib_a-memmove.o)
                0x0080fb0c                memmove
 .text          0x0080fbec       0x98 /OPT/altera/12.1/nios2eds/bin/gnu/H-i686-pc-linux-gnu/bin/../lib/gcc/nios2-elf/4.1.2/../../../../nios2-elf/lib/libc.a(lib_a-memset.o)
                0x0080fbec                memset
 .text          0x0080fc84      0xff4 /OPT/altera/12.1/nios2eds/bin/gnu/H-i686-pc-linux-gnu/bin/../lib/gcc/nios2-elf/4.1.2/../../../../nios2-elf/lib/libc.a(lib_a-mprec.o)
                0x0080fc84                _Bfree
                0x0080fcac                __hi0bits
                0x0080fd1c                __lo0bits
                0x0080fde0                __mcmp
                0x0080fe40                __ulp
                0x0080fec0                __b2d
                0x0080ffe0                __ratio
                0x00810090                _mprec_log10
                0x00810124                __copybits
                0x0081017c                __any_on
                0x00810204                _Balloc
                0x008102c0                __d2b
                0x0081043c                __mdiff
                0x008105c8                __lshift
                0x00810714                __multiply
                0x008108fc                __i2b
                0x00810938                __multadd
                0x00810a38                __pow5mult
                0x00810b58                __s2b
 .text          0x00810c78      0x1ec /OPT/altera/12.1/nios2eds/bin/gnu/H-i686-pc-linux-gnu/bin/../lib/gcc/nios2-elf/4.1.2/../../../../nios2-elf/lib/libc.a(lib_a-putc.o)
                0x00810c78                putc
                0x00810d7c                _putc_r
 .text          0x00810e64      0x5f4 /OPT/altera/12.1/nios2eds/bin/gnu/H-i686-pc-linux-gnu/bin/../lib/gcc/nios2-elf/4.1.2/../../../../nios2-elf/lib/libc.a(lib_a-reallocr.o)
                0x00810e64                _realloc_r
 .text          0x00811458       0x40 /OPT/altera/12.1/nios2eds/bin/gnu/H-i686-pc-linux-gnu/bin/../lib/gcc/nios2-elf/4.1.2/../../../../nios2-elf/lib/libc.a(lib_a-s_isinfd.o)
                0x00811458                __isinfd
 .text          0x00811498       0x30 /OPT/altera/12.1/nios2eds/bin/gnu/H-i686-pc-linux-gnu/bin/../lib/gcc/nios2-elf/4.1.2/../../../../nios2-elf/lib/libc.a(lib_a-s_isnand.o)
                0x00811498                __isnand
 .text          0x008114c8      0x14c /OPT/altera/12.1/nios2eds/bin/gnu/H-i686-pc-linux-gnu/bin/../lib/gcc/nios2-elf/4.1.2/../../../../nios2-elf/lib/libc.a(lib_a-stdio.o)
                0x008114c8                __sclose
                0x008114d0                __sseek
                0x00811538                __swrite
                0x008115b4                __sread
 .text          0x00811614       0xbc /OPT/altera/12.1/nios2eds/bin/gnu/H-i686-pc-linux-gnu/bin/../lib/gcc/nios2-elf/4.1.2/../../../../nios2-elf/lib/libc.a(lib_a-strcmp.o)
                0x00811614                strcmp
 .text          0x008116d0      0x14c /OPT/altera/12.1/nios2eds/bin/gnu/H-i686-pc-linux-gnu/bin/../lib/gcc/nios2-elf/4.1.2/../../../../nios2-elf/lib/libc.a(lib_a-wbuf.o)
                0x008116d0                __swbuf_r
                0x00811800                __swbuf
 .text          0x0081181c       0x78 /OPT/altera/12.1/nios2eds/bin/gnu/H-i686-pc-linux-gnu/bin/../lib/gcc/nios2-elf/4.1.2/../../../../nios2-elf/lib/libc.a(lib_a-writer.o)
                0x0081181c                _write_r
 .text          0x00811894       0xb4 /OPT/altera/12.1/nios2eds/bin/gnu/H-i686-pc-linux-gnu/bin/../lib/gcc/nios2-elf/4.1.2/../../../../nios2-elf/lib/libc.a(lib_a-callocr.o)
                0x00811894                _calloc_r
 .text          0x00811948       0x70 /OPT/altera/12.1/nios2eds/bin/gnu/H-i686-pc-linux-gnu/bin/../lib/gcc/nios2-elf/4.1.2/../../../../nios2-elf/lib/libc.a(lib_a-closer.o)
                0x00811948                _close_r
 .text          0x008119b8      0x124 /OPT/altera/12.1/nios2eds/bin/gnu/H-i686-pc-linux-gnu/bin/../lib/gcc/nios2-elf/4.1.2/../../../../nios2-elf/lib/libc.a(lib_a-fclose.o)
                0x008119b8                _fclose_r
                0x00811ac8                fclose
 .text          0x00811adc       0x74 /OPT/altera/12.1/nios2eds/bin/gnu/H-i686-pc-linux-gnu/bin/../lib/gcc/nios2-elf/4.1.2/../../../../nios2-elf/lib/libc.a(lib_a-fstatr.o)
                0x00811adc                _fstat_r
 .text          0x00811b50       0x70 /OPT/altera/12.1/nios2eds/bin/gnu/H-i686-pc-linux-gnu/bin/../lib/gcc/nios2-elf/4.1.2/../../../../nios2-elf/lib/libc.a(lib_a-isattyr.o)
                0x00811b50                _isatty_r
 .text          0x00811bc0       0x78 /OPT/altera/12.1/nios2eds/bin/gnu/H-i686-pc-linux-gnu/bin/../lib/gcc/nios2-elf/4.1.2/../../../../nios2-elf/lib/libc.a(lib_a-lseekr.o)
                0x00811bc0                _lseek_r
 .text          0x00811c38       0x78 /OPT/altera/12.1/nios2eds/bin/gnu/H-i686-pc-linux-gnu/bin/../lib/gcc/nios2-elf/4.1.2/../../../../nios2-elf/lib/libc.a(lib_a-readr.o)
                0x00811c38                _read_r
 .text          0x00811cb0      0x5dc /OPT/altera/12.1/nios2eds/bin/gnu/H-i686-pc-linux-gnu/bin/../lib/gcc/nios2-elf/4.1.2/libgcc.a(_udivdi3.o)
                0x00811cb0                __udivdi3
 .text          0x0081228c      0x5b0 /OPT/altera/12.1/nios2eds/bin/gnu/H-i686-pc-linux-gnu/bin/../lib/gcc/nios2-elf/4.1.2/libgcc.a(_umoddi3.o)
                0x0081228c                __umoddi3
 .text          0x0081283c      0x504 /OPT/altera/12.1/nios2eds/bin/gnu/H-i686-pc-linux-gnu/bin/../lib/gcc/nios2-elf/4.1.2/libgcc.a(_addsub_df.o)
                0x00812c4c                __subdf3
                0x00812ccc                __adddf3
 .text          0x00812d40      0x3c4 /OPT/altera/12.1/nios2eds/bin/gnu/H-i686-pc-linux-gnu/bin/../lib/gcc/nios2-elf/4.1.2/libgcc.a(_mul_df.o)
                0x00812d40                __muldf3
 .text          0x00813104      0x258 /OPT/altera/12.1/nios2eds/bin/gnu/H-i686-pc-linux-gnu/bin/../lib/gcc/nios2-elf/4.1.2/libgcc.a(_div_df.o)
                0x00813104                __divdf3
 .text          0x0081335c       0x88 /OPT/altera/12.1/nios2eds/bin/gnu/H-i686-pc-linux-gnu/bin/../lib/gcc/nios2-elf/4.1.2/libgcc.a(_eq_df.o)
                0x0081335c                __eqdf2
 .text          0x008133e4       0x88 /OPT/altera/12.1/nios2eds/bin/gnu/H-i686-pc-linux-gnu/bin/../lib/gcc/nios2-elf/4.1.2/libgcc.a(_ne_df.o)
                0x008133e4                __nedf2
 .text          0x0081346c       0x88 /OPT/altera/12.1/nios2eds/bin/gnu/H-i686-pc-linux-gnu/bin/../lib/gcc/nios2-elf/4.1.2/libgcc.a(_gt_df.o)
                0x0081346c                __gtdf2
 .text          0x008134f4       0x88 /OPT/altera/12.1/nios2eds/bin/gnu/H-i686-pc-linux-gnu/bin/../lib/gcc/nios2-elf/4.1.2/libgcc.a(_ge_df.o)
                0x008134f4                __gedf2
 .text          0x0081357c       0x88 /OPT/altera/12.1/nios2eds/bin/gnu/H-i686-pc-linux-gnu/bin/../lib/gcc/nios2-elf/4.1.2/libgcc.a(_lt_df.o)
                0x0081357c                __ltdf2
 .text          0x00813604       0xf8 /OPT/altera/12.1/nios2eds/bin/gnu/H-i686-pc-linux-gnu/bin/../lib/gcc/nios2-elf/4.1.2/libgcc.a(_si_to_df.o)
                0x00813604                __floatsidf
 .text          0x008136fc       0xd8 /OPT/altera/12.1/nios2eds/bin/gnu/H-i686-pc-linux-gnu/bin/../lib/gcc/nios2-elf/4.1.2/libgcc.a(_df_to_si.o)
                0x008136fc                __fixdfsi
 .text          0x008137d4        0x0 /OPT/altera/12.1/nios2eds/bin/gnu/H-i686-pc-linux-gnu/bin/../lib/gcc/nios2-elf/4.1.2/libgcc.a(_thenan_df.o)
 .text          0x008137d4      0x194 /OPT/altera/12.1/nios2eds/bin/gnu/H-i686-pc-linux-gnu/bin/../lib/gcc/nios2-elf/4.1.2/libgcc.a(_usi_to_df.o)
                0x008137d4                __floatunsidf
 .text          0x00813968       0x98 /OPT/altera/12.1/nios2eds/bin/gnu/H-i686-pc-linux-gnu/bin/../lib/gcc/nios2-elf/4.1.2/libgcc.a(_muldi3.o)
                0x00813968                __muldi3
 .text          0x00813a00        0x0 /OPT/altera/12.1/nios2eds/bin/gnu/H-i686-pc-linux-gnu/bin/../lib/gcc/nios2-elf/4.1.2/libgcc.a(_clz.o)
 .text          0x00813a00       0x80 /OPT/altera/12.1/nios2eds/bin/gnu/H-i686-pc-linux-gnu/bin/../lib/gcc/nios2-elf/4.1.2/libgcc.a(_clzsi2.o)
                0x00813a00                __clzsi2
 .text          0x00813a80      0x314 /OPT/altera/12.1/nios2eds/bin/gnu/H-i686-pc-linux-gnu/bin/../lib/gcc/nios2-elf/4.1.2/libgcc.a(_pack_df.o)
                0x00813a80                __pack_d
 .text          0x00813d94      0x138 /OPT/altera/12.1/nios2eds/bin/gnu/H-i686-pc-linux-gnu/bin/../lib/gcc/nios2-elf/4.1.2/libgcc.a(_unpack_df.o)
                0x00813d94                __unpack_d
 .text          0x00813ecc       0xc8 /OPT/altera/12.1/nios2eds/bin/gnu/H-i686-pc-linux-gnu/bin/../lib/gcc/nios2-elf/4.1.2/libgcc.a(_fpcmp_parts_df.o)
                0x00813ecc                __fpcmp_parts_d
 .text          0x00813f94      0x15c ../capstone_Volatile_bsp//libucosii_bsp.a(alt_close.o)
                0x00813f94                close
 .text          0x008140f0       0x2c ../capstone_Volatile_bsp//libucosii_bsp.a(alt_dev.o)
 .text          0x0081411c        0x0 ../capstone_Volatile_bsp//libucosii_bsp.a(alt_errno.o)
 .text          0x0081411c      0x134 ../capstone_Volatile_bsp//libucosii_bsp.a(alt_fstat.o)
                0x0081411c                fstat
 .text          0x00814250      0x120 ../capstone_Volatile_bsp//libucosii_bsp.a(alt_isatty.o)
                0x00814250                isatty
 .text          0x00814370      0x150 ../capstone_Volatile_bsp//libucosii_bsp.a(alt_lseek.o)
                0x00814370                lseek
 .text          0x008144c0       0xc8 ../capstone_Volatile_bsp//libucosii_bsp.a(alt_main.o)
                0x008144c0                alt_main
 .text          0x00814588      0x180 ../capstone_Volatile_bsp//libucosii_bsp.a(alt_read.o)
                0x00814588                read
 .text          0x00814708       0x60 ../capstone_Volatile_bsp//libucosii_bsp.a(alt_release_fd.o)
                0x00814708                alt_release_fd
 .text          0x00814768       0xbc ../capstone_Volatile_bsp//libucosii_bsp.a(alt_sbrk.o)
                0x00814768                sbrk
 .text          0x00814824      0x180 ../capstone_Volatile_bsp//libucosii_bsp.a(alt_write.o)
                0x00814824                write
 .text          0x008149a4      0x108 ../capstone_Volatile_bsp//libucosii_bsp.a(alt_env_lock.o)
                0x008149a4                __env_lock
                0x00814a50                __env_unlock
 .text          0x00814aac      0x1d8 ../capstone_Volatile_bsp//libucosii_bsp.a(alt_malloc_lock.o)
                0x00814aac                __malloc_lock
                0x00814bb4                __malloc_unlock
 .text          0x00814c84     0x2128 ../capstone_Volatile_bsp//libucosii_bsp.a(os_core.o)
                0x00814c84                OSEventNameGet
                0x00814db4                OSEventNameSet
                0x00814ef8                OSEventPendMulti
                0x008155ac                OSInit
                0x00815600                OSIntEnter
                0x0081567c                OSIntExit
                0x0081577c                OSSchedLock
                0x00815808                OSSchedUnlock
                0x008158ec                OSStart
                0x0081595c                OSStatInit
                0x00815a08                OSTimeTick
                0x00815c48                OSVersion
                0x00815c68                OS_Dummy
                0x00815c84                OS_EventTaskRdy
                0x00815e18                OS_EventTaskWait
                0x00815f28                OS_EventTaskWaitMulti
                0x0081607c                OS_EventTaskRemove
                0x00816134                OS_EventTaskRemoveMulti
                0x00816238                OS_EventWaitListInit
                0x00816604                OS_MemClr
                0x00816658                OS_MemCopy
                0x008166c4                OS_Sched
                0x00816808                OS_StrCopy
                0x00816888                OS_StrLen
                0x008168e0                OS_TaskIdle
                0x0081693c                OS_TaskStat
                0x00816a04                OS_TaskStatStkChk
                0x00816acc                OS_TCBInit
 .text          0x00816dac      0x18c ../capstone_Volatile_bsp//libucosii_bsp.a(os_dbg.o)
                0x00816dac                OSDebugInit
 .text          0x00816f38     0x193c ../capstone_Volatile_bsp//libucosii_bsp.a(os_flag.o)
                0x00816f38                OSFlagAccept
                0x0081726c                OSFlagCreate
                0x008173a8                OSFlagDel
                0x00817650                OSFlagNameGet
                0x00817794                OSFlagNameSet
                0x008178e8                OSFlagPend
                0x00817f2c                OSFlagPendGetFlagsRdy
                0x00817f94                OSFlagPost
                0x0081833c                OSFlagQuery
                0x008185d4                OS_FlagInit
                0x008187c8                OS_FlagUnlink
 .text          0x00818874      0x808 ../capstone_Volatile_bsp//libucosii_bsp.a(os_mem.o)
                0x00818874                OSMemCreate
                0x00818a90                OSMemGet
                0x00818b94                OSMemNameGet
                0x00818ca0                OSMemNameSet
                0x00818dc0                OSMemPut
                0x00818eb0                OSMemQuery
                0x00818fac                OS_MemInit
 .text          0x0081907c     0x1334 ../capstone_Volatile_bsp//libucosii_bsp.a(os_q.o)
                0x0081907c                OSQAccept
                0x008191d0                OSQCreate
                0x008193e4                OSQDel
                0x008196e4                OSQFlush
                0x008197ac                OSQPend
                0x00819acc                OSQPendAbort
                0x00819c48                OSQPost
                0x00819dc8                OSQPostFront
                0x00819f50                OSQPostOpt
                0x0081a184                OSQQuery
                0x0081a304                OS_QInit
 .text          0x0081a3b0      0xbc8 ../capstone_Volatile_bsp//libucosii_bsp.a(os_sem.o)
                0x0081a3b0                OSSemAccept
                0x0081a470                OSSemCreate
                0x0081a584                OSSemDel
                0x0081a824                OSSemPend
                0x0081aaa0                OSSemPendAbort
                0x0081ac1c                OSSemPost
                0x0081ad44                OSSemQuery
                0x0081ae74                OSSemSet
 .text          0x0081af78     0x1a40 ../capstone_Volatile_bsp//libucosii_bsp.a(os_task.o)
                0x0081af78                OSTaskChangePrio
                0x0081b4ec                OSTaskCreate
                0x0081b6c0                OSTaskCreateExt
                0x0081b8c0                OSTaskDel
                0x0081bccc                OSTaskDelReq
                0x0081be3c                OSTaskNameGet
                0x0081bff4                OSTaskNameSet
                0x0081c1b8                OSTaskResume
                0x0081c3d0                OSTaskStkChk
                0x0081c5cc                OSTaskSuspend
                0x0081c7f8                OSTaskQuery
                0x0081c93c                OS_TaskStkClr
 .text          0x0081c9b8      0x598 ../capstone_Volatile_bsp//libucosii_bsp.a(os_time.o)
                0x0081c9b8                OSTimeDly
                0x0081cb04                OSTimeDlyHMSM
                0x0081cc78                OSTimeDlyResume
                0x0081ce88                OSTimeGet
                0x0081ceec                OSTimeSet
 .text          0x0081cf50       0xf8 ../capstone_Volatile_bsp//libucosii_bsp.a(alt_sys_init.o)
                0x0081cf50                alt_irq_init
                0x0081cf84                alt_sys_init
 .text          0x0081d048      0x148 ../capstone_Volatile_bsp//libucosii_bsp.a(altera_avalon_jtag_uart_fd.o)
                0x0081d048                altera_avalon_jtag_uart_read_fd
                0x0081d0a0                altera_avalon_jtag_uart_write_fd
                0x0081d0f8                altera_avalon_jtag_uart_close_fd
                0x0081d140                altera_avalon_jtag_uart_ioctl_fd
 .text          0x0081d190      0x580 ../capstone_Volatile_bsp//libucosii_bsp.a(altera_avalon_jtag_uart_init.o)
                0x0081d190                altera_avalon_jtag_uart_init
                0x0081d69c                altera_avalon_jtag_uart_close
 .text          0x0081d710       0xf4 ../capstone_Volatile_bsp//libucosii_bsp.a(altera_avalon_jtag_uart_ioctl.o)
                0x0081d710                altera_avalon_jtag_uart_ioctl
 .text          0x0081d804      0x2c0 ../capstone_Volatile_bsp//libucosii_bsp.a(altera_avalon_jtag_uart_read.o)
                0x0081d804                altera_avalon_jtag_uart_read
 .text          0x0081dac4      0x2dc ../capstone_Volatile_bsp//libucosii_bsp.a(altera_avalon_jtag_uart_write.o)
                0x0081dac4                altera_avalon_jtag_uart_write
 .text          0x0081dda0       0xfc ../capstone_Volatile_bsp//libucosii_bsp.a(altera_avalon_timer_sc.o)
                0x0081de14                alt_avalon_timer_sc_init
 .text          0x0081de9c      0x80c ../capstone_Volatile_bsp//libucosii_bsp.a(altera_up_avalon_audio.o)
                0x0081de9c                alt_up_audio_open_dev
                0x0081dedc                alt_up_audio_enable_read_interrupt
                0x0081df28                alt_up_audio_disable_read_interrupt
                0x0081df78                alt_up_audio_enable_write_interrupt
                0x0081dfc4                alt_up_audio_disable_write_interrupt
                0x0081e014                alt_up_audio_read_interrupt_pending
                0x0081e050                alt_up_audio_write_interrupt_pending
                0x0081e08c                alt_up_audio_reset_audio_core
                0x0081e114                alt_up_audio_read_fifo_avail
                0x0081e184                alt_up_audio_record_r
                0x0081e1f4                alt_up_audio_record_l
                0x0081e264                alt_up_audio_write_fifo_space
                0x0081e2d8                alt_up_audio_play_r
                0x0081e348                alt_up_audio_play_l
                0x0081e3b8                alt_up_audio_read_fifo
                0x0081e4bc                alt_up_audio_write_fifo
                0x0081e5e8                alt_up_audio_read_fifo_head
                0x0081e648                alt_up_audio_write_fifo_head
 .text          0x0081e6a8      0x788 ../capstone_Volatile_bsp//libucosii_bsp.a(altera_up_avalon_audio_and_video_config.o)
                0x0081e6a8                alt_up_av_config_open_dev
                0x0081e70c                alt_up_av_config_write_data
                0x0081e770                alt_up_av_config_read_data
                0x0081e7fc                alt_up_av_config_reset
                0x0081e834                alt_up_av_config_enable_interrupt
                0x0081e86c                alt_up_av_config_disable_interrupt
                0x0081e89c                alt_up_av_config_read_acknowledge
                0x0081e904                alt_up_av_config_read_ready
                0x0081e93c                alt_up_av_config_write_audio_cfg_register
                0x0081e9e8                alt_up_av_config_read_video_cfg_register
                0x0081eae0                alt_up_av_config_write_video_cfg_register
                0x0081ebd8                alt_up_av_config_read_DC2_cfg_register
                0x0081ec3c                alt_up_av_config_write_DC2_cfg_register
                0x0081eca0                alt_up_av_config_read_D5M_cfg_register
                0x0081ed04                alt_up_av_config_write_D5M_cfg_register
                0x0081ed68                alt_up_av_config_read_LTM_cfg_register
                0x0081edcc                alt_up_av_config_write_LTM_cfg_register
 .text          0x0081ee30      0x530 ../capstone_Volatile_bsp//libucosii_bsp.a(altera_up_avalon_character_lcd.o)
                0x0081ee30                get_DDRAM_addr
                0x0081eeac                alt_up_character_lcd_send_cmd
                0x0081eee0                alt_up_character_lcd_init
                0x0081ef14                alt_up_character_lcd_open_dev
                0x0081ef54                alt_up_character_lcd_write
                0x0081efcc                alt_up_character_lcd_string
                0x0081f044                alt_up_character_lcd_write_fd
                0x0081f090                alt_up_character_lcd_set_cursor_pos
                0x0081f108                alt_up_character_lcd_shift_cursor
                0x0081f1b8                alt_up_character_lcd_shift_display
                0x0081f268                alt_up_character_lcd_erase_pos
                0x0081f2f8                alt_up_character_lcd_cursor_off
                0x0081f32c                alt_up_character_lcd_cursor_blink_on
 .text          0x0081f360      0x154 ../capstone_Volatile_bsp//libucosii_bsp.a(alt_alarm_start.o)
                0x0081f360                alt_alarm_start
 .text          0x0081f4b4      0x114 ../capstone_Volatile_bsp//libucosii_bsp.a(alt_dev_llist_insert.o)
                0x0081f4b4                alt_dev_llist_insert
 .text          0x0081f5c8       0x64 ../capstone_Volatile_bsp//libucosii_bsp.a(alt_do_ctors.o)
                0x0081f5c8                _do_ctors
 .text          0x0081f62c       0x64 ../capstone_Volatile_bsp//libucosii_bsp.a(alt_do_dtors.o)
                0x0081f62c                _do_dtors
 .text          0x0081f690       0x94 ../capstone_Volatile_bsp//libucosii_bsp.a(alt_find_dev.o)
                0x0081f690                alt_find_dev
 .text          0x0081f724      0x13c ../capstone_Volatile_bsp//libucosii_bsp.a(alt_io_redirect.o)
                0x0081f7e8                alt_io_redirect
 .text          0x0081f860      0x1c0 ../capstone_Volatile_bsp//libucosii_bsp.a(alt_irq_register.o)
                0x0081f860                alt_irq_register
 .text          0x0081fa20        0x0 ../capstone_Volatile_bsp//libucosii_bsp.a(alt_irq_vars.o)
 .text          0x0081fa20      0x2c4 ../capstone_Volatile_bsp//libucosii_bsp.a(alt_open.o)
                0x0081fafc                open
 .text          0x0081fce4      0x1a8 ../capstone_Volatile_bsp//libucosii_bsp.a(alt_tick.o)
                0x0081fce4                alt_alarm_stop
                0x0081fd7c                alt_tick
 .text          0x0081fe8c       0x20 ../capstone_Volatile_bsp//libucosii_bsp.a(altera_nios2_qsys_irq.o)
                0x0081fe8c                altera_nios2_qsys_irq_init
 .text          0x0081feac       0xd0 ../capstone_Volatile_bsp//libucosii_bsp.a(os_cpu_a.o)
                0x0081feac                OSCtxSw
                0x0081feac                OSIntCtxSw
                0x0081ff38                OSStartHighRdy
                0x0081ff58                OSStartTsk
 .text          0x0081ff7c      0x418 ../capstone_Volatile_bsp//libucosii_bsp.a(os_cpu_c.o)
                0x0081ff7c                OSTaskStkInit
                0x0082028c                OSTaskCreateHook
                0x008202ac                OSTaskDelHook
                0x008202cc                OSTaskSwHook
                0x008202e8                OSTaskStatHook
                0x00820304                OSTimeTickHook
                0x00820320                OSInitHookBegin
                0x0082033c                OSInitHookEnd
                0x00820358                OSTaskIdleHook
                0x00820374                OSTCBInitHook
 .text          0x00820394      0x120 ../capstone_Volatile_bsp//libucosii_bsp.a(alt_find_file.o)
                0x00820394                alt_find_file
 .text          0x008204b4       0xf4 ../capstone_Volatile_bsp//libucosii_bsp.a(alt_get_fd.o)
                0x008204b4                alt_get_fd
 .text          0x008205a8        0x0 ../capstone_Volatile_bsp//libucosii_bsp.a(alt_irq_entry.o)
 .text          0x008205a8        0x0 ../capstone_Volatile_bsp//libucosii_bsp.a(alt_irq_handler.o)
 .text          0x008205a8        0x0 ../capstone_Volatile_bsp//libucosii_bsp.a(alt_exception_entry.o)
 .text          0x008205a8       0x14 /OPT/altera/12.1/nios2eds/bin/gnu/H-i686-pc-linux-gnu/bin/../lib/gcc/nios2-elf/4.1.2/../../../../nios2-elf/lib/libc.a(lib_a-atexit.o)
                0x008205a8                atexit
 .text          0x008205bc       0x38 /OPT/altera/12.1/nios2eds/bin/gnu/H-i686-pc-linux-gnu/bin/../lib/gcc/nios2-elf/4.1.2/../../../../nios2-elf/lib/libc.a(lib_a-exit.o)
                0x008205bc                exit
 .text          0x008205f4       0x74 /OPT/altera/12.1/nios2eds/bin/gnu/H-i686-pc-linux-gnu/bin/../lib/gcc/nios2-elf/4.1.2/../../../../nios2-elf/lib/libc.a(lib_a-memcmp.o)
                0x008205f4                memcmp
 .text          0x00820668      0x134 /OPT/altera/12.1/nios2eds/bin/gnu/H-i686-pc-linux-gnu/bin/../lib/gcc/nios2-elf/4.1.2/../../../../nios2-elf/lib/libc.a(lib_a-__atexit.o)
                0x00820668                __register_exitproc
 .text          0x0082079c      0x1b4 /OPT/altera/12.1/nios2eds/bin/gnu/H-i686-pc-linux-gnu/bin/../lib/gcc/nios2-elf/4.1.2/../../../../nios2-elf/lib/libc.a(lib_a-__call_atexit.o)
                0x008207a0                __call_exitprocs
 .text          0x00820950       0x6c ../capstone_Volatile_bsp//libucosii_bsp.a(alt_exit.o)
                0x00820990                _exit
 *(.gnu.warning.*)
 *(.fini)
                0x008209bc                PROVIDE (__etext, ABSOLUTE (.))
                0x008209bc                PROVIDE (_etext, ABSOLUTE (.))
                0x008209bc                PROVIDE (etext, ABSOLUTE (.))
 *(.eh_frame_hdr)
                0x008209bc                . = ALIGN (0x4)
                0x008209bc                PROVIDE (__preinit_array_start, ABSOLUTE (.))
 *(.preinit_array)
                0x008209bc                PROVIDE (__preinit_array_end, ABSOLUTE (.))
                0x008209bc                PROVIDE (__init_array_start, ABSOLUTE (.))
 *(.init_array)
                0x008209bc                PROVIDE (__init_array_end, ABSOLUTE (.))
                0x008209bc                PROVIDE (__fini_array_start, ABSOLUTE (.))
 *(.fini_array)
                0x008209bc                PROVIDE (__fini_array_end, ABSOLUTE (.))
 *(.eh_frame)
 *(.gcc_except_table)
 *(.dynamic)
                0x008209bc                PROVIDE (__CTOR_LIST__, ABSOLUTE (.))
 *(.ctors)
 *(SORT(.ctors.*))
 .ctors.65535   0x008209bc        0x4 /OPT/altera/12.1/nios2eds/bin/gnu/H-i686-pc-linux-gnu/bin/../lib/gcc/nios2-elf/4.1.2/../../../../nios2-elf/lib/libc.a(lib_a-__call_atexit.o)
                0x008209c0                PROVIDE (__CTOR_END__, ABSOLUTE (.))
                0x008209c0                PROVIDE (__DTOR_LIST__, ABSOLUTE (.))
 *(.dtors)
 *(SORT(.dtors.*))
                0x008209c0                PROVIDE (__DTOR_END__, ABSOLUTE (.))
 *(.jcr)
                0x008209c0                . = ALIGN (0x4)

.rodata         0x008209c0     0x135c
                0x008209c0                PROVIDE (__ram_rodata_start, ABSOLUTE (.))
                0x008209c0                . = ALIGN (0x4)
 *(.rodata .rodata.* .gnu.linkonce.r.*)
 .rodata        0x008209c0      0x280 obj/default/audio.o
 .rodata        0x00820c40       0x40 obj/default/efsl/fat.o
 .rodata        0x00820c80       0xa4 obj/default/efsl/ioman.o
 .rodata        0x00820d24       0x5c obj/default/efsl/mkfs.o
 .rodata        0x00820d80       0xbc obj/default/efsl/nios2.o
 .rodata        0x00820e3c      0x234 obj/default/efsl/sd.o
 .rodata        0x00821070       0x54 obj/default/efsl/ui.o
 .rodata.str1.4
                0x008210c4        0x3 /OPT/altera/12.1/nios2eds/bin/gnu/H-i686-pc-linux-gnu/bin/../lib/gcc/nios2-elf/4.1.2/../../../../nios2-elf/lib/libc.a(lib_a-perror.o)
                                  0x4 (size before relaxing)
 *fill*         0x008210c7        0x1 00
 .rodata.str1.4
                0x008210c8        0x2 /OPT/altera/12.1/nios2eds/bin/gnu/H-i686-pc-linux-gnu/bin/../lib/gcc/nios2-elf/4.1.2/../../../../nios2-elf/lib/libc.a(lib_a-puts.o)
                                  0x4 (size before relaxing)
 *fill*         0x008210ca        0x2 00
 .rodata.str1.4
                0x008210cc      0x7a2 /OPT/altera/12.1/nios2eds/bin/gnu/H-i686-pc-linux-gnu/bin/../lib/gcc/nios2-elf/4.1.2/../../../../nios2-elf/lib/libc.a(lib_a-strerror.o)
                                0x7a8 (size before relaxing)
 *fill*         0x0082186e        0x2 00
 .rodata.str1.4
                0x00821870       0x5e /OPT/altera/12.1/nios2eds/bin/gnu/H-i686-pc-linux-gnu/bin/../lib/gcc/nios2-elf/4.1.2/../../../../nios2-elf/lib/libc.a(lib_a-vfprintf.o)
                                 0x60 (size before relaxing)
 .rodata        0x008218ce       0x20 /OPT/altera/12.1/nios2eds/bin/gnu/H-i686-pc-linux-gnu/bin/../lib/gcc/nios2-elf/4.1.2/../../../../nios2-elf/lib/libc.a(lib_a-vfprintf.o)
 *fill*         0x008218ee        0x2 00
 .rodata.str1.4
                0x008218f0       0x10 /OPT/altera/12.1/nios2eds/bin/gnu/H-i686-pc-linux-gnu/bin/../lib/gcc/nios2-elf/4.1.2/../../../../nios2-elf/lib/libc.a(lib_a-dtoa.o)
                                 0x14 (size before relaxing)
 .rodata.str1.4
                0x00821900        0x2 /OPT/altera/12.1/nios2eds/bin/gnu/H-i686-pc-linux-gnu/bin/../lib/gcc/nios2-elf/4.1.2/../../../../nios2-elf/lib/libc.a(lib_a-impure.o)
                                  0x4 (size before relaxing)
 *fill*         0x00821902        0x2 00
 .rodata.str1.4
                0x00821904       0x10 /OPT/altera/12.1/nios2eds/bin/gnu/H-i686-pc-linux-gnu/bin/../lib/gcc/nios2-elf/4.1.2/../../../../nios2-elf/lib/libc.a(lib_a-locale.o)
                                 0x18 (size before relaxing)
 .rodata        0x00821914       0x30 /OPT/altera/12.1/nios2eds/bin/gnu/H-i686-pc-linux-gnu/bin/../lib/gcc/nios2-elf/4.1.2/../../../../nios2-elf/lib/libc.a(lib_a-locale.o)
 .rodata        0x00821944      0x124 /OPT/altera/12.1/nios2eds/bin/gnu/H-i686-pc-linux-gnu/bin/../lib/gcc/nios2-elf/4.1.2/../../../../nios2-elf/lib/libc.a(lib_a-mprec.o)
                0x00821944                __mprec_tens
                0x00821a0c                __mprec_bigtens
                0x00821a34                __mprec_tinytens
 .rodata        0x00821a68       0x14 /OPT/altera/12.1/nios2eds/bin/gnu/H-i686-pc-linux-gnu/bin/../lib/gcc/nios2-elf/4.1.2/libgcc.a(_thenan_df.o)
                0x00821a68                __thenan_df
 .rodata        0x00821a7c      0x100 /OPT/altera/12.1/nios2eds/bin/gnu/H-i686-pc-linux-gnu/bin/../lib/gcc/nios2-elf/4.1.2/libgcc.a(_clz.o)
                0x00821a7c                __clz_tab
 .rodata        0x00821b7c        0xc ../capstone_Volatile_bsp//libucosii_bsp.a(alt_dev.o)
 .rodata        0x00821b88       0x14 ../capstone_Volatile_bsp//libucosii_bsp.a(alt_main.o)
 .rodata        0x00821b9c      0x120 ../capstone_Volatile_bsp//libucosii_bsp.a(os_core.o)
                0x00821b9c                OSUnMapTbl
 .rodata        0x00821cbc       0x5c ../capstone_Volatile_bsp//libucosii_bsp.a(alt_sys_init.o)
 .rodata        0x00821d18        0x4 ../capstone_Volatile_bsp//libucosii_bsp.a(os_cpu_c.o)
 *(.rodata1)
                0x00821d1c                . = ALIGN (0x4)
                0x00821d1c                PROVIDE (__ram_rodata_end, ABSOLUTE (.))
                0x008209c0                PROVIDE (__flash_rodata_start, LOADADDR (.rodata))

.rwdata         0x00821d1c     0x1b98
                0x00821d1c                PROVIDE (__ram_rwdata_start, ABSOLUTE (.))
                0x00821d1c                . = ALIGN (0x4)
 *(.got.plt)
 *(.got)
 *(.data1)
 *(.data .data.* .gnu.linkonce.d.*)
 .data          0x00821d1c        0x0 ../capstone_Volatile_bsp//obj/HAL/src/crt0.o
 .data          0x00821d1c        0x0 obj/default/audio.o
 .data          0x00821d1c        0x0 obj/default/efsl/debug.o
 .data          0x00821d1c        0x0 obj/default/efsl/dir.o
 .data          0x00821d1c        0x0 obj/default/efsl/disc.o
 .data          0x00821d1c        0x0 obj/default/efsl/efs.o
 .data          0x00821d1c        0x0 obj/default/efsl/extract.o
 .data          0x00821d1c        0x0 obj/default/efsl/fat.o
 .data          0x00821d1c        0x0 obj/default/efsl/file.o
 .data          0x00821d1c        0x0 obj/default/efsl/fs.o
 .data          0x00821d1c        0x0 obj/default/efsl/ioman.o
 .data          0x00821d1c        0x0 obj/default/efsl/ls.o
 .data          0x00821d1c        0x0 obj/default/efsl/mkfs.o
 .data          0x00821d1c        0x0 obj/default/efsl/nios2.o
 .data          0x00821d1c        0xc obj/default/efsl/nios2_ramdisk.o
 .data          0x00821d28        0x0 obj/default/efsl/partition.o
 .data          0x00821d28        0x0 obj/default/efsl/plibc.o
 .data          0x00821d28        0x0 obj/default/efsl/sd.o
 .data          0x00821d28        0x0 obj/default/efsl/time.o
 .data          0x00821d28        0x0 obj/default/efsl/ui.o
 .data          0x00821d28        0x0 /OPT/altera/12.1/nios2eds/bin/gnu/H-i686-pc-linux-gnu/bin/../lib/gcc/nios2-elf/4.1.2/libgcc.a(lib2-divmod.o)
 .data          0x00821d28        0x0 /OPT/altera/12.1/nios2eds/bin/gnu/H-i686-pc-linux-gnu/bin/../lib/gcc/nios2-elf/4.1.2/../../../../nios2-elf/lib/libc.a(lib_a-malloc.o)
 .data          0x00821d28      0x408 /OPT/altera/12.1/nios2eds/bin/gnu/H-i686-pc-linux-gnu/bin/../lib/gcc/nios2-elf/4.1.2/../../../../nios2-elf/lib/libc.a(lib_a-mallocr.o)
                0x00821d28                __malloc_av_
 .data          0x00822130        0x0 /OPT/altera/12.1/nios2eds/bin/gnu/H-i686-pc-linux-gnu/bin/../lib/gcc/nios2-elf/4.1.2/../../../../nios2-elf/lib/libc.a(lib_a-memcpy.o)
 .data          0x00822130        0x0 /OPT/altera/12.1/nios2eds/bin/gnu/H-i686-pc-linux-gnu/bin/../lib/gcc/nios2-elf/4.1.2/../../../../nios2-elf/lib/libc.a(lib_a-perror.o)
 .data          0x00822130        0x0 /OPT/altera/12.1/nios2eds/bin/gnu/H-i686-pc-linux-gnu/bin/../lib/gcc/nios2-elf/4.1.2/../../../../nios2-elf/lib/libc.a(lib_a-printf.o)
 .data          0x00822130        0x0 /OPT/altera/12.1/nios2eds/bin/gnu/H-i686-pc-linux-gnu/bin/../lib/gcc/nios2-elf/4.1.2/../../../../nios2-elf/lib/libc.a(lib_a-putchar.o)
 .data          0x00822130        0x0 /OPT/altera/12.1/nios2eds/bin/gnu/H-i686-pc-linux-gnu/bin/../lib/gcc/nios2-elf/4.1.2/../../../../nios2-elf/lib/libc.a(lib_a-puts.o)
 .data          0x00822130        0x0 /OPT/altera/12.1/nios2eds/bin/gnu/H-i686-pc-linux-gnu/bin/../lib/gcc/nios2-elf/4.1.2/../../../../nios2-elf/lib/libc.a(lib_a-sbrkr.o)
 .data          0x00822130        0x0 /OPT/altera/12.1/nios2eds/bin/gnu/H-i686-pc-linux-gnu/bin/../lib/gcc/nios2-elf/4.1.2/../../../../nios2-elf/lib/libc.a(lib_a-strerror.o)
 .data          0x00822130        0x0 /OPT/altera/12.1/nios2eds/bin/gnu/H-i686-pc-linux-gnu/bin/../lib/gcc/nios2-elf/4.1.2/../../../../nios2-elf/lib/libc.a(lib_a-strlen.o)
 .data          0x00822130        0x0 /OPT/altera/12.1/nios2eds/bin/gnu/H-i686-pc-linux-gnu/bin/../lib/gcc/nios2-elf/4.1.2/../../../../nios2-elf/lib/libc.a(lib_a-u_strerr.o)
 .data          0x00822130        0x0 /OPT/altera/12.1/nios2eds/bin/gnu/H-i686-pc-linux-gnu/bin/../lib/gcc/nios2-elf/4.1.2/../../../../nios2-elf/lib/libc.a(lib_a-vfprintf.o)
 .data          0x00822130        0x0 /OPT/altera/12.1/nios2eds/bin/gnu/H-i686-pc-linux-gnu/bin/../lib/gcc/nios2-elf/4.1.2/../../../../nios2-elf/lib/libc.a(lib_a-wsetup.o)
 .data          0x00822130        0x0 /OPT/altera/12.1/nios2eds/bin/gnu/H-i686-pc-linux-gnu/bin/../lib/gcc/nios2-elf/4.1.2/../../../../nios2-elf/lib/libc.a(lib_a-dtoa.o)
 .data          0x00822130        0x0 /OPT/altera/12.1/nios2eds/bin/gnu/H-i686-pc-linux-gnu/bin/../lib/gcc/nios2-elf/4.1.2/../../../../nios2-elf/lib/libc.a(lib_a-fflush.o)
 .data          0x00822130        0x0 /OPT/altera/12.1/nios2eds/bin/gnu/H-i686-pc-linux-gnu/bin/../lib/gcc/nios2-elf/4.1.2/../../../../nios2-elf/lib/libc.a(lib_a-findfp.o)
 .data          0x00822130        0x0 /OPT/altera/12.1/nios2eds/bin/gnu/H-i686-pc-linux-gnu/bin/../lib/gcc/nios2-elf/4.1.2/../../../../nios2-elf/lib/libc.a(lib_a-fputc.o)
 .data          0x00822130        0x0 /OPT/altera/12.1/nios2eds/bin/gnu/H-i686-pc-linux-gnu/bin/../lib/gcc/nios2-elf/4.1.2/../../../../nios2-elf/lib/libc.a(lib_a-fputs.o)
 .data          0x00822130        0x0 /OPT/altera/12.1/nios2eds/bin/gnu/H-i686-pc-linux-gnu/bin/../lib/gcc/nios2-elf/4.1.2/../../../../nios2-elf/lib/libc.a(lib_a-freer.o)
 .data          0x00822130        0x0 /OPT/altera/12.1/nios2eds/bin/gnu/H-i686-pc-linux-gnu/bin/../lib/gcc/nios2-elf/4.1.2/../../../../nios2-elf/lib/libc.a(lib_a-fvwrite.o)
 .data          0x00822130        0x0 /OPT/altera/12.1/nios2eds/bin/gnu/H-i686-pc-linux-gnu/bin/../lib/gcc/nios2-elf/4.1.2/../../../../nios2-elf/lib/libc.a(lib_a-fwalk.o)
 .data          0x00822130      0x400 /OPT/altera/12.1/nios2eds/bin/gnu/H-i686-pc-linux-gnu/bin/../lib/gcc/nios2-elf/4.1.2/../../../../nios2-elf/lib/libc.a(lib_a-impure.o)
 .data          0x00822530        0x0 /OPT/altera/12.1/nios2eds/bin/gnu/H-i686-pc-linux-gnu/bin/../lib/gcc/nios2-elf/4.1.2/../../../../nios2-elf/lib/libc.a(lib_a-int_errno.o)
 .data          0x00822530        0xc /OPT/altera/12.1/nios2eds/bin/gnu/H-i686-pc-linux-gnu/bin/../lib/gcc/nios2-elf/4.1.2/../../../../nios2-elf/lib/libc.a(lib_a-locale.o)
                0x00822530                __lc_ctype
 .data          0x0082253c        0x0 /OPT/altera/12.1/nios2eds/bin/gnu/H-i686-pc-linux-gnu/bin/../lib/gcc/nios2-elf/4.1.2/../../../../nios2-elf/lib/libc.a(lib_a-makebuf.o)
 .data          0x0082253c        0x0 /OPT/altera/12.1/nios2eds/bin/gnu/H-i686-pc-linux-gnu/bin/../lib/gcc/nios2-elf/4.1.2/../../../../nios2-elf/lib/libc.a(lib_a-memchr.o)
 .data          0x0082253c        0x0 /OPT/altera/12.1/nios2eds/bin/gnu/H-i686-pc-linux-gnu/bin/../lib/gcc/nios2-elf/4.1.2/../../../../nios2-elf/lib/libc.a(lib_a-memmove.o)
 .data          0x0082253c        0x0 /OPT/altera/12.1/nios2eds/bin/gnu/H-i686-pc-linux-gnu/bin/../lib/gcc/nios2-elf/4.1.2/../../../../nios2-elf/lib/libc.a(lib_a-memset.o)
 .data          0x0082253c        0x0 /OPT/altera/12.1/nios2eds/bin/gnu/H-i686-pc-linux-gnu/bin/../lib/gcc/nios2-elf/4.1.2/../../../../nios2-elf/lib/libc.a(lib_a-mprec.o)
 .data          0x0082253c        0x0 /OPT/altera/12.1/nios2eds/bin/gnu/H-i686-pc-linux-gnu/bin/../lib/gcc/nios2-elf/4.1.2/../../../../nios2-elf/lib/libc.a(lib_a-putc.o)
 .data          0x0082253c        0x0 /OPT/altera/12.1/nios2eds/bin/gnu/H-i686-pc-linux-gnu/bin/../lib/gcc/nios2-elf/4.1.2/../../../../nios2-elf/lib/libc.a(lib_a-reallocr.o)
 .data          0x0082253c        0x0 /OPT/altera/12.1/nios2eds/bin/gnu/H-i686-pc-linux-gnu/bin/../lib/gcc/nios2-elf/4.1.2/../../../../nios2-elf/lib/libc.a(lib_a-s_isinfd.o)
 .data          0x0082253c        0x0 /OPT/altera/12.1/nios2eds/bin/gnu/H-i686-pc-linux-gnu/bin/../lib/gcc/nios2-elf/4.1.2/../../../../nios2-elf/lib/libc.a(lib_a-s_isnand.o)
 .data          0x0082253c        0x0 /OPT/altera/12.1/nios2eds/bin/gnu/H-i686-pc-linux-gnu/bin/../lib/gcc/nios2-elf/4.1.2/../../../../nios2-elf/lib/libc.a(lib_a-stdio.o)
 .data          0x0082253c        0x0 /OPT/altera/12.1/nios2eds/bin/gnu/H-i686-pc-linux-gnu/bin/../lib/gcc/nios2-elf/4.1.2/../../../../nios2-elf/lib/libc.a(lib_a-strcmp.o)
 .data          0x0082253c        0x0 /OPT/altera/12.1/nios2eds/bin/gnu/H-i686-pc-linux-gnu/bin/../lib/gcc/nios2-elf/4.1.2/../../../../nios2-elf/lib/libc.a(lib_a-wbuf.o)
 .data          0x0082253c        0x0 /OPT/altera/12.1/nios2eds/bin/gnu/H-i686-pc-linux-gnu/bin/../lib/gcc/nios2-elf/4.1.2/../../../../nios2-elf/lib/libc.a(lib_a-writer.o)
 .data          0x0082253c        0x0 /OPT/altera/12.1/nios2eds/bin/gnu/H-i686-pc-linux-gnu/bin/../lib/gcc/nios2-elf/4.1.2/../../../../nios2-elf/lib/libc.a(lib_a-callocr.o)
 .data          0x0082253c        0x0 /OPT/altera/12.1/nios2eds/bin/gnu/H-i686-pc-linux-gnu/bin/../lib/gcc/nios2-elf/4.1.2/../../../../nios2-elf/lib/libc.a(lib_a-closer.o)
 .data          0x0082253c        0x0 /OPT/altera/12.1/nios2eds/bin/gnu/H-i686-pc-linux-gnu/bin/../lib/gcc/nios2-elf/4.1.2/../../../../nios2-elf/lib/libc.a(lib_a-fclose.o)
 .data          0x0082253c        0x0 /OPT/altera/12.1/nios2eds/bin/gnu/H-i686-pc-linux-gnu/bin/../lib/gcc/nios2-elf/4.1.2/../../../../nios2-elf/lib/libc.a(lib_a-fstatr.o)
 .data          0x0082253c        0x0 /OPT/altera/12.1/nios2eds/bin/gnu/H-i686-pc-linux-gnu/bin/../lib/gcc/nios2-elf/4.1.2/../../../../nios2-elf/lib/libc.a(lib_a-isattyr.o)
 .data          0x0082253c        0x0 /OPT/altera/12.1/nios2eds/bin/gnu/H-i686-pc-linux-gnu/bin/../lib/gcc/nios2-elf/4.1.2/../../../../nios2-elf/lib/libc.a(lib_a-lseekr.o)
 .data          0x0082253c        0x0 /OPT/altera/12.1/nios2eds/bin/gnu/H-i686-pc-linux-gnu/bin/../lib/gcc/nios2-elf/4.1.2/../../../../nios2-elf/lib/libc.a(lib_a-readr.o)
 .data          0x0082253c        0x0 /OPT/altera/12.1/nios2eds/bin/gnu/H-i686-pc-linux-gnu/bin/../lib/gcc/nios2-elf/4.1.2/libgcc.a(_udivdi3.o)
 .data          0x0082253c        0x0 /OPT/altera/12.1/nios2eds/bin/gnu/H-i686-pc-linux-gnu/bin/../lib/gcc/nios2-elf/4.1.2/libgcc.a(_umoddi3.o)
 .data          0x0082253c        0x0 /OPT/altera/12.1/nios2eds/bin/gnu/H-i686-pc-linux-gnu/bin/../lib/gcc/nios2-elf/4.1.2/libgcc.a(_addsub_df.o)
 .data          0x0082253c        0x0 /OPT/altera/12.1/nios2eds/bin/gnu/H-i686-pc-linux-gnu/bin/../lib/gcc/nios2-elf/4.1.2/libgcc.a(_mul_df.o)
 .data          0x0082253c        0x0 /OPT/altera/12.1/nios2eds/bin/gnu/H-i686-pc-linux-gnu/bin/../lib/gcc/nios2-elf/4.1.2/libgcc.a(_div_df.o)
 .data          0x0082253c        0x0 /OPT/altera/12.1/nios2eds/bin/gnu/H-i686-pc-linux-gnu/bin/../lib/gcc/nios2-elf/4.1.2/libgcc.a(_eq_df.o)
 .data          0x0082253c        0x0 /OPT/altera/12.1/nios2eds/bin/gnu/H-i686-pc-linux-gnu/bin/../lib/gcc/nios2-elf/4.1.2/libgcc.a(_ne_df.o)
 .data          0x0082253c        0x0 /OPT/altera/12.1/nios2eds/bin/gnu/H-i686-pc-linux-gnu/bin/../lib/gcc/nios2-elf/4.1.2/libgcc.a(_gt_df.o)
 .data          0x0082253c        0x0 /OPT/altera/12.1/nios2eds/bin/gnu/H-i686-pc-linux-gnu/bin/../lib/gcc/nios2-elf/4.1.2/libgcc.a(_ge_df.o)
 .data          0x0082253c        0x0 /OPT/altera/12.1/nios2eds/bin/gnu/H-i686-pc-linux-gnu/bin/../lib/gcc/nios2-elf/4.1.2/libgcc.a(_lt_df.o)
 .data          0x0082253c        0x0 /OPT/altera/12.1/nios2eds/bin/gnu/H-i686-pc-linux-gnu/bin/../lib/gcc/nios2-elf/4.1.2/libgcc.a(_si_to_df.o)
 .data          0x0082253c        0x0 /OPT/altera/12.1/nios2eds/bin/gnu/H-i686-pc-linux-gnu/bin/../lib/gcc/nios2-elf/4.1.2/libgcc.a(_df_to_si.o)
 .data          0x0082253c        0x0 /OPT/altera/12.1/nios2eds/bin/gnu/H-i686-pc-linux-gnu/bin/../lib/gcc/nios2-elf/4.1.2/libgcc.a(_thenan_df.o)
 .data          0x0082253c        0x0 /OPT/altera/12.1/nios2eds/bin/gnu/H-i686-pc-linux-gnu/bin/../lib/gcc/nios2-elf/4.1.2/libgcc.a(_usi_to_df.o)
 .data          0x0082253c        0x0 /OPT/altera/12.1/nios2eds/bin/gnu/H-i686-pc-linux-gnu/bin/../lib/gcc/nios2-elf/4.1.2/libgcc.a(_muldi3.o)
 .data          0x0082253c        0x0 /OPT/altera/12.1/nios2eds/bin/gnu/H-i686-pc-linux-gnu/bin/../lib/gcc/nios2-elf/4.1.2/libgcc.a(_clz.o)
 .data          0x0082253c        0x0 /OPT/altera/12.1/nios2eds/bin/gnu/H-i686-pc-linux-gnu/bin/../lib/gcc/nios2-elf/4.1.2/libgcc.a(_clzsi2.o)
 .data          0x0082253c        0x0 /OPT/altera/12.1/nios2eds/bin/gnu/H-i686-pc-linux-gnu/bin/../lib/gcc/nios2-elf/4.1.2/libgcc.a(_pack_df.o)
 .data          0x0082253c        0x0 /OPT/altera/12.1/nios2eds/bin/gnu/H-i686-pc-linux-gnu/bin/../lib/gcc/nios2-elf/4.1.2/libgcc.a(_unpack_df.o)
 .data          0x0082253c        0x0 /OPT/altera/12.1/nios2eds/bin/gnu/H-i686-pc-linux-gnu/bin/../lib/gcc/nios2-elf/4.1.2/libgcc.a(_fpcmp_parts_df.o)
 .data          0x0082253c        0x0 ../capstone_Volatile_bsp//libucosii_bsp.a(alt_close.o)
 .data          0x0082253c      0x1a8 ../capstone_Volatile_bsp//libucosii_bsp.a(alt_dev.o)
                0x0082253c                alt_dev_null
                0x00822564                alt_fd_list
 .data          0x008226e4        0x0 ../capstone_Volatile_bsp//libucosii_bsp.a(alt_errno.o)
 .data          0x008226e4        0x0 ../capstone_Volatile_bsp//libucosii_bsp.a(alt_fstat.o)
 .data          0x008226e4        0x0 ../capstone_Volatile_bsp//libucosii_bsp.a(alt_isatty.o)
 .data          0x008226e4        0x0 ../capstone_Volatile_bsp//libucosii_bsp.a(alt_lseek.o)
 .data          0x008226e4        0x0 ../capstone_Volatile_bsp//libucosii_bsp.a(alt_main.o)
 .data          0x008226e4        0x0 ../capstone_Volatile_bsp//libucosii_bsp.a(alt_read.o)
 .data          0x008226e4        0x0 ../capstone_Volatile_bsp//libucosii_bsp.a(alt_release_fd.o)
 .data          0x008226e4        0x0 ../capstone_Volatile_bsp//libucosii_bsp.a(alt_sbrk.o)
 .data          0x008226e4        0x0 ../capstone_Volatile_bsp//libucosii_bsp.a(alt_write.o)
 .data          0x008226e4        0x0 ../capstone_Volatile_bsp//libucosii_bsp.a(alt_env_lock.o)
 .data          0x008226e4        0x0 ../capstone_Volatile_bsp//libucosii_bsp.a(alt_malloc_lock.o)
 .data          0x008226e4        0x0 ../capstone_Volatile_bsp//libucosii_bsp.a(os_core.o)
 .data          0x008226e4        0x0 ../capstone_Volatile_bsp//libucosii_bsp.a(os_dbg.o)
 .data          0x008226e4        0x0 ../capstone_Volatile_bsp//libucosii_bsp.a(os_flag.o)
 .data          0x008226e4        0x0 ../capstone_Volatile_bsp//libucosii_bsp.a(os_mem.o)
 .data          0x008226e4        0x0 ../capstone_Volatile_bsp//libucosii_bsp.a(os_q.o)
 .data          0x008226e4        0x0 ../capstone_Volatile_bsp//libucosii_bsp.a(os_sem.o)
 .data          0x008226e4        0x0 ../capstone_Volatile_bsp//libucosii_bsp.a(os_task.o)
 .data          0x008226e4        0x0 ../capstone_Volatile_bsp//libucosii_bsp.a(os_time.o)
 .data          0x008226e4     0x10f8 ../capstone_Volatile_bsp//libucosii_bsp.a(alt_sys_init.o)
 .data          0x008237dc        0x0 ../capstone_Volatile_bsp//libucosii_bsp.a(altera_avalon_jtag_uart_fd.o)
 .data          0x008237dc        0x0 ../capstone_Volatile_bsp//libucosii_bsp.a(altera_avalon_jtag_uart_init.o)
 .data          0x008237dc        0x0 ../capstone_Volatile_bsp//libucosii_bsp.a(altera_avalon_jtag_uart_ioctl.o)
 .data          0x008237dc        0x0 ../capstone_Volatile_bsp//libucosii_bsp.a(altera_avalon_jtag_uart_read.o)
 .data          0x008237dc        0x0 ../capstone_Volatile_bsp//libucosii_bsp.a(altera_avalon_jtag_uart_write.o)
 .data          0x008237dc        0x0 ../capstone_Volatile_bsp//libucosii_bsp.a(altera_avalon_timer_sc.o)
 .data          0x008237dc        0x0 ../capstone_Volatile_bsp//libucosii_bsp.a(altera_up_avalon_audio.o)
 .data          0x008237dc        0x0 ../capstone_Volatile_bsp//libucosii_bsp.a(altera_up_avalon_audio_and_video_config.o)
 .data          0x008237dc        0x0 ../capstone_Volatile_bsp//libucosii_bsp.a(altera_up_avalon_character_lcd.o)
 .data          0x008237dc        0x0 ../capstone_Volatile_bsp//libucosii_bsp.a(alt_alarm_start.o)
 .data          0x008237dc        0x0 ../capstone_Volatile_bsp//libucosii_bsp.a(alt_dev_llist_insert.o)
 .data          0x008237dc        0x0 ../capstone_Volatile_bsp//libucosii_bsp.a(alt_do_ctors.o)
 .data          0x008237dc        0x0 ../capstone_Volatile_bsp//libucosii_bsp.a(alt_do_dtors.o)
 .data          0x008237dc        0x0 ../capstone_Volatile_bsp//libucosii_bsp.a(alt_find_dev.o)
 .data          0x008237dc        0x0 ../capstone_Volatile_bsp//libucosii_bsp.a(alt_io_redirect.o)
 .data          0x008237dc        0x0 ../capstone_Volatile_bsp//libucosii_bsp.a(alt_irq_register.o)
 .data          0x008237dc        0x0 ../capstone_Volatile_bsp//libucosii_bsp.a(alt_irq_vars.o)
 .data          0x008237dc        0x0 ../capstone_Volatile_bsp//libucosii_bsp.a(alt_open.o)
 .data          0x008237dc        0x0 ../capstone_Volatile_bsp//libucosii_bsp.a(alt_tick.o)
 .data          0x008237dc        0x0 ../capstone_Volatile_bsp//libucosii_bsp.a(altera_nios2_qsys_irq.o)
 .data          0x008237dc        0x0 ../capstone_Volatile_bsp//libucosii_bsp.a(os_cpu_a.o)
 .data          0x008237dc        0x0 ../capstone_Volatile_bsp//libucosii_bsp.a(os_cpu_c.o)
 .data          0x008237dc        0x0 ../capstone_Volatile_bsp//libucosii_bsp.a(alt_find_file.o)
 .data          0x008237dc        0x0 ../capstone_Volatile_bsp//libucosii_bsp.a(alt_get_fd.o)
 .data          0x008237dc        0x0 ../capstone_Volatile_bsp//libucosii_bsp.a(alt_irq_entry.o)
 .data          0x008237dc        0x0 ../capstone_Volatile_bsp//libucosii_bsp.a(alt_irq_handler.o)
 .data          0x008237dc        0x0 ../capstone_Volatile_bsp//libucosii_bsp.a(alt_exception_entry.o)
 .data          0x008237dc        0x0 /OPT/altera/12.1/nios2eds/bin/gnu/H-i686-pc-linux-gnu/bin/../lib/gcc/nios2-elf/4.1.2/../../../../nios2-elf/lib/libc.a(lib_a-atexit.o)
 .data          0x008237dc        0x0 /OPT/altera/12.1/nios2eds/bin/gnu/H-i686-pc-linux-gnu/bin/../lib/gcc/nios2-elf/4.1.2/../../../../nios2-elf/lib/libc.a(lib_a-exit.o)
 .data          0x008237dc        0x0 /OPT/altera/12.1/nios2eds/bin/gnu/H-i686-pc-linux-gnu/bin/../lib/gcc/nios2-elf/4.1.2/../../../../nios2-elf/lib/libc.a(lib_a-memcmp.o)
 .data          0x008237dc        0x0 /OPT/altera/12.1/nios2eds/bin/gnu/H-i686-pc-linux-gnu/bin/../lib/gcc/nios2-elf/4.1.2/../../../../nios2-elf/lib/libc.a(lib_a-__atexit.o)
 .data          0x008237dc        0x0 /OPT/altera/12.1/nios2eds/bin/gnu/H-i686-pc-linux-gnu/bin/../lib/gcc/nios2-elf/4.1.2/../../../../nios2-elf/lib/libc.a(lib_a-__call_atexit.o)
 .data          0x008237dc        0x0 ../capstone_Volatile_bsp//libucosii_bsp.a(alt_exit.o)
                0x0082b7dc                _gp = ABSOLUTE ((. + 0x8000))
                0x0082b7dc                PROVIDE (gp, _gp)
 *(.rwdata .rwdata.*)
 *(.sdata .sdata.* .gnu.linkonce.s.*)
 .sdata         0x008237dc       0x1c obj/default/audio.o
                0x008237dc                snareNumberSamples
                0x008237e0                crashNumberSamples
                0x008237e4                hihatNumberSamples
                0x008237e8                hihat2NumberSamples
                0x008237ec                kickNumberSamples
                0x008237f0                tomNumberSamples
                0x008237f4                tom2NumberSamples
 .sdata         0x008237f8        0x8 /OPT/altera/12.1/nios2eds/bin/gnu/H-i686-pc-linux-gnu/bin/../lib/gcc/nios2-elf/4.1.2/../../../../nios2-elf/lib/libc.a(lib_a-mallocr.o)
                0x008237f8                __malloc_trim_threshold
                0x008237fc                __malloc_sbrk_base
 .sdata         0x00823800        0x8 /OPT/altera/12.1/nios2eds/bin/gnu/H-i686-pc-linux-gnu/bin/../lib/gcc/nios2-elf/4.1.2/../../../../nios2-elf/lib/libc.a(lib_a-impure.o)
                0x00823800                _impure_ptr
                0x00823804                _global_impure_ptr
 .sdata         0x00823808        0x8 /OPT/altera/12.1/nios2eds/bin/gnu/H-i686-pc-linux-gnu/bin/../lib/gcc/nios2-elf/4.1.2/../../../../nios2-elf/lib/libc.a(lib_a-locale.o)
                0x00823808                __mb_cur_max
 .sdata         0x00823810       0x14 ../capstone_Volatile_bsp//libucosii_bsp.a(alt_dev.o)
                0x00823810                alt_fs_list
                0x00823818                alt_dev_list
                0x00823820                alt_max_fd
 .sdata         0x00823824        0x4 ../capstone_Volatile_bsp//libucosii_bsp.a(alt_errno.o)
                0x00823824                alt_errno
 .sdata         0x00823828        0x4 ../capstone_Volatile_bsp//libucosii_bsp.a(alt_sbrk.o)
 .sdata         0x0082382c        0x4 ../capstone_Volatile_bsp//libucosii_bsp.a(alt_env_lock.o)
 .sdata         0x00823830        0x4 ../capstone_Volatile_bsp//libucosii_bsp.a(alt_malloc_lock.o)
 .sdata         0x00823834       0x74 ../capstone_Volatile_bsp//libucosii_bsp.a(os_dbg.o)
                0x00823834                OSDebugEn
                0x00823838                OSEndiannessTest
                0x0082383c                OSEventEn
                0x0082383e                OSEventMax
                0x00823840                OSEventNameSize
                0x00823842                OSEventSize
                0x00823844                OSEventTblSize
                0x00823846                OSEventMultiEn
                0x00823848                OSFlagEn
                0x0082384a                OSFlagGrpSize
                0x0082384c                OSFlagNodeSize
                0x0082384e                OSFlagWidth
                0x00823850                OSFlagMax
                0x00823852                OSFlagNameSize
                0x00823854                OSLowestPrio
                0x00823856                OSMboxEn
                0x00823858                OSMemEn
                0x0082385a                OSMemMax
                0x0082385c                OSMemNameSize
                0x0082385e                OSMemSize
                0x00823860                OSMemTblSize
                0x00823862                OSMutexEn
                0x00823864                OSPtrSize
                0x00823866                OSQEn
                0x00823868                OSQMax
                0x0082386a                OSQSize
                0x0082386c                OSRdyTblSize
                0x0082386e                OSSemEn
                0x00823870                OSStkWidth
                0x00823872                OSTaskCreateEn
                0x00823874                OSTaskCreateExtEn
                0x00823876                OSTaskDelEn
                0x00823878                OSTaskIdleStkSize
                0x0082387a                OSTaskProfileEn
                0x0082387c                OSTaskMax
                0x0082387e                OSTaskNameSize
                0x00823880                OSTaskStatEn
                0x00823882                OSTaskStatStkSize
                0x00823884                OSTaskStatStkChkEn
                0x00823886                OSTaskSwHookEn
                0x00823888                OSTCBPrioTblMax
                0x0082388a                OSTCBSize
                0x0082388c                OSTicksPerSec
                0x0082388e                OSTimeTickHookEn
                0x00823890                OSVersionNbr
                0x00823892                OSTmrEn
                0x00823894                OSTmrCfgMax
                0x00823896                OSTmrCfgNameSize
                0x00823898                OSTmrCfgWheelSize
                0x0082389a                OSTmrCfgTicksPerSec
                0x0082389c                OSTmrSize
                0x0082389e                OSTmrTblSize
                0x008238a0                OSTmrWheelSize
                0x008238a2                OSTmrWheelTblSize
                0x008238a4                OSDataSize
 .sdata         0x008238a8        0x4 ../capstone_Volatile_bsp//libucosii_bsp.a(alt_irq_vars.o)
                0x008238a8                alt_priority_mask
 .sdata         0x008238ac        0x8 ../capstone_Volatile_bsp//libucosii_bsp.a(alt_tick.o)
                0x008238ac                alt_alarm_list
 *(.sdata2 .sdata2.* .gnu.linkonce.s2.*)
                0x008238b4                . = ALIGN (0x4)
                0x008238b4                _edata = ABSOLUTE (.)
                0x008238b4                PROVIDE (edata, ABSOLUTE (.))
                0x008238b4                PROVIDE (__ram_rwdata_end, ABSOLUTE (.))
                0x00821d1c                PROVIDE (__flash_rwdata_start, LOADADDR (.rwdata))

.bss            0x008238b4     0x3580
                0x008238b4                __bss_start = ABSOLUTE (.)
                0x008238b4                PROVIDE (__sbss_start, ABSOLUTE (.))
                0x008238b4                PROVIDE (___sbss_start, ABSOLUTE (.))
 *(.dynsbss)
 *(.sbss .sbss.* .gnu.linkonce.sb.*)
 .sbss          0x008238b4        0xc obj/default/audio.o
                0x008238b4                audio_dev
                0x008238b8                button
                0x008238bc                myLCD
 .sbss          0x008238c0        0xc /OPT/altera/12.1/nios2eds/bin/gnu/H-i686-pc-linux-gnu/bin/../lib/gcc/nios2-elf/4.1.2/../../../../nios2-elf/lib/libc.a(lib_a-mallocr.o)
                0x008238c0                __malloc_top_pad
                0x008238c4                __malloc_max_sbrked_mem
                0x008238c8                __malloc_max_total_mem
 .sbss          0x008238cc        0x4 /OPT/altera/12.1/nios2eds/bin/gnu/H-i686-pc-linux-gnu/bin/../lib/gcc/nios2-elf/4.1.2/../../../../nios2-elf/lib/libc.a(lib_a-int_errno.o)
                0x008238cc                errno
 .sbss          0x008238d0        0xc /OPT/altera/12.1/nios2eds/bin/gnu/H-i686-pc-linux-gnu/bin/../lib/gcc/nios2-elf/4.1.2/../../../../nios2-elf/lib/libc.a(lib_a-locale.o)
                0x008238d0                __nlocale_changed
                0x008238d4                __mlocale_changed
                0x008238d8                _PathLocale
 .sbss          0x008238dc        0x4 ../capstone_Volatile_bsp//libucosii_bsp.a(alt_dev.o)
                0x008238dc                alt_fd_list_lock
 .sbss          0x008238e0        0xc ../capstone_Volatile_bsp//libucosii_bsp.a(alt_main.o)
                0x008238e0                alt_argc
                0x008238e4                alt_argv
                0x008238e8                alt_envp
 .sbss          0x008238ec        0x8 ../capstone_Volatile_bsp//libucosii_bsp.a(alt_env_lock.o)
                0x008238f0                alt_envsem
 .sbss          0x008238f4        0x8 ../capstone_Volatile_bsp//libucosii_bsp.a(alt_malloc_lock.o)
                0x008238f8                alt_heapsem
 .sbss          0x008238fc       0x50 ../capstone_Volatile_bsp//libucosii_bsp.a(os_core.o)
                0x008238fc                OSLockNesting
                0x008238fd                OSRunning
                0x00823900                OSIdleCtr
                0x00823904                OSPrioHighRdy
                0x00823905                OSPrioCur
                0x00823908                OSTCBList
                0x0082390c                OSTickStepState
                0x00823910                OSCtxSwCtr
                0x00823914                OSIdleCtrMax
                0x00823918                OSTCBFreeList
                0x0082391c                OSCPUUsage
                0x0082391d                OSTaskCtr
                0x00823920                OSMemFreeList
                0x00823924                OSTCBHighRdy
                0x00823928                OSQFreeList
                0x0082392c                OSRdyGrp
                0x0082392d                OSRdyTbl
                0x00823930                OSEventFreeList
                0x00823934                OSIntNesting
                0x00823938                OSTCBCur
                0x0082393c                OSTime
                0x00823940                OSFlagFreeList
                0x00823944                OSStatRdy
                0x00823948                OSIdleCtrRun
 .sbss          0x0082394c        0x4 ../capstone_Volatile_bsp//libucosii_bsp.a(alt_irq_vars.o)
                0x0082394c                alt_irq_active
 .sbss          0x00823950        0x8 ../capstone_Volatile_bsp//libucosii_bsp.a(alt_tick.o)
                0x00823950                _alt_tick_rate
                0x00823954                _alt_nticks
 *(.sbss2 .sbss2.* .gnu.linkonce.sb2.*)
 *(.scommon)
                0x00823958                PROVIDE (__sbss_end, ABSOLUTE (.))
                0x00823958                PROVIDE (___sbss_end, ABSOLUTE (.))
 *(.dynbss)
 *(.bss .bss.* .gnu.linkonce.b.*)
 .bss           0x00823958        0x0 ../capstone_Volatile_bsp//obj/HAL/src/crt0.o
 .bss           0x00823958        0x0 obj/default/audio.o
 .bss           0x00823958        0x0 obj/default/efsl/debug.o
 .bss           0x00823958        0x0 obj/default/efsl/dir.o
 .bss           0x00823958        0x0 obj/default/efsl/disc.o
 .bss           0x00823958        0x0 obj/default/efsl/efs.o
 .bss           0x00823958        0x0 obj/default/efsl/extract.o
 .bss           0x00823958        0x0 obj/default/efsl/fat.o
 .bss           0x00823958        0x0 obj/default/efsl/file.o
 .bss           0x00823958        0x0 obj/default/efsl/fs.o
 .bss           0x00823958        0x0 obj/default/efsl/ioman.o
 .bss           0x00823958        0x0 obj/default/efsl/ls.o
 .bss           0x00823958        0x0 obj/default/efsl/mkfs.o
 .bss           0x00823958        0x0 obj/default/efsl/nios2.o
 .bss           0x00823958        0x0 obj/default/efsl/nios2_ramdisk.o
 .bss           0x00823958        0x0 obj/default/efsl/partition.o
 .bss           0x00823958        0x0 obj/default/efsl/plibc.o
 .bss           0x00823958        0x0 obj/default/efsl/sd.o
 .bss           0x00823958        0x0 obj/default/efsl/time.o
 .bss           0x00823958        0x0 obj/default/efsl/ui.o
 .bss           0x00823958        0x0 /OPT/altera/12.1/nios2eds/bin/gnu/H-i686-pc-linux-gnu/bin/../lib/gcc/nios2-elf/4.1.2/libgcc.a(lib2-divmod.o)
 .bss           0x00823958        0x0 /OPT/altera/12.1/nios2eds/bin/gnu/H-i686-pc-linux-gnu/bin/../lib/gcc/nios2-elf/4.1.2/../../../../nios2-elf/lib/libc.a(lib_a-malloc.o)
 .bss           0x00823958       0x28 /OPT/altera/12.1/nios2eds/bin/gnu/H-i686-pc-linux-gnu/bin/../lib/gcc/nios2-elf/4.1.2/../../../../nios2-elf/lib/libc.a(lib_a-mallocr.o)
                0x00823958                __malloc_current_mallinfo
 .bss           0x00823980        0x0 /OPT/altera/12.1/nios2eds/bin/gnu/H-i686-pc-linux-gnu/bin/../lib/gcc/nios2-elf/4.1.2/../../../../nios2-elf/lib/libc.a(lib_a-memcpy.o)
 .bss           0x00823980        0x0 /OPT/altera/12.1/nios2eds/bin/gnu/H-i686-pc-linux-gnu/bin/../lib/gcc/nios2-elf/4.1.2/../../../../nios2-elf/lib/libc.a(lib_a-perror.o)
 .bss           0x00823980        0x0 /OPT/altera/12.1/nios2eds/bin/gnu/H-i686-pc-linux-gnu/bin/../lib/gcc/nios2-elf/4.1.2/../../../../nios2-elf/lib/libc.a(lib_a-printf.o)
 .bss           0x00823980        0x0 /OPT/altera/12.1/nios2eds/bin/gnu/H-i686-pc-linux-gnu/bin/../lib/gcc/nios2-elf/4.1.2/../../../../nios2-elf/lib/libc.a(lib_a-putchar.o)
 .bss           0x00823980        0x0 /OPT/altera/12.1/nios2eds/bin/gnu/H-i686-pc-linux-gnu/bin/../lib/gcc/nios2-elf/4.1.2/../../../../nios2-elf/lib/libc.a(lib_a-puts.o)
 .bss           0x00823980        0x0 /OPT/altera/12.1/nios2eds/bin/gnu/H-i686-pc-linux-gnu/bin/../lib/gcc/nios2-elf/4.1.2/../../../../nios2-elf/lib/libc.a(lib_a-sbrkr.o)
 .bss           0x00823980        0x0 /OPT/altera/12.1/nios2eds/bin/gnu/H-i686-pc-linux-gnu/bin/../lib/gcc/nios2-elf/4.1.2/../../../../nios2-elf/lib/libc.a(lib_a-strerror.o)
 .bss           0x00823980        0x0 /OPT/altera/12.1/nios2eds/bin/gnu/H-i686-pc-linux-gnu/bin/../lib/gcc/nios2-elf/4.1.2/../../../../nios2-elf/lib/libc.a(lib_a-strlen.o)
 .bss           0x00823980        0x0 /OPT/altera/12.1/nios2eds/bin/gnu/H-i686-pc-linux-gnu/bin/../lib/gcc/nios2-elf/4.1.2/../../../../nios2-elf/lib/libc.a(lib_a-u_strerr.o)
 .bss           0x00823980        0x0 /OPT/altera/12.1/nios2eds/bin/gnu/H-i686-pc-linux-gnu/bin/../lib/gcc/nios2-elf/4.1.2/../../../../nios2-elf/lib/libc.a(lib_a-vfprintf.o)
 .bss           0x00823980        0x0 /OPT/altera/12.1/nios2eds/bin/gnu/H-i686-pc-linux-gnu/bin/../lib/gcc/nios2-elf/4.1.2/../../../../nios2-elf/lib/libc.a(lib_a-wsetup.o)
 .bss           0x00823980        0x0 /OPT/altera/12.1/nios2eds/bin/gnu/H-i686-pc-linux-gnu/bin/../lib/gcc/nios2-elf/4.1.2/../../../../nios2-elf/lib/libc.a(lib_a-dtoa.o)
 .bss           0x00823980        0x0 /OPT/altera/12.1/nios2eds/bin/gnu/H-i686-pc-linux-gnu/bin/../lib/gcc/nios2-elf/4.1.2/../../../../nios2-elf/lib/libc.a(lib_a-fflush.o)
 .bss           0x00823980        0x0 /OPT/altera/12.1/nios2eds/bin/gnu/H-i686-pc-linux-gnu/bin/../lib/gcc/nios2-elf/4.1.2/../../../../nios2-elf/lib/libc.a(lib_a-findfp.o)
 .bss           0x00823980        0x0 /OPT/altera/12.1/nios2eds/bin/gnu/H-i686-pc-linux-gnu/bin/../lib/gcc/nios2-elf/4.1.2/../../../../nios2-elf/lib/libc.a(lib_a-fputc.o)
 .bss           0x00823980        0x0 /OPT/altera/12.1/nios2eds/bin/gnu/H-i686-pc-linux-gnu/bin/../lib/gcc/nios2-elf/4.1.2/../../../../nios2-elf/lib/libc.a(lib_a-fputs.o)
 .bss           0x00823980        0x0 /OPT/altera/12.1/nios2eds/bin/gnu/H-i686-pc-linux-gnu/bin/../lib/gcc/nios2-elf/4.1.2/../../../../nios2-elf/lib/libc.a(lib_a-freer.o)
 .bss           0x00823980        0x0 /OPT/altera/12.1/nios2eds/bin/gnu/H-i686-pc-linux-gnu/bin/../lib/gcc/nios2-elf/4.1.2/../../../../nios2-elf/lib/libc.a(lib_a-fvwrite.o)
 .bss           0x00823980        0x0 /OPT/altera/12.1/nios2eds/bin/gnu/H-i686-pc-linux-gnu/bin/../lib/gcc/nios2-elf/4.1.2/../../../../nios2-elf/lib/libc.a(lib_a-fwalk.o)
 .bss           0x00823980        0x0 /OPT/altera/12.1/nios2eds/bin/gnu/H-i686-pc-linux-gnu/bin/../lib/gcc/nios2-elf/4.1.2/../../../../nios2-elf/lib/libc.a(lib_a-impure.o)
 .bss           0x00823980        0x0 /OPT/altera/12.1/nios2eds/bin/gnu/H-i686-pc-linux-gnu/bin/../lib/gcc/nios2-elf/4.1.2/../../../../nios2-elf/lib/libc.a(lib_a-int_errno.o)
 .bss           0x00823980        0x0 /OPT/altera/12.1/nios2eds/bin/gnu/H-i686-pc-linux-gnu/bin/../lib/gcc/nios2-elf/4.1.2/../../../../nios2-elf/lib/libc.a(lib_a-locale.o)
 .bss           0x00823980        0x0 /OPT/altera/12.1/nios2eds/bin/gnu/H-i686-pc-linux-gnu/bin/../lib/gcc/nios2-elf/4.1.2/../../../../nios2-elf/lib/libc.a(lib_a-makebuf.o)
 .bss           0x00823980        0x0 /OPT/altera/12.1/nios2eds/bin/gnu/H-i686-pc-linux-gnu/bin/../lib/gcc/nios2-elf/4.1.2/../../../../nios2-elf/lib/libc.a(lib_a-memchr.o)
 .bss           0x00823980        0x0 /OPT/altera/12.1/nios2eds/bin/gnu/H-i686-pc-linux-gnu/bin/../lib/gcc/nios2-elf/4.1.2/../../../../nios2-elf/lib/libc.a(lib_a-memmove.o)
 .bss           0x00823980        0x0 /OPT/altera/12.1/nios2eds/bin/gnu/H-i686-pc-linux-gnu/bin/../lib/gcc/nios2-elf/4.1.2/../../../../nios2-elf/lib/libc.a(lib_a-memset.o)
 .bss           0x00823980        0x0 /OPT/altera/12.1/nios2eds/bin/gnu/H-i686-pc-linux-gnu/bin/../lib/gcc/nios2-elf/4.1.2/../../../../nios2-elf/lib/libc.a(lib_a-mprec.o)
 .bss           0x00823980        0x0 /OPT/altera/12.1/nios2eds/bin/gnu/H-i686-pc-linux-gnu/bin/../lib/gcc/nios2-elf/4.1.2/../../../../nios2-elf/lib/libc.a(lib_a-putc.o)
 .bss           0x00823980        0x0 /OPT/altera/12.1/nios2eds/bin/gnu/H-i686-pc-linux-gnu/bin/../lib/gcc/nios2-elf/4.1.2/../../../../nios2-elf/lib/libc.a(lib_a-reallocr.o)
 .bss           0x00823980        0x0 /OPT/altera/12.1/nios2eds/bin/gnu/H-i686-pc-linux-gnu/bin/../lib/gcc/nios2-elf/4.1.2/../../../../nios2-elf/lib/libc.a(lib_a-s_isinfd.o)
 .bss           0x00823980        0x0 /OPT/altera/12.1/nios2eds/bin/gnu/H-i686-pc-linux-gnu/bin/../lib/gcc/nios2-elf/4.1.2/../../../../nios2-elf/lib/libc.a(lib_a-s_isnand.o)
 .bss           0x00823980        0x0 /OPT/altera/12.1/nios2eds/bin/gnu/H-i686-pc-linux-gnu/bin/../lib/gcc/nios2-elf/4.1.2/../../../../nios2-elf/lib/libc.a(lib_a-stdio.o)
 .bss           0x00823980        0x0 /OPT/altera/12.1/nios2eds/bin/gnu/H-i686-pc-linux-gnu/bin/../lib/gcc/nios2-elf/4.1.2/../../../../nios2-elf/lib/libc.a(lib_a-strcmp.o)
 .bss           0x00823980        0x0 /OPT/altera/12.1/nios2eds/bin/gnu/H-i686-pc-linux-gnu/bin/../lib/gcc/nios2-elf/4.1.2/../../../../nios2-elf/lib/libc.a(lib_a-wbuf.o)
 .bss           0x00823980        0x0 /OPT/altera/12.1/nios2eds/bin/gnu/H-i686-pc-linux-gnu/bin/../lib/gcc/nios2-elf/4.1.2/../../../../nios2-elf/lib/libc.a(lib_a-writer.o)
 .bss           0x00823980        0x0 /OPT/altera/12.1/nios2eds/bin/gnu/H-i686-pc-linux-gnu/bin/../lib/gcc/nios2-elf/4.1.2/../../../../nios2-elf/lib/libc.a(lib_a-callocr.o)
 .bss           0x00823980        0x0 /OPT/altera/12.1/nios2eds/bin/gnu/H-i686-pc-linux-gnu/bin/../lib/gcc/nios2-elf/4.1.2/../../../../nios2-elf/lib/libc.a(lib_a-closer.o)
 .bss           0x00823980        0x0 /OPT/altera/12.1/nios2eds/bin/gnu/H-i686-pc-linux-gnu/bin/../lib/gcc/nios2-elf/4.1.2/../../../../nios2-elf/lib/libc.a(lib_a-fclose.o)
 .bss           0x00823980        0x0 /OPT/altera/12.1/nios2eds/bin/gnu/H-i686-pc-linux-gnu/bin/../lib/gcc/nios2-elf/4.1.2/../../../../nios2-elf/lib/libc.a(lib_a-fstatr.o)
 .bss           0x00823980        0x0 /OPT/altera/12.1/nios2eds/bin/gnu/H-i686-pc-linux-gnu/bin/../lib/gcc/nios2-elf/4.1.2/../../../../nios2-elf/lib/libc.a(lib_a-isattyr.o)
 .bss           0x00823980        0x0 /OPT/altera/12.1/nios2eds/bin/gnu/H-i686-pc-linux-gnu/bin/../lib/gcc/nios2-elf/4.1.2/../../../../nios2-elf/lib/libc.a(lib_a-lseekr.o)
 .bss           0x00823980        0x0 /OPT/altera/12.1/nios2eds/bin/gnu/H-i686-pc-linux-gnu/bin/../lib/gcc/nios2-elf/4.1.2/../../../../nios2-elf/lib/libc.a(lib_a-readr.o)
 .bss           0x00823980        0x0 /OPT/altera/12.1/nios2eds/bin/gnu/H-i686-pc-linux-gnu/bin/../lib/gcc/nios2-elf/4.1.2/libgcc.a(_udivdi3.o)
 .bss           0x00823980        0x0 /OPT/altera/12.1/nios2eds/bin/gnu/H-i686-pc-linux-gnu/bin/../lib/gcc/nios2-elf/4.1.2/libgcc.a(_umoddi3.o)
 .bss           0x00823980        0x0 /OPT/altera/12.1/nios2eds/bin/gnu/H-i686-pc-linux-gnu/bin/../lib/gcc/nios2-elf/4.1.2/libgcc.a(_addsub_df.o)
 .bss           0x00823980        0x0 /OPT/altera/12.1/nios2eds/bin/gnu/H-i686-pc-linux-gnu/bin/../lib/gcc/nios2-elf/4.1.2/libgcc.a(_mul_df.o)
 .bss           0x00823980        0x0 /OPT/altera/12.1/nios2eds/bin/gnu/H-i686-pc-linux-gnu/bin/../lib/gcc/nios2-elf/4.1.2/libgcc.a(_div_df.o)
 .bss           0x00823980        0x0 /OPT/altera/12.1/nios2eds/bin/gnu/H-i686-pc-linux-gnu/bin/../lib/gcc/nios2-elf/4.1.2/libgcc.a(_eq_df.o)
 .bss           0x00823980        0x0 /OPT/altera/12.1/nios2eds/bin/gnu/H-i686-pc-linux-gnu/bin/../lib/gcc/nios2-elf/4.1.2/libgcc.a(_ne_df.o)