Archive member included because of file (symbol)

/OPT/altera/12.1/nios2eds/bin/gnu/H-i686-pc-linux-gnu/bin/../lib/gcc/nios2-elf/4.1.2/libgcc.a(lib2-divmod.o)
                              obj/default/efsl/fs.o (__divsi3)
/OPT/altera/12.1/nios2eds/bin/gnu/H-i686-pc-linux-gnu/bin/../lib/gcc/nios2-elf/4.1.2/../../../../nios2-elf/lib/libc.a(lib_a-malloc.o)
                              obj/default/main.o (malloc)
/OPT/altera/12.1/nios2eds/bin/gnu/H-i686-pc-linux-gnu/bin/../lib/gcc/nios2-elf/4.1.2/../../../../nios2-elf/lib/libc.a(lib_a-mallocr.o)
                              /OPT/altera/12.1/nios2eds/bin/gnu/H-i686-pc-linux-gnu/bin/../lib/gcc/nios2-elf/4.1.2/../../../../nios2-elf/lib/libc.a(lib_a-malloc.o) (_malloc_r)
/OPT/altera/12.1/nios2eds/bin/gnu/H-i686-pc-linux-gnu/bin/../lib/gcc/nios2-elf/4.1.2/../../../../nios2-elf/lib/libc.a(lib_a-memcpy.o)
                              obj/default/efsl/nios2_ramdisk.o (memcpy)
/OPT/altera/12.1/nios2eds/bin/gnu/H-i686-pc-linux-gnu/bin/../lib/gcc/nios2-elf/4.1.2/../../../../nios2-elf/lib/libc.a(lib_a-perror.o)
                              obj/default/sd.o (perror)
/OPT/altera/12.1/nios2eds/bin/gnu/H-i686-pc-linux-gnu/bin/../lib/gcc/nios2-elf/4.1.2/../../../../nios2-elf/lib/libc.a(lib_a-printf.o)
                              obj/default/efsl/ioman.o (printf)
/OPT/altera/12.1/nios2eds/bin/gnu/H-i686-pc-linux-gnu/bin/../lib/gcc/nios2-elf/4.1.2/../../../../nios2-elf/lib/libc.a(lib_a-putchar.o)
                              obj/default/efsl/sd.o (putchar)
/OPT/altera/12.1/nios2eds/bin/gnu/H-i686-pc-linux-gnu/bin/../lib/gcc/nios2-elf/4.1.2/../../../../nios2-elf/lib/libc.a(lib_a-puts.o)
                              obj/default/audio.o (puts)
/OPT/altera/12.1/nios2eds/bin/gnu/H-i686-pc-linux-gnu/bin/../lib/gcc/nios2-elf/4.1.2/../../../../nios2-elf/lib/libc.a(lib_a-sbrkr.o)
                              /OPT/altera/12.1/nios2eds/bin/gnu/H-i686-pc-linux-gnu/bin/../lib/gcc/nios2-elf/4.1.2/../../../../nios2-elf/lib/libc.a(lib_a-mallocr.o) (_sbrk_r)
/OPT/altera/12.1/nios2eds/bin/gnu/H-i686-pc-linux-gnu/bin/../lib/gcc/nios2-elf/4.1.2/../../../../nios2-elf/lib/libc.a(lib_a-strerror.o)
                              /OPT/altera/12.1/nios2eds/bin/gnu/H-i686-pc-linux-gnu/bin/../lib/gcc/nios2-elf/4.1.2/../../../../nios2-elf/lib/libc.a(lib_a-perror.o) (strerror)
/OPT/altera/12.1/nios2eds/bin/gnu/H-i686-pc-linux-gnu/bin/../lib/gcc/nios2-elf/4.1.2/../../../../nios2-elf/lib/libc.a(lib_a-strlen.o)
                              /OPT/altera/12.1/nios2eds/bin/gnu/H-i686-pc-linux-gnu/bin/../lib/gcc/nios2-elf/4.1.2/../../../../nios2-elf/lib/libc.a(lib_a-puts.o) (strlen)
/OPT/altera/12.1/nios2eds/bin/gnu/H-i686-pc-linux-gnu/bin/../lib/gcc/nios2-elf/4.1.2/../../../../nios2-elf/lib/libc.a(lib_a-u_strerr.o)
                              /OPT/altera/12.1/nios2eds/bin/gnu/H-i686-pc-linux-gnu/bin/../lib/gcc/nios2-elf/4.1.2/../../../../nios2-elf/lib/libc.a(lib_a-strerror.o) (_user_strerror)
/OPT/altera/12.1/nios2eds/bin/gnu/H-i686-pc-linux-gnu/bin/../lib/gcc/nios2-elf/4.1.2/../../../../nios2-elf/lib/libc.a(lib_a-vfprintf.o)
                              /OPT/altera/12.1/nios2eds/bin/gnu/H-i686-pc-linux-gnu/bin/../lib/gcc/nios2-elf/4.1.2/../../../../nios2-elf/lib/libc.a(lib_a-printf.o) (___vfprintf_internal_r)
/OPT/altera/12.1/nios2eds/bin/gnu/H-i686-pc-linux-gnu/bin/../lib/gcc/nios2-elf/4.1.2/../../../../nios2-elf/lib/libc.a(lib_a-wsetup.o)
                              /OPT/altera/12.1/nios2eds/bin/gnu/H-i686-pc-linux-gnu/bin/../lib/gcc/nios2-elf/4.1.2/../../../../nios2-elf/lib/libc.a(lib_a-vfprintf.o) (__swsetup_r)
/OPT/altera/12.1/nios2eds/bin/gnu/H-i686-pc-linux-gnu/bin/../lib/gcc/nios2-elf/4.1.2/../../../../nios2-elf/lib/libc.a(lib_a-dtoa.o)
                              /OPT/altera/12.1/nios2eds/bin/gnu/H-i686-pc-linux-gnu/bin/../lib/gcc/nios2-elf/4.1.2/../../../../nios2-elf/lib/libc.a(lib_a-vfprintf.o) (_dtoa_r)
/OPT/altera/12.1/nios2eds/bin/gnu/H-i686-pc-linux-gnu/bin/../lib/gcc/nios2-elf/4.1.2/../../../../nios2-elf/lib/libc.a(lib_a-fflush.o)
                              /OPT/altera/12.1/nios2eds/bin/gnu/H-i686-pc-linux-gnu/bin/../lib/gcc/nios2-elf/4.1.2/../../../../nios2-elf/lib/libc.a(lib_a-vfprintf.o) (_fflush_r)
/OPT/altera/12.1/nios2eds/bin/gnu/H-i686-pc-linux-gnu/bin/../lib/gcc/nios2-elf/4.1.2/../../../../nios2-elf/lib/libc.a(lib_a-findfp.o)
                              /OPT/altera/12.1/nios2eds/bin/gnu/H-i686-pc-linux-gnu/bin/../lib/gcc/nios2-elf/4.1.2/../../../../nios2-elf/lib/libc.a(lib_a-vfprintf.o) (__sinit)
/OPT/altera/12.1/nios2eds/bin/gnu/H-i686-pc-linux-gnu/bin/../lib/gcc/nios2-elf/4.1.2/../../../../nios2-elf/lib/libc.a(lib_a-fputc.o)
                              /OPT/altera/12.1/nios2eds/bin/gnu/H-i686-pc-linux-gnu/bin/../lib/gcc/nios2-elf/4.1.2/../../../../nios2-elf/lib/libc.a(lib_a-perror.o) (fputc)
/OPT/altera/12.1/nios2eds/bin/gnu/H-i686-pc-linux-gnu/bin/../lib/gcc/nios2-elf/4.1.2/../../../../nios2-elf/lib/libc.a(lib_a-fputs.o)
[...]
Memory Configuration

Name             Origin             Length             Attributes
reset            0x00000000         0x00000020
generic_tristate_controller_0 0x00000020         0x003fffe0
sdram_0          0x00800000         0x00800000
sram_0           0x01080000         0x00080000
onchip_memory2_0_BEFORE_EXCEPTION 0x01104000         0x00000020
onchip_memory2_0 0x01104020         0x00003fe0
*default*        0x00000000         0xffffffff

Linker script and memory map

LOAD ../capstone_Volatile_bsp//obj/HAL/src/crt0.o
LOAD obj/default/audio.o
LOAD obj/default/buttons.o
LOAD obj/default/efsl/debug.o
LOAD obj/default/efsl/dir.o
LOAD obj/default/efsl/disc.o
LOAD obj/default/efsl/efs.o
LOAD obj/default/efsl/extract.o
LOAD obj/default/efsl/fat.o
LOAD obj/default/efsl/file.o
LOAD obj/default/efsl/fs.o
LOAD obj/default/efsl/ioman.o
LOAD obj/default/efsl/ls.o
LOAD obj/default/efsl/mkfs.o
LOAD obj/default/efsl/nios2.o
LOAD obj/default/efsl/nios2_ramdisk.o
LOAD obj/default/efsl/partition.o
LOAD obj/default/efsl/plibc.o
LOAD obj/default/efsl/sd.o
LOAD obj/default/efsl/time.o
LOAD obj/default/efsl/ui.o
LOAD obj/default/main.o
LOAD obj/default/save.o
LOAD obj/default/sd.o
LOAD /OPT/altera/12.1/nios2eds/bin/gnu/H-i686-pc-linux-gnu/bin/../lib/gcc/nios2-elf/4.1.2/../../../../nios2-elf/lib/libstdc++.a
LOAD /OPT/altera/12.1/nios2eds/bin/gnu/H-i686-pc-linux-gnu/bin/../lib/gcc/nios2-elf/4.1.2/../../../../nios2-elf/lib/libm.a
LOAD /OPT/altera/12.1/nios2eds/bin/gnu/H-i686-pc-linux-gnu/bin/../lib/gcc/nios2-elf/4.1.2/libgcc.a
START GROUP
LOAD /OPT/altera/12.1/nios2eds/bin/gnu/H-i686-pc-linux-gnu/bin/../lib/gcc/nios2-elf/4.1.2/../../../../nios2-elf/lib/libc.a
LOAD /OPT/altera/12.1/nios2eds/bin/gnu/H-i686-pc-linux-gnu/bin/../lib/gcc/nios2-elf/4.1.2/libgcc.a
LOAD ../capstone_Volatile_bsp//libucosii_bsp.a
END GROUP
LOAD /OPT/altera/12.1/nios2eds/bin/gnu/H-i686-pc-linux-gnu/bin/../lib/gcc/nios2-elf/4.1.2/libgcc.a
                0x00000000                __alt_mem_generic_tristate_controller_0 = 0x0
                0x00800000                __alt_mem_sdram_0 = 0x800000
                0x01080000                __alt_mem_sram_0 = 0x1080000
                0x01104000                __alt_mem_onchip_memory2_0 = 0x1104000

.entry          0x00000000        0x0
 *(.entry)
 .entry         0x00000000        0x0 ../capstone_Volatile_bsp//obj/HAL/src/crt0.o
                0x00000000                __reset

.exceptions     0x01104020      0x1a0
                0x01104020                PROVIDE (__ram_exceptions_start, ABSOLUTE (.))
                0x01104020                . = ALIGN (0x20)
 *(.irq)
 *(.exceptions.entry.label)
 .exceptions.entry.label
                0x01104020        0x0 ../capstone_Volatile_bsp//libucosii_bsp.a(alt_irq_entry.o)
                0x01104020                alt_irq_entry
 .exceptions.entry.label
                0x01104020        0x0 ../capstone_Volatile_bsp//libucosii_bsp.a(alt_exception_entry.o)
                0x01104020                alt_exception
 *(.exceptions.entry.user)
 *(.exceptions.entry)
 .exceptions.entry
                0x01104020       0x54 ../capstone_Volatile_bsp//libucosii_bsp.a(alt_exception_entry.o)
 *(.exceptions.irqtest.user)
 *(.exceptions.irqtest)
 .exceptions.irqtest
                0x01104074       0x10 ../capstone_Volatile_bsp//libucosii_bsp.a(alt_irq_entry.o)
 *(.exceptions.irqhandler.user)
 *(.exceptions.irqhandler)
 .exceptions.irqhandler
                0x01104084        0x4 ../capstone_Volatile_bsp//libucosii_bsp.a(alt_irq_entry.o)
 *(.exceptions.irqreturn.user)
 *(.exceptions.irqreturn)
 .exceptions.irqreturn
                0x01104088        0x4 ../capstone_Volatile_bsp//libucosii_bsp.a(alt_irq_entry.o)
 *(.exceptions.notirq.label)
 .exceptions.notirq.label
                0x0110408c        0x0 ../capstone_Volatile_bsp//libucosii_bsp.a(alt_irq_entry.o)
 *(.exceptions.notirq.user)
 *(.exceptions.notirq)
 .exceptions.notirq
                0x0110408c        0x8 ../capstone_Volatile_bsp//libucosii_bsp.a(alt_exception_entry.o)
 *(.exceptions.soft.user)
 *(.exceptions.soft)
 *(.exceptions.unknown.user)
 *(.exceptions.unknown)
 .exceptions.unknown
                0x01104094        0x4 ../capstone_Volatile_bsp//libucosii_bsp.a(alt_exception_entry.o)
 *(.exceptions.exit.label)
 .exceptions.exit.label
                0x01104098        0x0 ../capstone_Volatile_bsp//libucosii_bsp.a(alt_irq_entry.o)
 .exceptions.exit.label
                0x01104098        0x0 ../capstone_Volatile_bsp//libucosii_bsp.a(alt_exception_entry.o)
 *(.exceptions.exit.user)
 *(.exceptions.exit)
 .exceptions.exit
                0x01104098       0x54 ../capstone_Volatile_bsp//libucosii_bsp.a(alt_exception_entry.o)
 *(.exceptions)
 .exceptions    0x011040ec       0xd4 ../capstone_Volatile_bsp//libucosii_bsp.a(alt_irq_handler.o)
                0x011040ec                alt_irq_handler
                0x011041c0                PROVIDE (__ram_exceptions_end, ABSOLUTE (.))
                0x01104020                PROVIDE (__flash_exceptions_start, LOADADDR (.exceptions))

.text           0x00800000    0x20b9c
                0x00800000                PROVIDE (stext, ABSOLUTE (.))
 *(.interp)
 *(.hash)
 *(.dynsym)
 *(.dynstr)
 *(.gnu.version)
 *(.gnu.version_d)
 *(.gnu.version_r)
 *(.rel.init)
 *(.rela.init)
 *(.rel.text .rel.text.* .rel.gnu.linkonce.t.*)
 *(.rela.text .rela.text.* .rela.gnu.linkonce.t.*)
 *(.rel.fini)
 *(.rela.fini)
 *(.rel.rodata .rel.rodata.* .rel.gnu.linkonce.r.*)
 *(.rela.rodata .rela.rodata.* .rela.gnu.linkonce.r.*)
 *(.rel.data .rel.data.* .rel.gnu.linkonce.d.*)
 *(.rela.data .rela.data.* .rela.gnu.linkonce.d.*)
 *(.rel.tdata .rel.tdata.* .rel.gnu.linkonce.td.*)
 *(.rela.tdata .rela.tdata.* .rela.gnu.linkonce.td.*)
 *(.rel.tbss .rel.tbss.* .rel.gnu.linkonce.tb.*)
 *(.rela.tbss .rela.tbss.* .rela.gnu.linkonce.tb.*)
 *(.rel.ctors)
 *(.rela.ctors)
 *(.rel.dtors)
 *(.rela.dtors)
 *(.rel.got)
 *(.rela.got)
 *(.rel.sdata .rel.sdata.* .rel.gnu.linkonce.s.*)
 *(.rela.sdata .rela.sdata.* .rela.gnu.linkonce.s.*)
 *(.rel.sbss .rel.sbss.* .rel.gnu.linkonce.sb.*)
 *(.rela.sbss .rela.sbss.* .rela.gnu.linkonce.sb.*)
 *(.rel.sdata2 .rel.sdata2.* .rel.gnu.linkonce.s2.*)
 *(.rela.sdata2 .rela.sdata2.* .rela.gnu.linkonce.s2.*)
 *(.rel.sbss2 .rel.sbss2.* .rel.gnu.linkonce.sb2.*)
 *(.rela.sbss2 .rela.sbss2.* .rela.gnu.linkonce.sb2.*)
 *(.rel.bss .rel.bss.* .rel.gnu.linkonce.b.*)
 *(.rela.bss .rela.bss.* .rela.gnu.linkonce.b.*)
 *(.rel.plt)
 *(.rela.plt)
 *(.rel.dyn)
 *(.init)
 *(.plt)
 *(.text .stub .text.* .gnu.linkonce.t.*)
 .text          0x00800000       0x48 ../capstone_Volatile_bsp//obj/HAL/src/crt0.o
                0x00800000                _start
 .text          0x00800048      0x48c obj/default/audio.o
                0x00800048                audioInit
                0x008001f8                audio_isr
                0x008002c0                synthesize
 .text          0x008004d4      0x278 obj/default/buttons.o
                0x008004d4                init_button_pio
                0x00800530                interrupt_isr_buttonPress
                0x008006c4                setDrum
 .text          0x0080074c        0x0 obj/default/efsl/debug.o
 .text          0x0080074c      0xb40 obj/default/efsl/dir.o
                0x0080074c                dir_getFileStructure
                0x00800808                dir_createDirectoryEntry
                0x0080088c                dir_createDefaultEntry
                0x0080093c                dir_setFirstCluster
                0x008009e4                dir_setFileSize
                0x00800a64                dir_updateDirectoryEntry
                0x00800aec                dir_findFileinBuf
                0x00800c44                dir_findFreeEntryinBuf
                0x00800d3c                dir_findinBuf
                0x00800dc8                dir_findinCluster
                0x00800eec                dir_findinDir
                0x00800fe4                dir_findinRootArea
                0x00801128                dir_getFatFileName
                0x008011fc                dir_addCluster
 .text          0x0080128c       0xe4 obj/default/efsl/disc.o
                0x0080128c                disc_initDisc
                0x008012d4                disc_loadMBR
 .text          0x00801370      0x128 obj/default/efsl/efs.o
                0x00801370                efs_init
 .text          0x00801498      0x354 obj/default/efsl/extract.o
                0x00801498                ex_getb16
                0x008014f8                ex_getb32
                0x00801590                ex_setb16
                0x008015e8                ex_setb32
                0x00801678                ex_getPartitionField
                0x008017c4                ex_setPartitionField
 .text          0x008017ec     0x1504 obj/default/efsl/fat.o
                0x008017ec                fat_getSectorAddressFatEntry
                0x00801914                fat_getNextClusterAddress
                0x00801b3c                fat_setNextClusterAddress
                0x00801eb0                fat_isEocMarker
                0x00801f64                fat_giveEocMarker
                0x00801fec                fat_getNextClusterAddressWBuf
                0x008021b4                fat_setNextClusterAddressWBuf
                0x00802498                fat_getNextClusterChain
                0x00802648                fat_LogicToDiscCluster
                0x00802778                fat_allocClusterChain
                0x00802a44                fat_unlinkClusterChain
                0x00802b1c                fat_countClustersInChain
                0x00802bc0                fat_DiscToLogicCluster
                0x00802c70                fat_countFreeClusters
 .text          0x00802cf0     0x12bc obj/default/efsl/file.o
                0x00802cf0                file_fread
                0x00802f88                file_read
                0x00802ff0                file_write
                0x00803058                file_setpos
                0x008030ac                file_fwrite
                0x008033f8                file_fopen
                0x00803870                file_fclose
                0x00803970                file_initFile
                0x00803a2c                file_normalToFatName
                0x00803ca4                file_validateChar
                0x00803d8c                file_setAttr
                0x00803e18                file_getAttr
                0x00803e5c                file_requiredCluster
 .text          0x00803fac     0x117c obj/default/efsl/fs.o
                0x00803fac                fs_initFs
                0x00804068                fs_isValidFat
                0x008040dc                fs_loadVolumeId
                0x00804218                fs_verifySanity
                0x008043b4                fs_countDataSectors
                0x0080450c                fs_determineFatType
                0x00804588                fs_findFirstSectorRootDir
                0x00804648                fs_initCurrentDir
                0x00804684                fs_clusterToSector
                0x00804750                fs_sectorToCluster
                0x0080484c                fs_getNextFreeCluster
                0x008048cc                fs_giveFreeClusterHint
                0x008048f0                fs_findFile
                0x00804b30                fs_findFreeFile
                0x00804c50                fs_getLastCluster
                0x00804d28                fs_getFirstClusterRootDir
                0x00804d7c                fs_initClusterChain
                0x00804ddc                fs_setFirstClusterInDirEntry
                0x00804e24                fs_flushFs
                0x00804e70                fs_umount
                0x00804eac                fs_clearCluster
                0x00804f5c                fs_getFsInfo
                0x00805058                fs_setFsInfo
 .text          0x00805128     0x1df4 obj/default/efsl/ioman.o
                0x00805128                ioman_init
                0x008051a0                ioman_reset
                0x00805310                ioman_getBuffer
                0x0080533c                ioman_setAttr
                0x00805420                ioman_getAttr
                0x008054a8                ioman_getUseCnt
                0x00805514                ioman_incUseCnt
                0x008055a8                ioman_decUseCnt
                0x0080563c                ioman_resetUseCnt
                0x00805698                ioman_getRefCnt
                0x00805704                ioman_incRefCnt
                0x00805798                ioman_decRefCnt
                0x0080582c                ioman_resetRefCnt
                0x00805888                ioman_pop
                0x00805a5c                ioman_push
                0x00805c1c                ioman_getPtr
                0x00805c84                ioman_getBp
                0x00805d3c                ioman_readSector
                0x00805dc8                ioman_writeSector
                0x00805e54                ioman_resetCacheItem
                0x00805ef4                ioman_findSectorInCache
                0x00805fa0                ioman_findFreeSpot
                0x00806024                ioman_findUnusedSpot
                0x00806194                ioman_findOverallocableSpot
                0x008062e0                ioman_putSectorInCache
                0x008063bc                ioman_flushSector
                0x008064d0                ioman_flushRange
                0x00806624                ioman_flushAll
                0x008066f8                ioman_getSector
                0x00806a04                ioman_releaseSector
                0x00806ae4                ioman_directSectorRead
                0x00806c0c                ioman_directSectorWrite
                0x00806d78                ioman_printStatus
 .text          0x00806f1c      0x588 obj/default/efsl/ls.o
                0x00806f1c                ls_openDir
                0x00806fd4                ls_getDirEntry
                0x00807060                ls_getNext
                0x00807108                ls_getRealDirEntry
                0x00807260                ls_getRootAreaEntry
                0x00807370                ls_isValidFileEntry
                0x00807400                ls_fileEntryToDirListEntry
 .text          0x008074a4      0x3e4 obj/default/efsl/mkfs.o
                0x008074a4                mkfs_makevfat
 .text          0x00807888      0x4c0 obj/default/efsl/nios2.o
                0x00807888                if_initInterface
                0x00807968                if_readBuf
                0x008079b8                if_writeBuf
                0x00807a04                if_setPos
                0x00807a2c                if_spiInit
                0x00807a70                if_spiSend
                0x00807b90                if_spi_sendbuf
                0x00807c60                if_spi_readbuf
 .text          0x00807d48      0x134 obj/default/efsl/nios2_ramdisk.o
                0x00807e54                ramdisk_init
 .text          0x00807e7c      0x46c obj/default/efsl/partition.o
                0x00807e7c                part_initPartition
                0x00807f2c                part_isFatPart
                0x00807fa8                part_readBuf
                0x00808018                part_writeBuf
                0x00808088                part_getRealLBA
                0x008080e0                part_getSect
                0x00808140                part_relSect
                0x0080818c                part_flushPart
                0x00808210                part_directSectorRead
                0x0080827c                part_directSectorWrite
 .text          0x008082e8      0x1b4 obj/default/efsl/plibc.o
                0x008082e8                strMatch
                0x00808380                memCpy
                0x008083ec                memClr
                0x00808440                memSet
 .text          0x0080849c      0xa20 obj/default/efsl/sd.o
                0x0080849c                sd_Init
                0x008085dc                sd_Command
                0x00808690                sd_Resp8b
                0x0080870c                sd_Resp16b
                0x00808774                sd_Resp8bError
                0x0080894c                sd_State
                0x00808b08                sd_writeSector
                0x00808bdc                sd_readSector
                0x00808ce0                sd_getDriveSize
 .text          0x00808ebc       0x60 obj/default/efsl/time.o
                0x00808ebc                fs_makeDate
                0x00808edc                fs_makeTime
                0x00808efc                fs_hasTimeSupport
 .text          0x00808f1c      0x708 obj/default/efsl/ui.o
                0x00808f1c                listFiles
                0x0080921c                rmfile
                0x0080935c                makedir
 .text          0x00809624      0x5d8 obj/default/main.o
                0x00809624                main
 .text          0x00809bfc        0x0 obj/default/save.o
 .text          0x00809bfc      0x264 obj/default/sd.o
                0x00809bfc                sdInit
                0x00809c7c                sdRead
                0x00809da4                parseWav
 .text          0x00809e60      0x14c /OPT/altera/12.1/nios2eds/bin/gnu/H-i686-pc-linux-gnu/bin/../lib/gcc/nios2-elf/4.1.2/libgcc.a(lib2-divmod.o)
                0x00809edc                __divsi3
                0x00809f3c                __modsi3
                0x00809f9c                __udivsi3
                0x00809fa4                __umodsi3
 .text          0x00809fac       0x28 /OPT/altera/12.1/nios2eds/bin/gnu/H-i686-pc-linux-gnu/bin/../lib/gcc/nios2-elf/4.1.2/../../../../nios2-elf/lib/libc.a(lib_a-malloc.o)
                0x00809fac                free
                0x00809fc0                malloc
 .text          0x00809fd4      0x740 /OPT/altera/12.1/nios2eds/bin/gnu/H-i686-pc-linux-gnu/bin/../lib/gcc/nios2-elf/4.1.2/../../../../nios2-elf/lib/libc.a(lib_a-mallocr.o)
                0x00809fd4                _malloc_r
 .text          0x0080a714       0xa0 /OPT/altera/12.1/nios2eds/bin/gnu/H-i686-pc-linux-gnu/bin/../lib/gcc/nios2-elf/4.1.2/../../../../nios2-elf/lib/libc.a(lib_a-memcpy.o)
                0x0080a714                memcpy
 .text          0x0080a7b4       0x80 /OPT/altera/12.1/nios2eds/bin/gnu/H-i686-pc-linux-gnu/bin/../lib/gcc/nios2-elf/4.1.2/../../../../nios2-elf/lib/libc.a(lib_a-perror.o)
                0x0080a7b4                _perror_r
                0x0080a820                perror
 .text          0x0080a834       0x78 /OPT/altera/12.1/nios2eds/bin/gnu/H-i686-pc-linux-gnu/bin/../lib/gcc/nios2-elf/4.1.2/../../../../nios2-elf/lib/libc.a(lib_a-printf.o)
                0x0080a834                printf
                0x0080a878                _printf_r
 .text          0x0080a8ac       0x24 /OPT/altera/12.1/nios2eds/bin/gnu/H-i686-pc-linux-gnu/bin/../lib/gcc/nios2-elf/4.1.2/../../../../nios2-elf/lib/libc.a(lib_a-putchar.o)
                0x0080a8ac                putchar
                0x0080a8c8                _putchar_r
 .text          0x0080a8d0       0xb4 /OPT/altera/12.1/nios2eds/bin/gnu/H-i686-pc-linux-gnu/bin/../lib/gcc/nios2-elf/4.1.2/../../../../nios2-elf/lib/libc.a(lib_a-puts.o)
                0x0080a8d0                _puts_r
                0x0080a970                puts
 .text          0x0080a984       0x70 /OPT/altera/12.1/nios2eds/bin/gnu/H-i686-pc-linux-gnu/bin/../lib/gcc/nios2-elf/4.1.2/../../../../nios2-elf/lib/libc.a(lib_a-sbrkr.o)
                0x0080a984                _sbrk_r
 .text          0x0080a9f4      0x674 /OPT/altera/12.1/nios2eds/bin/gnu/H-i686-pc-linux-gnu/bin/../lib/gcc/nios2-elf/4.1.2/../../../../nios2-elf/lib/libc.a(lib_a-strerror.o)
                0x0080a9f4                strerror
 .text          0x0080b068       0x74 /OPT/altera/12.1/nios2eds/bin/gnu/H-i686-pc-linux-gnu/bin/../lib/gcc/nios2-elf/4.1.2/../../../../nios2-elf/lib/libc.a(lib_a-strlen.o)
                0x0080b068                strlen
 .text          0x0080b0dc        0x8 /OPT/altera/12.1/nios2eds/bin/gnu/H-i686-pc-linux-gnu/bin/../lib/gcc/nios2-elf/4.1.2/../../../../nios2-elf/lib/libc.a(lib_a-u_strerr.o)
                0x0080b0dc                _user_strerror
 .text          0x0080b0e4     0x1f28 /OPT/altera/12.1/nios2eds/bin/gnu/H-i686-pc-linux-gnu/bin/../lib/gcc/nios2-elf/4.1.2/../../../../nios2-elf/lib/libc.a(lib_a-vfprintf.o)
                0x0080b13c                ___vfprintf_internal_r
                0x0080cfe8                __vfprintf_internal
 .text          0x0080d00c      0x13c /OPT/altera/12.1/nios2eds/bin/gnu/H-i686-pc-linux-gnu/bin/../lib/gcc/nios2-elf/4.1.2/../../../../nios2-elf/lib/libc.a(lib_a-wsetup.o)
                0x0080d00c                __swsetup_r
 .text          0x0080d148     0x17cc /OPT/altera/12.1/nios2eds/bin/gnu/H-i686-pc-linux-gnu/bin/../lib/gcc/nios2-elf/4.1.2/../../../../nios2-elf/lib/libc.a(lib_a-dtoa.o)
                0x0080d360                _dtoa_r
 .text          0x0080e914      0x230 /OPT/altera/12.1/nios2eds/bin/gnu/H-i686-pc-linux-gnu/bin/../lib/gcc/nios2-elf/4.1.2/../../../../nios2-elf/lib/libc.a(lib_a-fflush.o)
                0x0080e914                _fflush_r
                0x0080eb10                fflush
 .text          0x0080eb44      0x2c0 /OPT/altera/12.1/nios2eds/bin/gnu/H-i686-pc-linux-gnu/bin/../lib/gcc/nios2-elf/4.1.2/../../../../nios2-elf/lib/libc.a(lib_a-findfp.o)
                0x0080eb9c                __sfp_lock_acquire
                0x0080eba0                __sfp_lock_release
                0x0080eba4                __sinit_lock_acquire
                0x0080eba8                __sinit_lock_release
                0x0080ebac                __sinit
                0x0080ec60                __fp_unlock_all
                0x0080ec78                __fp_lock_all
                0x0080ec90                _cleanup_r
                0x0080ec9c                _cleanup
                0x0080ecac                __sfmoreglue
                0x0080ed14                __sfp
 .text          0x0080ee04       0xbc /OPT/altera/12.1/nios2eds/bin/gnu/H-i686-pc-linux-gnu/bin/../lib/gcc/nios2-elf/4.1.2/../../../../nios2-elf/lib/libc.a(lib_a-fputc.o)
                0x0080ee04                fputc
                0x0080ee68                _fputc_r
 .text          0x0080eec0       0x90 /OPT/altera/12.1/nios2eds/bin/gnu/H-i686-pc-linux-gnu/bin/../lib/gcc/nios2-elf/4.1.2/../../../../nios2-elf/lib/libc.a(lib_a-fputs.o)
                0x0080eec0                _fputs_r
                0x0080ef34                fputs
 .text          0x0080ef50      0x440 /OPT/altera/12.1/nios2eds/bin/gnu/H-i686-pc-linux-gnu/bin/../lib/gcc/nios2-elf/4.1.2/../../../../nios2-elf/lib/libc.a(lib_a-freer.o)
                0x0080ef50                _malloc_trim_r
                0x0080f07c                _free_r
 .text          0x0080f390      0x49c /OPT/altera/12.1/nios2eds/bin/gnu/H-i686-pc-linux-gnu/bin/../lib/gcc/nios2-elf/4.1.2/../../../../nios2-elf/lib/libc.a(lib_a-fvwrite.o)
                0x0080f390                __sfvwrite_r
 .text          0x0080f82c      0x180 /OPT/altera/12.1/nios2eds/bin/gnu/H-i686-pc-linux-gnu/bin/../lib/gcc/nios2-elf/4.1.2/../../../../nios2-elf/lib/libc.a(lib_a-fwalk.o)
                0x0080f82c                _fwalk_reent
                0x0080f8f4                _fwalk
 .text          0x0080f9ac        0x0 /OPT/altera/12.1/nios2eds/bin/gnu/H-i686-pc-linux-gnu/bin/../lib/gcc/nios2-elf/4.1.2/../../../../nios2-elf/lib/libc.a(lib_a-impure.o)
 .text          0x0080f9ac        0x0 /OPT/altera/12.1/nios2eds/bin/gnu/H-i686-pc-linux-gnu/bin/../lib/gcc/nios2-elf/4.1.2/../../../../nios2-elf/lib/libc.a(lib_a-int_errno.o)
 .text          0x0080f9ac       0xc4 /OPT/altera/12.1/nios2eds/bin/gnu/H-i686-pc-linux-gnu/bin/../lib/gcc/nios2-elf/4.1.2/../../../../nios2-elf/lib/libc.a(lib_a-locale.o)
                0x0080f9ac                __locale_charset
                0x0080f9b4                _localeconv_r
                0x0080f9c0                localeconv
                0x0080f9d0                _setlocale_r
                0x0080fa54                setlocale
 .text          0x0080fa70      0x194 /OPT/altera/12.1/nios2eds/bin/gnu/H-i686-pc-linux-gnu/bin/../lib/gcc/nios2-elf/4.1.2/../../../../nios2-elf/lib/libc.a(lib_a-makebuf.o)
                0x0080fa70                __smakebuf_r
 .text          0x0080fc04       0xe4 /OPT/altera/12.1/nios2eds/bin/gnu/H-i686-pc-linux-gnu/bin/../lib/gcc/nios2-elf/4.1.2/../../../../nios2-elf/lib/libc.a(lib_a-memchr.o)
                0x0080fc04                memchr
 .text          0x0080fce8       0xe0 /OPT/altera/12.1/nios2eds/bin/gnu/H-i686-pc-linux-gnu/bin/../lib/gcc/nios2-elf/4.1.2/../../../../nios2-elf/lib/libc.a(lib_a-memmove.o)
                0x0080fce8                memmove
 .text          0x0080fdc8       0x98 /OPT/altera/12.1/nios2eds/bin/gnu/H-i686-pc-linux-gnu/bin/../lib/gcc/nios2-elf/4.1.2/../../../../nios2-elf/lib/libc.a(lib_a-memset.o)
                0x0080fdc8                memset
 .text          0x0080fe60      0xff4 /OPT/altera/12.1/nios2eds/bin/gnu/H-i686-pc-linux-gnu/bin/../lib/gcc/nios2-elf/4.1.2/../../../../nios2-elf/lib/libc.a(lib_a-mprec.o)
                0x0080fe60                _Bfree
                0x0080fe88                __hi0bits
                0x0080fef8                __lo0bits
                0x0080ffbc                __mcmp
                0x0081001c                __ulp
                0x0081009c                __b2d
                0x008101bc                __ratio
                0x0081026c                _mprec_log10
                0x00810300                __copybits
                0x00810358                __any_on
                0x008103e0                _Balloc
                0x0081049c                __d2b
                0x00810618                __mdiff
                0x008107a4                __lshift
                0x008108f0                __multiply
                0x00810ad8                __i2b
                0x00810b14                __multadd
                0x00810c14                __pow5mult
                0x00810d34                __s2b
 .text          0x00810e54      0x1ec /OPT/altera/12.1/nios2eds/bin/gnu/H-i686-pc-linux-gnu/bin/../lib/gcc/nios2-elf/4.1.2/../../../../nios2-elf/lib/libc.a(lib_a-putc.o)
                0x00810e54                putc
                0x00810f58                _putc_r
 .text          0x00811040      0x5f4 /OPT/altera/12.1/nios2eds/bin/gnu/H-i686-pc-linux-gnu/bin/../lib/gcc/nios2-elf/4.1.2/../../../../nios2-elf/lib/libc.a(lib_a-reallocr.o)
                0x00811040                _realloc_r
 .text          0x00811634       0x40 /OPT/altera/12.1/nios2eds/bin/gnu/H-i686-pc-linux-gnu/bin/../lib/gcc/nios2-elf/4.1.2/../../../../nios2-elf/lib/libc.a(lib_a-s_isinfd.o)
                0x00811634                __isinfd
 .text          0x00811674       0x30 /OPT/altera/12.1/nios2eds/bin/gnu/H-i686-pc-linux-gnu/bin/../lib/gcc/nios2-elf/4.1.2/../../../../nios2-elf/lib/libc.a(lib_a-s_isnand.o)
                0x00811674                __isnand
 .text          0x008116a4      0x14c /OPT/altera/12.1/nios2eds/bin/gnu/H-i686-pc-linux-gnu/bin/../lib/gcc/nios2-elf/4.1.2/../../../../nios2-elf/lib/libc.a(lib_a-stdio.o)
                0x008116a4                __sclose
                0x008116ac                __sseek
                0x00811714                __swrite
                0x00811790                __sread
 .text          0x008117f0       0xbc /OPT/altera/12.1/nios2eds/bin/gnu/H-i686-pc-linux-gnu/bin/../lib/gcc/nios2-elf/4.1.2/../../../../nios2-elf/lib/libc.a(lib_a-strcmp.o)
                0x008117f0                strcmp
 .text          0x008118ac      0x14c /OPT/altera/12.1/nios2eds/bin/gnu/H-i686-pc-linux-gnu/bin/../lib/gcc/nios2-elf/4.1.2/../../../../nios2-elf/lib/libc.a(lib_a-wbuf.o)
                0x008118ac                __swbuf_r
                0x008119dc                __swbuf
 .text          0x008119f8       0x78 /OPT/altera/12.1/nios2eds/bin/gnu/H-i686-pc-linux-gnu/bin/../lib/gcc/nios2-elf/4.1.2/../../../../nios2-elf/lib/libc.a(lib_a-writer.o)
                0x008119f8                _write_r
 .text          0x00811a70       0xb4 /OPT/altera/12.1/nios2eds/bin/gnu/H-i686-pc-linux-gnu/bin/../lib/gcc/nios2-elf/4.1.2/../../../../nios2-elf/lib/libc.a(lib_a-callocr.o)
                0x00811a70                _calloc_r
 .text          0x00811b24       0x70 /OPT/altera/12.1/nios2eds/bin/gnu/H-i686-pc-linux-gnu/bin/../lib/gcc/nios2-elf/4.1.2/../../../../nios2-elf/lib/libc.a(lib_a-closer.o)
                0x00811b24                _close_r
 .text          0x00811b94      0x124 /OPT/altera/12.1/nios2eds/bin/gnu/H-i686-pc-linux-gnu/bin/../lib/gcc/nios2-elf/4.1.2/../../../../nios2-elf/lib/libc.a(lib_a-fclose.o)
                0x00811b94                _fclose_r
                0x00811ca4                fclose
 .text          0x00811cb8       0x74 /OPT/altera/12.1/nios2eds/bin/gnu/H-i686-pc-linux-gnu/bin/../lib/gcc/nios2-elf/4.1.2/../../../../nios2-elf/lib/libc.a(lib_a-fstatr.o)
                0x00811cb8                _fstat_r
 .text          0x00811d2c       0x70 /OPT/altera/12.1/nios2eds/bin/gnu/H-i686-pc-linux-gnu/bin/../lib/gcc/nios2-elf/4.1.2/../../../../nios2-elf/lib/libc.a(lib_a-isattyr.o)
                0x00811d2c                _isatty_r
 .text          0x00811d9c       0x78 /OPT/altera/12.1/nios2eds/bin/gnu/H-i686-pc-linux-gnu/bin/../lib/gcc/nios2-elf/4.1.2/../../../../nios2-elf/lib/libc.a(lib_a-lseekr.o)
                0x00811d9c                _lseek_r
 .text          0x00811e14       0x78 /OPT/altera/12.1/nios2eds/bin/gnu/H-i686-pc-linux-gnu/bin/../lib/gcc/nios2-elf/4.1.2/../../../../nios2-elf/lib/libc.a(lib_a-readr.o)
                0x00811e14                _read_r
 .text          0x00811e8c      0x5dc /OPT/altera/12.1/nios2eds/bin/gnu/H-i686-pc-linux-gnu/bin/../lib/gcc/nios2-elf/4.1.2/libgcc.a(_udivdi3.o)
                0x00811e8c                __udivdi3
 .text          0x00812468      0x5b0 /OPT/altera/12.1/nios2eds/bin/gnu/H-i686-pc-linux-gnu/bin/../lib/gcc/nios2-elf/4.1.2/libgcc.a(_umoddi3.o)
                0x00812468                __umoddi3
 .text          0x00812a18      0x504 /OPT/altera/12.1/nios2eds/bin/gnu/H-i686-pc-linux-gnu/bin/../lib/gcc/nios2-elf/4.1.2/libgcc.a(_addsub_df.o)
                0x00812e28                __subdf3
                0x00812ea8                __adddf3
 .text          0x00812f1c      0x3c4 /OPT/altera/12.1/nios2eds/bin/gnu/H-i686-pc-linux-gnu/bin/../lib/gcc/nios2-elf/4.1.2/libgcc.a(_mul_df.o)
                0x00812f1c                __muldf3
 .text          0x008132e0      0x258 /OPT/altera/12.1/nios2eds/bin/gnu/H-i686-pc-linux-gnu/bin/../lib/gcc/nios2-elf/4.1.2/libgcc.a(_div_df.o)
                0x008132e0                __divdf3
 .text          0x00813538       0x88 /OPT/altera/12.1/nios2eds/bin/gnu/H-i686-pc-linux-gnu/bin/../lib/gcc/nios2-elf/4.1.2/libgcc.a(_eq_df.o)
                0x00813538                __eqdf2
 .text          0x008135c0       0x88 /OPT/altera/12.1/nios2eds/bin/gnu/H-i686-pc-linux-gnu/bin/../lib/gcc/nios2-elf/4.1.2/libgcc.a(_ne_df.o)
                0x008135c0                __nedf2
 .text          0x00813648       0x88 /OPT/altera/12.1/nios2eds/bin/gnu/H-i686-pc-linux-gnu/bin/../lib/gcc/nios2-elf/4.1.2/libgcc.a(_gt_df.o)
                0x00813648                __gtdf2
 .text          0x008136d0       0x88 /OPT/altera/12.1/nios2eds/bin/gnu/H-i686-pc-linux-gnu/bin/../lib/gcc/nios2-elf/4.1.2/libgcc.a(_ge_df.o)
                0x008136d0                __gedf2
 .text          0x00813758       0x88 /OPT/altera/12.1/nios2eds/bin/gnu/H-i686-pc-linux-gnu/bin/../lib/gcc/nios2-elf/4.1.2/libgcc.a(_lt_df.o)
                0x00813758                __ltdf2
 .text          0x008137e0       0xf8 /OPT/altera/12.1/nios2eds/bin/gnu/H-i686-pc-linux-gnu/bin/../lib/gcc/nios2-elf/4.1.2/libgcc.a(_si_to_df.o)
                0x008137e0                __floatsidf
 .text          0x008138d8       0xd8 /OPT/altera/12.1/nios2eds/bin/gnu/H-i686-pc-linux-gnu/bin/../lib/gcc/nios2-elf/4.1.2/libgcc.a(_df_to_si.o)
                0x008138d8                __fixdfsi
 .text          0x008139b0        0x0 /OPT/altera/12.1/nios2eds/bin/gnu/H-i686-pc-linux-gnu/bin/../lib/gcc/nios2-elf/4.1.2/libgcc.a(_thenan_df.o)
 .text          0x008139b0      0x194 /OPT/altera/12.1/nios2eds/bin/gnu/H-i686-pc-linux-gnu/bin/../lib/gcc/nios2-elf/4.1.2/libgcc.a(_usi_to_df.o)
                0x008139b0                __floatunsidf
 .text          0x00813b44       0x98 /OPT/altera/12.1/nios2eds/bin/gnu/H-i686-pc-linux-gnu/bin/../lib/gcc/nios2-elf/4.1.2/libgcc.a(_muldi3.o)
                0x00813b44                __muldi3
 .text          0x00813bdc        0x0 /OPT/altera/12.1/nios2eds/bin/gnu/H-i686-pc-linux-gnu/bin/../lib/gcc/nios2-elf/4.1.2/libgcc.a(_clz.o)
 .text          0x00813bdc       0x80 /OPT/altera/12.1/nios2eds/bin/gnu/H-i686-pc-linux-gnu/bin/../lib/gcc/nios2-elf/4.1.2/libgcc.a(_clzsi2.o)
                0x00813bdc                __clzsi2
 .text          0x00813c5c      0x314 /OPT/altera/12.1/nios2eds/bin/gnu/H-i686-pc-linux-gnu/bin/../lib/gcc/nios2-elf/4.1.2/libgcc.a(_pack_df.o)
                0x00813c5c                __pack_d
 .text          0x00813f70      0x138 /OPT/altera/12.1/nios2eds/bin/gnu/H-i686-pc-linux-gnu/bin/../lib/gcc/nios2-elf/4.1.2/libgcc.a(_unpack_df.o)
                0x00813f70                __unpack_d
 .text          0x008140a8       0xc8 /OPT/altera/12.1/nios2eds/bin/gnu/H-i686-pc-linux-gnu/bin/../lib/gcc/nios2-elf/4.1.2/libgcc.a(_fpcmp_parts_df.o)
                0x008140a8                __fpcmp_parts_d
 .text          0x00814170      0x15c ../capstone_Volatile_bsp//libucosii_bsp.a(alt_close.o)
                0x00814170                close
 .text          0x008142cc       0x2c ../capstone_Volatile_bsp//libucosii_bsp.a(alt_dev.o)
 .text          0x008142f8        0x0 ../capstone_Volatile_bsp//libucosii_bsp.a(alt_errno.o)
 .text          0x008142f8      0x134 ../capstone_Volatile_bsp//libucosii_bsp.a(alt_fstat.o)
                0x008142f8                fstat
 .text          0x0081442c      0x1c0 ../capstone_Volatile_bsp//libucosii_bsp.a(alt_irq_register.o)
                0x0081442c                alt_irq_register
 .text          0x008145ec        0x0 ../capstone_Volatile_bsp//libucosii_bsp.a(alt_irq_vars.o)
 .text          0x008145ec      0x120 ../capstone_Volatile_bsp//libucosii_bsp.a(alt_isatty.o)
                0x008145ec                isatty
 .text          0x0081470c      0x150 ../capstone_Volatile_bsp//libucosii_bsp.a(alt_lseek.o)
                0x0081470c                lseek
 .text          0x0081485c       0xc8 ../capstone_Volatile_bsp//libucosii_bsp.a(alt_main.o)
                0x0081485c                alt_main
 .text          0x00814924      0x180 ../capstone_Volatile_bsp//libucosii_bsp.a(alt_read.o)
                0x00814924                read
 .text          0x00814aa4       0x60 ../capstone_Volatile_bsp//libucosii_bsp.a(alt_release_fd.o)
                0x00814aa4                alt_release_fd
 .text          0x00814b04       0xbc ../capstone_Volatile_bsp//libucosii_bsp.a(alt_sbrk.o)
                0x00814b04                sbrk
 .text          0x00814bc0      0x180 ../capstone_Volatile_bsp//libucosii_bsp.a(alt_write.o)
                0x00814bc0                write
 .text          0x00814d40      0x108 ../capstone_Volatile_bsp//libucosii_bsp.a(alt_env_lock.o)
                0x00814d40                __env_lock
                0x00814dec                __env_unlock
 .text          0x00814e48      0x1d8 ../capstone_Volatile_bsp//libucosii_bsp.a(alt_malloc_lock.o)
                0x00814e48                __malloc_lock
                0x00814f50                __malloc_unlock
 .text          0x00815020     0x2128 ../capstone_Volatile_bsp//libucosii_bsp.a(os_core.o)
                0x00815020                OSEventNameGet
                0x00815150                OSEventNameSet
                0x00815294                OSEventPendMulti
                0x00815948                OSInit
                0x0081599c                OSIntEnter
                0x00815a18                OSIntExit
                0x00815b18                OSSchedLock
                0x00815ba4                OSSchedUnlock
                0x00815c88                OSStart
                0x00815cf8                OSStatInit
                0x00815da4                OSTimeTick
                0x00815fe4                OSVersion
                0x00816004                OS_Dummy
                0x00816020                OS_EventTaskRdy
                0x008161b4                OS_EventTaskWait
                0x008162c4                OS_EventTaskWaitMulti
                0x00816418                OS_EventTaskRemove
                0x008164d0                OS_EventTaskRemoveMulti
                0x008165d4                OS_EventWaitListInit
                0x008169a0                OS_MemClr
                0x008169f4                OS_MemCopy
                0x00816a60                OS_Sched
                0x00816ba4                OS_StrCopy
                0x00816c24                OS_StrLen
                0x00816c7c                OS_TaskIdle
                0x00816cd8                OS_TaskStat
                0x00816da0                OS_TaskStatStkChk
                0x00816e68                OS_TCBInit
 .text          0x00817148      0x18c ../capstone_Volatile_bsp//libucosii_bsp.a(os_dbg.o)
                0x00817148                OSDebugInit
 .text          0x008172d4     0x193c ../capstone_Volatile_bsp//libucosii_bsp.a(os_flag.o)
                0x008172d4                OSFlagAccept
                0x00817608                OSFlagCreate
                0x00817744                OSFlagDel
                0x008179ec                OSFlagNameGet
                0x00817b30                OSFlagNameSet
                0x00817c84                OSFlagPend
                0x008182c8                OSFlagPendGetFlagsRdy
                0x00818330                OSFlagPost
                0x008186d8                OSFlagQuery
                0x00818970                OS_FlagInit
                0x00818b64                OS_FlagUnlink
 .text          0x00818c10      0x808 ../capstone_Volatile_bsp//libucosii_bsp.a(os_mem.o)
                0x00818c10                OSMemCreate
                0x00818e2c                OSMemGet
                0x00818f30                OSMemNameGet
                0x0081903c                OSMemNameSet
                0x0081915c                OSMemPut
                0x0081924c                OSMemQuery
                0x00819348                OS_MemInit
 .text          0x00819418     0x1334 ../capstone_Volatile_bsp//libucosii_bsp.a(os_q.o)
                0x00819418                OSQAccept
                0x0081956c                OSQCreate
                0x00819780                OSQDel
                0x00819a80                OSQFlush
                0x00819b48                OSQPend
                0x00819e68                OSQPendAbort
                0x00819fe4                OSQPost
                0x0081a164                OSQPostFront
                0x0081a2ec                OSQPostOpt
                0x0081a520                OSQQuery
                0x0081a6a0                OS_QInit
 .text          0x0081a74c      0xbc8 ../capstone_Volatile_bsp//libucosii_bsp.a(os_sem.o)
                0x0081a74c                OSSemAccept
                0x0081a80c                OSSemCreate
                0x0081a920                OSSemDel
                0x0081abc0                OSSemPend
                0x0081ae3c                OSSemPendAbort
                0x0081afb8                OSSemPost
                0x0081b0e0                OSSemQuery
                0x0081b210                OSSemSet
 .text          0x0081b314     0x1a40 ../capstone_Volatile_bsp//libucosii_bsp.a(os_task.o)
                0x0081b314                OSTaskChangePrio
                0x0081b888                OSTaskCreate
                0x0081ba5c                OSTaskCreateExt
                0x0081bc5c                OSTaskDel
                0x0081c068                OSTaskDelReq
                0x0081c1d8                OSTaskNameGet
                0x0081c390                OSTaskNameSet
                0x0081c554                OSTaskResume
                0x0081c76c                OSTaskStkChk
                0x0081c968                OSTaskSuspend
                0x0081cb94                OSTaskQuery
                0x0081ccd8                OS_TaskStkClr
 .text          0x0081cd54      0x598 ../capstone_Volatile_bsp//libucosii_bsp.a(os_time.o)
                0x0081cd54                OSTimeDly
                0x0081cea0                OSTimeDlyHMSM
                0x0081d014                OSTimeDlyResume
                0x0081d224                OSTimeGet
                0x0081d288                OSTimeSet
 .text          0x0081d2ec       0xf8 ../capstone_Volatile_bsp//libucosii_bsp.a(alt_sys_init.o)
                0x0081d2ec                alt_irq_init
                0x0081d320                alt_sys_init
 .text          0x0081d3e4      0x148 ../capstone_Volatile_bsp//libucosii_bsp.a(altera_avalon_jtag_uart_fd.o)
                0x0081d3e4                altera_avalon_jtag_uart_read_fd
                0x0081d43c                altera_avalon_jtag_uart_write_fd
                0x0081d494                altera_avalon_jtag_uart_close_fd
                0x0081d4dc                altera_avalon_jtag_uart_ioctl_fd
 .text          0x0081d52c      0x580 ../capstone_Volatile_bsp//libucosii_bsp.a(altera_avalon_jtag_uart_init.o)
                0x0081d52c                altera_avalon_jtag_uart_init
                0x0081da38                altera_avalon_jtag_uart_close
 .text          0x0081daac       0xf4 ../capstone_Volatile_bsp//libucosii_bsp.a(altera_avalon_jtag_uart_ioctl.o)
                0x0081daac                altera_avalon_jtag_uart_ioctl
 .text          0x0081dba0      0x2c0 ../capstone_Volatile_bsp//libucosii_bsp.a(altera_avalon_jtag_uart_read.o)
                0x0081dba0                altera_avalon_jtag_uart_read
 .text          0x0081de60      0x2dc ../capstone_Volatile_bsp//libucosii_bsp.a(altera_avalon_jtag_uart_write.o)
                0x0081de60                altera_avalon_jtag_uart_write
 .text          0x0081e13c       0xfc ../capstone_Volatile_bsp//libucosii_bsp.a(altera_avalon_timer_sc.o)
                0x0081e1b0                alt_avalon_timer_sc_init
 .text          0x0081e238      0x80c ../capstone_Volatile_bsp//libucosii_bsp.a(altera_up_avalon_audio.o)
                0x0081e238                alt_up_audio_open_dev
                0x0081e278                alt_up_audio_enable_read_interrupt
                0x0081e2c4                alt_up_audio_disable_read_interrupt
                0x0081e314                alt_up_audio_enable_write_interrupt
                0x0081e360                alt_up_audio_disable_write_interrupt
                0x0081e3b0                alt_up_audio_read_interrupt_pending
                0x0081e3ec                alt_up_audio_write_interrupt_pending
                0x0081e428                alt_up_audio_reset_audio_core
                0x0081e4b0                alt_up_audio_read_fifo_avail
                0x0081e520                alt_up_audio_record_r
                0x0081e590                alt_up_audio_record_l
                0x0081e600                alt_up_audio_write_fifo_space
                0x0081e674                alt_up_audio_play_r
                0x0081e6e4                alt_up_audio_play_l
                0x0081e754                alt_up_audio_read_fifo
                0x0081e858                alt_up_audio_write_fifo
                0x0081e984                alt_up_audio_read_fifo_head
                0x0081e9e4                alt_up_audio_write_fifo_head
 .text          0x0081ea44      0x788 ../capstone_Volatile_bsp//libucosii_bsp.a(altera_up_avalon_audio_and_video_config.o)
                0x0081ea44                alt_up_av_config_open_dev
                0x0081eaa8                alt_up_av_config_write_data
                0x0081eb0c                alt_up_av_config_read_data
                0x0081eb98                alt_up_av_config_reset
                0x0081ebd0                alt_up_av_config_enable_interrupt
                0x0081ec08                alt_up_av_config_disable_interrupt
                0x0081ec38                alt_up_av_config_read_acknowledge
                0x0081eca0                alt_up_av_config_read_ready
                0x0081ecd8                alt_up_av_config_write_audio_cfg_register
                0x0081ed84                alt_up_av_config_read_video_cfg_register
                0x0081ee7c                alt_up_av_config_write_video_cfg_register
                0x0081ef74                alt_up_av_config_read_DC2_cfg_register
                0x0081efd8                alt_up_av_config_write_DC2_cfg_register
                0x0081f03c                alt_up_av_config_read_D5M_cfg_register
                0x0081f0a0                alt_up_av_config_write_D5M_cfg_register
                0x0081f104                alt_up_av_config_read_LTM_cfg_register
                0x0081f168                alt_up_av_config_write_LTM_cfg_register
 .text          0x0081f1cc      0x530 ../capstone_Volatile_bsp//libucosii_bsp.a(altera_up_avalon_character_lcd.o)
                0x0081f1cc                get_DDRAM_addr
                0x0081f248                alt_up_character_lcd_send_cmd
                0x0081f27c                alt_up_character_lcd_init
                0x0081f2b0                alt_up_character_lcd_open_dev
                0x0081f2f0                alt_up_character_lcd_write
                0x0081f368                alt_up_character_lcd_string
                0x0081f3e0                alt_up_character_lcd_write_fd
                0x0081f42c                alt_up_character_lcd_set_cursor_pos
                0x0081f4a4                alt_up_character_lcd_shift_cursor
                0x0081f554                alt_up_character_lcd_shift_display
                0x0081f604                alt_up_character_lcd_erase_pos
                0x0081f694                alt_up_character_lcd_cursor_off
                0x0081f6c8                alt_up_character_lcd_cursor_blink_on
 .text          0x0081f6fc      0x154 ../capstone_Volatile_bsp//libucosii_bsp.a(alt_alarm_start.o)
                0x0081f6fc                alt_alarm_start
 .text          0x0081f850      0x114 ../capstone_Volatile_bsp//libucosii_bsp.a(alt_dev_llist_insert.o)
                0x0081f850                alt_dev_llist_insert
 .text          0x0081f964       0x64 ../capstone_Volatile_bsp//libucosii_bsp.a(alt_do_ctors.o)
                0x0081f964                _do_ctors
 .text          0x0081f9c8       0x64 ../capstone_Volatile_bsp//libucosii_bsp.a(alt_do_dtors.o)
                0x0081f9c8                _do_dtors
 .text          0x0081fa2c       0x94 ../capstone_Volatile_bsp//libucosii_bsp.a(alt_find_dev.o)
                0x0081fa2c                alt_find_dev
 .text          0x0081fac0      0x13c ../capstone_Volatile_bsp//libucosii_bsp.a(alt_io_redirect.o)
                0x0081fb84                alt_io_redirect
 .text          0x0081fbfc        0x0 ../capstone_Volatile_bsp//libucosii_bsp.a(alt_irq_entry.o)
 .text          0x0081fbfc        0x0 ../capstone_Volatile_bsp//libucosii_bsp.a(alt_irq_handler.o)
 .text          0x0081fbfc      0x2c4 ../capstone_Volatile_bsp//libucosii_bsp.a(alt_open.o)
                0x0081fcd8                open
 .text          0x0081fec0      0x1a8 ../capstone_Volatile_bsp//libucosii_bsp.a(alt_tick.o)
                0x0081fec0                alt_alarm_stop
                0x0081ff58                alt_tick
 .text          0x00820068       0x20 ../capstone_Volatile_bsp//libucosii_bsp.a(altera_nios2_qsys_irq.o)
                0x00820068                altera_nios2_qsys_irq_init
 .text          0x00820088       0xd0 ../capstone_Volatile_bsp//libucosii_bsp.a(os_cpu_a.o)
                0x00820088                OSCtxSw
                0x00820088                OSIntCtxSw
                0x00820114                OSStartHighRdy
                0x00820134                OSStartTsk
 .text          0x00820158      0x418 ../capstone_Volatile_bsp//libucosii_bsp.a(os_cpu_c.o)
                0x00820158                OSTaskStkInit
                0x00820468                OSTaskCreateHook
                0x00820488                OSTaskDelHook
                0x008204a8                OSTaskSwHook
                0x008204c4                OSTaskStatHook
                0x008204e0                OSTimeTickHook
                0x008204fc                OSInitHookBegin
                0x00820518                OSInitHookEnd
                0x00820534                OSTaskIdleHook
                0x00820550                OSTCBInitHook
 .text          0x00820570        0x0 ../capstone_Volatile_bsp//libucosii_bsp.a(alt_exception_entry.o)
 .text          0x00820570      0x120 ../capstone_Volatile_bsp//libucosii_bsp.a(alt_find_file.o)
                0x00820570                alt_find_file
 .text          0x00820690       0xf4 ../capstone_Volatile_bsp//libucosii_bsp.a(alt_get_fd.o)
                0x00820690                alt_get_fd
 .text          0x00820784       0x14 /OPT/altera/12.1/nios2eds/bin/gnu/H-i686-pc-linux-gnu/bin/../lib/gcc/nios2-elf/4.1.2/../../../../nios2-elf/lib/libc.a(lib_a-atexit.o)
                0x00820784                atexit
 .text          0x00820798       0x38 /OPT/altera/12.1/nios2eds/bin/gnu/H-i686-pc-linux-gnu/bin/../lib/gcc/nios2-elf/4.1.2/../../../../nios2-elf/lib/libc.a(lib_a-exit.o)
                0x00820798                exit
 .text          0x008207d0       0x74 /OPT/altera/12.1/nios2eds/bin/gnu/H-i686-pc-linux-gnu/bin/../lib/gcc/nios2-elf/4.1.2/../../../../nios2-elf/lib/libc.a(lib_a-memcmp.o)
                0x008207d0                memcmp
 .text          0x00820844      0x134 /OPT/altera/12.1/nios2eds/bin/gnu/H-i686-pc-linux-gnu/bin/../lib/gcc/nios2-elf/4.1.2/../../../../nios2-elf/lib/libc.a(lib_a-__atexit.o)
                0x00820844                __register_exitproc
 .text          0x00820978      0x1b4 /OPT/altera/12.1/nios2eds/bin/gnu/H-i686-pc-linux-gnu/bin/../lib/gcc/nios2-elf/4.1.2/../../../../nios2-elf/lib/libc.a(lib_a-__call_atexit.o)
                0x0082097c                __call_exitprocs
 .text          0x00820b2c       0x6c ../capstone_Volatile_bsp//libucosii_bsp.a(alt_exit.o)
                0x00820b6c                _exit
 *(.gnu.warning.*)
 *(.fini)
                0x00820b98                PROVIDE (__etext, ABSOLUTE (.))
                0x00820b98                PROVIDE (_etext, ABSOLUTE (.))
                0x00820b98                PROVIDE (etext, ABSOLUTE (.))
 *(.eh_frame_hdr)
                0x00820b98                . = ALIGN (0x4)
                0x00820b98                PROVIDE (__preinit_array_start, ABSOLUTE (.))
 *(.preinit_array)
                0x00820b98                PROVIDE (__preinit_array_end, ABSOLUTE (.))
                0x00820b98                PROVIDE (__init_array_start, ABSOLUTE (.))
 *(.init_array)
                0x00820b98                PROVIDE (__init_array_end, ABSOLUTE (.))
                0x00820b98                PROVIDE (__fini_array_start, ABSOLUTE (.))
 *(.fini_array)
                0x00820b98                PROVIDE (__fini_array_end, ABSOLUTE (.))
 *(.eh_frame)
 *(.gcc_except_table)
 *(.dynamic)
                0x00820b98                PROVIDE (__CTOR_LIST__, ABSOLUTE (.))
 *(.ctors)
 *(SORT(.ctors.*))
 .ctors.65535   0x00820b98        0x4 /OPT/altera/12.1/nios2eds/bin/gnu/H-i686-pc-linux-gnu/bin/../lib/gcc/nios2-elf/4.1.2/../../../../nios2-elf/lib/libc.a(lib_a-__call_atexit.o)
                0x00820b9c                PROVIDE (__CTOR_END__, ABSOLUTE (.))
                0x00820b9c                PROVIDE (__DTOR_LIST__, ABSOLUTE (.))
 *(.dtors)
 *(SORT(.dtors.*))
                0x00820b9c                PROVIDE (__DTOR_END__, ABSOLUTE (.))
 *(.jcr)
                0x00820b9c                . = ALIGN (0x4)

.rodata         0x00820b9c     0x134c
                0x00820b9c                PROVIDE (__ram_rodata_start, ABSOLUTE (.))
                0x00820b9c                . = ALIGN (0x4)
 *(.rodata .rodata.* .gnu.linkonce.r.*)
 .rodata        0x00820b9c       0x94 obj/default/audio.o
 .rodata        0x00820c30       0x1c obj/default/buttons.o
 .rodata        0x00820c4c       0x40 obj/default/efsl/fat.o
 .rodata        0x00820c8c       0xa4 obj/default/efsl/ioman.o
 .rodata        0x00820d30       0x5c obj/default/efsl/mkfs.o
 .rodata        0x00820d8c       0xbc obj/default/efsl/nios2.o
 .rodata        0x00820e48      0x234 obj/default/efsl/sd.o
 .rodata        0x0082107c       0x54 obj/default/efsl/ui.o
 .rodata        0x008210d0       0xa8 obj/default/main.o
 .rodata        0x00821178      0x118 obj/default/sd.o
 .rodata.str1.4
                0x00821290        0x3 /OPT/altera/12.1/nios2eds/bin/gnu/H-i686-pc-linux-gnu/bin/../lib/gcc/nios2-elf/4.1.2/../../../../nios2-elf/lib/libc.a(lib_a-perror.o)
                                  0x4 (size before relaxing)
 *fill*         0x00821293        0x1 00
 .rodata.str1.4
                0x00821294        0x2 /OPT/altera/12.1/nios2eds/bin/gnu/H-i686-pc-linux-gnu/bin/../lib/gcc/nios2-elf/4.1.2/../../../../nios2-elf/lib/libc.a(lib_a-puts.o)
                                  0x4 (size before relaxing)
 *fill*         0x00821296        0x2 00
 .rodata.str1.4
                0x00821298      0x7a2 /OPT/altera/12.1/nios2eds/bin/gnu/H-i686-pc-linux-gnu/bin/../lib/gcc/nios2-elf/4.1.2/../../../../nios2-elf/lib/libc.a(lib_a-strerror.o)
                                0x7a8 (size before relaxing)
 *fill*         0x00821a3a        0x2 00
 .rodata.str1.4
                0x00821a3c       0x5e /OPT/altera/12.1/nios2eds/bin/gnu/H-i686-pc-linux-gnu/bin/../lib/gcc/nios2-elf/4.1.2/../../../../nios2-elf/lib/libc.a(lib_a-vfprintf.o)
                                 0x60 (size before relaxing)
 .rodata        0x00821a9a       0x20 /OPT/altera/12.1/nios2eds/bin/gnu/H-i686-pc-linux-gnu/bin/../lib/gcc/nios2-elf/4.1.2/../../../../nios2-elf/lib/libc.a(lib_a-vfprintf.o)
 *fill*         0x00821aba        0x2 00
 .rodata.str1.4
                0x00821abc       0x10 /OPT/altera/12.1/nios2eds/bin/gnu/H-i686-pc-linux-gnu/bin/../lib/gcc/nios2-elf/4.1.2/../../../../nios2-elf/lib/libc.a(lib_a-dtoa.o)
                                 0x14 (size before relaxing)
 .rodata.str1.4
                0x00821acc        0x2 /OPT/altera/12.1/nios2eds/bin/gnu/H-i686-pc-linux-gnu/bin/../lib/gcc/nios2-elf/4.1.2/../../../../nios2-elf/lib/libc.a(lib_a-impure.o)
                                  0x4 (size before relaxing)
 *fill*         0x00821ace        0x2 00
 .rodata.str1.4
                0x00821ad0       0x10 /OPT/altera/12.1/nios2eds/bin/gnu/H-i686-pc-linux-gnu/bin/../lib/gcc/nios2-elf/4.1.2/../../../../nios2-elf/lib/libc.a(lib_a-locale.o)
                                 0x18 (size before relaxing)
 .rodata        0x00821ae0       0x30 /OPT/altera/12.1/nios2eds/bin/gnu/H-i686-pc-linux-gnu/bin/../lib/gcc/nios2-elf/4.1.2/../../../../nios2-elf/lib/libc.a(lib_a-locale.o)
 .rodata        0x00821b10      0x124 /OPT/altera/12.1/nios2eds/bin/gnu/H-i686-pc-linux-gnu/bin/../lib/gcc/nios2-elf/4.1.2/../../../../nios2-elf/lib/libc.a(lib_a-mprec.o)
                0x00821b10                __mprec_tens
                0x00821bd8                __mprec_bigtens
                0x00821c00                __mprec_tinytens
 .rodata        0x00821c34       0x14 /OPT/altera/12.1/nios2eds/bin/gnu/H-i686-pc-linux-gnu/bin/../lib/gcc/nios2-elf/4.1.2/libgcc.a(_thenan_df.o)
                0x00821c34                __thenan_df
 .rodata        0x00821c48      0x100 /OPT/altera/12.1/nios2eds/bin/gnu/H-i686-pc-linux-gnu/bin/../lib/gcc/nios2-elf/4.1.2/libgcc.a(_clz.o)
                0x00821c48                __clz_tab
 .rodata        0x00821d48        0xc ../capstone_Volatile_bsp//libucosii_bsp.a(alt_dev.o)
 .rodata        0x00821d54       0x14 ../capstone_Volatile_bsp//libucosii_bsp.a(alt_main.o)
 .rodata        0x00821d68      0x120 ../capstone_Volatile_bsp//libucosii_bsp.a(os_core.o)
                0x00821d68                OSUnMapTbl
 .rodata        0x00821e88       0x5c ../capstone_Volatile_bsp//libucosii_bsp.a(alt_sys_init.o)
 .rodata        0x00821ee4        0x4 ../capstone_Volatile_bsp//libucosii_bsp.a(os_cpu_c.o)
 *(.rodata1)
                0x00821ee8                . = ALIGN (0x4)
                0x00821ee8                PROVIDE (__ram_rodata_end, ABSOLUTE (.))
                0x00820b9c                PROVIDE (__flash_rodata_start, LOADADDR (.rodata))

.rwdata         0x00821ee8     0x1b7c
                0x00821ee8                PROVIDE (__ram_rwdata_start, ABSOLUTE (.))
                0x00821ee8                . = ALIGN (0x4)
 *(.got.plt)
 *(.got)
 *(.data1)
 *(.data .data.* .gnu.linkonce.d.*)
 .data          0x00821ee8        0x0 ../capstone_Volatile_bsp//obj/HAL/src/crt0.o
 .data          0x00821ee8        0x0 obj/default/audio.o
 .data          0x00821ee8        0x0 obj/default/buttons.o
 .data          0x00821ee8        0x0 obj/default/efsl/debug.o
 .data          0x00821ee8        0x0 obj/default/efsl/dir.o
 .data          0x00821ee8        0x0 obj/default/efsl/disc.o
 .data          0x00821ee8        0x0 obj/default/efsl/efs.o
 .data          0x00821ee8        0x0 obj/default/efsl/extract.o
 .data          0x00821ee8        0x0 obj/default/efsl/fat.o
 .data          0x00821ee8        0x0 obj/default/efsl/file.o
 .data          0x00821ee8        0x0 obj/default/efsl/fs.o
 .data          0x00821ee8        0x0 obj/default/efsl/ioman.o
 .data          0x00821ee8        0x0 obj/default/efsl/ls.o
 .data          0x00821ee8        0x0 obj/default/efsl/mkfs.o
 .data          0x00821ee8        0x0 obj/default/efsl/nios2.o
 .data          0x00821ee8        0xc obj/default/efsl/nios2_ramdisk.o
 .data          0x00821ef4        0x0 obj/default/efsl/partition.o
 .data          0x00821ef4        0x0 obj/default/efsl/plibc.o
 .data          0x00821ef4        0x0 obj/default/efsl/sd.o
 .data          0x00821ef4        0x0 obj/default/efsl/time.o
 .data          0x00821ef4        0x0 obj/default/efsl/ui.o
 .data          0x00821ef4        0x0 obj/default/main.o
 .data          0x00821ef4        0x0 obj/default/save.o
 .data          0x00821ef4        0x0 obj/default/sd.o
 .data          0x00821ef4        0x0 /OPT/altera/12.1/nios2eds/bin/gnu/H-i686-pc-linux-gnu/bin/../lib/gcc/nios2-elf/4.1.2/libgcc.a(lib2-divmod.o)
 .data          0x00821ef4        0x0 /OPT/altera/12.1/nios2eds/bin/gnu/H-i686-pc-linux-gnu/bin/../lib/gcc/nios2-elf/4.1.2/../../../../nios2-elf/lib/libc.a(lib_a-malloc.o)
 .data          0x00821ef4      0x408 /OPT/altera/12.1/nios2eds/bin/gnu/H-i686-pc-linux-gnu/bin/../lib/gcc/nios2-elf/4.1.2/../../../../nios2-elf/lib/libc.a(lib_a-mallocr.o)
                0x00821ef4                __malloc_av_
 .data          0x008222fc        0x0 /OPT/altera/12.1/nios2eds/bin/gnu/H-i686-pc-linux-gnu/bin/../lib/gcc/nios2-elf/4.1.2/../../../../nios2-elf/lib/libc.a(lib_a-memcpy.o)
 .data          0x008222fc        0x0 /OPT/altera/12.1/nios2eds/bin/gnu/H-i686-pc-linux-gnu/bin/../lib/gcc/nios2-elf/4.1.2/../../../../nios2-elf/lib/libc.a(lib_a-perror.o)
 .data          0x008222fc        0x0 /OPT/altera/12.1/nios2eds/bin/gnu/H-i686-pc-linux-gnu/bin/../lib/gcc/nios2-elf/4.1.2/../../../../nios2-elf/lib/libc.a(lib_a-printf.o)
 .data          0x008222fc        0x0 /OPT/altera/12.1/nios2eds/bin/gnu/H-i686-pc-linux-gnu/bin/../lib/gcc/nios2-elf/4.1.2/../../../../nios2-elf/lib/libc.a(lib_a-putchar.o)
 .data          0x008222fc        0x0 /OPT/altera/12.1/nios2eds/bin/gnu/H-i686-pc-linux-gnu/bin/../lib/gcc/nios2-elf/4.1.2/../../../../nios2-elf/lib/libc.a(lib_a-puts.o)
 .data          0x008222fc        0x0 /OPT/altera/12.1/nios2eds/bin/gnu/H-i686-pc-linux-gnu/bin/../lib/gcc/nios2-elf/4.1.2/../../../../nios2-elf/lib/libc.a(lib_a-sbrkr.o)
 .data          0x008222fc        0x0 /OPT/altera/12.1/nios2eds/bin/gnu/H-i686-pc-linux-gnu/bin/../lib/gcc/nios2-elf/4.1.2/../../../../nios2-elf/lib/libc.a(lib_a-strerror.o)
 .data          0x008222fc        0x0 /OPT/altera/12.1/nios2eds/bin/gnu/H-i686-pc-linux-gnu/bin/../lib/gcc/nios2-elf/4.1.2/../../../../nios2-elf/lib/libc.a(lib_a-strlen.o)
 .data          0x008222fc        0x0 /OPT/altera/12.1/nios2eds/bin/gnu/H-i686-pc-linux-gnu/bin/../lib/gcc/nios2-elf/4.1.2/../../../../nios2-elf/lib/libc.a(lib_a-u_strerr.o)
 .data          0x008222fc        0x0 /OPT/altera/12.1/nios2eds/bin/gnu/H-i686-pc-linux-gnu/bin/../lib/gcc/nios2-elf/4.1.2/../../../../nios2-elf/lib/libc.a(lib_a-vfprintf.o)
 .data          0x008222fc        0x0 /OPT/altera/12.1/nios2eds/bin/gnu/H-i686-pc-linux-gnu/bin/../lib/gcc/nios2-elf/4.1.2/../../../../nios2-elf/lib/libc.a(lib_a-wsetup.o)
 .data          0x008222fc        0x0 /OPT/altera/12.1/nios2eds/bin/gnu/H-i686-pc-linux-gnu/bin/../lib/gcc/nios2-elf/4.1.2/../../../../nios2-elf/lib/libc.a(lib_a-dtoa.o)
 .data          0x008222fc        0x0 /OPT/altera/12.1/nios2eds/bin/gnu/H-i686-pc-linux-gnu/bin/../lib/gcc/nios2-elf/4.1.2/../../../../nios2-elf/lib/libc.a(lib_a-fflush.o)
 .data          0x008222fc        0x0 /OPT/altera/12.1/nios2eds/bin/gnu/H-i686-pc-linux-gnu/bin/../lib/gcc/nios2-elf/4.1.2/../../../../nios2-elf/lib/libc.a(lib_a-findfp.o)
 .data          0x008222fc        0x0 /OPT/altera/12.1/nios2eds/bin/gnu/H-i686-pc-linux-gnu/bin/../lib/gcc/nios2-elf/4.1.2/../../../../nios2-elf/lib/libc.a(lib_a-fputc.o)
 .data          0x008222fc        0x0 /OPT/altera/12.1/nios2eds/bin/gnu/H-i686-pc-linux-gnu/bin/../lib/gcc/nios2-elf/4.1.2/../../../../nios2-elf/lib/libc.a(lib_a-fputs.o)
 .data          0x008222fc        0x0 /OPT/altera/12.1/nios2eds/bin/gnu/H-i686-pc-linux-gnu/bin/../lib/gcc/nios2-elf/4.1.2/../../../../nios2-elf/lib/libc.a(lib_a-freer.o)
 .data          0x008222fc        0x0 /OPT/altera/12.1/nios2eds/bin/gnu/H-i686-pc-linux-gnu/bin/../lib/gcc/nios2-elf/4.1.2/../../../../nios2-elf/lib/libc.a(lib_a-fvwrite.o)
 .data          0x008222fc        0x0 /OPT/altera/12.1/nios2eds/bin/gnu/H-i686-pc-linux-gnu/bin/../lib/gcc/nios2-elf/4.1.2/../../../../nios2-elf/lib/libc.a(lib_a-fwalk.o)
 .data          0x008222fc      0x400 /OPT/altera/12.1/nios2eds/bin/gnu/H-i686-pc-linux-gnu/bin/../lib/gcc/nios2-elf/4.1.2/../../../../nios2-elf/lib/libc.a(lib_a-impure.o)
 .data          0x008226fc        0x0 /OPT/altera/12.1/nios2eds/bin/gnu/H-i686-pc-linux-gnu/bin/../lib/gcc/nios2-elf/4.1.2/../../../../nios2-elf/lib/libc.a(lib_a-int_errno.o)
 .data          0x008226fc        0xc /OPT/altera/12.1/nios2eds/bin/gnu/H-i686-pc-linux-gnu/bin/../lib/gcc/nios2-elf/4.1.2/../../../../nios2-elf/lib/libc.a(lib_a-locale.o)
                0x008226fc                __lc_ctype
 .data          0x00822708        0x0 /OPT/altera/12.1/nios2eds/bin/gnu/H-i686-pc-linux-gnu/bin/../lib/gcc/nios2-elf/4.1.2/../../../../nios2-elf/lib/libc.a(lib_a-makebuf.o)
 .data          0x00822708        0x0 /OPT/altera/12.1/nios2eds/bin/gnu/H-i686-pc-linux-gnu/bin/../lib/gcc/nios2-elf/4.1.2/../../../../nios2-elf/lib/libc.a(lib_a-memchr.o)
 .data          0x00822708        0x0 /OPT/altera/12.1/nios2eds/bin/gnu/H-i686-pc-linux-gnu/bin/../lib/gcc/nios2-elf/4.1.2/../../../../nios2-elf/lib/libc.a(lib_a-memmove.o)
 .data          0x00822708        0x0 /OPT/altera/12.1/nios2eds/bin/gnu/H-i686-pc-linux-gnu/bin/../lib/gcc/nios2-elf/4.1.2/../../../../nios2-elf/lib/libc.a(lib_a-memset.o)
 .data          0x00822708        0x0 /OPT/altera/12.1/nios2eds/bin/gnu/H-i686-pc-linux-gnu/bin/../lib/gcc/nios2-elf/4.1.2/../../../../nios2-elf/lib/libc.a(lib_a-mprec.o)
 .data          0x00822708        0x0 /OPT/altera/12.1/nios2eds/bin/gnu/H-i686-pc-linux-gnu/bin/../lib/gcc/nios2-elf/4.1.2/../../../../nios2-elf/lib/libc.a(lib_a-putc.o)
 .data          0x00822708        0x0 /OPT/altera/12.1/nios2eds/bin/gnu/H-i686-pc-linux-gnu/bin/../lib/gcc/nios2-elf/4.1.2/../../../../nios2-elf/lib/libc.a(lib_a-reallocr.o)
 .data          0x00822708        0x0 /OPT/altera/12.1/nios2eds/bin/gnu/H-i686-pc-linux-gnu/bin/../lib/gcc/nios2-elf/4.1.2/../../../../nios2-elf/lib/libc.a(lib_a-s_isinfd.o)
 .data          0x00822708        0x0 /OPT/altera/12.1/nios2eds/bin/gnu/H-i686-pc-linux-gnu/bin/../lib/gcc/nios2-elf/4.1.2/../../../../nios2-elf/lib/libc.a(lib_a-s_isnand.o)
 .data          0x00822708        0x0 /OPT/altera/12.1/nios2eds/bin/gnu/H-i686-pc-linux-gnu/bin/../lib/gcc/nios2-elf/4.1.2/../../../../nios2-elf/lib/libc.a(lib_a-stdio.o)
 .data          0x00822708        0x0 /OPT/altera/12.1/nios2eds/bin/gnu/H-i686-pc-linux-gnu/bin/../lib/gcc/nios2-elf/4.1.2/../../../../nios2-elf/lib/libc.a(lib_a-strcmp.o)
 .data          0x00822708        0x0 /OPT/altera/12.1/nios2eds/bin/gnu/H-i686-pc-linux-gnu/bin/../lib/gcc/nios2-elf/4.1.2/../../../../nios2-elf/lib/libc.a(lib_a-wbuf.o)
 .data          0x00822708        0x0 /OPT/altera/12.1/nios2eds/bin/gnu/H-i686-pc-linux-gnu/bin/../lib/gcc/nios2-elf/4.1.2/../../../../nios2-elf/lib/libc.a(lib_a-writer.o)
 .data          0x00822708        0x0 /OPT/altera/12.1/nios2eds/bin/gnu/H-i686-pc-linux-gnu/bin/../lib/gcc/nios2-elf/4.1.2/../../../../nios2-elf/lib/libc.a(lib_a-callocr.o)
 .data          0x00822708        0x0 /OPT/altera/12.1/nios2eds/bin/gnu/H-i686-pc-linux-gnu/bin/../lib/gcc/nios2-elf/4.1.2/../../../../nios2-elf/lib/libc.a(lib_a-closer.o)
 .data          0x00822708        0x0 /OPT/altera/12.1/nios2eds/bin/gnu/H-i686-pc-linux-gnu/bin/../lib/gcc/nios2-elf/4.1.2/../../../../nios2-elf/lib/libc.a(lib_a-fclose.o)
 .data          0x00822708        0x0 /OPT/altera/12.1/nios2eds/bin/gnu/H-i686-pc-linux-gnu/bin/../lib/gcc/nios2-elf/4.1.2/../../../../nios2-elf/lib/libc.a(lib_a-fstatr.o)
 .data          0x00822708        0x0 /OPT/altera/12.1/nios2eds/bin/gnu/H-i686-pc-linux-gnu/bin/../lib/gcc/nios2-elf/4.1.2/../../../../nios2-elf/lib/libc.a(lib_a-isattyr.o)
 .data          0x00822708        0x0 /OPT/altera/12.1/nios2eds/bin/gnu/H-i686-pc-linux-gnu/bin/../lib/gcc/nios2-elf/4.1.2/../../../../nios2-elf/lib/libc.a(lib_a-lseekr.o)
 .data          0x00822708        0x0 /OPT/altera/12.1/nios2eds/bin/gnu/H-i686-pc-linux-gnu/bin/../lib/gcc/nios2-elf/4.1.2/../../../../nios2-elf/lib/libc.a(lib_a-readr.o)
 .data          0x00822708        0x0 /OPT/altera/12.1/nios2eds/bin/gnu/H-i686-pc-linux-gnu/bin/../lib/gcc/nios2-elf/4.1.2/libgcc.a(_udivdi3.o)
 .data          0x00822708        0x0 /OPT/altera/12.1/nios2eds/bin/gnu/H-i686-pc-linux-gnu/bin/../lib/gcc/nios2-elf/4.1.2/libgcc.a(_umoddi3.o)
 .data          0x00822708        0x0 /OPT/altera/12.1/nios2eds/bin/gnu/H-i686-pc-linux-gnu/bin/../lib/gcc/nios2-elf/4.1.2/libgcc.a(_addsub_df.o)
 .data          0x00822708        0x0 /OPT/altera/12.1/nios2eds/bin/gnu/H-i686-pc-linux-gnu/bin/../lib/gcc/nios2-elf/4.1.2/libgcc.a(_mul_df.o)
 .data          0x00822708        0x0 /OPT/altera/12.1/nios2eds/bin/gnu/H-i686-pc-linux-gnu/bin/../lib/gcc/nios2-elf/4.1.2/libgcc.a(_div_df.o)
 .data          0x00822708        0x0 /OPT/altera/12.1/nios2eds/bin/gnu/H-i686-pc-linux-gnu/bin/../lib/gcc/nios2-elf/4.1.2/libgcc.a(_eq_df.o)
 .data          0x00822708        0x0 /OPT/altera/12.1/nios2eds/bin/gnu/H-i686-pc-linux-gnu/bin/../lib/gcc/nios2-elf/4.1.2/libgcc.a(_ne_df.o)
 .data          0x00822708        0x0 /OPT/altera/12.1/nios2eds/bin/gnu/H-i686-pc-linux-gnu/bin/../lib/gcc/nios2-elf/4.1.2/libgcc.a(_gt_df.o)
 .data          0x00822708        0x0 /OPT/altera/12.1/nios2eds/bin/gnu/H-i686-pc-linux-gnu/bin/../lib/gcc/nios2-elf/4.1.2/libgcc.a(_ge_df.o)
 .data          0x00822708        0x0 /OPT/altera/12.1/nios2eds/bin/gnu/H-i686-pc-linux-gnu/bin/../lib/gcc/nios2-elf/4.1.2/libgcc.a(_lt_df.o)
 .data          0x00822708        0x0 /OPT/altera/12.1/nios2eds/bin/gnu/H-i686-pc-linux-gnu/bin/../lib/gcc/nios2-elf/4.1.2/libgcc.a(_si_to_df.o)
 .data          0x00822708        0x0 /OPT/altera/12.1/nios2eds/bin/gnu/H-i686-pc-linux-gnu/bin/../lib/gcc/nios2-elf/4.1.2/libgcc.a(_df_to_si.o)
 .data          0x00822708        0x0 /OPT/altera/12.1/nios2eds/bin/gnu/H-i686-pc-linux-gnu/bin/../lib/gcc/nios2-elf/4.1.2/libgcc.a(_thenan_df.o)
 .data          0x00822708        0x0 /OPT/altera/12.1/nios2eds/bin/gnu/H-i686-pc-linux-gnu/bin/../lib/gcc/nios2-elf/4.1.2/libgcc.a(_usi_to_df.o)
 .data          0x00822708        0x0 /OPT/altera/12.1/nios2eds/bin/gnu/H-i686-pc-linux-gnu/bin/../lib/gcc/nios2-elf/4.1.2/libgcc.a(_muldi3.o)
 .data          0x00822708        0x0 /OPT/altera/12.1/nios2eds/bin/gnu/H-i686-pc-linux-gnu/bin/../lib/gcc/nios2-elf/4.1.2/libgcc.a(_clz.o)
 .data          0x00822708        0x0 /OPT/altera/12.1/nios2eds/bin/gnu/H-i686-pc-linux-gnu/bin/../lib/gcc/nios2-elf/4.1.2/libgcc.a(_clzsi2.o)
 .data          0x00822708        0x0 /OPT/altera/12.1/nios2eds/bin/gnu/H-i686-pc-linux-gnu/bin/../lib/gcc/nios2-elf/4.1.2/libgcc.a(_pack_df.o)
 .data          0x00822708        0x0 /OPT/altera/12.1/nios2eds/bin/gnu/H-i686-pc-linux-gnu/bin/../lib/gcc/nios2-elf/4.1.2/libgcc.a(_unpack_df.o)
 .data          0x00822708        0x0 /OPT/altera/12.1/nios2eds/bin/gnu/H-i686-pc-linux-gnu/bin/../lib/gcc/nios2-elf/4.1.2/libgcc.a(_fpcmp_parts_df.o)
 .data          0x00822708        0x0 ../capstone_Volatile_bsp//libucosii_bsp.a(alt_close.o)
 .data          0x00822708      0x1a8 ../capstone_Volatile_bsp//libucosii_bsp.a(alt_dev.o)
                0x00822708                alt_dev_null
                0x00822730                alt_fd_list
 .data          0x008228b0        0x0 ../capstone_Volatile_bsp//libucosii_bsp.a(alt_errno.o)
 .data          0x008228b0        0x0 ../capstone_Volatile_bsp//libucosii_bsp.a(alt_fstat.o)
 .data          0x008228b0        0x0 ../capstone_Volatile_bsp//libucosii_bsp.a(alt_irq_register.o)
 .data          0x008228b0        0x0 ../capstone_Volatile_bsp//libucosii_bsp.a(alt_irq_vars.o)
 .data          0x008228b0        0x0 ../capstone_Volatile_bsp//libucosii_bsp.a(alt_isatty.o)
 .data          0x008228b0        0x0 ../capstone_Volatile_bsp//libucosii_bsp.a(alt_lseek.o)
 .data          0x008228b0        0x0 ../capstone_Volatile_bsp//libucosii_bsp.a(alt_main.o)
 .data          0x008228b0        0x0 ../capstone_Volatile_bsp//libucosii_bsp.a(alt_read.o)
 .data          0x008228b0        0x0 ../capstone_Volatile_bsp//libucosii_bsp.a(alt_release_fd.o)
 .data          0x008228b0        0x0 ../capstone_Volatile_bsp//libucosii_bsp.a(alt_sbrk.o)
 .data          0x008228b0        0x0 ../capstone_Volatile_bsp//libucosii_bsp.a(alt_write.o)
 .data          0x008228b0        0x0 ../capstone_Volatile_bsp//libucosii_bsp.a(alt_env_lock.o)
 .data          0x008228b0        0x0 ../capstone_Volatile_bsp//libucosii_bsp.a(alt_malloc_lock.o)
 .data          0x008228b0        0x0 ../capstone_Volatile_bsp//libucosii_bsp.a(os_core.o)
 .data          0x008228b0        0x0 ../capstone_Volatile_bsp//libucosii_bsp.a(os_dbg.o)
 .data          0x008228b0        0x0 ../capstone_Volatile_bsp//libucosii_bsp.a(os_flag.o)
 .data          0x008228b0        0x0 ../capstone_Volatile_bsp//libucosii_bsp.a(os_mem.o)
 .data          0x008228b0        0x0 ../capstone_Volatile_bsp//libucosii_bsp.a(os_q.o)
 .data          0x008228b0        0x0 ../capstone_Volatile_bsp//libucosii_bsp.a(os_sem.o)
 .data          0x008228b0        0x0 ../capstone_Volatile_bsp//libucosii_bsp.a(os_task.o)
 .data          0x008228b0        0x0 ../capstone_Volatile_bsp//libucosii_bsp.a(os_time.o)
 .data          0x008228b0     0x10f8 ../capstone_Volatile_bsp//libucosii_bsp.a(alt_sys_init.o)
 .data          0x008239a8        0x0 ../capstone_Volatile_bsp//libucosii_bsp.a(altera_avalon_jtag_uart_fd.o)
 .data          0x008239a8        0x0 ../capstone_Volatile_bsp//libucosii_bsp.a(altera_avalon_jtag_uart_init.o)
 .data          0x008239a8        0x0 ../capstone_Volatile_bsp//libucosii_bsp.a(altera_avalon_jtag_uart_ioctl.o)
 .data          0x008239a8        0x0 ../capstone_Volatile_bsp//libucosii_bsp.a(altera_avalon_jtag_uart_read.o)
 .data          0x008239a8        0x0 ../capstone_Volatile_bsp//libucosii_bsp.a(altera_avalon_jtag_uart_write.o)
 .data          0x008239a8        0x0 ../capstone_Volatile_bsp//libucosii_bsp.a(altera_avalon_timer_sc.o)
 .data          0x008239a8        0x0 ../capstone_Volatile_bsp//libucosii_bsp.a(altera_up_avalon_audio.o)
 .data          0x008239a8        0x0 ../capstone_Volatile_bsp//libucosii_bsp.a(altera_up_avalon_audio_and_video_config.o)
 .data          0x008239a8        0x0 ../capstone_Volatile_bsp//libucosii_bsp.a(altera_up_avalon_character_lcd.o)
 .data          0x008239a8        0x0 ../capstone_Volatile_bsp//libucosii_bsp.a(alt_alarm_start.o)
 .data          0x008239a8        0x0 ../capstone_Volatile_bsp//libucosii_bsp.a(alt_dev_llist_insert.o)
 .data          0x008239a8        0x0 ../capstone_Volatile_bsp//libucosii_bsp.a(alt_do_ctors.o)
 .data          0x008239a8        0x0 ../capstone_Volatile_bsp//libucosii_bsp.a(alt_do_dtors.o)
 .data          0x008239a8        0x0 ../capstone_Volatile_bsp//libucosii_bsp.a(alt_find_dev.o)
 .data          0x008239a8        0x0 ../capstone_Volatile_bsp//libucosii_bsp.a(alt_io_redirect.o)
 .data          0x008239a8        0x0 ../capstone_Volatile_bsp//libucosii_bsp.a(alt_irq_entry.o)
 .data          0x008239a8        0x0 ../capstone_Volatile_bsp//libucosii_bsp.a(alt_irq_handler.o)
 .data          0x008239a8        0x0 ../capstone_Volatile_bsp//libucosii_bsp.a(alt_open.o)
 .data          0x008239a8        0x0 ../capstone_Volatile_bsp//libucosii_bsp.a(alt_tick.o)
 .data          0x008239a8        0x0 ../capstone_Volatile_bsp//libucosii_bsp.a(altera_nios2_qsys_irq.o)
 .data          0x008239a8        0x0 ../capstone_Volatile_bsp//libucosii_bsp.a(os_cpu_a.o)
 .data          0x008239a8        0x0 ../capstone_Volatile_bsp//libucosii_bsp.a(os_cpu_c.o)
 .data          0x008239a8        0x0 ../capstone_Volatile_bsp//libucosii_bsp.a(alt_exception_entry.o)
 .data          0x008239a8        0x0 ../capstone_Volatile_bsp//libucosii_bsp.a(alt_find_file.o)
 .data          0x008239a8        0x0 ../capstone_Volatile_bsp//libucosii_bsp.a(alt_get_fd.o)
 .data          0x008239a8        0x0 /OPT/altera/12.1/nios2eds/bin/gnu/H-i686-pc-linux-gnu/bin/../lib/gcc/nios2-elf/4.1.2/../../../../nios2-elf/lib/libc.a(lib_a-atexit.o)
 .data          0x008239a8        0x0 /OPT/altera/12.1/nios2eds/bin/gnu/H-i686-pc-linux-gnu/bin/../lib/gcc/nios2-elf/4.1.2/../../../../nios2-elf/lib/libc.a(lib_a-exit.o)
 .data          0x008239a8        0x0 /OPT/altera/12.1/nios2eds/bin/gnu/H-i686-pc-linux-gnu/bin/../lib/gcc/nios2-elf/4.1.2/../../../../nios2-elf/lib/libc.a(lib_a-memcmp.o)
 .data          0x008239a8        0x0 /OPT/altera/12.1/nios2eds/bin/gnu/H-i686-pc-linux-gnu/bin/../lib/gcc/nios2-elf/4.1.2/../../../../nios2-elf/lib/libc.a(lib_a-__atexit.o)
 .data          0x008239a8        0x0 /OPT/altera/12.1/nios2eds/bin/gnu/H-i686-pc-linux-gnu/bin/../lib/gcc/nios2-elf/4.1.2/../../../../nios2-elf/lib/libc.a(lib_a-__call_atexit.o)
 .data          0x008239a8        0x0 ../capstone_Volatile_bsp//libucosii_bsp.a(alt_exit.o)
                0x0082b9a8                _gp = ABSOLUTE ((. + 0x8000))
                0x0082b9a8                PROVIDE (gp, _gp)
 *(.rwdata .rwdata.*)
 *(.sdata .sdata.* .gnu.linkonce.s.*)
 .sdata         0x008239a8        0x8 /OPT/altera/12.1/nios2eds/bin/gnu/H-i686-pc-linux-gnu/bin/../lib/gcc/nios2-elf/4.1.2/../../../../nios2-elf/lib/libc.a(lib_a-mallocr.o)
                0x008239a8                __malloc_trim_threshold
                0x008239ac                __malloc_sbrk_base
 .sdata         0x008239b0        0x8 /OPT/altera/12.1/nios2eds/bin/gnu/H-i686-pc-linux-gnu/bin/../lib/gcc/nios2-elf/4.1.2/../../../../nios2-elf/lib/libc.a(lib_a-impure.o)
                0x008239b0                _impure_ptr
                0x008239b4                _global_impure_ptr
 .sdata         0x008239b8        0x8 /OPT/altera/12.1/nios2eds/bin/gnu/H-i686-pc-linux-gnu/bin/../lib/gcc/nios2-elf/4.1.2/../../../../nios2-elf/lib/libc.a(lib_a-locale.o)
                0x008239b8                __mb_cur_max
 .sdata         0x008239c0       0x14 ../capstone_Volatile_bsp//libucosii_bsp.a(alt_dev.o)
                0x008239c0                alt_fs_list
                0x008239c8                alt_dev_list
                0x008239d0                alt_max_fd
 .sdata         0x008239d4        0x4 ../capstone_Volatile_bsp//libucosii_bsp.a(alt_errno.o)
                0x008239d4                alt_errno
 .sdata         0x008239d8        0x4 ../capstone_Volatile_bsp//libucosii_bsp.a(alt_irq_vars.o)
                0x008239d8                alt_priority_mask
 .sdata         0x008239dc        0x4 ../capstone_Volatile_bsp//libucosii_bsp.a(alt_sbrk.o)
 .sdata         0x008239e0        0x4 ../capstone_Volatile_bsp//libucosii_bsp.a(alt_env_lock.o)
 .sdata         0x008239e4        0x4 ../capstone_Volatile_bsp//libucosii_bsp.a(alt_malloc_lock.o)
 .sdata         0x008239e8       0x74 ../capstone_Volatile_bsp//libucosii_bsp.a(os_dbg.o)
                0x008239e8                OSDebugEn
                0x008239ec                OSEndiannessTest
                0x008239f0                OSEventEn
                0x008239f2                OSEventMax
                0x008239f4                OSEventNameSize
                0x008239f6                OSEventSize
                0x008239f8                OSEventTblSize
                0x008239fa                OSEventMultiEn
                0x008239fc                OSFlagEn
                0x008239fe                OSFlagGrpSize
                0x00823a00                OSFlagNodeSize
                0x00823a02                OSFlagWidth
                0x00823a04                OSFlagMax
                0x00823a06                OSFlagNameSize
                0x00823a08                OSLowestPrio
                0x00823a0a                OSMboxEn
                0x00823a0c                OSMemEn
                0x00823a0e                OSMemMax
                0x00823a10                OSMemNameSize
                0x00823a12                OSMemSize
                0x00823a14                OSMemTblSize
                0x00823a16                OSMutexEn
                0x00823a18                OSPtrSize
                0x00823a1a                OSQEn
                0x00823a1c                OSQMax
                0x00823a1e                OSQSize
                0x00823a20                OSRdyTblSize
                0x00823a22                OSSemEn
                0x00823a24                OSStkWidth
                0x00823a26                OSTaskCreateEn
                0x00823a28                OSTaskCreateExtEn
                0x00823a2a                OSTaskDelEn
                0x00823a2c                OSTaskIdleStkSize
                0x00823a2e                OSTaskProfileEn
                0x00823a30                OSTaskMax
                0x00823a32                OSTaskNameSize
                0x00823a34                OSTaskStatEn
                0x00823a36                OSTaskStatStkSize
                0x00823a38                OSTaskStatStkChkEn
                0x00823a3a                OSTaskSwHookEn
                0x00823a3c                OSTCBPrioTblMax
                0x00823a3e                OSTCBSize
                0x00823a40                OSTicksPerSec
                0x00823a42                OSTimeTickHookEn
                0x00823a44                OSVersionNbr
                0x00823a46                OSTmrEn
                0x00823a48                OSTmrCfgMax
                0x00823a4a                OSTmrCfgNameSize
                0x00823a4c                OSTmrCfgWheelSize
                0x00823a4e                OSTmrCfgTicksPerSec
                0x00823a50                OSTmrSize
                0x00823a52                OSTmrTblSize
                0x00823a54                OSTmrWheelSize
                0x00823a56                OSTmrWheelTblSize
                0x00823a58                OSDataSize
 .sdata         0x00823a5c        0x8 ../capstone_Volatile_bsp//libucosii_bsp.a(alt_tick.o)
                0x00823a5c                alt_alarm_list
 *(.sdata2 .sdata2.* .gnu.linkonce.s2.*)
                0x00823a64                . = ALIGN (0x4)
                0x00823a64                _edata = ABSOLUTE (.)
                0x00823a64                PROVIDE (edata, ABSOLUTE (.))
                0x00823a64                PROVIDE (__ram_rwdata_end, ABSOLUTE (.))
                0x00821ee8                PROVIDE (__flash_rwdata_start, LOADADDR (.rwdata))

.bss            0x00823a64   0x1138d8
                0x00823a64                __bss_start = ABSOLUTE (.)
                0x00823a64                PROVIDE (__sbss_start, ABSOLUTE (.))
                0x00823a64                PROVIDE (___sbss_start, ABSOLUTE (.))
 *(.dynsbss)
 *(.sbss .sbss.* .gnu.linkonce.sb.*)
 .sbss          0x00823a64       0x14 obj/default/audio.o
                0x00823a64                edge_capture
                0x00823a68                semaphore
                0x00823a6c                audio_dev
                0x00823a70                button
                0x00823a74                myLCD
 .sbss          0x00823a78        0xc /OPT/altera/12.1/nios2eds/bin/gnu/H-i686-pc-linux-gnu/bin/../lib/gcc/nios2-elf/4.1.2/../../../../nios2-elf/lib/libc.a(lib_a-mallocr.o)
                0x00823a78                __malloc_top_pad
                0x00823a7c                __malloc_max_sbrked_mem
                0x00823a80                __malloc_max_total_mem
 .sbss          0x00823a84        0x4 /OPT/altera/12.1/nios2eds/bin/gnu/H-i686-pc-linux-gnu/bin/../lib/gcc/nios2-elf/4.1.2/../../../../nios2-elf/lib/libc.a(lib_a-int_errno.o)
                0x00823a84                errno
 .sbss          0x00823a88        0xc /OPT/altera/12.1/nios2eds/bin/gnu/H-i686-pc-linux-gnu/bin/../lib/gcc/nios2-elf/4.1.2/../../../../nios2-elf/lib/libc.a(lib_a-locale.o)
                0x00823a88                __nlocale_changed
                0x00823a8c                __mlocale_changed
                0x00823a90                _PathLocale
 .sbss          0x00823a94        0x4 ../capstone_Volatile_bsp//libucosii_bsp.a(alt_dev.o)
                0x00823a94                alt_fd_list_lock
 .sbss          0x00823a98        0x4 ../capstone_Volatile_bsp//libucosii_bsp.a(alt_irq_vars.o)
                0x00823a98                alt_irq_active
 .sbss          0x00823a9c        0xc ../capstone_Volatile_bsp//libucosii_bsp.a(alt_main.o)
                0x00823a9c                alt_argc
                0x00823aa0                alt_argv
                0x00823aa4                alt_envp
 .sbss          0x00823aa8        0x8 ../capstone_Volatile_bsp//libucosii_bsp.a(alt_env_lock.o)
                0x00823aac                alt_envsem
 .sbss          0x00823ab0        0x8 ../capstone_Volatile_bsp//libucosii_bsp.a(alt_malloc_lock.o)
                0x00823ab4                alt_heapsem
 .sbss          0x00823ab8       0x50 ../capstone_Volatile_bsp//libucosii_bsp.a(os_core.o)
                0x00823ab8                OSLockNesting
                0x00823ab9                OSRunning
                0x00823abc                OSIdleCtr
                0x00823ac0                OSPrioHighRdy
                0x00823ac1                OSPrioCur
                0x00823ac4                OSTCBList
                0x00823ac8                OSTickStepState
                0x00823acc                OSCtxSwCtr
                0x00823ad0                OSIdleCtrMax
                0x00823ad4                OSTCBFreeList
                0x00823ad8                OSCPUUsage
                0x00823ad9                OSTaskCtr
                0x00823adc                OSMemFreeList
                0x00823ae0                OSTCBHighRdy
                0x00823ae4                OSQFreeList
                0x00823ae8                OSRdyGrp
                0x00823ae9                OSRdyTbl
                0x00823aec                OSEventFreeList
                0x00823af0                OSIntNesting
                0x00823af4                OSTCBCur
                0x00823af8                OSTime
                0x00823afc                OSFlagFreeList
                0x00823b00                OSStatRdy
                0x00823b04                OSIdleCtrRun
 .sbss          0x00823b08        0x8 ../capstone_Volatile_bsp//libucosii_bsp.a(alt_tick.o)
                0x00823b08                _alt_tick_rate
                0x00823b0c                _alt_nticks
 *(.sbss2 .sbss2.* .gnu.linkonce.sb2.*)
 *(.scommon)
                0x00823b10                PROVIDE (__sbss_end, ABSOLUTE (.))
                0x00823b10                PROVIDE (___sbss_end, ABSOLUTE (.))
 *(.dynbss)
 *(.bss .bss.* .gnu.linkonce.b.*)
 .bss           0x00823b10        0x0 ../capstone_Volatile_bsp//obj/HAL/src/crt0.o
 .bss           0x00823b10        0x0 obj/default/audio.o
 .bss           0x00823b10        0x0 obj/default/buttons.o
 .bss           0x00823b10        0x0 obj/default/efsl/debug.o
 .bss           0x00823b10        0x0 obj/default/efsl/dir.o
 .bss           0x00823b10        0x0 obj/default/efsl/disc.o
 .bss           0x00823b10        0x0 obj/default/efsl/efs.o
 .bss           0x00823b10        0x0 obj/default/efsl/extract.o
 .bss           0x00823b10        0x0 obj/default/efsl/fat.o
 .bss           0x00823b10        0x0 obj/default/efsl/file.o
 .bss           0x00823b10        0x0 obj/default/efsl/fs.o
 .bss           0x00823b10        0x0 obj/default/efsl/ioman.o
 .bss           0x00823b10        0x0 obj/default/efsl/ls.o
 .bss           0x00823b10        0x0 obj/default/efsl/mkfs.o
 .bss           0x00823b10        0x0 obj/default/efsl/nios2.o
 .bss           0x00823b10        0x0 obj/default/efsl/nios2_ramdisk.o
 .bss           0x00823b10        0x0 obj/default/efsl/partition.o
 .bss           0x00823b10        0x0 obj/default/efsl/plibc.o
 .bss           0x00823b10        0x0 obj/default/efsl/sd.o
 .bss           0x00823b10        0x0 obj/default/efsl/time.o
 .bss           0x00823b10        0x0 obj/default/efsl/ui.o
 .bss           0x00823b10        0x0 obj/default/main.o
 .bss           0x00823b10        0x0 obj/default/save.o
 .bss           0x00823b10        0x0 obj/default/sd.o
 .bss           0x00823b10        0x0 /OPT/altera/12.1/nios2eds/bin/gnu/H-i686-pc-linux-gnu/bin/../lib/gcc/nios2-elf/4.1.2/libgcc.a(lib2-divmod.o)
 .bss           0x00823b10        0x0 /OPT/altera/12.1/nios2eds/bin/gnu/H-i686-pc-linux-gnu/bin/../lib/gcc/nios2-elf/4.1.2/../../../../nios2-elf/lib/libc.a(lib_a-malloc.o)
 .bss           0x00823b10       0x28 /OPT/altera/12.1/nios2eds/bin/gnu/H-i686-pc-linux-gnu/bin/../lib/gcc/nios2-elf/4.1.2/../../../../nios2-elf/lib/libc.a(lib_a-mallocr.o)
                0x00823b10                __malloc_current_mallinfo
 .bss           0x00823b38        0x0 /OPT/altera/12.1/nios2eds/bin/gnu/H-i686-pc-linux-gnu/bin/../lib/gcc/nios2-elf/4.1.2/../../../../nios2-elf/lib/libc.a(lib_a-memcpy.o)
 .bss           0x00823b38        0x0 /OPT/altera/12.1/nios2eds/bin/gnu/H-i686-pc-linux-gnu/bin/../lib/gcc/nios2-elf/4.1.2/../../../../nios2-elf/lib/libc.a(lib_a-perror.o)
 .bss           0x00823b38        0x0 /OPT/altera/12.1/nios2eds/bin/gnu/H-i686-pc-linux-gnu/bin/../lib/gcc/nios2-elf/4.1.2/../../../../nios2-elf/lib/libc.a(lib_a-printf.o)
 .bss           0x00823b38        0x0 /OPT/altera/12.1/nios2eds/bin/gnu/H-i686-pc-linux-gnu/bin/../lib/gcc/nios2-elf/4.1.2/../../../../nios2-elf/lib/libc.a(lib_a-putchar.o)
 .bss           0x00823b38        0x0 /OPT/altera/12.1/nios2eds/bin/gnu/H-i686-pc-linux-gnu/bin/../lib/gcc/nios2-elf/4.1.2/../../../../nios2-elf/lib/libc.a(lib_a-puts.o)
 .bss           0x00823b38        0x0 /OPT/altera/12.1/nios2eds/bin/gnu/H-i686-pc-linux-gnu/bin/../lib/gcc/nios2-elf/4.1.2/../../../../nios2-elf/lib/libc.a(lib_a-sbrkr.o)
 .bss           0x00823b38        0x0 /OPT/altera/12.1/nios2eds/bin/gnu/H-i686-pc-linux-gnu/bin/../lib/gcc/nios2-elf/4.1.2/../../../../nios2-elf/lib/libc.a(lib_a-strerror.o)
 .bss           0x00823b38        0x0 /OPT/altera/12.1/nios2eds/bin/gnu/H-i686-pc-linux-gnu/bin/../lib/gcc/nios2-elf/4.1.2/../../../../nios2-elf/lib/libc.a(lib_a-strlen.o)
 .bss           0x00823b38        0x0 /OPT/altera/12.1/nios2eds/bin/gnu/H-i686-pc-linux-gnu/bin/../lib/gcc/nios2-elf/4.1.2/../../../../nios2-elf/lib/libc.a(lib_a-u_strerr.o)
 .bss           0x00823b38        0x0 /OPT/altera/12.1/nios2eds/bin/gnu/H-i686-pc-linux-gnu/bin/../lib/gcc/nios2-elf/4.1.2/../../../../nios2-elf/lib/libc.a(lib_a-vfprintf.o)
 .bss           0x00823b38        0x0 /OPT/altera/12.1/nios2eds/bin/gnu/H-i686-pc-linux-gnu/bin/../lib/gcc/nios2-elf/4.1.2/../../../../nios2-elf/lib/libc.a(lib_a-wsetup.o)
 .bss           0x00823b38        0x0 /OPT/altera/12.1/nios2eds/bin/gnu/H-i686-pc-linux-gnu/bin/../lib/gcc/nios2-elf/4.1.2/../../../../nios2-elf/lib/libc.a(lib_a-dtoa.o)
 .bss           0x00823b38        0x0 /OPT/altera/12.1/nios2eds/bin/gnu/H-i686-pc-linux-gnu/bin/../lib/gcc/nios2-elf/4.1.2/../../../../nios2-elf/lib/libc.a(lib_a-fflush.o)
 .bss           0x00823b38        0x0 /OPT/altera/12.1/nios2eds/bin/gnu/H-i686-pc-linux-gnu/bin/../lib/gcc/nios2-elf/4.1.2/../../../../nios2-elf/lib/libc.a(lib_a-findfp.o)
 .bss           0x00823b38        0x0 /OPT/altera/12.1/nios2eds/bin/gnu/H-i686-pc-linux-gnu/bin/../lib/gcc/nios2-elf/4.1.2/../../../../nios2-elf/lib/libc.a(lib_a-fputc.o)
 .bss           0x00823b38        0x0 /OPT/altera/12.1/nios2eds/bin/gnu/H-i686-pc-linux-gnu/bin/../lib/gcc/nios2-elf/4.1.2/../../../../nios2-elf/lib/libc.a(lib_a-fputs.o)
 .bss           0x00823b38        0x0 /OPT/altera/12.1/nios2eds/bin/gnu/H-i686-pc-linux-gnu/bin/../lib/gcc/nios2-elf/4.1.2/../../../../nios2-elf/lib/libc.a(lib_a-freer.o)
 .bss           0x00823b38        0x0 /OPT/altera/12.1/nios2eds/bin/gnu/H-i686-pc-linux-gnu/bin/../lib/gcc/nios2-elf/4.1.2/../../../../nios2-elf/lib/libc.a(lib_a-fvwrite.o)
 .bss           0x00823b38        0x0 /OPT/altera/12.1/nios2eds/bin/gnu/H-i686-pc-linux-gnu/bin/../lib/gcc/nios2-elf/4.1.2/../../../../nios2-elf/lib/libc.a(lib_a-fwalk.o)
 .bss           0x00823b38        0x0 /OPT/altera/12.1/nios2eds/bin/gnu/H-i686-pc-linux-gnu/bin/../lib/gcc/nios2-elf/4.1.2/../../../../nios2-elf/lib/libc.a(lib_a-impure.o)
 .bss           0x00823b38        0x0 /OPT/altera/12.1/nios2eds/bin/gnu/H-i686-pc-linux-gnu/bin/../lib/gcc/nios2-elf/4.1.2/../../../../nios2-elf/lib/libc.a(lib_a-int_errno.o)
 .bss           0x00823b38        0x0 /OPT/altera/12.1/nios2eds/bin/gnu/H-i686-pc-linux-gnu/bin/../lib/gcc/nios2-elf/4.1.2/../../../../nios2-elf/lib/libc.a(lib_a-locale.o)
 .bss           0x00823b38        0x0 /OPT/altera/12.1/nios2eds/bin/gnu/H-i686-pc-linux-gnu/bin/../lib/gcc/nios2-elf/4.1.2/../../../../nios2-elf/lib/libc.a(lib_a-makebuf.o)
 .bss           0x00823b38        0x0 /OPT/altera/12.1/nios2eds/bin/gnu/H-i686-pc-linux-gnu/bin/../lib/gcc/nios2-elf/4.1.2/../../../../nios2-elf/lib/libc.a(lib_a-memchr.o)
 .bss           0x00823b38        0x0 /OPT/altera/12.1/nios2eds/bin/gnu/H-i686-pc-linux-gnu/bin/../lib/gcc/nios2-elf/4.1.2/../../../../nios2-elf/lib/libc.a(lib_a-memmove.o)
 .bss           0x00823b38        0x0 /OPT/altera/12.1/nios2eds/bin/gnu/H-i686-pc-linux-gnu/bin/../lib/gcc/nios2-elf/4.1.2/../../../../nios2-elf/lib/libc.a(lib_a-memset.o)
 .bss           0x00823b38        0x0 /OPT/altera/12.1/nios2eds/bin/gnu/H-i686-pc-linux-gnu/bin/../lib/gcc/nios2-elf/4.1.2/../../../../nios2-elf/lib/libc.a(lib_a-mprec.o)
 .bss           0x00823b38        0x0 /OPT/altera/12.1/nios2eds/bin/gnu/H-i686-pc-linux-gnu/bin/../lib/gcc/nios2-elf/4.1.2/../../../../nios2-elf/lib/libc.a(lib_a-putc.o)
 .bss           0x00823b38        0x0 /OPT/altera/12.1/nios2eds/bin/gnu/H-i686-pc-linux-gnu/bin/../lib/gcc/nios2-elf/4.1.2/../../../../nios2-elf/lib/libc.a(lib_a-reallocr.o)
 .bss           0x00823b38        0x0 /OPT/altera/12.1/nios2eds/bin/gnu/H-i686-pc-linux-gnu/bin/../lib/gcc/nios2-elf/4.1.2/../../../../nios2-elf/lib/libc.a(lib_a-s_isinfd.o)
 .bss           0x00823b38        0x0 /OPT/altera/12.1/nios2eds/bin/gnu/H-i686-pc-linux-gnu/bin/../lib/gcc/nios2-elf/4.1.2/../../../../nios2-elf/lib/libc.a(lib_a-s_isnand.o)
 .bss           0x00823b38        0x0 /OPT/altera/12.1/nios2eds/bin/gnu/H-i686-pc-linux-gnu/bin/../lib/gcc/nios2-elf/4.1.2/../../../../nios2-elf/lib/libc.a(lib_a-stdio.o)
 .bss           0x00823b38        0x0 /OPT/altera/12.1/nios2eds/bin/gnu/H-i686-pc-linux-gnu/bin/../lib/gcc/nios2-elf/4.1.2/../../../../nios2-elf/lib/libc.a(lib_a-strcmp.o)
 .bss           0x00823b38        0x0 /OPT/altera/12.1/nios2eds/bin/gnu/H-i686-pc-linux-gnu/bin/../lib/gcc/nios2-elf/4.1.2/../../../../nios2-elf/lib/libc.a(lib_a-wbuf.o)
 .bss           0x00823b38        0x0 /OPT/altera/12.1/nios2eds/bin/gnu/H-i686-pc-linux-gnu/bin/../lib/gcc/nios2-elf/4.1.2/../../../../nios2-elf/lib/libc.a(lib_a-writer.o)
 .bss           0x00823b38        0x0 /OPT/altera/12.1/nios2eds/bin/gnu/H-i686-pc-linux-gnu/bin/../lib/gcc/nios2-elf/4.1.2/../../../../nios2-elf/lib/libc.a(lib_a-callocr.o)
 .bss           0x00823b38        0x0 /OPT/altera/12.1/nios2eds/bin/gnu/H-i686-pc-linux-gnu/bin/../lib/gcc/nios2-elf/4.1.2/../../../../nios2-elf/lib/libc.a(lib_a-closer.o)
 .bss           0x00823b38        0x0 /OPT/altera/12.1/nios2eds/bin/gnu/H-i686-pc-linux-gnu/bin/../lib/gcc/nios2-elf/4.1.2/../../../../nios2-elf/lib/libc.a(lib_a-fclose.o)
 .bss           0x00823b38        0x0 /OPT/altera/12.1/nios2eds/bin/gnu/H-i686-pc-linux-gnu/bin/../lib/gcc/nios2-elf/4.1.2/../../../../nios2-elf/lib/libc.a(lib_a-fstatr.o)
 .bss           0x00823b38        0x0 /OPT/altera/12.1/nios2eds/bin/gnu/H-i686-pc-linux-gnu/bin/../lib/gcc/nios2-elf/4.1.2/../../../../nios2-elf/lib/libc.a(lib_a-isattyr.o)
 .bss           0x00823b38        0x0 /OPT/altera/12.1/nios2eds/bin/gnu/H-i686-pc-linux-gnu/bin/../lib/gcc/nios2-elf/4.1.2/../../../../nios2-elf/lib/libc.a(lib_a-lseekr.o)
 .bss           0x00823b38        0x0 /OPT/altera/12.1/nios2eds/bin/gnu/H-i686-pc-linux-gnu/bin/../lib/gcc/nios2-elf/4.1.2/../../../../nios2-elf/lib/libc.a(lib_a-readr.o)
 .bss           0x00823b38        0x0 /OPT/altera/12.1/nios2eds/bin/gnu/H-i686-pc-linux-gnu/bin/../lib/gcc/nios2-elf/4.1.2/libgcc.a(_udivdi3.o)
 .bss           0x00823b38        0x0 /OPT/altera/12.1/nios2eds/bin/gnu/H-i686-pc-linux-gnu/bin/../lib/gcc/nios2-elf/4.1.2/libgcc.a(_umoddi3.o)