Archive member included because of file (symbol)

/OPT/altera/12.1/nios2eds/bin/gnu/H-i686-pc-linux-gnu/bin/../lib/gcc/nios2-elf/4.1.2/libgcc.a(lib2-divmod.o)
                              obj/default/efsl/fs.o (__divsi3)
/OPT/altera/12.1/nios2eds/bin/gnu/H-i686-pc-linux-gnu/bin/../lib/gcc/nios2-elf/4.1.2/../../../../nios2-elf/lib/libc.a(lib_a-malloc.o)
                              obj/default/main.o (malloc)
/OPT/altera/12.1/nios2eds/bin/gnu/H-i686-pc-linux-gnu/bin/../lib/gcc/nios2-elf/4.1.2/../../../../nios2-elf/lib/libc.a(lib_a-mallocr.o)
                              /OPT/altera/12.1/nios2eds/bin/gnu/H-i686-pc-linux-gnu/bin/../lib/gcc/nios2-elf/4.1.2/../../../../nios2-elf/lib/libc.a(lib_a-malloc.o) (_malloc_r)
/OPT/altera/12.1/nios2eds/bin/gnu/H-i686-pc-linux-gnu/bin/../lib/gcc/nios2-elf/4.1.2/../../../../nios2-elf/lib/libc.a(lib_a-memcpy.o)
                              obj/default/efsl/nios2_ramdisk.o (memcpy)
/OPT/altera/12.1/nios2eds/bin/gnu/H-i686-pc-linux-gnu/bin/../lib/gcc/nios2-elf/4.1.2/../../../../nios2-elf/lib/libc.a(lib_a-perror.o)
                              obj/default/sd.o (perror)
/OPT/altera/12.1/nios2eds/bin/gnu/H-i686-pc-linux-gnu/bin/../lib/gcc/nios2-elf/4.1.2/../../../../nios2-elf/lib/libc.a(lib_a-printf.o)
                              obj/default/efsl/ioman.o (printf)
/OPT/altera/12.1/nios2eds/bin/gnu/H-i686-pc-linux-gnu/bin/../lib/gcc/nios2-elf/4.1.2/../../../../nios2-elf/lib/libc.a(lib_a-putchar.o)
                              obj/default/efsl/sd.o (putchar)
/OPT/altera/12.1/nios2eds/bin/gnu/H-i686-pc-linux-gnu/bin/../lib/gcc/nios2-elf/4.1.2/../../../../nios2-elf/lib/libc.a(lib_a-puts.o)
                              obj/default/audio.o (puts)
/OPT/altera/12.1/nios2eds/bin/gnu/H-i686-pc-linux-gnu/bin/../lib/gcc/nios2-elf/4.1.2/../../../../nios2-elf/lib/libc.a(lib_a-sbrkr.o)
                              /OPT/altera/12.1/nios2eds/bin/gnu/H-i686-pc-linux-gnu/bin/../lib/gcc/nios2-elf/4.1.2/../../../../nios2-elf/lib/libc.a(lib_a-mallocr.o) (_sbrk_r)
/OPT/altera/12.1/nios2eds/bin/gnu/H-i686-pc-linux-gnu/bin/../lib/gcc/nios2-elf/4.1.2/../../../../nios2-elf/lib/libc.a(lib_a-strerror.o)
                              /OPT/altera/12.1/nios2eds/bin/gnu/H-i686-pc-linux-gnu/bin/../lib/gcc/nios2-elf/4.1.2/../../../../nios2-elf/lib/libc.a(lib_a-perror.o) (strerror)
/OPT/altera/12.1/nios2eds/bin/gnu/H-i686-pc-linux-gnu/bin/../lib/gcc/nios2-elf/4.1.2/../../../../nios2-elf/lib/libc.a(lib_a-strlen.o)
                              /OPT/altera/12.1/nios2eds/bin/gnu/H-i686-pc-linux-gnu/bin/../lib/gcc/nios2-elf/4.1.2/../../../../nios2-elf/lib/libc.a(lib_a-puts.o) (strlen)
/OPT/altera/12.1/nios2eds/bin/gnu/H-i686-pc-linux-gnu/bin/../lib/gcc/nios2-elf/4.1.2/../../../../nios2-elf/lib/libc.a(lib_a-u_strerr.o)
                              /OPT/altera/12.1/nios2eds/bin/gnu/H-i686-pc-linux-gnu/bin/../lib/gcc/nios2-elf/4.1.2/../../../../nios2-elf/lib/libc.a(lib_a-strerror.o) (_user_strerror)
/OPT/altera/12.1/nios2eds/bin/gnu/H-i686-pc-linux-gnu/bin/../lib/gcc/nios2-elf/4.1.2/../../../../nios2-elf/lib/libc.a(lib_a-vfprintf.o)
                              /OPT/altera/12.1/nios2eds/bin/gnu/H-i686-pc-linux-gnu/bin/../lib/gcc/nios2-elf/4.1.2/../../../../nios2-elf/lib/libc.a(lib_a-printf.o) (___vfprintf_internal_r)
/OPT/altera/12.1/nios2eds/bin/gnu/H-i686-pc-linux-gnu/bin/../lib/gcc/nios2-elf/4.1.2/../../../../nios2-elf/lib/libc.a(lib_a-wsetup.o)
                              /OPT/altera/12.1/nios2eds/bin/gnu/H-i686-pc-linux-gnu/bin/../lib/gcc/nios2-elf/4.1.2/../../../../nios2-elf/lib/libc.a(lib_a-vfprintf.o) (__swsetup_r)
/OPT/altera/12.1/nios2eds/bin/gnu/H-i686-pc-linux-gnu/bin/../lib/gcc/nios2-elf/4.1.2/../../../../nios2-elf/lib/libc.a(lib_a-dtoa.o)
                              /OPT/altera/12.1/nios2eds/bin/gnu/H-i686-pc-linux-gnu/bin/../lib/gcc/nios2-elf/4.1.2/../../../../nios2-elf/lib/libc.a(lib_a-vfprintf.o) (_dtoa_r)
/OPT/altera/12.1/nios2eds/bin/gnu/H-i686-pc-linux-gnu/bin/../lib/gcc/nios2-elf/4.1.2/../../../../nios2-elf/lib/libc.a(lib_a-fflush.o)
                              /OPT/altera/12.1/nios2eds/bin/gnu/H-i686-pc-linux-gnu/bin/../lib/gcc/nios2-elf/4.1.2/../../../../nios2-elf/lib/libc.a(lib_a-vfprintf.o) (_fflush_r)
/OPT/altera/12.1/nios2eds/bin/gnu/H-i686-pc-linux-gnu/bin/../lib/gcc/nios2-elf/4.1.2/../../../../nios2-elf/lib/libc.a(lib_a-findfp.o)
                              /OPT/altera/12.1/nios2eds/bin/gnu/H-i686-pc-linux-gnu/bin/../lib/gcc/nios2-elf/4.1.2/../../../../nios2-elf/lib/libc.a(lib_a-vfprintf.o) (__sinit)
/OPT/altera/12.1/nios2eds/bin/gnu/H-i686-pc-linux-gnu/bin/../lib/gcc/nios2-elf/4.1.2/../../../../nios2-elf/lib/libc.a(lib_a-fputc.o)
                              /OPT/altera/12.1/nios2eds/bin/gnu/H-i686-pc-linux-gnu/bin/../lib/gcc/nios2-elf/4.1.2/../../../../nios2-elf/lib/libc.a(lib_a-perror.o) (fputc)
/OPT/altera/12.1/nios2eds/bin/gnu/H-i686-pc-linux-gnu/bin/../lib/gcc/nios2-elf/4.1.2/../../../../nios2-elf/lib/libc.a(lib_a-fputs.o)
[...]
Memory Configuration

Name             Origin             Length             Attributes
reset            0x00000000         0x00000020
generic_tristate_controller_0 0x00000020         0x003fffe0
sdram_0          0x00800000         0x00800000
sram_0           0x01080000         0x00080000
onchip_memory2_0_BEFORE_EXCEPTION 0x01104000         0x00000020
onchip_memory2_0 0x01104020         0x00003fe0
*default*        0x00000000         0xffffffff

Linker script and memory map

LOAD ../capstone_Volatile_bsp//obj/HAL/src/crt0.o
LOAD obj/default/audio.o
LOAD obj/default/buttons.o
LOAD obj/default/efsl/debug.o
LOAD obj/default/efsl/dir.o
LOAD obj/default/efsl/disc.o
LOAD obj/default/efsl/efs.o
LOAD obj/default/efsl/extract.o
LOAD obj/default/efsl/fat.o
LOAD obj/default/efsl/file.o
LOAD obj/default/efsl/fs.o
LOAD obj/default/efsl/ioman.o
LOAD obj/default/efsl/ls.o
LOAD obj/default/efsl/mkfs.o
LOAD obj/default/efsl/nios2.o
LOAD obj/default/efsl/nios2_ramdisk.o
LOAD obj/default/efsl/partition.o
LOAD obj/default/efsl/plibc.o
LOAD obj/default/efsl/sd.o
LOAD obj/default/efsl/time.o
LOAD obj/default/efsl/ui.o
LOAD obj/default/main.o
LOAD obj/default/save.o
LOAD obj/default/sd.o
LOAD /OPT/altera/12.1/nios2eds/bin/gnu/H-i686-pc-linux-gnu/bin/../lib/gcc/nios2-elf/4.1.2/../../../../nios2-elf/lib/libstdc++.a
LOAD /OPT/altera/12.1/nios2eds/bin/gnu/H-i686-pc-linux-gnu/bin/../lib/gcc/nios2-elf/4.1.2/../../../../nios2-elf/lib/libm.a
LOAD /OPT/altera/12.1/nios2eds/bin/gnu/H-i686-pc-linux-gnu/bin/../lib/gcc/nios2-elf/4.1.2/libgcc.a
START GROUP
LOAD /OPT/altera/12.1/nios2eds/bin/gnu/H-i686-pc-linux-gnu/bin/../lib/gcc/nios2-elf/4.1.2/../../../../nios2-elf/lib/libc.a
LOAD /OPT/altera/12.1/nios2eds/bin/gnu/H-i686-pc-linux-gnu/bin/../lib/gcc/nios2-elf/4.1.2/libgcc.a
LOAD ../capstone_Volatile_bsp//libucosii_bsp.a
END GROUP
LOAD /OPT/altera/12.1/nios2eds/bin/gnu/H-i686-pc-linux-gnu/bin/../lib/gcc/nios2-elf/4.1.2/libgcc.a
                0x00000000                __alt_mem_generic_tristate_controller_0 = 0x0
                0x00800000                __alt_mem_sdram_0 = 0x800000
                0x01080000                __alt_mem_sram_0 = 0x1080000
                0x01104000                __alt_mem_onchip_memory2_0 = 0x1104000

.entry          0x00000000        0x0
 *(.entry)
 .entry         0x00000000        0x0 ../capstone_Volatile_bsp//obj/HAL/src/crt0.o
                0x00000000                __reset

.exceptions     0x01104020      0x1a0
                0x01104020                PROVIDE (__ram_exceptions_start, ABSOLUTE (.))
                0x01104020                . = ALIGN (0x20)
 *(.irq)
 *(.exceptions.entry.label)
 .exceptions.entry.label
                0x01104020        0x0 ../capstone_Volatile_bsp//libucosii_bsp.a(alt_irq_entry.o)
                0x01104020                alt_irq_entry
 .exceptions.entry.label
                0x01104020        0x0 ../capstone_Volatile_bsp//libucosii_bsp.a(alt_exception_entry.o)
                0x01104020                alt_exception
 *(.exceptions.entry.user)
 *(.exceptions.entry)
 .exceptions.entry
                0x01104020       0x54 ../capstone_Volatile_bsp//libucosii_bsp.a(alt_exception_entry.o)
 *(.exceptions.irqtest.user)
 *(.exceptions.irqtest)
 .exceptions.irqtest
                0x01104074       0x10 ../capstone_Volatile_bsp//libucosii_bsp.a(alt_irq_entry.o)
 *(.exceptions.irqhandler.user)
 *(.exceptions.irqhandler)
 .exceptions.irqhandler
                0x01104084        0x4 ../capstone_Volatile_bsp//libucosii_bsp.a(alt_irq_entry.o)
 *(.exceptions.irqreturn.user)
 *(.exceptions.irqreturn)
 .exceptions.irqreturn
                0x01104088        0x4 ../capstone_Volatile_bsp//libucosii_bsp.a(alt_irq_entry.o)
 *(.exceptions.notirq.label)
 .exceptions.notirq.label
                0x0110408c        0x0 ../capstone_Volatile_bsp//libucosii_bsp.a(alt_irq_entry.o)
 *(.exceptions.notirq.user)
 *(.exceptions.notirq)
 .exceptions.notirq
                0x0110408c        0x8 ../capstone_Volatile_bsp//libucosii_bsp.a(alt_exception_entry.o)
 *(.exceptions.soft.user)
 *(.exceptions.soft)
 *(.exceptions.unknown.user)
 *(.exceptions.unknown)
 .exceptions.unknown
                0x01104094        0x4 ../capstone_Volatile_bsp//libucosii_bsp.a(alt_exception_entry.o)
 *(.exceptions.exit.label)
 .exceptions.exit.label
                0x01104098        0x0 ../capstone_Volatile_bsp//libucosii_bsp.a(alt_irq_entry.o)
 .exceptions.exit.label
                0x01104098        0x0 ../capstone_Volatile_bsp//libucosii_bsp.a(alt_exception_entry.o)
 *(.exceptions.exit.user)
 *(.exceptions.exit)
 .exceptions.exit
                0x01104098       0x54 ../capstone_Volatile_bsp//libucosii_bsp.a(alt_exception_entry.o)
 *(.exceptions)
 .exceptions    0x011040ec       0xd4 ../capstone_Volatile_bsp//libucosii_bsp.a(alt_irq_handler.o)
                0x011040ec                alt_irq_handler
                0x011041c0                PROVIDE (__ram_exceptions_end, ABSOLUTE (.))
                0x01104020                PROVIDE (__flash_exceptions_start, LOADADDR (.exceptions))

.text           0x00800000    0x20c50
                0x00800000                PROVIDE (stext, ABSOLUTE (.))
 *(.interp)
 *(.hash)
 *(.dynsym)
 *(.dynstr)
 *(.gnu.version)
 *(.gnu.version_d)
 *(.gnu.version_r)
 *(.rel.init)
 *(.rela.init)
 *(.rel.text .rel.text.* .rel.gnu.linkonce.t.*)
 *(.rela.text .rela.text.* .rela.gnu.linkonce.t.*)
 *(.rel.fini)
 *(.rela.fini)
 *(.rel.rodata .rel.rodata.* .rel.gnu.linkonce.r.*)
 *(.rela.rodata .rela.rodata.* .rela.gnu.linkonce.r.*)
 *(.rel.data .rel.data.* .rel.gnu.linkonce.d.*)
 *(.rela.data .rela.data.* .rela.gnu.linkonce.d.*)
 *(.rel.tdata .rel.tdata.* .rel.gnu.linkonce.td.*)
 *(.rela.tdata .rela.tdata.* .rela.gnu.linkonce.td.*)
 *(.rel.tbss .rel.tbss.* .rel.gnu.linkonce.tb.*)
 *(.rela.tbss .rela.tbss.* .rela.gnu.linkonce.tb.*)
 *(.rel.ctors)
 *(.rela.ctors)
 *(.rel.dtors)
 *(.rela.dtors)
 *(.rel.got)
 *(.rela.got)
 *(.rel.sdata .rel.sdata.* .rel.gnu.linkonce.s.*)
 *(.rela.sdata .rela.sdata.* .rela.gnu.linkonce.s.*)
 *(.rel.sbss .rel.sbss.* .rel.gnu.linkonce.sb.*)
 *(.rela.sbss .rela.sbss.* .rela.gnu.linkonce.sb.*)
 *(.rel.sdata2 .rel.sdata2.* .rel.gnu.linkonce.s2.*)
 *(.rela.sdata2 .rela.sdata2.* .rela.gnu.linkonce.s2.*)
 *(.rel.sbss2 .rel.sbss2.* .rel.gnu.linkonce.sb2.*)
 *(.rela.sbss2 .rela.sbss2.* .rela.gnu.linkonce.sb2.*)
 *(.rel.bss .rel.bss.* .rel.gnu.linkonce.b.*)
 *(.rela.bss .rela.bss.* .rela.gnu.linkonce.b.*)
 *(.rel.plt)
 *(.rela.plt)
 *(.rel.dyn)
 *(.init)
 *(.plt)
 *(.text .stub .text.* .gnu.linkonce.t.*)
 .text          0x00800000       0x48 ../capstone_Volatile_bsp//obj/HAL/src/crt0.o
                0x00800000                _start
 .text          0x00800048      0x4f8 obj/default/audio.o
                0x00800048                audioInit
                0x008001f8                audio_isr
                0x008002c0                synthesize
 .text          0x00800540      0x260 obj/default/buttons.o
                0x00800540                init_button_pio
                0x0080059c                interrupt_isr_buttonPress
                0x00800718                setDrum
 .text          0x008007a0        0x0 obj/default/efsl/debug.o
 .text          0x008007a0      0xb40 obj/default/efsl/dir.o
                0x008007a0                dir_getFileStructure
                0x0080085c                dir_createDirectoryEntry
                0x008008e0                dir_createDefaultEntry
                0x00800990                dir_setFirstCluster
                0x00800a38                dir_setFileSize
                0x00800ab8                dir_updateDirectoryEntry
                0x00800b40                dir_findFileinBuf
                0x00800c98                dir_findFreeEntryinBuf
                0x00800d90                dir_findinBuf
                0x00800e1c                dir_findinCluster
                0x00800f40                dir_findinDir
                0x00801038                dir_findinRootArea
                0x0080117c                dir_getFatFileName
                0x00801250                dir_addCluster
 .text          0x008012e0       0xe4 obj/default/efsl/disc.o
                0x008012e0                disc_initDisc
                0x00801328                disc_loadMBR
 .text          0x008013c4      0x128 obj/default/efsl/efs.o
                0x008013c4                efs_init
 .text          0x008014ec      0x354 obj/default/efsl/extract.o
                0x008014ec                ex_getb16
                0x0080154c                ex_getb32
                0x008015e4                ex_setb16
                0x0080163c                ex_setb32
                0x008016cc                ex_getPartitionField
                0x00801818                ex_setPartitionField
 .text          0x00801840     0x1504 obj/default/efsl/fat.o
                0x00801840                fat_getSectorAddressFatEntry
                0x00801968                fat_getNextClusterAddress
                0x00801b90                fat_setNextClusterAddress
                0x00801f04                fat_isEocMarker
                0x00801fb8                fat_giveEocMarker
                0x00802040                fat_getNextClusterAddressWBuf
                0x00802208                fat_setNextClusterAddressWBuf
                0x008024ec                fat_getNextClusterChain
                0x0080269c                fat_LogicToDiscCluster
                0x008027cc                fat_allocClusterChain
                0x00802a98                fat_unlinkClusterChain
                0x00802b70                fat_countClustersInChain
                0x00802c14                fat_DiscToLogicCluster
                0x00802cc4                fat_countFreeClusters
 .text          0x00802d44     0x12bc obj/default/efsl/file.o
                0x00802d44                file_fread
                0x00802fdc                file_read
                0x00803044                file_write
                0x008030ac                file_setpos
                0x00803100                file_fwrite
                0x0080344c                file_fopen
                0x008038c4                file_fclose
                0x008039c4                file_initFile
                0x00803a80                file_normalToFatName
                0x00803cf8                file_validateChar
                0x00803de0                file_setAttr
                0x00803e6c                file_getAttr
                0x00803eb0                file_requiredCluster
 .text          0x00804000     0x117c obj/default/efsl/fs.o
                0x00804000                fs_initFs
                0x008040bc                fs_isValidFat
                0x00804130                fs_loadVolumeId
                0x0080426c                fs_verifySanity
                0x00804408                fs_countDataSectors
                0x00804560                fs_determineFatType
                0x008045dc                fs_findFirstSectorRootDir
                0x0080469c                fs_initCurrentDir
                0x008046d8                fs_clusterToSector
                0x008047a4                fs_sectorToCluster
                0x008048a0                fs_getNextFreeCluster
                0x00804920                fs_giveFreeClusterHint
                0x00804944                fs_findFile
                0x00804b84                fs_findFreeFile
                0x00804ca4                fs_getLastCluster
                0x00804d7c                fs_getFirstClusterRootDir
                0x00804dd0                fs_initClusterChain
                0x00804e30                fs_setFirstClusterInDirEntry
                0x00804e78                fs_flushFs
                0x00804ec4                fs_umount
                0x00804f00                fs_clearCluster
                0x00804fb0                fs_getFsInfo
                0x008050ac                fs_setFsInfo
 .text          0x0080517c     0x1df4 obj/default/efsl/ioman.o
                0x0080517c                ioman_init
                0x008051f4                ioman_reset
                0x00805364                ioman_getBuffer
                0x00805390                ioman_setAttr
                0x00805474                ioman_getAttr
                0x008054fc                ioman_getUseCnt
                0x00805568                ioman_incUseCnt
                0x008055fc                ioman_decUseCnt
                0x00805690                ioman_resetUseCnt
                0x008056ec                ioman_getRefCnt
                0x00805758                ioman_incRefCnt
                0x008057ec                ioman_decRefCnt
                0x00805880                ioman_resetRefCnt
                0x008058dc                ioman_pop
                0x00805ab0                ioman_push
                0x00805c70                ioman_getPtr
                0x00805cd8                ioman_getBp
                0x00805d90                ioman_readSector
                0x00805e1c                ioman_writeSector
                0x00805ea8                ioman_resetCacheItem
                0x00805f48                ioman_findSectorInCache
                0x00805ff4                ioman_findFreeSpot
                0x00806078                ioman_findUnusedSpot
                0x008061e8                ioman_findOverallocableSpot
                0x00806334                ioman_putSectorInCache
                0x00806410                ioman_flushSector
                0x00806524                ioman_flushRange
                0x00806678                ioman_flushAll
                0x0080674c                ioman_getSector
                0x00806a58                ioman_releaseSector
                0x00806b38                ioman_directSectorRead
                0x00806c60                ioman_directSectorWrite
                0x00806dcc                ioman_printStatus
 .text          0x00806f70      0x588 obj/default/efsl/ls.o
                0x00806f70                ls_openDir
                0x00807028                ls_getDirEntry
                0x008070b4                ls_getNext
                0x0080715c                ls_getRealDirEntry
                0x008072b4                ls_getRootAreaEntry
                0x008073c4                ls_isValidFileEntry
                0x00807454                ls_fileEntryToDirListEntry
 .text          0x008074f8      0x3e4 obj/default/efsl/mkfs.o
                0x008074f8                mkfs_makevfat
 .text          0x008078dc      0x4c0 obj/default/efsl/nios2.o
                0x008078dc                if_initInterface
                0x008079bc                if_readBuf
                0x00807a0c                if_writeBuf
                0x00807a58                if_setPos
                0x00807a80                if_spiInit
                0x00807ac4                if_spiSend
                0x00807be4                if_spi_sendbuf
                0x00807cb4                if_spi_readbuf
 .text          0x00807d9c      0x134 obj/default/efsl/nios2_ramdisk.o
                0x00807ea8                ramdisk_init
 .text          0x00807ed0      0x46c obj/default/efsl/partition.o
                0x00807ed0                part_initPartition
                0x00807f80                part_isFatPart
                0x00807ffc                part_readBuf
                0x0080806c                part_writeBuf
                0x008080dc                part_getRealLBA
                0x00808134                part_getSect
                0x00808194                part_relSect
                0x008081e0                part_flushPart
                0x00808264                part_directSectorRead
                0x008082d0                part_directSectorWrite
 .text          0x0080833c      0x1b4 obj/default/efsl/plibc.o
                0x0080833c                strMatch
                0x008083d4                memCpy
                0x00808440                memClr
                0x00808494                memSet
 .text          0x008084f0      0xa20 obj/default/efsl/sd.o
                0x008084f0                sd_Init
                0x00808630                sd_Command
                0x008086e4                sd_Resp8b
                0x00808760                sd_Resp16b
                0x008087c8                sd_Resp8bError
                0x008089a0                sd_State
                0x00808b5c                sd_writeSector
                0x00808c30                sd_readSector
                0x00808d34                sd_getDriveSize
 .text          0x00808f10       0x60 obj/default/efsl/time.o
                0x00808f10                fs_makeDate
                0x00808f30                fs_makeTime
                0x00808f50                fs_hasTimeSupport
 .text          0x00808f70      0x708 obj/default/efsl/ui.o
                0x00808f70                listFiles
                0x00809270                rmfile
                0x008093b0                makedir
 .text          0x00809678      0x5d8 obj/default/main.o
                0x00809678                main
 .text          0x00809c50        0x0 obj/default/save.o
 .text          0x00809c50      0x2c4 obj/default/sd.o
                0x00809c50                sdInit
                0x00809cd0                sdRead
                0x00809df8                parseWav
 .text          0x00809f14      0x14c /OPT/altera/12.1/nios2eds/bin/gnu/H-i686-pc-linux-gnu/bin/../lib/gcc/nios2-elf/4.1.2/libgcc.a(lib2-divmod.o)
                0x00809f90                __divsi3
                0x00809ff0                __modsi3
                0x0080a050                __udivsi3
                0x0080a058                __umodsi3
 .text          0x0080a060       0x28 /OPT/altera/12.1/nios2eds/bin/gnu/H-i686-pc-linux-gnu/bin/../lib/gcc/nios2-elf/4.1.2/../../../../nios2-elf/lib/libc.a(lib_a-malloc.o)
                0x0080a060                free
                0x0080a074                malloc
 .text          0x0080a088      0x740 /OPT/altera/12.1/nios2eds/bin/gnu/H-i686-pc-linux-gnu/bin/../lib/gcc/nios2-elf/4.1.2/../../../../nios2-elf/lib/libc.a(lib_a-mallocr.o)
                0x0080a088                _malloc_r
 .text          0x0080a7c8       0xa0 /OPT/altera/12.1/nios2eds/bin/gnu/H-i686-pc-linux-gnu/bin/../lib/gcc/nios2-elf/4.1.2/../../../../nios2-elf/lib/libc.a(lib_a-memcpy.o)
                0x0080a7c8                memcpy
 .text          0x0080a868       0x80 /OPT/altera/12.1/nios2eds/bin/gnu/H-i686-pc-linux-gnu/bin/../lib/gcc/nios2-elf/4.1.2/../../../../nios2-elf/lib/libc.a(lib_a-perror.o)
                0x0080a868                _perror_r
                0x0080a8d4                perror
 .text          0x0080a8e8       0x78 /OPT/altera/12.1/nios2eds/bin/gnu/H-i686-pc-linux-gnu/bin/../lib/gcc/nios2-elf/4.1.2/../../../../nios2-elf/lib/libc.a(lib_a-printf.o)
                0x0080a8e8                printf
                0x0080a92c                _printf_r
 .text          0x0080a960       0x24 /OPT/altera/12.1/nios2eds/bin/gnu/H-i686-pc-linux-gnu/bin/../lib/gcc/nios2-elf/4.1.2/../../../../nios2-elf/lib/libc.a(lib_a-putchar.o)
                0x0080a960                putchar
                0x0080a97c                _putchar_r
 .text          0x0080a984       0xb4 /OPT/altera/12.1/nios2eds/bin/gnu/H-i686-pc-linux-gnu/bin/../lib/gcc/nios2-elf/4.1.2/../../../../nios2-elf/lib/libc.a(lib_a-puts.o)
                0x0080a984                _puts_r
                0x0080aa24                puts
 .text          0x0080aa38       0x70 /OPT/altera/12.1/nios2eds/bin/gnu/H-i686-pc-linux-gnu/bin/../lib/gcc/nios2-elf/4.1.2/../../../../nios2-elf/lib/libc.a(lib_a-sbrkr.o)
                0x0080aa38                _sbrk_r
 .text          0x0080aaa8      0x674 /OPT/altera/12.1/nios2eds/bin/gnu/H-i686-pc-linux-gnu/bin/../lib/gcc/nios2-elf/4.1.2/../../../../nios2-elf/lib/libc.a(lib_a-strerror.o)
                0x0080aaa8                strerror
 .text          0x0080b11c       0x74 /OPT/altera/12.1/nios2eds/bin/gnu/H-i686-pc-linux-gnu/bin/../lib/gcc/nios2-elf/4.1.2/../../../../nios2-elf/lib/libc.a(lib_a-strlen.o)
                0x0080b11c                strlen
 .text          0x0080b190        0x8 /OPT/altera/12.1/nios2eds/bin/gnu/H-i686-pc-linux-gnu/bin/../lib/gcc/nios2-elf/4.1.2/../../../../nios2-elf/lib/libc.a(lib_a-u_strerr.o)
                0x0080b190                _user_strerror
 .text          0x0080b198     0x1f28 /OPT/altera/12.1/nios2eds/bin/gnu/H-i686-pc-linux-gnu/bin/../lib/gcc/nios2-elf/4.1.2/../../../../nios2-elf/lib/libc.a(lib_a-vfprintf.o)
                0x0080b1f0                ___vfprintf_internal_r
                0x0080d09c                __vfprintf_internal
 .text          0x0080d0c0      0x13c /OPT/altera/12.1/nios2eds/bin/gnu/H-i686-pc-linux-gnu/bin/../lib/gcc/nios2-elf/4.1.2/../../../../nios2-elf/lib/libc.a(lib_a-wsetup.o)
                0x0080d0c0                __swsetup_r
 .text          0x0080d1fc     0x17cc /OPT/altera/12.1/nios2eds/bin/gnu/H-i686-pc-linux-gnu/bin/../lib/gcc/nios2-elf/4.1.2/../../../../nios2-elf/lib/libc.a(lib_a-dtoa.o)
                0x0080d414                _dtoa_r
 .text          0x0080e9c8      0x230 /OPT/altera/12.1/nios2eds/bin/gnu/H-i686-pc-linux-gnu/bin/../lib/gcc/nios2-elf/4.1.2/../../../../nios2-elf/lib/libc.a(lib_a-fflush.o)
                0x0080e9c8                _fflush_r
                0x0080ebc4                fflush
 .text          0x0080ebf8      0x2c0 /OPT/altera/12.1/nios2eds/bin/gnu/H-i686-pc-linux-gnu/bin/../lib/gcc/nios2-elf/4.1.2/../../../../nios2-elf/lib/libc.a(lib_a-findfp.o)
                0x0080ec50                __sfp_lock_acquire
                0x0080ec54                __sfp_lock_release
                0x0080ec58                __sinit_lock_acquire
                0x0080ec5c                __sinit_lock_release
                0x0080ec60                __sinit
                0x0080ed14                __fp_unlock_all
                0x0080ed2c                __fp_lock_all
                0x0080ed44                _cleanup_r
                0x0080ed50                _cleanup
                0x0080ed60                __sfmoreglue
                0x0080edc8                __sfp
 .text          0x0080eeb8       0xbc /OPT/altera/12.1/nios2eds/bin/gnu/H-i686-pc-linux-gnu/bin/../lib/gcc/nios2-elf/4.1.2/../../../../nios2-elf/lib/libc.a(lib_a-fputc.o)
                0x0080eeb8                fputc
                0x0080ef1c                _fputc_r
 .text          0x0080ef74       0x90 /OPT/altera/12.1/nios2eds/bin/gnu/H-i686-pc-linux-gnu/bin/../lib/gcc/nios2-elf/4.1.2/../../../../nios2-elf/lib/libc.a(lib_a-fputs.o)
                0x0080ef74                _fputs_r
                0x0080efe8                fputs
 .text          0x0080f004      0x440 /OPT/altera/12.1/nios2eds/bin/gnu/H-i686-pc-linux-gnu/bin/../lib/gcc/nios2-elf/4.1.2/../../../../nios2-elf/lib/libc.a(lib_a-freer.o)
                0x0080f004                _malloc_trim_r
                0x0080f130                _free_r
 .text          0x0080f444      0x49c /OPT/altera/12.1/nios2eds/bin/gnu/H-i686-pc-linux-gnu/bin/../lib/gcc/nios2-elf/4.1.2/../../../../nios2-elf/lib/libc.a(lib_a-fvwrite.o)
                0x0080f444                __sfvwrite_r
 .text          0x0080f8e0      0x180 /OPT/altera/12.1/nios2eds/bin/gnu/H-i686-pc-linux-gnu/bin/../lib/gcc/nios2-elf/4.1.2/../../../../nios2-elf/lib/libc.a(lib_a-fwalk.o)
                0x0080f8e0                _fwalk_reent
                0x0080f9a8                _fwalk
 .text          0x0080fa60        0x0 /OPT/altera/12.1/nios2eds/bin/gnu/H-i686-pc-linux-gnu/bin/../lib/gcc/nios2-elf/4.1.2/../../../../nios2-elf/lib/libc.a(lib_a-impure.o)
 .text          0x0080fa60        0x0 /OPT/altera/12.1/nios2eds/bin/gnu/H-i686-pc-linux-gnu/bin/../lib/gcc/nios2-elf/4.1.2/../../../../nios2-elf/lib/libc.a(lib_a-int_errno.o)
 .text          0x0080fa60       0xc4 /OPT/altera/12.1/nios2eds/bin/gnu/H-i686-pc-linux-gnu/bin/../lib/gcc/nios2-elf/4.1.2/../../../../nios2-elf/lib/libc.a(lib_a-locale.o)
                0x0080fa60                __locale_charset
                0x0080fa68                _localeconv_r
                0x0080fa74                localeconv
                0x0080fa84                _setlocale_r
                0x0080fb08                setlocale
 .text          0x0080fb24      0x194 /OPT/altera/12.1/nios2eds/bin/gnu/H-i686-pc-linux-gnu/bin/../lib/gcc/nios2-elf/4.1.2/../../../../nios2-elf/lib/libc.a(lib_a-makebuf.o)
                0x0080fb24                __smakebuf_r
 .text          0x0080fcb8       0xe4 /OPT/altera/12.1/nios2eds/bin/gnu/H-i686-pc-linux-gnu/bin/../lib/gcc/nios2-elf/4.1.2/../../../../nios2-elf/lib/libc.a(lib_a-memchr.o)
                0x0080fcb8                memchr
 .text          0x0080fd9c       0xe0 /OPT/altera/12.1/nios2eds/bin/gnu/H-i686-pc-linux-gnu/bin/../lib/gcc/nios2-elf/4.1.2/../../../../nios2-elf/lib/libc.a(lib_a-memmove.o)
                0x0080fd9c                memmove
 .text          0x0080fe7c       0x98 /OPT/altera/12.1/nios2eds/bin/gnu/H-i686-pc-linux-gnu/bin/../lib/gcc/nios2-elf/4.1.2/../../../../nios2-elf/lib/libc.a(lib_a-memset.o)
                0x0080fe7c                memset
 .text          0x0080ff14      0xff4 /OPT/altera/12.1/nios2eds/bin/gnu/H-i686-pc-linux-gnu/bin/../lib/gcc/nios2-elf/4.1.2/../../../../nios2-elf/lib/libc.a(lib_a-mprec.o)
                0x0080ff14                _Bfree
                0x0080ff3c                __hi0bits
                0x0080ffac                __lo0bits
                0x00810070                __mcmp
                0x008100d0                __ulp
                0x00810150                __b2d
                0x00810270                __ratio
                0x00810320                _mprec_log10
                0x008103b4                __copybits
                0x0081040c                __any_on
                0x00810494                _Balloc
                0x00810550                __d2b
                0x008106cc                __mdiff
                0x00810858                __lshift
                0x008109a4                __multiply
                0x00810b8c                __i2b
                0x00810bc8                __multadd
                0x00810cc8                __pow5mult
                0x00810de8                __s2b
 .text          0x00810f08      0x1ec /OPT/altera/12.1/nios2eds/bin/gnu/H-i686-pc-linux-gnu/bin/../lib/gcc/nios2-elf/4.1.2/../../../../nios2-elf/lib/libc.a(lib_a-putc.o)
                0x00810f08                putc
                0x0081100c                _putc_r
 .text          0x008110f4      0x5f4 /OPT/altera/12.1/nios2eds/bin/gnu/H-i686-pc-linux-gnu/bin/../lib/gcc/nios2-elf/4.1.2/../../../../nios2-elf/lib/libc.a(lib_a-reallocr.o)
                0x008110f4                _realloc_r
 .text          0x008116e8       0x40 /OPT/altera/12.1/nios2eds/bin/gnu/H-i686-pc-linux-gnu/bin/../lib/gcc/nios2-elf/4.1.2/../../../../nios2-elf/lib/libc.a(lib_a-s_isinfd.o)
                0x008116e8                __isinfd
 .text          0x00811728       0x30 /OPT/altera/12.1/nios2eds/bin/gnu/H-i686-pc-linux-gnu/bin/../lib/gcc/nios2-elf/4.1.2/../../../../nios2-elf/lib/libc.a(lib_a-s_isnand.o)
                0x00811728                __isnand
 .text          0x00811758      0x14c /OPT/altera/12.1/nios2eds/bin/gnu/H-i686-pc-linux-gnu/bin/../lib/gcc/nios2-elf/4.1.2/../../../../nios2-elf/lib/libc.a(lib_a-stdio.o)
                0x00811758                __sclose
                0x00811760                __sseek
                0x008117c8                __swrite
                0x00811844                __sread
 .text          0x008118a4       0xbc /OPT/altera/12.1/nios2eds/bin/gnu/H-i686-pc-linux-gnu/bin/../lib/gcc/nios2-elf/4.1.2/../../../../nios2-elf/lib/libc.a(lib_a-strcmp.o)
                0x008118a4                strcmp
 .text          0x00811960      0x14c /OPT/altera/12.1/nios2eds/bin/gnu/H-i686-pc-linux-gnu/bin/../lib/gcc/nios2-elf/4.1.2/../../../../nios2-elf/lib/libc.a(lib_a-wbuf.o)
                0x00811960                __swbuf_r
                0x00811a90                __swbuf
 .text          0x00811aac       0x78 /OPT/altera/12.1/nios2eds/bin/gnu/H-i686-pc-linux-gnu/bin/../lib/gcc/nios2-elf/4.1.2/../../../../nios2-elf/lib/libc.a(lib_a-writer.o)
                0x00811aac                _write_r
 .text          0x00811b24       0xb4 /OPT/altera/12.1/nios2eds/bin/gnu/H-i686-pc-linux-gnu/bin/../lib/gcc/nios2-elf/4.1.2/../../../../nios2-elf/lib/libc.a(lib_a-callocr.o)
                0x00811b24                _calloc_r
 .text          0x00811bd8       0x70 /OPT/altera/12.1/nios2eds/bin/gnu/H-i686-pc-linux-gnu/bin/../lib/gcc/nios2-elf/4.1.2/../../../../nios2-elf/lib/libc.a(lib_a-closer.o)
                0x00811bd8                _close_r
 .text          0x00811c48      0x124 /OPT/altera/12.1/nios2eds/bin/gnu/H-i686-pc-linux-gnu/bin/../lib/gcc/nios2-elf/4.1.2/../../../../nios2-elf/lib/libc.a(lib_a-fclose.o)
                0x00811c48                _fclose_r
                0x00811d58                fclose
 .text          0x00811d6c       0x74 /OPT/altera/12.1/nios2eds/bin/gnu/H-i686-pc-linux-gnu/bin/../lib/gcc/nios2-elf/4.1.2/../../../../nios2-elf/lib/libc.a(lib_a-fstatr.o)
                0x00811d6c                _fstat_r
 .text          0x00811de0       0x70 /OPT/altera/12.1/nios2eds/bin/gnu/H-i686-pc-linux-gnu/bin/../lib/gcc/nios2-elf/4.1.2/../../../../nios2-elf/lib/libc.a(lib_a-isattyr.o)
                0x00811de0                _isatty_r
 .text          0x00811e50       0x78 /OPT/altera/12.1/nios2eds/bin/gnu/H-i686-pc-linux-gnu/bin/../lib/gcc/nios2-elf/4.1.2/../../../../nios2-elf/lib/libc.a(lib_a-lseekr.o)
                0x00811e50                _lseek_r
 .text          0x00811ec8       0x78 /OPT/altera/12.1/nios2eds/bin/gnu/H-i686-pc-linux-gnu/bin/../lib/gcc/nios2-elf/4.1.2/../../../../nios2-elf/lib/libc.a(lib_a-readr.o)
                0x00811ec8                _read_r
 .text          0x00811f40      0x5dc /OPT/altera/12.1/nios2eds/bin/gnu/H-i686-pc-linux-gnu/bin/../lib/gcc/nios2-elf/4.1.2/libgcc.a(_udivdi3.o)
                0x00811f40                __udivdi3
 .text          0x0081251c      0x5b0 /OPT/altera/12.1/nios2eds/bin/gnu/H-i686-pc-linux-gnu/bin/../lib/gcc/nios2-elf/4.1.2/libgcc.a(_umoddi3.o)
                0x0081251c                __umoddi3
 .text          0x00812acc      0x504 /OPT/altera/12.1/nios2eds/bin/gnu/H-i686-pc-linux-gnu/bin/../lib/gcc/nios2-elf/4.1.2/libgcc.a(_addsub_df.o)
                0x00812edc                __subdf3
                0x00812f5c                __adddf3
 .text          0x00812fd0      0x3c4 /OPT/altera/12.1/nios2eds/bin/gnu/H-i686-pc-linux-gnu/bin/../lib/gcc/nios2-elf/4.1.2/libgcc.a(_mul_df.o)
                0x00812fd0                __muldf3
 .text          0x00813394      0x258 /OPT/altera/12.1/nios2eds/bin/gnu/H-i686-pc-linux-gnu/bin/../lib/gcc/nios2-elf/4.1.2/libgcc.a(_div_df.o)
                0x00813394                __divdf3
 .text          0x008135ec       0x88 /OPT/altera/12.1/nios2eds/bin/gnu/H-i686-pc-linux-gnu/bin/../lib/gcc/nios2-elf/4.1.2/libgcc.a(_eq_df.o)
                0x008135ec                __eqdf2
 .text          0x00813674       0x88 /OPT/altera/12.1/nios2eds/bin/gnu/H-i686-pc-linux-gnu/bin/../lib/gcc/nios2-elf/4.1.2/libgcc.a(_ne_df.o)
                0x00813674                __nedf2
 .text          0x008136fc       0x88 /OPT/altera/12.1/nios2eds/bin/gnu/H-i686-pc-linux-gnu/bin/../lib/gcc/nios2-elf/4.1.2/libgcc.a(_gt_df.o)
                0x008136fc                __gtdf2
 .text          0x00813784       0x88 /OPT/altera/12.1/nios2eds/bin/gnu/H-i686-pc-linux-gnu/bin/../lib/gcc/nios2-elf/4.1.2/libgcc.a(_ge_df.o)
                0x00813784                __gedf2
 .text          0x0081380c       0x88 /OPT/altera/12.1/nios2eds/bin/gnu/H-i686-pc-linux-gnu/bin/../lib/gcc/nios2-elf/4.1.2/libgcc.a(_lt_df.o)
                0x0081380c                __ltdf2
 .text          0x00813894       0xf8 /OPT/altera/12.1/nios2eds/bin/gnu/H-i686-pc-linux-gnu/bin/../lib/gcc/nios2-elf/4.1.2/libgcc.a(_si_to_df.o)
                0x00813894                __floatsidf
 .text          0x0081398c       0xd8 /OPT/altera/12.1/nios2eds/bin/gnu/H-i686-pc-linux-gnu/bin/../lib/gcc/nios2-elf/4.1.2/libgcc.a(_df_to_si.o)
                0x0081398c                __fixdfsi
 .text          0x00813a64        0x0 /OPT/altera/12.1/nios2eds/bin/gnu/H-i686-pc-linux-gnu/bin/../lib/gcc/nios2-elf/4.1.2/libgcc.a(_thenan_df.o)
 .text          0x00813a64      0x194 /OPT/altera/12.1/nios2eds/bin/gnu/H-i686-pc-linux-gnu/bin/../lib/gcc/nios2-elf/4.1.2/libgcc.a(_usi_to_df.o)
                0x00813a64                __floatunsidf
 .text          0x00813bf8       0x98 /OPT/altera/12.1/nios2eds/bin/gnu/H-i686-pc-linux-gnu/bin/../lib/gcc/nios2-elf/4.1.2/libgcc.a(_muldi3.o)
                0x00813bf8                __muldi3
 .text          0x00813c90        0x0 /OPT/altera/12.1/nios2eds/bin/gnu/H-i686-pc-linux-gnu/bin/../lib/gcc/nios2-elf/4.1.2/libgcc.a(_clz.o)
 .text          0x00813c90       0x80 /OPT/altera/12.1/nios2eds/bin/gnu/H-i686-pc-linux-gnu/bin/../lib/gcc/nios2-elf/4.1.2/libgcc.a(_clzsi2.o)
                0x00813c90                __clzsi2
 .text          0x00813d10      0x314 /OPT/altera/12.1/nios2eds/bin/gnu/H-i686-pc-linux-gnu/bin/../lib/gcc/nios2-elf/4.1.2/libgcc.a(_pack_df.o)
                0x00813d10                __pack_d
 .text          0x00814024      0x138 /OPT/altera/12.1/nios2eds/bin/gnu/H-i686-pc-linux-gnu/bin/../lib/gcc/nios2-elf/4.1.2/libgcc.a(_unpack_df.o)
                0x00814024                __unpack_d
 .text          0x0081415c       0xc8 /OPT/altera/12.1/nios2eds/bin/gnu/H-i686-pc-linux-gnu/bin/../lib/gcc/nios2-elf/4.1.2/libgcc.a(_fpcmp_parts_df.o)
                0x0081415c                __fpcmp_parts_d
 .text          0x00814224      0x15c ../capstone_Volatile_bsp//libucosii_bsp.a(alt_close.o)
                0x00814224                close
 .text          0x00814380       0x2c ../capstone_Volatile_bsp//libucosii_bsp.a(alt_dev.o)
 .text          0x008143ac        0x0 ../capstone_Volatile_bsp//libucosii_bsp.a(alt_errno.o)
 .text          0x008143ac      0x134 ../capstone_Volatile_bsp//libucosii_bsp.a(alt_fstat.o)
                0x008143ac                fstat
 .text          0x008144e0      0x1c0 ../capstone_Volatile_bsp//libucosii_bsp.a(alt_irq_register.o)
                0x008144e0                alt_irq_register
 .text          0x008146a0        0x0 ../capstone_Volatile_bsp//libucosii_bsp.a(alt_irq_vars.o)
 .text          0x008146a0      0x120 ../capstone_Volatile_bsp//libucosii_bsp.a(alt_isatty.o)
                0x008146a0                isatty
 .text          0x008147c0      0x150 ../capstone_Volatile_bsp//libucosii_bsp.a(alt_lseek.o)
                0x008147c0                lseek
 .text          0x00814910       0xc8 ../capstone_Volatile_bsp//libucosii_bsp.a(alt_main.o)
                0x00814910                alt_main
 .text          0x008149d8      0x180 ../capstone_Volatile_bsp//libucosii_bsp.a(alt_read.o)
                0x008149d8                read
 .text          0x00814b58       0x60 ../capstone_Volatile_bsp//libucosii_bsp.a(alt_release_fd.o)
                0x00814b58                alt_release_fd
 .text          0x00814bb8       0xbc ../capstone_Volatile_bsp//libucosii_bsp.a(alt_sbrk.o)
                0x00814bb8                sbrk
 .text          0x00814c74      0x180 ../capstone_Volatile_bsp//libucosii_bsp.a(alt_write.o)
                0x00814c74                write
 .text          0x00814df4      0x108 ../capstone_Volatile_bsp//libucosii_bsp.a(alt_env_lock.o)
                0x00814df4                __env_lock
                0x00814ea0                __env_unlock
 .text          0x00814efc      0x1d8 ../capstone_Volatile_bsp//libucosii_bsp.a(alt_malloc_lock.o)
                0x00814efc                __malloc_lock
                0x00815004                __malloc_unlock
 .text          0x008150d4     0x2128 ../capstone_Volatile_bsp//libucosii_bsp.a(os_core.o)
                0x008150d4                OSEventNameGet
                0x00815204                OSEventNameSet
                0x00815348                OSEventPendMulti
                0x008159fc                OSInit
                0x00815a50                OSIntEnter
                0x00815acc                OSIntExit
                0x00815bcc                OSSchedLock
                0x00815c58                OSSchedUnlock
                0x00815d3c                OSStart
                0x00815dac                OSStatInit
                0x00815e58                OSTimeTick
                0x00816098                OSVersion
                0x008160b8                OS_Dummy
                0x008160d4                OS_EventTaskRdy
                0x00816268                OS_EventTaskWait
                0x00816378                OS_EventTaskWaitMulti
                0x008164cc                OS_EventTaskRemove
                0x00816584                OS_EventTaskRemoveMulti
                0x00816688                OS_EventWaitListInit
                0x00816a54                OS_MemClr
                0x00816aa8                OS_MemCopy
                0x00816b14                OS_Sched
                0x00816c58                OS_StrCopy
                0x00816cd8                OS_StrLen
                0x00816d30                OS_TaskIdle
                0x00816d8c                OS_TaskStat
                0x00816e54                OS_TaskStatStkChk
                0x00816f1c                OS_TCBInit
 .text          0x008171fc      0x18c ../capstone_Volatile_bsp//libucosii_bsp.a(os_dbg.o)
                0x008171fc                OSDebugInit
 .text          0x00817388     0x193c ../capstone_Volatile_bsp//libucosii_bsp.a(os_flag.o)
                0x00817388                OSFlagAccept
                0x008176bc                OSFlagCreate
                0x008177f8                OSFlagDel
                0x00817aa0                OSFlagNameGet
                0x00817be4                OSFlagNameSet
                0x00817d38                OSFlagPend
                0x0081837c                OSFlagPendGetFlagsRdy
                0x008183e4                OSFlagPost
                0x0081878c                OSFlagQuery
                0x00818a24                OS_FlagInit
                0x00818c18                OS_FlagUnlink
 .text          0x00818cc4      0x808 ../capstone_Volatile_bsp//libucosii_bsp.a(os_mem.o)
                0x00818cc4                OSMemCreate
                0x00818ee0                OSMemGet
                0x00818fe4                OSMemNameGet
                0x008190f0                OSMemNameSet
                0x00819210                OSMemPut
                0x00819300                OSMemQuery
                0x008193fc                OS_MemInit
 .text          0x008194cc     0x1334 ../capstone_Volatile_bsp//libucosii_bsp.a(os_q.o)
                0x008194cc                OSQAccept
                0x00819620                OSQCreate
                0x00819834                OSQDel
                0x00819b34                OSQFlush
                0x00819bfc                OSQPend
                0x00819f1c                OSQPendAbort
                0x0081a098                OSQPost
                0x0081a218                OSQPostFront
                0x0081a3a0                OSQPostOpt
                0x0081a5d4                OSQQuery
                0x0081a754                OS_QInit
 .text          0x0081a800      0xbc8 ../capstone_Volatile_bsp//libucosii_bsp.a(os_sem.o)
                0x0081a800                OSSemAccept
                0x0081a8c0                OSSemCreate
                0x0081a9d4                OSSemDel
                0x0081ac74                OSSemPend
                0x0081aef0                OSSemPendAbort
                0x0081b06c                OSSemPost
                0x0081b194                OSSemQuery
                0x0081b2c4                OSSemSet
 .text          0x0081b3c8     0x1a40 ../capstone_Volatile_bsp//libucosii_bsp.a(os_task.o)
                0x0081b3c8                OSTaskChangePrio
                0x0081b93c                OSTaskCreate
                0x0081bb10                OSTaskCreateExt
                0x0081bd10                OSTaskDel
                0x0081c11c                OSTaskDelReq
                0x0081c28c                OSTaskNameGet
                0x0081c444                OSTaskNameSet
                0x0081c608                OSTaskResume
                0x0081c820                OSTaskStkChk
                0x0081ca1c                OSTaskSuspend
                0x0081cc48                OSTaskQuery
                0x0081cd8c                OS_TaskStkClr
 .text          0x0081ce08      0x598 ../capstone_Volatile_bsp//libucosii_bsp.a(os_time.o)
                0x0081ce08                OSTimeDly
                0x0081cf54                OSTimeDlyHMSM
                0x0081d0c8                OSTimeDlyResume
                0x0081d2d8                OSTimeGet
                0x0081d33c                OSTimeSet
 .text          0x0081d3a0       0xf8 ../capstone_Volatile_bsp//libucosii_bsp.a(alt_sys_init.o)
                0x0081d3a0                alt_irq_init
                0x0081d3d4                alt_sys_init
 .text          0x0081d498      0x148 ../capstone_Volatile_bsp//libucosii_bsp.a(altera_avalon_jtag_uart_fd.o)
                0x0081d498                altera_avalon_jtag_uart_read_fd
                0x0081d4f0                altera_avalon_jtag_uart_write_fd
                0x0081d548                altera_avalon_jtag_uart_close_fd
                0x0081d590                altera_avalon_jtag_uart_ioctl_fd
 .text          0x0081d5e0      0x580 ../capstone_Volatile_bsp//libucosii_bsp.a(altera_avalon_jtag_uart_init.o)
                0x0081d5e0                altera_avalon_jtag_uart_init
                0x0081daec                altera_avalon_jtag_uart_close
 .text          0x0081db60       0xf4 ../capstone_Volatile_bsp//libucosii_bsp.a(altera_avalon_jtag_uart_ioctl.o)
                0x0081db60                altera_avalon_jtag_uart_ioctl
 .text          0x0081dc54      0x2c0 ../capstone_Volatile_bsp//libucosii_bsp.a(altera_avalon_jtag_uart_read.o)
                0x0081dc54                altera_avalon_jtag_uart_read
 .text          0x0081df14      0x2dc ../capstone_Volatile_bsp//libucosii_bsp.a(altera_avalon_jtag_uart_write.o)
                0x0081df14                altera_avalon_jtag_uart_write
 .text          0x0081e1f0       0xfc ../capstone_Volatile_bsp//libucosii_bsp.a(altera_avalon_timer_sc.o)
                0x0081e264                alt_avalon_timer_sc_init
 .text          0x0081e2ec      0x80c ../capstone_Volatile_bsp//libucosii_bsp.a(altera_up_avalon_audio.o)
                0x0081e2ec                alt_up_audio_open_dev
                0x0081e32c                alt_up_audio_enable_read_interrupt
                0x0081e378                alt_up_audio_disable_read_interrupt
                0x0081e3c8                alt_up_audio_enable_write_interrupt
                0x0081e414                alt_up_audio_disable_write_interrupt
                0x0081e464                alt_up_audio_read_interrupt_pending
                0x0081e4a0                alt_up_audio_write_interrupt_pending
                0x0081e4dc                alt_up_audio_reset_audio_core
                0x0081e564                alt_up_audio_read_fifo_avail
                0x0081e5d4                alt_up_audio_record_r
                0x0081e644                alt_up_audio_record_l
                0x0081e6b4                alt_up_audio_write_fifo_space
                0x0081e728                alt_up_audio_play_r
                0x0081e798                alt_up_audio_play_l
                0x0081e808                alt_up_audio_read_fifo
                0x0081e90c                alt_up_audio_write_fifo
                0x0081ea38                alt_up_audio_read_fifo_head
                0x0081ea98                alt_up_audio_write_fifo_head
 .text          0x0081eaf8      0x788 ../capstone_Volatile_bsp//libucosii_bsp.a(altera_up_avalon_audio_and_video_config.o)
                0x0081eaf8                alt_up_av_config_open_dev
                0x0081eb5c                alt_up_av_config_write_data
                0x0081ebc0                alt_up_av_config_read_data
                0x0081ec4c                alt_up_av_config_reset
                0x0081ec84                alt_up_av_config_enable_interrupt
                0x0081ecbc                alt_up_av_config_disable_interrupt
                0x0081ecec                alt_up_av_config_read_acknowledge
                0x0081ed54                alt_up_av_config_read_ready
                0x0081ed8c                alt_up_av_config_write_audio_cfg_register
                0x0081ee38                alt_up_av_config_read_video_cfg_register
                0x0081ef30                alt_up_av_config_write_video_cfg_register
                0x0081f028                alt_up_av_config_read_DC2_cfg_register
                0x0081f08c                alt_up_av_config_write_DC2_cfg_register
                0x0081f0f0                alt_up_av_config_read_D5M_cfg_register
                0x0081f154                alt_up_av_config_write_D5M_cfg_register
                0x0081f1b8                alt_up_av_config_read_LTM_cfg_register
                0x0081f21c                alt_up_av_config_write_LTM_cfg_register
 .text          0x0081f280      0x530 ../capstone_Volatile_bsp//libucosii_bsp.a(altera_up_avalon_character_lcd.o)
                0x0081f280                get_DDRAM_addr
                0x0081f2fc                alt_up_character_lcd_send_cmd
                0x0081f330                alt_up_character_lcd_init
                0x0081f364                alt_up_character_lcd_open_dev
                0x0081f3a4                alt_up_character_lcd_write
                0x0081f41c                alt_up_character_lcd_string
                0x0081f494                alt_up_character_lcd_write_fd
                0x0081f4e0                alt_up_character_lcd_set_cursor_pos
                0x0081f558                alt_up_character_lcd_shift_cursor
                0x0081f608                alt_up_character_lcd_shift_display
                0x0081f6b8                alt_up_character_lcd_erase_pos
                0x0081f748                alt_up_character_lcd_cursor_off
                0x0081f77c                alt_up_character_lcd_cursor_blink_on
 .text          0x0081f7b0      0x154 ../capstone_Volatile_bsp//libucosii_bsp.a(alt_alarm_start.o)
                0x0081f7b0                alt_alarm_start
 .text          0x0081f904      0x114 ../capstone_Volatile_bsp//libucosii_bsp.a(alt_dev_llist_insert.o)
                0x0081f904                alt_dev_llist_insert
 .text          0x0081fa18       0x64 ../capstone_Volatile_bsp//libucosii_bsp.a(alt_do_ctors.o)
                0x0081fa18                _do_ctors
 .text          0x0081fa7c       0x64 ../capstone_Volatile_bsp//libucosii_bsp.a(alt_do_dtors.o)
                0x0081fa7c                _do_dtors
 .text          0x0081fae0       0x94 ../capstone_Volatile_bsp//libucosii_bsp.a(alt_find_dev.o)
                0x0081fae0                alt_find_dev
 .text          0x0081fb74      0x13c ../capstone_Volatile_bsp//libucosii_bsp.a(alt_io_redirect.o)
                0x0081fc38                alt_io_redirect
 .text          0x0081fcb0        0x0 ../capstone_Volatile_bsp//libucosii_bsp.a(alt_irq_entry.o)
 .text          0x0081fcb0        0x0 ../capstone_Volatile_bsp//libucosii_bsp.a(alt_irq_handler.o)
 .text          0x0081fcb0      0x2c4 ../capstone_Volatile_bsp//libucosii_bsp.a(alt_open.o)
                0x0081fd8c                open
 .text          0x0081ff74      0x1a8 ../capstone_Volatile_bsp//libucosii_bsp.a(alt_tick.o)
                0x0081ff74                alt_alarm_stop
                0x0082000c                alt_tick
 .text          0x0082011c       0x20 ../capstone_Volatile_bsp//libucosii_bsp.a(altera_nios2_qsys_irq.o)
                0x0082011c                altera_nios2_qsys_irq_init
 .text          0x0082013c       0xd0 ../capstone_Volatile_bsp//libucosii_bsp.a(os_cpu_a.o)
                0x0082013c                OSCtxSw
                0x0082013c                OSIntCtxSw
                0x008201c8                OSStartHighRdy
                0x008201e8                OSStartTsk
 .text          0x0082020c      0x418 ../capstone_Volatile_bsp//libucosii_bsp.a(os_cpu_c.o)
                0x0082020c                OSTaskStkInit
                0x0082051c                OSTaskCreateHook
                0x0082053c                OSTaskDelHook
                0x0082055c                OSTaskSwHook
                0x00820578                OSTaskStatHook
                0x00820594                OSTimeTickHook
                0x008205b0                OSInitHookBegin
                0x008205cc                OSInitHookEnd
                0x008205e8                OSTaskIdleHook
                0x00820604                OSTCBInitHook
 .text          0x00820624        0x0 ../capstone_Volatile_bsp//libucosii_bsp.a(alt_exception_entry.o)
 .text          0x00820624      0x120 ../capstone_Volatile_bsp//libucosii_bsp.a(alt_find_file.o)
                0x00820624                alt_find_file
 .text          0x00820744       0xf4 ../capstone_Volatile_bsp//libucosii_bsp.a(alt_get_fd.o)
                0x00820744                alt_get_fd
 .text          0x00820838       0x14 /OPT/altera/12.1/nios2eds/bin/gnu/H-i686-pc-linux-gnu/bin/../lib/gcc/nios2-elf/4.1.2/../../../../nios2-elf/lib/libc.a(lib_a-atexit.o)
                0x00820838                atexit
 .text          0x0082084c       0x38 /OPT/altera/12.1/nios2eds/bin/gnu/H-i686-pc-linux-gnu/bin/../lib/gcc/nios2-elf/4.1.2/../../../../nios2-elf/lib/libc.a(lib_a-exit.o)
                0x0082084c                exit
 .text          0x00820884       0x74 /OPT/altera/12.1/nios2eds/bin/gnu/H-i686-pc-linux-gnu/bin/../lib/gcc/nios2-elf/4.1.2/../../../../nios2-elf/lib/libc.a(lib_a-memcmp.o)
                0x00820884                memcmp
 .text          0x008208f8      0x134 /OPT/altera/12.1/nios2eds/bin/gnu/H-i686-pc-linux-gnu/bin/../lib/gcc/nios2-elf/4.1.2/../../../../nios2-elf/lib/libc.a(lib_a-__atexit.o)
                0x008208f8                __register_exitproc
 .text          0x00820a2c      0x1b4 /OPT/altera/12.1/nios2eds/bin/gnu/H-i686-pc-linux-gnu/bin/../lib/gcc/nios2-elf/4.1.2/../../../../nios2-elf/lib/libc.a(lib_a-__call_atexit.o)
                0x00820a30                __call_exitprocs
 .text          0x00820be0       0x6c ../capstone_Volatile_bsp//libucosii_bsp.a(alt_exit.o)
                0x00820c20                _exit
 *(.gnu.warning.*)
 *(.fini)
                0x00820c4c                PROVIDE (__etext, ABSOLUTE (.))
                0x00820c4c                PROVIDE (_etext, ABSOLUTE (.))
                0x00820c4c                PROVIDE (etext, ABSOLUTE (.))
 *(.eh_frame_hdr)
                0x00820c4c                . = ALIGN (0x4)
                0x00820c4c                PROVIDE (__preinit_array_start, ABSOLUTE (.))
 *(.preinit_array)
                0x00820c4c                PROVIDE (__preinit_array_end, ABSOLUTE (.))
                0x00820c4c                PROVIDE (__init_array_start, ABSOLUTE (.))
 *(.init_array)
                0x00820c4c                PROVIDE (__init_array_end, ABSOLUTE (.))
                0x00820c4c                PROVIDE (__fini_array_start, ABSOLUTE (.))
 *(.fini_array)
                0x00820c4c                PROVIDE (__fini_array_end, ABSOLUTE (.))
 *(.eh_frame)
 *(.gcc_except_table)
 *(.dynamic)
                0x00820c4c                PROVIDE (__CTOR_LIST__, ABSOLUTE (.))
 *(.ctors)
 *(SORT(.ctors.*))
 .ctors.65535   0x00820c4c        0x4 /OPT/altera/12.1/nios2eds/bin/gnu/H-i686-pc-linux-gnu/bin/../lib/gcc/nios2-elf/4.1.2/../../../../nios2-elf/lib/libc.a(lib_a-__call_atexit.o)
                0x00820c50                PROVIDE (__CTOR_END__, ABSOLUTE (.))
                0x00820c50                PROVIDE (__DTOR_LIST__, ABSOLUTE (.))
 *(.dtors)
 *(SORT(.dtors.*))
                0x00820c50                PROVIDE (__DTOR_END__, ABSOLUTE (.))
 *(.jcr)
                0x00820c50                . = ALIGN (0x4)

.rodata         0x00820c50     0x1350
                0x00820c50                PROVIDE (__ram_rodata_start, ABSOLUTE (.))
                0x00820c50                . = ALIGN (0x4)
 *(.rodata .rodata.* .gnu.linkonce.r.*)
 .rodata        0x00820c50       0x94 obj/default/audio.o
 .rodata        0x00820ce4       0x20 obj/default/buttons.o
 .rodata        0x00820d04       0x40 obj/default/efsl/fat.o
 .rodata        0x00820d44       0xa4 obj/default/efsl/ioman.o
 .rodata        0x00820de8       0x5c obj/default/efsl/mkfs.o
 .rodata        0x00820e44       0xbc obj/default/efsl/nios2.o
 .rodata        0x00820f00      0x234 obj/default/efsl/sd.o
 .rodata        0x00821134       0x54 obj/default/efsl/ui.o
 .rodata        0x00821188       0xa8 obj/default/main.o
 .rodata        0x00821230      0x118 obj/default/sd.o
 .rodata.str1.4
                0x00821348        0x3 /OPT/altera/12.1/nios2eds/bin/gnu/H-i686-pc-linux-gnu/bin/../lib/gcc/nios2-elf/4.1.2/../../../../nios2-elf/lib/libc.a(lib_a-perror.o)
                                  0x4 (size before relaxing)
 *fill*         0x0082134b        0x1 00
 .rodata.str1.4
                0x0082134c        0x2 /OPT/altera/12.1/nios2eds/bin/gnu/H-i686-pc-linux-gnu/bin/../lib/gcc/nios2-elf/4.1.2/../../../../nios2-elf/lib/libc.a(lib_a-puts.o)
                                  0x4 (size before relaxing)
 *fill*         0x0082134e        0x2 00
 .rodata.str1.4
                0x00821350      0x7a2 /OPT/altera/12.1/nios2eds/bin/gnu/H-i686-pc-linux-gnu/bin/../lib/gcc/nios2-elf/4.1.2/../../../../nios2-elf/lib/libc.a(lib_a-strerror.o)
                                0x7a8 (size before relaxing)
 *fill*         0x00821af2        0x2 00
 .rodata.str1.4
                0x00821af4       0x5e /OPT/altera/12.1/nios2eds/bin/gnu/H-i686-pc-linux-gnu/bin/../lib/gcc/nios2-elf/4.1.2/../../../../nios2-elf/lib/libc.a(lib_a-vfprintf.o)
                                 0x60 (size before relaxing)
 .rodata        0x00821b52       0x20 /OPT/altera/12.1/nios2eds/bin/gnu/H-i686-pc-linux-gnu/bin/../lib/gcc/nios2-elf/4.1.2/../../../../nios2-elf/lib/libc.a(lib_a-vfprintf.o)
 *fill*         0x00821b72        0x2 00
 .rodata.str1.4
                0x00821b74       0x10 /OPT/altera/12.1/nios2eds/bin/gnu/H-i686-pc-linux-gnu/bin/../lib/gcc/nios2-elf/4.1.2/../../../../nios2-elf/lib/libc.a(lib_a-dtoa.o)
                                 0x14 (size before relaxing)
 .rodata.str1.4
                0x00821b84        0x2 /OPT/altera/12.1/nios2eds/bin/gnu/H-i686-pc-linux-gnu/bin/../lib/gcc/nios2-elf/4.1.2/../../../../nios2-elf/lib/libc.a(lib_a-impure.o)
                                  0x4 (size before relaxing)
 *fill*         0x00821b86        0x2 00
 .rodata.str1.4
                0x00821b88       0x10 /OPT/altera/12.1/nios2eds/bin/gnu/H-i686-pc-linux-gnu/bin/../lib/gcc/nios2-elf/4.1.2/../../../../nios2-elf/lib/libc.a(lib_a-locale.o)
                                 0x18 (size before relaxing)
 .rodata        0x00821b98       0x30 /OPT/altera/12.1/nios2eds/bin/gnu/H-i686-pc-linux-gnu/bin/../lib/gcc/nios2-elf/4.1.2/../../../../nios2-elf/lib/libc.a(lib_a-locale.o)
 .rodata        0x00821bc8      0x124 /OPT/altera/12.1/nios2eds/bin/gnu/H-i686-pc-linux-gnu/bin/../lib/gcc/nios2-elf/4.1.2/../../../../nios2-elf/lib/libc.a(lib_a-mprec.o)
                0x00821bc8                __mprec_tens
                0x00821c90                __mprec_bigtens
                0x00821cb8                __mprec_tinytens
 .rodata        0x00821cec       0x14 /OPT/altera/12.1/nios2eds/bin/gnu/H-i686-pc-linux-gnu/bin/../lib/gcc/nios2-elf/4.1.2/libgcc.a(_thenan_df.o)
                0x00821cec                __thenan_df
 .rodata        0x00821d00      0x100 /OPT/altera/12.1/nios2eds/bin/gnu/H-i686-pc-linux-gnu/bin/../lib/gcc/nios2-elf/4.1.2/libgcc.a(_clz.o)
                0x00821d00                __clz_tab
 .rodata        0x00821e00        0xc ../capstone_Volatile_bsp//libucosii_bsp.a(alt_dev.o)
 .rodata        0x00821e0c       0x14 ../capstone_Volatile_bsp//libucosii_bsp.a(alt_main.o)
 .rodata        0x00821e20      0x120 ../capstone_Volatile_bsp//libucosii_bsp.a(os_core.o)
                0x00821e20                OSUnMapTbl
 .rodata        0x00821f40       0x5c ../capstone_Volatile_bsp//libucosii_bsp.a(alt_sys_init.o)
 .rodata        0x00821f9c        0x4 ../capstone_Volatile_bsp//libucosii_bsp.a(os_cpu_c.o)
 *(.rodata1)
                0x00821fa0                . = ALIGN (0x4)
                0x00821fa0                PROVIDE (__ram_rodata_end, ABSOLUTE (.))
                0x00820c50                PROVIDE (__flash_rodata_start, LOADADDR (.rodata))

.rwdata         0x00821fa0     0x1b7c
                0x00821fa0                PROVIDE (__ram_rwdata_start, ABSOLUTE (.))
                0x00821fa0                . = ALIGN (0x4)
 *(.got.plt)
 *(.got)
 *(.data1)
 *(.data .data.* .gnu.linkonce.d.*)
 .data          0x00821fa0        0x0 ../capstone_Volatile_bsp//obj/HAL/src/crt0.o
 .data          0x00821fa0        0x0 obj/default/audio.o
 .data          0x00821fa0        0x0 obj/default/buttons.o
 .data          0x00821fa0        0x0 obj/default/efsl/debug.o
 .data          0x00821fa0        0x0 obj/default/efsl/dir.o
 .data          0x00821fa0        0x0 obj/default/efsl/disc.o
 .data          0x00821fa0        0x0 obj/default/efsl/efs.o
 .data          0x00821fa0        0x0 obj/default/efsl/extract.o
 .data          0x00821fa0        0x0 obj/default/efsl/fat.o
 .data          0x00821fa0        0x0 obj/default/efsl/file.o
 .data          0x00821fa0        0x0 obj/default/efsl/fs.o
 .data          0x00821fa0        0x0 obj/default/efsl/ioman.o
 .data          0x00821fa0        0x0 obj/default/efsl/ls.o
 .data          0x00821fa0        0x0 obj/default/efsl/mkfs.o
 .data          0x00821fa0        0x0 obj/default/efsl/nios2.o
 .data          0x00821fa0        0xc obj/default/efsl/nios2_ramdisk.o
 .data          0x00821fac        0x0 obj/default/efsl/partition.o
 .data          0x00821fac        0x0 obj/default/efsl/plibc.o
 .data          0x00821fac        0x0 obj/default/efsl/sd.o
 .data          0x00821fac        0x0 obj/default/efsl/time.o
 .data          0x00821fac        0x0 obj/default/efsl/ui.o
 .data          0x00821fac        0x0 obj/default/main.o
 .data          0x00821fac        0x0 obj/default/save.o
 .data          0x00821fac        0x0 obj/default/sd.o
 .data          0x00821fac        0x0 /OPT/altera/12.1/nios2eds/bin/gnu/H-i686-pc-linux-gnu/bin/../lib/gcc/nios2-elf/4.1.2/libgcc.a(lib2-divmod.o)
 .data          0x00821fac        0x0 /OPT/altera/12.1/nios2eds/bin/gnu/H-i686-pc-linux-gnu/bin/../lib/gcc/nios2-elf/4.1.2/../../../../nios2-elf/lib/libc.a(lib_a-malloc.o)
 .data          0x00821fac      0x408 /OPT/altera/12.1/nios2eds/bin/gnu/H-i686-pc-linux-gnu/bin/../lib/gcc/nios2-elf/4.1.2/../../../../nios2-elf/lib/libc.a(lib_a-mallocr.o)
                0x00821fac                __malloc_av_
 .data          0x008223b4        0x0 /OPT/altera/12.1/nios2eds/bin/gnu/H-i686-pc-linux-gnu/bin/../lib/gcc/nios2-elf/4.1.2/../../../../nios2-elf/lib/libc.a(lib_a-memcpy.o)
 .data          0x008223b4        0x0 /OPT/altera/12.1/nios2eds/bin/gnu/H-i686-pc-linux-gnu/bin/../lib/gcc/nios2-elf/4.1.2/../../../../nios2-elf/lib/libc.a(lib_a-perror.o)
 .data          0x008223b4        0x0 /OPT/altera/12.1/nios2eds/bin/gnu/H-i686-pc-linux-gnu/bin/../lib/gcc/nios2-elf/4.1.2/../../../../nios2-elf/lib/libc.a(lib_a-printf.o)
 .data          0x008223b4        0x0 /OPT/altera/12.1/nios2eds/bin/gnu/H-i686-pc-linux-gnu/bin/../lib/gcc/nios2-elf/4.1.2/../../../../nios2-elf/lib/libc.a(lib_a-putchar.o)
 .data          0x008223b4        0x0 /OPT/altera/12.1/nios2eds/bin/gnu/H-i686-pc-linux-gnu/bin/../lib/gcc/nios2-elf/4.1.2/../../../../nios2-elf/lib/libc.a(lib_a-puts.o)
 .data          0x008223b4        0x0 /OPT/altera/12.1/nios2eds/bin/gnu/H-i686-pc-linux-gnu/bin/../lib/gcc/nios2-elf/4.1.2/../../../../nios2-elf/lib/libc.a(lib_a-sbrkr.o)
 .data          0x008223b4        0x0 /OPT/altera/12.1/nios2eds/bin/gnu/H-i686-pc-linux-gnu/bin/../lib/gcc/nios2-elf/4.1.2/../../../../nios2-elf/lib/libc.a(lib_a-strerror.o)
 .data          0x008223b4        0x0 /OPT/altera/12.1/nios2eds/bin/gnu/H-i686-pc-linux-gnu/bin/../lib/gcc/nios2-elf/4.1.2/../../../../nios2-elf/lib/libc.a(lib_a-strlen.o)
 .data          0x008223b4        0x0 /OPT/altera/12.1/nios2eds/bin/gnu/H-i686-pc-linux-gnu/bin/../lib/gcc/nios2-elf/4.1.2/../../../../nios2-elf/lib/libc.a(lib_a-u_strerr.o)
 .data          0x008223b4        0x0 /OPT/altera/12.1/nios2eds/bin/gnu/H-i686-pc-linux-gnu/bin/../lib/gcc/nios2-elf/4.1.2/../../../../nios2-elf/lib/libc.a(lib_a-vfprintf.o)
 .data          0x008223b4        0x0 /OPT/altera/12.1/nios2eds/bin/gnu/H-i686-pc-linux-gnu/bin/../lib/gcc/nios2-elf/4.1.2/../../../../nios2-elf/lib/libc.a(lib_a-wsetup.o)
 .data          0x008223b4        0x0 /OPT/altera/12.1/nios2eds/bin/gnu/H-i686-pc-linux-gnu/bin/../lib/gcc/nios2-elf/4.1.2/../../../../nios2-elf/lib/libc.a(lib_a-dtoa.o)
 .data          0x008223b4        0x0 /OPT/altera/12.1/nios2eds/bin/gnu/H-i686-pc-linux-gnu/bin/../lib/gcc/nios2-elf/4.1.2/../../../../nios2-elf/lib/libc.a(lib_a-fflush.o)
 .data          0x008223b4        0x0 /OPT/altera/12.1/nios2eds/bin/gnu/H-i686-pc-linux-gnu/bin/../lib/gcc/nios2-elf/4.1.2/../../../../nios2-elf/lib/libc.a(lib_a-findfp.o)
 .data          0x008223b4        0x0 /OPT/altera/12.1/nios2eds/bin/gnu/H-i686-pc-linux-gnu/bin/../lib/gcc/nios2-elf/4.1.2/../../../../nios2-elf/lib/libc.a(lib_a-fputc.o)
 .data          0x008223b4        0x0 /OPT/altera/12.1/nios2eds/bin/gnu/H-i686-pc-linux-gnu/bin/../lib/gcc/nios2-elf/4.1.2/../../../../nios2-elf/lib/libc.a(lib_a-fputs.o)
 .data          0x008223b4        0x0 /OPT/altera/12.1/nios2eds/bin/gnu/H-i686-pc-linux-gnu/bin/../lib/gcc/nios2-elf/4.1.2/../../../../nios2-elf/lib/libc.a(lib_a-freer.o)
 .data          0x008223b4        0x0 /OPT/altera/12.1/nios2eds/bin/gnu/H-i686-pc-linux-gnu/bin/../lib/gcc/nios2-elf/4.1.2/../../../../nios2-elf/lib/libc.a(lib_a-fvwrite.o)
 .data          0x008223b4        0x0 /OPT/altera/12.1/nios2eds/bin/gnu/H-i686-pc-linux-gnu/bin/../lib/gcc/nios2-elf/4.1.2/../../../../nios2-elf/lib/libc.a(lib_a-fwalk.o)
 .data          0x008223b4      0x400 /OPT/altera/12.1/nios2eds/bin/gnu/H-i686-pc-linux-gnu/bin/../lib/gcc/nios2-elf/4.1.2/../../../../nios2-elf/lib/libc.a(lib_a-impure.o)
 .data          0x008227b4        0x0 /OPT/altera/12.1/nios2eds/bin/gnu/H-i686-pc-linux-gnu/bin/../lib/gcc/nios2-elf/4.1.2/../../../../nios2-elf/lib/libc.a(lib_a-int_errno.o)
 .data          0x008227b4        0xc /OPT/altera/12.1/nios2eds/bin/gnu/H-i686-pc-linux-gnu/bin/../lib/gcc/nios2-elf/4.1.2/../../../../nios2-elf/lib/libc.a(lib_a-locale.o)
                0x008227b4                __lc_ctype
 .data          0x008227c0        0x0 /OPT/altera/12.1/nios2eds/bin/gnu/H-i686-pc-linux-gnu/bin/../lib/gcc/nios2-elf/4.1.2/../../../../nios2-elf/lib/libc.a(lib_a-makebuf.o)
 .data          0x008227c0        0x0 /OPT/altera/12.1/nios2eds/bin/gnu/H-i686-pc-linux-gnu/bin/../lib/gcc/nios2-elf/4.1.2/../../../../nios2-elf/lib/libc.a(lib_a-memchr.o)
 .data          0x008227c0        0x0 /OPT/altera/12.1/nios2eds/bin/gnu/H-i686-pc-linux-gnu/bin/../lib/gcc/nios2-elf/4.1.2/../../../../nios2-elf/lib/libc.a(lib_a-memmove.o)
 .data          0x008227c0        0x0 /OPT/altera/12.1/nios2eds/bin/gnu/H-i686-pc-linux-gnu/bin/../lib/gcc/nios2-elf/4.1.2/../../../../nios2-elf/lib/libc.a(lib_a-memset.o)
 .data          0x008227c0        0x0 /OPT/altera/12.1/nios2eds/bin/gnu/H-i686-pc-linux-gnu/bin/../lib/gcc/nios2-elf/4.1.2/../../../../nios2-elf/lib/libc.a(lib_a-mprec.o)
 .data          0x008227c0        0x0 /OPT/altera/12.1/nios2eds/bin/gnu/H-i686-pc-linux-gnu/bin/../lib/gcc/nios2-elf/4.1.2/../../../../nios2-elf/lib/libc.a(lib_a-putc.o)
 .data          0x008227c0        0x0 /OPT/altera/12.1/nios2eds/bin/gnu/H-i686-pc-linux-gnu/bin/../lib/gcc/nios2-elf/4.1.2/../../../../nios2-elf/lib/libc.a(lib_a-reallocr.o)
 .data          0x008227c0        0x0 /OPT/altera/12.1/nios2eds/bin/gnu/H-i686-pc-linux-gnu/bin/../lib/gcc/nios2-elf/4.1.2/../../../../nios2-elf/lib/libc.a(lib_a-s_isinfd.o)
 .data          0x008227c0        0x0 /OPT/altera/12.1/nios2eds/bin/gnu/H-i686-pc-linux-gnu/bin/../lib/gcc/nios2-elf/4.1.2/../../../../nios2-elf/lib/libc.a(lib_a-s_isnand.o)
 .data          0x008227c0        0x0 /OPT/altera/12.1/nios2eds/bin/gnu/H-i686-pc-linux-gnu/bin/../lib/gcc/nios2-elf/4.1.2/../../../../nios2-elf/lib/libc.a(lib_a-stdio.o)
 .data          0x008227c0        0x0 /OPT/altera/12.1/nios2eds/bin/gnu/H-i686-pc-linux-gnu/bin/../lib/gcc/nios2-elf/4.1.2/../../../../nios2-elf/lib/libc.a(lib_a-strcmp.o)
 .data          0x008227c0        0x0 /OPT/altera/12.1/nios2eds/bin/gnu/H-i686-pc-linux-gnu/bin/../lib/gcc/nios2-elf/4.1.2/../../../../nios2-elf/lib/libc.a(lib_a-wbuf.o)
 .data          0x008227c0        0x0 /OPT/altera/12.1/nios2eds/bin/gnu/H-i686-pc-linux-gnu/bin/../lib/gcc/nios2-elf/4.1.2/../../../../nios2-elf/lib/libc.a(lib_a-writer.o)
 .data          0x008227c0        0x0 /OPT/altera/12.1/nios2eds/bin/gnu/H-i686-pc-linux-gnu/bin/../lib/gcc/nios2-elf/4.1.2/../../../../nios2-elf/lib/libc.a(lib_a-callocr.o)
 .data          0x008227c0        0x0 /OPT/altera/12.1/nios2eds/bin/gnu/H-i686-pc-linux-gnu/bin/../lib/gcc/nios2-elf/4.1.2/../../../../nios2-elf/lib/libc.a(lib_a-closer.o)
 .data          0x008227c0        0x0 /OPT/altera/12.1/nios2eds/bin/gnu/H-i686-pc-linux-gnu/bin/../lib/gcc/nios2-elf/4.1.2/../../../../nios2-elf/lib/libc.a(lib_a-fclose.o)
 .data          0x008227c0        0x0 /OPT/altera/12.1/nios2eds/bin/gnu/H-i686-pc-linux-gnu/bin/../lib/gcc/nios2-elf/4.1.2/../../../../nios2-elf/lib/libc.a(lib_a-fstatr.o)
 .data          0x008227c0        0x0 /OPT/altera/12.1/nios2eds/bin/gnu/H-i686-pc-linux-gnu/bin/../lib/gcc/nios2-elf/4.1.2/../../../../nios2-elf/lib/libc.a(lib_a-isattyr.o)
 .data          0x008227c0        0x0 /OPT/altera/12.1/nios2eds/bin/gnu/H-i686-pc-linux-gnu/bin/../lib/gcc/nios2-elf/4.1.2/../../../../nios2-elf/lib/libc.a(lib_a-lseekr.o)
 .data          0x008227c0        0x0 /OPT/altera/12.1/nios2eds/bin/gnu/H-i686-pc-linux-gnu/bin/../lib/gcc/nios2-elf/4.1.2/../../../../nios2-elf/lib/libc.a(lib_a-readr.o)
 .data          0x008227c0        0x0 /OPT/altera/12.1/nios2eds/bin/gnu/H-i686-pc-linux-gnu/bin/../lib/gcc/nios2-elf/4.1.2/libgcc.a(_udivdi3.o)
 .data          0x008227c0        0x0 /OPT/altera/12.1/nios2eds/bin/gnu/H-i686-pc-linux-gnu/bin/../lib/gcc/nios2-elf/4.1.2/libgcc.a(_umoddi3.o)
 .data          0x008227c0        0x0 /OPT/altera/12.1/nios2eds/bin/gnu/H-i686-pc-linux-gnu/bin/../lib/gcc/nios2-elf/4.1.2/libgcc.a(_addsub_df.o)
 .data          0x008227c0        0x0 /OPT/altera/12.1/nios2eds/bin/gnu/H-i686-pc-linux-gnu/bin/../lib/gcc/nios2-elf/4.1.2/libgcc.a(_mul_df.o)
 .data          0x008227c0        0x0 /OPT/altera/12.1/nios2eds/bin/gnu/H-i686-pc-linux-gnu/bin/../lib/gcc/nios2-elf/4.1.2/libgcc.a(_div_df.o)
 .data          0x008227c0        0x0 /OPT/altera/12.1/nios2eds/bin/gnu/H-i686-pc-linux-gnu/bin/../lib/gcc/nios2-elf/4.1.2/libgcc.a(_eq_df.o)
 .data          0x008227c0        0x0 /OPT/altera/12.1/nios2eds/bin/gnu/H-i686-pc-linux-gnu/bin/../lib/gcc/nios2-elf/4.1.2/libgcc.a(_ne_df.o)
 .data          0x008227c0        0x0 /OPT/altera/12.1/nios2eds/bin/gnu/H-i686-pc-linux-gnu/bin/../lib/gcc/nios2-elf/4.1.2/libgcc.a(_gt_df.o)
 .data          0x008227c0        0x0 /OPT/altera/12.1/nios2eds/bin/gnu/H-i686-pc-linux-gnu/bin/../lib/gcc/nios2-elf/4.1.2/libgcc.a(_ge_df.o)
 .data          0x008227c0        0x0 /OPT/altera/12.1/nios2eds/bin/gnu/H-i686-pc-linux-gnu/bin/../lib/gcc/nios2-elf/4.1.2/libgcc.a(_lt_df.o)
 .data          0x008227c0        0x0 /OPT/altera/12.1/nios2eds/bin/gnu/H-i686-pc-linux-gnu/bin/../lib/gcc/nios2-elf/4.1.2/libgcc.a(_si_to_df.o)
 .data          0x008227c0        0x0 /OPT/altera/12.1/nios2eds/bin/gnu/H-i686-pc-linux-gnu/bin/../lib/gcc/nios2-elf/4.1.2/libgcc.a(_df_to_si.o)
 .data          0x008227c0        0x0 /OPT/altera/12.1/nios2eds/bin/gnu/H-i686-pc-linux-gnu/bin/../lib/gcc/nios2-elf/4.1.2/libgcc.a(_thenan_df.o)
 .data          0x008227c0        0x0 /OPT/altera/12.1/nios2eds/bin/gnu/H-i686-pc-linux-gnu/bin/../lib/gcc/nios2-elf/4.1.2/libgcc.a(_usi_to_df.o)
 .data          0x008227c0        0x0 /OPT/altera/12.1/nios2eds/bin/gnu/H-i686-pc-linux-gnu/bin/../lib/gcc/nios2-elf/4.1.2/libgcc.a(_muldi3.o)
 .data          0x008227c0        0x0 /OPT/altera/12.1/nios2eds/bin/gnu/H-i686-pc-linux-gnu/bin/../lib/gcc/nios2-elf/4.1.2/libgcc.a(_clz.o)
 .data          0x008227c0        0x0 /OPT/altera/12.1/nios2eds/bin/gnu/H-i686-pc-linux-gnu/bin/../lib/gcc/nios2-elf/4.1.2/libgcc.a(_clzsi2.o)
 .data          0x008227c0        0x0 /OPT/altera/12.1/nios2eds/bin/gnu/H-i686-pc-linux-gnu/bin/../lib/gcc/nios2-elf/4.1.2/libgcc.a(_pack_df.o)
 .data          0x008227c0        0x0 /OPT/altera/12.1/nios2eds/bin/gnu/H-i686-pc-linux-gnu/bin/../lib/gcc/nios2-elf/4.1.2/libgcc.a(_unpack_df.o)
 .data          0x008227c0        0x0 /OPT/altera/12.1/nios2eds/bin/gnu/H-i686-pc-linux-gnu/bin/../lib/gcc/nios2-elf/4.1.2/libgcc.a(_fpcmp_parts_df.o)
 .data          0x008227c0        0x0 ../capstone_Volatile_bsp//libucosii_bsp.a(alt_close.o)
 .data          0x008227c0      0x1a8 ../capstone_Volatile_bsp//libucosii_bsp.a(alt_dev.o)
                0x008227c0                alt_dev_null
                0x008227e8                alt_fd_list
 .data          0x00822968        0x0 ../capstone_Volatile_bsp//libucosii_bsp.a(alt_errno.o)
 .data          0x00822968        0x0 ../capstone_Volatile_bsp//libucosii_bsp.a(alt_fstat.o)
 .data          0x00822968        0x0 ../capstone_Volatile_bsp//libucosii_bsp.a(alt_irq_register.o)
 .data          0x00822968        0x0 ../capstone_Volatile_bsp//libucosii_bsp.a(alt_irq_vars.o)
 .data          0x00822968        0x0 ../capstone_Volatile_bsp//libucosii_bsp.a(alt_isatty.o)
 .data          0x00822968        0x0 ../capstone_Volatile_bsp//libucosii_bsp.a(alt_lseek.o)
 .data          0x00822968        0x0 ../capstone_Volatile_bsp//libucosii_bsp.a(alt_main.o)
 .data          0x00822968        0x0 ../capstone_Volatile_bsp//libucosii_bsp.a(alt_read.o)
 .data          0x00822968        0x0 ../capstone_Volatile_bsp//libucosii_bsp.a(alt_release_fd.o)
 .data          0x00822968        0x0 ../capstone_Volatile_bsp//libucosii_bsp.a(alt_sbrk.o)
 .data          0x00822968        0x0 ../capstone_Volatile_bsp//libucosii_bsp.a(alt_write.o)
 .data          0x00822968        0x0 ../capstone_Volatile_bsp//libucosii_bsp.a(alt_env_lock.o)
 .data          0x00822968        0x0 ../capstone_Volatile_bsp//libucosii_bsp.a(alt_malloc_lock.o)
 .data          0x00822968        0x0 ../capstone_Volatile_bsp//libucosii_bsp.a(os_core.o)
 .data          0x00822968        0x0 ../capstone_Volatile_bsp//libucosii_bsp.a(os_dbg.o)
 .data          0x00822968        0x0 ../capstone_Volatile_bsp//libucosii_bsp.a(os_flag.o)
 .data          0x00822968        0x0 ../capstone_Volatile_bsp//libucosii_bsp.a(os_mem.o)
 .data          0x00822968        0x0 ../capstone_Volatile_bsp//libucosii_bsp.a(os_q.o)
 .data          0x00822968        0x0 ../capstone_Volatile_bsp//libucosii_bsp.a(os_sem.o)
 .data          0x00822968        0x0 ../capstone_Volatile_bsp//libucosii_bsp.a(os_task.o)
 .data          0x00822968        0x0 ../capstone_Volatile_bsp//libucosii_bsp.a(os_time.o)
 .data          0x00822968     0x10f8 ../capstone_Volatile_bsp//libucosii_bsp.a(alt_sys_init.o)
 .data          0x00823a60        0x0 ../capstone_Volatile_bsp//libucosii_bsp.a(altera_avalon_jtag_uart_fd.o)
 .data          0x00823a60        0x0 ../capstone_Volatile_bsp//libucosii_bsp.a(altera_avalon_jtag_uart_init.o)
 .data          0x00823a60        0x0 ../capstone_Volatile_bsp//libucosii_bsp.a(altera_avalon_jtag_uart_ioctl.o)
 .data          0x00823a60        0x0 ../capstone_Volatile_bsp//libucosii_bsp.a(altera_avalon_jtag_uart_read.o)
 .data          0x00823a60        0x0 ../capstone_Volatile_bsp//libucosii_bsp.a(altera_avalon_jtag_uart_write.o)
 .data          0x00823a60        0x0 ../capstone_Volatile_bsp//libucosii_bsp.a(altera_avalon_timer_sc.o)
 .data          0x00823a60        0x0 ../capstone_Volatile_bsp//libucosii_bsp.a(altera_up_avalon_audio.o)
 .data          0x00823a60        0x0 ../capstone_Volatile_bsp//libucosii_bsp.a(altera_up_avalon_audio_and_video_config.o)
 .data          0x00823a60        0x0 ../capstone_Volatile_bsp//libucosii_bsp.a(altera_up_avalon_character_lcd.o)
 .data          0x00823a60        0x0 ../capstone_Volatile_bsp//libucosii_bsp.a(alt_alarm_start.o)
 .data          0x00823a60        0x0 ../capstone_Volatile_bsp//libucosii_bsp.a(alt_dev_llist_insert.o)
 .data          0x00823a60        0x0 ../capstone_Volatile_bsp//libucosii_bsp.a(alt_do_ctors.o)
 .data          0x00823a60        0x0 ../capstone_Volatile_bsp//libucosii_bsp.a(alt_do_dtors.o)
 .data          0x00823a60        0x0 ../capstone_Volatile_bsp//libucosii_bsp.a(alt_find_dev.o)
 .data          0x00823a60        0x0 ../capstone_Volatile_bsp//libucosii_bsp.a(alt_io_redirect.o)
 .data          0x00823a60        0x0 ../capstone_Volatile_bsp//libucosii_bsp.a(alt_irq_entry.o)
 .data          0x00823a60        0x0 ../capstone_Volatile_bsp//libucosii_bsp.a(alt_irq_handler.o)
 .data          0x00823a60        0x0 ../capstone_Volatile_bsp//libucosii_bsp.a(alt_open.o)
 .data          0x00823a60        0x0 ../capstone_Volatile_bsp//libucosii_bsp.a(alt_tick.o)
 .data          0x00823a60        0x0 ../capstone_Volatile_bsp//libucosii_bsp.a(altera_nios2_qsys_irq.o)
 .data          0x00823a60        0x0 ../capstone_Volatile_bsp//libucosii_bsp.a(os_cpu_a.o)
 .data          0x00823a60        0x0 ../capstone_Volatile_bsp//libucosii_bsp.a(os_cpu_c.o)
 .data          0x00823a60        0x0 ../capstone_Volatile_bsp//libucosii_bsp.a(alt_exception_entry.o)
 .data          0x00823a60        0x0 ../capstone_Volatile_bsp//libucosii_bsp.a(alt_find_file.o)
 .data          0x00823a60        0x0 ../capstone_Volatile_bsp//libucosii_bsp.a(alt_get_fd.o)
 .data          0x00823a60        0x0 /OPT/altera/12.1/nios2eds/bin/gnu/H-i686-pc-linux-gnu/bin/../lib/gcc/nios2-elf/4.1.2/../../../../nios2-elf/lib/libc.a(lib_a-atexit.o)
 .data          0x00823a60        0x0 /OPT/altera/12.1/nios2eds/bin/gnu/H-i686-pc-linux-gnu/bin/../lib/gcc/nios2-elf/4.1.2/../../../../nios2-elf/lib/libc.a(lib_a-exit.o)
 .data          0x00823a60        0x0 /OPT/altera/12.1/nios2eds/bin/gnu/H-i686-pc-linux-gnu/bin/../lib/gcc/nios2-elf/4.1.2/../../../../nios2-elf/lib/libc.a(lib_a-memcmp.o)
 .data          0x00823a60        0x0 /OPT/altera/12.1/nios2eds/bin/gnu/H-i686-pc-linux-gnu/bin/../lib/gcc/nios2-elf/4.1.2/../../../../nios2-elf/lib/libc.a(lib_a-__atexit.o)
 .data          0x00823a60        0x0 /OPT/altera/12.1/nios2eds/bin/gnu/H-i686-pc-linux-gnu/bin/../lib/gcc/nios2-elf/4.1.2/../../../../nios2-elf/lib/libc.a(lib_a-__call_atexit.o)
 .data          0x00823a60        0x0 ../capstone_Volatile_bsp//libucosii_bsp.a(alt_exit.o)
                0x0082ba60                _gp = ABSOLUTE ((. + 0x8000))
                0x0082ba60                PROVIDE (gp, _gp)
 *(.rwdata .rwdata.*)
 *(.sdata .sdata.* .gnu.linkonce.s.*)
 .sdata         0x00823a60        0x8 /OPT/altera/12.1/nios2eds/bin/gnu/H-i686-pc-linux-gnu/bin/../lib/gcc/nios2-elf/4.1.2/../../../../nios2-elf/lib/libc.a(lib_a-mallocr.o)
                0x00823a60                __malloc_trim_threshold
                0x00823a64                __malloc_sbrk_base
 .sdata         0x00823a68        0x8 /OPT/altera/12.1/nios2eds/bin/gnu/H-i686-pc-linux-gnu/bin/../lib/gcc/nios2-elf/4.1.2/../../../../nios2-elf/lib/libc.a(lib_a-impure.o)
                0x00823a68                _impure_ptr
                0x00823a6c                _global_impure_ptr
 .sdata         0x00823a70        0x8 /OPT/altera/12.1/nios2eds/bin/gnu/H-i686-pc-linux-gnu/bin/../lib/gcc/nios2-elf/4.1.2/../../../../nios2-elf/lib/libc.a(lib_a-locale.o)
                0x00823a70                __mb_cur_max
 .sdata         0x00823a78       0x14 ../capstone_Volatile_bsp//libucosii_bsp.a(alt_dev.o)
                0x00823a78                alt_fs_list
                0x00823a80                alt_dev_list
                0x00823a88                alt_max_fd
 .sdata         0x00823a8c        0x4 ../capstone_Volatile_bsp//libucosii_bsp.a(alt_errno.o)
                0x00823a8c                alt_errno
 .sdata         0x00823a90        0x4 ../capstone_Volatile_bsp//libucosii_bsp.a(alt_irq_vars.o)
                0x00823a90                alt_priority_mask
 .sdata         0x00823a94        0x4 ../capstone_Volatile_bsp//libucosii_bsp.a(alt_sbrk.o)
 .sdata         0x00823a98        0x4 ../capstone_Volatile_bsp//libucosii_bsp.a(alt_env_lock.o)
 .sdata         0x00823a9c        0x4 ../capstone_Volatile_bsp//libucosii_bsp.a(alt_malloc_lock.o)
 .sdata         0x00823aa0       0x74 ../capstone_Volatile_bsp//libucosii_bsp.a(os_dbg.o)
                0x00823aa0                OSDebugEn
                0x00823aa4                OSEndiannessTest
                0x00823aa8                OSEventEn
                0x00823aaa                OSEventMax
                0x00823aac                OSEventNameSize
                0x00823aae                OSEventSize
                0x00823ab0                OSEventTblSize
                0x00823ab2                OSEventMultiEn
                0x00823ab4                OSFlagEn
                0x00823ab6                OSFlagGrpSize
                0x00823ab8                OSFlagNodeSize
                0x00823aba                OSFlagWidth
                0x00823abc                OSFlagMax
                0x00823abe                OSFlagNameSize
                0x00823ac0                OSLowestPrio
                0x00823ac2                OSMboxEn
                0x00823ac4                OSMemEn
                0x00823ac6                OSMemMax
                0x00823ac8                OSMemNameSize
                0x00823aca                OSMemSize
                0x00823acc                OSMemTblSize
                0x00823ace                OSMutexEn
                0x00823ad0                OSPtrSize
                0x00823ad2                OSQEn
                0x00823ad4                OSQMax
                0x00823ad6                OSQSize
                0x00823ad8                OSRdyTblSize
                0x00823ada                OSSemEn
                0x00823adc                OSStkWidth
                0x00823ade                OSTaskCreateEn
                0x00823ae0                OSTaskCreateExtEn
                0x00823ae2                OSTaskDelEn
                0x00823ae4                OSTaskIdleStkSize
                0x00823ae6                OSTaskProfileEn
                0x00823ae8                OSTaskMax
                0x00823aea                OSTaskNameSize
                0x00823aec                OSTaskStatEn
                0x00823aee                OSTaskStatStkSize
                0x00823af0                OSTaskStatStkChkEn
                0x00823af2                OSTaskSwHookEn
                0x00823af4                OSTCBPrioTblMax
                0x00823af6                OSTCBSize
                0x00823af8                OSTicksPerSec
                0x00823afa                OSTimeTickHookEn
                0x00823afc                OSVersionNbr
                0x00823afe                OSTmrEn
                0x00823b00                OSTmrCfgMax
                0x00823b02                OSTmrCfgNameSize
                0x00823b04                OSTmrCfgWheelSize
                0x00823b06                OSTmrCfgTicksPerSec
                0x00823b08                OSTmrSize
                0x00823b0a                OSTmrTblSize
                0x00823b0c                OSTmrWheelSize
                0x00823b0e                OSTmrWheelTblSize
                0x00823b10                OSDataSize
 .sdata         0x00823b14        0x8 ../capstone_Volatile_bsp//libucosii_bsp.a(alt_tick.o)
                0x00823b14                alt_alarm_list
 *(.sdata2 .sdata2.* .gnu.linkonce.s2.*)
                0x00823b1c                . = ALIGN (0x4)
                0x00823b1c                _edata = ABSOLUTE (.)
                0x00823b1c                PROVIDE (edata, ABSOLUTE (.))
                0x00823b1c                PROVIDE (__ram_rwdata_end, ABSOLUTE (.))
                0x00821fa0                PROVIDE (__flash_rwdata_start, LOADADDR (.rwdata))

.bss            0x00823b1c   0x1138d8
                0x00823b1c                __bss_start = ABSOLUTE (.)
                0x00823b1c                PROVIDE (__sbss_start, ABSOLUTE (.))
                0x00823b1c                PROVIDE (___sbss_start, ABSOLUTE (.))
 *(.dynsbss)
 *(.sbss .sbss.* .gnu.linkonce.sb.*)
 .sbss          0x00823b1c       0x14 obj/default/audio.o
                0x00823b1c                edge_capture
                0x00823b20                semaphore
                0x00823b24                audio_dev
                0x00823b28                button
                0x00823b2c                myLCD
 .sbss          0x00823b30        0xc /OPT/altera/12.1/nios2eds/bin/gnu/H-i686-pc-linux-gnu/bin/../lib/gcc/nios2-elf/4.1.2/../../../../nios2-elf/lib/libc.a(lib_a-mallocr.o)
                0x00823b30                __malloc_top_pad
                0x00823b34                __malloc_max_sbrked_mem
                0x00823b38                __malloc_max_total_mem
 .sbss          0x00823b3c        0x4 /OPT/altera/12.1/nios2eds/bin/gnu/H-i686-pc-linux-gnu/bin/../lib/gcc/nios2-elf/4.1.2/../../../../nios2-elf/lib/libc.a(lib_a-int_errno.o)
                0x00823b3c                errno
 .sbss          0x00823b40        0xc /OPT/altera/12.1/nios2eds/bin/gnu/H-i686-pc-linux-gnu/bin/../lib/gcc/nios2-elf/4.1.2/../../../../nios2-elf/lib/libc.a(lib_a-locale.o)
                0x00823b40                __nlocale_changed
                0x00823b44                __mlocale_changed
                0x00823b48                _PathLocale
 .sbss          0x00823b4c        0x4 ../capstone_Volatile_bsp//libucosii_bsp.a(alt_dev.o)
                0x00823b4c                alt_fd_list_lock
 .sbss          0x00823b50        0x4 ../capstone_Volatile_bsp//libucosii_bsp.a(alt_irq_vars.o)
                0x00823b50                alt_irq_active
 .sbss          0x00823b54        0xc ../capstone_Volatile_bsp//libucosii_bsp.a(alt_main.o)
                0x00823b54                alt_argc
                0x00823b58                alt_argv
                0x00823b5c                alt_envp
 .sbss          0x00823b60        0x8 ../capstone_Volatile_bsp//libucosii_bsp.a(alt_env_lock.o)
                0x00823b64                alt_envsem
 .sbss          0x00823b68        0x8 ../capstone_Volatile_bsp//libucosii_bsp.a(alt_malloc_lock.o)
                0x00823b6c                alt_heapsem
 .sbss          0x00823b70       0x50 ../capstone_Volatile_bsp//libucosii_bsp.a(os_core.o)
                0x00823b70                OSLockNesting
                0x00823b71                OSRunning
                0x00823b74                OSIdleCtr
                0x00823b78                OSPrioHighRdy
                0x00823b79                OSPrioCur
                0x00823b7c                OSTCBList
                0x00823b80                OSTickStepState
                0x00823b84                OSCtxSwCtr
                0x00823b88                OSIdleCtrMax
                0x00823b8c                OSTCBFreeList
                0x00823b90                OSCPUUsage
                0x00823b91                OSTaskCtr
                0x00823b94                OSMemFreeList
                0x00823b98                OSTCBHighRdy
                0x00823b9c                OSQFreeList
                0x00823ba0                OSRdyGrp
                0x00823ba1                OSRdyTbl
                0x00823ba4                OSEventFreeList
                0x00823ba8                OSIntNesting
                0x00823bac                OSTCBCur
                0x00823bb0                OSTime
                0x00823bb4                OSFlagFreeList
                0x00823bb8                OSStatRdy
                0x00823bbc                OSIdleCtrRun
 .sbss          0x00823bc0        0x8 ../capstone_Volatile_bsp//libucosii_bsp.a(alt_tick.o)
                0x00823bc0                _alt_tick_rate
                0x00823bc4                _alt_nticks
 *(.sbss2 .sbss2.* .gnu.linkonce.sb2.*)
 *(.scommon)
                0x00823bc8                PROVIDE (__sbss_end, ABSOLUTE (.))
                0x00823bc8                PROVIDE (___sbss_end, ABSOLUTE (.))
 *(.dynbss)
 *(.bss .bss.* .gnu.linkonce.b.*)
 .bss           0x00823bc8        0x0 ../capstone_Volatile_bsp//obj/HAL/src/crt0.o
 .bss           0x00823bc8        0x0 obj/default/audio.o
 .bss           0x00823bc8        0x0 obj/default/buttons.o
 .bss           0x00823bc8        0x0 obj/default/efsl/debug.o
 .bss           0x00823bc8        0x0 obj/default/efsl/dir.o
 .bss           0x00823bc8        0x0 obj/default/efsl/disc.o
 .bss           0x00823bc8        0x0 obj/default/efsl/efs.o
 .bss           0x00823bc8        0x0 obj/default/efsl/extract.o
 .bss           0x00823bc8        0x0 obj/default/efsl/fat.o
 .bss           0x00823bc8        0x0 obj/default/efsl/file.o
 .bss           0x00823bc8        0x0 obj/default/efsl/fs.o
 .bss           0x00823bc8        0x0 obj/default/efsl/ioman.o
 .bss           0x00823bc8        0x0 obj/default/efsl/ls.o
 .bss           0x00823bc8        0x0 obj/default/efsl/mkfs.o
 .bss           0x00823bc8        0x0 obj/default/efsl/nios2.o
 .bss           0x00823bc8        0x0 obj/default/efsl/nios2_ramdisk.o
 .bss           0x00823bc8        0x0 obj/default/efsl/partition.o
 .bss           0x00823bc8        0x0 obj/default/efsl/plibc.o
 .bss           0x00823bc8        0x0 obj/default/efsl/sd.o
 .bss           0x00823bc8        0x0 obj/default/efsl/time.o
 .bss           0x00823bc8        0x0 obj/default/efsl/ui.o
 .bss           0x00823bc8        0x0 obj/default/main.o
 .bss           0x00823bc8        0x0 obj/default/save.o
 .bss           0x00823bc8        0x0 obj/default/sd.o
 .bss           0x00823bc8        0x0 /OPT/altera/12.1/nios2eds/bin/gnu/H-i686-pc-linux-gnu/bin/../lib/gcc/nios2-elf/4.1.2/libgcc.a(lib2-divmod.o)
 .bss           0x00823bc8        0x0 /OPT/altera/12.1/nios2eds/bin/gnu/H-i686-pc-linux-gnu/bin/../lib/gcc/nios2-elf/4.1.2/../../../../nios2-elf/lib/libc.a(lib_a-malloc.o)
 .bss           0x00823bc8       0x28 /OPT/altera/12.1/nios2eds/bin/gnu/H-i686-pc-linux-gnu/bin/../lib/gcc/nios2-elf/4.1.2/../../../../nios2-elf/lib/libc.a(lib_a-mallocr.o)
                0x00823bc8                __malloc_current_mallinfo
 .bss           0x00823bf0        0x0 /OPT/altera/12.1/nios2eds/bin/gnu/H-i686-pc-linux-gnu/bin/../lib/gcc/nios2-elf/4.1.2/../../../../nios2-elf/lib/libc.a(lib_a-memcpy.o)
 .bss           0x00823bf0        0x0 /OPT/altera/12.1/nios2eds/bin/gnu/H-i686-pc-linux-gnu/bin/../lib/gcc/nios2-elf/4.1.2/../../../../nios2-elf/lib/libc.a(lib_a-perror.o)
 .bss           0x00823bf0        0x0 /OPT/altera/12.1/nios2eds/bin/gnu/H-i686-pc-linux-gnu/bin/../lib/gcc/nios2-elf/4.1.2/../../../../nios2-elf/lib/libc.a(lib_a-printf.o)
 .bss           0x00823bf0        0x0 /OPT/altera/12.1/nios2eds/bin/gnu/H-i686-pc-linux-gnu/bin/../lib/gcc/nios2-elf/4.1.2/../../../../nios2-elf/lib/libc.a(lib_a-putchar.o)
 .bss           0x00823bf0        0x0 /OPT/altera/12.1/nios2eds/bin/gnu/H-i686-pc-linux-gnu/bin/../lib/gcc/nios2-elf/4.1.2/../../../../nios2-elf/lib/libc.a(lib_a-puts.o)
 .bss           0x00823bf0        0x0 /OPT/altera/12.1/nios2eds/bin/gnu/H-i686-pc-linux-gnu/bin/../lib/gcc/nios2-elf/4.1.2/../../../../nios2-elf/lib/libc.a(lib_a-sbrkr.o)
 .bss           0x00823bf0        0x0 /OPT/altera/12.1/nios2eds/bin/gnu/H-i686-pc-linux-gnu/bin/../lib/gcc/nios2-elf/4.1.2/../../../../nios2-elf/lib/libc.a(lib_a-strerror.o)
 .bss           0x00823bf0        0x0 /OPT/altera/12.1/nios2eds/bin/gnu/H-i686-pc-linux-gnu/bin/../lib/gcc/nios2-elf/4.1.2/../../../../nios2-elf/lib/libc.a(lib_a-strlen.o)
 .bss           0x00823bf0        0x0 /OPT/altera/12.1/nios2eds/bin/gnu/H-i686-pc-linux-gnu/bin/../lib/gcc/nios2-elf/4.1.2/../../../../nios2-elf/lib/libc.a(lib_a-u_strerr.o)
 .bss           0x00823bf0        0x0 /OPT/altera/12.1/nios2eds/bin/gnu/H-i686-pc-linux-gnu/bin/../lib/gcc/nios2-elf/4.1.2/../../../../nios2-elf/lib/libc.a(lib_a-vfprintf.o)
 .bss           0x00823bf0        0x0 /OPT/altera/12.1/nios2eds/bin/gnu/H-i686-pc-linux-gnu/bin/../lib/gcc/nios2-elf/4.1.2/../../../../nios2-elf/lib/libc.a(lib_a-wsetup.o)
 .bss           0x00823bf0        0x0 /OPT/altera/12.1/nios2eds/bin/gnu/H-i686-pc-linux-gnu/bin/../lib/gcc/nios2-elf/4.1.2/../../../../nios2-elf/lib/libc.a(lib_a-dtoa.o)
 .bss           0x00823bf0        0x0 /OPT/altera/12.1/nios2eds/bin/gnu/H-i686-pc-linux-gnu/bin/../lib/gcc/nios2-elf/4.1.2/../../../../nios2-elf/lib/libc.a(lib_a-fflush.o)
 .bss           0x00823bf0        0x0 /OPT/altera/12.1/nios2eds/bin/gnu/H-i686-pc-linux-gnu/bin/../lib/gcc/nios2-elf/4.1.2/../../../../nios2-elf/lib/libc.a(lib_a-findfp.o)
 .bss           0x00823bf0        0x0 /OPT/altera/12.1/nios2eds/bin/gnu/H-i686-pc-linux-gnu/bin/../lib/gcc/nios2-elf/4.1.2/../../../../nios2-elf/lib/libc.a(lib_a-fputc.o)
 .bss           0x00823bf0        0x0 /OPT/altera/12.1/nios2eds/bin/gnu/H-i686-pc-linux-gnu/bin/../lib/gcc/nios2-elf/4.1.2/../../../../nios2-elf/lib/libc.a(lib_a-fputs.o)
 .bss           0x00823bf0        0x0 /OPT/altera/12.1/nios2eds/bin/gnu/H-i686-pc-linux-gnu/bin/../lib/gcc/nios2-elf/4.1.2/../../../../nios2-elf/lib/libc.a(lib_a-freer.o)
 .bss           0x00823bf0        0x0 /OPT/altera/12.1/nios2eds/bin/gnu/H-i686-pc-linux-gnu/bin/../lib/gcc/nios2-elf/4.1.2/../../../../nios2-elf/lib/libc.a(lib_a-fvwrite.o)
 .bss           0x00823bf0        0x0 /OPT/altera/12.1/nios2eds/bin/gnu/H-i686-pc-linux-gnu/bin/../lib/gcc/nios2-elf/4.1.2/../../../../nios2-elf/lib/libc.a(lib_a-fwalk.o)
 .bss           0x00823bf0        0x0 /OPT/altera/12.1/nios2eds/bin/gnu/H-i686-pc-linux-gnu/bin/../lib/gcc/nios2-elf/4.1.2/../../../../nios2-elf/lib/libc.a(lib_a-impure.o)
 .bss           0x00823bf0        0x0 /OPT/altera/12.1/nios2eds/bin/gnu/H-i686-pc-linux-gnu/bin/../lib/gcc/nios2-elf/4.1.2/../../../../nios2-elf/lib/libc.a(lib_a-int_errno.o)
 .bss           0x00823bf0        0x0 /OPT/altera/12.1/nios2eds/bin/gnu/H-i686-pc-linux-gnu/bin/../lib/gcc/nios2-elf/4.1.2/../../../../nios2-elf/lib/libc.a(lib_a-locale.o)
 .bss           0x00823bf0        0x0 /OPT/altera/12.1/nios2eds/bin/gnu/H-i686-pc-linux-gnu/bin/../lib/gcc/nios2-elf/4.1.2/../../../../nios2-elf/lib/libc.a(lib_a-makebuf.o)
 .bss           0x00823bf0        0x0 /OPT/altera/12.1/nios2eds/bin/gnu/H-i686-pc-linux-gnu/bin/../lib/gcc/nios2-elf/4.1.2/../../../../nios2-elf/lib/libc.a(lib_a-memchr.o)
 .bss           0x00823bf0        0x0 /OPT/altera/12.1/nios2eds/bin/gnu/H-i686-pc-linux-gnu/bin/../lib/gcc/nios2-elf/4.1.2/../../../../nios2-elf/lib/libc.a(lib_a-memmove.o)
 .bss           0x00823bf0        0x0 /OPT/altera/12.1/nios2eds/bin/gnu/H-i686-pc-linux-gnu/bin/../lib/gcc/nios2-elf/4.1.2/../../../../nios2-elf/lib/libc.a(lib_a-memset.o)
 .bss           0x00823bf0        0x0 /OPT/altera/12.1/nios2eds/bin/gnu/H-i686-pc-linux-gnu/bin/../lib/gcc/nios2-elf/4.1.2/../../../../nios2-elf/lib/libc.a(lib_a-mprec.o)
 .bss           0x00823bf0        0x0 /OPT/altera/12.1/nios2eds/bin/gnu/H-i686-pc-linux-gnu/bin/../lib/gcc/nios2-elf/4.1.2/../../../../nios2-elf/lib/libc.a(lib_a-putc.o)
 .bss           0x00823bf0        0x0 /OPT/altera/12.1/nios2eds/bin/gnu/H-i686-pc-linux-gnu/bin/../lib/gcc/nios2-elf/4.1.2/../../../../nios2-elf/lib/libc.a(lib_a-reallocr.o)
 .bss           0x00823bf0        0x0 /OPT/altera/12.1/nios2eds/bin/gnu/H-i686-pc-linux-gnu/bin/../lib/gcc/nios2-elf/4.1.2/../../../../nios2-elf/lib/libc.a(lib_a-s_isinfd.o)
 .bss           0x00823bf0        0x0 /OPT/altera/12.1/nios2eds/bin/gnu/H-i686-pc-linux-gnu/bin/../lib/gcc/nios2-elf/4.1.2/../../../../nios2-elf/lib/libc.a(lib_a-s_isnand.o)
 .bss           0x00823bf0        0x0 /OPT/altera/12.1/nios2eds/bin/gnu/H-i686-pc-linux-gnu/bin/../lib/gcc/nios2-elf/4.1.2/../../../../nios2-elf/lib/libc.a(lib_a-stdio.o)
 .bss           0x00823bf0        0x0 /OPT/altera/12.1/nios2eds/bin/gnu/H-i686-pc-linux-gnu/bin/../lib/gcc/nios2-elf/4.1.2/../../../../nios2-elf/lib/libc.a(lib_a-strcmp.o)
 .bss           0x00823bf0        0x0 /OPT/altera/12.1/nios2eds/bin/gnu/H-i686-pc-linux-gnu/bin/../lib/gcc/nios2-elf/4.1.2/../../../../nios2-elf/lib/libc.a(lib_a-wbuf.o)
 .bss           0x00823bf0        0x0 /OPT/altera/12.1/nios2eds/bin/gnu/H-i686-pc-linux-gnu/bin/../lib/gcc/nios2-elf/4.1.2/../../../../nios2-elf/lib/libc.a(lib_a-writer.o)
 .bss           0x00823bf0        0x0 /OPT/altera/12.1/nios2eds/bin/gnu/H-i686-pc-linux-gnu/bin/../lib/gcc/nios2-elf/4.1.2/../../../../nios2-elf/lib/libc.a(lib_a-callocr.o)
 .bss           0x00823bf0        0x0 /OPT/altera/12.1/nios2eds/bin/gnu/H-i686-pc-linux-gnu/bin/../lib/gcc/nios2-elf/4.1.2/../../../../nios2-elf/lib/libc.a(lib_a-closer.o)
 .bss           0x00823bf0        0x0 /OPT/altera/12.1/nios2eds/bin/gnu/H-i686-pc-linux-gnu/bin/../lib/gcc/nios2-elf/4.1.2/../../../../nios2-elf/lib/libc.a(lib_a-fclose.o)
 .bss           0x00823bf0        0x0 /OPT/altera/12.1/nios2eds/bin/gnu/H-i686-pc-linux-gnu/bin/../lib/gcc/nios2-elf/4.1.2/../../../../nios2-elf/lib/libc.a(lib_a-fstatr.o)
 .bss           0x00823bf0        0x0 /OPT/altera/12.1/nios2eds/bin/gnu/H-i686-pc-linux-gnu/bin/../lib/gcc/nios2-elf/4.1.2/../../../../nios2-elf/lib/libc.a(lib_a-isattyr.o)
 .bss           0x00823bf0        0x0 /OPT/altera/12.1/nios2eds/bin/gnu/H-i686-pc-linux-gnu/bin/../lib/gcc/nios2-elf/4.1.2/../../../../nios2-elf/lib/libc.a(lib_a-lseekr.o)
 .bss           0x00823bf0        0x0 /OPT/altera/12.1/nios2eds/bin/gnu/H-i686-pc-linux-gnu/bin/../lib/gcc/nios2-elf/4.1.2/../../../../nios2-elf/lib/libc.a(lib_a-readr.o)
 .bss           0x00823bf0        0x0 /OPT/altera/12.1/nios2eds/bin/gnu/H-i686-pc-linux-gnu/bin/../lib/gcc/nios2-elf/4.1.2/libgcc.a(_udivdi3.o)
 .bss           0x00823bf0        0x0 /OPT/altera/12.1/nios2eds/bin/gnu/H-i686-pc-linux-gnu/bin/../lib/gcc/nios2-elf/4.1.2/libgcc.a(_umoddi3.o)