Archive member included because of file (symbol)

/OPT/altera/12.1/nios2eds/bin/gnu/H-i686-pc-linux-gnu/bin/../lib/gcc/nios2-elf/4.1.2/../../../../nios2-elf/lib/mno-hw-mul/libm.a(lib_a-s_sin.o)
                              obj/default/hello_ucosii.o (sin)
/OPT/altera/12.1/nios2eds/bin/gnu/H-i686-pc-linux-gnu/bin/../lib/gcc/nios2-elf/4.1.2/../../../../nios2-elf/lib/mno-hw-mul/libm.a(lib_a-e_rem_pio2.o)
                              /OPT/altera/12.1/nios2eds/bin/gnu/H-i686-pc-linux-gnu/bin/../lib/gcc/nios2-elf/4.1.2/../../../../nios2-elf/lib/mno-hw-mul/libm.a(lib_a-s_sin.o) (__ieee754_rem_pio2)
/OPT/altera/12.1/nios2eds/bin/gnu/H-i686-pc-linux-gnu/bin/../lib/gcc/nios2-elf/4.1.2/../../../../nios2-elf/lib/mno-hw-mul/libm.a(lib_a-k_cos.o)
                              /OPT/altera/12.1/nios2eds/bin/gnu/H-i686-pc-linux-gnu/bin/../lib/gcc/nios2-elf/4.1.2/../../../../nios2-elf/lib/mno-hw-mul/libm.a(lib_a-s_sin.o) (__kernel_cos)
/OPT/altera/12.1/nios2eds/bin/gnu/H-i686-pc-linux-gnu/bin/../lib/gcc/nios2-elf/4.1.2/../../../../nios2-elf/lib/mno-hw-mul/libm.a(lib_a-k_rem_pio2.o)
                              /OPT/altera/12.1/nios2eds/bin/gnu/H-i686-pc-linux-gnu/bin/../lib/gcc/nios2-elf/4.1.2/../../../../nios2-elf/lib/mno-hw-mul/libm.a(lib_a-e_rem_pio2.o) (__kernel_rem_pio2)
/OPT/altera/12.1/nios2eds/bin/gnu/H-i686-pc-linux-gnu/bin/../lib/gcc/nios2-elf/4.1.2/../../../../nios2-elf/lib/mno-hw-mul/libm.a(lib_a-k_sin.o)
                              /OPT/altera/12.1/nios2eds/bin/gnu/H-i686-pc-linux-gnu/bin/../lib/gcc/nios2-elf/4.1.2/../../../../nios2-elf/lib/mno-hw-mul/libm.a(lib_a-s_sin.o) (__kernel_sin)
/OPT/altera/12.1/nios2eds/bin/gnu/H-i686-pc-linux-gnu/bin/../lib/gcc/nios2-elf/4.1.2/../../../../nios2-elf/lib/mno-hw-mul/libm.a(lib_a-s_fabs.o)
                              /OPT/altera/12.1/nios2eds/bin/gnu/H-i686-pc-linux-gnu/bin/../lib/gcc/nios2-elf/4.1.2/../../../../nios2-elf/lib/mno-hw-mul/libm.a(lib_a-e_rem_pio2.o) (fabs)
/OPT/altera/12.1/nios2eds/bin/gnu/H-i686-pc-linux-gnu/bin/../lib/gcc/nios2-elf/4.1.2/../../../../nios2-elf/lib/mno-hw-mul/libm.a(lib_a-s_floor.o)
                              /OPT/altera/12.1/nios2eds/bin/gnu/H-i686-pc-linux-gnu/bin/../lib/gcc/nios2-elf/4.1.2/../../../../nios2-elf/lib/mno-hw-mul/libm.a(lib_a-k_rem_pio2.o) (floor)
/OPT/altera/12.1/nios2eds/bin/gnu/H-i686-pc-linux-gnu/bin/../lib/gcc/nios2-elf/4.1.2/../../../../nios2-elf/lib/mno-hw-mul/libm.a(lib_a-s_scalbn.o)
                              /OPT/altera/12.1/nios2eds/bin/gnu/H-i686-pc-linux-gnu/bin/../lib/gcc/nios2-elf/4.1.2/../../../../nios2-elf/lib/mno-hw-mul/libm.a(lib_a-k_rem_pio2.o) (scalbn)
/OPT/altera/12.1/nios2eds/bin/gnu/H-i686-pc-linux-gnu/bin/../lib/gcc/nios2-elf/4.1.2/../../../../nios2-elf/lib/mno-hw-mul/libm.a(lib_a-s_copysign.o)
                              /OPT/altera/12.1/nios2eds/bin/gnu/H-i686-pc-linux-gnu/bin/../lib/gcc/nios2-elf/4.1.2/../../../../nios2-elf/lib/mno-hw-mul/libm.a(lib_a-s_scalbn.o) (copysign)
/OPT/altera/12.1/nios2eds/bin/gnu/H-i686-pc-linux-gnu/bin/../lib/gcc/nios2-elf/4.1.2/mno-hw-mul/libgcc.a(_fixunsdfsi.o)
                              obj/default/hello_ucosii.o (__fixunsdfsi)
/OPT/altera/12.1/nios2eds/bin/gnu/H-i686-pc-linux-gnu/bin/../lib/gcc/nios2-elf/4.1.2/mno-hw-mul/libgcc.a(_addsub_df.o)
                              /OPT/altera/12.1/nios2eds/bin/gnu/H-i686-pc-linux-gnu/bin/../lib/gcc/nios2-elf/4.1.2/../../../../nios2-elf/lib/mno-hw-mul/libm.a(lib_a-s_sin.o) (__subdf3)
/OPT/altera/12.1/nios2eds/bin/gnu/H-i686-pc-linux-gnu/bin/../lib/gcc/nios2-elf/4.1.2/mno-hw-mul/libgcc.a(_mul_df.o)
                              obj/default/hello_ucosii.o (__muldf3)
/OPT/altera/12.1/nios2eds/bin/gnu/H-i686-pc-linux-gnu/bin/../lib/gcc/nios2-elf/4.1.2/mno-hw-mul/libgcc.a(_div_df.o)
                              obj/default/hello_ucosii.o (__divdf3)
/OPT/altera/12.1/nios2eds/bin/gnu/H-i686-pc-linux-gnu/bin/../lib/gcc/nios2-elf/4.1.2/mno-hw-mul/libgcc.a(_eq_df.o)
                              /OPT/altera/12.1/nios2eds/bin/gnu/H-i686-pc-linux-gnu/bin/../lib/gcc/nios2-elf/4.1.2/../../../../nios2-elf/lib/mno-hw-mul/libm.a(lib_a-e_rem_pio2.o) (__eqdf2)
/OPT/altera/12.1/nios2eds/bin/gnu/H-i686-pc-linux-gnu/bin/../lib/gcc/nios2-elf/4.1.2/mno-hw-mul/libgcc.a(_gt_df.o)
                              /OPT/altera/12.1/nios2eds/bin/gnu/H-i686-pc-linux-gnu/bin/../lib/gcc/nios2-elf/4.1.2/../../../../nios2-elf/lib/mno-hw-mul/libm.a(lib_a-s_floor.o) (__gtdf2)
/OPT/altera/12.1/nios2eds/bin/gnu/H-i686-pc-linux-gnu/bin/../lib/gcc/nios2-elf/4.1.2/mno-hw-mul/libgcc.a(_ge_df.o)
                              /OPT/altera/12.1/nios2eds/bin/gnu/H-i686-pc-linux-gnu/bin/../lib/gcc/nios2-elf/4.1.2/../../../../nios2-elf/lib/mno-hw-mul/libm.a(lib_a-k_rem_pio2.o) (__gedf2)
/OPT/altera/12.1/nios2eds/bin/gnu/H-i686-pc-linux-gnu/bin/../lib/gcc/nios2-elf/4.1.2/mno-hw-mul/libgcc.a(_si_to_df.o)
                              obj/default/hello_ucosii.o (__floatsidf)
[...]
Memory Configuration

Name             Origin             Length             Attributes
sdram_0          0x00800000         0x00800000
sram_0           0x01080000         0x00080000
reset            0x01104000         0x00000020
onchip_memory2_0 0x01104020         0x00003fe0
*default*        0x00000000         0xffffffff

Linker script and memory map

LOAD ../attempt2_bsp//obj/HAL/src/crt0.o
LOAD obj/default/hello_ucosii.o
LOAD /OPT/altera/12.1/nios2eds/bin/gnu/H-i686-pc-linux-gnu/bin/../lib/gcc/nios2-elf/4.1.2/../../../../nios2-elf/lib/mno-hw-mul/libstdc++.a
LOAD /OPT/altera/12.1/nios2eds/bin/gnu/H-i686-pc-linux-gnu/bin/../lib/gcc/nios2-elf/4.1.2/../../../../nios2-elf/lib/mno-hw-mul/libm.a
LOAD /OPT/altera/12.1/nios2eds/bin/gnu/H-i686-pc-linux-gnu/bin/../lib/gcc/nios2-elf/4.1.2/mno-hw-mul/libgcc.a
START GROUP
LOAD /OPT/altera/12.1/nios2eds/bin/gnu/H-i686-pc-linux-gnu/bin/../lib/gcc/nios2-elf/4.1.2/../../../../nios2-elf/lib/mno-hw-mul/libc.a
LOAD /OPT/altera/12.1/nios2eds/bin/gnu/H-i686-pc-linux-gnu/bin/../lib/gcc/nios2-elf/4.1.2/mno-hw-mul/libgcc.a
LOAD ../attempt2_bsp//libucosii_bsp.a
END GROUP
LOAD /OPT/altera/12.1/nios2eds/bin/gnu/H-i686-pc-linux-gnu/bin/../lib/gcc/nios2-elf/4.1.2/mno-hw-mul/libgcc.a
                0x00800000                __alt_mem_sdram_0 = 0x800000
                0x01080000                __alt_mem_sram_0 = 0x1080000
                0x01104000                __alt_mem_onchip_memory2_0 = 0x1104000

.entry          0x01104000       0x20
 *(.entry)
 .entry         0x01104000       0x20 ../attempt2_bsp//obj/HAL/src/crt0.o
                0x01104000                __reset

.exceptions     0x01104020      0x1a0 load address 0x00800000
                0x01104020                PROVIDE (__ram_exceptions_start, ABSOLUTE (.))
                0x01104020                . = ALIGN (0x20)
 *(.irq)
 *(.exceptions.entry.label)
 .exceptions.entry.label
                0x01104020        0x0 ../attempt2_bsp//libucosii_bsp.a(alt_irq_entry.o)
                0x01104020                alt_irq_entry
 .exceptions.entry.label
                0x01104020        0x0 ../attempt2_bsp//libucosii_bsp.a(alt_exception_entry.o)
                0x01104020                alt_exception
 *(.exceptions.entry.user)
 *(.exceptions.entry)
 .exceptions.entry
                0x01104020       0x54 ../attempt2_bsp//libucosii_bsp.a(alt_exception_entry.o)
 *(.exceptions.irqtest.user)
 *(.exceptions.irqtest)
 .exceptions.irqtest
                0x01104074       0x10 ../attempt2_bsp//libucosii_bsp.a(alt_irq_entry.o)
 *(.exceptions.irqhandler.user)
 *(.exceptions.irqhandler)
 .exceptions.irqhandler
                0x01104084        0x4 ../attempt2_bsp//libucosii_bsp.a(alt_irq_entry.o)
 *(.exceptions.irqreturn.user)
 *(.exceptions.irqreturn)
 .exceptions.irqreturn
                0x01104088        0x4 ../attempt2_bsp//libucosii_bsp.a(alt_irq_entry.o)
 *(.exceptions.notirq.label)
 .exceptions.notirq.label
                0x0110408c        0x0 ../attempt2_bsp//libucosii_bsp.a(alt_irq_entry.o)
 *(.exceptions.notirq.user)
 *(.exceptions.notirq)
 .exceptions.notirq
                0x0110408c        0x8 ../attempt2_bsp//libucosii_bsp.a(alt_exception_entry.o)
 *(.exceptions.soft.user)
 *(.exceptions.soft)
 *(.exceptions.unknown.user)
 *(.exceptions.unknown)
 .exceptions.unknown
                0x01104094        0x4 ../attempt2_bsp//libucosii_bsp.a(alt_exception_entry.o)
 *(.exceptions.exit.label)
 .exceptions.exit.label
                0x01104098        0x0 ../attempt2_bsp//libucosii_bsp.a(alt_irq_entry.o)
 .exceptions.exit.label
                0x01104098        0x0 ../attempt2_bsp//libucosii_bsp.a(alt_exception_entry.o)
 *(.exceptions.exit.user)
 *(.exceptions.exit)
 .exceptions.exit
                0x01104098       0x54 ../attempt2_bsp//libucosii_bsp.a(alt_exception_entry.o)
 *(.exceptions)
 .exceptions    0x011040ec       0xd4 ../attempt2_bsp//libucosii_bsp.a(alt_irq_handler.o)
                0x011040ec                alt_irq_handler
                0x011041c0                PROVIDE (__ram_exceptions_end, ABSOLUTE (.))
                0x00800000                PROVIDE (__flash_exceptions_start, LOADADDR (.exceptions))

.text           0x008001a0    0x13554
                0x008001a0                PROVIDE (stext, ABSOLUTE (.))
 *(.interp)
 *(.hash)
 *(.dynsym)
 *(.dynstr)
 *(.gnu.version)
 *(.gnu.version_d)
 *(.gnu.version_r)
 *(.rel.init)
 *(.rela.init)
 *(.rel.text .rel.text.* .rel.gnu.linkonce.t.*)
 *(.rela.text .rela.text.* .rela.gnu.linkonce.t.*)
 *(.rel.fini)
 *(.rela.fini)
 *(.rel.rodata .rel.rodata.* .rel.gnu.linkonce.r.*)
 *(.rela.rodata .rela.rodata.* .rela.gnu.linkonce.r.*)
 *(.rel.data .rel.data.* .rel.gnu.linkonce.d.*)
 *(.rela.data .rela.data.* .rela.gnu.linkonce.d.*)
 *(.rel.tdata .rel.tdata.* .rel.gnu.linkonce.td.*)
 *(.rela.tdata .rela.tdata.* .rela.gnu.linkonce.td.*)
 *(.rel.tbss .rel.tbss.* .rel.gnu.linkonce.tb.*)
 *(.rela.tbss .rela.tbss.* .rela.gnu.linkonce.tb.*)
 *(.rel.ctors)
 *(.rela.ctors)
 *(.rel.dtors)
 *(.rela.dtors)
 *(.rel.got)
 *(.rela.got)
 *(.rel.sdata .rel.sdata.* .rel.gnu.linkonce.s.*)
 *(.rela.sdata .rela.sdata.* .rela.gnu.linkonce.s.*)
 *(.rel.sbss .rel.sbss.* .rel.gnu.linkonce.sb.*)
 *(.rela.sbss .rela.sbss.* .rela.gnu.linkonce.sb.*)
 *(.rel.sdata2 .rel.sdata2.* .rel.gnu.linkonce.s2.*)
 *(.rela.sdata2 .rela.sdata2.* .rela.gnu.linkonce.s2.*)
 *(.rel.sbss2 .rel.sbss2.* .rel.gnu.linkonce.sb2.*)
 *(.rela.sbss2 .rela.sbss2.* .rela.gnu.linkonce.sb2.*)
 *(.rel.bss .rel.bss.* .rel.gnu.linkonce.b.*)
 *(.rela.bss .rela.bss.* .rela.gnu.linkonce.b.*)
 *(.rel.plt)
 *(.rela.plt)
 *(.rel.dyn)
 *(.init)
 *(.plt)
 *(.text .stub .text.* .gnu.linkonce.t.*)
 .text          0x008001a0       0x3c ../attempt2_bsp//obj/HAL/src/crt0.o
                0x008001a0                _start
 .text          0x008001dc      0x3ec obj/default/hello_ucosii.o
                0x008001dc                task1
                0x00800250                task2
                0x00800288                audio_data_task
                0x008004d0                main
 .text          0x008005c8      0x16c /OPT/altera/12.1/nios2eds/bin/gnu/H-i686-pc-linux-gnu/bin/../lib/gcc/nios2-elf/4.1.2/../../../../nios2-elf/lib/mno-hw-mul/libm.a(lib_a-s_sin.o)
                0x008005c8                sin
 .text          0x00800734      0x828 /OPT/altera/12.1/nios2eds/bin/gnu/H-i686-pc-linux-gnu/bin/../lib/gcc/nios2-elf/4.1.2/../../../../nios2-elf/lib/mno-hw-mul/libm.a(lib_a-e_rem_pio2.o)
                0x00800734                __ieee754_rem_pio2
 .text          0x00800f5c      0x52c /OPT/altera/12.1/nios2eds/bin/gnu/H-i686-pc-linux-gnu/bin/../lib/gcc/nios2-elf/4.1.2/../../../../nios2-elf/lib/mno-hw-mul/libm.a(lib_a-k_cos.o)
                0x00800f5c                __kernel_cos
 .text          0x00801488      0xe84 /OPT/altera/12.1/nios2eds/bin/gnu/H-i686-pc-linux-gnu/bin/../lib/gcc/nios2-elf/4.1.2/../../../../nios2-elf/lib/mno-hw-mul/libm.a(lib_a-k_rem_pio2.o)
                0x00801488                __kernel_rem_pio2
 .text          0x0080230c      0x318 /OPT/altera/12.1/nios2eds/bin/gnu/H-i686-pc-linux-gnu/bin/../lib/gcc/nios2-elf/4.1.2/../../../../nios2-elf/lib/mno-hw-mul/libm.a(lib_a-k_sin.o)
                0x0080230c                __kernel_sin
 .text          0x00802624       0x18 /OPT/altera/12.1/nios2eds/bin/gnu/H-i686-pc-linux-gnu/bin/../lib/gcc/nios2-elf/4.1.2/../../../../nios2-elf/lib/mno-hw-mul/libm.a(lib_a-s_fabs.o)
                0x00802624                fabs
 .text          0x0080263c      0x224 /OPT/altera/12.1/nios2eds/bin/gnu/H-i686-pc-linux-gnu/bin/../lib/gcc/nios2-elf/4.1.2/../../../../nios2-elf/lib/mno-hw-mul/libm.a(lib_a-s_floor.o)
                0x0080263c                floor
 .text          0x00802860      0x1e0 /OPT/altera/12.1/nios2eds/bin/gnu/H-i686-pc-linux-gnu/bin/../lib/gcc/nios2-elf/4.1.2/../../../../nios2-elf/lib/mno-hw-mul/libm.a(lib_a-s_scalbn.o)
                0x00802860                scalbn
 .text          0x00802a40       0x24 /OPT/altera/12.1/nios2eds/bin/gnu/H-i686-pc-linux-gnu/bin/../lib/gcc/nios2-elf/4.1.2/../../../../nios2-elf/lib/mno-hw-mul/libm.a(lib_a-s_copysign.o)
                0x00802a40                copysign
 .text          0x00802a64       0xa4 /OPT/altera/12.1/nios2eds/bin/gnu/H-i686-pc-linux-gnu/bin/../lib/gcc/nios2-elf/4.1.2/mno-hw-mul/libgcc.a(_fixunsdfsi.o)
                0x00802a64                __fixunsdfsi
 .text          0x00802b08      0x504 /OPT/altera/12.1/nios2eds/bin/gnu/H-i686-pc-linux-gnu/bin/../lib/gcc/nios2-elf/4.1.2/mno-hw-mul/libgcc.a(_addsub_df.o)
                0x00802f18                __subdf3
                0x00802f98                __adddf3
 .text          0x0080300c      0x3c4 /OPT/altera/12.1/nios2eds/bin/gnu/H-i686-pc-linux-gnu/bin/../lib/gcc/nios2-elf/4.1.2/mno-hw-mul/libgcc.a(_mul_df.o)
                0x0080300c                __muldf3
 .text          0x008033d0      0x258 /OPT/altera/12.1/nios2eds/bin/gnu/H-i686-pc-linux-gnu/bin/../lib/gcc/nios2-elf/4.1.2/mno-hw-mul/libgcc.a(_div_df.o)
                0x008033d0                __divdf3
 .text          0x00803628       0x88 /OPT/altera/12.1/nios2eds/bin/gnu/H-i686-pc-linux-gnu/bin/../lib/gcc/nios2-elf/4.1.2/mno-hw-mul/libgcc.a(_eq_df.o)
                0x00803628                __eqdf2
 .text          0x008036b0       0x88 /OPT/altera/12.1/nios2eds/bin/gnu/H-i686-pc-linux-gnu/bin/../lib/gcc/nios2-elf/4.1.2/mno-hw-mul/libgcc.a(_gt_df.o)
                0x008036b0                __gtdf2
 .text          0x00803738       0x88 /OPT/altera/12.1/nios2eds/bin/gnu/H-i686-pc-linux-gnu/bin/../lib/gcc/nios2-elf/4.1.2/mno-hw-mul/libgcc.a(_ge_df.o)
                0x00803738                __gedf2
 .text          0x008037c0       0xf8 /OPT/altera/12.1/nios2eds/bin/gnu/H-i686-pc-linux-gnu/bin/../lib/gcc/nios2-elf/4.1.2/mno-hw-mul/libgcc.a(_si_to_df.o)
                0x008037c0                __floatsidf
 .text          0x008038b8       0xd8 /OPT/altera/12.1/nios2eds/bin/gnu/H-i686-pc-linux-gnu/bin/../lib/gcc/nios2-elf/4.1.2/mno-hw-mul/libgcc.a(_df_to_si.o)
                0x008038b8                __fixdfsi
 .text          0x00803990        0x0 /OPT/altera/12.1/nios2eds/bin/gnu/H-i686-pc-linux-gnu/bin/../lib/gcc/nios2-elf/4.1.2/mno-hw-mul/libgcc.a(_thenan_df.o)
 .text          0x00803990      0x14c /OPT/altera/12.1/nios2eds/bin/gnu/H-i686-pc-linux-gnu/bin/../lib/gcc/nios2-elf/4.1.2/mno-hw-mul/libgcc.a(lib2-divmod.o)
                0x00803a0c                __divsi3
                0x00803a6c                __modsi3
                0x00803acc                __udivsi3
                0x00803ad4                __umodsi3
 .text          0x00803adc       0x38 /OPT/altera/12.1/nios2eds/bin/gnu/H-i686-pc-linux-gnu/bin/../lib/gcc/nios2-elf/4.1.2/mno-hw-mul/libgcc.a(lib2-mul.o)
                0x00803adc                __mulsi3
 .text          0x00803b14      0x124 /OPT/altera/12.1/nios2eds/bin/gnu/H-i686-pc-linux-gnu/bin/../lib/gcc/nios2-elf/4.1.2/mno-hw-mul/libgcc.a(_muldi3.o)
                0x00803b14                __muldi3
 .text          0x00803c38       0x80 /OPT/altera/12.1/nios2eds/bin/gnu/H-i686-pc-linux-gnu/bin/../lib/gcc/nios2-elf/4.1.2/mno-hw-mul/libgcc.a(_clzsi2.o)
                0x00803c38                __clzsi2
 .text          0x00803cb8      0x314 /OPT/altera/12.1/nios2eds/bin/gnu/H-i686-pc-linux-gnu/bin/../lib/gcc/nios2-elf/4.1.2/mno-hw-mul/libgcc.a(_pack_df.o)
                0x00803cb8                __pack_d
 .text          0x00803fcc      0x138 /OPT/altera/12.1/nios2eds/bin/gnu/H-i686-pc-linux-gnu/bin/../lib/gcc/nios2-elf/4.1.2/mno-hw-mul/libgcc.a(_unpack_df.o)
                0x00803fcc                __unpack_d
 .text          0x00804104       0xc8 /OPT/altera/12.1/nios2eds/bin/gnu/H-i686-pc-linux-gnu/bin/../lib/gcc/nios2-elf/4.1.2/mno-hw-mul/libgcc.a(_fpcmp_parts_df.o)
                0x00804104                __fpcmp_parts_d
 .text          0x008041cc        0x0 /OPT/altera/12.1/nios2eds/bin/gnu/H-i686-pc-linux-gnu/bin/../lib/gcc/nios2-elf/4.1.2/mno-hw-mul/libgcc.a(_clz.o)
 .text          0x008041cc       0xb4 /OPT/altera/12.1/nios2eds/bin/gnu/H-i686-pc-linux-gnu/bin/../lib/gcc/nios2-elf/4.1.2/../../../../nios2-elf/lib/mno-hw-mul/libc.a(lib_a-puts.o)
                0x008041cc                _puts_r
                0x0080426c                puts
 .text          0x00804280       0x74 /OPT/altera/12.1/nios2eds/bin/gnu/H-i686-pc-linux-gnu/bin/../lib/gcc/nios2-elf/4.1.2/../../../../nios2-elf/lib/mno-hw-mul/libc.a(lib_a-strlen.o)
                0x00804280                strlen
 .text          0x008042f4      0x49c /OPT/altera/12.1/nios2eds/bin/gnu/H-i686-pc-linux-gnu/bin/../lib/gcc/nios2-elf/4.1.2/../../../../nios2-elf/lib/mno-hw-mul/libc.a(lib_a-fvwrite.o)
                0x008042f4                __sfvwrite_r
 .text          0x00804790        0x0 /OPT/altera/12.1/nios2eds/bin/gnu/H-i686-pc-linux-gnu/bin/../lib/gcc/nios2-elf/4.1.2/../../../../nios2-elf/lib/mno-hw-mul/libc.a(lib_a-impure.o)
 .text          0x00804790      0x740 /OPT/altera/12.1/nios2eds/bin/gnu/H-i686-pc-linux-gnu/bin/../lib/gcc/nios2-elf/4.1.2/../../../../nios2-elf/lib/mno-hw-mul/libc.a(lib_a-mallocr.o)
                0x00804790                _malloc_r
 .text          0x00804ed0       0xe4 /OPT/altera/12.1/nios2eds/bin/gnu/H-i686-pc-linux-gnu/bin/../lib/gcc/nios2-elf/4.1.2/../../../../nios2-elf/lib/mno-hw-mul/libc.a(lib_a-memchr.o)
                0x00804ed0                memchr
 .text          0x00804fb4       0xa0 /OPT/altera/12.1/nios2eds/bin/gnu/H-i686-pc-linux-gnu/bin/../lib/gcc/nios2-elf/4.1.2/../../../../nios2-elf/lib/mno-hw-mul/libc.a(lib_a-memcpy.o)
                0x00804fb4                memcpy
 .text          0x00805054       0xe0 /OPT/altera/12.1/nios2eds/bin/gnu/H-i686-pc-linux-gnu/bin/../lib/gcc/nios2-elf/4.1.2/../../../../nios2-elf/lib/mno-hw-mul/libc.a(lib_a-memmove.o)
                0x00805054                memmove
 .text          0x00805134      0x5f4 /OPT/altera/12.1/nios2eds/bin/gnu/H-i686-pc-linux-gnu/bin/../lib/gcc/nios2-elf/4.1.2/../../../../nios2-elf/lib/mno-hw-mul/libc.a(lib_a-reallocr.o)
                0x00805134                _realloc_r
 .text          0x00805728       0x70 /OPT/altera/12.1/nios2eds/bin/gnu/H-i686-pc-linux-gnu/bin/../lib/gcc/nios2-elf/4.1.2/../../../../nios2-elf/lib/mno-hw-mul/libc.a(lib_a-sbrkr.o)
                0x00805728                _sbrk_r
 .text          0x00805798      0x13c /OPT/altera/12.1/nios2eds/bin/gnu/H-i686-pc-linux-gnu/bin/../lib/gcc/nios2-elf/4.1.2/../../../../nios2-elf/lib/mno-hw-mul/libc.a(lib_a-wsetup.o)
                0x00805798                __swsetup_r
 .text          0x008058d4      0x230 /OPT/altera/12.1/nios2eds/bin/gnu/H-i686-pc-linux-gnu/bin/../lib/gcc/nios2-elf/4.1.2/../../../../nios2-elf/lib/mno-hw-mul/libc.a(lib_a-fflush.o)
                0x008058d4                _fflush_r
                0x00805ad0                fflush
 .text          0x00805b04      0x2f4 /OPT/altera/12.1/nios2eds/bin/gnu/H-i686-pc-linux-gnu/bin/../lib/gcc/nios2-elf/4.1.2/../../../../nios2-elf/lib/mno-hw-mul/libc.a(lib_a-findfp.o)
                0x00805b5c                __sfp_lock_acquire
                0x00805b60                __sfp_lock_release
                0x00805b64                __sinit_lock_acquire
                0x00805b68                __sinit_lock_release
                0x00805b6c                __sinit
                0x00805c20                __fp_unlock_all
                0x00805c38                __fp_lock_all
                0x00805c50                _cleanup_r
                0x00805c5c                _cleanup
                0x00805c6c                __sfmoreglue
                0x00805d08                __sfp
 .text          0x00805df8      0x440 /OPT/altera/12.1/nios2eds/bin/gnu/H-i686-pc-linux-gnu/bin/../lib/gcc/nios2-elf/4.1.2/../../../../nios2-elf/lib/mno-hw-mul/libc.a(lib_a-freer.o)
                0x00805df8                _malloc_trim_r
                0x00805f24                _free_r
 .text          0x00806238      0x180 /OPT/altera/12.1/nios2eds/bin/gnu/H-i686-pc-linux-gnu/bin/../lib/gcc/nios2-elf/4.1.2/../../../../nios2-elf/lib/mno-hw-mul/libc.a(lib_a-fwalk.o)
                0x00806238                _fwalk_reent
                0x00806300                _fwalk
 .text          0x008063b8        0x0 /OPT/altera/12.1/nios2eds/bin/gnu/H-i686-pc-linux-gnu/bin/../lib/gcc/nios2-elf/4.1.2/../../../../nios2-elf/lib/mno-hw-mul/libc.a(lib_a-int_errno.o)
 .text          0x008063b8      0x194 /OPT/altera/12.1/nios2eds/bin/gnu/H-i686-pc-linux-gnu/bin/../lib/gcc/nios2-elf/4.1.2/../../../../nios2-elf/lib/mno-hw-mul/libc.a(lib_a-makebuf.o)
                0x008063b8                __smakebuf_r
 .text          0x0080654c       0x98 /OPT/altera/12.1/nios2eds/bin/gnu/H-i686-pc-linux-gnu/bin/../lib/gcc/nios2-elf/4.1.2/../../../../nios2-elf/lib/mno-hw-mul/libc.a(lib_a-memset.o)
                0x0080654c                memset
 .text          0x008065e4      0x14c /OPT/altera/12.1/nios2eds/bin/gnu/H-i686-pc-linux-gnu/bin/../lib/gcc/nios2-elf/4.1.2/../../../../nios2-elf/lib/mno-hw-mul/libc.a(lib_a-stdio.o)
                0x008065e4                __sclose
                0x008065ec                __sseek
                0x00806654                __swrite
                0x008066d0                __sread
 .text          0x00806730       0x78 /OPT/altera/12.1/nios2eds/bin/gnu/H-i686-pc-linux-gnu/bin/../lib/gcc/nios2-elf/4.1.2/../../../../nios2-elf/lib/mno-hw-mul/libc.a(lib_a-writer.o)
                0x00806730                _write_r
 .text          0x008067a8       0x70 /OPT/altera/12.1/nios2eds/bin/gnu/H-i686-pc-linux-gnu/bin/../lib/gcc/nios2-elf/4.1.2/../../../../nios2-elf/lib/mno-hw-mul/libc.a(lib_a-closer.o)
                0x008067a8                _close_r
 .text          0x00806818      0x124 /OPT/altera/12.1/nios2eds/bin/gnu/H-i686-pc-linux-gnu/bin/../lib/gcc/nios2-elf/4.1.2/../../../../nios2-elf/lib/mno-hw-mul/libc.a(lib_a-fclose.o)
                0x00806818                _fclose_r
                0x00806928                fclose
 .text          0x0080693c       0x74 /OPT/altera/12.1/nios2eds/bin/gnu/H-i686-pc-linux-gnu/bin/../lib/gcc/nios2-elf/4.1.2/../../../../nios2-elf/lib/mno-hw-mul/libc.a(lib_a-fstatr.o)
                0x0080693c                _fstat_r
 .text          0x008069b0       0x70 /OPT/altera/12.1/nios2eds/bin/gnu/H-i686-pc-linux-gnu/bin/../lib/gcc/nios2-elf/4.1.2/../../../../nios2-elf/lib/mno-hw-mul/libc.a(lib_a-isattyr.o)
                0x008069b0                _isatty_r
 .text          0x00806a20       0x78 /OPT/altera/12.1/nios2eds/bin/gnu/H-i686-pc-linux-gnu/bin/../lib/gcc/nios2-elf/4.1.2/../../../../nios2-elf/lib/mno-hw-mul/libc.a(lib_a-lseekr.o)
                0x00806a20                _lseek_r
 .text          0x00806a98       0x78 /OPT/altera/12.1/nios2eds/bin/gnu/H-i686-pc-linux-gnu/bin/../lib/gcc/nios2-elf/4.1.2/../../../../nios2-elf/lib/mno-hw-mul/libc.a(lib_a-readr.o)
                0x00806a98                _read_r
 .text          0x00806b10      0x160 ../attempt2_bsp//libucosii_bsp.a(alt_close.o)
                0x00806b10                close
 .text          0x00806c70       0x2c ../attempt2_bsp//libucosii_bsp.a(alt_dev.o)
 .text          0x00806c9c        0x0 ../attempt2_bsp//libucosii_bsp.a(alt_errno.o)
 .text          0x00806c9c      0x138 ../attempt2_bsp//libucosii_bsp.a(alt_fstat.o)
                0x00806c9c                fstat
 .text          0x00806dd4      0x124 ../attempt2_bsp//libucosii_bsp.a(alt_isatty.o)
                0x00806dd4                isatty
 .text          0x00806ef8       0xec ../attempt2_bsp//libucosii_bsp.a(alt_load.o)
                0x00806ef8                alt_load
 .text          0x00806fe4      0x154 ../attempt2_bsp//libucosii_bsp.a(alt_lseek.o)
                0x00806fe4                lseek
 .text          0x00807138       0xc8 ../attempt2_bsp//libucosii_bsp.a(alt_main.o)
                0x00807138                alt_main
 .text          0x00807200      0x184 ../attempt2_bsp//libucosii_bsp.a(alt_read.o)
                0x00807200                read
 .text          0x00807384       0x78 ../attempt2_bsp//libucosii_bsp.a(alt_release_fd.o)
                0x00807384                alt_release_fd
 .text          0x008073fc       0xbc ../attempt2_bsp//libucosii_bsp.a(alt_sbrk.o)
                0x008073fc                sbrk
 .text          0x008074b8      0x184 ../attempt2_bsp//libucosii_bsp.a(alt_write.o)
                0x008074b8                write
 .text          0x0080763c      0x108 ../attempt2_bsp//libucosii_bsp.a(alt_env_lock.o)
                0x0080763c                __env_lock
                0x008076e8                __env_unlock
 .text          0x00807744      0x1d8 ../attempt2_bsp//libucosii_bsp.a(alt_malloc_lock.o)
                0x00807744                __malloc_lock
                0x0080784c                __malloc_unlock
 .text          0x0080791c     0x2128 ../attempt2_bsp//libucosii_bsp.a(os_core.o)
                0x0080791c                OSEventNameGet
                0x00807a4c                OSEventNameSet
                0x00807b90                OSEventPendMulti
                0x00808244                OSInit
                0x00808298                OSIntEnter
                0x00808314                OSIntExit
                0x00808414                OSSchedLock
                0x008084a0                OSSchedUnlock
                0x00808584                OSStart
                0x008085f4                OSStatInit
                0x008086a0                OSTimeTick
                0x008088e0                OSVersion
                0x00808900                OS_Dummy
                0x0080891c                OS_EventTaskRdy
                0x00808ab0                OS_EventTaskWait
                0x00808bc0                OS_EventTaskWaitMulti
                0x00808d14                OS_EventTaskRemove
                0x00808dcc                OS_EventTaskRemoveMulti
                0x00808ed0                OS_EventWaitListInit
                0x0080929c                OS_MemClr
                0x008092f0                OS_MemCopy
                0x0080935c                OS_Sched
                0x008094a0                OS_StrCopy
                0x00809520                OS_StrLen
                0x00809578                OS_TaskIdle
                0x008095d4                OS_TaskStat
                0x0080969c                OS_TaskStatStkChk
                0x00809764                OS_TCBInit
 .text          0x00809a44      0x18c ../attempt2_bsp//libucosii_bsp.a(os_dbg.o)
                0x00809a44                OSDebugInit
 .text          0x00809bd0     0x193c ../attempt2_bsp//libucosii_bsp.a(os_flag.o)
                0x00809bd0                OSFlagAccept
                0x00809f04                OSFlagCreate
                0x0080a040                OSFlagDel
                0x0080a2e8                OSFlagNameGet
                0x0080a42c                OSFlagNameSet
                0x0080a580                OSFlagPend
                0x0080abc4                OSFlagPendGetFlagsRdy
                0x0080ac2c                OSFlagPost
                0x0080afd4                OSFlagQuery
                0x0080b26c                OS_FlagInit
                0x0080b460                OS_FlagUnlink
 .text          0x0080b50c      0x80c ../attempt2_bsp//libucosii_bsp.a(os_mem.o)
                0x0080b50c                OSMemCreate
                0x0080b728                OSMemGet
                0x0080b82c                OSMemNameGet
                0x0080b938                OSMemNameSet
                0x0080ba58                OSMemPut
                0x0080bb48                OSMemQuery
                0x0080bc44                OS_MemInit
 .text          0x0080bd18     0x1334 ../attempt2_bsp//libucosii_bsp.a(os_q.o)
                0x0080bd18                OSQAccept
                0x0080be6c                OSQCreate
                0x0080c080                OSQDel
                0x0080c380                OSQFlush
                0x0080c448                OSQPend
                0x0080c768                OSQPendAbort
                0x0080c8e4                OSQPost
                0x0080ca64                OSQPostFront
                0x0080cbec                OSQPostOpt
                0x0080ce20                OSQQuery
                0x0080cfa0                OS_QInit
 .text          0x0080d04c      0xbc8 ../attempt2_bsp//libucosii_bsp.a(os_sem.o)
                0x0080d04c                OSSemAccept
                0x0080d10c                OSSemCreate
                0x0080d220                OSSemDel
                0x0080d4c0                OSSemPend
                0x0080d73c                OSSemPendAbort
                0x0080d8b8                OSSemPost
                0x0080d9e0                OSSemQuery
                0x0080db10                OSSemSet
 .text          0x0080dc14     0x1a40 ../attempt2_bsp//libucosii_bsp.a(os_task.o)
                0x0080dc14                OSTaskChangePrio
                0x0080e188                OSTaskCreate
                0x0080e35c                OSTaskCreateExt
                0x0080e55c                OSTaskDel
                0x0080e968                OSTaskDelReq
                0x0080ead8                OSTaskNameGet
                0x0080ec90                OSTaskNameSet
                0x0080ee54                OSTaskResume
                0x0080f06c                OSTaskStkChk
                0x0080f268                OSTaskSuspend
                0x0080f494                OSTaskQuery
                0x0080f5d8                OS_TaskStkClr
 .text          0x0080f654      0x5b4 ../attempt2_bsp//libucosii_bsp.a(os_time.o)
                0x0080f654                OSTimeDly
                0x0080f7a0                OSTimeDlyHMSM
                0x0080f930                OSTimeDlyResume
                0x0080fb40                OSTimeGet
                0x0080fba4                OSTimeSet
 .text          0x0080fc08       0xf8 ../attempt2_bsp//libucosii_bsp.a(alt_sys_init.o)
                0x0080fc08                alt_irq_init
                0x0080fc3c                alt_sys_init
 .text          0x0080fd00      0x148 ../attempt2_bsp//libucosii_bsp.a(altera_avalon_jtag_uart_fd.o)
                0x0080fd00                altera_avalon_jtag_uart_read_fd
                0x0080fd58                altera_avalon_jtag_uart_write_fd
                0x0080fdb0                altera_avalon_jtag_uart_close_fd
                0x0080fdf8                altera_avalon_jtag_uart_ioctl_fd
 .text          0x0080fe48      0x580 ../attempt2_bsp//libucosii_bsp.a(altera_avalon_jtag_uart_init.o)
                0x0080fe48                altera_avalon_jtag_uart_init
                0x00810354                altera_avalon_jtag_uart_close
 .text          0x008103c8       0xf4 ../attempt2_bsp//libucosii_bsp.a(altera_avalon_jtag_uart_ioctl.o)
                0x008103c8                altera_avalon_jtag_uart_ioctl
 .text          0x008104bc      0x2c0 ../attempt2_bsp//libucosii_bsp.a(altera_avalon_jtag_uart_read.o)
                0x008104bc                altera_avalon_jtag_uart_read
 .text          0x0081077c      0x2dc ../attempt2_bsp//libucosii_bsp.a(altera_avalon_jtag_uart_write.o)
                0x0081077c                altera_avalon_jtag_uart_write
 .text          0x00810a58       0xfc ../attempt2_bsp//libucosii_bsp.a(altera_avalon_timer_sc.o)
                0x00810acc                alt_avalon_timer_sc_init
 .text          0x00810b54      0x80c ../attempt2_bsp//libucosii_bsp.a(altera_up_avalon_audio.o)
                0x00810b54                alt_up_audio_open_dev
                0x00810b94                alt_up_audio_enable_read_interrupt
                0x00810be0                alt_up_audio_disable_read_interrupt
                0x00810c30                alt_up_audio_enable_write_interrupt
                0x00810c7c                alt_up_audio_disable_write_interrupt
                0x00810ccc                alt_up_audio_read_interrupt_pending
                0x00810d08                alt_up_audio_write_interrupt_pending
                0x00810d44                alt_up_audio_reset_audio_core
                0x00810dcc                alt_up_audio_read_fifo_avail
                0x00810e3c                alt_up_audio_record_r
                0x00810eac                alt_up_audio_record_l
                0x00810f1c                alt_up_audio_write_fifo_space
                0x00810f90                alt_up_audio_play_r
                0x00811000                alt_up_audio_play_l
                0x00811070                alt_up_audio_read_fifo
                0x00811174                alt_up_audio_write_fifo
                0x008112a0                alt_up_audio_read_fifo_head
                0x00811300                alt_up_audio_write_fifo_head
 .text          0x00811360      0x788 ../attempt2_bsp//libucosii_bsp.a(altera_up_avalon_audio_and_video_config.o)
                0x00811360                alt_up_av_config_open_dev
                0x008113c4                alt_up_av_config_write_data
                0x00811428                alt_up_av_config_read_data
                0x008114b4                alt_up_av_config_reset
                0x008114ec                alt_up_av_config_enable_interrupt
                0x00811524                alt_up_av_config_disable_interrupt
                0x00811554                alt_up_av_config_read_acknowledge
                0x008115bc                alt_up_av_config_read_ready
                0x008115f4                alt_up_av_config_write_audio_cfg_register
                0x008116a0                alt_up_av_config_read_video_cfg_register
                0x00811798                alt_up_av_config_write_video_cfg_register
                0x00811890                alt_up_av_config_read_DC2_cfg_register
                0x008118f4                alt_up_av_config_write_DC2_cfg_register
                0x00811958                alt_up_av_config_read_D5M_cfg_register
                0x008119bc                alt_up_av_config_write_D5M_cfg_register
                0x00811a20                alt_up_av_config_read_LTM_cfg_register
                0x00811a84                alt_up_av_config_write_LTM_cfg_register
 .text          0x00811ae8      0x530 ../attempt2_bsp//libucosii_bsp.a(altera_up_avalon_character_lcd.o)
                0x00811ae8                get_DDRAM_addr
                0x00811b64                alt_up_character_lcd_send_cmd
                0x00811b98                alt_up_character_lcd_init
                0x00811bcc                alt_up_character_lcd_open_dev
                0x00811c0c                alt_up_character_lcd_write
                0x00811c84                alt_up_character_lcd_string
                0x00811cfc                alt_up_character_lcd_write_fd
                0x00811d48                alt_up_character_lcd_set_cursor_pos
                0x00811dc0                alt_up_character_lcd_shift_cursor
                0x00811e70                alt_up_character_lcd_shift_display
                0x00811f20                alt_up_character_lcd_erase_pos
                0x00811fb0                alt_up_character_lcd_cursor_off
                0x00811fe4                alt_up_character_lcd_cursor_blink_on
 .text          0x00812018      0x154 ../attempt2_bsp//libucosii_bsp.a(alt_alarm_start.o)
                0x00812018                alt_alarm_start
 .text          0x0081216c       0x1c ../attempt2_bsp//libucosii_bsp.a(alt_dcache_flush_all.o)
                0x0081216c                alt_dcache_flush_all
 .text          0x00812188      0x114 ../attempt2_bsp//libucosii_bsp.a(alt_dev_llist_insert.o)
                0x00812188                alt_dev_llist_insert
 .text          0x0081229c       0x64 ../attempt2_bsp//libucosii_bsp.a(alt_do_ctors.o)
                0x0081229c                _do_ctors
 .text          0x00812300       0x64 ../attempt2_bsp//libucosii_bsp.a(alt_do_dtors.o)
                0x00812300                _do_dtors
 .text          0x00812364       0x94 ../attempt2_bsp//libucosii_bsp.a(alt_find_dev.o)
                0x00812364                alt_find_dev
 .text          0x008123f8       0x1c ../attempt2_bsp//libucosii_bsp.a(alt_icache_flush_all.o)
                0x008123f8                alt_icache_flush_all
 .text          0x00812414      0x150 ../attempt2_bsp//libucosii_bsp.a(alt_io_redirect.o)
                0x008124ec                alt_io_redirect
 .text          0x00812564      0x1c0 ../attempt2_bsp//libucosii_bsp.a(alt_irq_register.o)
                0x00812564                alt_irq_register
 .text          0x00812724        0x0 ../attempt2_bsp//libucosii_bsp.a(alt_irq_vars.o)
 .text          0x00812724      0x2e4 ../attempt2_bsp//libucosii_bsp.a(alt_open.o)
                0x0081281c                open
 .text          0x00812a08      0x1a8 ../attempt2_bsp//libucosii_bsp.a(alt_tick.o)
                0x00812a08                alt_alarm_stop
                0x00812aa0                alt_tick
 .text          0x00812bb0       0x20 ../attempt2_bsp//libucosii_bsp.a(altera_nios2_qsys_irq.o)
                0x00812bb0                altera_nios2_qsys_irq_init
 .text          0x00812bd0       0xd0 ../attempt2_bsp//libucosii_bsp.a(os_cpu_a.o)
                0x00812bd0                OSCtxSw
                0x00812bd0                OSIntCtxSw
                0x00812c5c                OSStartHighRdy
                0x00812c7c                OSStartTsk
 .text          0x00812ca0      0x418 ../attempt2_bsp//libucosii_bsp.a(os_cpu_c.o)
                0x00812ca0                OSTaskStkInit
                0x00812fb0                OSTaskCreateHook
                0x00812fd0                OSTaskDelHook
                0x00812ff0                OSTaskSwHook
                0x0081300c                OSTaskStatHook
                0x00813028                OSTimeTickHook
                0x00813044                OSInitHookBegin
                0x00813060                OSInitHookEnd
                0x0081307c                OSTaskIdleHook
                0x00813098                OSTCBInitHook
 .text          0x008130b8      0x120 ../attempt2_bsp//libucosii_bsp.a(alt_find_file.o)
                0x008130b8                alt_find_file
 .text          0x008131d8      0x104 ../attempt2_bsp//libucosii_bsp.a(alt_get_fd.o)
                0x008131d8                alt_get_fd
 .text          0x008132dc        0x0 ../attempt2_bsp//libucosii_bsp.a(alt_irq_entry.o)
 .text          0x008132dc        0x0 ../attempt2_bsp//libucosii_bsp.a(alt_irq_handler.o)
 .text          0x008132dc        0x0 ../attempt2_bsp//libucosii_bsp.a(alt_exception_entry.o)
 .text          0x008132dc       0x14 /OPT/altera/12.1/nios2eds/bin/gnu/H-i686-pc-linux-gnu/bin/../lib/gcc/nios2-elf/4.1.2/../../../../nios2-elf/lib/mno-hw-mul/libc.a(lib_a-atexit.o)
                0x008132dc                atexit
 .text          0x008132f0       0x38 /OPT/altera/12.1/nios2eds/bin/gnu/H-i686-pc-linux-gnu/bin/../lib/gcc/nios2-elf/4.1.2/../../../../nios2-elf/lib/mno-hw-mul/libc.a(lib_a-exit.o)
                0x008132f0                exit
 .text          0x00813328       0x74 /OPT/altera/12.1/nios2eds/bin/gnu/H-i686-pc-linux-gnu/bin/../lib/gcc/nios2-elf/4.1.2/../../../../nios2-elf/lib/mno-hw-mul/libc.a(lib_a-memcmp.o)
                0x00813328                memcmp
 .text          0x0081339c      0x134 /OPT/altera/12.1/nios2eds/bin/gnu/H-i686-pc-linux-gnu/bin/../lib/gcc/nios2-elf/4.1.2/../../../../nios2-elf/lib/mno-hw-mul/libc.a(lib_a-__atexit.o)
                0x0081339c                __register_exitproc
 .text          0x008134d0      0x1b4 /OPT/altera/12.1/nios2eds/bin/gnu/H-i686-pc-linux-gnu/bin/../lib/gcc/nios2-elf/4.1.2/../../../../nios2-elf/lib/mno-hw-mul/libc.a(lib_a-__call_atexit.o)
                0x008134d4                __call_exitprocs
 .text          0x00813684       0x6c ../attempt2_bsp//libucosii_bsp.a(alt_exit.o)
                0x008136c4                _exit
 *(.gnu.warning.*)
 *(.fini)
                0x008136f0                PROVIDE (__etext, ABSOLUTE (.))
                0x008136f0                PROVIDE (_etext, ABSOLUTE (.))
                0x008136f0                PROVIDE (etext, ABSOLUTE (.))
 *(.eh_frame_hdr)
                0x008136f0                . = ALIGN (0x4)
                0x008136f0                PROVIDE (__preinit_array_start, ABSOLUTE (.))
 *(.preinit_array)
                0x008136f0                PROVIDE (__preinit_array_end, ABSOLUTE (.))
                0x008136f0                PROVIDE (__init_array_start, ABSOLUTE (.))
 *(.init_array)
                0x008136f0                PROVIDE (__init_array_end, ABSOLUTE (.))
                0x008136f0                PROVIDE (__fini_array_start, ABSOLUTE (.))
 *(.fini_array)
                0x008136f0                PROVIDE (__fini_array_end, ABSOLUTE (.))
 *(.eh_frame)
 *(.gcc_except_table)
 *(.dynamic)
                0x008136f0                PROVIDE (__CTOR_LIST__, ABSOLUTE (.))
 *(.ctors)
 *(SORT(.ctors.*))
 .ctors.65535   0x008136f0        0x4 /OPT/altera/12.1/nios2eds/bin/gnu/H-i686-pc-linux-gnu/bin/../lib/gcc/nios2-elf/4.1.2/../../../../nios2-elf/lib/mno-hw-mul/libc.a(lib_a-__call_atexit.o)
                0x008136f4                PROVIDE (__CTOR_END__, ABSOLUTE (.))
                0x008136f4                PROVIDE (__DTOR_LIST__, ABSOLUTE (.))
 *(.dtors)
 *(SORT(.dtors.*))
                0x008136f4                PROVIDE (__DTOR_END__, ABSOLUTE (.))
 *(.jcr)
                0x008136f4                . = ALIGN (0x4)

.rodata         0x008136f4      0x55c
                0x008136f4                PROVIDE (__ram_rodata_start, ABSOLUTE (.))
                0x008136f4                . = ALIGN (0x4)
 *(.rodata .rodata.* .gnu.linkonce.r.*)
 .rodata        0x008136f4       0xc8 obj/default/hello_ucosii.o
 .rodata        0x008137bc      0x188 /OPT/altera/12.1/nios2eds/bin/gnu/H-i686-pc-linux-gnu/bin/../lib/gcc/nios2-elf/4.1.2/../../../../nios2-elf/lib/mno-hw-mul/libm.a(lib_a-e_rem_pio2.o)
 .rodata        0x00813944       0x50 /OPT/altera/12.1/nios2eds/bin/gnu/H-i686-pc-linux-gnu/bin/../lib/gcc/nios2-elf/4.1.2/../../../../nios2-elf/lib/mno-hw-mul/libm.a(lib_a-k_rem_pio2.o)
 .rodata        0x00813994       0x14 /OPT/altera/12.1/nios2eds/bin/gnu/H-i686-pc-linux-gnu/bin/../lib/gcc/nios2-elf/4.1.2/mno-hw-mul/libgcc.a(_thenan_df.o)
                0x00813994                __thenan_df
 .rodata        0x008139a8      0x100 /OPT/altera/12.1/nios2eds/bin/gnu/H-i686-pc-linux-gnu/bin/../lib/gcc/nios2-elf/4.1.2/mno-hw-mul/libgcc.a(_clz.o)
                0x008139a8                __clz_tab
 .rodata.str1.4
                0x00813aa8        0x2 /OPT/altera/12.1/nios2eds/bin/gnu/H-i686-pc-linux-gnu/bin/../lib/gcc/nios2-elf/4.1.2/../../../../nios2-elf/lib/mno-hw-mul/libc.a(lib_a-puts.o)
                                  0x4 (size before relaxing)
 *fill*         0x00813aaa        0x2 00
 .rodata.str1.4
                0x00813aac        0x4 /OPT/altera/12.1/nios2eds/bin/gnu/H-i686-pc-linux-gnu/bin/../lib/gcc/nios2-elf/4.1.2/../../../../nios2-elf/lib/mno-hw-mul/libc.a(lib_a-impure.o)
 .rodata        0x00813ab0        0xc ../attempt2_bsp//libucosii_bsp.a(alt_dev.o)
 .rodata        0x00813abc       0x14 ../attempt2_bsp//libucosii_bsp.a(alt_main.o)
 .rodata        0x00813ad0      0x120 ../attempt2_bsp//libucosii_bsp.a(os_core.o)
                0x00813ad0                OSUnMapTbl
 .rodata        0x00813bf0       0x5c ../attempt2_bsp//libucosii_bsp.a(alt_sys_init.o)
 .rodata        0x00813c4c        0x4 ../attempt2_bsp//libucosii_bsp.a(os_cpu_c.o)
 *(.rodata1)
                0x00813c50                . = ALIGN (0x4)
                0x00813c50                PROVIDE (__ram_rodata_end, ABSOLUTE (.))
                0x008136f4                PROVIDE (__flash_rodata_start, LOADADDR (.rodata))

.rwdata         0x00813c50     0x1b5c load address 0x008157ac
                0x00813c50                PROVIDE (__ram_rwdata_start, ABSOLUTE (.))
                0x00813c50                . = ALIGN (0x4)
 *(.got.plt)
 *(.got)
 *(.data1)
 *(.data .data.* .gnu.linkonce.d.*)
 .data          0x00813c50        0x0 ../attempt2_bsp//obj/HAL/src/crt0.o
 .data          0x00813c50        0x0 obj/default/hello_ucosii.o
 .data          0x00813c50        0x0 /OPT/altera/12.1/nios2eds/bin/gnu/H-i686-pc-linux-gnu/bin/../lib/gcc/nios2-elf/4.1.2/../../../../nios2-elf/lib/mno-hw-mul/libm.a(lib_a-s_sin.o)
 .data          0x00813c50        0x0 /OPT/altera/12.1/nios2eds/bin/gnu/H-i686-pc-linux-gnu/bin/../lib/gcc/nios2-elf/4.1.2/../../../../nios2-elf/lib/mno-hw-mul/libm.a(lib_a-e_rem_pio2.o)
 .data          0x00813c50        0x0 /OPT/altera/12.1/nios2eds/bin/gnu/H-i686-pc-linux-gnu/bin/../lib/gcc/nios2-elf/4.1.2/../../../../nios2-elf/lib/mno-hw-mul/libm.a(lib_a-k_cos.o)
 .data          0x00813c50        0x0 /OPT/altera/12.1/nios2eds/bin/gnu/H-i686-pc-linux-gnu/bin/../lib/gcc/nios2-elf/4.1.2/../../../../nios2-elf/lib/mno-hw-mul/libm.a(lib_a-k_rem_pio2.o)
 .data          0x00813c50        0x0 /OPT/altera/12.1/nios2eds/bin/gnu/H-i686-pc-linux-gnu/bin/../lib/gcc/nios2-elf/4.1.2/../../../../nios2-elf/lib/mno-hw-mul/libm.a(lib_a-k_sin.o)
 .data          0x00813c50        0x0 /OPT/altera/12.1/nios2eds/bin/gnu/H-i686-pc-linux-gnu/bin/../lib/gcc/nios2-elf/4.1.2/../../../../nios2-elf/lib/mno-hw-mul/libm.a(lib_a-s_fabs.o)
 .data          0x00813c50        0x0 /OPT/altera/12.1/nios2eds/bin/gnu/H-i686-pc-linux-gnu/bin/../lib/gcc/nios2-elf/4.1.2/../../../../nios2-elf/lib/mno-hw-mul/libm.a(lib_a-s_floor.o)
 .data          0x00813c50        0x0 /OPT/altera/12.1/nios2eds/bin/gnu/H-i686-pc-linux-gnu/bin/../lib/gcc/nios2-elf/4.1.2/../../../../nios2-elf/lib/mno-hw-mul/libm.a(lib_a-s_scalbn.o)
 .data          0x00813c50        0x0 /OPT/altera/12.1/nios2eds/bin/gnu/H-i686-pc-linux-gnu/bin/../lib/gcc/nios2-elf/4.1.2/../../../../nios2-elf/lib/mno-hw-mul/libm.a(lib_a-s_copysign.o)
 .data          0x00813c50        0x0 /OPT/altera/12.1/nios2eds/bin/gnu/H-i686-pc-linux-gnu/bin/../lib/gcc/nios2-elf/4.1.2/mno-hw-mul/libgcc.a(_fixunsdfsi.o)
 .data          0x00813c50        0x0 /OPT/altera/12.1/nios2eds/bin/gnu/H-i686-pc-linux-gnu/bin/../lib/gcc/nios2-elf/4.1.2/mno-hw-mul/libgcc.a(_addsub_df.o)
 .data          0x00813c50        0x0 /OPT/altera/12.1/nios2eds/bin/gnu/H-i686-pc-linux-gnu/bin/../lib/gcc/nios2-elf/4.1.2/mno-hw-mul/libgcc.a(_mul_df.o)
 .data          0x00813c50        0x0 /OPT/altera/12.1/nios2eds/bin/gnu/H-i686-pc-linux-gnu/bin/../lib/gcc/nios2-elf/4.1.2/mno-hw-mul/libgcc.a(_div_df.o)
 .data          0x00813c50        0x0 /OPT/altera/12.1/nios2eds/bin/gnu/H-i686-pc-linux-gnu/bin/../lib/gcc/nios2-elf/4.1.2/mno-hw-mul/libgcc.a(_eq_df.o)
 .data          0x00813c50        0x0 /OPT/altera/12.1/nios2eds/bin/gnu/H-i686-pc-linux-gnu/bin/../lib/gcc/nios2-elf/4.1.2/mno-hw-mul/libgcc.a(_gt_df.o)
 .data          0x00813c50        0x0 /OPT/altera/12.1/nios2eds/bin/gnu/H-i686-pc-linux-gnu/bin/../lib/gcc/nios2-elf/4.1.2/mno-hw-mul/libgcc.a(_ge_df.o)
 .data          0x00813c50        0x0 /OPT/altera/12.1/nios2eds/bin/gnu/H-i686-pc-linux-gnu/bin/../lib/gcc/nios2-elf/4.1.2/mno-hw-mul/libgcc.a(_si_to_df.o)
 .data          0x00813c50        0x0 /OPT/altera/12.1/nios2eds/bin/gnu/H-i686-pc-linux-gnu/bin/../lib/gcc/nios2-elf/4.1.2/mno-hw-mul/libgcc.a(_df_to_si.o)
 .data          0x00813c50        0x0 /OPT/altera/12.1/nios2eds/bin/gnu/H-i686-pc-linux-gnu/bin/../lib/gcc/nios2-elf/4.1.2/mno-hw-mul/libgcc.a(_thenan_df.o)
 .data          0x00813c50        0x0 /OPT/altera/12.1/nios2eds/bin/gnu/H-i686-pc-linux-gnu/bin/../lib/gcc/nios2-elf/4.1.2/mno-hw-mul/libgcc.a(lib2-divmod.o)
 .data          0x00813c50        0x0 /OPT/altera/12.1/nios2eds/bin/gnu/H-i686-pc-linux-gnu/bin/../lib/gcc/nios2-elf/4.1.2/mno-hw-mul/libgcc.a(lib2-mul.o)
 .data          0x00813c50        0x0 /OPT/altera/12.1/nios2eds/bin/gnu/H-i686-pc-linux-gnu/bin/../lib/gcc/nios2-elf/4.1.2/mno-hw-mul/libgcc.a(_muldi3.o)
 .data          0x00813c50        0x0 /OPT/altera/12.1/nios2eds/bin/gnu/H-i686-pc-linux-gnu/bin/../lib/gcc/nios2-elf/4.1.2/mno-hw-mul/libgcc.a(_clzsi2.o)
 .data          0x00813c50        0x0 /OPT/altera/12.1/nios2eds/bin/gnu/H-i686-pc-linux-gnu/bin/../lib/gcc/nios2-elf/4.1.2/mno-hw-mul/libgcc.a(_pack_df.o)
 .data          0x00813c50        0x0 /OPT/altera/12.1/nios2eds/bin/gnu/H-i686-pc-linux-gnu/bin/../lib/gcc/nios2-elf/4.1.2/mno-hw-mul/libgcc.a(_unpack_df.o)
 .data          0x00813c50        0x0 /OPT/altera/12.1/nios2eds/bin/gnu/H-i686-pc-linux-gnu/bin/../lib/gcc/nios2-elf/4.1.2/mno-hw-mul/libgcc.a(_fpcmp_parts_df.o)
 .data          0x00813c50        0x0 /OPT/altera/12.1/nios2eds/bin/gnu/H-i686-pc-linux-gnu/bin/../lib/gcc/nios2-elf/4.1.2/mno-hw-mul/libgcc.a(_clz.o)
 .data          0x00813c50        0x0 /OPT/altera/12.1/nios2eds/bin/gnu/H-i686-pc-linux-gnu/bin/../lib/gcc/nios2-elf/4.1.2/../../../../nios2-elf/lib/mno-hw-mul/libc.a(lib_a-puts.o)
 .data          0x00813c50        0x0 /OPT/altera/12.1/nios2eds/bin/gnu/H-i686-pc-linux-gnu/bin/../lib/gcc/nios2-elf/4.1.2/../../../../nios2-elf/lib/mno-hw-mul/libc.a(lib_a-strlen.o)
 .data          0x00813c50        0x0 /OPT/altera/12.1/nios2eds/bin/gnu/H-i686-pc-linux-gnu/bin/../lib/gcc/nios2-elf/4.1.2/../../../../nios2-elf/lib/mno-hw-mul/libc.a(lib_a-fvwrite.o)
 .data          0x00813c50      0x400 /OPT/altera/12.1/nios2eds/bin/gnu/H-i686-pc-linux-gnu/bin/../lib/gcc/nios2-elf/4.1.2/../../../../nios2-elf/lib/mno-hw-mul/libc.a(lib_a-impure.o)
 .data          0x00814050      0x408 /OPT/altera/12.1/nios2eds/bin/gnu/H-i686-pc-linux-gnu/bin/../lib/gcc/nios2-elf/4.1.2/../../../../nios2-elf/lib/mno-hw-mul/libc.a(lib_a-mallocr.o)
                0x00814050                __malloc_av_
 .data          0x00814458        0x0 /OPT/altera/12.1/nios2eds/bin/gnu/H-i686-pc-linux-gnu/bin/../lib/gcc/nios2-elf/4.1.2/../../../../nios2-elf/lib/mno-hw-mul/libc.a(lib_a-memchr.o)
 .data          0x00814458        0x0 /OPT/altera/12.1/nios2eds/bin/gnu/H-i686-pc-linux-gnu/bin/../lib/gcc/nios2-elf/4.1.2/../../../../nios2-elf/lib/mno-hw-mul/libc.a(lib_a-memcpy.o)
 .data          0x00814458        0x0 /OPT/altera/12.1/nios2eds/bin/gnu/H-i686-pc-linux-gnu/bin/../lib/gcc/nios2-elf/4.1.2/../../../../nios2-elf/lib/mno-hw-mul/libc.a(lib_a-memmove.o)
 .data          0x00814458        0x0 /OPT/altera/12.1/nios2eds/bin/gnu/H-i686-pc-linux-gnu/bin/../lib/gcc/nios2-elf/4.1.2/../../../../nios2-elf/lib/mno-hw-mul/libc.a(lib_a-reallocr.o)
 .data          0x00814458        0x0 /OPT/altera/12.1/nios2eds/bin/gnu/H-i686-pc-linux-gnu/bin/../lib/gcc/nios2-elf/4.1.2/../../../../nios2-elf/lib/mno-hw-mul/libc.a(lib_a-sbrkr.o)
 .data          0x00814458        0x0 /OPT/altera/12.1/nios2eds/bin/gnu/H-i686-pc-linux-gnu/bin/../lib/gcc/nios2-elf/4.1.2/../../../../nios2-elf/lib/mno-hw-mul/libc.a(lib_a-wsetup.o)
 .data          0x00814458        0x0 /OPT/altera/12.1/nios2eds/bin/gnu/H-i686-pc-linux-gnu/bin/../lib/gcc/nios2-elf/4.1.2/../../../../nios2-elf/lib/mno-hw-mul/libc.a(lib_a-fflush.o)
 .data          0x00814458        0x0 /OPT/altera/12.1/nios2eds/bin/gnu/H-i686-pc-linux-gnu/bin/../lib/gcc/nios2-elf/4.1.2/../../../../nios2-elf/lib/mno-hw-mul/libc.a(lib_a-findfp.o)
 .data          0x00814458        0x0 /OPT/altera/12.1/nios2eds/bin/gnu/H-i686-pc-linux-gnu/bin/../lib/gcc/nios2-elf/4.1.2/../../../../nios2-elf/lib/mno-hw-mul/libc.a(lib_a-freer.o)
 .data          0x00814458        0x0 /OPT/altera/12.1/nios2eds/bin/gnu/H-i686-pc-linux-gnu/bin/../lib/gcc/nios2-elf/4.1.2/../../../../nios2-elf/lib/mno-hw-mul/libc.a(lib_a-fwalk.o)
 .data          0x00814458        0x0 /OPT/altera/12.1/nios2eds/bin/gnu/H-i686-pc-linux-gnu/bin/../lib/gcc/nios2-elf/4.1.2/../../../../nios2-elf/lib/mno-hw-mul/libc.a(lib_a-int_errno.o)
 .data          0x00814458        0x0 /OPT/altera/12.1/nios2eds/bin/gnu/H-i686-pc-linux-gnu/bin/../lib/gcc/nios2-elf/4.1.2/../../../../nios2-elf/lib/mno-hw-mul/libc.a(lib_a-makebuf.o)
 .data          0x00814458        0x0 /OPT/altera/12.1/nios2eds/bin/gnu/H-i686-pc-linux-gnu/bin/../lib/gcc/nios2-elf/4.1.2/../../../../nios2-elf/lib/mno-hw-mul/libc.a(lib_a-memset.o)
 .data          0x00814458        0x0 /OPT/altera/12.1/nios2eds/bin/gnu/H-i686-pc-linux-gnu/bin/../lib/gcc/nios2-elf/4.1.2/../../../../nios2-elf/lib/mno-hw-mul/libc.a(lib_a-stdio.o)
 .data          0x00814458        0x0 /OPT/altera/12.1/nios2eds/bin/gnu/H-i686-pc-linux-gnu/bin/../lib/gcc/nios2-elf/4.1.2/../../../../nios2-elf/lib/mno-hw-mul/libc.a(lib_a-writer.o)
 .data          0x00814458        0x0 /OPT/altera/12.1/nios2eds/bin/gnu/H-i686-pc-linux-gnu/bin/../lib/gcc/nios2-elf/4.1.2/../../../../nios2-elf/lib/mno-hw-mul/libc.a(lib_a-closer.o)
 .data          0x00814458        0x0 /OPT/altera/12.1/nios2eds/bin/gnu/H-i686-pc-linux-gnu/bin/../lib/gcc/nios2-elf/4.1.2/../../../../nios2-elf/lib/mno-hw-mul/libc.a(lib_a-fclose.o)
 .data          0x00814458        0x0 /OPT/altera/12.1/nios2eds/bin/gnu/H-i686-pc-linux-gnu/bin/../lib/gcc/nios2-elf/4.1.2/../../../../nios2-elf/lib/mno-hw-mul/libc.a(lib_a-fstatr.o)
 .data          0x00814458        0x0 /OPT/altera/12.1/nios2eds/bin/gnu/H-i686-pc-linux-gnu/bin/../lib/gcc/nios2-elf/4.1.2/../../../../nios2-elf/lib/mno-hw-mul/libc.a(lib_a-isattyr.o)
 .data          0x00814458        0x0 /OPT/altera/12.1/nios2eds/bin/gnu/H-i686-pc-linux-gnu/bin/../lib/gcc/nios2-elf/4.1.2/../../../../nios2-elf/lib/mno-hw-mul/libc.a(lib_a-lseekr.o)
 .data          0x00814458        0x0 /OPT/altera/12.1/nios2eds/bin/gnu/H-i686-pc-linux-gnu/bin/../lib/gcc/nios2-elf/4.1.2/../../../../nios2-elf/lib/mno-hw-mul/libc.a(lib_a-readr.o)
 .data          0x00814458        0x0 ../attempt2_bsp//libucosii_bsp.a(alt_close.o)
 .data          0x00814458      0x1a8 ../attempt2_bsp//libucosii_bsp.a(alt_dev.o)
                0x00814458                alt_dev_null
                0x00814480                alt_fd_list
 .data          0x00814600        0x0 ../attempt2_bsp//libucosii_bsp.a(alt_errno.o)
 .data          0x00814600        0x0 ../attempt2_bsp//libucosii_bsp.a(alt_fstat.o)
 .data          0x00814600        0x0 ../attempt2_bsp//libucosii_bsp.a(alt_isatty.o)
 .data          0x00814600        0x0 ../attempt2_bsp//libucosii_bsp.a(alt_load.o)
 .data          0x00814600        0x0 ../attempt2_bsp//libucosii_bsp.a(alt_lseek.o)
 .data          0x00814600        0x0 ../attempt2_bsp//libucosii_bsp.a(alt_main.o)
 .data          0x00814600        0x0 ../attempt2_bsp//libucosii_bsp.a(alt_read.o)
 .data          0x00814600        0x0 ../attempt2_bsp//libucosii_bsp.a(alt_release_fd.o)
 .data          0x00814600        0x0 ../attempt2_bsp//libucosii_bsp.a(alt_sbrk.o)
 .data          0x00814600        0x0 ../attempt2_bsp//libucosii_bsp.a(alt_write.o)
 .data          0x00814600        0x0 ../attempt2_bsp//libucosii_bsp.a(alt_env_lock.o)
 .data          0x00814600        0x0 ../attempt2_bsp//libucosii_bsp.a(alt_malloc_lock.o)
 .data          0x00814600        0x0 ../attempt2_bsp//libucosii_bsp.a(os_core.o)
 .data          0x00814600        0x0 ../attempt2_bsp//libucosii_bsp.a(os_dbg.o)
 .data          0x00814600        0x0 ../attempt2_bsp//libucosii_bsp.a(os_flag.o)
 .data          0x00814600        0x0 ../attempt2_bsp//libucosii_bsp.a(os_mem.o)
 .data          0x00814600        0x0 ../attempt2_bsp//libucosii_bsp.a(os_q.o)
 .data          0x00814600        0x0 ../attempt2_bsp//libucosii_bsp.a(os_sem.o)
 .data          0x00814600        0x0 ../attempt2_bsp//libucosii_bsp.a(os_task.o)
 .data          0x00814600        0x0 ../attempt2_bsp//libucosii_bsp.a(os_time.o)
 .data          0x00814600     0x10f8 ../attempt2_bsp//libucosii_bsp.a(alt_sys_init.o)
 .data          0x008156f8        0x0 ../attempt2_bsp//libucosii_bsp.a(altera_avalon_jtag_uart_fd.o)
 .data          0x008156f8        0x0 ../attempt2_bsp//libucosii_bsp.a(altera_avalon_jtag_uart_init.o)
 .data          0x008156f8        0x0 ../attempt2_bsp//libucosii_bsp.a(altera_avalon_jtag_uart_ioctl.o)
 .data          0x008156f8        0x0 ../attempt2_bsp//libucosii_bsp.a(altera_avalon_jtag_uart_read.o)
 .data          0x008156f8        0x0 ../attempt2_bsp//libucosii_bsp.a(altera_avalon_jtag_uart_write.o)
 .data          0x008156f8        0x0 ../attempt2_bsp//libucosii_bsp.a(altera_avalon_timer_sc.o)
 .data          0x008156f8        0x0 ../attempt2_bsp//libucosii_bsp.a(altera_up_avalon_audio.o)
 .data          0x008156f8        0x0 ../attempt2_bsp//libucosii_bsp.a(altera_up_avalon_audio_and_video_config.o)
 .data          0x008156f8        0x0 ../attempt2_bsp//libucosii_bsp.a(altera_up_avalon_character_lcd.o)
 .data          0x008156f8        0x0 ../attempt2_bsp//libucosii_bsp.a(alt_alarm_start.o)
 .data          0x008156f8        0x0 ../attempt2_bsp//libucosii_bsp.a(alt_dcache_flush_all.o)
 .data          0x008156f8        0x0 ../attempt2_bsp//libucosii_bsp.a(alt_dev_llist_insert.o)
 .data          0x008156f8        0x0 ../attempt2_bsp//libucosii_bsp.a(alt_do_ctors.o)
 .data          0x008156f8        0x0 ../attempt2_bsp//libucosii_bsp.a(alt_do_dtors.o)
 .data          0x008156f8        0x0 ../attempt2_bsp//libucosii_bsp.a(alt_find_dev.o)
 .data          0x008156f8        0x0 ../attempt2_bsp//libucosii_bsp.a(alt_icache_flush_all.o)
 .data          0x008156f8        0x0 ../attempt2_bsp//libucosii_bsp.a(alt_io_redirect.o)
 .data          0x008156f8        0x0 ../attempt2_bsp//libucosii_bsp.a(alt_irq_register.o)
 .data          0x008156f8        0x0 ../attempt2_bsp//libucosii_bsp.a(alt_irq_vars.o)
 .data          0x008156f8        0x0 ../attempt2_bsp//libucosii_bsp.a(alt_open.o)
 .data          0x008156f8        0x0 ../attempt2_bsp//libucosii_bsp.a(alt_tick.o)
 .data          0x008156f8        0x0 ../attempt2_bsp//libucosii_bsp.a(altera_nios2_qsys_irq.o)
 .data          0x008156f8        0x0 ../attempt2_bsp//libucosii_bsp.a(os_cpu_a.o)
 .data          0x008156f8        0x0 ../attempt2_bsp//libucosii_bsp.a(os_cpu_c.o)
 .data          0x008156f8        0x0 ../attempt2_bsp//libucosii_bsp.a(alt_find_file.o)
 .data          0x008156f8        0x0 ../attempt2_bsp//libucosii_bsp.a(alt_get_fd.o)
 .data          0x008156f8        0x0 ../attempt2_bsp//libucosii_bsp.a(alt_irq_entry.o)
 .data          0x008156f8        0x0 ../attempt2_bsp//libucosii_bsp.a(alt_irq_handler.o)
 .data          0x008156f8        0x0 ../attempt2_bsp//libucosii_bsp.a(alt_exception_entry.o)
 .data          0x008156f8        0x0 /OPT/altera/12.1/nios2eds/bin/gnu/H-i686-pc-linux-gnu/bin/../lib/gcc/nios2-elf/4.1.2/../../../../nios2-elf/lib/mno-hw-mul/libc.a(lib_a-atexit.o)
 .data          0x008156f8        0x0 /OPT/altera/12.1/nios2eds/bin/gnu/H-i686-pc-linux-gnu/bin/../lib/gcc/nios2-elf/4.1.2/../../../../nios2-elf/lib/mno-hw-mul/libc.a(lib_a-exit.o)
 .data          0x008156f8        0x0 /OPT/altera/12.1/nios2eds/bin/gnu/H-i686-pc-linux-gnu/bin/../lib/gcc/nios2-elf/4.1.2/../../../../nios2-elf/lib/mno-hw-mul/libc.a(lib_a-memcmp.o)
 .data          0x008156f8        0x0 /OPT/altera/12.1/nios2eds/bin/gnu/H-i686-pc-linux-gnu/bin/../lib/gcc/nios2-elf/4.1.2/../../../../nios2-elf/lib/mno-hw-mul/libc.a(lib_a-__atexit.o)
 .data          0x008156f8        0x0 /OPT/altera/12.1/nios2eds/bin/gnu/H-i686-pc-linux-gnu/bin/../lib/gcc/nios2-elf/4.1.2/../../../../nios2-elf/lib/mno-hw-mul/libc.a(lib_a-__call_atexit.o)
 .data          0x008156f8        0x0 ../attempt2_bsp//libucosii_bsp.a(alt_exit.o)
                0x0081d6f8                _gp = ABSOLUTE ((. + 0x8000))
                0x0081d6f8                PROVIDE (gp, _gp)
 *(.rwdata .rwdata.*)
 *(.sdata .sdata.* .gnu.linkonce.s.*)
 .sdata         0x008156f8        0x8 /OPT/altera/12.1/nios2eds/bin/gnu/H-i686-pc-linux-gnu/bin/../lib/gcc/nios2-elf/4.1.2/../../../../nios2-elf/lib/mno-hw-mul/libc.a(lib_a-impure.o)
                0x008156f8                _impure_ptr
                0x008156fc                _global_impure_ptr
 .sdata         0x00815700        0x8 /OPT/altera/12.1/nios2eds/bin/gnu/H-i686-pc-linux-gnu/bin/../lib/gcc/nios2-elf/4.1.2/../../../../nios2-elf/lib/mno-hw-mul/libc.a(lib_a-mallocr.o)
                0x00815700                __malloc_trim_threshold
                0x00815704                __malloc_sbrk_base
 .sdata         0x00815708       0x14 ../attempt2_bsp//libucosii_bsp.a(alt_dev.o)
                0x00815708                alt_fs_list
                0x00815710                alt_dev_list
                0x00815718                alt_max_fd
 .sdata         0x0081571c        0x4 ../attempt2_bsp//libucosii_bsp.a(alt_errno.o)
                0x0081571c                alt_errno
 .sdata         0x00815720        0x4 ../attempt2_bsp//libucosii_bsp.a(alt_sbrk.o)
 .sdata         0x00815724        0x4 ../attempt2_bsp//libucosii_bsp.a(alt_env_lock.o)
 .sdata         0x00815728        0x4 ../attempt2_bsp//libucosii_bsp.a(alt_malloc_lock.o)
 .sdata         0x0081572c       0x74 ../attempt2_bsp//libucosii_bsp.a(os_dbg.o)
                0x0081572c                OSDebugEn
                0x00815730                OSEndiannessTest
                0x00815734                OSEventEn
                0x00815736                OSEventMax
                0x00815738                OSEventNameSize
                0x0081573a                OSEventSize
                0x0081573c                OSEventTblSize
                0x0081573e                OSEventMultiEn
                0x00815740                OSFlagEn
                0x00815742                OSFlagGrpSize
                0x00815744                OSFlagNodeSize
                0x00815746                OSFlagWidth
                0x00815748                OSFlagMax
                0x0081574a                OSFlagNameSize
                0x0081574c                OSLowestPrio
                0x0081574e                OSMboxEn
                0x00815750                OSMemEn
                0x00815752                OSMemMax
                0x00815754                OSMemNameSize
                0x00815756                OSMemSize
                0x00815758                OSMemTblSize
                0x0081575a                OSMutexEn
                0x0081575c                OSPtrSize
                0x0081575e                OSQEn
                0x00815760                OSQMax
                0x00815762                OSQSize
                0x00815764                OSRdyTblSize
                0x00815766                OSSemEn
                0x00815768                OSStkWidth
                0x0081576a                OSTaskCreateEn
                0x0081576c                OSTaskCreateExtEn
                0x0081576e                OSTaskDelEn
                0x00815770                OSTaskIdleStkSize
                0x00815772                OSTaskProfileEn
                0x00815774                OSTaskMax
                0x00815776                OSTaskNameSize
                0x00815778                OSTaskStatEn
                0x0081577a                OSTaskStatStkSize
                0x0081577c                OSTaskStatStkChkEn
                0x0081577e                OSTaskSwHookEn
                0x00815780                OSTCBPrioTblMax
                0x00815782                OSTCBSize
                0x00815784                OSTicksPerSec
                0x00815786                OSTimeTickHookEn
                0x00815788                OSVersionNbr
                0x0081578a                OSTmrEn
                0x0081578c                OSTmrCfgMax
                0x0081578e                OSTmrCfgNameSize
                0x00815790                OSTmrCfgWheelSize
                0x00815792                OSTmrCfgTicksPerSec
                0x00815794                OSTmrSize
                0x00815796                OSTmrTblSize
                0x00815798                OSTmrWheelSize
                0x0081579a                OSTmrWheelTblSize
                0x0081579c                OSDataSize
 .sdata         0x008157a0        0x4 ../attempt2_bsp//libucosii_bsp.a(alt_irq_vars.o)
                0x008157a0                alt_priority_mask
 .sdata         0x008157a4        0x8 ../attempt2_bsp//libucosii_bsp.a(alt_tick.o)
                0x008157a4                alt_alarm_list
 *(.sdata2 .sdata2.* .gnu.linkonce.s2.*)
                0x008157ac                . = ALIGN (0x4)
                0x008157ac                _edata = ABSOLUTE (.)
                0x008157ac                PROVIDE (edata, ABSOLUTE (.))
                0x008157ac                PROVIDE (__ram_rwdata_end, ABSOLUTE (.))
                0x008157ac                PROVIDE (__flash_rwdata_start, LOADADDR (.rwdata))

.bss            0x00817308     0x956c
                0x00817308                __bss_start = ABSOLUTE (.)
                0x00817308                PROVIDE (__sbss_start, ABSOLUTE (.))
                0x00817308                PROVIDE (___sbss_start, ABSOLUTE (.))
 *(.dynsbss)
 *(.sbss .sbss.* .gnu.linkonce.sb.*)
 .sbss          0x00817308        0x4 obj/default/hello_ucosii.o
                0x00817308                lcd_sem
 .sbss          0x0081730c        0xc /OPT/altera/12.1/nios2eds/bin/gnu/H-i686-pc-linux-gnu/bin/../lib/gcc/nios2-elf/4.1.2/../../../../nios2-elf/lib/mno-hw-mul/libc.a(lib_a-mallocr.o)
                0x0081730c                __malloc_top_pad
                0x00817310                __malloc_max_sbrked_mem
                0x00817314                __malloc_max_total_mem
 .sbss          0x00817318        0x4 /OPT/altera/12.1/nios2eds/bin/gnu/H-i686-pc-linux-gnu/bin/../lib/gcc/nios2-elf/4.1.2/../../../../nios2-elf/lib/mno-hw-mul/libc.a(lib_a-int_errno.o)
                0x00817318                errno
 .sbss          0x0081731c        0x4 ../attempt2_bsp//libucosii_bsp.a(alt_dev.o)
                0x0081731c                alt_fd_list_lock
 .sbss          0x00817320        0xc ../attempt2_bsp//libucosii_bsp.a(alt_main.o)
                0x00817320                alt_argc
                0x00817324                alt_argv
                0x00817328                alt_envp
 .sbss          0x0081732c        0x8 ../attempt2_bsp//libucosii_bsp.a(alt_env_lock.o)
                0x00817330                alt_envsem
 .sbss          0x00817334        0x8 ../attempt2_bsp//libucosii_bsp.a(alt_malloc_lock.o)
                0x00817338                alt_heapsem
 .sbss          0x0081733c       0x50 ../attempt2_bsp//libucosii_bsp.a(os_core.o)
                0x0081733c                OSLockNesting
                0x0081733d                OSRunning
                0x00817340                OSIdleCtr
                0x00817344                OSPrioHighRdy
                0x00817345                OSPrioCur
                0x00817348                OSTCBList
                0x0081734c                OSTickStepState
                0x00817350                OSCtxSwCtr
                0x00817354                OSIdleCtrMax
                0x00817358                OSTCBFreeList
                0x0081735c                OSCPUUsage
                0x0081735d                OSTaskCtr
                0x00817360                OSMemFreeList
                0x00817364                OSTCBHighRdy
                0x00817368                OSQFreeList
                0x0081736c                OSRdyGrp
                0x0081736d                OSRdyTbl
                0x00817370                OSEventFreeList
                0x00817374                OSIntNesting
                0x00817378                OSTCBCur
                0x0081737c                OSTime
                0x00817380                OSFlagFreeList
                0x00817384                OSStatRdy
                0x00817388                OSIdleCtrRun
 .sbss          0x0081738c        0x4 ../attempt2_bsp//libucosii_bsp.a(alt_irq_vars.o)
                0x0081738c                alt_irq_active
 .sbss          0x00817390        0x8 ../attempt2_bsp//libucosii_bsp.a(alt_tick.o)
                0x00817390                _alt_tick_rate
                0x00817394                _alt_nticks
 *(.sbss2 .sbss2.* .gnu.linkonce.sb2.*)
 *(.scommon)
                0x00817398                PROVIDE (__sbss_end, ABSOLUTE (.))
                0x00817398                PROVIDE (___sbss_end, ABSOLUTE (.))
 *(.dynbss)
 *(.bss .bss.* .gnu.linkonce.b.*)
 .bss           0x00817398        0x0 ../attempt2_bsp//obj/HAL/src/crt0.o
 .bss           0x00817398        0x0 obj/default/hello_ucosii.o
 .bss           0x00817398        0x0 /OPT/altera/12.1/nios2eds/bin/gnu/H-i686-pc-linux-gnu/bin/../lib/gcc/nios2-elf/4.1.2/../../../../nios2-elf/lib/mno-hw-mul/libm.a(lib_a-s_sin.o)
 .bss           0x00817398        0x0 /OPT/altera/12.1/nios2eds/bin/gnu/H-i686-pc-linux-gnu/bin/../lib/gcc/nios2-elf/4.1.2/../../../../nios2-elf/lib/mno-hw-mul/libm.a(lib_a-e_rem_pio2.o)
 .bss           0x00817398        0x0 /OPT/altera/12.1/nios2eds/bin/gnu/H-i686-pc-linux-gnu/bin/../lib/gcc/nios2-elf/4.1.2/../../../../nios2-elf/lib/mno-hw-mul/libm.a(lib_a-k_cos.o)
 .bss           0x00817398        0x0 /OPT/altera/12.1/nios2eds/bin/gnu/H-i686-pc-linux-gnu/bin/../lib/gcc/nios2-elf/4.1.2/../../../../nios2-elf/lib/mno-hw-mul/libm.a(lib_a-k_rem_pio2.o)
 .bss           0x00817398        0x0 /OPT/altera/12.1/nios2eds/bin/gnu/H-i686-pc-linux-gnu/bin/../lib/gcc/nios2-elf/4.1.2/../../../../nios2-elf/lib/mno-hw-mul/libm.a(lib_a-k_sin.o)
 .bss           0x00817398        0x0 /OPT/altera/12.1/nios2eds/bin/gnu/H-i686-pc-linux-gnu/bin/../lib/gcc/nios2-elf/4.1.2/../../../../nios2-elf/lib/mno-hw-mul/libm.a(lib_a-s_fabs.o)
 .bss           0x00817398        0x0 /OPT/altera/12.1/nios2eds/bin/gnu/H-i686-pc-linux-gnu/bin/../lib/gcc/nios2-elf/4.1.2/../../../../nios2-elf/lib/mno-hw-mul/libm.a(lib_a-s_floor.o)
 .bss           0x00817398        0x0 /OPT/altera/12.1/nios2eds/bin/gnu/H-i686-pc-linux-gnu/bin/../lib/gcc/nios2-elf/4.1.2/../../../../nios2-elf/lib/mno-hw-mul/libm.a(lib_a-s_scalbn.o)
 .bss           0x00817398        0x0 /OPT/altera/12.1/nios2eds/bin/gnu/H-i686-pc-linux-gnu/bin/../lib/gcc/nios2-elf/4.1.2/../../../../nios2-elf/lib/mno-hw-mul/libm.a(lib_a-s_copysign.o)
 .bss           0x00817398        0x0 /OPT/altera/12.1/nios2eds/bin/gnu/H-i686-pc-linux-gnu/bin/../lib/gcc/nios2-elf/4.1.2/mno-hw-mul/libgcc.a(_fixunsdfsi.o)
 .bss           0x00817398        0x0 /OPT/altera/12.1/nios2eds/bin/gnu/H-i686-pc-linux-gnu/bin/../lib/gcc/nios2-elf/4.1.2/mno-hw-mul/libgcc.a(_addsub_df.o)
 .bss           0x00817398        0x0 /OPT/altera/12.1/nios2eds/bin/gnu/H-i686-pc-linux-gnu/bin/../lib/gcc/nios2-elf/4.1.2/mno-hw-mul/libgcc.a(_mul_df.o)
 .bss           0x00817398        0x0 /OPT/altera/12.1/nios2eds/bin/gnu/H-i686-pc-linux-gnu/bin/../lib/gcc/nios2-elf/4.1.2/mno-hw-mul/libgcc.a(_div_df.o)
 .bss           0x00817398        0x0 /OPT/altera/12.1/nios2eds/bin/gnu/H-i686-pc-linux-gnu/bin/../lib/gcc/nios2-elf/4.1.2/mno-hw-mul/libgcc.a(_eq_df.o)
 .bss           0x00817398        0x0 /OPT/altera/12.1/nios2eds/bin/gnu/H-i686-pc-linux-gnu/bin/../lib/gcc/nios2-elf/4.1.2/mno-hw-mul/libgcc.a(_gt_df.o)
 .bss           0x00817398        0x0 /OPT/altera/12.1/nios2eds/bin/gnu/H-i686-pc-linux-gnu/bin/../lib/gcc/nios2-elf/4.1.2/mno-hw-mul/libgcc.a(_ge_df.o)
 .bss           0x00817398        0x0 /OPT/altera/12.1/nios2eds/bin/gnu/H-i686-pc-linux-gnu/bin/../lib/gcc/nios2-elf/4.1.2/mno-hw-mul/libgcc.a(_si_to_df.o)
 .bss           0x00817398        0x0 /OPT/altera/12.1/nios2eds/bin/gnu/H-i686-pc-linux-gnu/bin/../lib/gcc/nios2-elf/4.1.2/mno-hw-mul/libgcc.a(_df_to_si.o)
 .bss           0x00817398        0x0 /OPT/altera/12.1/nios2eds/bin/gnu/H-i686-pc-linux-gnu/bin/../lib/gcc/nios2-elf/4.1.2/mno-hw-mul/libgcc.a(_thenan_df.o)
 .bss           0x00817398        0x0 /OPT/altera/12.1/nios2eds/bin/gnu/H-i686-pc-linux-gnu/bin/../lib/gcc/nios2-elf/4.1.2/mno-hw-mul/libgcc.a(lib2-divmod.o)
 .bss           0x00817398        0x0 /OPT/altera/12.1/nios2eds/bin/gnu/H-i686-pc-linux-gnu/bin/../lib/gcc/nios2-elf/4.1.2/mno-hw-mul/libgcc.a(lib2-mul.o)
 .bss           0x00817398        0x0 /OPT/altera/12.1/nios2eds/bin/gnu/H-i686-pc-linux-gnu/bin/../lib/gcc/nios2-elf/4.1.2/mno-hw-mul/libgcc.a(_muldi3.o)
 .bss           0x00817398        0x0 /OPT/altera/12.1/nios2eds/bin/gnu/H-i686-pc-linux-gnu/bin/../lib/gcc/nios2-elf/4.1.2/mno-hw-mul/libgcc.a(_clzsi2.o)
 .bss           0x00817398        0x0 /OPT/altera/12.1/nios2eds/bin/gnu/H-i686-pc-linux-gnu/bin/../lib/gcc/nios2-elf/4.1.2/mno-hw-mul/libgcc.a(_pack_df.o)
 .bss           0x00817398        0x0 /OPT/altera/12.1/nios2eds/bin/gnu/H-i686-pc-linux-gnu/bin/../lib/gcc/nios2-elf/4.1.2/mno-hw-mul/libgcc.a(_unpack_df.o)
 .bss           0x00817398        0x0 /OPT/altera/12.1/nios2eds/bin/gnu/H-i686-pc-linux-gnu/bin/../lib/gcc/nios2-elf/4.1.2/mno-hw-mul/libgcc.a(_fpcmp_parts_df.o)
 .bss           0x00817398        0x0 /OPT/altera/12.1/nios2eds/bin/gnu/H-i686-pc-linux-gnu/bin/../lib/gcc/nios2-elf/4.1.2/mno-hw-mul/libgcc.a(_clz.o)
 .bss           0x00817398        0x0 /OPT/altera/12.1/nios2eds/bin/gnu/H-i686-pc-linux-gnu/bin/../lib/gcc/nios2-elf/4.1.2/../../../../nios2-elf/lib/mno-hw-mul/libc.a(lib_a-puts.o)
 .bss           0x00817398        0x0 /OPT/altera/12.1/nios2eds/bin/gnu/H-i686-pc-linux-gnu/bin/../lib/gcc/nios2-elf/4.1.2/../../../../nios2-elf/lib/mno-hw-mul/libc.a(lib_a-strlen.o)
 .bss           0x00817398        0x0 /OPT/altera/12.1/nios2eds/bin/gnu/H-i686-pc-linux-gnu/bin/../lib/gcc/nios2-elf/4.1.2/../../../../nios2-elf/lib/mno-hw-mul/libc.a(lib_a-fvwrite.o)
 .bss           0x00817398        0x0 /OPT/altera/12.1/nios2eds/bin/gnu/H-i686-pc-linux-gnu/bin/../lib/gcc/nios2-elf/4.1.2/../../../../nios2-elf/lib/mno-hw-mul/libc.a(lib_a-impure.o)
 .bss           0x00817398       0x28 /OPT/altera/12.1/nios2eds/bin/gnu/H-i686-pc-linux-gnu/bin/../lib/gcc/nios2-elf/4.1.2/../../../../nios2-elf/lib/mno-hw-mul/libc.a(lib_a-mallocr.o)
                0x00817398                __malloc_current_mallinfo
 .bss           0x008173c0        0x0 /OPT/altera/12.1/nios2eds/bin/gnu/H-i686-pc-linux-gnu/bin/../lib/gcc/nios2-elf/4.1.2/../../../../nios2-elf/lib/mno-hw-mul/libc.a(lib_a-memchr.o)
 .bss           0x008173c0        0x0 /OPT/altera/12.1/nios2eds/bin/gnu/H-i686-pc-linux-gnu/bin/../lib/gcc/nios2-elf/4.1.2/../../../../nios2-elf/lib/mno-hw-mul/libc.a(lib_a-memcpy.o)
 .bss           0x008173c0        0x0 /OPT/altera/12.1/nios2eds/bin/gnu/H-i686-pc-linux-gnu/bin/../lib/gcc/nios2-elf/4.1.2/../../../../nios2-elf/lib/mno-hw-mul/libc.a(lib_a-memmove.o)
 .bss           0x008173c0        0x0 /OPT/altera/12.1/nios2eds/bin/gnu/H-i686-pc-linux-gnu/bin/../lib/gcc/nios2-elf/4.1.2/../../../../nios2-elf/lib/mno-hw-mul/libc.a(lib_a-reallocr.o)
 .bss           0x008173c0        0x0 /OPT/altera/12.1/nios2eds/bin/gnu/H-i686-pc-linux-gnu/bin/../lib/gcc/nios2-elf/4.1.2/../../../../nios2-elf/lib/mno-hw-mul/libc.a(lib_a-sbrkr.o)
 .bss           0x008173c0        0x0 /OPT/altera/12.1/nios2eds/bin/gnu/H-i686-pc-linux-gnu/bin/../lib/gcc/nios2-elf/4.1.2/../../../../nios2-elf/lib/mno-hw-mul/libc.a(lib_a-wsetup.o)
 .bss           0x008173c0        0x0 /OPT/altera/12.1/nios2eds/bin/gnu/H-i686-pc-linux-gnu/bin/../lib/gcc/nios2-elf/4.1.2/../../../../nios2-elf/lib/mno-hw-mul/libc.a(lib_a-fflush.o)
 .bss           0x008173c0        0x0 /OPT/altera/12.1/nios2eds/bin/gnu/H-i686-pc-linux-gnu/bin/../lib/gcc/nios2-elf/4.1.2/../../../../nios2-elf/lib/mno-hw-mul/libc.a(lib_a-findfp.o)
 .bss           0x008173c0        0x0 /OPT/altera/12.1/nios2eds/bin/gnu/H-i686-pc-linux-gnu/bin/../lib/gcc/nios2-elf/4.1.2/../../../../nios2-elf/lib/mno-hw-mul/libc.a(lib_a-freer.o)
 .bss           0x008173c0        0x0 /OPT/altera/12.1/nios2eds/bin/gnu/H-i686-pc-linux-gnu/bin/../lib/gcc/nios2-elf/4.1.2/../../../../nios2-elf/lib/mno-hw-mul/libc.a(lib_a-fwalk.o)
 .bss           0x008173c0        0x0 /OPT/altera/12.1/nios2eds/bin/gnu/H-i686-pc-linux-gnu/bin/../lib/gcc/nios2-elf/4.1.2/../../../../nios2-elf/lib/mno-hw-mul/libc.a(lib_a-int_errno.o)
 .bss           0x008173c0        0x0 /OPT/altera/12.1/nios2eds/bin/gnu/H-i686-pc-linux-gnu/bin/../lib/gcc/nios2-elf/4.1.2/../../../../nios2-elf/lib/mno-hw-mul/libc.a(lib_a-makebuf.o)
 .bss           0x008173c0        0x0 /OPT/altera/12.1/nios2eds/bin/gnu/H-i686-pc-linux-gnu/bin/../lib/gcc/nios2-elf/4.1.2/../../../../nios2-elf/lib/mno-hw-mul/libc.a(lib_a-memset.o)
 .bss           0x008173c0        0x0 /OPT/altera/12.1/nios2eds/bin/gnu/H-i686-pc-linux-gnu/bin/../lib/gcc/nios2-elf/4.1.2/../../../../nios2-elf/lib/mno-hw-mul/libc.a(lib_a-stdio.o)
 .bss           0x008173c0        0x0 /OPT/altera/12.1/nios2eds/bin/gnu/H-i686-pc-linux-gnu/bin/../lib/gcc/nios2-elf/4.1.2/../../../../nios2-elf/lib/mno-hw-mul/libc.a(lib_a-writer.o)
 .bss           0x008173c0        0x0 /OPT/altera/12.1/nios2eds/bin/gnu/H-i686-pc-linux-gnu/bin/../lib/gcc/nios2-elf/4.1.2/../../../../nios2-elf/lib/mno-hw-mul/libc.a(lib_a-closer.o)
 .bss           0x008173c0        0x0 /OPT/altera/12.1/nios2eds/bin/gnu/H-i686-pc-linux-gnu/bin/../lib/gcc/nios2-elf/4.1.2/../../../../nios2-elf/lib/mno-hw-mul/libc.a(lib_a-fclose.o)
 .bss           0x008173c0        0x0 /OPT/altera/12.1/nios2eds/bin/gnu/H-i686-pc-linux-gnu/bin/../lib/gcc/nios2-elf/4.1.2/../../../../nios2-elf/lib/mno-hw-mul/libc.a(lib_a-fstatr.o)
 .bss           0x008173c0        0x0 /OPT/altera/12.1/nios2eds/bin/gnu/H-i686-pc-linux-gnu/bin/../lib/gcc/nios2-elf/4.1.2/../../../../nios2-elf/lib/mno-hw-mul/libc.a(lib_a-isattyr.o)
 .bss           0x008173c0        0x0 /OPT/altera/12.1/nios2eds/bin/gnu/H-i686-pc-linux-gnu/bin/../lib/gcc/nios2-elf/4.1.2/../../../../nios2-elf/lib/mno-hw-mul/libc.a(lib_a-lseekr.o)
 .bss           0x008173c0        0x0 /OPT/altera/12.1/nios2eds/bin/gnu/H-i686-pc-linux-gnu/bin/../lib/gcc/nios2-elf/4.1.2/../../../../nios2-elf/lib/mno-hw-mul/libc.a(lib_a-readr.o)
 .bss           0x008173c0        0x0 ../attempt2_bsp//libucosii_bsp.a(alt_close.o)
 .bss           0x008173c0        0x0 ../attempt2_bsp//libucosii_bsp.a(alt_dev.o)
 .bss           0x008173c0        0x0 ../attempt2_bsp//libucosii_bsp.a(alt_errno.o)
 .bss           0x008173c0        0x0 ../attempt2_bsp//libucosii_bsp.a(alt_fstat.o)
 .bss           0x008173c0        0x0 ../attempt2_bsp//libucosii_bsp.a(alt_isatty.o)
 .bss           0x008173c0        0x0 ../attempt2_bsp//libucosii_bsp.a(alt_load.o)
 .bss           0x008173c0        0x0 ../attempt2_bsp//libucosii_bsp.a(alt_lseek.o)
 .bss           0x008173c0        0x0 ../attempt2_bsp//libucosii_bsp.a(alt_main.o)
 .bss           0x008173c0        0x0 ../attempt2_bsp//libucosii_bsp.a(alt_read.o)
 .bss           0x008173c0        0x0 ../attempt2_bsp//libucosii_bsp.a(alt_release_fd.o)
 .bss           0x008173c0        0x0 ../attempt2_bsp//libucosii_bsp.a(alt_sbrk.o)
 .bss           0x008173c0        0x0 ../attempt2_bsp//libucosii_bsp.a(alt_write.o)
 .bss           0x008173c0        0x0 ../attempt2_bsp//libucosii_bsp.a(alt_env_lock.o)
 .bss           0x008173c0        0x0 ../attempt2_bsp//libucosii_bsp.a(alt_malloc_lock.o)
 .bss           0x008173c0        0x0 ../attempt2_bsp//libucosii_bsp.a(os_core.o)
 .bss           0x008173c0        0x0 ../attempt2_bsp//libucosii_bsp.a(os_dbg.o)
 .bss           0x008173c0        0x0 ../attempt2_bsp//libucosii_bsp.a(os_flag.o)
 .bss           0x008173c0        0x0 ../attempt2_bsp//libucosii_bsp.a(os_mem.o)
 .bss           0x008173c0        0x0 ../attempt2_bsp//libucosii_bsp.a(os_q.o)
 .bss           0x008173c0        0x0 ../attempt2_bsp//libucosii_bsp.a(os_sem.o)
 .bss           0x008173c0        0x0 ../attempt2_bsp//libucosii_bsp.a(os_task.o)
 .bss           0x008173c0        0x0 ../attempt2_bsp//libucosii_bsp.a(os_time.o)
 .bss           0x008173c0        0x0 ../attempt2_bsp//libucosii_bsp.a(alt_sys_init.o)
 .bss           0x008173c0        0x0 ../attempt2_bsp//libucosii_bsp.a(altera_avalon_jtag_uart_fd.o)
 .bss           0x008173c0        0x0 ../attempt2_bsp//libucosii_bsp.a(altera_avalon_jtag_uart_init.o)
 .bss           0x008173c0        0x0 ../attempt2_bsp//libucosii_bsp.a(altera_avalon_jtag_uart_ioctl.o)
 .bss           0x008173c0        0x0 ../attempt2_bsp//libucosii_bsp.a(altera_avalon_jtag_uart_read.o)
 .bss           0x008173c0        0x0 ../attempt2_bsp//libucosii_bsp.a(altera_avalon_jtag_uart_write.o)
 .bss           0x008173c0        0x0 ../attempt2_bsp//libucosii_bsp.a(altera_avalon_timer_sc.o)
 .bss           0x008173c0        0x0 ../attempt2_bsp//libucosii_bsp.a(altera_up_avalon_audio.o)
 .bss           0x008173c0        0x0 ../attempt2_bsp//libucosii_bsp.a(altera_up_avalon_audio_and_video_config.o)
 .bss           0x008173c0        0x0 ../attempt2_bsp//libucosii_bsp.a(altera_up_avalon_character_lcd.o)
 .bss           0x008173c0        0x0 ../attempt2_bsp//libucosii_bsp.a(alt_alarm_start.o)
 .bss           0x008173c0        0x0 ../attempt2_bsp//libucosii_bsp.a(alt_dcache_flush_all.o)
 .bss           0x008173c0        0x0 ../attempt2_bsp//libucosii_bsp.a(alt_dev_llist_insert.o)
 .bss           0x008173c0        0x0 ../attempt2_bsp//libucosii_bsp.a(alt_do_ctors.o)
 .bss           0x008173c0        0x0 ../attempt2_bsp//libucosii_bsp.a(alt_do_dtors.o)
 .bss           0x008173c0        0x0 ../attempt2_bsp//libucosii_bsp.a(alt_find_dev.o)
 .bss           0x008173c0        0x0 ../attempt2_bsp//libucosii_bsp.a(alt_icache_flush_all.o)
 .bss           0x008173c0        0x0 ../attempt2_bsp//libucosii_bsp.a(alt_io_redirect.o)
 .bss           0x008173c0        0x0 ../attempt2_bsp//libucosii_bsp.a(alt_irq_register.o)
 .bss           0x008173c0        0x0 ../attempt2_bsp//libucosii_bsp.a(alt_irq_vars.o)
 .bss           0x008173c0        0x0 ../attempt2_bsp//libucosii_bsp.a(alt_open.o)
 .bss           0x008173c0        0x0 ../attempt2_bsp//libucosii_bsp.a(alt_tick.o)
 .bss           0x008173c0        0x0 ../attempt2_bsp//libucosii_bsp.a(altera_nios2_qsys_irq.o)
 .bss           0x008173c0        0x0 ../attempt2_bsp//libucosii_bsp.a(os_cpu_a.o)
 .bss           0x008173c0        0x0 ../attempt2_bsp//libucosii_bsp.a(os_cpu_c.o)
 .bss           0x008173c0        0x0 ../attempt2_bsp//libucosii_bsp.a(alt_find_file.o)
 .bss           0x008173c0        0x0 ../attempt2_bsp//libucosii_bsp.a(alt_get_fd.o)
 .bss           0x008173c0        0x0 ../attempt2_bsp//libucosii_bsp.a(alt_irq_entry.o)
 .bss           0x008173c0        0x0 ../attempt2_bsp//libucosii_bsp.a(alt_irq_handler.o)
 .bss           0x008173c0        0x0 ../attempt2_bsp//libucosii_bsp.a(alt_exception_entry.o)
 .bss           0x008173c0        0x0 /OPT/altera/12.1/nios2eds/bin/gnu/H-i686-pc-linux-gnu/bin/../lib/gcc/nios2-elf/4.1.2/../../../../nios2-elf/lib/mno-hw-mul/libc.a(lib_a-atexit.o)
 .bss           0x008173c0        0x0 /OPT/altera/12.1/nios2eds/bin/gnu/H-i686-pc-linux-gnu/bin/../lib/gcc/nios2-elf/4.1.2/../../../../nios2-elf/lib/mno-hw-mul/libc.a(lib_a-exit.o)
 .bss           0x008173c0        0x0 /OPT/altera/12.1/nios2eds/bin/gnu/H-i686-pc-linux-gnu/bin/../lib/gcc/nios2-elf/4.1.2/../../../../nios2-elf/lib/mno-hw-mul/libc.a(lib_a-memcmp.o)
 .bss           0x008173c0        0x0 /OPT/altera/12.1/nios2eds/bin/gnu/H-i686-pc-linux-gnu/bin/../lib/gcc/nios2-elf/4.1.2/../../../../nios2-elf/lib/mno-hw-mul/libc.a(lib_a-__atexit.o)
 .bss           0x008173c0        0x0 /OPT/altera/12.1/nios2eds/bin/gnu/H-i686-pc-linux-gnu/bin/../lib/gcc/nios2-elf/4.1.2/../../../../nios2-elf/lib/mno-hw-mul/libc.a(lib_a-__call_atexit.o)
 .bss           0x008173c0        0x0 ../attempt2_bsp//libucosii_bsp.a(alt_exit.o)
 *(COMMON)
 COMMON         0x008173c0     0x6000 obj/default/hello_ucosii.o
                0x008173c0                task1_stk
                0x008193c0                task2_stk
                0x0081b3c0                task3_stk
 COMMON         0x0081d3c0     0x3224 ../attempt2_bsp//libucosii_bsp.a(os_core.o)
                0x0081d3c0                OSFlagTbl
                0x0081d730                OSMemTbl
                0x0081e360                OSTaskStatStk
                0x0081eb60                OSQTbl
                0x0081ed40                OSTaskIdleStk
                0x0081f540                OSEventTbl
                0x00820080                OSTCBTbl
                0x00820590                OSTCBPrioTbl
 COMMON         0x008205e4      0x100 ../attempt2_bsp//libucosii_bsp.a(alt_irq_handler.o)
                0x008205e4                alt_irq
 COMMON         0x008206e4      0x190 /OPT/altera/12.1/nios2eds/bin/gnu/H-i686-pc-linux-gnu/bin/../lib/gcc/nios2-elf/4.1.2/../../../../nios2-elf/lib/mno-hw-mul/libc.a(lib_a-atexit.o)
                0x008206e4                _atexit0
                0x00820874                . = ALIGN (0x4)
                0x00820874                __bss_end = ABSOLUTE (.)

.sdram_0        0x00820874        0x0
                0x00820874                PROVIDE (_alt_partition_sdram_0_start, ABSOLUTE (.))
 *(.sdram_0. sdram_0.*)
                0x00820874                . = ALIGN (0x4)
                0x00820874                PROVIDE (_alt_partition_sdram_0_end, ABSOLUTE (.))
                0x00820874                _end = ABSOLUTE (.)
                0x00820874                end = ABSOLUTE (.)
                0x00820874                __alt_stack_base = ABSOLUTE (.)
                0x00820874                PROVIDE (_alt_partition_sdram_0_load_addr, LOADADDR (.sdram_0))

.sram_0         0x01080000        0x0 load address 0x00820874
                0x01080000                PROVIDE (_alt_partition_sram_0_start, ABSOLUTE (.))
 *(.sram_0. sram_0.*)
                0x01080000                . = ALIGN (0x4)
                0x01080000                PROVIDE (_alt_partition_sram_0_end, ABSOLUTE (.))
                0x00820874                PROVIDE (_alt_partition_sram_0_load_addr, LOADADDR (.sram_0))

.onchip_memory2_0
                0x011041c0        0x0 load address 0x00820874
                0x011041c0                PROVIDE (_alt_partition_onchip_memory2_0_start, ABSOLUTE (.))
 *(.onchip_memory2_0. onchip_memory2_0.*)
                0x011041c0                . = ALIGN (0x4)
                0x011041c0                PROVIDE (_alt_partition_onchip_memory2_0_end, ABSOLUTE (.))
                0x00820874                PROVIDE (_alt_partition_onchip_memory2_0_load_addr, LOADADDR (.onchip_memory2_0))

.stab
 *(.stab)

.stabstr
 *(.stabstr)

.stab.excl
 *(.stab.excl)

.stab.exclstr
 *(.stab.exclstr)

.stab.index
 *(.stab.index)

.stab.indexstr
 *(.stab.indexstr)

.comment        0x00000000       0x26
 *(.comment)
 .comment       0x00000000       0x26 obj/default/hello_ucosii.o
                                 0x27 (size before relaxing)
 .comment       0x00000000       0x27 /OPT/altera/12.1/nios2eds/bin/gnu/H-i686-pc-linux-gnu/bin/../lib/gcc/nios2-elf/4.1.2/../../../../nios2-elf/lib/mno-hw-mul/libm.a(lib_a-s_sin.o)
 .comment       0x00000000       0x27 /OPT/altera/12.1/nios2eds/bin/gnu/H-i686-pc-linux-gnu/bin/../lib/gcc/nios2-elf/4.1.2/../../../../nios2-elf/lib/mno-hw-mul/libm.a(lib_a-e_rem_pio2.o)
 .comment       0x00000000       0x27 /OPT/altera/12.1/nios2eds/bin/gnu/H-i686-pc-linux-gnu/bin/../lib/gcc/nios2-elf/4.1.2/../../../../nios2-elf/lib/mno-hw-mul/libm.a(lib_a-k_cos.o)
 .comment       0x00000000       0x27 /OPT/altera/12.1/nios2eds/bin/gnu/H-i686-pc-linux-gnu/bin/../lib/gcc/nios2-elf/4.1.2/../../../../nios2-elf/lib/mno-hw-mul/libm.a(lib_a-k_rem_pio2.o)
 .comment       0x00000000       0x27 /OPT/altera/12.1/nios2eds/bin/gnu/H-i686-pc-linux-gnu/bin/../lib/gcc/nios2-elf/4.1.2/../../../../nios2-elf/lib/mno-hw-mul/libm.a(lib_a-k_sin.o)
 .comment       0x00000000       0x27 /OPT/altera/12.1/nios2eds/bin/gnu/H-i686-pc-linux-gnu/bin/../lib/gcc/nios2-elf/4.1.2/../../../../nios2-elf/lib/mno-hw-mul/libm.a(lib_a-s_fabs.o)
 .comment       0x00000000       0x27 /OPT/altera/12.1/nios2eds/bin/gnu/H-i686-pc-linux-gnu/bin/../lib/gcc/nios2-elf/4.1.2/../../../../nios2-elf/lib/mno-hw-mul/libm.a(lib_a-s_floor.o)
 .comment       0x00000000       0x27 /OPT/altera/12.1/nios2eds/bin/gnu/H-i686-pc-linux-gnu/bin/../lib/gcc/nios2-elf/4.1.2/../../../../nios2-elf/lib/mno-hw-mul/libm.a(lib_a-s_scalbn.o)
 .comment       0x00000000       0x27 /OPT/altera/12.1/nios2eds/bin/gnu/H-i686-pc-linux-gnu/bin/../lib/gcc/nios2-elf/4.1.2/../../../../nios2-elf/lib/mno-hw-mul/libm.a(lib_a-s_copysign.o)
 .comment       0x00000000       0x27 /OPT/altera/12.1/nios2eds/bin/gnu/H-i686-pc-linux-gnu/bin/../lib/gcc/nios2-elf/4.1.2/mno-hw-mul/libgcc.a(_fixunsdfsi.o)
 .comment       0x00000000       0x27 /OPT/altera/12.1/nios2eds/bin/gnu/H-i686-pc-linux-gnu/bin/../lib/gcc/nios2-elf/4.1.2/mno-hw-mul/libgcc.a(_addsub_df.o)
 .comment       0x00000000       0x27 /OPT/altera/12.1/nios2eds/bin/gnu/H-i686-pc-linux-gnu/bin/../lib/gcc/nios2-elf/4.1.2/mno-hw-mul/libgcc.a(_mul_df.o)
 .comment       0x00000000       0x27 /OPT/altera/12.1/nios2eds/bin/gnu/H-i686-pc-linux-gnu/bin/../lib/gcc/nios2-elf/4.1.2/mno-hw-mul/libgcc.a(_div_df.o)
 .comment       0x00000000       0x27 /OPT/altera/12.1/nios2eds/bin/gnu/H-i686-pc-linux-gnu/bin/../lib/gcc/nios2-elf/4.1.2/mno-hw-mul/libgcc.a(_eq_df.o)
 .comment       0x00000000       0x27 /OPT/altera/12.1/nios2eds/bin/gnu/H-i686-pc-linux-gnu/bin/../lib/gcc/nios2-elf/4.1.2/mno-hw-mul/libgcc.a(_gt_df.o)
 .comment       0x00000000       0x27 /OPT/altera/12.1/nios2eds/bin/gnu/H-i686-pc-linux-gnu/bin/../lib/gcc/nios2-elf/4.1.2/mno-hw-mul/libgcc.a(_ge_df.o)
 .comment       0x00000000       0x27 /OPT/altera/12.1/nios2eds/bin/gnu/H-i686-pc-linux-gnu/bin/../lib/gcc/nios2-elf/4.1.2/mno-hw-mul/libgcc.a(_si_to_df.o)
 .comment       0x00000000       0x27 /OPT/altera/12.1/nios2eds/bin/gnu/H-i686-pc-linux-gnu/bin/../lib/gcc/nios2-elf/4.1.2/mno-hw-mul/libgcc.a(_df_to_si.o)
 .comment       0x00000000       0x27 /OPT/altera/12.1/nios2eds/bin/gnu/H-i686-pc-linux-gnu/bin/../lib/gcc/nios2-elf/4.1.2/mno-hw-mul/libgcc.a(_thenan_df.o)
 .comment       0x00000000       0x27 /OPT/altera/12.1/nios2eds/bin/gnu/H-i686-pc-linux-gnu/bin/../lib/gcc/nios2-elf/4.1.2/mno-hw-mul/libgcc.a(lib2-divmod.o)
 .comment       0x00000000       0x27 /OPT/altera/12.1/nios2eds/bin/gnu/H-i686-pc-linux-gnu/bin/../lib/gcc/nios2-elf/4.1.2/mno-hw-mul/libgcc.a(lib2-mul.o)
 .comment       0x00000000       0x27 /OPT/altera/12.1/nios2eds/bin/gnu/H-i686-pc-linux-gnu/bin/../lib/gcc/nios2-elf/4.1.2/mno-hw-mul/libgcc.a(_muldi3.o)
 .comment       0x00000000       0x27 /OPT/altera/12.1/nios2eds/bin/gnu/H-i686-pc-linux-gnu/bin/../lib/gcc/nios2-elf/4.1.2/mno-hw-mul/libgcc.a(_clzsi2.o)
 .comment       0x00000000       0x27 /OPT/altera/12.1/nios2eds/bin/gnu/H-i686-pc-linux-gnu/bin/../lib/gcc/nios2-elf/4.1.2/mno-hw-mul/libgcc.a(_pack_df.o)
 .comment       0x00000000       0x27 /OPT/altera/12.1/nios2eds/bin/gnu/H-i686-pc-linux-gnu/bin/../lib/gcc/nios2-elf/4.1.2/mno-hw-mul/libgcc.a(_unpack_df.o)
 .comment       0x00000000       0x27 /OPT/altera/12.1/nios2eds/bin/gnu/H-i686-pc-linux-gnu/bin/../lib/gcc/nios2-elf/4.1.2/mno-hw-mul/libgcc.a(_fpcmp_parts_df.o)
 .comment       0x00000000       0x27 /OPT/altera/12.1/nios2eds/bin/gnu/H-i686-pc-linux-gnu/bin/../lib/gcc/nios2-elf/4.1.2/mno-hw-mul/libgcc.a(_clz.o)
 .comment       0x00000000       0x27 /OPT/altera/12.1/nios2eds/bin/gnu/H-i686-pc-linux-gnu/bin/../lib/gcc/nios2-elf/4.1.2/../../../../nios2-elf/lib/mno-hw-mul/libc.a(lib_a-puts.o)
 .comment       0x00000000       0x27 /OPT/altera/12.1/nios2eds/bin/gnu/H-i686-pc-linux-gnu/bin/../lib/gcc/nios2-elf/4.1.2/../../../../nios2-elf/lib/mno-hw-mul/libc.a(lib_a-strlen.o)
 .comment       0x00000000       0x27 /OPT/altera/12.1/nios2eds/bin/gnu/H-i686-pc-linux-gnu/bin/../lib/gcc/nios2-elf/4.1.2/../../../../nios2-elf/lib/mno-hw-mul/libc.a(lib_a-fvwrite.o)
 .comment       0x00000000       0x27 /OPT/altera/12.1/nios2eds/bin/gnu/H-i686-pc-linux-gnu/bin/../lib/gcc/nios2-elf/4.1.2/../../../../nios2-elf/lib/mno-hw-mul/libc.a(lib_a-impure.o)
 .comment       0x00000000       0x27 /OPT/altera/12.1/nios2eds/bin/gnu/H-i686-pc-linux-gnu/bin/../lib/gcc/nios2-elf/4.1.2/../../../../nios2-elf/lib/mno-hw-mul/libc.a(lib_a-mallocr.o)
 .comment       0x00000000       0x27 /OPT/altera/12.1/nios2eds/bin/gnu/H-i686-pc-linux-gnu/bin/../lib/gcc/nios2-elf/4.1.2/../../../../nios2-elf/lib/mno-hw-mul/libc.a(lib_a-memchr.o)
 .comment       0x00000000       0x27 /OPT/altera/12.1/nios2eds/bin/gnu/H-i686-pc-linux-gnu/bin/../lib/gcc/nios2-elf/4.1.2/../../../../nios2-elf/lib/mno-hw-mul/libc.a(lib_a-memcpy.o)
 .comment       0x00000000       0x27 /OPT/altera/12.1/nios2eds/bin/gnu/H-i686-pc-linux-gnu/bin/../lib/gcc/nios2-elf/4.1.2/../../../../nios2-elf/lib/mno-hw-mul/libc.a(lib_a-memmove.o)
 .comment       0x00000000       0x27 /OPT/altera/12.1/nios2eds/bin/gnu/H-i686-pc-linux-gnu/bin/../lib/gcc/nios2-elf/4.1.2/../../../../nios2-elf/lib/mno-hw-mul/libc.a(lib_a-reallocr.o)
 .comment       0x00000000       0x27 /OPT/altera/12.1/nios2eds/bin/gnu/H-i686-pc-linux-gnu/bin/../lib/gcc/nios2-elf/4.1.2/../../../../nios2-elf/lib/mno-hw-mul/libc.a(lib_a-sbrkr.o)
 .comment       0x00000000       0x27 /OPT/altera/12.1/nios2eds/bin/gnu/H-i686-pc-linux-gnu/bin/../lib/gcc/nios2-elf/4.1.2/../../../../nios2-elf/lib/mno-hw-mul/libc.a(lib_a-wsetup.o)
 .comment       0x00000000       0x27 /OPT/altera/12.1/nios2eds/bin/gnu/H-i686-pc-linux-gnu/bin/../lib/gcc/nios2-elf/4.1.2/../../../../nios2-elf/lib/mno-hw-mul/libc.a(lib_a-fflush.o)
 .comment       0x00000000       0x27 /OPT/altera/12.1/nios2eds/bin/gnu/H-i686-pc-linux-gnu/bin/../lib/gcc/nios2-elf/4.1.2/../../../../nios2-elf/lib/mno-hw-mul/libc.a(lib_a-findfp.o)
 .comment       0x00000000       0x27 /OPT/altera/12.1/nios2eds/bin/gnu/H-i686-pc-linux-gnu/bin/../lib/gcc/nios2-elf/4.1.2/../../../../nios2-elf/lib/mno-hw-mul/libc.a(lib_a-freer.o)
 .comment       0x00000000       0x27 /OPT/altera/12.1/nios2eds/bin/gnu/H-i686-pc-linux-gnu/bin/../lib/gcc/nios2-elf/4.1.2/../../../../nios2-elf/lib/mno-hw-mul/libc.a(lib_a-fwalk.o)
 .comment       0x00000000       0x27 /OPT/altera/12.1/nios2eds/bin/gnu/H-i686-pc-linux-gnu/bin/../lib/gcc/nios2-elf/4.1.2/../../../../nios2-elf/lib/mno-hw-mul/libc.a(lib_a-int_errno.o)
 .comment       0x00000000       0x27 /OPT/altera/12.1/nios2eds/bin/gnu/H-i686-pc-linux-gnu/bin/../lib/gcc/nios2-elf/4.1.2/../../../../nios2-elf/lib/mno-hw-mul/libc.a(lib_a-makebuf.o)
 .comment       0x00000000       0x27 /OPT/altera/12.1/nios2eds/bin/gnu/H-i686-pc-linux-gnu/bin/../lib/gcc/nios2-elf/4.1.2/../../../../nios2-elf/lib/mno-hw-mul/libc.a(lib_a-memset.o)
 .comment       0x00000000       0x27 /OPT/altera/12.1/nios2eds/bin/gnu/H-i686-pc-linux-gnu/bin/../lib/gcc/nios2-elf/4.1.2/../../../../nios2-elf/lib/mno-hw-mul/libc.a(lib_a-stdio.o)
 .comment       0x00000000       0x27 /OPT/altera/12.1/nios2eds/bin/gnu/H-i686-pc-linux-gnu/bin/../lib/gcc/nios2-elf/4.1.2/../../../../nios2-elf/lib/mno-hw-mul/libc.a(lib_a-writer.o)
 .comment       0x00000000       0x27 /OPT/altera/12.1/nios2eds/bin/gnu/H-i686-pc-linux-gnu/bin/../lib/gcc/nios2-elf/4.1.2/../../../../nios2-elf/lib/mno-hw-mul/libc.a(lib_a-closer.o)
 .comment       0x00000000       0x27 /OPT/altera/12.1/nios2eds/bin/gnu/H-i686-pc-linux-gnu/bin/../lib/gcc/nios2-elf/4.1.2/../../../../nios2-elf/lib/mno-hw-mul/libc.a(lib_a-fclose.o)
 .comment       0x00000000       0x27 /OPT/altera/12.1/nios2eds/bin/gnu/H-i686-pc-linux-gnu/bin/../lib/gcc/nios2-elf/4.1.2/../../../../nios2-elf/lib/mno-hw-mul/libc.a(lib_a-fstatr.o)
 .comment       0x00000000       0x27 /OPT/altera/12.1/nios2eds/bin/gnu/H-i686-pc-linux-gnu/bin/../lib/gcc/nios2-elf/4.1.2/../../../../nios2-elf/lib/mno-hw-mul/libc.a(lib_a-isattyr.o)
 .comment       0x00000000       0x27 /OPT/altera/12.1/nios2eds/bin/gnu/H-i686-pc-linux-gnu/bin/../lib/gcc/nios2-elf/4.1.2/../../../../nios2-elf/lib/mno-hw-mul/libc.a(lib_a-lseekr.o)
 .comment       0x00000000       0x27 /OPT/altera/12.1/nios2eds/bin/gnu/H-i686-pc-linux-gnu/bin/../lib/gcc/nios2-elf/4.1.2/../../../../nios2-elf/lib/mno-hw-mul/libc.a(lib_a-readr.o)
 .comment       0x00000000       0x27 ../attempt2_bsp//libucosii_bsp.a(alt_close.o)
 .comment       0x00000000       0x27 ../attempt2_bsp//libucosii_bsp.a(alt_dev.o)
 .comment       0x00000000       0x27 ../attempt2_bsp//libucosii_bsp.a(alt_errno.o)
 .comment       0x00000000       0x27 ../attempt2_bsp//libucosii_bsp.a(alt_fstat.o)
 .comment       0x00000000       0x27 ../attempt2_bsp//libucosii_bsp.a(alt_isatty.o)
 .comment       0x00000000       0x27 ../attempt2_bsp//libucosii_bsp.a(alt_load.o)
 .comment       0x00000000       0x27 ../attempt2_bsp//libucosii_bsp.a(alt_lseek.o)
 .comment       0x00000000       0x27 ../attempt2_bsp//libucosii_bsp.a(alt_main.o)
 .comment       0x00000000       0x27 ../attempt2_bsp//libucosii_bsp.a(alt_read.o)
 .comment       0x00000000       0x27 ../attempt2_bsp//libucosii_bsp.a(alt_release_fd.o)
 .comment       0x00000000       0x27 ../attempt2_bsp//libucosii_bsp.a(alt_sbrk.o)
 .comment       0x00000000       0x27 ../attempt2_bsp//libucosii_bsp.a(alt_write.o)
 .comment       0x00000000       0x27 ../attempt2_bsp//libucosii_bsp.a(alt_env_lock.o)
 .comment       0x00000000       0x27 ../attempt2_bsp//libucosii_bsp.a(alt_malloc_lock.o)
 .comment       0x00000000       0x27 ../attempt2_bsp//libucosii_bsp.a(os_core.o)
 .comment       0x00000000       0x27 ../attempt2_bsp//libucosii_bsp.a(os_dbg.o)
 .comment       0x00000000       0x27 ../attempt2_bsp//libucosii_bsp.a(os_flag.o)
 .comment       0x00000000       0x27 ../attempt2_bsp//libucosii_bsp.a(os_mem.o)
 .comment       0x00000000       0x27 ../attempt2_bsp//libucosii_bsp.a(os_q.o)
 .comment       0x00000000       0x27 ../attempt2_bsp//libucosii_bsp.a(os_sem.o)
 .comment       0x00000000       0x27 ../attempt2_bsp//libucosii_bsp.a(os_task.o)
 .comment       0x00000000       0x27 ../attempt2_bsp//libucosii_bsp.a(os_time.o)
 .comment       0x00000000       0x27 ../attempt2_bsp//libucosii_bsp.a(alt_sys_init.o)
 .comment       0x00000000       0x27 ../attempt2_bsp//libucosii_bsp.a(altera_avalon_jtag_uart_fd.o)
 .comment       0x00000000       0x27 ../attempt2_bsp//libucosii_bsp.a(altera_avalon_jtag_uart_init.o)
 .comment       0x00000000       0x27 ../attempt2_bsp//libucosii_bsp.a(altera_avalon_jtag_uart_ioctl.o)
 .comment       0x00000000       0x27 ../attempt2_bsp//libucosii_bsp.a(altera_avalon_jtag_uart_read.o)
 .comment       0x00000000       0x27 ../attempt2_bsp//libucosii_bsp.a(altera_avalon_jtag_uart_write.o)
 .comment       0x00000000       0x27 ../attempt2_bsp//libucosii_bsp.a(altera_avalon_timer_sc.o)
 .comment       0x00000000       0x27 ../attempt2_bsp//libucosii_bsp.a(altera_up_avalon_audio.o)
 .comment       0x00000000       0x27 ../attempt2_bsp//libucosii_bsp.a(altera_up_avalon_audio_and_video_config.o)
 .comment       0x00000000       0x27 ../attempt2_bsp//libucosii_bsp.a(altera_up_avalon_character_lcd.o)
 .comment       0x00000000       0x27 ../attempt2_bsp//libucosii_bsp.a(alt_alarm_start.o)
 .comment       0x00000000       0x27 ../attempt2_bsp//libucosii_bsp.a(alt_dcache_flush_all.o)
 .comment       0x00000000       0x27 ../attempt2_bsp//libucosii_bsp.a(alt_dev_llist_insert.o)
 .comment       0x00000000       0x27 ../attempt2_bsp//libucosii_bsp.a(alt_do_ctors.o)