Archive member included because of file (symbol)

/OPT/altera/12.1/nios2eds/bin/gnu/H-i686-pc-linux-gnu/bin/../lib/gcc/nios2-elf/4.1.2/../../../../nios2-elf/lib/mno-hw-mul/libm.a(lib_a-s_sin.o)
                              obj/default/hello_ucosii.o (sin)
/OPT/altera/12.1/nios2eds/bin/gnu/H-i686-pc-linux-gnu/bin/../lib/gcc/nios2-elf/4.1.2/../../../../nios2-elf/lib/mno-hw-mul/libm.a(lib_a-e_rem_pio2.o)
                              /OPT/altera/12.1/nios2eds/bin/gnu/H-i686-pc-linux-gnu/bin/../lib/gcc/nios2-elf/4.1.2/../../../../nios2-elf/lib/mno-hw-mul/libm.a(lib_a-s_sin.o) (__ieee754_rem_pio2)
/OPT/altera/12.1/nios2eds/bin/gnu/H-i686-pc-linux-gnu/bin/../lib/gcc/nios2-elf/4.1.2/../../../../nios2-elf/lib/mno-hw-mul/libm.a(lib_a-k_cos.o)
                              /OPT/altera/12.1/nios2eds/bin/gnu/H-i686-pc-linux-gnu/bin/../lib/gcc/nios2-elf/4.1.2/../../../../nios2-elf/lib/mno-hw-mul/libm.a(lib_a-s_sin.o) (__kernel_cos)
/OPT/altera/12.1/nios2eds/bin/gnu/H-i686-pc-linux-gnu/bin/../lib/gcc/nios2-elf/4.1.2/../../../../nios2-elf/lib/mno-hw-mul/libm.a(lib_a-k_rem_pio2.o)
                              /OPT/altera/12.1/nios2eds/bin/gnu/H-i686-pc-linux-gnu/bin/../lib/gcc/nios2-elf/4.1.2/../../../../nios2-elf/lib/mno-hw-mul/libm.a(lib_a-e_rem_pio2.o) (__kernel_rem_pio2)
/OPT/altera/12.1/nios2eds/bin/gnu/H-i686-pc-linux-gnu/bin/../lib/gcc/nios2-elf/4.1.2/../../../../nios2-elf/lib/mno-hw-mul/libm.a(lib_a-k_sin.o)
                              /OPT/altera/12.1/nios2eds/bin/gnu/H-i686-pc-linux-gnu/bin/../lib/gcc/nios2-elf/4.1.2/../../../../nios2-elf/lib/mno-hw-mul/libm.a(lib_a-s_sin.o) (__kernel_sin)
/OPT/altera/12.1/nios2eds/bin/gnu/H-i686-pc-linux-gnu/bin/../lib/gcc/nios2-elf/4.1.2/../../../../nios2-elf/lib/mno-hw-mul/libm.a(lib_a-s_fabs.o)
                              /OPT/altera/12.1/nios2eds/bin/gnu/H-i686-pc-linux-gnu/bin/../lib/gcc/nios2-elf/4.1.2/../../../../nios2-elf/lib/mno-hw-mul/libm.a(lib_a-e_rem_pio2.o) (fabs)
/OPT/altera/12.1/nios2eds/bin/gnu/H-i686-pc-linux-gnu/bin/../lib/gcc/nios2-elf/4.1.2/../../../../nios2-elf/lib/mno-hw-mul/libm.a(lib_a-s_floor.o)
                              /OPT/altera/12.1/nios2eds/bin/gnu/H-i686-pc-linux-gnu/bin/../lib/gcc/nios2-elf/4.1.2/../../../../nios2-elf/lib/mno-hw-mul/libm.a(lib_a-k_rem_pio2.o) (floor)
/OPT/altera/12.1/nios2eds/bin/gnu/H-i686-pc-linux-gnu/bin/../lib/gcc/nios2-elf/4.1.2/../../../../nios2-elf/lib/mno-hw-mul/libm.a(lib_a-s_scalbn.o)
                              /OPT/altera/12.1/nios2eds/bin/gnu/H-i686-pc-linux-gnu/bin/../lib/gcc/nios2-elf/4.1.2/../../../../nios2-elf/lib/mno-hw-mul/libm.a(lib_a-k_rem_pio2.o) (scalbn)
/OPT/altera/12.1/nios2eds/bin/gnu/H-i686-pc-linux-gnu/bin/../lib/gcc/nios2-elf/4.1.2/../../../../nios2-elf/lib/mno-hw-mul/libm.a(lib_a-s_copysign.o)
                              /OPT/altera/12.1/nios2eds/bin/gnu/H-i686-pc-linux-gnu/bin/../lib/gcc/nios2-elf/4.1.2/../../../../nios2-elf/lib/mno-hw-mul/libm.a(lib_a-s_scalbn.o) (copysign)
/OPT/altera/12.1/nios2eds/bin/gnu/H-i686-pc-linux-gnu/bin/../lib/gcc/nios2-elf/4.1.2/mno-hw-mul/libgcc.a(_fixunsdfsi.o)
                              obj/default/hello_ucosii.o (__fixunsdfsi)
/OPT/altera/12.1/nios2eds/bin/gnu/H-i686-pc-linux-gnu/bin/../lib/gcc/nios2-elf/4.1.2/mno-hw-mul/libgcc.a(_addsub_df.o)
                              /OPT/altera/12.1/nios2eds/bin/gnu/H-i686-pc-linux-gnu/bin/../lib/gcc/nios2-elf/4.1.2/../../../../nios2-elf/lib/mno-hw-mul/libm.a(lib_a-s_sin.o) (__subdf3)
/OPT/altera/12.1/nios2eds/bin/gnu/H-i686-pc-linux-gnu/bin/../lib/gcc/nios2-elf/4.1.2/mno-hw-mul/libgcc.a(_mul_df.o)
                              obj/default/hello_ucosii.o (__muldf3)
/OPT/altera/12.1/nios2eds/bin/gnu/H-i686-pc-linux-gnu/bin/../lib/gcc/nios2-elf/4.1.2/mno-hw-mul/libgcc.a(_div_df.o)
                              obj/default/hello_ucosii.o (__divdf3)
/OPT/altera/12.1/nios2eds/bin/gnu/H-i686-pc-linux-gnu/bin/../lib/gcc/nios2-elf/4.1.2/mno-hw-mul/libgcc.a(_eq_df.o)
                              /OPT/altera/12.1/nios2eds/bin/gnu/H-i686-pc-linux-gnu/bin/../lib/gcc/nios2-elf/4.1.2/../../../../nios2-elf/lib/mno-hw-mul/libm.a(lib_a-e_rem_pio2.o) (__eqdf2)
/OPT/altera/12.1/nios2eds/bin/gnu/H-i686-pc-linux-gnu/bin/../lib/gcc/nios2-elf/4.1.2/mno-hw-mul/libgcc.a(_gt_df.o)
                              /OPT/altera/12.1/nios2eds/bin/gnu/H-i686-pc-linux-gnu/bin/../lib/gcc/nios2-elf/4.1.2/../../../../nios2-elf/lib/mno-hw-mul/libm.a(lib_a-s_floor.o) (__gtdf2)
/OPT/altera/12.1/nios2eds/bin/gnu/H-i686-pc-linux-gnu/bin/../lib/gcc/nios2-elf/4.1.2/mno-hw-mul/libgcc.a(_ge_df.o)
                              /OPT/altera/12.1/nios2eds/bin/gnu/H-i686-pc-linux-gnu/bin/../lib/gcc/nios2-elf/4.1.2/../../../../nios2-elf/lib/mno-hw-mul/libm.a(lib_a-k_rem_pio2.o) (__gedf2)
/OPT/altera/12.1/nios2eds/bin/gnu/H-i686-pc-linux-gnu/bin/../lib/gcc/nios2-elf/4.1.2/mno-hw-mul/libgcc.a(_si_to_df.o)
                              obj/default/hello_ucosii.o (__floatsidf)
[...]
Memory Configuration

Name             Origin             Length             Attributes
sdram_0          0x00800000         0x00800000
sram_0           0x01080000         0x00080000
reset            0x01104000         0x00000020
onchip_memory2_0 0x01104020         0x00003fe0
*default*        0x00000000         0xffffffff

Linker script and memory map

LOAD ../attempt2_bsp//obj/HAL/src/crt0.o
LOAD obj/default/hello_ucosii.o
LOAD /OPT/altera/12.1/nios2eds/bin/gnu/H-i686-pc-linux-gnu/bin/../lib/gcc/nios2-elf/4.1.2/../../../../nios2-elf/lib/mno-hw-mul/libstdc++.a
LOAD /OPT/altera/12.1/nios2eds/bin/gnu/H-i686-pc-linux-gnu/bin/../lib/gcc/nios2-elf/4.1.2/../../../../nios2-elf/lib/mno-hw-mul/libm.a
LOAD /OPT/altera/12.1/nios2eds/bin/gnu/H-i686-pc-linux-gnu/bin/../lib/gcc/nios2-elf/4.1.2/mno-hw-mul/libgcc.a
START GROUP
LOAD /OPT/altera/12.1/nios2eds/bin/gnu/H-i686-pc-linux-gnu/bin/../lib/gcc/nios2-elf/4.1.2/../../../../nios2-elf/lib/mno-hw-mul/libc.a
LOAD /OPT/altera/12.1/nios2eds/bin/gnu/H-i686-pc-linux-gnu/bin/../lib/gcc/nios2-elf/4.1.2/mno-hw-mul/libgcc.a
LOAD ../attempt2_bsp//libucosii_bsp.a
END GROUP
LOAD /OPT/altera/12.1/nios2eds/bin/gnu/H-i686-pc-linux-gnu/bin/../lib/gcc/nios2-elf/4.1.2/mno-hw-mul/libgcc.a
                0x00800000                __alt_mem_sdram_0 = 0x800000
                0x01080000                __alt_mem_sram_0 = 0x1080000
                0x01104000                __alt_mem_onchip_memory2_0 = 0x1104000

.entry          0x01104000       0x20
 *(.entry)
 .entry         0x01104000       0x20 ../attempt2_bsp//obj/HAL/src/crt0.o
                0x01104000                __reset

.exceptions     0x01104020      0x1a0 load address 0x00800000
                0x01104020                PROVIDE (__ram_exceptions_start, ABSOLUTE (.))
                0x01104020                . = ALIGN (0x20)
 *(.irq)
 *(.exceptions.entry.label)
 .exceptions.entry.label
                0x01104020        0x0 ../attempt2_bsp//libucosii_bsp.a(alt_irq_entry.o)
                0x01104020                alt_irq_entry
 .exceptions.entry.label
                0x01104020        0x0 ../attempt2_bsp//libucosii_bsp.a(alt_exception_entry.o)
                0x01104020                alt_exception
 *(.exceptions.entry.user)
 *(.exceptions.entry)
 .exceptions.entry
                0x01104020       0x54 ../attempt2_bsp//libucosii_bsp.a(alt_exception_entry.o)
 *(.exceptions.irqtest.user)
 *(.exceptions.irqtest)
 .exceptions.irqtest
                0x01104074       0x10 ../attempt2_bsp//libucosii_bsp.a(alt_irq_entry.o)
 *(.exceptions.irqhandler.user)
 *(.exceptions.irqhandler)
 .exceptions.irqhandler
                0x01104084        0x4 ../attempt2_bsp//libucosii_bsp.a(alt_irq_entry.o)
 *(.exceptions.irqreturn.user)
 *(.exceptions.irqreturn)
 .exceptions.irqreturn
                0x01104088        0x4 ../attempt2_bsp//libucosii_bsp.a(alt_irq_entry.o)
 *(.exceptions.notirq.label)
 .exceptions.notirq.label
                0x0110408c        0x0 ../attempt2_bsp//libucosii_bsp.a(alt_irq_entry.o)
 *(.exceptions.notirq.user)
 *(.exceptions.notirq)
 .exceptions.notirq
                0x0110408c        0x8 ../attempt2_bsp//libucosii_bsp.a(alt_exception_entry.o)
 *(.exceptions.soft.user)
 *(.exceptions.soft)
 *(.exceptions.unknown.user)
 *(.exceptions.unknown)
 .exceptions.unknown
                0x01104094        0x4 ../attempt2_bsp//libucosii_bsp.a(alt_exception_entry.o)
 *(.exceptions.exit.label)
 .exceptions.exit.label
                0x01104098        0x0 ../attempt2_bsp//libucosii_bsp.a(alt_irq_entry.o)
 .exceptions.exit.label
                0x01104098        0x0 ../attempt2_bsp//libucosii_bsp.a(alt_exception_entry.o)
 *(.exceptions.exit.user)
 *(.exceptions.exit)
 .exceptions.exit
                0x01104098       0x54 ../attempt2_bsp//libucosii_bsp.a(alt_exception_entry.o)
 *(.exceptions)
 .exceptions    0x011040ec       0xd4 ../attempt2_bsp//libucosii_bsp.a(alt_irq_handler.o)
                0x011040ec                alt_irq_handler
                0x011041c0                PROVIDE (__ram_exceptions_end, ABSOLUTE (.))
                0x00800000                PROVIDE (__flash_exceptions_start, LOADADDR (.exceptions))

.text           0x008001a0    0x19010
                0x008001a0                PROVIDE (stext, ABSOLUTE (.))
 *(.interp)
 *(.hash)
 *(.dynsym)
 *(.dynstr)
 *(.gnu.version)
 *(.gnu.version_d)
 *(.gnu.version_r)
 *(.rel.init)
 *(.rela.init)
 *(.rel.text .rel.text.* .rel.gnu.linkonce.t.*)
 *(.rela.text .rela.text.* .rela.gnu.linkonce.t.*)
 *(.rel.fini)
 *(.rela.fini)
 *(.rel.rodata .rel.rodata.* .rel.gnu.linkonce.r.*)
 *(.rela.rodata .rela.rodata.* .rela.gnu.linkonce.r.*)
 *(.rel.data .rel.data.* .rel.gnu.linkonce.d.*)
 *(.rela.data .rela.data.* .rela.gnu.linkonce.d.*)
 *(.rel.tdata .rel.tdata.* .rel.gnu.linkonce.td.*)
 *(.rela.tdata .rela.tdata.* .rela.gnu.linkonce.td.*)
 *(.rel.tbss .rel.tbss.* .rel.gnu.linkonce.tb.*)
 *(.rela.tbss .rela.tbss.* .rela.gnu.linkonce.tb.*)
 *(.rel.ctors)
 *(.rela.ctors)
 *(.rel.dtors)
 *(.rela.dtors)
 *(.rel.got)
 *(.rela.got)
 *(.rel.sdata .rel.sdata.* .rel.gnu.linkonce.s.*)
 *(.rela.sdata .rela.sdata.* .rela.gnu.linkonce.s.*)
 *(.rel.sbss .rel.sbss.* .rel.gnu.linkonce.sb.*)
 *(.rela.sbss .rela.sbss.* .rela.gnu.linkonce.sb.*)
 *(.rel.sdata2 .rel.sdata2.* .rel.gnu.linkonce.s2.*)
 *(.rela.sdata2 .rela.sdata2.* .rela.gnu.linkonce.s2.*)
 *(.rel.sbss2 .rel.sbss2.* .rel.gnu.linkonce.sb2.*)
 *(.rela.sbss2 .rela.sbss2.* .rela.gnu.linkonce.sb2.*)
 *(.rel.bss .rel.bss.* .rel.gnu.linkonce.b.*)
 *(.rela.bss .rela.bss.* .rela.gnu.linkonce.b.*)
 *(.rel.plt)
 *(.rela.plt)
 *(.rel.dyn)
 *(.init)
 *(.plt)
 *(.text .stub .text.* .gnu.linkonce.t.*)
 .text          0x008001a0       0x3c ../attempt2_bsp//obj/HAL/src/crt0.o
                0x008001a0                _start
 .text          0x008001dc      0x444 obj/default/hello_ucosii.o
                0x008001dc                task1
                0x00800220                task2
                0x0080024c                audio_data_task
                0x00800528                main
 .text          0x00800620      0x16c /OPT/altera/12.1/nios2eds/bin/gnu/H-i686-pc-linux-gnu/bin/../lib/gcc/nios2-elf/4.1.2/../../../../nios2-elf/lib/mno-hw-mul/libm.a(lib_a-s_sin.o)
                0x00800620                sin
 .text          0x0080078c      0x828 /OPT/altera/12.1/nios2eds/bin/gnu/H-i686-pc-linux-gnu/bin/../lib/gcc/nios2-elf/4.1.2/../../../../nios2-elf/lib/mno-hw-mul/libm.a(lib_a-e_rem_pio2.o)
                0x0080078c                __ieee754_rem_pio2
 .text          0x00800fb4      0x52c /OPT/altera/12.1/nios2eds/bin/gnu/H-i686-pc-linux-gnu/bin/../lib/gcc/nios2-elf/4.1.2/../../../../nios2-elf/lib/mno-hw-mul/libm.a(lib_a-k_cos.o)
                0x00800fb4                __kernel_cos
 .text          0x008014e0      0xe84 /OPT/altera/12.1/nios2eds/bin/gnu/H-i686-pc-linux-gnu/bin/../lib/gcc/nios2-elf/4.1.2/../../../../nios2-elf/lib/mno-hw-mul/libm.a(lib_a-k_rem_pio2.o)
                0x008014e0                __kernel_rem_pio2
 .text          0x00802364      0x318 /OPT/altera/12.1/nios2eds/bin/gnu/H-i686-pc-linux-gnu/bin/../lib/gcc/nios2-elf/4.1.2/../../../../nios2-elf/lib/mno-hw-mul/libm.a(lib_a-k_sin.o)
                0x00802364                __kernel_sin
 .text          0x0080267c       0x18 /OPT/altera/12.1/nios2eds/bin/gnu/H-i686-pc-linux-gnu/bin/../lib/gcc/nios2-elf/4.1.2/../../../../nios2-elf/lib/mno-hw-mul/libm.a(lib_a-s_fabs.o)
                0x0080267c                fabs
 .text          0x00802694      0x224 /OPT/altera/12.1/nios2eds/bin/gnu/H-i686-pc-linux-gnu/bin/../lib/gcc/nios2-elf/4.1.2/../../../../nios2-elf/lib/mno-hw-mul/libm.a(lib_a-s_floor.o)
                0x00802694                floor
 .text          0x008028b8      0x1e0 /OPT/altera/12.1/nios2eds/bin/gnu/H-i686-pc-linux-gnu/bin/../lib/gcc/nios2-elf/4.1.2/../../../../nios2-elf/lib/mno-hw-mul/libm.a(lib_a-s_scalbn.o)
                0x008028b8                scalbn
 .text          0x00802a98       0x24 /OPT/altera/12.1/nios2eds/bin/gnu/H-i686-pc-linux-gnu/bin/../lib/gcc/nios2-elf/4.1.2/../../../../nios2-elf/lib/mno-hw-mul/libm.a(lib_a-s_copysign.o)
                0x00802a98                copysign
 .text          0x00802abc       0xa4 /OPT/altera/12.1/nios2eds/bin/gnu/H-i686-pc-linux-gnu/bin/../lib/gcc/nios2-elf/4.1.2/mno-hw-mul/libgcc.a(_fixunsdfsi.o)
                0x00802abc                __fixunsdfsi
 .text          0x00802b60      0x504 /OPT/altera/12.1/nios2eds/bin/gnu/H-i686-pc-linux-gnu/bin/../lib/gcc/nios2-elf/4.1.2/mno-hw-mul/libgcc.a(_addsub_df.o)
                0x00802f70                __subdf3
                0x00802ff0                __adddf3
 .text          0x00803064      0x3c4 /OPT/altera/12.1/nios2eds/bin/gnu/H-i686-pc-linux-gnu/bin/../lib/gcc/nios2-elf/4.1.2/mno-hw-mul/libgcc.a(_mul_df.o)
                0x00803064                __muldf3
 .text          0x00803428      0x258 /OPT/altera/12.1/nios2eds/bin/gnu/H-i686-pc-linux-gnu/bin/../lib/gcc/nios2-elf/4.1.2/mno-hw-mul/libgcc.a(_div_df.o)
                0x00803428                __divdf3
 .text          0x00803680       0x88 /OPT/altera/12.1/nios2eds/bin/gnu/H-i686-pc-linux-gnu/bin/../lib/gcc/nios2-elf/4.1.2/mno-hw-mul/libgcc.a(_eq_df.o)
                0x00803680                __eqdf2
 .text          0x00803708       0x88 /OPT/altera/12.1/nios2eds/bin/gnu/H-i686-pc-linux-gnu/bin/../lib/gcc/nios2-elf/4.1.2/mno-hw-mul/libgcc.a(_gt_df.o)
                0x00803708                __gtdf2
 .text          0x00803790       0x88 /OPT/altera/12.1/nios2eds/bin/gnu/H-i686-pc-linux-gnu/bin/../lib/gcc/nios2-elf/4.1.2/mno-hw-mul/libgcc.a(_ge_df.o)
                0x00803790                __gedf2
 .text          0x00803818       0xf8 /OPT/altera/12.1/nios2eds/bin/gnu/H-i686-pc-linux-gnu/bin/../lib/gcc/nios2-elf/4.1.2/mno-hw-mul/libgcc.a(_si_to_df.o)
                0x00803818                __floatsidf
 .text          0x00803910       0xd8 /OPT/altera/12.1/nios2eds/bin/gnu/H-i686-pc-linux-gnu/bin/../lib/gcc/nios2-elf/4.1.2/mno-hw-mul/libgcc.a(_df_to_si.o)
                0x00803910                __fixdfsi
 .text          0x008039e8        0x0 /OPT/altera/12.1/nios2eds/bin/gnu/H-i686-pc-linux-gnu/bin/../lib/gcc/nios2-elf/4.1.2/mno-hw-mul/libgcc.a(_thenan_df.o)
 .text          0x008039e8      0x14c /OPT/altera/12.1/nios2eds/bin/gnu/H-i686-pc-linux-gnu/bin/../lib/gcc/nios2-elf/4.1.2/mno-hw-mul/libgcc.a(lib2-divmod.o)
                0x00803a64                __divsi3
                0x00803ac4                __modsi3
                0x00803b24                __udivsi3
                0x00803b2c                __umodsi3
 .text          0x00803b34       0x38 /OPT/altera/12.1/nios2eds/bin/gnu/H-i686-pc-linux-gnu/bin/../lib/gcc/nios2-elf/4.1.2/mno-hw-mul/libgcc.a(lib2-mul.o)
                0x00803b34                __mulsi3
 .text          0x00803b6c      0x124 /OPT/altera/12.1/nios2eds/bin/gnu/H-i686-pc-linux-gnu/bin/../lib/gcc/nios2-elf/4.1.2/mno-hw-mul/libgcc.a(_muldi3.o)
                0x00803b6c                __muldi3
 .text          0x00803c90       0x80 /OPT/altera/12.1/nios2eds/bin/gnu/H-i686-pc-linux-gnu/bin/../lib/gcc/nios2-elf/4.1.2/mno-hw-mul/libgcc.a(_clzsi2.o)
                0x00803c90                __clzsi2
 .text          0x00803d10      0x314 /OPT/altera/12.1/nios2eds/bin/gnu/H-i686-pc-linux-gnu/bin/../lib/gcc/nios2-elf/4.1.2/mno-hw-mul/libgcc.a(_pack_df.o)
                0x00803d10                __pack_d
 .text          0x00804024      0x138 /OPT/altera/12.1/nios2eds/bin/gnu/H-i686-pc-linux-gnu/bin/../lib/gcc/nios2-elf/4.1.2/mno-hw-mul/libgcc.a(_unpack_df.o)
                0x00804024                __unpack_d
 .text          0x0080415c       0xc8 /OPT/altera/12.1/nios2eds/bin/gnu/H-i686-pc-linux-gnu/bin/../lib/gcc/nios2-elf/4.1.2/mno-hw-mul/libgcc.a(_fpcmp_parts_df.o)
                0x0080415c                __fpcmp_parts_d
 .text          0x00804224        0x0 /OPT/altera/12.1/nios2eds/bin/gnu/H-i686-pc-linux-gnu/bin/../lib/gcc/nios2-elf/4.1.2/mno-hw-mul/libgcc.a(_clz.o)
 .text          0x00804224       0x78 /OPT/altera/12.1/nios2eds/bin/gnu/H-i686-pc-linux-gnu/bin/../lib/gcc/nios2-elf/4.1.2/../../../../nios2-elf/lib/mno-hw-mul/libc.a(lib_a-printf.o)
                0x00804224                printf
                0x00804268                _printf_r
 .text          0x0080429c       0xb4 /OPT/altera/12.1/nios2eds/bin/gnu/H-i686-pc-linux-gnu/bin/../lib/gcc/nios2-elf/4.1.2/../../../../nios2-elf/lib/mno-hw-mul/libc.a(lib_a-puts.o)
                0x0080429c                _puts_r
                0x0080433c                puts
 .text          0x00804350       0x74 /OPT/altera/12.1/nios2eds/bin/gnu/H-i686-pc-linux-gnu/bin/../lib/gcc/nios2-elf/4.1.2/../../../../nios2-elf/lib/mno-hw-mul/libc.a(lib_a-strlen.o)
                0x00804350                strlen
 .text          0x008043c4     0x1f40 /OPT/altera/12.1/nios2eds/bin/gnu/H-i686-pc-linux-gnu/bin/../lib/gcc/nios2-elf/4.1.2/../../../../nios2-elf/lib/mno-hw-mul/libc.a(lib_a-vfprintf.o)
                0x0080441c                ___vfprintf_internal_r
                0x008062e0                __vfprintf_internal
 .text          0x00806304      0x13c /OPT/altera/12.1/nios2eds/bin/gnu/H-i686-pc-linux-gnu/bin/../lib/gcc/nios2-elf/4.1.2/../../../../nios2-elf/lib/mno-hw-mul/libc.a(lib_a-wsetup.o)
                0x00806304                __swsetup_r
 .text          0x00806440     0x17f8 /OPT/altera/12.1/nios2eds/bin/gnu/H-i686-pc-linux-gnu/bin/../lib/gcc/nios2-elf/4.1.2/../../../../nios2-elf/lib/mno-hw-mul/libc.a(lib_a-dtoa.o)
                0x00806684                _dtoa_r
 .text          0x00807c38      0x230 /OPT/altera/12.1/nios2eds/bin/gnu/H-i686-pc-linux-gnu/bin/../lib/gcc/nios2-elf/4.1.2/../../../../nios2-elf/lib/mno-hw-mul/libc.a(lib_a-fflush.o)
                0x00807c38                _fflush_r
                0x00807e34                fflush
 .text          0x00807e68      0x2f4 /OPT/altera/12.1/nios2eds/bin/gnu/H-i686-pc-linux-gnu/bin/../lib/gcc/nios2-elf/4.1.2/../../../../nios2-elf/lib/mno-hw-mul/libc.a(lib_a-findfp.o)
                0x00807ec0                __sfp_lock_acquire
                0x00807ec4                __sfp_lock_release
                0x00807ec8                __sinit_lock_acquire
                0x00807ecc                __sinit_lock_release
                0x00807ed0                __sinit
                0x00807f84                __fp_unlock_all
                0x00807f9c                __fp_lock_all
                0x00807fb4                _cleanup_r
                0x00807fc0                _cleanup
                0x00807fd0                __sfmoreglue
                0x0080806c                __sfp
 .text          0x0080815c      0x440 /OPT/altera/12.1/nios2eds/bin/gnu/H-i686-pc-linux-gnu/bin/../lib/gcc/nios2-elf/4.1.2/../../../../nios2-elf/lib/mno-hw-mul/libc.a(lib_a-freer.o)
                0x0080815c                _malloc_trim_r
                0x00808288                _free_r
 .text          0x0080859c      0x49c /OPT/altera/12.1/nios2eds/bin/gnu/H-i686-pc-linux-gnu/bin/../lib/gcc/nios2-elf/4.1.2/../../../../nios2-elf/lib/mno-hw-mul/libc.a(lib_a-fvwrite.o)
                0x0080859c                __sfvwrite_r
 .text          0x00808a38      0x180 /OPT/altera/12.1/nios2eds/bin/gnu/H-i686-pc-linux-gnu/bin/../lib/gcc/nios2-elf/4.1.2/../../../../nios2-elf/lib/mno-hw-mul/libc.a(lib_a-fwalk.o)
                0x00808a38                _fwalk_reent
                0x00808b00                _fwalk
 .text          0x00808bb8        0x0 /OPT/altera/12.1/nios2eds/bin/gnu/H-i686-pc-linux-gnu/bin/../lib/gcc/nios2-elf/4.1.2/../../../../nios2-elf/lib/mno-hw-mul/libc.a(lib_a-impure.o)
 .text          0x00808bb8       0xc4 /OPT/altera/12.1/nios2eds/bin/gnu/H-i686-pc-linux-gnu/bin/../lib/gcc/nios2-elf/4.1.2/../../../../nios2-elf/lib/mno-hw-mul/libc.a(lib_a-locale.o)
                0x00808bb8                __locale_charset
                0x00808bc0                _localeconv_r
                0x00808bcc                localeconv
                0x00808bdc                _setlocale_r
                0x00808c60                setlocale
 .text          0x00808c7c      0x194 /OPT/altera/12.1/nios2eds/bin/gnu/H-i686-pc-linux-gnu/bin/../lib/gcc/nios2-elf/4.1.2/../../../../nios2-elf/lib/mno-hw-mul/libc.a(lib_a-makebuf.o)
                0x00808c7c                __smakebuf_r
 .text          0x00808e10      0x740 /OPT/altera/12.1/nios2eds/bin/gnu/H-i686-pc-linux-gnu/bin/../lib/gcc/nios2-elf/4.1.2/../../../../nios2-elf/lib/mno-hw-mul/libc.a(lib_a-mallocr.o)
                0x00808e10                _malloc_r
 .text          0x00809550       0xe4 /OPT/altera/12.1/nios2eds/bin/gnu/H-i686-pc-linux-gnu/bin/../lib/gcc/nios2-elf/4.1.2/../../../../nios2-elf/lib/mno-hw-mul/libc.a(lib_a-memchr.o)
                0x00809550                memchr
 .text          0x00809634       0xa0 /OPT/altera/12.1/nios2eds/bin/gnu/H-i686-pc-linux-gnu/bin/../lib/gcc/nios2-elf/4.1.2/../../../../nios2-elf/lib/mno-hw-mul/libc.a(lib_a-memcpy.o)
                0x00809634                memcpy
 .text          0x008096d4       0xe0 /OPT/altera/12.1/nios2eds/bin/gnu/H-i686-pc-linux-gnu/bin/../lib/gcc/nios2-elf/4.1.2/../../../../nios2-elf/lib/mno-hw-mul/libc.a(lib_a-memmove.o)
                0x008096d4                memmove
 .text          0x008097b4       0x98 /OPT/altera/12.1/nios2eds/bin/gnu/H-i686-pc-linux-gnu/bin/../lib/gcc/nios2-elf/4.1.2/../../../../nios2-elf/lib/mno-hw-mul/libc.a(lib_a-memset.o)
                0x008097b4                memset
 .text          0x0080984c     0x108c /OPT/altera/12.1/nios2eds/bin/gnu/H-i686-pc-linux-gnu/bin/../lib/gcc/nios2-elf/4.1.2/../../../../nios2-elf/lib/mno-hw-mul/libc.a(lib_a-mprec.o)
                0x0080984c                _Bfree
                0x00809874                __hi0bits
                0x008098e4                __lo0bits
                0x008099a8                __mcmp
                0x00809a08                __ulp
                0x00809a88                __b2d
                0x00809ba8                __ratio
                0x00809c58                _mprec_log10
                0x00809cec                __copybits
                0x00809d44                __any_on
                0x00809dcc                _Balloc
                0x00809e88                __d2b
                0x0080a004                __mdiff
                0x0080a190                __lshift
                0x0080a2dc                __multiply
                0x0080a530                __i2b
                0x0080a56c                __multadd
                0x0080a698                __pow5mult
                0x0080a7b8                __s2b
 .text          0x0080a8d8      0x5f4 /OPT/altera/12.1/nios2eds/bin/gnu/H-i686-pc-linux-gnu/bin/../lib/gcc/nios2-elf/4.1.2/../../../../nios2-elf/lib/mno-hw-mul/libc.a(lib_a-reallocr.o)
                0x0080a8d8                _realloc_r
 .text          0x0080aecc       0x40 /OPT/altera/12.1/nios2eds/bin/gnu/H-i686-pc-linux-gnu/bin/../lib/gcc/nios2-elf/4.1.2/../../../../nios2-elf/lib/mno-hw-mul/libc.a(lib_a-s_isinfd.o)
                0x0080aecc                __isinfd
 .text          0x0080af0c       0x30 /OPT/altera/12.1/nios2eds/bin/gnu/H-i686-pc-linux-gnu/bin/../lib/gcc/nios2-elf/4.1.2/../../../../nios2-elf/lib/mno-hw-mul/libc.a(lib_a-s_isnand.o)
                0x0080af0c                __isnand
 .text          0x0080af3c       0x70 /OPT/altera/12.1/nios2eds/bin/gnu/H-i686-pc-linux-gnu/bin/../lib/gcc/nios2-elf/4.1.2/../../../../nios2-elf/lib/mno-hw-mul/libc.a(lib_a-sbrkr.o)
                0x0080af3c                _sbrk_r
 .text          0x0080afac      0x14c /OPT/altera/12.1/nios2eds/bin/gnu/H-i686-pc-linux-gnu/bin/../lib/gcc/nios2-elf/4.1.2/../../../../nios2-elf/lib/mno-hw-mul/libc.a(lib_a-stdio.o)
                0x0080afac                __sclose
                0x0080afb4                __sseek
                0x0080b01c                __swrite
                0x0080b098                __sread
 .text          0x0080b0f8       0xbc /OPT/altera/12.1/nios2eds/bin/gnu/H-i686-pc-linux-gnu/bin/../lib/gcc/nios2-elf/4.1.2/../../../../nios2-elf/lib/mno-hw-mul/libc.a(lib_a-strcmp.o)
                0x0080b0f8                strcmp
 .text          0x0080b1b4       0x78 /OPT/altera/12.1/nios2eds/bin/gnu/H-i686-pc-linux-gnu/bin/../lib/gcc/nios2-elf/4.1.2/../../../../nios2-elf/lib/mno-hw-mul/libc.a(lib_a-writer.o)
                0x0080b1b4                _write_r
 .text          0x0080b22c       0xc8 /OPT/altera/12.1/nios2eds/bin/gnu/H-i686-pc-linux-gnu/bin/../lib/gcc/nios2-elf/4.1.2/../../../../nios2-elf/lib/mno-hw-mul/libc.a(lib_a-callocr.o)
                0x0080b22c                _calloc_r
 .text          0x0080b2f4       0x70 /OPT/altera/12.1/nios2eds/bin/gnu/H-i686-pc-linux-gnu/bin/../lib/gcc/nios2-elf/4.1.2/../../../../nios2-elf/lib/mno-hw-mul/libc.a(lib_a-closer.o)
                0x0080b2f4                _close_r
 .text          0x0080b364      0x124 /OPT/altera/12.1/nios2eds/bin/gnu/H-i686-pc-linux-gnu/bin/../lib/gcc/nios2-elf/4.1.2/../../../../nios2-elf/lib/mno-hw-mul/libc.a(lib_a-fclose.o)
                0x0080b364                _fclose_r
                0x0080b474                fclose
 .text          0x0080b488       0x74 /OPT/altera/12.1/nios2eds/bin/gnu/H-i686-pc-linux-gnu/bin/../lib/gcc/nios2-elf/4.1.2/../../../../nios2-elf/lib/mno-hw-mul/libc.a(lib_a-fstatr.o)
                0x0080b488                _fstat_r
 .text          0x0080b4fc        0x0 /OPT/altera/12.1/nios2eds/bin/gnu/H-i686-pc-linux-gnu/bin/../lib/gcc/nios2-elf/4.1.2/../../../../nios2-elf/lib/mno-hw-mul/libc.a(lib_a-int_errno.o)
 .text          0x0080b4fc       0x70 /OPT/altera/12.1/nios2eds/bin/gnu/H-i686-pc-linux-gnu/bin/../lib/gcc/nios2-elf/4.1.2/../../../../nios2-elf/lib/mno-hw-mul/libc.a(lib_a-isattyr.o)
                0x0080b4fc                _isatty_r
 .text          0x0080b56c       0x78 /OPT/altera/12.1/nios2eds/bin/gnu/H-i686-pc-linux-gnu/bin/../lib/gcc/nios2-elf/4.1.2/../../../../nios2-elf/lib/mno-hw-mul/libc.a(lib_a-lseekr.o)
                0x0080b56c                _lseek_r
 .text          0x0080b5e4       0x78 /OPT/altera/12.1/nios2eds/bin/gnu/H-i686-pc-linux-gnu/bin/../lib/gcc/nios2-elf/4.1.2/../../../../nios2-elf/lib/mno-hw-mul/libc.a(lib_a-readr.o)
                0x0080b5e4                _read_r
 .text          0x0080b65c      0x66c /OPT/altera/12.1/nios2eds/bin/gnu/H-i686-pc-linux-gnu/bin/../lib/gcc/nios2-elf/4.1.2/mno-hw-mul/libgcc.a(_udivdi3.o)
                0x0080b65c                __udivdi3
 .text          0x0080bcc8      0x660 /OPT/altera/12.1/nios2eds/bin/gnu/H-i686-pc-linux-gnu/bin/../lib/gcc/nios2-elf/4.1.2/mno-hw-mul/libgcc.a(_umoddi3.o)
                0x0080bcc8                __umoddi3
 .text          0x0080c328       0x88 /OPT/altera/12.1/nios2eds/bin/gnu/H-i686-pc-linux-gnu/bin/../lib/gcc/nios2-elf/4.1.2/mno-hw-mul/libgcc.a(_ne_df.o)
                0x0080c328                __nedf2
 .text          0x0080c3b0       0x88 /OPT/altera/12.1/nios2eds/bin/gnu/H-i686-pc-linux-gnu/bin/../lib/gcc/nios2-elf/4.1.2/mno-hw-mul/libgcc.a(_lt_df.o)
                0x0080c3b0                __ltdf2
 .text          0x0080c438      0x194 /OPT/altera/12.1/nios2eds/bin/gnu/H-i686-pc-linux-gnu/bin/../lib/gcc/nios2-elf/4.1.2/mno-hw-mul/libgcc.a(_usi_to_df.o)
                0x0080c438                __floatunsidf
 .text          0x0080c5cc      0x160 ../attempt2_bsp//libucosii_bsp.a(alt_close.o)
                0x0080c5cc                close
 .text          0x0080c72c       0x2c ../attempt2_bsp//libucosii_bsp.a(alt_dev.o)
 .text          0x0080c758        0x0 ../attempt2_bsp//libucosii_bsp.a(alt_errno.o)
 .text          0x0080c758      0x138 ../attempt2_bsp//libucosii_bsp.a(alt_fstat.o)
                0x0080c758                fstat
 .text          0x0080c890      0x124 ../attempt2_bsp//libucosii_bsp.a(alt_isatty.o)
                0x0080c890                isatty
 .text          0x0080c9b4       0xec ../attempt2_bsp//libucosii_bsp.a(alt_load.o)
                0x0080c9b4                alt_load
 .text          0x0080caa0      0x154 ../attempt2_bsp//libucosii_bsp.a(alt_lseek.o)
                0x0080caa0                lseek
 .text          0x0080cbf4       0xc8 ../attempt2_bsp//libucosii_bsp.a(alt_main.o)
                0x0080cbf4                alt_main
 .text          0x0080ccbc      0x184 ../attempt2_bsp//libucosii_bsp.a(alt_read.o)
                0x0080ccbc                read
 .text          0x0080ce40       0x78 ../attempt2_bsp//libucosii_bsp.a(alt_release_fd.o)
                0x0080ce40                alt_release_fd
 .text          0x0080ceb8       0xbc ../attempt2_bsp//libucosii_bsp.a(alt_sbrk.o)
                0x0080ceb8                sbrk
 .text          0x0080cf74      0x184 ../attempt2_bsp//libucosii_bsp.a(alt_write.o)
                0x0080cf74                write
 .text          0x0080d0f8      0x108 ../attempt2_bsp//libucosii_bsp.a(alt_env_lock.o)
                0x0080d0f8                __env_lock
                0x0080d1a4                __env_unlock
 .text          0x0080d200      0x1d8 ../attempt2_bsp//libucosii_bsp.a(alt_malloc_lock.o)
                0x0080d200                __malloc_lock
                0x0080d308                __malloc_unlock
 .text          0x0080d3d8     0x2128 ../attempt2_bsp//libucosii_bsp.a(os_core.o)
                0x0080d3d8                OSEventNameGet
                0x0080d508                OSEventNameSet
                0x0080d64c                OSEventPendMulti
                0x0080dd00                OSInit
                0x0080dd54                OSIntEnter
                0x0080ddd0                OSIntExit
                0x0080ded0                OSSchedLock
                0x0080df5c                OSSchedUnlock
                0x0080e040                OSStart
                0x0080e0b0                OSStatInit
                0x0080e15c                OSTimeTick
                0x0080e39c                OSVersion
                0x0080e3bc                OS_Dummy
                0x0080e3d8                OS_EventTaskRdy
                0x0080e56c                OS_EventTaskWait
                0x0080e67c                OS_EventTaskWaitMulti
                0x0080e7d0                OS_EventTaskRemove
                0x0080e888                OS_EventTaskRemoveMulti
                0x0080e98c                OS_EventWaitListInit
                0x0080ed58                OS_MemClr
                0x0080edac                OS_MemCopy
                0x0080ee18                OS_Sched
                0x0080ef5c                OS_StrCopy
                0x0080efdc                OS_StrLen
                0x0080f034                OS_TaskIdle
                0x0080f090                OS_TaskStat
                0x0080f158                OS_TaskStatStkChk
                0x0080f220                OS_TCBInit
 .text          0x0080f500      0x18c ../attempt2_bsp//libucosii_bsp.a(os_dbg.o)
                0x0080f500                OSDebugInit
 .text          0x0080f68c     0x193c ../attempt2_bsp//libucosii_bsp.a(os_flag.o)
                0x0080f68c                OSFlagAccept
                0x0080f9c0                OSFlagCreate
                0x0080fafc                OSFlagDel
                0x0080fda4                OSFlagNameGet
                0x0080fee8                OSFlagNameSet
                0x0081003c                OSFlagPend
                0x00810680                OSFlagPendGetFlagsRdy
                0x008106e8                OSFlagPost
                0x00810a90                OSFlagQuery
                0x00810d28                OS_FlagInit
                0x00810f1c                OS_FlagUnlink
 .text          0x00810fc8      0x80c ../attempt2_bsp//libucosii_bsp.a(os_mem.o)
                0x00810fc8                OSMemCreate
                0x008111e4                OSMemGet
                0x008112e8                OSMemNameGet
                0x008113f4                OSMemNameSet
                0x00811514                OSMemPut
                0x00811604                OSMemQuery
                0x00811700                OS_MemInit
 .text          0x008117d4     0x1334 ../attempt2_bsp//libucosii_bsp.a(os_q.o)
                0x008117d4                OSQAccept
                0x00811928                OSQCreate
                0x00811b3c                OSQDel
                0x00811e3c                OSQFlush
                0x00811f04                OSQPend
                0x00812224                OSQPendAbort
                0x008123a0                OSQPost
                0x00812520                OSQPostFront
                0x008126a8                OSQPostOpt
                0x008128dc                OSQQuery
                0x00812a5c                OS_QInit
 .text          0x00812b08      0xbc8 ../attempt2_bsp//libucosii_bsp.a(os_sem.o)
                0x00812b08                OSSemAccept
                0x00812bc8                OSSemCreate
                0x00812cdc                OSSemDel
                0x00812f7c                OSSemPend
                0x008131f8                OSSemPendAbort
                0x00813374                OSSemPost
                0x0081349c                OSSemQuery
                0x008135cc                OSSemSet
 .text          0x008136d0     0x1a40 ../attempt2_bsp//libucosii_bsp.a(os_task.o)
                0x008136d0                OSTaskChangePrio
                0x00813c44                OSTaskCreate
                0x00813e18                OSTaskCreateExt
                0x00814018                OSTaskDel
                0x00814424                OSTaskDelReq
                0x00814594                OSTaskNameGet
                0x0081474c                OSTaskNameSet
                0x00814910                OSTaskResume
                0x00814b28                OSTaskStkChk
                0x00814d24                OSTaskSuspend
                0x00814f50                OSTaskQuery
                0x00815094                OS_TaskStkClr
 .text          0x00815110      0x5b4 ../attempt2_bsp//libucosii_bsp.a(os_time.o)
                0x00815110                OSTimeDly
                0x0081525c                OSTimeDlyHMSM
                0x008153ec                OSTimeDlyResume
                0x008155fc                OSTimeGet
                0x00815660                OSTimeSet
 .text          0x008156c4       0xf8 ../attempt2_bsp//libucosii_bsp.a(alt_sys_init.o)
                0x008156c4                alt_irq_init
                0x008156f8                alt_sys_init
 .text          0x008157bc      0x148 ../attempt2_bsp//libucosii_bsp.a(altera_avalon_jtag_uart_fd.o)
                0x008157bc                altera_avalon_jtag_uart_read_fd
                0x00815814                altera_avalon_jtag_uart_write_fd
                0x0081586c                altera_avalon_jtag_uart_close_fd
                0x008158b4                altera_avalon_jtag_uart_ioctl_fd
 .text          0x00815904      0x580 ../attempt2_bsp//libucosii_bsp.a(altera_avalon_jtag_uart_init.o)
                0x00815904                altera_avalon_jtag_uart_init
                0x00815e10                altera_avalon_jtag_uart_close
 .text          0x00815e84       0xf4 ../attempt2_bsp//libucosii_bsp.a(altera_avalon_jtag_uart_ioctl.o)
                0x00815e84                altera_avalon_jtag_uart_ioctl
 .text          0x00815f78      0x2c0 ../attempt2_bsp//libucosii_bsp.a(altera_avalon_jtag_uart_read.o)
                0x00815f78                altera_avalon_jtag_uart_read
 .text          0x00816238      0x2dc ../attempt2_bsp//libucosii_bsp.a(altera_avalon_jtag_uart_write.o)
                0x00816238                altera_avalon_jtag_uart_write
 .text          0x00816514       0xfc ../attempt2_bsp//libucosii_bsp.a(altera_avalon_timer_sc.o)
                0x00816588                alt_avalon_timer_sc_init
 .text          0x00816610      0x80c ../attempt2_bsp//libucosii_bsp.a(altera_up_avalon_audio.o)
                0x00816610                alt_up_audio_open_dev
                0x00816650                alt_up_audio_enable_read_interrupt
                0x0081669c                alt_up_audio_disable_read_interrupt
                0x008166ec                alt_up_audio_enable_write_interrupt
                0x00816738                alt_up_audio_disable_write_interrupt
                0x00816788                alt_up_audio_read_interrupt_pending
                0x008167c4                alt_up_audio_write_interrupt_pending
                0x00816800                alt_up_audio_reset_audio_core
                0x00816888                alt_up_audio_read_fifo_avail
                0x008168f8                alt_up_audio_record_r
                0x00816968                alt_up_audio_record_l
                0x008169d8                alt_up_audio_write_fifo_space
                0x00816a4c                alt_up_audio_play_r
                0x00816abc                alt_up_audio_play_l
                0x00816b2c                alt_up_audio_read_fifo
                0x00816c30                alt_up_audio_write_fifo
                0x00816d5c                alt_up_audio_read_fifo_head
                0x00816dbc                alt_up_audio_write_fifo_head
 .text          0x00816e1c      0x788 ../attempt2_bsp//libucosii_bsp.a(altera_up_avalon_audio_and_video_config.o)
                0x00816e1c                alt_up_av_config_open_dev
                0x00816e80                alt_up_av_config_write_data
                0x00816ee4                alt_up_av_config_read_data
                0x00816f70                alt_up_av_config_reset
                0x00816fa8                alt_up_av_config_enable_interrupt
                0x00816fe0                alt_up_av_config_disable_interrupt
                0x00817010                alt_up_av_config_read_acknowledge
                0x00817078                alt_up_av_config_read_ready
                0x008170b0                alt_up_av_config_write_audio_cfg_register
                0x0081715c                alt_up_av_config_read_video_cfg_register
                0x00817254                alt_up_av_config_write_video_cfg_register
                0x0081734c                alt_up_av_config_read_DC2_cfg_register
                0x008173b0                alt_up_av_config_write_DC2_cfg_register
                0x00817414                alt_up_av_config_read_D5M_cfg_register
                0x00817478                alt_up_av_config_write_D5M_cfg_register
                0x008174dc                alt_up_av_config_read_LTM_cfg_register
                0x00817540                alt_up_av_config_write_LTM_cfg_register
 .text          0x008175a4      0x530 ../attempt2_bsp//libucosii_bsp.a(altera_up_avalon_character_lcd.o)
                0x008175a4                get_DDRAM_addr
                0x00817620                alt_up_character_lcd_send_cmd
                0x00817654                alt_up_character_lcd_init
                0x00817688                alt_up_character_lcd_open_dev
                0x008176c8                alt_up_character_lcd_write
                0x00817740                alt_up_character_lcd_string
                0x008177b8                alt_up_character_lcd_write_fd
                0x00817804                alt_up_character_lcd_set_cursor_pos
                0x0081787c                alt_up_character_lcd_shift_cursor
                0x0081792c                alt_up_character_lcd_shift_display
                0x008179dc                alt_up_character_lcd_erase_pos
                0x00817a6c                alt_up_character_lcd_cursor_off
                0x00817aa0                alt_up_character_lcd_cursor_blink_on
 .text          0x00817ad4      0x154 ../attempt2_bsp//libucosii_bsp.a(alt_alarm_start.o)
                0x00817ad4                alt_alarm_start
 .text          0x00817c28       0x1c ../attempt2_bsp//libucosii_bsp.a(alt_dcache_flush_all.o)
                0x00817c28                alt_dcache_flush_all
 .text          0x00817c44      0x114 ../attempt2_bsp//libucosii_bsp.a(alt_dev_llist_insert.o)
                0x00817c44                alt_dev_llist_insert
 .text          0x00817d58       0x64 ../attempt2_bsp//libucosii_bsp.a(alt_do_ctors.o)
                0x00817d58                _do_ctors
 .text          0x00817dbc       0x64 ../attempt2_bsp//libucosii_bsp.a(alt_do_dtors.o)
                0x00817dbc                _do_dtors
 .text          0x00817e20       0x94 ../attempt2_bsp//libucosii_bsp.a(alt_find_dev.o)
                0x00817e20                alt_find_dev
 .text          0x00817eb4       0x1c ../attempt2_bsp//libucosii_bsp.a(alt_icache_flush_all.o)
                0x00817eb4                alt_icache_flush_all
 .text          0x00817ed0      0x150 ../attempt2_bsp//libucosii_bsp.a(alt_io_redirect.o)
                0x00817fa8                alt_io_redirect
 .text          0x00818020      0x1c0 ../attempt2_bsp//libucosii_bsp.a(alt_irq_register.o)
                0x00818020                alt_irq_register
 .text          0x008181e0        0x0 ../attempt2_bsp//libucosii_bsp.a(alt_irq_vars.o)
 .text          0x008181e0      0x2e4 ../attempt2_bsp//libucosii_bsp.a(alt_open.o)
                0x008182d8                open
 .text          0x008184c4      0x1a8 ../attempt2_bsp//libucosii_bsp.a(alt_tick.o)
                0x008184c4                alt_alarm_stop
                0x0081855c                alt_tick
 .text          0x0081866c       0x20 ../attempt2_bsp//libucosii_bsp.a(altera_nios2_qsys_irq.o)
                0x0081866c                altera_nios2_qsys_irq_init
 .text          0x0081868c       0xd0 ../attempt2_bsp//libucosii_bsp.a(os_cpu_a.o)
                0x0081868c                OSCtxSw
                0x0081868c                OSIntCtxSw
                0x00818718                OSStartHighRdy
                0x00818738                OSStartTsk
 .text          0x0081875c      0x418 ../attempt2_bsp//libucosii_bsp.a(os_cpu_c.o)
                0x0081875c                OSTaskStkInit
                0x00818a6c                OSTaskCreateHook
                0x00818a8c                OSTaskDelHook
                0x00818aac                OSTaskSwHook
                0x00818ac8                OSTaskStatHook
                0x00818ae4                OSTimeTickHook
                0x00818b00                OSInitHookBegin
                0x00818b1c                OSInitHookEnd
                0x00818b38                OSTaskIdleHook
                0x00818b54                OSTCBInitHook
 .text          0x00818b74      0x120 ../attempt2_bsp//libucosii_bsp.a(alt_find_file.o)
                0x00818b74                alt_find_file
 .text          0x00818c94      0x104 ../attempt2_bsp//libucosii_bsp.a(alt_get_fd.o)
                0x00818c94                alt_get_fd
 .text          0x00818d98        0x0 ../attempt2_bsp//libucosii_bsp.a(alt_irq_entry.o)
 .text          0x00818d98        0x0 ../attempt2_bsp//libucosii_bsp.a(alt_irq_handler.o)
 .text          0x00818d98        0x0 ../attempt2_bsp//libucosii_bsp.a(alt_exception_entry.o)
 .text          0x00818d98       0x14 /OPT/altera/12.1/nios2eds/bin/gnu/H-i686-pc-linux-gnu/bin/../lib/gcc/nios2-elf/4.1.2/../../../../nios2-elf/lib/mno-hw-mul/libc.a(lib_a-atexit.o)
                0x00818d98                atexit
 .text          0x00818dac       0x38 /OPT/altera/12.1/nios2eds/bin/gnu/H-i686-pc-linux-gnu/bin/../lib/gcc/nios2-elf/4.1.2/../../../../nios2-elf/lib/mno-hw-mul/libc.a(lib_a-exit.o)
                0x00818dac                exit
 .text          0x00818de4       0x74 /OPT/altera/12.1/nios2eds/bin/gnu/H-i686-pc-linux-gnu/bin/../lib/gcc/nios2-elf/4.1.2/../../../../nios2-elf/lib/mno-hw-mul/libc.a(lib_a-memcmp.o)
                0x00818de4                memcmp
 .text          0x00818e58      0x134 /OPT/altera/12.1/nios2eds/bin/gnu/H-i686-pc-linux-gnu/bin/../lib/gcc/nios2-elf/4.1.2/../../../../nios2-elf/lib/mno-hw-mul/libc.a(lib_a-__atexit.o)
                0x00818e58                __register_exitproc
 .text          0x00818f8c      0x1b4 /OPT/altera/12.1/nios2eds/bin/gnu/H-i686-pc-linux-gnu/bin/../lib/gcc/nios2-elf/4.1.2/../../../../nios2-elf/lib/mno-hw-mul/libc.a(lib_a-__call_atexit.o)
                0x00818f90                __call_exitprocs
 .text          0x00819140       0x6c ../attempt2_bsp//libucosii_bsp.a(alt_exit.o)
                0x00819180                _exit
 *(.gnu.warning.*)
 *(.fini)
                0x008191ac                PROVIDE (__etext, ABSOLUTE (.))
                0x008191ac                PROVIDE (_etext, ABSOLUTE (.))
                0x008191ac                PROVIDE (etext, ABSOLUTE (.))
 *(.eh_frame_hdr)
                0x008191ac                . = ALIGN (0x4)
                0x008191ac                PROVIDE (__preinit_array_start, ABSOLUTE (.))
 *(.preinit_array)
                0x008191ac                PROVIDE (__preinit_array_end, ABSOLUTE (.))
                0x008191ac                PROVIDE (__init_array_start, ABSOLUTE (.))
 *(.init_array)
                0x008191ac                PROVIDE (__init_array_end, ABSOLUTE (.))
                0x008191ac                PROVIDE (__fini_array_start, ABSOLUTE (.))
 *(.fini_array)
                0x008191ac                PROVIDE (__fini_array_end, ABSOLUTE (.))
 *(.eh_frame)
 *(.gcc_except_table)
 *(.dynamic)
                0x008191ac                PROVIDE (__CTOR_LIST__, ABSOLUTE (.))
 *(.ctors)
 *(SORT(.ctors.*))
 .ctors.65535   0x008191ac        0x4 /OPT/altera/12.1/nios2eds/bin/gnu/H-i686-pc-linux-gnu/bin/../lib/gcc/nios2-elf/4.1.2/../../../../nios2-elf/lib/mno-hw-mul/libc.a(lib_a-__call_atexit.o)
                0x008191b0                PROVIDE (__CTOR_END__, ABSOLUTE (.))
                0x008191b0                PROVIDE (__DTOR_LIST__, ABSOLUTE (.))
 *(.dtors)
 *(SORT(.dtors.*))
                0x008191b0                PROVIDE (__DTOR_END__, ABSOLUTE (.))
 *(.jcr)
                0x008191b0                . = ALIGN (0x4)

.rodata         0x008191b0      0x758
                0x008191b0                PROVIDE (__ram_rodata_start, ABSOLUTE (.))
                0x008191b0                . = ALIGN (0x4)
 *(.rodata .rodata.* .gnu.linkonce.r.*)
 .rodata        0x008191b0       0xd0 obj/default/hello_ucosii.o
 .rodata        0x00819280      0x188 /OPT/altera/12.1/nios2eds/bin/gnu/H-i686-pc-linux-gnu/bin/../lib/gcc/nios2-elf/4.1.2/../../../../nios2-elf/lib/mno-hw-mul/libm.a(lib_a-e_rem_pio2.o)
 .rodata        0x00819408       0x50 /OPT/altera/12.1/nios2eds/bin/gnu/H-i686-pc-linux-gnu/bin/../lib/gcc/nios2-elf/4.1.2/../../../../nios2-elf/lib/mno-hw-mul/libm.a(lib_a-k_rem_pio2.o)
 .rodata        0x00819458       0x14 /OPT/altera/12.1/nios2eds/bin/gnu/H-i686-pc-linux-gnu/bin/../lib/gcc/nios2-elf/4.1.2/mno-hw-mul/libgcc.a(_thenan_df.o)
                0x00819458                __thenan_df
 .rodata        0x0081946c      0x100 /OPT/altera/12.1/nios2eds/bin/gnu/H-i686-pc-linux-gnu/bin/../lib/gcc/nios2-elf/4.1.2/mno-hw-mul/libgcc.a(_clz.o)
                0x0081946c                __clz_tab
 .rodata.str1.4
                0x0081956c        0x2 /OPT/altera/12.1/nios2eds/bin/gnu/H-i686-pc-linux-gnu/bin/../lib/gcc/nios2-elf/4.1.2/../../../../nios2-elf/lib/mno-hw-mul/libc.a(lib_a-puts.o)
                                  0x4 (size before relaxing)
 *fill*         0x0081956e        0x2 00
 .rodata.str1.4
                0x00819570       0x5e /OPT/altera/12.1/nios2eds/bin/gnu/H-i686-pc-linux-gnu/bin/../lib/gcc/nios2-elf/4.1.2/../../../../nios2-elf/lib/mno-hw-mul/libc.a(lib_a-vfprintf.o)
                                 0x60 (size before relaxing)
 .rodata        0x008195ce       0x20 /OPT/altera/12.1/nios2eds/bin/gnu/H-i686-pc-linux-gnu/bin/../lib/gcc/nios2-elf/4.1.2/../../../../nios2-elf/lib/mno-hw-mul/libc.a(lib_a-vfprintf.o)
 *fill*         0x008195ee        0x2 00
 .rodata.str1.4
                0x008195f0       0x10 /OPT/altera/12.1/nios2eds/bin/gnu/H-i686-pc-linux-gnu/bin/../lib/gcc/nios2-elf/4.1.2/../../../../nios2-elf/lib/mno-hw-mul/libc.a(lib_a-dtoa.o)
                                 0x14 (size before relaxing)
 .rodata.str1.4
                0x00819600        0x2 /OPT/altera/12.1/nios2eds/bin/gnu/H-i686-pc-linux-gnu/bin/../lib/gcc/nios2-elf/4.1.2/../../../../nios2-elf/lib/mno-hw-mul/libc.a(lib_a-impure.o)
                                  0x4 (size before relaxing)
 *fill*         0x00819602        0x2 00
 .rodata.str1.4
                0x00819604       0x10 /OPT/altera/12.1/nios2eds/bin/gnu/H-i686-pc-linux-gnu/bin/../lib/gcc/nios2-elf/4.1.2/../../../../nios2-elf/lib/mno-hw-mul/libc.a(lib_a-locale.o)
                                 0x18 (size before relaxing)
 .rodata        0x00819614       0x30 /OPT/altera/12.1/nios2eds/bin/gnu/H-i686-pc-linux-gnu/bin/../lib/gcc/nios2-elf/4.1.2/../../../../nios2-elf/lib/mno-hw-mul/libc.a(lib_a-locale.o)
 .rodata        0x00819644      0x124 /OPT/altera/12.1/nios2eds/bin/gnu/H-i686-pc-linux-gnu/bin/../lib/gcc/nios2-elf/4.1.2/../../../../nios2-elf/lib/mno-hw-mul/libc.a(lib_a-mprec.o)
                0x00819644                __mprec_tens
                0x0081970c                __mprec_bigtens
                0x00819734                __mprec_tinytens
 .rodata        0x00819768        0xc ../attempt2_bsp//libucosii_bsp.a(alt_dev.o)
 .rodata        0x00819774       0x14 ../attempt2_bsp//libucosii_bsp.a(alt_main.o)
 .rodata        0x00819788      0x120 ../attempt2_bsp//libucosii_bsp.a(os_core.o)
                0x00819788                OSUnMapTbl
 .rodata        0x008198a8       0x5c ../attempt2_bsp//libucosii_bsp.a(alt_sys_init.o)
 .rodata        0x00819904        0x4 ../attempt2_bsp//libucosii_bsp.a(os_cpu_c.o)
 *(.rodata1)
                0x00819908                . = ALIGN (0x4)
                0x00819908                PROVIDE (__ram_rodata_end, ABSOLUTE (.))
                0x008191b0                PROVIDE (__flash_rodata_start, LOADADDR (.rodata))

.rwdata         0x00819908     0x1b70 load address 0x0081b478
                0x00819908                PROVIDE (__ram_rwdata_start, ABSOLUTE (.))
                0x00819908                . = ALIGN (0x4)
 *(.got.plt)
 *(.got)
 *(.data1)
 *(.data .data.* .gnu.linkonce.d.*)
 .data          0x00819908        0x0 ../attempt2_bsp//obj/HAL/src/crt0.o
 .data          0x00819908        0x0 obj/default/hello_ucosii.o
 .data          0x00819908        0x0 /OPT/altera/12.1/nios2eds/bin/gnu/H-i686-pc-linux-gnu/bin/../lib/gcc/nios2-elf/4.1.2/../../../../nios2-elf/lib/mno-hw-mul/libm.a(lib_a-s_sin.o)
 .data          0x00819908        0x0 /OPT/altera/12.1/nios2eds/bin/gnu/H-i686-pc-linux-gnu/bin/../lib/gcc/nios2-elf/4.1.2/../../../../nios2-elf/lib/mno-hw-mul/libm.a(lib_a-e_rem_pio2.o)
 .data          0x00819908        0x0 /OPT/altera/12.1/nios2eds/bin/gnu/H-i686-pc-linux-gnu/bin/../lib/gcc/nios2-elf/4.1.2/../../../../nios2-elf/lib/mno-hw-mul/libm.a(lib_a-k_cos.o)
 .data          0x00819908        0x0 /OPT/altera/12.1/nios2eds/bin/gnu/H-i686-pc-linux-gnu/bin/../lib/gcc/nios2-elf/4.1.2/../../../../nios2-elf/lib/mno-hw-mul/libm.a(lib_a-k_rem_pio2.o)
 .data          0x00819908        0x0 /OPT/altera/12.1/nios2eds/bin/gnu/H-i686-pc-linux-gnu/bin/../lib/gcc/nios2-elf/4.1.2/../../../../nios2-elf/lib/mno-hw-mul/libm.a(lib_a-k_sin.o)
 .data          0x00819908        0x0 /OPT/altera/12.1/nios2eds/bin/gnu/H-i686-pc-linux-gnu/bin/../lib/gcc/nios2-elf/4.1.2/../../../../nios2-elf/lib/mno-hw-mul/libm.a(lib_a-s_fabs.o)
 .data          0x00819908        0x0 /OPT/altera/12.1/nios2eds/bin/gnu/H-i686-pc-linux-gnu/bin/../lib/gcc/nios2-elf/4.1.2/../../../../nios2-elf/lib/mno-hw-mul/libm.a(lib_a-s_floor.o)
 .data          0x00819908        0x0 /OPT/altera/12.1/nios2eds/bin/gnu/H-i686-pc-linux-gnu/bin/../lib/gcc/nios2-elf/4.1.2/../../../../nios2-elf/lib/mno-hw-mul/libm.a(lib_a-s_scalbn.o)
 .data          0x00819908        0x0 /OPT/altera/12.1/nios2eds/bin/gnu/H-i686-pc-linux-gnu/bin/../lib/gcc/nios2-elf/4.1.2/../../../../nios2-elf/lib/mno-hw-mul/libm.a(lib_a-s_copysign.o)
 .data          0x00819908        0x0 /OPT/altera/12.1/nios2eds/bin/gnu/H-i686-pc-linux-gnu/bin/../lib/gcc/nios2-elf/4.1.2/mno-hw-mul/libgcc.a(_fixunsdfsi.o)
 .data          0x00819908        0x0 /OPT/altera/12.1/nios2eds/bin/gnu/H-i686-pc-linux-gnu/bin/../lib/gcc/nios2-elf/4.1.2/mno-hw-mul/libgcc.a(_addsub_df.o)
 .data          0x00819908        0x0 /OPT/altera/12.1/nios2eds/bin/gnu/H-i686-pc-linux-gnu/bin/../lib/gcc/nios2-elf/4.1.2/mno-hw-mul/libgcc.a(_mul_df.o)
 .data          0x00819908        0x0 /OPT/altera/12.1/nios2eds/bin/gnu/H-i686-pc-linux-gnu/bin/../lib/gcc/nios2-elf/4.1.2/mno-hw-mul/libgcc.a(_div_df.o)
 .data          0x00819908        0x0 /OPT/altera/12.1/nios2eds/bin/gnu/H-i686-pc-linux-gnu/bin/../lib/gcc/nios2-elf/4.1.2/mno-hw-mul/libgcc.a(_eq_df.o)
 .data          0x00819908        0x0 /OPT/altera/12.1/nios2eds/bin/gnu/H-i686-pc-linux-gnu/bin/../lib/gcc/nios2-elf/4.1.2/mno-hw-mul/libgcc.a(_gt_df.o)
 .data          0x00819908        0x0 /OPT/altera/12.1/nios2eds/bin/gnu/H-i686-pc-linux-gnu/bin/../lib/gcc/nios2-elf/4.1.2/mno-hw-mul/libgcc.a(_ge_df.o)
 .data          0x00819908        0x0 /OPT/altera/12.1/nios2eds/bin/gnu/H-i686-pc-linux-gnu/bin/../lib/gcc/nios2-elf/4.1.2/mno-hw-mul/libgcc.a(_si_to_df.o)
 .data          0x00819908        0x0 /OPT/altera/12.1/nios2eds/bin/gnu/H-i686-pc-linux-gnu/bin/../lib/gcc/nios2-elf/4.1.2/mno-hw-mul/libgcc.a(_df_to_si.o)
 .data          0x00819908        0x0 /OPT/altera/12.1/nios2eds/bin/gnu/H-i686-pc-linux-gnu/bin/../lib/gcc/nios2-elf/4.1.2/mno-hw-mul/libgcc.a(_thenan_df.o)
 .data          0x00819908        0x0 /OPT/altera/12.1/nios2eds/bin/gnu/H-i686-pc-linux-gnu/bin/../lib/gcc/nios2-elf/4.1.2/mno-hw-mul/libgcc.a(lib2-divmod.o)
 .data          0x00819908        0x0 /OPT/altera/12.1/nios2eds/bin/gnu/H-i686-pc-linux-gnu/bin/../lib/gcc/nios2-elf/4.1.2/mno-hw-mul/libgcc.a(lib2-mul.o)
 .data          0x00819908        0x0 /OPT/altera/12.1/nios2eds/bin/gnu/H-i686-pc-linux-gnu/bin/../lib/gcc/nios2-elf/4.1.2/mno-hw-mul/libgcc.a(_muldi3.o)
 .data          0x00819908        0x0 /OPT/altera/12.1/nios2eds/bin/gnu/H-i686-pc-linux-gnu/bin/../lib/gcc/nios2-elf/4.1.2/mno-hw-mul/libgcc.a(_clzsi2.o)
 .data          0x00819908        0x0 /OPT/altera/12.1/nios2eds/bin/gnu/H-i686-pc-linux-gnu/bin/../lib/gcc/nios2-elf/4.1.2/mno-hw-mul/libgcc.a(_pack_df.o)
 .data          0x00819908        0x0 /OPT/altera/12.1/nios2eds/bin/gnu/H-i686-pc-linux-gnu/bin/../lib/gcc/nios2-elf/4.1.2/mno-hw-mul/libgcc.a(_unpack_df.o)
 .data          0x00819908        0x0 /OPT/altera/12.1/nios2eds/bin/gnu/H-i686-pc-linux-gnu/bin/../lib/gcc/nios2-elf/4.1.2/mno-hw-mul/libgcc.a(_fpcmp_parts_df.o)
 .data          0x00819908        0x0 /OPT/altera/12.1/nios2eds/bin/gnu/H-i686-pc-linux-gnu/bin/../lib/gcc/nios2-elf/4.1.2/mno-hw-mul/libgcc.a(_clz.o)
 .data          0x00819908        0x0 /OPT/altera/12.1/nios2eds/bin/gnu/H-i686-pc-linux-gnu/bin/../lib/gcc/nios2-elf/4.1.2/../../../../nios2-elf/lib/mno-hw-mul/libc.a(lib_a-printf.o)
 .data          0x00819908        0x0 /OPT/altera/12.1/nios2eds/bin/gnu/H-i686-pc-linux-gnu/bin/../lib/gcc/nios2-elf/4.1.2/../../../../nios2-elf/lib/mno-hw-mul/libc.a(lib_a-puts.o)
 .data          0x00819908        0x0 /OPT/altera/12.1/nios2eds/bin/gnu/H-i686-pc-linux-gnu/bin/../lib/gcc/nios2-elf/4.1.2/../../../../nios2-elf/lib/mno-hw-mul/libc.a(lib_a-strlen.o)
 .data          0x00819908        0x0 /OPT/altera/12.1/nios2eds/bin/gnu/H-i686-pc-linux-gnu/bin/../lib/gcc/nios2-elf/4.1.2/../../../../nios2-elf/lib/mno-hw-mul/libc.a(lib_a-vfprintf.o)
 .data          0x00819908        0x0 /OPT/altera/12.1/nios2eds/bin/gnu/H-i686-pc-linux-gnu/bin/../lib/gcc/nios2-elf/4.1.2/../../../../nios2-elf/lib/mno-hw-mul/libc.a(lib_a-wsetup.o)
 .data          0x00819908        0x0 /OPT/altera/12.1/nios2eds/bin/gnu/H-i686-pc-linux-gnu/bin/../lib/gcc/nios2-elf/4.1.2/../../../../nios2-elf/lib/mno-hw-mul/libc.a(lib_a-dtoa.o)
 .data          0x00819908        0x0 /OPT/altera/12.1/nios2eds/bin/gnu/H-i686-pc-linux-gnu/bin/../lib/gcc/nios2-elf/4.1.2/../../../../nios2-elf/lib/mno-hw-mul/libc.a(lib_a-fflush.o)
 .data          0x00819908        0x0 /OPT/altera/12.1/nios2eds/bin/gnu/H-i686-pc-linux-gnu/bin/../lib/gcc/nios2-elf/4.1.2/../../../../nios2-elf/lib/mno-hw-mul/libc.a(lib_a-findfp.o)
 .data          0x00819908        0x0 /OPT/altera/12.1/nios2eds/bin/gnu/H-i686-pc-linux-gnu/bin/../lib/gcc/nios2-elf/4.1.2/../../../../nios2-elf/lib/mno-hw-mul/libc.a(lib_a-freer.o)
 .data          0x00819908        0x0 /OPT/altera/12.1/nios2eds/bin/gnu/H-i686-pc-linux-gnu/bin/../lib/gcc/nios2-elf/4.1.2/../../../../nios2-elf/lib/mno-hw-mul/libc.a(lib_a-fvwrite.o)
 .data          0x00819908        0x0 /OPT/altera/12.1/nios2eds/bin/gnu/H-i686-pc-linux-gnu/bin/../lib/gcc/nios2-elf/4.1.2/../../../../nios2-elf/lib/mno-hw-mul/libc.a(lib_a-fwalk.o)
 .data          0x00819908      0x400 /OPT/altera/12.1/nios2eds/bin/gnu/H-i686-pc-linux-gnu/bin/../lib/gcc/nios2-elf/4.1.2/../../../../nios2-elf/lib/mno-hw-mul/libc.a(lib_a-impure.o)
 .data          0x00819d08        0xc /OPT/altera/12.1/nios2eds/bin/gnu/H-i686-pc-linux-gnu/bin/../lib/gcc/nios2-elf/4.1.2/../../../../nios2-elf/lib/mno-hw-mul/libc.a(lib_a-locale.o)
                0x00819d08                __lc_ctype
 .data          0x00819d14        0x0 /OPT/altera/12.1/nios2eds/bin/gnu/H-i686-pc-linux-gnu/bin/../lib/gcc/nios2-elf/4.1.2/../../../../nios2-elf/lib/mno-hw-mul/libc.a(lib_a-makebuf.o)
 .data          0x00819d14      0x408 /OPT/altera/12.1/nios2eds/bin/gnu/H-i686-pc-linux-gnu/bin/../lib/gcc/nios2-elf/4.1.2/../../../../nios2-elf/lib/mno-hw-mul/libc.a(lib_a-mallocr.o)
                0x00819d14                __malloc_av_
 .data          0x0081a11c        0x0 /OPT/altera/12.1/nios2eds/bin/gnu/H-i686-pc-linux-gnu/bin/../lib/gcc/nios2-elf/4.1.2/../../../../nios2-elf/lib/mno-hw-mul/libc.a(lib_a-memchr.o)
 .data          0x0081a11c        0x0 /OPT/altera/12.1/nios2eds/bin/gnu/H-i686-pc-linux-gnu/bin/../lib/gcc/nios2-elf/4.1.2/../../../../nios2-elf/lib/mno-hw-mul/libc.a(lib_a-memcpy.o)
 .data          0x0081a11c        0x0 /OPT/altera/12.1/nios2eds/bin/gnu/H-i686-pc-linux-gnu/bin/../lib/gcc/nios2-elf/4.1.2/../../../../nios2-elf/lib/mno-hw-mul/libc.a(lib_a-memmove.o)
 .data          0x0081a11c        0x0 /OPT/altera/12.1/nios2eds/bin/gnu/H-i686-pc-linux-gnu/bin/../lib/gcc/nios2-elf/4.1.2/../../../../nios2-elf/lib/mno-hw-mul/libc.a(lib_a-memset.o)
 .data          0x0081a11c        0x0 /OPT/altera/12.1/nios2eds/bin/gnu/H-i686-pc-linux-gnu/bin/../lib/gcc/nios2-elf/4.1.2/../../../../nios2-elf/lib/mno-hw-mul/libc.a(lib_a-mprec.o)
 .data          0x0081a11c        0x0 /OPT/altera/12.1/nios2eds/bin/gnu/H-i686-pc-linux-gnu/bin/../lib/gcc/nios2-elf/4.1.2/../../../../nios2-elf/lib/mno-hw-mul/libc.a(lib_a-reallocr.o)
 .data          0x0081a11c        0x0 /OPT/altera/12.1/nios2eds/bin/gnu/H-i686-pc-linux-gnu/bin/../lib/gcc/nios2-elf/4.1.2/../../../../nios2-elf/lib/mno-hw-mul/libc.a(lib_a-s_isinfd.o)
 .data          0x0081a11c        0x0 /OPT/altera/12.1/nios2eds/bin/gnu/H-i686-pc-linux-gnu/bin/../lib/gcc/nios2-elf/4.1.2/../../../../nios2-elf/lib/mno-hw-mul/libc.a(lib_a-s_isnand.o)
 .data          0x0081a11c        0x0 /OPT/altera/12.1/nios2eds/bin/gnu/H-i686-pc-linux-gnu/bin/../lib/gcc/nios2-elf/4.1.2/../../../../nios2-elf/lib/mno-hw-mul/libc.a(lib_a-sbrkr.o)
 .data          0x0081a11c        0x0 /OPT/altera/12.1/nios2eds/bin/gnu/H-i686-pc-linux-gnu/bin/../lib/gcc/nios2-elf/4.1.2/../../../../nios2-elf/lib/mno-hw-mul/libc.a(lib_a-stdio.o)
 .data          0x0081a11c        0x0 /OPT/altera/12.1/nios2eds/bin/gnu/H-i686-pc-linux-gnu/bin/../lib/gcc/nios2-elf/4.1.2/../../../../nios2-elf/lib/mno-hw-mul/libc.a(lib_a-strcmp.o)
 .data          0x0081a11c        0x0 /OPT/altera/12.1/nios2eds/bin/gnu/H-i686-pc-linux-gnu/bin/../lib/gcc/nios2-elf/4.1.2/../../../../nios2-elf/lib/mno-hw-mul/libc.a(lib_a-writer.o)
 .data          0x0081a11c        0x0 /OPT/altera/12.1/nios2eds/bin/gnu/H-i686-pc-linux-gnu/bin/../lib/gcc/nios2-elf/4.1.2/../../../../nios2-elf/lib/mno-hw-mul/libc.a(lib_a-callocr.o)
 .data          0x0081a11c        0x0 /OPT/altera/12.1/nios2eds/bin/gnu/H-i686-pc-linux-gnu/bin/../lib/gcc/nios2-elf/4.1.2/../../../../nios2-elf/lib/mno-hw-mul/libc.a(lib_a-closer.o)
 .data          0x0081a11c        0x0 /OPT/altera/12.1/nios2eds/bin/gnu/H-i686-pc-linux-gnu/bin/../lib/gcc/nios2-elf/4.1.2/../../../../nios2-elf/lib/mno-hw-mul/libc.a(lib_a-fclose.o)
 .data          0x0081a11c        0x0 /OPT/altera/12.1/nios2eds/bin/gnu/H-i686-pc-linux-gnu/bin/../lib/gcc/nios2-elf/4.1.2/../../../../nios2-elf/lib/mno-hw-mul/libc.a(lib_a-fstatr.o)
 .data          0x0081a11c        0x0 /OPT/altera/12.1/nios2eds/bin/gnu/H-i686-pc-linux-gnu/bin/../lib/gcc/nios2-elf/4.1.2/../../../../nios2-elf/lib/mno-hw-mul/libc.a(lib_a-int_errno.o)
 .data          0x0081a11c        0x0 /OPT/altera/12.1/nios2eds/bin/gnu/H-i686-pc-linux-gnu/bin/../lib/gcc/nios2-elf/4.1.2/../../../../nios2-elf/lib/mno-hw-mul/libc.a(lib_a-isattyr.o)
 .data          0x0081a11c        0x0 /OPT/altera/12.1/nios2eds/bin/gnu/H-i686-pc-linux-gnu/bin/../lib/gcc/nios2-elf/4.1.2/../../../../nios2-elf/lib/mno-hw-mul/libc.a(lib_a-lseekr.o)
 .data          0x0081a11c        0x0 /OPT/altera/12.1/nios2eds/bin/gnu/H-i686-pc-linux-gnu/bin/../lib/gcc/nios2-elf/4.1.2/../../../../nios2-elf/lib/mno-hw-mul/libc.a(lib_a-readr.o)
 .data          0x0081a11c        0x0 /OPT/altera/12.1/nios2eds/bin/gnu/H-i686-pc-linux-gnu/bin/../lib/gcc/nios2-elf/4.1.2/mno-hw-mul/libgcc.a(_udivdi3.o)
 .data          0x0081a11c        0x0 /OPT/altera/12.1/nios2eds/bin/gnu/H-i686-pc-linux-gnu/bin/../lib/gcc/nios2-elf/4.1.2/mno-hw-mul/libgcc.a(_umoddi3.o)
 .data          0x0081a11c        0x0 /OPT/altera/12.1/nios2eds/bin/gnu/H-i686-pc-linux-gnu/bin/../lib/gcc/nios2-elf/4.1.2/mno-hw-mul/libgcc.a(_ne_df.o)
 .data          0x0081a11c        0x0 /OPT/altera/12.1/nios2eds/bin/gnu/H-i686-pc-linux-gnu/bin/../lib/gcc/nios2-elf/4.1.2/mno-hw-mul/libgcc.a(_lt_df.o)
 .data          0x0081a11c        0x0 /OPT/altera/12.1/nios2eds/bin/gnu/H-i686-pc-linux-gnu/bin/../lib/gcc/nios2-elf/4.1.2/mno-hw-mul/libgcc.a(_usi_to_df.o)
 .data          0x0081a11c        0x0 ../attempt2_bsp//libucosii_bsp.a(alt_close.o)
 .data          0x0081a11c      0x1a8 ../attempt2_bsp//libucosii_bsp.a(alt_dev.o)
                0x0081a11c                alt_dev_null
                0x0081a144                alt_fd_list
 .data          0x0081a2c4        0x0 ../attempt2_bsp//libucosii_bsp.a(alt_errno.o)
 .data          0x0081a2c4        0x0 ../attempt2_bsp//libucosii_bsp.a(alt_fstat.o)
 .data          0x0081a2c4        0x0 ../attempt2_bsp//libucosii_bsp.a(alt_isatty.o)
 .data          0x0081a2c4        0x0 ../attempt2_bsp//libucosii_bsp.a(alt_load.o)
 .data          0x0081a2c4        0x0 ../attempt2_bsp//libucosii_bsp.a(alt_lseek.o)
 .data          0x0081a2c4        0x0 ../attempt2_bsp//libucosii_bsp.a(alt_main.o)
 .data          0x0081a2c4        0x0 ../attempt2_bsp//libucosii_bsp.a(alt_read.o)
 .data          0x0081a2c4        0x0 ../attempt2_bsp//libucosii_bsp.a(alt_release_fd.o)
 .data          0x0081a2c4        0x0 ../attempt2_bsp//libucosii_bsp.a(alt_sbrk.o)
 .data          0x0081a2c4        0x0 ../attempt2_bsp//libucosii_bsp.a(alt_write.o)
 .data          0x0081a2c4        0x0 ../attempt2_bsp//libucosii_bsp.a(alt_env_lock.o)
 .data          0x0081a2c4        0x0 ../attempt2_bsp//libucosii_bsp.a(alt_malloc_lock.o)
 .data          0x0081a2c4        0x0 ../attempt2_bsp//libucosii_bsp.a(os_core.o)
 .data          0x0081a2c4        0x0 ../attempt2_bsp//libucosii_bsp.a(os_dbg.o)
 .data          0x0081a2c4        0x0 ../attempt2_bsp//libucosii_bsp.a(os_flag.o)
 .data          0x0081a2c4        0x0 ../attempt2_bsp//libucosii_bsp.a(os_mem.o)
 .data          0x0081a2c4        0x0 ../attempt2_bsp//libucosii_bsp.a(os_q.o)
 .data          0x0081a2c4        0x0 ../attempt2_bsp//libucosii_bsp.a(os_sem.o)
 .data          0x0081a2c4        0x0 ../attempt2_bsp//libucosii_bsp.a(os_task.o)
 .data          0x0081a2c4        0x0 ../attempt2_bsp//libucosii_bsp.a(os_time.o)
 .data          0x0081a2c4     0x10f8 ../attempt2_bsp//libucosii_bsp.a(alt_sys_init.o)
 .data          0x0081b3bc        0x0 ../attempt2_bsp//libucosii_bsp.a(altera_avalon_jtag_uart_fd.o)
 .data          0x0081b3bc        0x0 ../attempt2_bsp//libucosii_bsp.a(altera_avalon_jtag_uart_init.o)
 .data          0x0081b3bc        0x0 ../attempt2_bsp//libucosii_bsp.a(altera_avalon_jtag_uart_ioctl.o)
 .data          0x0081b3bc        0x0 ../attempt2_bsp//libucosii_bsp.a(altera_avalon_jtag_uart_read.o)
 .data          0x0081b3bc        0x0 ../attempt2_bsp//libucosii_bsp.a(altera_avalon_jtag_uart_write.o)
 .data          0x0081b3bc        0x0 ../attempt2_bsp//libucosii_bsp.a(altera_avalon_timer_sc.o)
 .data          0x0081b3bc        0x0 ../attempt2_bsp//libucosii_bsp.a(altera_up_avalon_audio.o)
 .data          0x0081b3bc        0x0 ../attempt2_bsp//libucosii_bsp.a(altera_up_avalon_audio_and_video_config.o)
 .data          0x0081b3bc        0x0 ../attempt2_bsp//libucosii_bsp.a(altera_up_avalon_character_lcd.o)
 .data          0x0081b3bc        0x0 ../attempt2_bsp//libucosii_bsp.a(alt_alarm_start.o)
 .data          0x0081b3bc        0x0 ../attempt2_bsp//libucosii_bsp.a(alt_dcache_flush_all.o)
 .data          0x0081b3bc        0x0 ../attempt2_bsp//libucosii_bsp.a(alt_dev_llist_insert.o)
 .data          0x0081b3bc        0x0 ../attempt2_bsp//libucosii_bsp.a(alt_do_ctors.o)
 .data          0x0081b3bc        0x0 ../attempt2_bsp//libucosii_bsp.a(alt_do_dtors.o)
 .data          0x0081b3bc        0x0 ../attempt2_bsp//libucosii_bsp.a(alt_find_dev.o)
 .data          0x0081b3bc        0x0 ../attempt2_bsp//libucosii_bsp.a(alt_icache_flush_all.o)
 .data          0x0081b3bc        0x0 ../attempt2_bsp//libucosii_bsp.a(alt_io_redirect.o)
 .data          0x0081b3bc        0x0 ../attempt2_bsp//libucosii_bsp.a(alt_irq_register.o)
 .data          0x0081b3bc        0x0 ../attempt2_bsp//libucosii_bsp.a(alt_irq_vars.o)
 .data          0x0081b3bc        0x0 ../attempt2_bsp//libucosii_bsp.a(alt_open.o)
 .data          0x0081b3bc        0x0 ../attempt2_bsp//libucosii_bsp.a(alt_tick.o)
 .data          0x0081b3bc        0x0 ../attempt2_bsp//libucosii_bsp.a(altera_nios2_qsys_irq.o)
 .data          0x0081b3bc        0x0 ../attempt2_bsp//libucosii_bsp.a(os_cpu_a.o)
 .data          0x0081b3bc        0x0 ../attempt2_bsp//libucosii_bsp.a(os_cpu_c.o)
 .data          0x0081b3bc        0x0 ../attempt2_bsp//libucosii_bsp.a(alt_find_file.o)
 .data          0x0081b3bc        0x0 ../attempt2_bsp//libucosii_bsp.a(alt_get_fd.o)
 .data          0x0081b3bc        0x0 ../attempt2_bsp//libucosii_bsp.a(alt_irq_entry.o)
 .data          0x0081b3bc        0x0 ../attempt2_bsp//libucosii_bsp.a(alt_irq_handler.o)
 .data          0x0081b3bc        0x0 ../attempt2_bsp//libucosii_bsp.a(alt_exception_entry.o)
 .data          0x0081b3bc        0x0 /OPT/altera/12.1/nios2eds/bin/gnu/H-i686-pc-linux-gnu/bin/../lib/gcc/nios2-elf/4.1.2/../../../../nios2-elf/lib/mno-hw-mul/libc.a(lib_a-atexit.o)
 .data          0x0081b3bc        0x0 /OPT/altera/12.1/nios2eds/bin/gnu/H-i686-pc-linux-gnu/bin/../lib/gcc/nios2-elf/4.1.2/../../../../nios2-elf/lib/mno-hw-mul/libc.a(lib_a-exit.o)
 .data          0x0081b3bc        0x0 /OPT/altera/12.1/nios2eds/bin/gnu/H-i686-pc-linux-gnu/bin/../lib/gcc/nios2-elf/4.1.2/../../../../nios2-elf/lib/mno-hw-mul/libc.a(lib_a-memcmp.o)
 .data          0x0081b3bc        0x0 /OPT/altera/12.1/nios2eds/bin/gnu/H-i686-pc-linux-gnu/bin/../lib/gcc/nios2-elf/4.1.2/../../../../nios2-elf/lib/mno-hw-mul/libc.a(lib_a-__atexit.o)
 .data          0x0081b3bc        0x0 /OPT/altera/12.1/nios2eds/bin/gnu/H-i686-pc-linux-gnu/bin/../lib/gcc/nios2-elf/4.1.2/../../../../nios2-elf/lib/mno-hw-mul/libc.a(lib_a-__call_atexit.o)
 .data          0x0081b3bc        0x0 ../attempt2_bsp//libucosii_bsp.a(alt_exit.o)
                0x008233bc                _gp = ABSOLUTE ((. + 0x8000))
                0x008233bc                PROVIDE (gp, _gp)
 *(.rwdata .rwdata.*)
 *(.sdata .sdata.* .gnu.linkonce.s.*)
 .sdata         0x0081b3bc        0x8 /OPT/altera/12.1/nios2eds/bin/gnu/H-i686-pc-linux-gnu/bin/../lib/gcc/nios2-elf/4.1.2/../../../../nios2-elf/lib/mno-hw-mul/libc.a(lib_a-impure.o)
                0x0081b3bc                _impure_ptr
                0x0081b3c0                _global_impure_ptr
 .sdata         0x0081b3c4        0x8 /OPT/altera/12.1/nios2eds/bin/gnu/H-i686-pc-linux-gnu/bin/../lib/gcc/nios2-elf/4.1.2/../../../../nios2-elf/lib/mno-hw-mul/libc.a(lib_a-locale.o)
                0x0081b3c4                __mb_cur_max
 .sdata         0x0081b3cc        0x8 /OPT/altera/12.1/nios2eds/bin/gnu/H-i686-pc-linux-gnu/bin/../lib/gcc/nios2-elf/4.1.2/../../../../nios2-elf/lib/mno-hw-mul/libc.a(lib_a-mallocr.o)
                0x0081b3cc                __malloc_trim_threshold
                0x0081b3d0                __malloc_sbrk_base
 .sdata         0x0081b3d4       0x14 ../attempt2_bsp//libucosii_bsp.a(alt_dev.o)
                0x0081b3d4                alt_fs_list
                0x0081b3dc                alt_dev_list
                0x0081b3e4                alt_max_fd
 .sdata         0x0081b3e8        0x4 ../attempt2_bsp//libucosii_bsp.a(alt_errno.o)
                0x0081b3e8                alt_errno
 .sdata         0x0081b3ec        0x4 ../attempt2_bsp//libucosii_bsp.a(alt_sbrk.o)
 .sdata         0x0081b3f0        0x4 ../attempt2_bsp//libucosii_bsp.a(alt_env_lock.o)
 .sdata         0x0081b3f4        0x4 ../attempt2_bsp//libucosii_bsp.a(alt_malloc_lock.o)
 .sdata         0x0081b3f8       0x74 ../attempt2_bsp//libucosii_bsp.a(os_dbg.o)
                0x0081b3f8                OSDebugEn
                0x0081b3fc                OSEndiannessTest
                0x0081b400                OSEventEn
                0x0081b402                OSEventMax
                0x0081b404                OSEventNameSize
                0x0081b406                OSEventSize
                0x0081b408                OSEventTblSize
                0x0081b40a                OSEventMultiEn
                0x0081b40c                OSFlagEn
                0x0081b40e                OSFlagGrpSize
                0x0081b410                OSFlagNodeSize
                0x0081b412                OSFlagWidth
                0x0081b414                OSFlagMax
                0x0081b416                OSFlagNameSize
                0x0081b418                OSLowestPrio
                0x0081b41a                OSMboxEn
                0x0081b41c                OSMemEn
                0x0081b41e                OSMemMax
                0x0081b420                OSMemNameSize
                0x0081b422                OSMemSize
                0x0081b424                OSMemTblSize
                0x0081b426                OSMutexEn
                0x0081b428                OSPtrSize
                0x0081b42a                OSQEn
                0x0081b42c                OSQMax
                0x0081b42e                OSQSize
                0x0081b430                OSRdyTblSize
                0x0081b432                OSSemEn
                0x0081b434                OSStkWidth
                0x0081b436                OSTaskCreateEn
                0x0081b438                OSTaskCreateExtEn
                0x0081b43a                OSTaskDelEn
                0x0081b43c                OSTaskIdleStkSize
                0x0081b43e                OSTaskProfileEn
                0x0081b440                OSTaskMax
                0x0081b442                OSTaskNameSize
                0x0081b444                OSTaskStatEn
                0x0081b446                OSTaskStatStkSize
                0x0081b448                OSTaskStatStkChkEn
                0x0081b44a                OSTaskSwHookEn
                0x0081b44c                OSTCBPrioTblMax
                0x0081b44e                OSTCBSize
                0x0081b450                OSTicksPerSec
                0x0081b452                OSTimeTickHookEn
                0x0081b454                OSVersionNbr
                0x0081b456                OSTmrEn
                0x0081b458                OSTmrCfgMax
                0x0081b45a                OSTmrCfgNameSize
                0x0081b45c                OSTmrCfgWheelSize
                0x0081b45e                OSTmrCfgTicksPerSec
                0x0081b460                OSTmrSize
                0x0081b462                OSTmrTblSize
                0x0081b464                OSTmrWheelSize
                0x0081b466                OSTmrWheelTblSize
                0x0081b468                OSDataSize
 .sdata         0x0081b46c        0x4 ../attempt2_bsp//libucosii_bsp.a(alt_irq_vars.o)
                0x0081b46c                alt_priority_mask
 .sdata         0x0081b470        0x8 ../attempt2_bsp//libucosii_bsp.a(alt_tick.o)
                0x0081b470                alt_alarm_list
 *(.sdata2 .sdata2.* .gnu.linkonce.s2.*)
                0x0081b478                . = ALIGN (0x4)
                0x0081b478                _edata = ABSOLUTE (.)
                0x0081b478                PROVIDE (edata, ABSOLUTE (.))
                0x0081b478                PROVIDE (__ram_rwdata_end, ABSOLUTE (.))
                0x0081b478                PROVIDE (__flash_rwdata_start, LOADADDR (.rwdata))

.bss            0x0081cfe8     0x9578
                0x0081cfe8                __bss_start = ABSOLUTE (.)
                0x0081cfe8                PROVIDE (__sbss_start, ABSOLUTE (.))
                0x0081cfe8                PROVIDE (___sbss_start, ABSOLUTE (.))
 *(.dynsbss)
 *(.sbss .sbss.* .gnu.linkonce.sb.*)
 .sbss          0x0081cfe8        0x4 obj/default/hello_ucosii.o
                0x0081cfe8                lcd_sem
 .sbss          0x0081cfec        0xc /OPT/altera/12.1/nios2eds/bin/gnu/H-i686-pc-linux-gnu/bin/../lib/gcc/nios2-elf/4.1.2/../../../../nios2-elf/lib/mno-hw-mul/libc.a(lib_a-locale.o)
                0x0081cfec                __nlocale_changed
                0x0081cff0                __mlocale_changed
                0x0081cff4                _PathLocale
 .sbss          0x0081cff8        0xc /OPT/altera/12.1/nios2eds/bin/gnu/H-i686-pc-linux-gnu/bin/../lib/gcc/nios2-elf/4.1.2/../../../../nios2-elf/lib/mno-hw-mul/libc.a(lib_a-mallocr.o)
                0x0081cff8                __malloc_top_pad
                0x0081cffc                __malloc_max_sbrked_mem
                0x0081d000                __malloc_max_total_mem
 .sbss          0x0081d004        0x4 /OPT/altera/12.1/nios2eds/bin/gnu/H-i686-pc-linux-gnu/bin/../lib/gcc/nios2-elf/4.1.2/../../../../nios2-elf/lib/mno-hw-mul/libc.a(lib_a-int_errno.o)
                0x0081d004                errno
 .sbss          0x0081d008        0x4 ../attempt2_bsp//libucosii_bsp.a(alt_dev.o)
                0x0081d008                alt_fd_list_lock
 .sbss          0x0081d00c        0xc ../attempt2_bsp//libucosii_bsp.a(alt_main.o)
                0x0081d00c                alt_argc
                0x0081d010                alt_argv
                0x0081d014                alt_envp
 .sbss          0x0081d018        0x8 ../attempt2_bsp//libucosii_bsp.a(alt_env_lock.o)
                0x0081d01c                alt_envsem
 .sbss          0x0081d020        0x8 ../attempt2_bsp//libucosii_bsp.a(alt_malloc_lock.o)
                0x0081d024                alt_heapsem
 .sbss          0x0081d028       0x50 ../attempt2_bsp//libucosii_bsp.a(os_core.o)
                0x0081d028                OSLockNesting
                0x0081d029                OSRunning
                0x0081d02c                OSIdleCtr
                0x0081d030                OSPrioHighRdy
                0x0081d031                OSPrioCur
                0x0081d034                OSTCBList
                0x0081d038                OSTickStepState
                0x0081d03c                OSCtxSwCtr
                0x0081d040                OSIdleCtrMax
                0x0081d044                OSTCBFreeList
                0x0081d048                OSCPUUsage
                0x0081d049                OSTaskCtr
                0x0081d04c                OSMemFreeList
                0x0081d050                OSTCBHighRdy
                0x0081d054                OSQFreeList
                0x0081d058                OSRdyGrp
                0x0081d059                OSRdyTbl
                0x0081d05c                OSEventFreeList
                0x0081d060                OSIntNesting
                0x0081d064                OSTCBCur
                0x0081d068                OSTime
                0x0081d06c                OSFlagFreeList
                0x0081d070                OSStatRdy
                0x0081d074                OSIdleCtrRun
 .sbss          0x0081d078        0x4 ../attempt2_bsp//libucosii_bsp.a(alt_irq_vars.o)
                0x0081d078                alt_irq_active
 .sbss          0x0081d07c        0x8 ../attempt2_bsp//libucosii_bsp.a(alt_tick.o)
                0x0081d07c                _alt_tick_rate
                0x0081d080                _alt_nticks
 *(.sbss2 .sbss2.* .gnu.linkonce.sb2.*)
 *(.scommon)
                0x0081d084                PROVIDE (__sbss_end, ABSOLUTE (.))
                0x0081d084                PROVIDE (___sbss_end, ABSOLUTE (.))
 *(.dynbss)
 *(.bss .bss.* .gnu.linkonce.b.*)
 .bss           0x0081d084        0x0 ../attempt2_bsp//obj/HAL/src/crt0.o
 .bss           0x0081d084        0x0 obj/default/hello_ucosii.o
 .bss           0x0081d084        0x0 /OPT/altera/12.1/nios2eds/bin/gnu/H-i686-pc-linux-gnu/bin/../lib/gcc/nios2-elf/4.1.2/../../../../nios2-elf/lib/mno-hw-mul/libm.a(lib_a-s_sin.o)
 .bss           0x0081d084        0x0 /OPT/altera/12.1/nios2eds/bin/gnu/H-i686-pc-linux-gnu/bin/../lib/gcc/nios2-elf/4.1.2/../../../../nios2-elf/lib/mno-hw-mul/libm.a(lib_a-e_rem_pio2.o)
 .bss           0x0081d084        0x0 /OPT/altera/12.1/nios2eds/bin/gnu/H-i686-pc-linux-gnu/bin/../lib/gcc/nios2-elf/4.1.2/../../../../nios2-elf/lib/mno-hw-mul/libm.a(lib_a-k_cos.o)
 .bss           0x0081d084        0x0 /OPT/altera/12.1/nios2eds/bin/gnu/H-i686-pc-linux-gnu/bin/../lib/gcc/nios2-elf/4.1.2/../../../../nios2-elf/lib/mno-hw-mul/libm.a(lib_a-k_rem_pio2.o)
 .bss           0x0081d084        0x0 /OPT/altera/12.1/nios2eds/bin/gnu/H-i686-pc-linux-gnu/bin/../lib/gcc/nios2-elf/4.1.2/../../../../nios2-elf/lib/mno-hw-mul/libm.a(lib_a-k_sin.o)
 .bss           0x0081d084        0x0 /OPT/altera/12.1/nios2eds/bin/gnu/H-i686-pc-linux-gnu/bin/../lib/gcc/nios2-elf/4.1.2/../../../../nios2-elf/lib/mno-hw-mul/libm.a(lib_a-s_fabs.o)
 .bss           0x0081d084        0x0 /OPT/altera/12.1/nios2eds/bin/gnu/H-i686-pc-linux-gnu/bin/../lib/gcc/nios2-elf/4.1.2/../../../../nios2-elf/lib/mno-hw-mul/libm.a(lib_a-s_floor.o)
 .bss           0x0081d084        0x0 /OPT/altera/12.1/nios2eds/bin/gnu/H-i686-pc-linux-gnu/bin/../lib/gcc/nios2-elf/4.1.2/../../../../nios2-elf/lib/mno-hw-mul/libm.a(lib_a-s_scalbn.o)
 .bss           0x0081d084        0x0 /OPT/altera/12.1/nios2eds/bin/gnu/H-i686-pc-linux-gnu/bin/../lib/gcc/nios2-elf/4.1.2/../../../../nios2-elf/lib/mno-hw-mul/libm.a(lib_a-s_copysign.o)
 .bss           0x0081d084        0x0 /OPT/altera/12.1/nios2eds/bin/gnu/H-i686-pc-linux-gnu/bin/../lib/gcc/nios2-elf/4.1.2/mno-hw-mul/libgcc.a(_fixunsdfsi.o)
 .bss           0x0081d084        0x0 /OPT/altera/12.1/nios2eds/bin/gnu/H-i686-pc-linux-gnu/bin/../lib/gcc/nios2-elf/4.1.2/mno-hw-mul/libgcc.a(_addsub_df.o)
 .bss           0x0081d084        0x0 /OPT/altera/12.1/nios2eds/bin/gnu/H-i686-pc-linux-gnu/bin/../lib/gcc/nios2-elf/4.1.2/mno-hw-mul/libgcc.a(_mul_df.o)
 .bss           0x0081d084        0x0 /OPT/altera/12.1/nios2eds/bin/gnu/H-i686-pc-linux-gnu/bin/../lib/gcc/nios2-elf/4.1.2/mno-hw-mul/libgcc.a(_div_df.o)
 .bss           0x0081d084        0x0 /OPT/altera/12.1/nios2eds/bin/gnu/H-i686-pc-linux-gnu/bin/../lib/gcc/nios2-elf/4.1.2/mno-hw-mul/libgcc.a(_eq_df.o)
 .bss           0x0081d084        0x0 /OPT/altera/12.1/nios2eds/bin/gnu/H-i686-pc-linux-gnu/bin/../lib/gcc/nios2-elf/4.1.2/mno-hw-mul/libgcc.a(_gt_df.o)
 .bss           0x0081d084        0x0 /OPT/altera/12.1/nios2eds/bin/gnu/H-i686-pc-linux-gnu/bin/../lib/gcc/nios2-elf/4.1.2/mno-hw-mul/libgcc.a(_ge_df.o)
 .bss           0x0081d084        0x0 /OPT/altera/12.1/nios2eds/bin/gnu/H-i686-pc-linux-gnu/bin/../lib/gcc/nios2-elf/4.1.2/mno-hw-mul/libgcc.a(_si_to_df.o)
 .bss           0x0081d084        0x0 /OPT/altera/12.1/nios2eds/bin/gnu/H-i686-pc-linux-gnu/bin/../lib/gcc/nios2-elf/4.1.2/mno-hw-mul/libgcc.a(_df_to_si.o)
 .bss           0x0081d084        0x0 /OPT/altera/12.1/nios2eds/bin/gnu/H-i686-pc-linux-gnu/bin/../lib/gcc/nios2-elf/4.1.2/mno-hw-mul/libgcc.a(_thenan_df.o)
 .bss           0x0081d084        0x0 /OPT/altera/12.1/nios2eds/bin/gnu/H-i686-pc-linux-gnu/bin/../lib/gcc/nios2-elf/4.1.2/mno-hw-mul/libgcc.a(lib2-divmod.o)
 .bss           0x0081d084        0x0 /OPT/altera/12.1/nios2eds/bin/gnu/H-i686-pc-linux-gnu/bin/../lib/gcc/nios2-elf/4.1.2/mno-hw-mul/libgcc.a(lib2-mul.o)
 .bss           0x0081d084        0x0 /OPT/altera/12.1/nios2eds/bin/gnu/H-i686-pc-linux-gnu/bin/../lib/gcc/nios2-elf/4.1.2/mno-hw-mul/libgcc.a(_muldi3.o)
 .bss           0x0081d084        0x0 /OPT/altera/12.1/nios2eds/bin/gnu/H-i686-pc-linux-gnu/bin/../lib/gcc/nios2-elf/4.1.2/mno-hw-mul/libgcc.a(_clzsi2.o)
 .bss           0x0081d084        0x0 /OPT/altera/12.1/nios2eds/bin/gnu/H-i686-pc-linux-gnu/bin/../lib/gcc/nios2-elf/4.1.2/mno-hw-mul/libgcc.a(_pack_df.o)
 .bss           0x0081d084        0x0 /OPT/altera/12.1/nios2eds/bin/gnu/H-i686-pc-linux-gnu/bin/../lib/gcc/nios2-elf/4.1.2/mno-hw-mul/libgcc.a(_unpack_df.o)
 .bss           0x0081d084        0x0 /OPT/altera/12.1/nios2eds/bin/gnu/H-i686-pc-linux-gnu/bin/../lib/gcc/nios2-elf/4.1.2/mno-hw-mul/libgcc.a(_fpcmp_parts_df.o)
 .bss           0x0081d084        0x0 /OPT/altera/12.1/nios2eds/bin/gnu/H-i686-pc-linux-gnu/bin/../lib/gcc/nios2-elf/4.1.2/mno-hw-mul/libgcc.a(_clz.o)
 .bss           0x0081d084        0x0 /OPT/altera/12.1/nios2eds/bin/gnu/H-i686-pc-linux-gnu/bin/../lib/gcc/nios2-elf/4.1.2/../../../../nios2-elf/lib/mno-hw-mul/libc.a(lib_a-printf.o)
 .bss           0x0081d084        0x0 /OPT/altera/12.1/nios2eds/bin/gnu/H-i686-pc-linux-gnu/bin/../lib/gcc/nios2-elf/4.1.2/../../../../nios2-elf/lib/mno-hw-mul/libc.a(lib_a-puts.o)
 .bss           0x0081d084        0x0 /OPT/altera/12.1/nios2eds/bin/gnu/H-i686-pc-linux-gnu/bin/../lib/gcc/nios2-elf/4.1.2/../../../../nios2-elf/lib/mno-hw-mul/libc.a(lib_a-strlen.o)
 .bss           0x0081d084        0x0 /OPT/altera/12.1/nios2eds/bin/gnu/H-i686-pc-linux-gnu/bin/../lib/gcc/nios2-elf/4.1.2/../../../../nios2-elf/lib/mno-hw-mul/libc.a(lib_a-vfprintf.o)
 .bss           0x0081d084        0x0 /OPT/altera/12.1/nios2eds/bin/gnu/H-i686-pc-linux-gnu/bin/../lib/gcc/nios2-elf/4.1.2/../../../../nios2-elf/lib/mno-hw-mul/libc.a(lib_a-wsetup.o)
 .bss           0x0081d084        0x0 /OPT/altera/12.1/nios2eds/bin/gnu/H-i686-pc-linux-gnu/bin/../lib/gcc/nios2-elf/4.1.2/../../../../nios2-elf/lib/mno-hw-mul/libc.a(lib_a-dtoa.o)
 .bss           0x0081d084        0x0 /OPT/altera/12.1/nios2eds/bin/gnu/H-i686-pc-linux-gnu/bin/../lib/gcc/nios2-elf/4.1.2/../../../../nios2-elf/lib/mno-hw-mul/libc.a(lib_a-fflush.o)
 .bss           0x0081d084        0x0 /OPT/altera/12.1/nios2eds/bin/gnu/H-i686-pc-linux-gnu/bin/../lib/gcc/nios2-elf/4.1.2/../../../../nios2-elf/lib/mno-hw-mul/libc.a(lib_a-findfp.o)
 .bss           0x0081d084        0x0 /OPT/altera/12.1/nios2eds/bin/gnu/H-i686-pc-linux-gnu/bin/../lib/gcc/nios2-elf/4.1.2/../../../../nios2-elf/lib/mno-hw-mul/libc.a(lib_a-freer.o)
 .bss           0x0081d084        0x0 /OPT/altera/12.1/nios2eds/bin/gnu/H-i686-pc-linux-gnu/bin/../lib/gcc/nios2-elf/4.1.2/../../../../nios2-elf/lib/mno-hw-mul/libc.a(lib_a-fvwrite.o)
 .bss           0x0081d084        0x0 /OPT/altera/12.1/nios2eds/bin/gnu/H-i686-pc-linux-gnu/bin/../lib/gcc/nios2-elf/4.1.2/../../../../nios2-elf/lib/mno-hw-mul/libc.a(lib_a-fwalk.o)
 .bss           0x0081d084        0x0 /OPT/altera/12.1/nios2eds/bin/gnu/H-i686-pc-linux-gnu/bin/../lib/gcc/nios2-elf/4.1.2/../../../../nios2-elf/lib/mno-hw-mul/libc.a(lib_a-impure.o)
 .bss           0x0081d084        0x0 /OPT/altera/12.1/nios2eds/bin/gnu/H-i686-pc-linux-gnu/bin/../lib/gcc/nios2-elf/4.1.2/../../../../nios2-elf/lib/mno-hw-mul/libc.a(lib_a-locale.o)
 .bss           0x0081d084        0x0 /OPT/altera/12.1/nios2eds/bin/gnu/H-i686-pc-linux-gnu/bin/../lib/gcc/nios2-elf/4.1.2/../../../../nios2-elf/lib/mno-hw-mul/libc.a(lib_a-makebuf.o)
 .bss           0x0081d084       0x28 /OPT/altera/12.1/nios2eds/bin/gnu/H-i686-pc-linux-gnu/bin/../lib/gcc/nios2-elf/4.1.2/../../../../nios2-elf/lib/mno-hw-mul/libc.a(lib_a-mallocr.o)
                0x0081d084                __malloc_current_mallinfo
 .bss           0x0081d0ac        0x0 /OPT/altera/12.1/nios2eds/bin/gnu/H-i686-pc-linux-gnu/bin/../lib/gcc/nios2-elf/4.1.2/../../../../nios2-elf/lib/mno-hw-mul/libc.a(lib_a-memchr.o)
 .bss           0x0081d0ac        0x0 /OPT/altera/12.1/nios2eds/bin/gnu/H-i686-pc-linux-gnu/bin/../lib/gcc/nios2-elf/4.1.2/../../../../nios2-elf/lib/mno-hw-mul/libc.a(lib_a-memcpy.o)
 .bss           0x0081d0ac        0x0 /OPT/altera/12.1/nios2eds/bin/gnu/H-i686-pc-linux-gnu/bin/../lib/gcc/nios2-elf/4.1.2/../../../../nios2-elf/lib/mno-hw-mul/libc.a(lib_a-memmove.o)
 .bss           0x0081d0ac        0x0 /OPT/altera/12.1/nios2eds/bin/gnu/H-i686-pc-linux-gnu/bin/../lib/gcc/nios2-elf/4.1.2/../../../../nios2-elf/lib/mno-hw-mul/libc.a(lib_a-memset.o)
 .bss           0x0081d0ac        0x0 /OPT/altera/12.1/nios2eds/bin/gnu/H-i686-pc-linux-gnu/bin/../lib/gcc/nios2-elf/4.1.2/../../../../nios2-elf/lib/mno-hw-mul/libc.a(lib_a-mprec.o)
 .bss           0x0081d0ac        0x0 /OPT/altera/12.1/nios2eds/bin/gnu/H-i686-pc-linux-gnu/bin/../lib/gcc/nios2-elf/4.1.2/../../../../nios2-elf/lib/mno-hw-mul/libc.a(lib_a-reallocr.o)
 .bss           0x0081d0ac        0x0 /OPT/altera/12.1/nios2eds/bin/gnu/H-i686-pc-linux-gnu/bin/../lib/gcc/nios2-elf/4.1.2/../../../../nios2-elf/lib/mno-hw-mul/libc.a(lib_a-s_isinfd.o)
 .bss           0x0081d0ac        0x0 /OPT/altera/12.1/nios2eds/bin/gnu/H-i686-pc-linux-gnu/bin/../lib/gcc/nios2-elf/4.1.2/../../../../nios2-elf/lib/mno-hw-mul/libc.a(lib_a-s_isnand.o)
 .bss           0x0081d0ac        0x0 /OPT/altera/12.1/nios2eds/bin/gnu/H-i686-pc-linux-gnu/bin/../lib/gcc/nios2-elf/4.1.2/../../../../nios2-elf/lib/mno-hw-mul/libc.a(lib_a-sbrkr.o)
 .bss           0x0081d0ac        0x0 /OPT/altera/12.1/nios2eds/bin/gnu/H-i686-pc-linux-gnu/bin/../lib/gcc/nios2-elf/4.1.2/../../../../nios2-elf/lib/mno-hw-mul/libc.a(lib_a-stdio.o)
 .bss           0x0081d0ac        0x0 /OPT/altera/12.1/nios2eds/bin/gnu/H-i686-pc-linux-gnu/bin/../lib/gcc/nios2-elf/4.1.2/../../../../nios2-elf/lib/mno-hw-mul/libc.a(lib_a-strcmp.o)
 .bss           0x0081d0ac        0x0 /OPT/altera/12.1/nios2eds/bin/gnu/H-i686-pc-linux-gnu/bin/../lib/gcc/nios2-elf/4.1.2/../../../../nios2-elf/lib/mno-hw-mul/libc.a(lib_a-writer.o)
 .bss           0x0081d0ac        0x0 /OPT/altera/12.1/nios2eds/bin/gnu/H-i686-pc-linux-gnu/bin/../lib/gcc/nios2-elf/4.1.2/../../../../nios2-elf/lib/mno-hw-mul/libc.a(lib_a-callocr.o)
 .bss           0x0081d0ac        0x0 /OPT/altera/12.1/nios2eds/bin/gnu/H-i686-pc-linux-gnu/bin/../lib/gcc/nios2-elf/4.1.2/../../../../nios2-elf/lib/mno-hw-mul/libc.a(lib_a-closer.o)
 .bss           0x0081d0ac        0x0 /OPT/altera/12.1/nios2eds/bin/gnu/H-i686-pc-linux-gnu/bin/../lib/gcc/nios2-elf/4.1.2/../../../../nios2-elf/lib/mno-hw-mul/libc.a(lib_a-fclose.o)
 .bss           0x0081d0ac        0x0 /OPT/altera/12.1/nios2eds/bin/gnu/H-i686-pc-linux-gnu/bin/../lib/gcc/nios2-elf/4.1.2/../../../../nios2-elf/lib/mno-hw-mul/libc.a(lib_a-fstatr.o)
 .bss           0x0081d0ac        0x0 /OPT/altera/12.1/nios2eds/bin/gnu/H-i686-pc-linux-gnu/bin/../lib/gcc/nios2-elf/4.1.2/../../../../nios2-elf/lib/mno-hw-mul/libc.a(lib_a-int_errno.o)
 .bss           0x0081d0ac        0x0 /OPT/altera/12.1/nios2eds/bin/gnu/H-i686-pc-linux-gnu/bin/../lib/gcc/nios2-elf/4.1.2/../../../../nios2-elf/lib/mno-hw-mul/libc.a(lib_a-isattyr.o)
 .bss           0x0081d0ac        0x0 /OPT/altera/12.1/nios2eds/bin/gnu/H-i686-pc-linux-gnu/bin/../lib/gcc/nios2-elf/4.1.2/../../../../nios2-elf/lib/mno-hw-mul/libc.a(lib_a-lseekr.o)
 .bss           0x0081d0ac        0x0 /OPT/altera/12.1/nios2eds/bin/gnu/H-i686-pc-linux-gnu/bin/../lib/gcc/nios2-elf/4.1.2/../../../../nios2-elf/lib/mno-hw-mul/libc.a(lib_a-readr.o)
 .bss           0x0081d0ac        0x0 /OPT/altera/12.1/nios2eds/bin/gnu/H-i686-pc-linux-gnu/bin/../lib/gcc/nios2-elf/4.1.2/mno-hw-mul/libgcc.a(_udivdi3.o)
 .bss           0x0081d0ac        0x0 /OPT/altera/12.1/nios2eds/bin/gnu/H-i686-pc-linux-gnu/bin/../lib/gcc/nios2-elf/4.1.2/mno-hw-mul/libgcc.a(_umoddi3.o)
 .bss           0x0081d0ac        0x0 /OPT/altera/12.1/nios2eds/bin/gnu/H-i686-pc-linux-gnu/bin/../lib/gcc/nios2-elf/4.1.2/mno-hw-mul/libgcc.a(_ne_df.o)
 .bss           0x0081d0ac        0x0 /OPT/altera/12.1/nios2eds/bin/gnu/H-i686-pc-linux-gnu/bin/../lib/gcc/nios2-elf/4.1.2/mno-hw-mul/libgcc.a(_lt_df.o)
 .bss           0x0081d0ac        0x0 /OPT/altera/12.1/nios2eds/bin/gnu/H-i686-pc-linux-gnu/bin/../lib/gcc/nios2-elf/4.1.2/mno-hw-mul/libgcc.a(_usi_to_df.o)
 .bss           0x0081d0ac        0x0 ../attempt2_bsp//libucosii_bsp.a(alt_close.o)
 .bss           0x0081d0ac        0x0 ../attempt2_bsp//libucosii_bsp.a(alt_dev.o)
 .bss           0x0081d0ac        0x0 ../attempt2_bsp//libucosii_bsp.a(alt_errno.o)
 .bss           0x0081d0ac        0x0 ../attempt2_bsp//libucosii_bsp.a(alt_fstat.o)
 .bss           0x0081d0ac        0x0 ../attempt2_bsp//libucosii_bsp.a(alt_isatty.o)
 .bss           0x0081d0ac        0x0 ../attempt2_bsp//libucosii_bsp.a(alt_load.o)
 .bss           0x0081d0ac        0x0 ../attempt2_bsp//libucosii_bsp.a(alt_lseek.o)
 .bss           0x0081d0ac        0x0 ../attempt2_bsp//libucosii_bsp.a(alt_main.o)
 .bss           0x0081d0ac        0x0 ../attempt2_bsp//libucosii_bsp.a(alt_read.o)
 .bss           0x0081d0ac        0x0 ../attempt2_bsp//libucosii_bsp.a(alt_release_fd.o)
 .bss           0x0081d0ac        0x0 ../attempt2_bsp//libucosii_bsp.a(alt_sbrk.o)
 .bss           0x0081d0ac        0x0 ../attempt2_bsp//libucosii_bsp.a(alt_write.o)
 .bss           0x0081d0ac        0x0 ../attempt2_bsp//libucosii_bsp.a(alt_env_lock.o)
 .bss           0x0081d0ac        0x0 ../attempt2_bsp//libucosii_bsp.a(alt_malloc_lock.o)
 .bss           0x0081d0ac        0x0 ../attempt2_bsp//libucosii_bsp.a(os_core.o)
 .bss           0x0081d0ac        0x0 ../attempt2_bsp//libucosii_bsp.a(os_dbg.o)
 .bss           0x0081d0ac        0x0 ../attempt2_bsp//libucosii_bsp.a(os_flag.o)
 .bss           0x0081d0ac        0x0 ../attempt2_bsp//libucosii_bsp.a(os_mem.o)
 .bss           0x0081d0ac        0x0 ../attempt2_bsp//libucosii_bsp.a(os_q.o)
 .bss           0x0081d0ac        0x0 ../attempt2_bsp//libucosii_bsp.a(os_sem.o)
 .bss           0x0081d0ac        0x0 ../attempt2_bsp//libucosii_bsp.a(os_task.o)
 .bss           0x0081d0ac        0x0 ../attempt2_bsp//libucosii_bsp.a(os_time.o)
 .bss           0x0081d0ac        0x0 ../attempt2_bsp//libucosii_bsp.a(alt_sys_init.o)
 .bss           0x0081d0ac        0x0 ../attempt2_bsp//libucosii_bsp.a(altera_avalon_jtag_uart_fd.o)
 .bss           0x0081d0ac        0x0 ../attempt2_bsp//libucosii_bsp.a(altera_avalon_jtag_uart_init.o)
 .bss           0x0081d0ac        0x0 ../attempt2_bsp//libucosii_bsp.a(altera_avalon_jtag_uart_ioctl.o)
 .bss           0x0081d0ac        0x0 ../attempt2_bsp//libucosii_bsp.a(altera_avalon_jtag_uart_read.o)
 .bss           0x0081d0ac        0x0 ../attempt2_bsp//libucosii_bsp.a(altera_avalon_jtag_uart_write.o)
 .bss           0x0081d0ac        0x0 ../attempt2_bsp//libucosii_bsp.a(altera_avalon_timer_sc.o)
 .bss           0x0081d0ac        0x0 ../attempt2_bsp//libucosii_bsp.a(altera_up_avalon_audio.o)
 .bss           0x0081d0ac        0x0 ../attempt2_bsp//libucosii_bsp.a(altera_up_avalon_audio_and_video_config.o)
 .bss           0x0081d0ac        0x0 ../attempt2_bsp//libucosii_bsp.a(altera_up_avalon_character_lcd.o)
 .bss           0x0081d0ac        0x0 ../attempt2_bsp//libucosii_bsp.a(alt_alarm_start.o)
 .bss           0x0081d0ac        0x0 ../attempt2_bsp//libucosii_bsp.a(alt_dcache_flush_all.o)
 .bss           0x0081d0ac        0x0 ../attempt2_bsp//libucosii_bsp.a(alt_dev_llist_insert.o)
 .bss           0x0081d0ac        0x0 ../attempt2_bsp//libucosii_bsp.a(alt_do_ctors.o)
 .bss           0x0081d0ac        0x0 ../attempt2_bsp//libucosii_bsp.a(alt_do_dtors.o)
 .bss           0x0081d0ac        0x0 ../attempt2_bsp//libucosii_bsp.a(alt_find_dev.o)
 .bss           0x0081d0ac        0x0 ../attempt2_bsp//libucosii_bsp.a(alt_icache_flush_all.o)
 .bss           0x0081d0ac        0x0 ../attempt2_bsp//libucosii_bsp.a(alt_io_redirect.o)
 .bss           0x0081d0ac        0x0 ../attempt2_bsp//libucosii_bsp.a(alt_irq_register.o)
 .bss           0x0081d0ac        0x0 ../attempt2_bsp//libucosii_bsp.a(alt_irq_vars.o)
 .bss           0x0081d0ac        0x0 ../attempt2_bsp//libucosii_bsp.a(alt_open.o)
 .bss           0x0081d0ac        0x0 ../attempt2_bsp//libucosii_bsp.a(alt_tick.o)
 .bss           0x0081d0ac        0x0 ../attempt2_bsp//libucosii_bsp.a(altera_nios2_qsys_irq.o)
 .bss           0x0081d0ac        0x0 ../attempt2_bsp//libucosii_bsp.a(os_cpu_a.o)
 .bss           0x0081d0ac        0x0 ../attempt2_bsp//libucosii_bsp.a(os_cpu_c.o)
 .bss           0x0081d0ac        0x0 ../attempt2_bsp//libucosii_bsp.a(alt_find_file.o)
 .bss           0x0081d0ac        0x0 ../attempt2_bsp//libucosii_bsp.a(alt_get_fd.o)
 .bss           0x0081d0ac        0x0 ../attempt2_bsp//libucosii_bsp.a(alt_irq_entry.o)
 .bss           0x0081d0ac        0x0 ../attempt2_bsp//libucosii_bsp.a(alt_irq_handler.o)
 .bss           0x0081d0ac        0x0 ../attempt2_bsp//libucosii_bsp.a(alt_exception_entry.o)
 .bss           0x0081d0ac        0x0 /OPT/altera/12.1/nios2eds/bin/gnu/H-i686-pc-linux-gnu/bin/../lib/gcc/nios2-elf/4.1.2/../../../../nios2-elf/lib/mno-hw-mul/libc.a(lib_a-atexit.o)
 .bss           0x0081d0ac        0x0 /OPT/altera/12.1/nios2eds/bin/gnu/H-i686-pc-linux-gnu/bin/../lib/gcc/nios2-elf/4.1.2/../../../../nios2-elf/lib/mno-hw-mul/libc.a(lib_a-exit.o)
 .bss           0x0081d0ac        0x0 /OPT/altera/12.1/nios2eds/bin/gnu/H-i686-pc-linux-gnu/bin/../lib/gcc/nios2-elf/4.1.2/../../../../nios2-elf/lib/mno-hw-mul/libc.a(lib_a-memcmp.o)
 .bss           0x0081d0ac        0x0 /OPT/altera/12.1/nios2eds/bin/gnu/H-i686-pc-linux-gnu/bin/../lib/gcc/nios2-elf/4.1.2/../../../../nios2-elf/lib/mno-hw-mul/libc.a(lib_a-__atexit.o)
 .bss           0x0081d0ac        0x0 /OPT/altera/12.1/nios2eds/bin/gnu/H-i686-pc-linux-gnu/bin/../lib/gcc/nios2-elf/4.1.2/../../../../nios2-elf/lib/mno-hw-mul/libc.a(lib_a-__call_atexit.o)
 .bss           0x0081d0ac        0x0 ../attempt2_bsp//libucosii_bsp.a(alt_exit.o)
 *(COMMON)
 COMMON         0x0081d0ac     0x6000 obj/default/hello_ucosii.o
                0x0081d0ac                task1_stk
                0x0081f0ac                task2_stk
                0x008210ac                task3_stk
 COMMON         0x008230ac     0x3224 ../attempt2_bsp//libucosii_bsp.a(os_core.o)
                0x008230ac                OSFlagTbl
                0x0082341c                OSMemTbl
                0x0082404c                OSTaskStatStk
                0x0082484c                OSQTbl
                0x00824a2c                OSTaskIdleStk
                0x0082522c                OSEventTbl
                0x00825d6c                OSTCBTbl
                0x0082627c                OSTCBPrioTbl
 COMMON         0x008262d0      0x100 ../attempt2_bsp//libucosii_bsp.a(alt_irq_handler.o)
                0x008262d0                alt_irq
 COMMON         0x008263d0      0x190 /OPT/altera/12.1/nios2eds/bin/gnu/H-i686-pc-linux-gnu/bin/../lib/gcc/nios2-elf/4.1.2/../../../../nios2-elf/lib/mno-hw-mul/libc.a(lib_a-atexit.o)
                0x008263d0                _atexit0
                0x00826560                . = ALIGN (0x4)
                0x00826560                __bss_end = ABSOLUTE (.)

.sdram_0        0x00826560        0x0
                0x00826560                PROVIDE (_alt_partition_sdram_0_start, ABSOLUTE (.))
 *(.sdram_0. sdram_0.*)
                0x00826560                . = ALIGN (0x4)
                0x00826560                PROVIDE (_alt_partition_sdram_0_end, ABSOLUTE (.))
                0x00826560                _end = ABSOLUTE (.)
                0x00826560                end = ABSOLUTE (.)
                0x00826560                __alt_stack_base = ABSOLUTE (.)
                0x00826560                PROVIDE (_alt_partition_sdram_0_load_addr, LOADADDR (.sdram_0))

.sram_0         0x01080000        0x0 load address 0x00826560
                0x01080000                PROVIDE (_alt_partition_sram_0_start, ABSOLUTE (.))
 *(.sram_0. sram_0.*)
                0x01080000                . = ALIGN (0x4)
                0x01080000                PROVIDE (_alt_partition_sram_0_end, ABSOLUTE (.))
                0x00826560                PROVIDE (_alt_partition_sram_0_load_addr, LOADADDR (.sram_0))

.onchip_memory2_0
                0x011041c0        0x0 load address 0x00826560
                0x011041c0                PROVIDE (_alt_partition_onchip_memory2_0_start, ABSOLUTE (.))
 *(.onchip_memory2_0. onchip_memory2_0.*)
                0x011041c0                . = ALIGN (0x4)
                0x011041c0                PROVIDE (_alt_partition_onchip_memory2_0_end, ABSOLUTE (.))
                0x00826560                PROVIDE (_alt_partition_onchip_memory2_0_load_addr, LOADADDR (.onchip_memory2_0))

.stab
 *(.stab)

.stabstr
 *(.stabstr)

.stab.excl
 *(.stab.excl)

.stab.exclstr
 *(.stab.exclstr)

.stab.index
 *(.stab.index)

.stab.indexstr
 *(.stab.indexstr)

.comment        0x00000000       0x26
 *(.comment)
 .comment       0x00000000       0x26 obj/default/hello_ucosii.o
                                 0x27 (size before relaxing)
 .comment       0x00000000       0x27 /OPT/altera/12.1/nios2eds/bin/gnu/H-i686-pc-linux-gnu/bin/../lib/gcc/nios2-elf/4.1.2/../../../../nios2-elf/lib/mno-hw-mul/libm.a(lib_a-s_sin.o)
 .comment       0x00000000       0x27 /OPT/altera/12.1/nios2eds/bin/gnu/H-i686-pc-linux-gnu/bin/../lib/gcc/nios2-elf/4.1.2/../../../../nios2-elf/lib/mno-hw-mul/libm.a(lib_a-e_rem_pio2.o)
 .comment       0x00000000       0x27 /OPT/altera/12.1/nios2eds/bin/gnu/H-i686-pc-linux-gnu/bin/../lib/gcc/nios2-elf/4.1.2/../../../../nios2-elf/lib/mno-hw-mul/libm.a(lib_a-k_cos.o)
 .comment       0x00000000       0x27 /OPT/altera/12.1/nios2eds/bin/gnu/H-i686-pc-linux-gnu/bin/../lib/gcc/nios2-elf/4.1.2/../../../../nios2-elf/lib/mno-hw-mul/libm.a(lib_a-k_rem_pio2.o)
 .comment       0x00000000       0x27 /OPT/altera/12.1/nios2eds/bin/gnu/H-i686-pc-linux-gnu/bin/../lib/gcc/nios2-elf/4.1.2/../../../../nios2-elf/lib/mno-hw-mul/libm.a(lib_a-k_sin.o)