Archive member included because of file (symbol)

/OPT/altera/12.1/nios2eds/bin/gnu/H-i686-pc-linux-gnu/bin/../lib/gcc/nios2-elf/4.1.2/../../../../nios2-elf/lib/mno-hw-mul/libc.a(lib_a-puts.o)
                              obj/default/hello_ucosii.o (puts)
/OPT/altera/12.1/nios2eds/bin/gnu/H-i686-pc-linux-gnu/bin/../lib/gcc/nios2-elf/4.1.2/../../../../nios2-elf/lib/mno-hw-mul/libc.a(lib_a-strlen.o)
                              /OPT/altera/12.1/nios2eds/bin/gnu/H-i686-pc-linux-gnu/bin/../lib/gcc/nios2-elf/4.1.2/../../../../nios2-elf/lib/mno-hw-mul/libc.a(lib_a-puts.o) (strlen)
/OPT/altera/12.1/nios2eds/bin/gnu/H-i686-pc-linux-gnu/bin/../lib/gcc/nios2-elf/4.1.2/../../../../nios2-elf/lib/mno-hw-mul/libc.a(lib_a-fvwrite.o)
                              /OPT/altera/12.1/nios2eds/bin/gnu/H-i686-pc-linux-gnu/bin/../lib/gcc/nios2-elf/4.1.2/../../../../nios2-elf/lib/mno-hw-mul/libc.a(lib_a-puts.o) (__sfvwrite_r)
/OPT/altera/12.1/nios2eds/bin/gnu/H-i686-pc-linux-gnu/bin/../lib/gcc/nios2-elf/4.1.2/../../../../nios2-elf/lib/mno-hw-mul/libc.a(lib_a-impure.o)
                              /OPT/altera/12.1/nios2eds/bin/gnu/H-i686-pc-linux-gnu/bin/../lib/gcc/nios2-elf/4.1.2/../../../../nios2-elf/lib/mno-hw-mul/libc.a(lib_a-puts.o) (_impure_ptr)
/OPT/altera/12.1/nios2eds/bin/gnu/H-i686-pc-linux-gnu/bin/../lib/gcc/nios2-elf/4.1.2/../../../../nios2-elf/lib/mno-hw-mul/libc.a(lib_a-mallocr.o)
                              /OPT/altera/12.1/nios2eds/bin/gnu/H-i686-pc-linux-gnu/bin/../lib/gcc/nios2-elf/4.1.2/../../../../nios2-elf/lib/mno-hw-mul/libc.a(lib_a-fvwrite.o) (_malloc_r)
/OPT/altera/12.1/nios2eds/bin/gnu/H-i686-pc-linux-gnu/bin/../lib/gcc/nios2-elf/4.1.2/../../../../nios2-elf/lib/mno-hw-mul/libc.a(lib_a-memchr.o)
                              /OPT/altera/12.1/nios2eds/bin/gnu/H-i686-pc-linux-gnu/bin/../lib/gcc/nios2-elf/4.1.2/../../../../nios2-elf/lib/mno-hw-mul/libc.a(lib_a-fvwrite.o) (memchr)
/OPT/altera/12.1/nios2eds/bin/gnu/H-i686-pc-linux-gnu/bin/../lib/gcc/nios2-elf/4.1.2/../../../../nios2-elf/lib/mno-hw-mul/libc.a(lib_a-memcpy.o)
                              /OPT/altera/12.1/nios2eds/bin/gnu/H-i686-pc-linux-gnu/bin/../lib/gcc/nios2-elf/4.1.2/../../../../nios2-elf/lib/mno-hw-mul/libc.a(lib_a-fvwrite.o) (memcpy)
/OPT/altera/12.1/nios2eds/bin/gnu/H-i686-pc-linux-gnu/bin/../lib/gcc/nios2-elf/4.1.2/../../../../nios2-elf/lib/mno-hw-mul/libc.a(lib_a-memmove.o)
                              /OPT/altera/12.1/nios2eds/bin/gnu/H-i686-pc-linux-gnu/bin/../lib/gcc/nios2-elf/4.1.2/../../../../nios2-elf/lib/mno-hw-mul/libc.a(lib_a-fvwrite.o) (memmove)
/OPT/altera/12.1/nios2eds/bin/gnu/H-i686-pc-linux-gnu/bin/../lib/gcc/nios2-elf/4.1.2/../../../../nios2-elf/lib/mno-hw-mul/libc.a(lib_a-reallocr.o)
                              /OPT/altera/12.1/nios2eds/bin/gnu/H-i686-pc-linux-gnu/bin/../lib/gcc/nios2-elf/4.1.2/../../../../nios2-elf/lib/mno-hw-mul/libc.a(lib_a-fvwrite.o) (_realloc_r)
/OPT/altera/12.1/nios2eds/bin/gnu/H-i686-pc-linux-gnu/bin/../lib/gcc/nios2-elf/4.1.2/../../../../nios2-elf/lib/mno-hw-mul/libc.a(lib_a-sbrkr.o)
                              /OPT/altera/12.1/nios2eds/bin/gnu/H-i686-pc-linux-gnu/bin/../lib/gcc/nios2-elf/4.1.2/../../../../nios2-elf/lib/mno-hw-mul/libc.a(lib_a-mallocr.o) (_sbrk_r)
/OPT/altera/12.1/nios2eds/bin/gnu/H-i686-pc-linux-gnu/bin/../lib/gcc/nios2-elf/4.1.2/../../../../nios2-elf/lib/mno-hw-mul/libc.a(lib_a-wsetup.o)
                              /OPT/altera/12.1/nios2eds/bin/gnu/H-i686-pc-linux-gnu/bin/../lib/gcc/nios2-elf/4.1.2/../../../../nios2-elf/lib/mno-hw-mul/libc.a(lib_a-fvwrite.o) (__swsetup_r)
/OPT/altera/12.1/nios2eds/bin/gnu/H-i686-pc-linux-gnu/bin/../lib/gcc/nios2-elf/4.1.2/../../../../nios2-elf/lib/mno-hw-mul/libc.a(lib_a-fflush.o)
                              /OPT/altera/12.1/nios2eds/bin/gnu/H-i686-pc-linux-gnu/bin/../lib/gcc/nios2-elf/4.1.2/../../../../nios2-elf/lib/mno-hw-mul/libc.a(lib_a-fvwrite.o) (_fflush_r)
/OPT/altera/12.1/nios2eds/bin/gnu/H-i686-pc-linux-gnu/bin/../lib/gcc/nios2-elf/4.1.2/../../../../nios2-elf/lib/mno-hw-mul/libc.a(lib_a-findfp.o)
                              /OPT/altera/12.1/nios2eds/bin/gnu/H-i686-pc-linux-gnu/bin/../lib/gcc/nios2-elf/4.1.2/../../../../nios2-elf/lib/mno-hw-mul/libc.a(lib_a-wsetup.o) (__sinit)
/OPT/altera/12.1/nios2eds/bin/gnu/H-i686-pc-linux-gnu/bin/../lib/gcc/nios2-elf/4.1.2/../../../../nios2-elf/lib/mno-hw-mul/libc.a(lib_a-freer.o)
                              /OPT/altera/12.1/nios2eds/bin/gnu/H-i686-pc-linux-gnu/bin/../lib/gcc/nios2-elf/4.1.2/../../../../nios2-elf/lib/mno-hw-mul/libc.a(lib_a-fvwrite.o) (_free_r)
/OPT/altera/12.1/nios2eds/bin/gnu/H-i686-pc-linux-gnu/bin/../lib/gcc/nios2-elf/4.1.2/../../../../nios2-elf/lib/mno-hw-mul/libc.a(lib_a-fwalk.o)
                              /OPT/altera/12.1/nios2eds/bin/gnu/H-i686-pc-linux-gnu/bin/../lib/gcc/nios2-elf/4.1.2/../../../../nios2-elf/lib/mno-hw-mul/libc.a(lib_a-fflush.o) (_fwalk_reent)
[...]
Memory Configuration

Name             Origin             Length             Attributes
sdram_0          0x00800000         0x00800000
sram_0           0x01080000         0x00080000
reset            0x01104000         0x00000020
onchip_memory2_0 0x01104020         0x00003fe0
*default*        0x00000000         0xffffffff

Linker script and memory map

LOAD ../attempt2_bsp//obj/HAL/src/crt0.o
LOAD obj/default/hello_ucosii.o
LOAD /OPT/altera/12.1/nios2eds/bin/gnu/H-i686-pc-linux-gnu/bin/../lib/gcc/nios2-elf/4.1.2/../../../../nios2-elf/lib/mno-hw-mul/libstdc++.a
LOAD /OPT/altera/12.1/nios2eds/bin/gnu/H-i686-pc-linux-gnu/bin/../lib/gcc/nios2-elf/4.1.2/../../../../nios2-elf/lib/mno-hw-mul/libm.a
LOAD /OPT/altera/12.1/nios2eds/bin/gnu/H-i686-pc-linux-gnu/bin/../lib/gcc/nios2-elf/4.1.2/mno-hw-mul/libgcc.a
START GROUP
LOAD /OPT/altera/12.1/nios2eds/bin/gnu/H-i686-pc-linux-gnu/bin/../lib/gcc/nios2-elf/4.1.2/../../../../nios2-elf/lib/mno-hw-mul/libc.a
LOAD /OPT/altera/12.1/nios2eds/bin/gnu/H-i686-pc-linux-gnu/bin/../lib/gcc/nios2-elf/4.1.2/mno-hw-mul/libgcc.a
LOAD ../attempt2_bsp//libucosii_bsp.a
END GROUP
LOAD /OPT/altera/12.1/nios2eds/bin/gnu/H-i686-pc-linux-gnu/bin/../lib/gcc/nios2-elf/4.1.2/mno-hw-mul/libgcc.a
                0x00800000                __alt_mem_sdram_0 = 0x800000
                0x01080000                __alt_mem_sram_0 = 0x1080000
                0x01104000                __alt_mem_onchip_memory2_0 = 0x1104000

.entry          0x01104000       0x20
 *(.entry)
 .entry         0x01104000       0x20 ../attempt2_bsp//obj/HAL/src/crt0.o
                0x01104000                __reset

.exceptions     0x01104020      0x1a0 load address 0x00800000
                0x01104020                PROVIDE (__ram_exceptions_start, ABSOLUTE (.))
                0x01104020                . = ALIGN (0x20)
 *(.irq)
 *(.exceptions.entry.label)
 .exceptions.entry.label
                0x01104020        0x0 ../attempt2_bsp//libucosii_bsp.a(alt_irq_entry.o)
                0x01104020                alt_irq_entry
 .exceptions.entry.label
                0x01104020        0x0 ../attempt2_bsp//libucosii_bsp.a(alt_exception_entry.o)
                0x01104020                alt_exception
 *(.exceptions.entry.user)
 *(.exceptions.entry)
 .exceptions.entry
                0x01104020       0x54 ../attempt2_bsp//libucosii_bsp.a(alt_exception_entry.o)
 *(.exceptions.irqtest.user)
 *(.exceptions.irqtest)
 .exceptions.irqtest
                0x01104074       0x10 ../attempt2_bsp//libucosii_bsp.a(alt_irq_entry.o)
 *(.exceptions.irqhandler.user)
 *(.exceptions.irqhandler)
 .exceptions.irqhandler
                0x01104084        0x4 ../attempt2_bsp//libucosii_bsp.a(alt_irq_entry.o)
 *(.exceptions.irqreturn.user)
 *(.exceptions.irqreturn)
 .exceptions.irqreturn
                0x01104088        0x4 ../attempt2_bsp//libucosii_bsp.a(alt_irq_entry.o)
 *(.exceptions.notirq.label)
 .exceptions.notirq.label
                0x0110408c        0x0 ../attempt2_bsp//libucosii_bsp.a(alt_irq_entry.o)
 *(.exceptions.notirq.user)
 *(.exceptions.notirq)
 .exceptions.notirq
                0x0110408c        0x8 ../attempt2_bsp//libucosii_bsp.a(alt_exception_entry.o)
 *(.exceptions.soft.user)
 *(.exceptions.soft)
 *(.exceptions.unknown.user)
 *(.exceptions.unknown)
 .exceptions.unknown
                0x01104094        0x4 ../attempt2_bsp//libucosii_bsp.a(alt_exception_entry.o)
 *(.exceptions.exit.label)
 .exceptions.exit.label
                0x01104098        0x0 ../attempt2_bsp//libucosii_bsp.a(alt_irq_entry.o)
 .exceptions.exit.label
                0x01104098        0x0 ../attempt2_bsp//libucosii_bsp.a(alt_exception_entry.o)
 *(.exceptions.exit.user)
 *(.exceptions.exit)
 .exceptions.exit
                0x01104098       0x54 ../attempt2_bsp//libucosii_bsp.a(alt_exception_entry.o)
 *(.exceptions)
 .exceptions    0x011040ec       0xd4 ../attempt2_bsp//libucosii_bsp.a(alt_irq_handler.o)
                0x011040ec                alt_irq_handler
                0x011041c0                PROVIDE (__ram_exceptions_end, ABSOLUTE (.))
                0x00800000                PROVIDE (__flash_exceptions_start, LOADADDR (.exceptions))

.text           0x008001a0     0xf9f8
                0x008001a0                PROVIDE (stext, ABSOLUTE (.))
 *(.interp)
 *(.hash)
 *(.dynsym)
 *(.dynstr)
 *(.gnu.version)
 *(.gnu.version_d)
 *(.gnu.version_r)
 *(.rel.init)
 *(.rela.init)
 *(.rel.text .rel.text.* .rel.gnu.linkonce.t.*)
 *(.rela.text .rela.text.* .rela.gnu.linkonce.t.*)
 *(.rel.fini)
 *(.rela.fini)
 *(.rel.rodata .rel.rodata.* .rel.gnu.linkonce.r.*)
 *(.rela.rodata .rela.rodata.* .rela.gnu.linkonce.r.*)
 *(.rel.data .rel.data.* .rel.gnu.linkonce.d.*)
 *(.rela.data .rela.data.* .rela.gnu.linkonce.d.*)
 *(.rel.tdata .rel.tdata.* .rel.gnu.linkonce.td.*)
 *(.rela.tdata .rela.tdata.* .rela.gnu.linkonce.td.*)
 *(.rel.tbss .rel.tbss.* .rel.gnu.linkonce.tb.*)
 *(.rela.tbss .rela.tbss.* .rela.gnu.linkonce.tb.*)
 *(.rel.ctors)
 *(.rela.ctors)
 *(.rel.dtors)
 *(.rela.dtors)
 *(.rel.got)
 *(.rela.got)
 *(.rel.sdata .rel.sdata.* .rel.gnu.linkonce.s.*)
 *(.rela.sdata .rela.sdata.* .rela.gnu.linkonce.s.*)
 *(.rel.sbss .rel.sbss.* .rel.gnu.linkonce.sb.*)
 *(.rela.sbss .rela.sbss.* .rela.gnu.linkonce.sb.*)
 *(.rel.sdata2 .rel.sdata2.* .rel.gnu.linkonce.s2.*)
 *(.rela.sdata2 .rela.sdata2.* .rela.gnu.linkonce.s2.*)
 *(.rel.sbss2 .rel.sbss2.* .rel.gnu.linkonce.sb2.*)
 *(.rela.sbss2 .rela.sbss2.* .rela.gnu.linkonce.sb2.*)
 *(.rel.bss .rel.bss.* .rel.gnu.linkonce.b.*)
 *(.rela.bss .rela.bss.* .rela.gnu.linkonce.b.*)
 *(.rel.plt)
 *(.rela.plt)
 *(.rel.dyn)
 *(.init)
 *(.plt)
 *(.text .stub .text.* .gnu.linkonce.t.*)
 .text          0x008001a0       0x3c ../attempt2_bsp//obj/HAL/src/crt0.o
                0x008001a0                _start
 .text          0x008001dc      0x310 obj/default/hello_ucosii.o
                0x008001dc                task1
                0x00800250                task2
                0x00800288                audio_data_task
                0x00800434                main
 .text          0x008004ec       0xb4 /OPT/altera/12.1/nios2eds/bin/gnu/H-i686-pc-linux-gnu/bin/../lib/gcc/nios2-elf/4.1.2/../../../../nios2-elf/lib/mno-hw-mul/libc.a(lib_a-puts.o)
                0x008004ec                _puts_r
                0x0080058c                puts
 .text          0x008005a0       0x74 /OPT/altera/12.1/nios2eds/bin/gnu/H-i686-pc-linux-gnu/bin/../lib/gcc/nios2-elf/4.1.2/../../../../nios2-elf/lib/mno-hw-mul/libc.a(lib_a-strlen.o)
                0x008005a0                strlen
 .text          0x00800614      0x49c /OPT/altera/12.1/nios2eds/bin/gnu/H-i686-pc-linux-gnu/bin/../lib/gcc/nios2-elf/4.1.2/../../../../nios2-elf/lib/mno-hw-mul/libc.a(lib_a-fvwrite.o)
                0x00800614                __sfvwrite_r
 .text          0x00800ab0        0x0 /OPT/altera/12.1/nios2eds/bin/gnu/H-i686-pc-linux-gnu/bin/../lib/gcc/nios2-elf/4.1.2/../../../../nios2-elf/lib/mno-hw-mul/libc.a(lib_a-impure.o)
 .text          0x00800ab0      0x740 /OPT/altera/12.1/nios2eds/bin/gnu/H-i686-pc-linux-gnu/bin/../lib/gcc/nios2-elf/4.1.2/../../../../nios2-elf/lib/mno-hw-mul/libc.a(lib_a-mallocr.o)
                0x00800ab0                _malloc_r
 .text          0x008011f0       0xe4 /OPT/altera/12.1/nios2eds/bin/gnu/H-i686-pc-linux-gnu/bin/../lib/gcc/nios2-elf/4.1.2/../../../../nios2-elf/lib/mno-hw-mul/libc.a(lib_a-memchr.o)
                0x008011f0                memchr
 .text          0x008012d4       0xa0 /OPT/altera/12.1/nios2eds/bin/gnu/H-i686-pc-linux-gnu/bin/../lib/gcc/nios2-elf/4.1.2/../../../../nios2-elf/lib/mno-hw-mul/libc.a(lib_a-memcpy.o)
                0x008012d4                memcpy
 .text          0x00801374       0xe0 /OPT/altera/12.1/nios2eds/bin/gnu/H-i686-pc-linux-gnu/bin/../lib/gcc/nios2-elf/4.1.2/../../../../nios2-elf/lib/mno-hw-mul/libc.a(lib_a-memmove.o)
                0x00801374                memmove
 .text          0x00801454      0x5f4 /OPT/altera/12.1/nios2eds/bin/gnu/H-i686-pc-linux-gnu/bin/../lib/gcc/nios2-elf/4.1.2/../../../../nios2-elf/lib/mno-hw-mul/libc.a(lib_a-reallocr.o)
                0x00801454                _realloc_r
 .text          0x00801a48       0x70 /OPT/altera/12.1/nios2eds/bin/gnu/H-i686-pc-linux-gnu/bin/../lib/gcc/nios2-elf/4.1.2/../../../../nios2-elf/lib/mno-hw-mul/libc.a(lib_a-sbrkr.o)
                0x00801a48                _sbrk_r
 .text          0x00801ab8      0x13c /OPT/altera/12.1/nios2eds/bin/gnu/H-i686-pc-linux-gnu/bin/../lib/gcc/nios2-elf/4.1.2/../../../../nios2-elf/lib/mno-hw-mul/libc.a(lib_a-wsetup.o)
                0x00801ab8                __swsetup_r
 .text          0x00801bf4      0x230 /OPT/altera/12.1/nios2eds/bin/gnu/H-i686-pc-linux-gnu/bin/../lib/gcc/nios2-elf/4.1.2/../../../../nios2-elf/lib/mno-hw-mul/libc.a(lib_a-fflush.o)
                0x00801bf4                _fflush_r
                0x00801df0                fflush
 .text          0x00801e24      0x2f4 /OPT/altera/12.1/nios2eds/bin/gnu/H-i686-pc-linux-gnu/bin/../lib/gcc/nios2-elf/4.1.2/../../../../nios2-elf/lib/mno-hw-mul/libc.a(lib_a-findfp.o)
                0x00801e7c                __sfp_lock_acquire
                0x00801e80                __sfp_lock_release
                0x00801e84                __sinit_lock_acquire
                0x00801e88                __sinit_lock_release
                0x00801e8c                __sinit
                0x00801f40                __fp_unlock_all
                0x00801f58                __fp_lock_all
                0x00801f70                _cleanup_r
                0x00801f7c                _cleanup
                0x00801f8c                __sfmoreglue
                0x00802028                __sfp
 .text          0x00802118      0x440 /OPT/altera/12.1/nios2eds/bin/gnu/H-i686-pc-linux-gnu/bin/../lib/gcc/nios2-elf/4.1.2/../../../../nios2-elf/lib/mno-hw-mul/libc.a(lib_a-freer.o)
                0x00802118                _malloc_trim_r
                0x00802244                _free_r
 .text          0x00802558      0x180 /OPT/altera/12.1/nios2eds/bin/gnu/H-i686-pc-linux-gnu/bin/../lib/gcc/nios2-elf/4.1.2/../../../../nios2-elf/lib/mno-hw-mul/libc.a(lib_a-fwalk.o)
                0x00802558                _fwalk_reent
                0x00802620                _fwalk
 .text          0x008026d8        0x0 /OPT/altera/12.1/nios2eds/bin/gnu/H-i686-pc-linux-gnu/bin/../lib/gcc/nios2-elf/4.1.2/../../../../nios2-elf/lib/mno-hw-mul/libc.a(lib_a-int_errno.o)
 .text          0x008026d8      0x194 /OPT/altera/12.1/nios2eds/bin/gnu/H-i686-pc-linux-gnu/bin/../lib/gcc/nios2-elf/4.1.2/../../../../nios2-elf/lib/mno-hw-mul/libc.a(lib_a-makebuf.o)
                0x008026d8                __smakebuf_r
 .text          0x0080286c       0x98 /OPT/altera/12.1/nios2eds/bin/gnu/H-i686-pc-linux-gnu/bin/../lib/gcc/nios2-elf/4.1.2/../../../../nios2-elf/lib/mno-hw-mul/libc.a(lib_a-memset.o)
                0x0080286c                memset
 .text          0x00802904      0x14c /OPT/altera/12.1/nios2eds/bin/gnu/H-i686-pc-linux-gnu/bin/../lib/gcc/nios2-elf/4.1.2/../../../../nios2-elf/lib/mno-hw-mul/libc.a(lib_a-stdio.o)
                0x00802904                __sclose
                0x0080290c                __sseek
                0x00802974                __swrite
                0x008029f0                __sread
 .text          0x00802a50       0x78 /OPT/altera/12.1/nios2eds/bin/gnu/H-i686-pc-linux-gnu/bin/../lib/gcc/nios2-elf/4.1.2/../../../../nios2-elf/lib/mno-hw-mul/libc.a(lib_a-writer.o)
                0x00802a50                _write_r
 .text          0x00802ac8       0x70 /OPT/altera/12.1/nios2eds/bin/gnu/H-i686-pc-linux-gnu/bin/../lib/gcc/nios2-elf/4.1.2/../../../../nios2-elf/lib/mno-hw-mul/libc.a(lib_a-closer.o)
                0x00802ac8                _close_r
 .text          0x00802b38      0x124 /OPT/altera/12.1/nios2eds/bin/gnu/H-i686-pc-linux-gnu/bin/../lib/gcc/nios2-elf/4.1.2/../../../../nios2-elf/lib/mno-hw-mul/libc.a(lib_a-fclose.o)
                0x00802b38                _fclose_r
                0x00802c48                fclose
 .text          0x00802c5c       0x74 /OPT/altera/12.1/nios2eds/bin/gnu/H-i686-pc-linux-gnu/bin/../lib/gcc/nios2-elf/4.1.2/../../../../nios2-elf/lib/mno-hw-mul/libc.a(lib_a-fstatr.o)
                0x00802c5c                _fstat_r
 .text          0x00802cd0       0x70 /OPT/altera/12.1/nios2eds/bin/gnu/H-i686-pc-linux-gnu/bin/../lib/gcc/nios2-elf/4.1.2/../../../../nios2-elf/lib/mno-hw-mul/libc.a(lib_a-isattyr.o)
                0x00802cd0                _isatty_r
 .text          0x00802d40       0x78 /OPT/altera/12.1/nios2eds/bin/gnu/H-i686-pc-linux-gnu/bin/../lib/gcc/nios2-elf/4.1.2/../../../../nios2-elf/lib/mno-hw-mul/libc.a(lib_a-lseekr.o)
                0x00802d40                _lseek_r
 .text          0x00802db8       0x78 /OPT/altera/12.1/nios2eds/bin/gnu/H-i686-pc-linux-gnu/bin/../lib/gcc/nios2-elf/4.1.2/../../../../nios2-elf/lib/mno-hw-mul/libc.a(lib_a-readr.o)
                0x00802db8                _read_r
 .text          0x00802e30       0x38 /OPT/altera/12.1/nios2eds/bin/gnu/H-i686-pc-linux-gnu/bin/../lib/gcc/nios2-elf/4.1.2/mno-hw-mul/libgcc.a(lib2-mul.o)
                0x00802e30                __mulsi3
 .text          0x00802e68      0x160 ../attempt2_bsp//libucosii_bsp.a(alt_close.o)
                0x00802e68                close
 .text          0x00802fc8       0x2c ../attempt2_bsp//libucosii_bsp.a(alt_dev.o)
 .text          0x00802ff4        0x0 ../attempt2_bsp//libucosii_bsp.a(alt_errno.o)
 .text          0x00802ff4      0x138 ../attempt2_bsp//libucosii_bsp.a(alt_fstat.o)
                0x00802ff4                fstat
 .text          0x0080312c      0x124 ../attempt2_bsp//libucosii_bsp.a(alt_isatty.o)
                0x0080312c                isatty
 .text          0x00803250       0xec ../attempt2_bsp//libucosii_bsp.a(alt_load.o)
                0x00803250                alt_load
 .text          0x0080333c      0x154 ../attempt2_bsp//libucosii_bsp.a(alt_lseek.o)
                0x0080333c                lseek
 .text          0x00803490       0xc8 ../attempt2_bsp//libucosii_bsp.a(alt_main.o)
                0x00803490                alt_main
 .text          0x00803558      0x184 ../attempt2_bsp//libucosii_bsp.a(alt_read.o)
                0x00803558                read
 .text          0x008036dc       0x78 ../attempt2_bsp//libucosii_bsp.a(alt_release_fd.o)
                0x008036dc                alt_release_fd
 .text          0x00803754       0xbc ../attempt2_bsp//libucosii_bsp.a(alt_sbrk.o)
                0x00803754                sbrk
 .text          0x00803810      0x184 ../attempt2_bsp//libucosii_bsp.a(alt_write.o)
                0x00803810                write
 .text          0x00803994      0x108 ../attempt2_bsp//libucosii_bsp.a(alt_env_lock.o)
                0x00803994                __env_lock
                0x00803a40                __env_unlock
 .text          0x00803a9c      0x1d8 ../attempt2_bsp//libucosii_bsp.a(alt_malloc_lock.o)
                0x00803a9c                __malloc_lock
                0x00803ba4                __malloc_unlock
 .text          0x00803c74     0x2128 ../attempt2_bsp//libucosii_bsp.a(os_core.o)
                0x00803c74                OSEventNameGet
                0x00803da4                OSEventNameSet
                0x00803ee8                OSEventPendMulti
                0x0080459c                OSInit
                0x008045f0                OSIntEnter
                0x0080466c                OSIntExit
                0x0080476c                OSSchedLock
                0x008047f8                OSSchedUnlock
                0x008048dc                OSStart
                0x0080494c                OSStatInit
                0x008049f8                OSTimeTick
                0x00804c38                OSVersion
                0x00804c58                OS_Dummy
                0x00804c74                OS_EventTaskRdy
                0x00804e08                OS_EventTaskWait
                0x00804f18                OS_EventTaskWaitMulti
                0x0080506c                OS_EventTaskRemove
                0x00805124                OS_EventTaskRemoveMulti
                0x00805228                OS_EventWaitListInit
                0x008055f4                OS_MemClr
                0x00805648                OS_MemCopy
                0x008056b4                OS_Sched
                0x008057f8                OS_StrCopy
                0x00805878                OS_StrLen
                0x008058d0                OS_TaskIdle
                0x0080592c                OS_TaskStat
                0x008059f4                OS_TaskStatStkChk
                0x00805abc                OS_TCBInit
 .text          0x00805d9c      0x18c ../attempt2_bsp//libucosii_bsp.a(os_dbg.o)
                0x00805d9c                OSDebugInit
 .text          0x00805f28     0x193c ../attempt2_bsp//libucosii_bsp.a(os_flag.o)
                0x00805f28                OSFlagAccept
                0x0080625c                OSFlagCreate
                0x00806398                OSFlagDel
                0x00806640                OSFlagNameGet
                0x00806784                OSFlagNameSet
                0x008068d8                OSFlagPend
                0x00806f1c                OSFlagPendGetFlagsRdy
                0x00806f84                OSFlagPost
                0x0080732c                OSFlagQuery
                0x008075c4                OS_FlagInit
                0x008077b8                OS_FlagUnlink
 .text          0x00807864      0x80c ../attempt2_bsp//libucosii_bsp.a(os_mem.o)
                0x00807864                OSMemCreate
                0x00807a80                OSMemGet
                0x00807b84                OSMemNameGet
                0x00807c90                OSMemNameSet
                0x00807db0                OSMemPut
                0x00807ea0                OSMemQuery
                0x00807f9c                OS_MemInit
 .text          0x00808070     0x1334 ../attempt2_bsp//libucosii_bsp.a(os_q.o)
                0x00808070                OSQAccept
                0x008081c4                OSQCreate
                0x008083d8                OSQDel
                0x008086d8                OSQFlush
                0x008087a0                OSQPend
                0x00808ac0                OSQPendAbort
                0x00808c3c                OSQPost
                0x00808dbc                OSQPostFront
                0x00808f44                OSQPostOpt
                0x00809178                OSQQuery
                0x008092f8                OS_QInit
 .text          0x008093a4      0xbc8 ../attempt2_bsp//libucosii_bsp.a(os_sem.o)
                0x008093a4                OSSemAccept
                0x00809464                OSSemCreate
                0x00809578                OSSemDel
                0x00809818                OSSemPend
                0x00809a94                OSSemPendAbort
                0x00809c10                OSSemPost
                0x00809d38                OSSemQuery
                0x00809e68                OSSemSet
 .text          0x00809f6c     0x1a40 ../attempt2_bsp//libucosii_bsp.a(os_task.o)
                0x00809f6c                OSTaskChangePrio
                0x0080a4e0                OSTaskCreate
                0x0080a6b4                OSTaskCreateExt
                0x0080a8b4                OSTaskDel
                0x0080acc0                OSTaskDelReq
                0x0080ae30                OSTaskNameGet
                0x0080afe8                OSTaskNameSet
                0x0080b1ac                OSTaskResume
                0x0080b3c4                OSTaskStkChk
                0x0080b5c0                OSTaskSuspend
                0x0080b7ec                OSTaskQuery
                0x0080b930                OS_TaskStkClr
 .text          0x0080b9ac      0x5b4 ../attempt2_bsp//libucosii_bsp.a(os_time.o)
                0x0080b9ac                OSTimeDly
                0x0080baf8                OSTimeDlyHMSM
                0x0080bc88                OSTimeDlyResume
                0x0080be98                OSTimeGet
                0x0080befc                OSTimeSet
 .text          0x0080bf60       0xf8 ../attempt2_bsp//libucosii_bsp.a(alt_sys_init.o)
                0x0080bf60                alt_irq_init
                0x0080bf94                alt_sys_init
 .text          0x0080c058      0x148 ../attempt2_bsp//libucosii_bsp.a(altera_avalon_jtag_uart_fd.o)
                0x0080c058                altera_avalon_jtag_uart_read_fd
                0x0080c0b0                altera_avalon_jtag_uart_write_fd
                0x0080c108                altera_avalon_jtag_uart_close_fd
                0x0080c150                altera_avalon_jtag_uart_ioctl_fd
 .text          0x0080c1a0      0x580 ../attempt2_bsp//libucosii_bsp.a(altera_avalon_jtag_uart_init.o)
                0x0080c1a0                altera_avalon_jtag_uart_init
                0x0080c6ac                altera_avalon_jtag_uart_close
 .text          0x0080c720       0xf4 ../attempt2_bsp//libucosii_bsp.a(altera_avalon_jtag_uart_ioctl.o)
                0x0080c720                altera_avalon_jtag_uart_ioctl
 .text          0x0080c814      0x2c0 ../attempt2_bsp//libucosii_bsp.a(altera_avalon_jtag_uart_read.o)
                0x0080c814                altera_avalon_jtag_uart_read
 .text          0x0080cad4      0x2dc ../attempt2_bsp//libucosii_bsp.a(altera_avalon_jtag_uart_write.o)
                0x0080cad4                altera_avalon_jtag_uart_write
 .text          0x0080cdb0       0xfc ../attempt2_bsp//libucosii_bsp.a(altera_avalon_timer_sc.o)
                0x0080ce24                alt_avalon_timer_sc_init
 .text          0x0080ceac      0x80c ../attempt2_bsp//libucosii_bsp.a(altera_up_avalon_audio.o)
                0x0080ceac                alt_up_audio_open_dev
                0x0080ceec                alt_up_audio_enable_read_interrupt
                0x0080cf38                alt_up_audio_disable_read_interrupt
                0x0080cf88                alt_up_audio_enable_write_interrupt
                0x0080cfd4                alt_up_audio_disable_write_interrupt
                0x0080d024                alt_up_audio_read_interrupt_pending
                0x0080d060                alt_up_audio_write_interrupt_pending
                0x0080d09c                alt_up_audio_reset_audio_core
                0x0080d124                alt_up_audio_read_fifo_avail
                0x0080d194                alt_up_audio_record_r
                0x0080d204                alt_up_audio_record_l
                0x0080d274                alt_up_audio_write_fifo_space
                0x0080d2e8                alt_up_audio_play_r
                0x0080d358                alt_up_audio_play_l
                0x0080d3c8                alt_up_audio_read_fifo
                0x0080d4cc                alt_up_audio_write_fifo
                0x0080d5f8                alt_up_audio_read_fifo_head
                0x0080d658                alt_up_audio_write_fifo_head
 .text          0x0080d6b8      0x788 ../attempt2_bsp//libucosii_bsp.a(altera_up_avalon_audio_and_video_config.o)
                0x0080d6b8                alt_up_av_config_open_dev
                0x0080d71c                alt_up_av_config_write_data
                0x0080d780                alt_up_av_config_read_data
                0x0080d80c                alt_up_av_config_reset
                0x0080d844                alt_up_av_config_enable_interrupt
                0x0080d87c                alt_up_av_config_disable_interrupt
                0x0080d8ac                alt_up_av_config_read_acknowledge
                0x0080d914                alt_up_av_config_read_ready
                0x0080d94c                alt_up_av_config_write_audio_cfg_register
                0x0080d9f8                alt_up_av_config_read_video_cfg_register
                0x0080daf0                alt_up_av_config_write_video_cfg_register
                0x0080dbe8                alt_up_av_config_read_DC2_cfg_register
                0x0080dc4c                alt_up_av_config_write_DC2_cfg_register
                0x0080dcb0                alt_up_av_config_read_D5M_cfg_register
                0x0080dd14                alt_up_av_config_write_D5M_cfg_register
                0x0080dd78                alt_up_av_config_read_LTM_cfg_register
                0x0080dddc                alt_up_av_config_write_LTM_cfg_register
 .text          0x0080de40      0x530 ../attempt2_bsp//libucosii_bsp.a(altera_up_avalon_character_lcd.o)
                0x0080de40                get_DDRAM_addr
                0x0080debc                alt_up_character_lcd_send_cmd
                0x0080def0                alt_up_character_lcd_init
                0x0080df24                alt_up_character_lcd_open_dev
                0x0080df64                alt_up_character_lcd_write
                0x0080dfdc                alt_up_character_lcd_string
                0x0080e054                alt_up_character_lcd_write_fd
                0x0080e0a0                alt_up_character_lcd_set_cursor_pos
                0x0080e118                alt_up_character_lcd_shift_cursor
                0x0080e1c8                alt_up_character_lcd_shift_display
                0x0080e278                alt_up_character_lcd_erase_pos
                0x0080e308                alt_up_character_lcd_cursor_off
                0x0080e33c                alt_up_character_lcd_cursor_blink_on
 .text          0x0080e370      0x154 ../attempt2_bsp//libucosii_bsp.a(alt_alarm_start.o)
                0x0080e370                alt_alarm_start
 .text          0x0080e4c4       0x1c ../attempt2_bsp//libucosii_bsp.a(alt_dcache_flush_all.o)
                0x0080e4c4                alt_dcache_flush_all
 .text          0x0080e4e0      0x114 ../attempt2_bsp//libucosii_bsp.a(alt_dev_llist_insert.o)
                0x0080e4e0                alt_dev_llist_insert
 .text          0x0080e5f4       0x64 ../attempt2_bsp//libucosii_bsp.a(alt_do_ctors.o)
                0x0080e5f4                _do_ctors
 .text          0x0080e658       0x64 ../attempt2_bsp//libucosii_bsp.a(alt_do_dtors.o)
                0x0080e658                _do_dtors
 .text          0x0080e6bc       0x94 ../attempt2_bsp//libucosii_bsp.a(alt_find_dev.o)
                0x0080e6bc                alt_find_dev
 .text          0x0080e750       0x1c ../attempt2_bsp//libucosii_bsp.a(alt_icache_flush_all.o)
                0x0080e750                alt_icache_flush_all
 .text          0x0080e76c      0x150 ../attempt2_bsp//libucosii_bsp.a(alt_io_redirect.o)
                0x0080e844                alt_io_redirect
 .text          0x0080e8bc      0x1c0 ../attempt2_bsp//libucosii_bsp.a(alt_irq_register.o)
                0x0080e8bc                alt_irq_register
 .text          0x0080ea7c        0x0 ../attempt2_bsp//libucosii_bsp.a(alt_irq_vars.o)
 .text          0x0080ea7c      0x2e4 ../attempt2_bsp//libucosii_bsp.a(alt_open.o)
                0x0080eb74                open
 .text          0x0080ed60      0x1a8 ../attempt2_bsp//libucosii_bsp.a(alt_tick.o)
                0x0080ed60                alt_alarm_stop
                0x0080edf8                alt_tick
 .text          0x0080ef08       0x20 ../attempt2_bsp//libucosii_bsp.a(altera_nios2_qsys_irq.o)
                0x0080ef08                altera_nios2_qsys_irq_init
 .text          0x0080ef28       0xd0 ../attempt2_bsp//libucosii_bsp.a(os_cpu_a.o)
                0x0080ef28                OSCtxSw
                0x0080ef28                OSIntCtxSw
                0x0080efb4                OSStartHighRdy
                0x0080efd4                OSStartTsk
 .text          0x0080eff8      0x418 ../attempt2_bsp//libucosii_bsp.a(os_cpu_c.o)
                0x0080eff8                OSTaskStkInit
                0x0080f308                OSTaskCreateHook
                0x0080f328                OSTaskDelHook
                0x0080f348                OSTaskSwHook
                0x0080f364                OSTaskStatHook
                0x0080f380                OSTimeTickHook
                0x0080f39c                OSInitHookBegin
                0x0080f3b8                OSInitHookEnd
                0x0080f3d4                OSTaskIdleHook
                0x0080f3f0                OSTCBInitHook
 .text          0x0080f410      0x120 ../attempt2_bsp//libucosii_bsp.a(alt_find_file.o)
                0x0080f410                alt_find_file
 .text          0x0080f530      0x104 ../attempt2_bsp//libucosii_bsp.a(alt_get_fd.o)
                0x0080f530                alt_get_fd
 .text          0x0080f634        0x0 ../attempt2_bsp//libucosii_bsp.a(alt_irq_entry.o)
 .text          0x0080f634        0x0 ../attempt2_bsp//libucosii_bsp.a(alt_irq_handler.o)
 .text          0x0080f634        0x0 ../attempt2_bsp//libucosii_bsp.a(alt_exception_entry.o)
 .text          0x0080f634       0x14 /OPT/altera/12.1/nios2eds/bin/gnu/H-i686-pc-linux-gnu/bin/../lib/gcc/nios2-elf/4.1.2/../../../../nios2-elf/lib/mno-hw-mul/libc.a(lib_a-atexit.o)
                0x0080f634                atexit
 .text          0x0080f648       0x38 /OPT/altera/12.1/nios2eds/bin/gnu/H-i686-pc-linux-gnu/bin/../lib/gcc/nios2-elf/4.1.2/../../../../nios2-elf/lib/mno-hw-mul/libc.a(lib_a-exit.o)
                0x0080f648                exit
 .text          0x0080f680       0x74 /OPT/altera/12.1/nios2eds/bin/gnu/H-i686-pc-linux-gnu/bin/../lib/gcc/nios2-elf/4.1.2/../../../../nios2-elf/lib/mno-hw-mul/libc.a(lib_a-memcmp.o)
                0x0080f680                memcmp
 .text          0x0080f6f4      0x134 /OPT/altera/12.1/nios2eds/bin/gnu/H-i686-pc-linux-gnu/bin/../lib/gcc/nios2-elf/4.1.2/../../../../nios2-elf/lib/mno-hw-mul/libc.a(lib_a-__atexit.o)
                0x0080f6f4                __register_exitproc
 .text          0x0080f828      0x1b4 /OPT/altera/12.1/nios2eds/bin/gnu/H-i686-pc-linux-gnu/bin/../lib/gcc/nios2-elf/4.1.2/../../../../nios2-elf/lib/mno-hw-mul/libc.a(lib_a-__call_atexit.o)
                0x0080f82c                __call_exitprocs
 .text          0x0080f9dc      0x14c /OPT/altera/12.1/nios2eds/bin/gnu/H-i686-pc-linux-gnu/bin/../lib/gcc/nios2-elf/4.1.2/mno-hw-mul/libgcc.a(lib2-divmod.o)
                0x0080fa58                __divsi3
                0x0080fab8                __modsi3
                0x0080fb18                __udivsi3
                0x0080fb20                __umodsi3
 .text          0x0080fb28       0x6c ../attempt2_bsp//libucosii_bsp.a(alt_exit.o)
                0x0080fb68                _exit
 *(.gnu.warning.*)
 *(.fini)
                0x0080fb94                PROVIDE (__etext, ABSOLUTE (.))
                0x0080fb94                PROVIDE (_etext, ABSOLUTE (.))
                0x0080fb94                PROVIDE (etext, ABSOLUTE (.))
 *(.eh_frame_hdr)
                0x0080fb94                . = ALIGN (0x4)
                0x0080fb94                PROVIDE (__preinit_array_start, ABSOLUTE (.))
 *(.preinit_array)
                0x0080fb94                PROVIDE (__preinit_array_end, ABSOLUTE (.))
                0x0080fb94                PROVIDE (__init_array_start, ABSOLUTE (.))
 *(.init_array)
                0x0080fb94                PROVIDE (__init_array_end, ABSOLUTE (.))
                0x0080fb94                PROVIDE (__fini_array_start, ABSOLUTE (.))
 *(.fini_array)
                0x0080fb94                PROVIDE (__fini_array_end, ABSOLUTE (.))
 *(.eh_frame)
 *(.gcc_except_table)
 *(.dynamic)
                0x0080fb94                PROVIDE (__CTOR_LIST__, ABSOLUTE (.))
 *(.ctors)
 *(SORT(.ctors.*))
 .ctors.65535   0x0080fb94        0x4 /OPT/altera/12.1/nios2eds/bin/gnu/H-i686-pc-linux-gnu/bin/../lib/gcc/nios2-elf/4.1.2/../../../../nios2-elf/lib/mno-hw-mul/libc.a(lib_a-__call_atexit.o)
                0x0080fb98                PROVIDE (__CTOR_END__, ABSOLUTE (.))
                0x0080fb98                PROVIDE (__DTOR_LIST__, ABSOLUTE (.))
 *(.dtors)
 *(SORT(.dtors.*))
                0x0080fb98                PROVIDE (__DTOR_END__, ABSOLUTE (.))
 *(.jcr)
                0x0080fb98                . = ALIGN (0x4)

.rodata         0x0080fb98      0x270
                0x0080fb98                PROVIDE (__ram_rodata_start, ABSOLUTE (.))
                0x0080fb98                . = ALIGN (0x4)
 *(.rodata .rodata.* .gnu.linkonce.r.*)
 .rodata        0x0080fb98       0xc8 obj/default/hello_ucosii.o
 .rodata.str1.4
                0x0080fc60        0x2 /OPT/altera/12.1/nios2eds/bin/gnu/H-i686-pc-linux-gnu/bin/../lib/gcc/nios2-elf/4.1.2/../../../../nios2-elf/lib/mno-hw-mul/libc.a(lib_a-puts.o)
                                  0x4 (size before relaxing)
 *fill*         0x0080fc62        0x2 00
 .rodata.str1.4
                0x0080fc64        0x4 /OPT/altera/12.1/nios2eds/bin/gnu/H-i686-pc-linux-gnu/bin/../lib/gcc/nios2-elf/4.1.2/../../../../nios2-elf/lib/mno-hw-mul/libc.a(lib_a-impure.o)
 .rodata        0x0080fc68        0xc ../attempt2_bsp//libucosii_bsp.a(alt_dev.o)
 .rodata        0x0080fc74       0x14 ../attempt2_bsp//libucosii_bsp.a(alt_main.o)
 .rodata        0x0080fc88      0x120 ../attempt2_bsp//libucosii_bsp.a(os_core.o)
                0x0080fc88                OSUnMapTbl
 .rodata        0x0080fda8       0x5c ../attempt2_bsp//libucosii_bsp.a(alt_sys_init.o)
 .rodata        0x0080fe04        0x4 ../attempt2_bsp//libucosii_bsp.a(os_cpu_c.o)
 *(.rodata1)
                0x0080fe08                . = ALIGN (0x4)
                0x0080fe08                PROVIDE (__ram_rodata_end, ABSOLUTE (.))
                0x0080fb98                PROVIDE (__flash_rodata_start, LOADADDR (.rodata))

.rwdata         0x0080fe08     0x1b5c load address 0x00811964
                0x0080fe08                PROVIDE (__ram_rwdata_start, ABSOLUTE (.))
                0x0080fe08                . = ALIGN (0x4)
 *(.got.plt)
 *(.got)
 *(.data1)
 *(.data .data.* .gnu.linkonce.d.*)
 .data          0x0080fe08        0x0 ../attempt2_bsp//obj/HAL/src/crt0.o
 .data          0x0080fe08        0x0 obj/default/hello_ucosii.o
 .data          0x0080fe08        0x0 /OPT/altera/12.1/nios2eds/bin/gnu/H-i686-pc-linux-gnu/bin/../lib/gcc/nios2-elf/4.1.2/../../../../nios2-elf/lib/mno-hw-mul/libc.a(lib_a-puts.o)
 .data          0x0080fe08        0x0 /OPT/altera/12.1/nios2eds/bin/gnu/H-i686-pc-linux-gnu/bin/../lib/gcc/nios2-elf/4.1.2/../../../../nios2-elf/lib/mno-hw-mul/libc.a(lib_a-strlen.o)
 .data          0x0080fe08        0x0 /OPT/altera/12.1/nios2eds/bin/gnu/H-i686-pc-linux-gnu/bin/../lib/gcc/nios2-elf/4.1.2/../../../../nios2-elf/lib/mno-hw-mul/libc.a(lib_a-fvwrite.o)
 .data          0x0080fe08      0x400 /OPT/altera/12.1/nios2eds/bin/gnu/H-i686-pc-linux-gnu/bin/../lib/gcc/nios2-elf/4.1.2/../../../../nios2-elf/lib/mno-hw-mul/libc.a(lib_a-impure.o)
 .data          0x00810208      0x408 /OPT/altera/12.1/nios2eds/bin/gnu/H-i686-pc-linux-gnu/bin/../lib/gcc/nios2-elf/4.1.2/../../../../nios2-elf/lib/mno-hw-mul/libc.a(lib_a-mallocr.o)
                0x00810208                __malloc_av_
 .data          0x00810610        0x0 /OPT/altera/12.1/nios2eds/bin/gnu/H-i686-pc-linux-gnu/bin/../lib/gcc/nios2-elf/4.1.2/../../../../nios2-elf/lib/mno-hw-mul/libc.a(lib_a-memchr.o)
 .data          0x00810610        0x0 /OPT/altera/12.1/nios2eds/bin/gnu/H-i686-pc-linux-gnu/bin/../lib/gcc/nios2-elf/4.1.2/../../../../nios2-elf/lib/mno-hw-mul/libc.a(lib_a-memcpy.o)
 .data          0x00810610        0x0 /OPT/altera/12.1/nios2eds/bin/gnu/H-i686-pc-linux-gnu/bin/../lib/gcc/nios2-elf/4.1.2/../../../../nios2-elf/lib/mno-hw-mul/libc.a(lib_a-memmove.o)
 .data          0x00810610        0x0 /OPT/altera/12.1/nios2eds/bin/gnu/H-i686-pc-linux-gnu/bin/../lib/gcc/nios2-elf/4.1.2/../../../../nios2-elf/lib/mno-hw-mul/libc.a(lib_a-reallocr.o)
 .data          0x00810610        0x0 /OPT/altera/12.1/nios2eds/bin/gnu/H-i686-pc-linux-gnu/bin/../lib/gcc/nios2-elf/4.1.2/../../../../nios2-elf/lib/mno-hw-mul/libc.a(lib_a-sbrkr.o)
 .data          0x00810610        0x0 /OPT/altera/12.1/nios2eds/bin/gnu/H-i686-pc-linux-gnu/bin/../lib/gcc/nios2-elf/4.1.2/../../../../nios2-elf/lib/mno-hw-mul/libc.a(lib_a-wsetup.o)
 .data          0x00810610        0x0 /OPT/altera/12.1/nios2eds/bin/gnu/H-i686-pc-linux-gnu/bin/../lib/gcc/nios2-elf/4.1.2/../../../../nios2-elf/lib/mno-hw-mul/libc.a(lib_a-fflush.o)
 .data          0x00810610        0x0 /OPT/altera/12.1/nios2eds/bin/gnu/H-i686-pc-linux-gnu/bin/../lib/gcc/nios2-elf/4.1.2/../../../../nios2-elf/lib/mno-hw-mul/libc.a(lib_a-findfp.o)
 .data          0x00810610        0x0 /OPT/altera/12.1/nios2eds/bin/gnu/H-i686-pc-linux-gnu/bin/../lib/gcc/nios2-elf/4.1.2/../../../../nios2-elf/lib/mno-hw-mul/libc.a(lib_a-freer.o)
 .data          0x00810610        0x0 /OPT/altera/12.1/nios2eds/bin/gnu/H-i686-pc-linux-gnu/bin/../lib/gcc/nios2-elf/4.1.2/../../../../nios2-elf/lib/mno-hw-mul/libc.a(lib_a-fwalk.o)
 .data          0x00810610        0x0 /OPT/altera/12.1/nios2eds/bin/gnu/H-i686-pc-linux-gnu/bin/../lib/gcc/nios2-elf/4.1.2/../../../../nios2-elf/lib/mno-hw-mul/libc.a(lib_a-int_errno.o)
 .data          0x00810610        0x0 /OPT/altera/12.1/nios2eds/bin/gnu/H-i686-pc-linux-gnu/bin/../lib/gcc/nios2-elf/4.1.2/../../../../nios2-elf/lib/mno-hw-mul/libc.a(lib_a-makebuf.o)
 .data          0x00810610        0x0 /OPT/altera/12.1/nios2eds/bin/gnu/H-i686-pc-linux-gnu/bin/../lib/gcc/nios2-elf/4.1.2/../../../../nios2-elf/lib/mno-hw-mul/libc.a(lib_a-memset.o)
 .data          0x00810610        0x0 /OPT/altera/12.1/nios2eds/bin/gnu/H-i686-pc-linux-gnu/bin/../lib/gcc/nios2-elf/4.1.2/../../../../nios2-elf/lib/mno-hw-mul/libc.a(lib_a-stdio.o)
 .data          0x00810610        0x0 /OPT/altera/12.1/nios2eds/bin/gnu/H-i686-pc-linux-gnu/bin/../lib/gcc/nios2-elf/4.1.2/../../../../nios2-elf/lib/mno-hw-mul/libc.a(lib_a-writer.o)
 .data          0x00810610        0x0 /OPT/altera/12.1/nios2eds/bin/gnu/H-i686-pc-linux-gnu/bin/../lib/gcc/nios2-elf/4.1.2/../../../../nios2-elf/lib/mno-hw-mul/libc.a(lib_a-closer.o)
 .data          0x00810610        0x0 /OPT/altera/12.1/nios2eds/bin/gnu/H-i686-pc-linux-gnu/bin/../lib/gcc/nios2-elf/4.1.2/../../../../nios2-elf/lib/mno-hw-mul/libc.a(lib_a-fclose.o)
 .data          0x00810610        0x0 /OPT/altera/12.1/nios2eds/bin/gnu/H-i686-pc-linux-gnu/bin/../lib/gcc/nios2-elf/4.1.2/../../../../nios2-elf/lib/mno-hw-mul/libc.a(lib_a-fstatr.o)
 .data          0x00810610        0x0 /OPT/altera/12.1/nios2eds/bin/gnu/H-i686-pc-linux-gnu/bin/../lib/gcc/nios2-elf/4.1.2/../../../../nios2-elf/lib/mno-hw-mul/libc.a(lib_a-isattyr.o)
 .data          0x00810610        0x0 /OPT/altera/12.1/nios2eds/bin/gnu/H-i686-pc-linux-gnu/bin/../lib/gcc/nios2-elf/4.1.2/../../../../nios2-elf/lib/mno-hw-mul/libc.a(lib_a-lseekr.o)
 .data          0x00810610        0x0 /OPT/altera/12.1/nios2eds/bin/gnu/H-i686-pc-linux-gnu/bin/../lib/gcc/nios2-elf/4.1.2/../../../../nios2-elf/lib/mno-hw-mul/libc.a(lib_a-readr.o)
 .data          0x00810610        0x0 /OPT/altera/12.1/nios2eds/bin/gnu/H-i686-pc-linux-gnu/bin/../lib/gcc/nios2-elf/4.1.2/mno-hw-mul/libgcc.a(lib2-mul.o)
 .data          0x00810610        0x0 ../attempt2_bsp//libucosii_bsp.a(alt_close.o)
 .data          0x00810610      0x1a8 ../attempt2_bsp//libucosii_bsp.a(alt_dev.o)
                0x00810610                alt_dev_null
                0x00810638                alt_fd_list
 .data          0x008107b8        0x0 ../attempt2_bsp//libucosii_bsp.a(alt_errno.o)
 .data          0x008107b8        0x0 ../attempt2_bsp//libucosii_bsp.a(alt_fstat.o)
 .data          0x008107b8        0x0 ../attempt2_bsp//libucosii_bsp.a(alt_isatty.o)
 .data          0x008107b8        0x0 ../attempt2_bsp//libucosii_bsp.a(alt_load.o)
 .data          0x008107b8        0x0 ../attempt2_bsp//libucosii_bsp.a(alt_lseek.o)
 .data          0x008107b8        0x0 ../attempt2_bsp//libucosii_bsp.a(alt_main.o)
 .data          0x008107b8        0x0 ../attempt2_bsp//libucosii_bsp.a(alt_read.o)
 .data          0x008107b8        0x0 ../attempt2_bsp//libucosii_bsp.a(alt_release_fd.o)
 .data          0x008107b8        0x0 ../attempt2_bsp//libucosii_bsp.a(alt_sbrk.o)
 .data          0x008107b8        0x0 ../attempt2_bsp//libucosii_bsp.a(alt_write.o)
 .data          0x008107b8        0x0 ../attempt2_bsp//libucosii_bsp.a(alt_env_lock.o)
 .data          0x008107b8        0x0 ../attempt2_bsp//libucosii_bsp.a(alt_malloc_lock.o)
 .data          0x008107b8        0x0 ../attempt2_bsp//libucosii_bsp.a(os_core.o)
 .data          0x008107b8        0x0 ../attempt2_bsp//libucosii_bsp.a(os_dbg.o)
 .data          0x008107b8        0x0 ../attempt2_bsp//libucosii_bsp.a(os_flag.o)
 .data          0x008107b8        0x0 ../attempt2_bsp//libucosii_bsp.a(os_mem.o)
 .data          0x008107b8        0x0 ../attempt2_bsp//libucosii_bsp.a(os_q.o)
 .data          0x008107b8        0x0 ../attempt2_bsp//libucosii_bsp.a(os_sem.o)
 .data          0x008107b8        0x0 ../attempt2_bsp//libucosii_bsp.a(os_task.o)
 .data          0x008107b8        0x0 ../attempt2_bsp//libucosii_bsp.a(os_time.o)
 .data          0x008107b8     0x10f8 ../attempt2_bsp//libucosii_bsp.a(alt_sys_init.o)
 .data          0x008118b0        0x0 ../attempt2_bsp//libucosii_bsp.a(altera_avalon_jtag_uart_fd.o)
 .data          0x008118b0        0x0 ../attempt2_bsp//libucosii_bsp.a(altera_avalon_jtag_uart_init.o)
 .data          0x008118b0        0x0 ../attempt2_bsp//libucosii_bsp.a(altera_avalon_jtag_uart_ioctl.o)
 .data          0x008118b0        0x0 ../attempt2_bsp//libucosii_bsp.a(altera_avalon_jtag_uart_read.o)
 .data          0x008118b0        0x0 ../attempt2_bsp//libucosii_bsp.a(altera_avalon_jtag_uart_write.o)
 .data          0x008118b0        0x0 ../attempt2_bsp//libucosii_bsp.a(altera_avalon_timer_sc.o)
 .data          0x008118b0        0x0 ../attempt2_bsp//libucosii_bsp.a(altera_up_avalon_audio.o)
 .data          0x008118b0        0x0 ../attempt2_bsp//libucosii_bsp.a(altera_up_avalon_audio_and_video_config.o)
 .data          0x008118b0        0x0 ../attempt2_bsp//libucosii_bsp.a(altera_up_avalon_character_lcd.o)
 .data          0x008118b0        0x0 ../attempt2_bsp//libucosii_bsp.a(alt_alarm_start.o)
 .data          0x008118b0        0x0 ../attempt2_bsp//libucosii_bsp.a(alt_dcache_flush_all.o)
 .data          0x008118b0        0x0 ../attempt2_bsp//libucosii_bsp.a(alt_dev_llist_insert.o)
 .data          0x008118b0        0x0 ../attempt2_bsp//libucosii_bsp.a(alt_do_ctors.o)
 .data          0x008118b0        0x0 ../attempt2_bsp//libucosii_bsp.a(alt_do_dtors.o)
 .data          0x008118b0        0x0 ../attempt2_bsp//libucosii_bsp.a(alt_find_dev.o)
 .data          0x008118b0        0x0 ../attempt2_bsp//libucosii_bsp.a(alt_icache_flush_all.o)
 .data          0x008118b0        0x0 ../attempt2_bsp//libucosii_bsp.a(alt_io_redirect.o)
 .data          0x008118b0        0x0 ../attempt2_bsp//libucosii_bsp.a(alt_irq_register.o)
 .data          0x008118b0        0x0 ../attempt2_bsp//libucosii_bsp.a(alt_irq_vars.o)
 .data          0x008118b0        0x0 ../attempt2_bsp//libucosii_bsp.a(alt_open.o)
 .data          0x008118b0        0x0 ../attempt2_bsp//libucosii_bsp.a(alt_tick.o)
 .data          0x008118b0        0x0 ../attempt2_bsp//libucosii_bsp.a(altera_nios2_qsys_irq.o)
 .data          0x008118b0        0x0 ../attempt2_bsp//libucosii_bsp.a(os_cpu_a.o)
 .data          0x008118b0        0x0 ../attempt2_bsp//libucosii_bsp.a(os_cpu_c.o)
 .data          0x008118b0        0x0 ../attempt2_bsp//libucosii_bsp.a(alt_find_file.o)
 .data          0x008118b0        0x0 ../attempt2_bsp//libucosii_bsp.a(alt_get_fd.o)
 .data          0x008118b0        0x0 ../attempt2_bsp//libucosii_bsp.a(alt_irq_entry.o)
 .data          0x008118b0        0x0 ../attempt2_bsp//libucosii_bsp.a(alt_irq_handler.o)
 .data          0x008118b0        0x0 ../attempt2_bsp//libucosii_bsp.a(alt_exception_entry.o)
 .data          0x008118b0        0x0 /OPT/altera/12.1/nios2eds/bin/gnu/H-i686-pc-linux-gnu/bin/../lib/gcc/nios2-elf/4.1.2/../../../../nios2-elf/lib/mno-hw-mul/libc.a(lib_a-atexit.o)
 .data          0x008118b0        0x0 /OPT/altera/12.1/nios2eds/bin/gnu/H-i686-pc-linux-gnu/bin/../lib/gcc/nios2-elf/4.1.2/../../../../nios2-elf/lib/mno-hw-mul/libc.a(lib_a-exit.o)
 .data          0x008118b0        0x0 /OPT/altera/12.1/nios2eds/bin/gnu/H-i686-pc-linux-gnu/bin/../lib/gcc/nios2-elf/4.1.2/../../../../nios2-elf/lib/mno-hw-mul/libc.a(lib_a-memcmp.o)
 .data          0x008118b0        0x0 /OPT/altera/12.1/nios2eds/bin/gnu/H-i686-pc-linux-gnu/bin/../lib/gcc/nios2-elf/4.1.2/../../../../nios2-elf/lib/mno-hw-mul/libc.a(lib_a-__atexit.o)
 .data          0x008118b0        0x0 /OPT/altera/12.1/nios2eds/bin/gnu/H-i686-pc-linux-gnu/bin/../lib/gcc/nios2-elf/4.1.2/../../../../nios2-elf/lib/mno-hw-mul/libc.a(lib_a-__call_atexit.o)
 .data          0x008118b0        0x0 /OPT/altera/12.1/nios2eds/bin/gnu/H-i686-pc-linux-gnu/bin/../lib/gcc/nios2-elf/4.1.2/mno-hw-mul/libgcc.a(lib2-divmod.o)
 .data          0x008118b0        0x0 ../attempt2_bsp//libucosii_bsp.a(alt_exit.o)
                0x008198b0                _gp = ABSOLUTE ((. + 0x8000))
                0x008198b0                PROVIDE (gp, _gp)
 *(.rwdata .rwdata.*)
 *(.sdata .sdata.* .gnu.linkonce.s.*)
 .sdata         0x008118b0        0x8 /OPT/altera/12.1/nios2eds/bin/gnu/H-i686-pc-linux-gnu/bin/../lib/gcc/nios2-elf/4.1.2/../../../../nios2-elf/lib/mno-hw-mul/libc.a(lib_a-impure.o)
                0x008118b0                _impure_ptr
                0x008118b4                _global_impure_ptr
 .sdata         0x008118b8        0x8 /OPT/altera/12.1/nios2eds/bin/gnu/H-i686-pc-linux-gnu/bin/../lib/gcc/nios2-elf/4.1.2/../../../../nios2-elf/lib/mno-hw-mul/libc.a(lib_a-mallocr.o)
                0x008118b8                __malloc_trim_threshold
                0x008118bc                __malloc_sbrk_base
 .sdata         0x008118c0       0x14 ../attempt2_bsp//libucosii_bsp.a(alt_dev.o)
                0x008118c0                alt_fs_list
                0x008118c8                alt_dev_list
                0x008118d0                alt_max_fd
 .sdata         0x008118d4        0x4 ../attempt2_bsp//libucosii_bsp.a(alt_errno.o)
                0x008118d4                alt_errno
 .sdata         0x008118d8        0x4 ../attempt2_bsp//libucosii_bsp.a(alt_sbrk.o)
 .sdata         0x008118dc        0x4 ../attempt2_bsp//libucosii_bsp.a(alt_env_lock.o)
 .sdata         0x008118e0        0x4 ../attempt2_bsp//libucosii_bsp.a(alt_malloc_lock.o)
 .sdata         0x008118e4       0x74 ../attempt2_bsp//libucosii_bsp.a(os_dbg.o)
                0x008118e4                OSDebugEn
                0x008118e8                OSEndiannessTest
                0x008118ec                OSEventEn
                0x008118ee                OSEventMax
                0x008118f0                OSEventNameSize
                0x008118f2                OSEventSize
                0x008118f4                OSEventTblSize
                0x008118f6                OSEventMultiEn
                0x008118f8                OSFlagEn
                0x008118fa                OSFlagGrpSize
                0x008118fc                OSFlagNodeSize
                0x008118fe                OSFlagWidth
                0x00811900                OSFlagMax
                0x00811902                OSFlagNameSize
                0x00811904                OSLowestPrio
                0x00811906                OSMboxEn
                0x00811908                OSMemEn
                0x0081190a                OSMemMax
                0x0081190c                OSMemNameSize
                0x0081190e                OSMemSize
                0x00811910                OSMemTblSize
                0x00811912                OSMutexEn
                0x00811914                OSPtrSize
                0x00811916                OSQEn
                0x00811918                OSQMax
                0x0081191a                OSQSize
                0x0081191c                OSRdyTblSize
                0x0081191e                OSSemEn
                0x00811920                OSStkWidth
                0x00811922                OSTaskCreateEn
                0x00811924                OSTaskCreateExtEn
                0x00811926                OSTaskDelEn
                0x00811928                OSTaskIdleStkSize
                0x0081192a                OSTaskProfileEn
                0x0081192c                OSTaskMax
                0x0081192e                OSTaskNameSize
                0x00811930                OSTaskStatEn
                0x00811932                OSTaskStatStkSize
                0x00811934                OSTaskStatStkChkEn
                0x00811936                OSTaskSwHookEn
                0x00811938                OSTCBPrioTblMax
                0x0081193a                OSTCBSize
                0x0081193c                OSTicksPerSec
                0x0081193e                OSTimeTickHookEn
                0x00811940                OSVersionNbr
                0x00811942                OSTmrEn
                0x00811944                OSTmrCfgMax
                0x00811946                OSTmrCfgNameSize
                0x00811948                OSTmrCfgWheelSize
                0x0081194a                OSTmrCfgTicksPerSec
                0x0081194c                OSTmrSize
                0x0081194e                OSTmrTblSize
                0x00811950                OSTmrWheelSize
                0x00811952                OSTmrWheelTblSize
                0x00811954                OSDataSize
 .sdata         0x00811958        0x4 ../attempt2_bsp//libucosii_bsp.a(alt_irq_vars.o)
                0x00811958                alt_priority_mask
 .sdata         0x0081195c        0x8 ../attempt2_bsp//libucosii_bsp.a(alt_tick.o)
                0x0081195c                alt_alarm_list
 *(.sdata2 .sdata2.* .gnu.linkonce.s2.*)
                0x00811964                . = ALIGN (0x4)
                0x00811964                _edata = ABSOLUTE (.)
                0x00811964                PROVIDE (edata, ABSOLUTE (.))
                0x00811964                PROVIDE (__ram_rwdata_end, ABSOLUTE (.))
                0x00811964                PROVIDE (__flash_rwdata_start, LOADADDR (.rwdata))

.bss            0x008134c0     0x756c
                0x008134c0                __bss_start = ABSOLUTE (.)
                0x008134c0                PROVIDE (__sbss_start, ABSOLUTE (.))
                0x008134c0                PROVIDE (___sbss_start, ABSOLUTE (.))
 *(.dynsbss)
 *(.sbss .sbss.* .gnu.linkonce.sb.*)
 .sbss          0x008134c0        0x4 obj/default/hello_ucosii.o
                0x008134c0                lcd_sem
 .sbss          0x008134c4        0xc /OPT/altera/12.1/nios2eds/bin/gnu/H-i686-pc-linux-gnu/bin/../lib/gcc/nios2-elf/4.1.2/../../../../nios2-elf/lib/mno-hw-mul/libc.a(lib_a-mallocr.o)
                0x008134c4                __malloc_top_pad
                0x008134c8                __malloc_max_sbrked_mem
                0x008134cc                __malloc_max_total_mem
 .sbss          0x008134d0        0x4 /OPT/altera/12.1/nios2eds/bin/gnu/H-i686-pc-linux-gnu/bin/../lib/gcc/nios2-elf/4.1.2/../../../../nios2-elf/lib/mno-hw-mul/libc.a(lib_a-int_errno.o)
                0x008134d0                errno
 .sbss          0x008134d4        0x4 ../attempt2_bsp//libucosii_bsp.a(alt_dev.o)
                0x008134d4                alt_fd_list_lock
 .sbss          0x008134d8        0xc ../attempt2_bsp//libucosii_bsp.a(alt_main.o)
                0x008134d8                alt_argc
                0x008134dc                alt_argv
                0x008134e0                alt_envp
 .sbss          0x008134e4        0x8 ../attempt2_bsp//libucosii_bsp.a(alt_env_lock.o)
                0x008134e8                alt_envsem
 .sbss          0x008134ec        0x8 ../attempt2_bsp//libucosii_bsp.a(alt_malloc_lock.o)
                0x008134f0                alt_heapsem
 .sbss          0x008134f4       0x50 ../attempt2_bsp//libucosii_bsp.a(os_core.o)
                0x008134f4                OSLockNesting
                0x008134f5                OSRunning
                0x008134f8                OSIdleCtr
                0x008134fc                OSPrioHighRdy
                0x008134fd                OSPrioCur
                0x00813500                OSTCBList
                0x00813504                OSTickStepState
                0x00813508                OSCtxSwCtr
                0x0081350c                OSIdleCtrMax
                0x00813510                OSTCBFreeList
                0x00813514                OSCPUUsage
                0x00813515                OSTaskCtr
                0x00813518                OSMemFreeList
                0x0081351c                OSTCBHighRdy
                0x00813520                OSQFreeList
                0x00813524                OSRdyGrp
                0x00813525                OSRdyTbl
                0x00813528                OSEventFreeList
                0x0081352c                OSIntNesting
                0x00813530                OSTCBCur
                0x00813534                OSTime
                0x00813538                OSFlagFreeList
                0x0081353c                OSStatRdy
                0x00813540                OSIdleCtrRun
 .sbss          0x00813544        0x4 ../attempt2_bsp//libucosii_bsp.a(alt_irq_vars.o)
                0x00813544                alt_irq_active
 .sbss          0x00813548        0x8 ../attempt2_bsp//libucosii_bsp.a(alt_tick.o)
                0x00813548                _alt_tick_rate
                0x0081354c                _alt_nticks
 *(.sbss2 .sbss2.* .gnu.linkonce.sb2.*)
 *(.scommon)
                0x00813550                PROVIDE (__sbss_end, ABSOLUTE (.))
                0x00813550                PROVIDE (___sbss_end, ABSOLUTE (.))
 *(.dynbss)
 *(.bss .bss.* .gnu.linkonce.b.*)
 .bss           0x00813550        0x0 ../attempt2_bsp//obj/HAL/src/crt0.o
 .bss           0x00813550        0x0 obj/default/hello_ucosii.o
 .bss           0x00813550        0x0 /OPT/altera/12.1/nios2eds/bin/gnu/H-i686-pc-linux-gnu/bin/../lib/gcc/nios2-elf/4.1.2/../../../../nios2-elf/lib/mno-hw-mul/libc.a(lib_a-puts.o)
 .bss           0x00813550        0x0 /OPT/altera/12.1/nios2eds/bin/gnu/H-i686-pc-linux-gnu/bin/../lib/gcc/nios2-elf/4.1.2/../../../../nios2-elf/lib/mno-hw-mul/libc.a(lib_a-strlen.o)
 .bss           0x00813550        0x0 /OPT/altera/12.1/nios2eds/bin/gnu/H-i686-pc-linux-gnu/bin/../lib/gcc/nios2-elf/4.1.2/../../../../nios2-elf/lib/mno-hw-mul/libc.a(lib_a-fvwrite.o)
 .bss           0x00813550        0x0 /OPT/altera/12.1/nios2eds/bin/gnu/H-i686-pc-linux-gnu/bin/../lib/gcc/nios2-elf/4.1.2/../../../../nios2-elf/lib/mno-hw-mul/libc.a(lib_a-impure.o)
 .bss           0x00813550       0x28 /OPT/altera/12.1/nios2eds/bin/gnu/H-i686-pc-linux-gnu/bin/../lib/gcc/nios2-elf/4.1.2/../../../../nios2-elf/lib/mno-hw-mul/libc.a(lib_a-mallocr.o)
                0x00813550                __malloc_current_mallinfo
 .bss           0x00813578        0x0 /OPT/altera/12.1/nios2eds/bin/gnu/H-i686-pc-linux-gnu/bin/../lib/gcc/nios2-elf/4.1.2/../../../../nios2-elf/lib/mno-hw-mul/libc.a(lib_a-memchr.o)
 .bss           0x00813578        0x0 /OPT/altera/12.1/nios2eds/bin/gnu/H-i686-pc-linux-gnu/bin/../lib/gcc/nios2-elf/4.1.2/../../../../nios2-elf/lib/mno-hw-mul/libc.a(lib_a-memcpy.o)
 .bss           0x00813578        0x0 /OPT/altera/12.1/nios2eds/bin/gnu/H-i686-pc-linux-gnu/bin/../lib/gcc/nios2-elf/4.1.2/../../../../nios2-elf/lib/mno-hw-mul/libc.a(lib_a-memmove.o)
 .bss           0x00813578        0x0 /OPT/altera/12.1/nios2eds/bin/gnu/H-i686-pc-linux-gnu/bin/../lib/gcc/nios2-elf/4.1.2/../../../../nios2-elf/lib/mno-hw-mul/libc.a(lib_a-reallocr.o)
 .bss           0x00813578        0x0 /OPT/altera/12.1/nios2eds/bin/gnu/H-i686-pc-linux-gnu/bin/../lib/gcc/nios2-elf/4.1.2/../../../../nios2-elf/lib/mno-hw-mul/libc.a(lib_a-sbrkr.o)
 .bss           0x00813578        0x0 /OPT/altera/12.1/nios2eds/bin/gnu/H-i686-pc-linux-gnu/bin/../lib/gcc/nios2-elf/4.1.2/../../../../nios2-elf/lib/mno-hw-mul/libc.a(lib_a-wsetup.o)
 .bss           0x00813578        0x0 /OPT/altera/12.1/nios2eds/bin/gnu/H-i686-pc-linux-gnu/bin/../lib/gcc/nios2-elf/4.1.2/../../../../nios2-elf/lib/mno-hw-mul/libc.a(lib_a-fflush.o)
 .bss           0x00813578        0x0 /OPT/altera/12.1/nios2eds/bin/gnu/H-i686-pc-linux-gnu/bin/../lib/gcc/nios2-elf/4.1.2/../../../../nios2-elf/lib/mno-hw-mul/libc.a(lib_a-findfp.o)
 .bss           0x00813578        0x0 /OPT/altera/12.1/nios2eds/bin/gnu/H-i686-pc-linux-gnu/bin/../lib/gcc/nios2-elf/4.1.2/../../../../nios2-elf/lib/mno-hw-mul/libc.a(lib_a-freer.o)
 .bss           0x00813578        0x0 /OPT/altera/12.1/nios2eds/bin/gnu/H-i686-pc-linux-gnu/bin/../lib/gcc/nios2-elf/4.1.2/../../../../nios2-elf/lib/mno-hw-mul/libc.a(lib_a-fwalk.o)
 .bss           0x00813578        0x0 /OPT/altera/12.1/nios2eds/bin/gnu/H-i686-pc-linux-gnu/bin/../lib/gcc/nios2-elf/4.1.2/../../../../nios2-elf/lib/mno-hw-mul/libc.a(lib_a-int_errno.o)
 .bss           0x00813578        0x0 /OPT/altera/12.1/nios2eds/bin/gnu/H-i686-pc-linux-gnu/bin/../lib/gcc/nios2-elf/4.1.2/../../../../nios2-elf/lib/mno-hw-mul/libc.a(lib_a-makebuf.o)
 .bss           0x00813578        0x0 /OPT/altera/12.1/nios2eds/bin/gnu/H-i686-pc-linux-gnu/bin/../lib/gcc/nios2-elf/4.1.2/../../../../nios2-elf/lib/mno-hw-mul/libc.a(lib_a-memset.o)
 .bss           0x00813578        0x0 /OPT/altera/12.1/nios2eds/bin/gnu/H-i686-pc-linux-gnu/bin/../lib/gcc/nios2-elf/4.1.2/../../../../nios2-elf/lib/mno-hw-mul/libc.a(lib_a-stdio.o)
 .bss           0x00813578        0x0 /OPT/altera/12.1/nios2eds/bin/gnu/H-i686-pc-linux-gnu/bin/../lib/gcc/nios2-elf/4.1.2/../../../../nios2-elf/lib/mno-hw-mul/libc.a(lib_a-writer.o)
 .bss           0x00813578        0x0 /OPT/altera/12.1/nios2eds/bin/gnu/H-i686-pc-linux-gnu/bin/../lib/gcc/nios2-elf/4.1.2/../../../../nios2-elf/lib/mno-hw-mul/libc.a(lib_a-closer.o)
 .bss           0x00813578        0x0 /OPT/altera/12.1/nios2eds/bin/gnu/H-i686-pc-linux-gnu/bin/../lib/gcc/nios2-elf/4.1.2/../../../../nios2-elf/lib/mno-hw-mul/libc.a(lib_a-fclose.o)
 .bss           0x00813578        0x0 /OPT/altera/12.1/nios2eds/bin/gnu/H-i686-pc-linux-gnu/bin/../lib/gcc/nios2-elf/4.1.2/../../../../nios2-elf/lib/mno-hw-mul/libc.a(lib_a-fstatr.o)
 .bss           0x00813578        0x0 /OPT/altera/12.1/nios2eds/bin/gnu/H-i686-pc-linux-gnu/bin/../lib/gcc/nios2-elf/4.1.2/../../../../nios2-elf/lib/mno-hw-mul/libc.a(lib_a-isattyr.o)
 .bss           0x00813578        0x0 /OPT/altera/12.1/nios2eds/bin/gnu/H-i686-pc-linux-gnu/bin/../lib/gcc/nios2-elf/4.1.2/../../../../nios2-elf/lib/mno-hw-mul/libc.a(lib_a-lseekr.o)
 .bss           0x00813578        0x0 /OPT/altera/12.1/nios2eds/bin/gnu/H-i686-pc-linux-gnu/bin/../lib/gcc/nios2-elf/4.1.2/../../../../nios2-elf/lib/mno-hw-mul/libc.a(lib_a-readr.o)
 .bss           0x00813578        0x0 /OPT/altera/12.1/nios2eds/bin/gnu/H-i686-pc-linux-gnu/bin/../lib/gcc/nios2-elf/4.1.2/mno-hw-mul/libgcc.a(lib2-mul.o)
 .bss           0x00813578        0x0 ../attempt2_bsp//libucosii_bsp.a(alt_close.o)
 .bss           0x00813578        0x0 ../attempt2_bsp//libucosii_bsp.a(alt_dev.o)
 .bss           0x00813578        0x0 ../attempt2_bsp//libucosii_bsp.a(alt_errno.o)
 .bss           0x00813578        0x0 ../attempt2_bsp//libucosii_bsp.a(alt_fstat.o)
 .bss           0x00813578        0x0 ../attempt2_bsp//libucosii_bsp.a(alt_isatty.o)
 .bss           0x00813578        0x0 ../attempt2_bsp//libucosii_bsp.a(alt_load.o)
 .bss           0x00813578        0x0 ../attempt2_bsp//libucosii_bsp.a(alt_lseek.o)
 .bss           0x00813578        0x0 ../attempt2_bsp//libucosii_bsp.a(alt_main.o)
 .bss           0x00813578        0x0 ../attempt2_bsp//libucosii_bsp.a(alt_read.o)
 .bss           0x00813578        0x0 ../attempt2_bsp//libucosii_bsp.a(alt_release_fd.o)
 .bss           0x00813578        0x0 ../attempt2_bsp//libucosii_bsp.a(alt_sbrk.o)
 .bss           0x00813578        0x0 ../attempt2_bsp//libucosii_bsp.a(alt_write.o)
 .bss           0x00813578        0x0 ../attempt2_bsp//libucosii_bsp.a(alt_env_lock.o)
 .bss           0x00813578        0x0 ../attempt2_bsp//libucosii_bsp.a(alt_malloc_lock.o)
 .bss           0x00813578        0x0 ../attempt2_bsp//libucosii_bsp.a(os_core.o)
 .bss           0x00813578        0x0 ../attempt2_bsp//libucosii_bsp.a(os_dbg.o)
 .bss           0x00813578        0x0 ../attempt2_bsp//libucosii_bsp.a(os_flag.o)
 .bss           0x00813578        0x0 ../attempt2_bsp//libucosii_bsp.a(os_mem.o)
 .bss           0x00813578        0x0 ../attempt2_bsp//libucosii_bsp.a(os_q.o)
 .bss           0x00813578        0x0 ../attempt2_bsp//libucosii_bsp.a(os_sem.o)
 .bss           0x00813578        0x0 ../attempt2_bsp//libucosii_bsp.a(os_task.o)
 .bss           0x00813578        0x0 ../attempt2_bsp//libucosii_bsp.a(os_time.o)
 .bss           0x00813578        0x0 ../attempt2_bsp//libucosii_bsp.a(alt_sys_init.o)
 .bss           0x00813578        0x0 ../attempt2_bsp//libucosii_bsp.a(altera_avalon_jtag_uart_fd.o)
 .bss           0x00813578        0x0 ../attempt2_bsp//libucosii_bsp.a(altera_avalon_jtag_uart_init.o)
 .bss           0x00813578        0x0 ../attempt2_bsp//libucosii_bsp.a(altera_avalon_jtag_uart_ioctl.o)
 .bss           0x00813578        0x0 ../attempt2_bsp//libucosii_bsp.a(altera_avalon_jtag_uart_read.o)
 .bss           0x00813578        0x0 ../attempt2_bsp//libucosii_bsp.a(altera_avalon_jtag_uart_write.o)
 .bss           0x00813578        0x0 ../attempt2_bsp//libucosii_bsp.a(altera_avalon_timer_sc.o)
 .bss           0x00813578        0x0 ../attempt2_bsp//libucosii_bsp.a(altera_up_avalon_audio.o)
 .bss           0x00813578        0x0 ../attempt2_bsp//libucosii_bsp.a(altera_up_avalon_audio_and_video_config.o)
 .bss           0x00813578        0x0 ../attempt2_bsp//libucosii_bsp.a(altera_up_avalon_character_lcd.o)
 .bss           0x00813578        0x0 ../attempt2_bsp//libucosii_bsp.a(alt_alarm_start.o)
 .bss           0x00813578        0x0 ../attempt2_bsp//libucosii_bsp.a(alt_dcache_flush_all.o)
 .bss           0x00813578        0x0 ../attempt2_bsp//libucosii_bsp.a(alt_dev_llist_insert.o)
 .bss           0x00813578        0x0 ../attempt2_bsp//libucosii_bsp.a(alt_do_ctors.o)
 .bss           0x00813578        0x0 ../attempt2_bsp//libucosii_bsp.a(alt_do_dtors.o)
 .bss           0x00813578        0x0 ../attempt2_bsp//libucosii_bsp.a(alt_find_dev.o)
 .bss           0x00813578        0x0 ../attempt2_bsp//libucosii_bsp.a(alt_icache_flush_all.o)
 .bss           0x00813578        0x0 ../attempt2_bsp//libucosii_bsp.a(alt_io_redirect.o)
 .bss           0x00813578        0x0 ../attempt2_bsp//libucosii_bsp.a(alt_irq_register.o)
 .bss           0x00813578        0x0 ../attempt2_bsp//libucosii_bsp.a(alt_irq_vars.o)
 .bss           0x00813578        0x0 ../attempt2_bsp//libucosii_bsp.a(alt_open.o)
 .bss           0x00813578        0x0 ../attempt2_bsp//libucosii_bsp.a(alt_tick.o)
 .bss           0x00813578        0x0 ../attempt2_bsp//libucosii_bsp.a(altera_nios2_qsys_irq.o)
 .bss           0x00813578        0x0 ../attempt2_bsp//libucosii_bsp.a(os_cpu_a.o)
 .bss           0x00813578        0x0 ../attempt2_bsp//libucosii_bsp.a(os_cpu_c.o)
 .bss           0x00813578        0x0 ../attempt2_bsp//libucosii_bsp.a(alt_find_file.o)
 .bss           0x00813578        0x0 ../attempt2_bsp//libucosii_bsp.a(alt_get_fd.o)
 .bss           0x00813578        0x0 ../attempt2_bsp//libucosii_bsp.a(alt_irq_entry.o)
 .bss           0x00813578        0x0 ../attempt2_bsp//libucosii_bsp.a(alt_irq_handler.o)
 .bss           0x00813578        0x0 ../attempt2_bsp//libucosii_bsp.a(alt_exception_entry.o)
 .bss           0x00813578        0x0 /OPT/altera/12.1/nios2eds/bin/gnu/H-i686-pc-linux-gnu/bin/../lib/gcc/nios2-elf/4.1.2/../../../../nios2-elf/lib/mno-hw-mul/libc.a(lib_a-atexit.o)
 .bss           0x00813578        0x0 /OPT/altera/12.1/nios2eds/bin/gnu/H-i686-pc-linux-gnu/bin/../lib/gcc/nios2-elf/4.1.2/../../../../nios2-elf/lib/mno-hw-mul/libc.a(lib_a-exit.o)
 .bss           0x00813578        0x0 /OPT/altera/12.1/nios2eds/bin/gnu/H-i686-pc-linux-gnu/bin/../lib/gcc/nios2-elf/4.1.2/../../../../nios2-elf/lib/mno-hw-mul/libc.a(lib_a-memcmp.o)
 .bss           0x00813578        0x0 /OPT/altera/12.1/nios2eds/bin/gnu/H-i686-pc-linux-gnu/bin/../lib/gcc/nios2-elf/4.1.2/../../../../nios2-elf/lib/mno-hw-mul/libc.a(lib_a-__atexit.o)
 .bss           0x00813578        0x0 /OPT/altera/12.1/nios2eds/bin/gnu/H-i686-pc-linux-gnu/bin/../lib/gcc/nios2-elf/4.1.2/../../../../nios2-elf/lib/mno-hw-mul/libc.a(lib_a-__call_atexit.o)
 .bss           0x00813578        0x0 /OPT/altera/12.1/nios2eds/bin/gnu/H-i686-pc-linux-gnu/bin/../lib/gcc/nios2-elf/4.1.2/mno-hw-mul/libgcc.a(lib2-divmod.o)
 .bss           0x00813578        0x0 ../attempt2_bsp//libucosii_bsp.a(alt_exit.o)
 *(COMMON)
 COMMON         0x00813578     0x4000 obj/default/hello_ucosii.o
                0x00813578                task1_stk
                0x00815578                task2_stk
 COMMON         0x00817578     0x3224 ../attempt2_bsp//libucosii_bsp.a(os_core.o)
                0x00817578                OSFlagTbl
                0x008178e8                OSMemTbl
                0x00818518                OSTaskStatStk
                0x00818d18                OSQTbl
                0x00818ef8                OSTaskIdleStk
                0x008196f8                OSEventTbl
                0x0081a238                OSTCBTbl
                0x0081a748                OSTCBPrioTbl
 COMMON         0x0081a79c      0x100 ../attempt2_bsp//libucosii_bsp.a(alt_irq_handler.o)
                0x0081a79c                alt_irq
 COMMON         0x0081a89c      0x190 /OPT/altera/12.1/nios2eds/bin/gnu/H-i686-pc-linux-gnu/bin/../lib/gcc/nios2-elf/4.1.2/../../../../nios2-elf/lib/mno-hw-mul/libc.a(lib_a-atexit.o)
                0x0081a89c                _atexit0
                0x0081aa2c                . = ALIGN (0x4)
                0x0081aa2c                __bss_end = ABSOLUTE (.)

.sdram_0        0x0081aa2c        0x0
                0x0081aa2c                PROVIDE (_alt_partition_sdram_0_start, ABSOLUTE (.))
 *(.sdram_0. sdram_0.*)
                0x0081aa2c                . = ALIGN (0x4)
                0x0081aa2c                PROVIDE (_alt_partition_sdram_0_end, ABSOLUTE (.))
                0x0081aa2c                _end = ABSOLUTE (.)
                0x0081aa2c                end = ABSOLUTE (.)
                0x0081aa2c                __alt_stack_base = ABSOLUTE (.)
                0x0081aa2c                PROVIDE (_alt_partition_sdram_0_load_addr, LOADADDR (.sdram_0))

.sram_0         0x01080000        0x0 load address 0x0081aa2c
                0x01080000                PROVIDE (_alt_partition_sram_0_start, ABSOLUTE (.))
 *(.sram_0. sram_0.*)
                0x01080000                . = ALIGN (0x4)
                0x01080000                PROVIDE (_alt_partition_sram_0_end, ABSOLUTE (.))
                0x0081aa2c                PROVIDE (_alt_partition_sram_0_load_addr, LOADADDR (.sram_0))

.onchip_memory2_0
                0x011041c0        0x0 load address 0x0081aa2c
                0x011041c0                PROVIDE (_alt_partition_onchip_memory2_0_start, ABSOLUTE (.))
 *(.onchip_memory2_0. onchip_memory2_0.*)
                0x011041c0                . = ALIGN (0x4)
                0x011041c0                PROVIDE (_alt_partition_onchip_memory2_0_end, ABSOLUTE (.))
                0x0081aa2c                PROVIDE (_alt_partition_onchip_memory2_0_load_addr, LOADADDR (.onchip_memory2_0))

.stab
 *(.stab)

.stabstr
 *(.stabstr)

.stab.excl
 *(.stab.excl)

.stab.exclstr
 *(.stab.exclstr)

.stab.index
 *(.stab.index)

.stab.indexstr
 *(.stab.indexstr)

.comment        0x00000000       0x26
 *(.comment)
 .comment       0x00000000       0x26 obj/default/hello_ucosii.o
                                 0x27 (size before relaxing)
 .comment       0x00000000       0x27 /OPT/altera/12.1/nios2eds/bin/gnu/H-i686-pc-linux-gnu/bin/../lib/gcc/nios2-elf/4.1.2/../../../../nios2-elf/lib/mno-hw-mul/libc.a(lib_a-puts.o)
 .comment       0x00000000       0x27 /OPT/altera/12.1/nios2eds/bin/gnu/H-i686-pc-linux-gnu/bin/../lib/gcc/nios2-elf/4.1.2/../../../../nios2-elf/lib/mno-hw-mul/libc.a(lib_a-strlen.o)
 .comment       0x00000000       0x27 /OPT/altera/12.1/nios2eds/bin/gnu/H-i686-pc-linux-gnu/bin/../lib/gcc/nios2-elf/4.1.2/../../../../nios2-elf/lib/mno-hw-mul/libc.a(lib_a-fvwrite.o)
 .comment       0x00000000       0x27 /OPT/altera/12.1/nios2eds/bin/gnu/H-i686-pc-linux-gnu/bin/../lib/gcc/nios2-elf/4.1.2/../../../../nios2-elf/lib/mno-hw-mul/libc.a(lib_a-impure.o)
 .comment       0x00000000       0x27 /OPT/altera/12.1/nios2eds/bin/gnu/H-i686-pc-linux-gnu/bin/../lib/gcc/nios2-elf/4.1.2/../../../../nios2-elf/lib/mno-hw-mul/libc.a(lib_a-mallocr.o)
 .comment       0x00000000       0x27 /OPT/altera/12.1/nios2eds/bin/gnu/H-i686-pc-linux-gnu/bin/../lib/gcc/nios2-elf/4.1.2/../../../../nios2-elf/lib/mno-hw-mul/libc.a(lib_a-memchr.o)
 .comment       0x00000000       0x27 /OPT/altera/12.1/nios2eds/bin/gnu/H-i686-pc-linux-gnu/bin/../lib/gcc/nios2-elf/4.1.2/../../../../nios2-elf/lib/mno-hw-mul/libc.a(lib_a-memcpy.o)
 .comment       0x00000000       0x27 /OPT/altera/12.1/nios2eds/bin/gnu/H-i686-pc-linux-gnu/bin/../lib/gcc/nios2-elf/4.1.2/../../../../nios2-elf/lib/mno-hw-mul/libc.a(lib_a-memmove.o)
 .comment       0x00000000       0x27 /OPT/altera/12.1/nios2eds/bin/gnu/H-i686-pc-linux-gnu/bin/../lib/gcc/nios2-elf/4.1.2/../../../../nios2-elf/lib/mno-hw-mul/libc.a(lib_a-reallocr.o)
 .comment       0x00000000       0x27 /OPT/altera/12.1/nios2eds/bin/gnu/H-i686-pc-linux-gnu/bin/../lib/gcc/nios2-elf/4.1.2/../../../../nios2-elf/lib/mno-hw-mul/libc.a(lib_a-sbrkr.o)
 .comment       0x00000000       0x27 /OPT/altera/12.1/nios2eds/bin/gnu/H-i686-pc-linux-gnu/bin/../lib/gcc/nios2-elf/4.1.2/../../../../nios2-elf/lib/mno-hw-mul/libc.a(lib_a-wsetup.o)
 .comment       0x00000000       0x27 /OPT/altera/12.1/nios2eds/bin/gnu/H-i686-pc-linux-gnu/bin/../lib/gcc/nios2-elf/4.1.2/../../../../nios2-elf/lib/mno-hw-mul/libc.a(lib_a-fflush.o)
 .comment       0x00000000       0x27 /OPT/altera/12.1/nios2eds/bin/gnu/H-i686-pc-linux-gnu/bin/../lib/gcc/nios2-elf/4.1.2/../../../../nios2-elf/lib/mno-hw-mul/libc.a(lib_a-findfp.o)
 .comment       0x00000000       0x27 /OPT/altera/12.1/nios2eds/bin/gnu/H-i686-pc-linux-gnu/bin/../lib/gcc/nios2-elf/4.1.2/../../../../nios2-elf/lib/mno-hw-mul/libc.a(lib_a-freer.o)
 .comment       0x00000000       0x27 /OPT/altera/12.1/nios2eds/bin/gnu/H-i686-pc-linux-gnu/bin/../lib/gcc/nios2-elf/4.1.2/../../../../nios2-elf/lib/mno-hw-mul/libc.a(lib_a-fwalk.o)
 .comment       0x00000000       0x27 /OPT/altera/12.1/nios2eds/bin/gnu/H-i686-pc-linux-gnu/bin/../lib/gcc/nios2-elf/4.1.2/../../../../nios2-elf/lib/mno-hw-mul/libc.a(lib_a-int_errno.o)
 .comment       0x00000000       0x27 /OPT/altera/12.1/nios2eds/bin/gnu/H-i686-pc-linux-gnu/bin/../lib/gcc/nios2-elf/4.1.2/../../../../nios2-elf/lib/mno-hw-mul/libc.a(lib_a-makebuf.o)
 .comment       0x00000000       0x27 /OPT/altera/12.1/nios2eds/bin/gnu/H-i686-pc-linux-gnu/bin/../lib/gcc/nios2-elf/4.1.2/../../../../nios2-elf/lib/mno-hw-mul/libc.a(lib_a-memset.o)
 .comment       0x00000000       0x27 /OPT/altera/12.1/nios2eds/bin/gnu/H-i686-pc-linux-gnu/bin/../lib/gcc/nios2-elf/4.1.2/../../../../nios2-elf/lib/mno-hw-mul/libc.a(lib_a-stdio.o)
 .comment       0x00000000       0x27 /OPT/altera/12.1/nios2eds/bin/gnu/H-i686-pc-linux-gnu/bin/../lib/gcc/nios2-elf/4.1.2/../../../../nios2-elf/lib/mno-hw-mul/libc.a(lib_a-writer.o)
 .comment       0x00000000       0x27 /OPT/altera/12.1/nios2eds/bin/gnu/H-i686-pc-linux-gnu/bin/../lib/gcc/nios2-elf/4.1.2/../../../../nios2-elf/lib/mno-hw-mul/libc.a(lib_a-closer.o)
 .comment       0x00000000       0x27 /OPT/altera/12.1/nios2eds/bin/gnu/H-i686-pc-linux-gnu/bin/../lib/gcc/nios2-elf/4.1.2/../../../../nios2-elf/lib/mno-hw-mul/libc.a(lib_a-fclose.o)
 .comment       0x00000000       0x27 /OPT/altera/12.1/nios2eds/bin/gnu/H-i686-pc-linux-gnu/bin/../lib/gcc/nios2-elf/4.1.2/../../../../nios2-elf/lib/mno-hw-mul/libc.a(lib_a-fstatr.o)
 .comment       0x00000000       0x27 /OPT/altera/12.1/nios2eds/bin/gnu/H-i686-pc-linux-gnu/bin/../lib/gcc/nios2-elf/4.1.2/../../../../nios2-elf/lib/mno-hw-mul/libc.a(lib_a-isattyr.o)
 .comment       0x00000000       0x27 /OPT/altera/12.1/nios2eds/bin/gnu/H-i686-pc-linux-gnu/bin/../lib/gcc/nios2-elf/4.1.2/../../../../nios2-elf/lib/mno-hw-mul/libc.a(lib_a-lseekr.o)
 .comment       0x00000000       0x27 /OPT/altera/12.1/nios2eds/bin/gnu/H-i686-pc-linux-gnu/bin/../lib/gcc/nios2-elf/4.1.2/../../../../nios2-elf/lib/mno-hw-mul/libc.a(lib_a-readr.o)
 .comment       0x00000000       0x27 /OPT/altera/12.1/nios2eds/bin/gnu/H-i686-pc-linux-gnu/bin/../lib/gcc/nios2-elf/4.1.2/mno-hw-mul/libgcc.a(lib2-mul.o)
 .comment       0x00000000       0x27 ../attempt2_bsp//libucosii_bsp.a(alt_close.o)
 .comment       0x00000000       0x27 ../attempt2_bsp//libucosii_bsp.a(alt_dev.o)
 .comment       0x00000000       0x27 ../attempt2_bsp//libucosii_bsp.a(alt_errno.o)
 .comment       0x00000000       0x27 ../attempt2_bsp//libucosii_bsp.a(alt_fstat.o)
 .comment       0x00000000       0x27 ../attempt2_bsp//libucosii_bsp.a(alt_isatty.o)
 .comment       0x00000000       0x27 ../attempt2_bsp//libucosii_bsp.a(alt_load.o)
 .comment       0x00000000       0x27 ../attempt2_bsp//libucosii_bsp.a(alt_lseek.o)
 .comment       0x00000000       0x27 ../attempt2_bsp//libucosii_bsp.a(alt_main.o)
 .comment       0x00000000       0x27 ../attempt2_bsp//libucosii_bsp.a(alt_read.o)
 .comment       0x00000000       0x27 ../attempt2_bsp//libucosii_bsp.a(alt_release_fd.o)
 .comment       0x00000000       0x27 ../attempt2_bsp//libucosii_bsp.a(alt_sbrk.o)
 .comment       0x00000000       0x27 ../attempt2_bsp//libucosii_bsp.a(alt_write.o)
 .comment       0x00000000       0x27 ../attempt2_bsp//libucosii_bsp.a(alt_env_lock.o)
 .comment       0x00000000       0x27 ../attempt2_bsp//libucosii_bsp.a(alt_malloc_lock.o)
 .comment       0x00000000       0x27 ../attempt2_bsp//libucosii_bsp.a(os_core.o)
 .comment       0x00000000       0x27 ../attempt2_bsp//libucosii_bsp.a(os_dbg.o)
 .comment       0x00000000       0x27 ../attempt2_bsp//libucosii_bsp.a(os_flag.o)
 .comment       0x00000000       0x27 ../attempt2_bsp//libucosii_bsp.a(os_mem.o)
 .comment       0x00000000       0x27 ../attempt2_bsp//libucosii_bsp.a(os_q.o)
 .comment       0x00000000       0x27 ../attempt2_bsp//libucosii_bsp.a(os_sem.o)
 .comment       0x00000000       0x27 ../attempt2_bsp//libucosii_bsp.a(os_task.o)
 .comment       0x00000000       0x27 ../attempt2_bsp//libucosii_bsp.a(os_time.o)
 .comment       0x00000000       0x27 ../attempt2_bsp//libucosii_bsp.a(alt_sys_init.o)
 .comment       0x00000000       0x27 ../attempt2_bsp//libucosii_bsp.a(altera_avalon_jtag_uart_fd.o)
 .comment       0x00000000       0x27 ../attempt2_bsp//libucosii_bsp.a(altera_avalon_jtag_uart_init.o)
 .comment       0x00000000       0x27 ../attempt2_bsp//libucosii_bsp.a(altera_avalon_jtag_uart_ioctl.o)
 .comment       0x00000000       0x27 ../attempt2_bsp//libucosii_bsp.a(altera_avalon_jtag_uart_read.o)
 .comment       0x00000000       0x27 ../attempt2_bsp//libucosii_bsp.a(altera_avalon_jtag_uart_write.o)
 .comment       0x00000000       0x27 ../attempt2_bsp//libucosii_bsp.a(altera_avalon_timer_sc.o)
 .comment       0x00000000       0x27 ../attempt2_bsp//libucosii_bsp.a(altera_up_avalon_audio.o)
 .comment       0x00000000       0x27 ../attempt2_bsp//libucosii_bsp.a(altera_up_avalon_audio_and_video_config.o)
 .comment       0x00000000       0x27 ../attempt2_bsp//libucosii_bsp.a(altera_up_avalon_character_lcd.o)
 .comment       0x00000000       0x27 ../attempt2_bsp//libucosii_bsp.a(alt_alarm_start.o)
 .comment       0x00000000       0x27 ../attempt2_bsp//libucosii_bsp.a(alt_dcache_flush_all.o)
 .comment       0x00000000       0x27 ../attempt2_bsp//libucosii_bsp.a(alt_dev_llist_insert.o)
 .comment       0x00000000       0x27 ../attempt2_bsp//libucosii_bsp.a(alt_do_ctors.o)
 .comment       0x00000000       0x27 ../attempt2_bsp//libucosii_bsp.a(alt_do_dtors.o)
 .comment       0x00000000       0x27 ../attempt2_bsp//libucosii_bsp.a(alt_find_dev.o)
 .comment       0x00000000       0x27 ../attempt2_bsp//libucosii_bsp.a(alt_icache_flush_all.o)
 .comment       0x00000000       0x27 ../attempt2_bsp//libucosii_bsp.a(alt_io_redirect.o)
 .comment       0x00000000       0x27 ../attempt2_bsp//libucosii_bsp.a(alt_irq_register.o)
 .comment       0x00000000       0x27 ../attempt2_bsp//libucosii_bsp.a(alt_irq_vars.o)
 .comment       0x00000000       0x27 ../attempt2_bsp//libucosii_bsp.a(alt_open.o)
 .comment       0x00000000       0x27 ../attempt2_bsp//libucosii_bsp.a(alt_tick.o)
 .comment       0x00000000       0x27 ../attempt2_bsp//libucosii_bsp.a(altera_nios2_qsys_irq.o)
 .comment       0x00000000       0x27 ../attempt2_bsp//libucosii_bsp.a(os_cpu_c.o)
 .comment       0x00000000       0x27 ../attempt2_bsp//libucosii_bsp.a(alt_find_file.o)
 .comment       0x00000000       0x27 ../attempt2_bsp//libucosii_bsp.a(alt_get_fd.o)
 .comment       0x00000000       0x27 ../attempt2_bsp//libucosii_bsp.a(alt_irq_handler.o)
 .comment       0x00000000       0x27 /OPT/altera/12.1/nios2eds/bin/gnu/H-i686-pc-linux-gnu/bin/../lib/gcc/nios2-elf/4.1.2/../../../../nios2-elf/lib/mno-hw-mul/libc.a(lib_a-atexit.o)
 .comment       0x00000000       0x27 /OPT/altera/12.1/nios2eds/bin/gnu/H-i686-pc-linux-gnu/bin/../lib/gcc/nios2-elf/4.1.2/../../../../nios2-elf/lib/mno-hw-mul/libc.a(lib_a-exit.o)
 .comment       0x00000000       0x27 /OPT/altera/12.1/nios2eds/bin/gnu/H-i686-pc-linux-gnu/bin/../lib/gcc/nios2-elf/4.1.2/../../../../nios2-elf/lib/mno-hw-mul/libc.a(lib_a-memcmp.o)
 .comment       0x00000000       0x27 /OPT/altera/12.1/nios2eds/bin/gnu/H-i686-pc-linux-gnu/bin/../lib/gcc/nios2-elf/4.1.2/../../../../nios2-elf/lib/mno-hw-mul/libc.a(lib_a-__atexit.o)
 .comment       0x00000000       0x27 /OPT/altera/12.1/nios2eds/bin/gnu/H-i686-pc-linux-gnu/bin/../lib/gcc/nios2-elf/4.1.2/../../../../nios2-elf/lib/mno-hw-mul/libc.a(lib_a-__call_atexit.o)
 .comment       0x00000000       0x27 /OPT/altera/12.1/nios2eds/bin/gnu/H-i686-pc-linux-gnu/bin/../lib/gcc/nios2-elf/4.1.2/mno-hw-mul/libgcc.a(lib2-divmod.o)
 .comment       0x00000000       0x27 ../attempt2_bsp//libucosii_bsp.a(alt_exit.o)

.debug
 *(.debug)

.line
 *(.line)

.debug_srcinfo
 *(.debug_srcinfo)

.debug_sfnames
 *(.debug_sfnames)

.debug_aranges  0x00000000      0xab8
 *(.debug_aranges)
 .debug_aranges
                0x00000000       0x28 ../attempt2_bsp//obj/HAL/src/crt0.o
 .debug_aranges
                0x00000028       0x20 obj/default/hello_ucosii.o
 .debug_aranges
                0x00000048       0x20 /OPT/altera/12.1/nios2eds/bin/gnu/H-i686-pc-linux-gnu/bin/../lib/gcc/nios2-elf/4.1.2/../../../../nios2-elf/lib/mno-hw-mul/libc.a(lib_a-puts.o)
 .debug_aranges
                0x00000068       0x20 /OPT/altera/12.1/nios2eds/bin/gnu/H-i686-pc-linux-gnu/bin/../lib/gcc/nios2-elf/4.1.2/../../../../nios2-elf/lib/mno-hw-mul/libc.a(lib_a-strlen.o)
 .debug_aranges
                0x00000088       0x20 /OPT/altera/12.1/nios2eds/bin/gnu/H-i686-pc-linux-gnu/bin/../lib/gcc/nios2-elf/4.1.2/../../../../nios2-elf/lib/mno-hw-mul/libc.a(lib_a-fvwrite.o)
 .debug_aranges
                0x000000a8       0x20 /OPT/altera/12.1/nios2eds/bin/gnu/H-i686-pc-linux-gnu/bin/../lib/gcc/nios2-elf/4.1.2/../../../../nios2-elf/lib/mno-hw-mul/libc.a(lib_a-mallocr.o)
 .debug_aranges
                0x000000c8       0x20 /OPT/altera/12.1/nios2eds/bin/gnu/H-i686-pc-linux-gnu/bin/../lib/gcc/nios2-elf/4.1.2/../../../../nios2-elf/lib/mno-hw-mul/libc.a(lib_a-memchr.o)
 .debug_aranges
                0x000000e8       0x20 /OPT/altera/12.1/nios2eds/bin/gnu/H-i686-pc-linux-gnu/bin/../lib/gcc/nios2-elf/4.1.2/../../../../nios2-elf/lib/mno-hw-mul/libc.a(lib_a-memcpy.o)
 .debug_aranges
                0x00000108       0x20 /OPT/altera/12.1/nios2eds/bin/gnu/H-i686-pc-linux-gnu/bin/../lib/gcc/nios2-elf/4.1.2/../../../../nios2-elf/lib/mno-hw-mul/libc.a(lib_a-memmove.o)
 .debug_aranges
                0x00000128       0x20 /OPT/altera/12.1/nios2eds/bin/gnu/H-i686-pc-linux-gnu/bin/../lib/gcc/nios2-elf/4.1.2/../../../../nios2-elf/lib/mno-hw-mul/libc.a(lib_a-reallocr.o)
 .debug_aranges
                0x00000148       0x20 /OPT/altera/12.1/nios2eds/bin/gnu/H-i686-pc-linux-gnu/bin/../lib/gcc/nios2-elf/4.1.2/../../../../nios2-elf/lib/mno-hw-mul/libc.a(lib_a-sbrkr.o)
 .debug_aranges
                0x00000168       0x20 /OPT/altera/12.1/nios2eds/bin/gnu/H-i686-pc-linux-gnu/bin/../lib/gcc/nios2-elf/4.1.2/../../../../nios2-elf/lib/mno-hw-mul/libc.a(lib_a-wsetup.o)
 .debug_aranges
                0x00000188       0x20 /OPT/altera/12.1/nios2eds/bin/gnu/H-i686-pc-linux-gnu/bin/../lib/gcc/nios2-elf/4.1.2/../../../../nios2-elf/lib/mno-hw-mul/libc.a(lib_a-fflush.o)
 .debug_aranges
                0x000001a8       0x20 /OPT/altera/12.1/nios2eds/bin/gnu/H-i686-pc-linux-gnu/bin/../lib/gcc/nios2-elf/4.1.2/../../../../nios2-elf/lib/mno-hw-mul/libc.a(lib_a-findfp.o)
 .debug_aranges
                0x000001c8       0x20 /OPT/altera/12.1/nios2eds/bin/gnu/H-i686-pc-linux-gnu/bin/../lib/gcc/nios2-elf/4.1.2/../../../../nios2-elf/lib/mno-hw-mul/libc.a(lib_a-freer.o)
 .debug_aranges
                0x000001e8       0x20 /OPT/altera/12.1/nios2eds/bin/gnu/H-i686-pc-linux-gnu/bin/../lib/gcc/nios2-elf/4.1.2/../../../../nios2-elf/lib/mno-hw-mul/libc.a(lib_a-fwalk.o)
 .debug_aranges
                0x00000208       0x20 /OPT/altera/12.1/nios2eds/bin/gnu/H-i686-pc-linux-gnu/bin/../lib/gcc/nios2-elf/4.1.2/../../../../nios2-elf/lib/mno-hw-mul/libc.a(lib_a-makebuf.o)
 .debug_aranges
                0x00000228       0x20 /OPT/altera/12.1/nios2eds/bin/gnu/H-i686-pc-linux-gnu/bin/../lib/gcc/nios2-elf/4.1.2/../../../../nios2-elf/lib/mno-hw-mul/libc.a(lib_a-memset.o)
 .debug_aranges
                0x00000248       0x20 /OPT/altera/12.1/nios2eds/bin/gnu/H-i686-pc-linux-gnu/bin/../lib/gcc/nios2-elf/4.1.2/../../../../nios2-elf/lib/mno-hw-mul/libc.a(lib_a-stdio.o)
 .debug_aranges
                0x00000268       0x20 /OPT/altera/12.1/nios2eds/bin/gnu/H-i686-pc-linux-gnu/bin/../lib/gcc/nios2-elf/4.1.2/../../../../nios2-elf/lib/mno-hw-mul/libc.a(lib_a-writer.o)
 .debug_aranges
                0x00000288       0x20 /OPT/altera/12.1/nios2eds/bin/gnu/H-i686-pc-linux-gnu/bin/../lib/gcc/nios2-elf/4.1.2/../../../../nios2-elf/lib/mno-hw-mul/libc.a(lib_a-closer.o)
 .debug_aranges
                0x000002a8       0x20 /OPT/altera/12.1/nios2eds/bin/gnu/H-i686-pc-linux-gnu/bin/../lib/gcc/nios2-elf/4.1.2/../../../../nios2-elf/lib/mno-hw-mul/libc.a(lib_a-fclose.o)
 .debug_aranges
                0x000002c8       0x20 /OPT/altera/12.1/nios2eds/bin/gnu/H-i686-pc-linux-gnu/bin/../lib/gcc/nios2-elf/4.1.2/../../../../nios2-elf/lib/mno-hw-mul/libc.a(lib_a-fstatr.o)
 .debug_aranges
                0x000002e8       0x20 /OPT/altera/12.1/nios2eds/bin/gnu/H-i686-pc-linux-gnu/bin/../lib/gcc/nios2-elf/4.1.2/../../../../nios2-elf/lib/mno-hw-mul/libc.a(lib_a-isattyr.o)
 .debug_aranges
                0x00000308       0x20 /OPT/altera/12.1/nios2eds/bin/gnu/H-i686-pc-linux-gnu/bin/../lib/gcc/nios2-elf/4.1.2/../../../../nios2-elf/lib/mno-hw-mul/libc.a(lib_a-lseekr.o)
 .debug_aranges
                0x00000328       0x20 /OPT/altera/12.1/nios2eds/bin/gnu/H-i686-pc-linux-gnu/bin/../lib/gcc/nios2-elf/4.1.2/../../../../nios2-elf/lib/mno-hw-mul/libc.a(lib_a-readr.o)
 .debug_aranges
                0x00000348       0x20 /OPT/altera/12.1/nios2eds/bin/gnu/H-i686-pc-linux-gnu/bin/../lib/gcc/nios2-elf/4.1.2/mno-hw-mul/libgcc.a(lib2-mul.o)
 .debug_aranges
                0x00000368       0x20 ../attempt2_bsp//libucosii_bsp.a(alt_close.o)
 .debug_aranges
                0x00000388       0x20 ../attempt2_bsp//libucosii_bsp.a(alt_dev.o)
 .debug_aranges
                0x000003a8       0x20 ../attempt2_bsp//libucosii_bsp.a(alt_fstat.o)
 .debug_aranges
                0x000003c8       0x20 ../attempt2_bsp//libucosii_bsp.a(alt_isatty.o)
 .debug_aranges
                0x000003e8       0x20 ../attempt2_bsp//libucosii_bsp.a(alt_load.o)
 .debug_aranges
                0x00000408       0x20 ../attempt2_bsp//libucosii_bsp.a(alt_lseek.o)
 .debug_aranges
                0x00000428       0x20 ../attempt2_bsp//libucosii_bsp.a(alt_main.o)
 .debug_aranges
                0x00000448       0x20 ../attempt2_bsp//libucosii_bsp.a(alt_read.o)
 .debug_aranges
                0x00000468       0x20 ../attempt2_bsp//libucosii_bsp.a(alt_release_fd.o)
 .debug_aranges
                0x00000488       0x20 ../attempt2_bsp//libucosii_bsp.a(alt_sbrk.o)
 .debug_aranges
                0x000004a8       0x20 ../attempt2_bsp//libucosii_bsp.a(alt_write.o)
 .debug_aranges
                0x000004c8       0x20 ../attempt2_bsp//libucosii_bsp.a(alt_env_lock.o)
 .debug_aranges
                0x000004e8       0x20 ../attempt2_bsp//libucosii_bsp.a(alt_malloc_lock.o)
 .debug_aranges
                0x00000508       0x20 ../attempt2_bsp//libucosii_bsp.a(os_core.o)
 .debug_aranges
                0x00000528       0x20 ../attempt2_bsp//libucosii_bsp.a(os_dbg.o)
 .debug_aranges
                0x00000548       0x20 ../attempt2_bsp//libucosii_bsp.a(os_flag.o)
 .debug_aranges
                0x00000568       0x20 ../attempt2_bsp//libucosii_bsp.a(os_mem.o)
 .debug_aranges
                0x00000588       0x20 ../attempt2_bsp//libucosii_bsp.a(os_q.o)
 .debug_aranges
                0x000005a8       0x20 ../attempt2_bsp//libucosii_bsp.a(os_sem.o)
 .debug_aranges
                0x000005c8       0x20 ../attempt2_bsp//libucosii_bsp.a(os_task.o)
 .debug_aranges
                0x000005e8       0x20 ../attempt2_bsp//libucosii_bsp.a(os_time.o)
 .debug_aranges
                0x00000608       0x20 ../attempt2_bsp//libucosii_bsp.a(alt_sys_init.o)
 .debug_aranges
                0x00000628       0x20 ../attempt2_bsp//libucosii_bsp.a(altera_avalon_jtag_uart_fd.o)
 .debug_aranges
                0x00000648       0x20 ../attempt2_bsp//libucosii_bsp.a(altera_avalon_jtag_uart_init.o)
 .debug_aranges
                0x00000668       0x20 ../attempt2_bsp//libucosii_bsp.a(altera_avalon_jtag_uart_ioctl.o)
 .debug_aranges
                0x00000688       0x20 ../attempt2_bsp//libucosii_bsp.a(altera_avalon_jtag_uart_read.o)
 .debug_aranges
                0x000006a8       0x20 ../attempt2_bsp//libucosii_bsp.a(altera_avalon_jtag_uart_write.o)
 .debug_aranges
                0x000006c8       0x20 ../attempt2_bsp//libucosii_bsp.a(altera_avalon_timer_sc.o)
 .debug_aranges
                0x000006e8       0x20 ../attempt2_bsp//libucosii_bsp.a(altera_up_avalon_audio.o)
 .debug_aranges
                0x00000708       0x20 ../attempt2_bsp//libucosii_bsp.a(altera_up_avalon_audio_and_video_config.o)
 .debug_aranges
                0x00000728       0x20 ../attempt2_bsp//libucosii_bsp.a(altera_up_avalon_character_lcd.o)
 .debug_aranges
                0x00000748       0x20 ../attempt2_bsp//libucosii_bsp.a(alt_alarm_start.o)
 .debug_aranges
                0x00000768       0x20 ../attempt2_bsp//libucosii_bsp.a(alt_dcache_flush_all.o)
 .debug_aranges
                0x00000788       0x20 ../attempt2_bsp//libucosii_bsp.a(alt_dev_llist_insert.o)
 .debug_aranges
                0x000007a8       0x20 ../attempt2_bsp//libucosii_bsp.a(alt_do_ctors.o)
 .debug_aranges
                0x000007c8       0x20 ../attempt2_bsp//libucosii_bsp.a(alt_do_dtors.o)
 .debug_aranges
                0x000007e8       0x20 ../attempt2_bsp//libucosii_bsp.a(alt_find_dev.o)
 .debug_aranges
                0x00000808       0x20 ../attempt2_bsp//libucosii_bsp.a(alt_icache_flush_all.o)
 .debug_aranges
                0x00000828       0x20 ../attempt2_bsp//libucosii_bsp.a(alt_io_redirect.o)
 .debug_aranges
                0x00000848       0x20 ../attempt2_bsp//libucosii_bsp.a(alt_irq_register.o)
 .debug_aranges
                0x00000868       0x20 ../attempt2_bsp//libucosii_bsp.a(alt_open.o)
 .debug_aranges
                0x00000888       0x20 ../attempt2_bsp//libucosii_bsp.a(alt_tick.o)
 .debug_aranges
                0x000008a8       0x20 ../attempt2_bsp//libucosii_bsp.a(altera_nios2_qsys_irq.o)
 .debug_aranges
                0x000008c8       0x20 ../attempt2_bsp//libucosii_bsp.a(os_cpu_a.o)
 .debug_aranges
                0x000008e8       0x20 ../attempt2_bsp//libucosii_bsp.a(os_cpu_c.o)
 .debug_aranges
                0x00000908       0x20 ../attempt2_bsp//libucosii_bsp.a(alt_find_file.o)
 .debug_aranges
                0x00000928       0x20 ../attempt2_bsp//libucosii_bsp.a(alt_get_fd.o)
 .debug_aranges
                0x00000948       0x30 ../attempt2_bsp//libucosii_bsp.a(alt_irq_entry.o)
 .debug_aranges
                0x00000978       0x28 ../attempt2_bsp//libucosii_bsp.a(alt_irq_handler.o)
 .debug_aranges
                0x000009a0       0x38 ../attempt2_bsp//libucosii_bsp.a(alt_exception_entry.o)
 .debug_aranges
                0x000009d8       0x20 /OPT/altera/12.1/nios2eds/bin/gnu/H-i686-pc-linux-gnu/bin/../lib/gcc/nios2-elf/4.1.2/../../../../nios2-elf/lib/mno-hw-mul/libc.a(lib_a-atexit.o)
 .debug_aranges
                0x000009f8       0x20 /OPT/altera/12.1/nios2eds/bin/gnu/H-i686-pc-linux-gnu/bin/../lib/gcc/nios2-elf/4.1.2/../../../../nios2-elf/lib/mno-hw-mul/libc.a(lib_a-exit.o)
 .debug_aranges
                0x00000a18       0x20 /OPT/altera/12.1/nios2eds/bin/gnu/H-i686-pc-linux-gnu/bin/../lib/gcc/nios2-elf/4.1.2/../../../../nios2-elf/lib/mno-hw-mul/libc.a(lib_a-memcmp.o)
 .debug_aranges
                0x00000a38       0x20 /OPT/altera/12.1/nios2eds/bin/gnu/H-i686-pc-linux-gnu/bin/../lib/gcc/nios2-elf/4.1.2/../../../../nios2-elf/lib/mno-hw-mul/libc.a(lib_a-__atexit.o)
 .debug_aranges
                0x00000a58       0x20 /OPT/altera/12.1/nios2eds/bin/gnu/H-i686-pc-linux-gnu/bin/../lib/gcc/nios2-elf/4.1.2/../../../../nios2-elf/lib/mno-hw-mul/libc.a(lib_a-__call_atexit.o)
 .debug_aranges
                0x00000a78       0x20 /OPT/altera/12.1/nios2eds/bin/gnu/H-i686-pc-linux-gnu/bin/../lib/gcc/nios2-elf/4.1.2/mno-hw-mul/libgcc.a(lib2-divmod.o)
 .debug_aranges
                0x00000a98       0x20 ../attempt2_bsp//libucosii_bsp.a(alt_exit.o)

.debug_pubnames
                0x00000000     0x20fb
 *(.debug_pubnames)
 .debug_pubnames
                0x00000000       0x6b obj/default/hello_ucosii.o
 .debug_pubnames
                0x0000006b       0x27 /OPT/altera/12.1/nios2eds/bin/gnu/H-i686-pc-linux-gnu/bin/../lib/gcc/nios2-elf/4.1.2/../../../../nios2-elf/lib/mno-hw-mul/libc.a(lib_a-puts.o)
 .debug_pubnames
                0x00000092       0x1d /OPT/altera/12.1/nios2eds/bin/gnu/H-i686-pc-linux-gnu/bin/../lib/gcc/nios2-elf/4.1.2/../../../../nios2-elf/lib/mno-hw-mul/libc.a(lib_a-strlen.o)
 .debug_pubnames
                0x000000af       0x23 /OPT/altera/12.1/nios2eds/bin/gnu/H-i686-pc-linux-gnu/bin/../lib/gcc/nios2-elf/4.1.2/../../../../nios2-elf/lib/mno-hw-mul/libc.a(lib_a-fvwrite.o)
 .debug_pubnames
                0x000000d2       0x39 /OPT/altera/12.1/nios2eds/bin/gnu/H-i686-pc-linux-gnu/bin/../lib/gcc/nios2-elf/4.1.2/../../../../nios2-elf/lib/mno-hw-mul/libc.a(lib_a-impure.o)
 .debug_pubnames
                0x0000010b       0xce /OPT/altera/12.1/nios2eds/bin/gnu/H-i686-pc-linux-gnu/bin/../lib/gcc/nios2-elf/4.1.2/../../../../nios2-elf/lib/mno-hw-mul/libc.a(lib_a-mallocr.o)
 .debug_pubnames
                0x000001d9       0x1d /OPT/altera/12.1/nios2eds/bin/gnu/H-i686-pc-linux-gnu/bin/../lib/gcc/nios2-elf/4.1.2/../../../../nios2-elf/lib/mno-hw-mul/libc.a(lib_a-memchr.o)
 .debug_pubnames
                0x000001f6       0x1d /OPT/altera/12.1/nios2eds/bin/gnu/H-i686-pc-linux-gnu/bin/../lib/gcc/nios2-elf/4.1.2/../../../../nios2-elf/lib/mno-hw-mul/libc.a(lib_a-memcpy.o)
 .debug_pubnames
                0x00000213       0x1e /OPT/altera/12.1/nios2eds/bin/gnu/H-i686-pc-linux-gnu/bin/../lib/gcc/nios2-elf/4.1.2/../../../../nios2-elf/lib/mno-hw-mul/libc.a(lib_a-memmove.o)
 .debug_pubnames
                0x00000231       0x21 /OPT/altera/12.1/nios2eds/bin/gnu/H-i686-pc-linux-gnu/bin/../lib/gcc/nios2-elf/4.1.2/../../../../nios2-elf/lib/mno-hw-mul/libc.a(lib_a-reallocr.o)
 .debug_pubnames
                0x00000252       0x1e /OPT/altera/12.1/nios2eds/bin/gnu/H-i686-pc-linux-gnu/bin/../lib/gcc/nios2-elf/4.1.2/../../../../nios2-elf/lib/mno-hw-mul/libc.a(lib_a-sbrkr.o)
 .debug_pubnames
                0x00000270       0x22 /OPT/altera/12.1/nios2eds/bin/gnu/H-i686-pc-linux-gnu/bin/../lib/gcc/nios2-elf/4.1.2/../../../../nios2-elf/lib/mno-hw-mul/libc.a(lib_a-wsetup.o)
 .debug_pubnames
                0x00000292       0x2b /OPT/altera/12.1/nios2eds/bin/gnu/H-i686-pc-linux-gnu/bin/../lib/gcc/nios2-elf/4.1.2/../../../../nios2-elf/lib/mno-hw-mul/libc.a(lib_a-fflush.o)
 .debug_pubnames
                0x000002bd       0xdb /OPT/altera/12.1/nios2eds/bin/gnu/H-i686-pc-linux-gnu/bin/../lib/gcc/nios2-elf/4.1.2/../../../../nios2-elf/lib/mno-hw-mul/libc.a(lib_a-findfp.o)
 .debug_pubnames
                0x00000398       0x31 /OPT/altera/12.1/nios2eds/bin/gnu/H-i686-pc-linux-gnu/bin/../lib/gcc/nios2-elf/4.1.2/../../../../nios2-elf/lib/mno-hw-mul/libc.a(lib_a-freer.o)
 .debug_pubnames
                0x000003c9       0x2e /OPT/altera/12.1/nios2eds/bin/gnu/H-i686-pc-linux-gnu/bin/../lib/gcc/nios2-elf/4.1.2/../../../../nios2-elf/lib/mno-hw-mul/libc.a(lib_a-fwalk.o)
 .debug_pubnames
                0x000003f7       0x1c /OPT/altera/12.1/nios2eds/bin/gnu/H-i686-pc-linux-gnu/bin/../lib/gcc/nios2-elf/4.1.2/../../../../nios2-elf/lib/mno-hw-mul/libc.a(lib_a-int_errno.o)
 .debug_pubnames
                0x00000413       0x23 /OPT/altera/12.1/nios2eds/bin/gnu/H-i686-pc-linux-gnu/bin/../lib/gcc/nios2-elf/4.1.2/../../../../nios2-elf/lib/mno-hw-mul/libc.a(lib_a-makebuf.o)
 .debug_pubnames
                0x00000436       0x1d /OPT/altera/12.1/nios2eds/bin/gnu/H-i686-pc-linux-gnu/bin/../lib/gcc/nios2-elf/4.1.2/../../../../nios2-elf/lib/mno-hw-mul/libc.a(lib_a-memset.o)
 .debug_pubnames
                0x00000453       0x44 /OPT/altera/12.1/nios2eds/bin/gnu/H-i686-pc-linux-gnu/bin/../lib/gcc/nios2-elf/4.1.2/../../../../nios2-elf/lib/mno-hw-mul/libc.a(lib_a-stdio.o)
 .debug_pubnames
                0x00000497       0x1f /OPT/altera/12.1/nios2eds/bin/gnu/H-i686-pc-linux-gnu/bin/../lib/gcc/nios2-elf/4.1.2/../../../../nios2-elf/lib/mno-hw-mul/libc.a(lib_a-writer.o)
 .debug_pubnames
                0x000004b6       0x1f /OPT/altera/12.1/nios2eds/bin/gnu/H-i686-pc-linux-gnu/bin/../lib/gcc/nios2-elf/4.1.2/../../../../nios2-elf/lib/mno-hw-mul/libc.a(lib_a-closer.o)
 .debug_pubnames
                0x000004d5       0x2b /OPT/altera/12.1/nios2eds/bin/gnu/H-i686-pc-linux-gnu/bin/../lib/gcc/nios2-elf/4.1.2/../../../../nios2-elf/lib/mno-hw-mul/libc.a(lib_a-fclose.o)
 .debug_pubnames