Archive member included because of file (symbol)

/OPT/altera/12.1/nios2eds/bin/gnu/H-i686-pc-linux-gnu/bin/../lib/gcc/nios2-elf/4.1.2/../../../../nios2-elf/lib/mno-hw-mul/libm.a(lib_a-s_sin.o)
                              obj/default/hello_ucosii.o (sin)
/OPT/altera/12.1/nios2eds/bin/gnu/H-i686-pc-linux-gnu/bin/../lib/gcc/nios2-elf/4.1.2/../../../../nios2-elf/lib/mno-hw-mul/libm.a(lib_a-e_rem_pio2.o)
                              /OPT/altera/12.1/nios2eds/bin/gnu/H-i686-pc-linux-gnu/bin/../lib/gcc/nios2-elf/4.1.2/../../../../nios2-elf/lib/mno-hw-mul/libm.a(lib_a-s_sin.o) (__ieee754_rem_pio2)
/OPT/altera/12.1/nios2eds/bin/gnu/H-i686-pc-linux-gnu/bin/../lib/gcc/nios2-elf/4.1.2/../../../../nios2-elf/lib/mno-hw-mul/libm.a(lib_a-k_cos.o)
                              /OPT/altera/12.1/nios2eds/bin/gnu/H-i686-pc-linux-gnu/bin/../lib/gcc/nios2-elf/4.1.2/../../../../nios2-elf/lib/mno-hw-mul/libm.a(lib_a-s_sin.o) (__kernel_cos)
/OPT/altera/12.1/nios2eds/bin/gnu/H-i686-pc-linux-gnu/bin/../lib/gcc/nios2-elf/4.1.2/../../../../nios2-elf/lib/mno-hw-mul/libm.a(lib_a-k_rem_pio2.o)
                              /OPT/altera/12.1/nios2eds/bin/gnu/H-i686-pc-linux-gnu/bin/../lib/gcc/nios2-elf/4.1.2/../../../../nios2-elf/lib/mno-hw-mul/libm.a(lib_a-e_rem_pio2.o) (__kernel_rem_pio2)
/OPT/altera/12.1/nios2eds/bin/gnu/H-i686-pc-linux-gnu/bin/../lib/gcc/nios2-elf/4.1.2/../../../../nios2-elf/lib/mno-hw-mul/libm.a(lib_a-k_sin.o)
                              /OPT/altera/12.1/nios2eds/bin/gnu/H-i686-pc-linux-gnu/bin/../lib/gcc/nios2-elf/4.1.2/../../../../nios2-elf/lib/mno-hw-mul/libm.a(lib_a-s_sin.o) (__kernel_sin)
/OPT/altera/12.1/nios2eds/bin/gnu/H-i686-pc-linux-gnu/bin/../lib/gcc/nios2-elf/4.1.2/../../../../nios2-elf/lib/mno-hw-mul/libm.a(lib_a-s_fabs.o)
                              /OPT/altera/12.1/nios2eds/bin/gnu/H-i686-pc-linux-gnu/bin/../lib/gcc/nios2-elf/4.1.2/../../../../nios2-elf/lib/mno-hw-mul/libm.a(lib_a-e_rem_pio2.o) (fabs)
/OPT/altera/12.1/nios2eds/bin/gnu/H-i686-pc-linux-gnu/bin/../lib/gcc/nios2-elf/4.1.2/../../../../nios2-elf/lib/mno-hw-mul/libm.a(lib_a-s_floor.o)
                              /OPT/altera/12.1/nios2eds/bin/gnu/H-i686-pc-linux-gnu/bin/../lib/gcc/nios2-elf/4.1.2/../../../../nios2-elf/lib/mno-hw-mul/libm.a(lib_a-k_rem_pio2.o) (floor)
/OPT/altera/12.1/nios2eds/bin/gnu/H-i686-pc-linux-gnu/bin/../lib/gcc/nios2-elf/4.1.2/../../../../nios2-elf/lib/mno-hw-mul/libm.a(lib_a-s_scalbn.o)
                              /OPT/altera/12.1/nios2eds/bin/gnu/H-i686-pc-linux-gnu/bin/../lib/gcc/nios2-elf/4.1.2/../../../../nios2-elf/lib/mno-hw-mul/libm.a(lib_a-k_rem_pio2.o) (scalbn)
/OPT/altera/12.1/nios2eds/bin/gnu/H-i686-pc-linux-gnu/bin/../lib/gcc/nios2-elf/4.1.2/../../../../nios2-elf/lib/mno-hw-mul/libm.a(lib_a-s_copysign.o)
                              /OPT/altera/12.1/nios2eds/bin/gnu/H-i686-pc-linux-gnu/bin/../lib/gcc/nios2-elf/4.1.2/../../../../nios2-elf/lib/mno-hw-mul/libm.a(lib_a-s_scalbn.o) (copysign)
/OPT/altera/12.1/nios2eds/bin/gnu/H-i686-pc-linux-gnu/bin/../lib/gcc/nios2-elf/4.1.2/mno-hw-mul/libgcc.a(_fixunsdfsi.o)
                              obj/default/hello_ucosii.o (__fixunsdfsi)
/OPT/altera/12.1/nios2eds/bin/gnu/H-i686-pc-linux-gnu/bin/../lib/gcc/nios2-elf/4.1.2/mno-hw-mul/libgcc.a(_addsub_df.o)
                              /OPT/altera/12.1/nios2eds/bin/gnu/H-i686-pc-linux-gnu/bin/../lib/gcc/nios2-elf/4.1.2/../../../../nios2-elf/lib/mno-hw-mul/libm.a(lib_a-s_sin.o) (__subdf3)
/OPT/altera/12.1/nios2eds/bin/gnu/H-i686-pc-linux-gnu/bin/../lib/gcc/nios2-elf/4.1.2/mno-hw-mul/libgcc.a(_mul_df.o)
                              obj/default/hello_ucosii.o (__muldf3)
/OPT/altera/12.1/nios2eds/bin/gnu/H-i686-pc-linux-gnu/bin/../lib/gcc/nios2-elf/4.1.2/mno-hw-mul/libgcc.a(_div_df.o)
                              obj/default/hello_ucosii.o (__divdf3)
/OPT/altera/12.1/nios2eds/bin/gnu/H-i686-pc-linux-gnu/bin/../lib/gcc/nios2-elf/4.1.2/mno-hw-mul/libgcc.a(_eq_df.o)
                              /OPT/altera/12.1/nios2eds/bin/gnu/H-i686-pc-linux-gnu/bin/../lib/gcc/nios2-elf/4.1.2/../../../../nios2-elf/lib/mno-hw-mul/libm.a(lib_a-e_rem_pio2.o) (__eqdf2)
/OPT/altera/12.1/nios2eds/bin/gnu/H-i686-pc-linux-gnu/bin/../lib/gcc/nios2-elf/4.1.2/mno-hw-mul/libgcc.a(_gt_df.o)
                              /OPT/altera/12.1/nios2eds/bin/gnu/H-i686-pc-linux-gnu/bin/../lib/gcc/nios2-elf/4.1.2/../../../../nios2-elf/lib/mno-hw-mul/libm.a(lib_a-s_floor.o) (__gtdf2)
/OPT/altera/12.1/nios2eds/bin/gnu/H-i686-pc-linux-gnu/bin/../lib/gcc/nios2-elf/4.1.2/mno-hw-mul/libgcc.a(_ge_df.o)
                              /OPT/altera/12.1/nios2eds/bin/gnu/H-i686-pc-linux-gnu/bin/../lib/gcc/nios2-elf/4.1.2/../../../../nios2-elf/lib/mno-hw-mul/libm.a(lib_a-k_rem_pio2.o) (__gedf2)
/OPT/altera/12.1/nios2eds/bin/gnu/H-i686-pc-linux-gnu/bin/../lib/gcc/nios2-elf/4.1.2/mno-hw-mul/libgcc.a(_si_to_df.o)
                              obj/default/hello_ucosii.o (__floatsidf)
[...]
Memory Configuration

Name             Origin             Length             Attributes
sdram_0          0x00800000         0x00800000
sram_0           0x01080000         0x00080000
reset            0x01104000         0x00000020
onchip_memory2_0 0x01104020         0x00003fe0
*default*        0x00000000         0xffffffff

Linker script and memory map

LOAD ../attempt2_bsp//obj/HAL/src/crt0.o
LOAD obj/default/hello_ucosii.o
LOAD /OPT/altera/12.1/nios2eds/bin/gnu/H-i686-pc-linux-gnu/bin/../lib/gcc/nios2-elf/4.1.2/../../../../nios2-elf/lib/mno-hw-mul/libstdc++.a
LOAD /OPT/altera/12.1/nios2eds/bin/gnu/H-i686-pc-linux-gnu/bin/../lib/gcc/nios2-elf/4.1.2/../../../../nios2-elf/lib/mno-hw-mul/libm.a
LOAD /OPT/altera/12.1/nios2eds/bin/gnu/H-i686-pc-linux-gnu/bin/../lib/gcc/nios2-elf/4.1.2/mno-hw-mul/libgcc.a
START GROUP
LOAD /OPT/altera/12.1/nios2eds/bin/gnu/H-i686-pc-linux-gnu/bin/../lib/gcc/nios2-elf/4.1.2/../../../../nios2-elf/lib/mno-hw-mul/libc.a
LOAD /OPT/altera/12.1/nios2eds/bin/gnu/H-i686-pc-linux-gnu/bin/../lib/gcc/nios2-elf/4.1.2/mno-hw-mul/libgcc.a
LOAD ../attempt2_bsp//libucosii_bsp.a
END GROUP
LOAD /OPT/altera/12.1/nios2eds/bin/gnu/H-i686-pc-linux-gnu/bin/../lib/gcc/nios2-elf/4.1.2/mno-hw-mul/libgcc.a
                0x00800000                __alt_mem_sdram_0 = 0x800000
                0x01080000                __alt_mem_sram_0 = 0x1080000
                0x01104000                __alt_mem_onchip_memory2_0 = 0x1104000

.entry          0x01104000       0x20
 *(.entry)
 .entry         0x01104000       0x20 ../attempt2_bsp//obj/HAL/src/crt0.o
                0x01104000                __reset

.exceptions     0x01104020      0x19c load address 0x00800000
                0x01104020                PROVIDE (__ram_exceptions_start, ABSOLUTE (.))
                0x01104020                . = ALIGN (0x20)
 *(.irq)
 *(.exceptions.entry.label)
 .exceptions.entry.label
                0x01104020        0x0 ../attempt2_bsp//libucosii_bsp.a(alt_irq_entry.o)
                0x01104020                alt_irq_entry
 .exceptions.entry.label
                0x01104020        0x0 ../attempt2_bsp//libucosii_bsp.a(alt_exception_entry.o)
                0x01104020                alt_exception
 *(.exceptions.entry.user)
 *(.exceptions.entry)
 .exceptions.entry
                0x01104020       0x54 ../attempt2_bsp//libucosii_bsp.a(alt_exception_entry.o)
 *(.exceptions.irqtest.user)
 *(.exceptions.irqtest)
 .exceptions.irqtest
                0x01104074       0x10 ../attempt2_bsp//libucosii_bsp.a(alt_irq_entry.o)
 *(.exceptions.irqhandler.user)
 *(.exceptions.irqhandler)
 .exceptions.irqhandler
                0x01104084        0x4 ../attempt2_bsp//libucosii_bsp.a(alt_irq_entry.o)
 *(.exceptions.irqreturn.user)
 *(.exceptions.irqreturn)
 .exceptions.irqreturn
                0x01104088        0x4 ../attempt2_bsp//libucosii_bsp.a(alt_irq_entry.o)
 *(.exceptions.notirq.label)
 .exceptions.notirq.label
                0x0110408c        0x0 ../attempt2_bsp//libucosii_bsp.a(alt_irq_entry.o)
 *(.exceptions.notirq.user)
 *(.exceptions.notirq)
 .exceptions.notirq
                0x0110408c        0x8 ../attempt2_bsp//libucosii_bsp.a(alt_exception_entry.o)
 *(.exceptions.soft.user)
 *(.exceptions.soft)
 *(.exceptions.unknown.user)
 *(.exceptions.unknown)
 .exceptions.unknown
                0x01104094        0x4 ../attempt2_bsp//libucosii_bsp.a(alt_exception_entry.o)
 *(.exceptions.exit.label)
 .exceptions.exit.label
                0x01104098        0x0 ../attempt2_bsp//libucosii_bsp.a(alt_irq_entry.o)
 .exceptions.exit.label
                0x01104098        0x0 ../attempt2_bsp//libucosii_bsp.a(alt_exception_entry.o)
 *(.exceptions.exit.user)
 *(.exceptions.exit)
 .exceptions.exit
                0x01104098       0x54 ../attempt2_bsp//libucosii_bsp.a(alt_exception_entry.o)
 *(.exceptions)
 .exceptions    0x011040ec       0xd0 ../attempt2_bsp//libucosii_bsp.a(alt_irq_handler.o)
                0x011040ec                alt_irq_handler
                0x011041bc                PROVIDE (__ram_exceptions_end, ABSOLUTE (.))
                0x00800000                PROVIDE (__flash_exceptions_start, LOADADDR (.exceptions))

.text           0x0080019c    0x13520
                0x0080019c                PROVIDE (stext, ABSOLUTE (.))
 *(.interp)
 *(.hash)
 *(.dynsym)
 *(.dynstr)
 *(.gnu.version)
 *(.gnu.version_d)
 *(.gnu.version_r)
 *(.rel.init)
 *(.rela.init)
 *(.rel.text .rel.text.* .rel.gnu.linkonce.t.*)
 *(.rela.text .rela.text.* .rela.gnu.linkonce.t.*)
 *(.rel.fini)
 *(.rela.fini)
 *(.rel.rodata .rel.rodata.* .rel.gnu.linkonce.r.*)
 *(.rela.rodata .rela.rodata.* .rela.gnu.linkonce.r.*)
 *(.rel.data .rel.data.* .rel.gnu.linkonce.d.*)
 *(.rela.data .rela.data.* .rela.gnu.linkonce.d.*)
 *(.rel.tdata .rel.tdata.* .rel.gnu.linkonce.td.*)
 *(.rela.tdata .rela.tdata.* .rela.gnu.linkonce.td.*)
 *(.rel.tbss .rel.tbss.* .rel.gnu.linkonce.tb.*)
 *(.rela.tbss .rela.tbss.* .rela.gnu.linkonce.tb.*)
 *(.rel.ctors)
 *(.rela.ctors)
 *(.rel.dtors)
 *(.rela.dtors)
 *(.rel.got)
 *(.rela.got)
 *(.rel.sdata .rel.sdata.* .rel.gnu.linkonce.s.*)
 *(.rela.sdata .rela.sdata.* .rela.gnu.linkonce.s.*)
 *(.rel.sbss .rel.sbss.* .rel.gnu.linkonce.sb.*)
 *(.rela.sbss .rela.sbss.* .rela.gnu.linkonce.sb.*)
 *(.rel.sdata2 .rel.sdata2.* .rel.gnu.linkonce.s2.*)
 *(.rela.sdata2 .rela.sdata2.* .rela.gnu.linkonce.s2.*)
 *(.rel.sbss2 .rel.sbss2.* .rel.gnu.linkonce.sb2.*)
 *(.rela.sbss2 .rela.sbss2.* .rela.gnu.linkonce.sb2.*)
 *(.rel.bss .rel.bss.* .rel.gnu.linkonce.b.*)
 *(.rela.bss .rela.bss.* .rela.gnu.linkonce.b.*)
 *(.rel.plt)
 *(.rela.plt)
 *(.rel.dyn)
 *(.init)
 *(.plt)
 *(.text .stub .text.* .gnu.linkonce.t.*)
 .text          0x0080019c       0x3c ../attempt2_bsp//obj/HAL/src/crt0.o
                0x0080019c                _start
 .text          0x008001d8      0x2a4 obj/default/hello_ucosii.o
                0x008001d8                audio_data_task
                0x00800404                main
 .text          0x0080047c      0x16c /OPT/altera/12.1/nios2eds/bin/gnu/H-i686-pc-linux-gnu/bin/../lib/gcc/nios2-elf/4.1.2/../../../../nios2-elf/lib/mno-hw-mul/libm.a(lib_a-s_sin.o)
                0x0080047c                sin
 .text          0x008005e8      0x828 /OPT/altera/12.1/nios2eds/bin/gnu/H-i686-pc-linux-gnu/bin/../lib/gcc/nios2-elf/4.1.2/../../../../nios2-elf/lib/mno-hw-mul/libm.a(lib_a-e_rem_pio2.o)
                0x008005e8                __ieee754_rem_pio2
 .text          0x00800e10      0x52c /OPT/altera/12.1/nios2eds/bin/gnu/H-i686-pc-linux-gnu/bin/../lib/gcc/nios2-elf/4.1.2/../../../../nios2-elf/lib/mno-hw-mul/libm.a(lib_a-k_cos.o)
                0x00800e10                __kernel_cos
 .text          0x0080133c      0xe84 /OPT/altera/12.1/nios2eds/bin/gnu/H-i686-pc-linux-gnu/bin/../lib/gcc/nios2-elf/4.1.2/../../../../nios2-elf/lib/mno-hw-mul/libm.a(lib_a-k_rem_pio2.o)
                0x0080133c                __kernel_rem_pio2
 .text          0x008021c0      0x318 /OPT/altera/12.1/nios2eds/bin/gnu/H-i686-pc-linux-gnu/bin/../lib/gcc/nios2-elf/4.1.2/../../../../nios2-elf/lib/mno-hw-mul/libm.a(lib_a-k_sin.o)
                0x008021c0                __kernel_sin
 .text          0x008024d8       0x18 /OPT/altera/12.1/nios2eds/bin/gnu/H-i686-pc-linux-gnu/bin/../lib/gcc/nios2-elf/4.1.2/../../../../nios2-elf/lib/mno-hw-mul/libm.a(lib_a-s_fabs.o)
                0x008024d8                fabs
 .text          0x008024f0      0x224 /OPT/altera/12.1/nios2eds/bin/gnu/H-i686-pc-linux-gnu/bin/../lib/gcc/nios2-elf/4.1.2/../../../../nios2-elf/lib/mno-hw-mul/libm.a(lib_a-s_floor.o)
                0x008024f0                floor
 .text          0x00802714      0x1e0 /OPT/altera/12.1/nios2eds/bin/gnu/H-i686-pc-linux-gnu/bin/../lib/gcc/nios2-elf/4.1.2/../../../../nios2-elf/lib/mno-hw-mul/libm.a(lib_a-s_scalbn.o)
                0x00802714                scalbn
 .text          0x008028f4       0x24 /OPT/altera/12.1/nios2eds/bin/gnu/H-i686-pc-linux-gnu/bin/../lib/gcc/nios2-elf/4.1.2/../../../../nios2-elf/lib/mno-hw-mul/libm.a(lib_a-s_copysign.o)
                0x008028f4                copysign
 .text          0x00802918       0xa4 /OPT/altera/12.1/nios2eds/bin/gnu/H-i686-pc-linux-gnu/bin/../lib/gcc/nios2-elf/4.1.2/mno-hw-mul/libgcc.a(_fixunsdfsi.o)
                0x00802918                __fixunsdfsi
 .text          0x008029bc      0x504 /OPT/altera/12.1/nios2eds/bin/gnu/H-i686-pc-linux-gnu/bin/../lib/gcc/nios2-elf/4.1.2/mno-hw-mul/libgcc.a(_addsub_df.o)
                0x00802dcc                __subdf3
                0x00802e4c                __adddf3
 .text          0x00802ec0      0x3c4 /OPT/altera/12.1/nios2eds/bin/gnu/H-i686-pc-linux-gnu/bin/../lib/gcc/nios2-elf/4.1.2/mno-hw-mul/libgcc.a(_mul_df.o)
                0x00802ec0                __muldf3
 .text          0x00803284      0x258 /OPT/altera/12.1/nios2eds/bin/gnu/H-i686-pc-linux-gnu/bin/../lib/gcc/nios2-elf/4.1.2/mno-hw-mul/libgcc.a(_div_df.o)
                0x00803284                __divdf3
 .text          0x008034dc       0x88 /OPT/altera/12.1/nios2eds/bin/gnu/H-i686-pc-linux-gnu/bin/../lib/gcc/nios2-elf/4.1.2/mno-hw-mul/libgcc.a(_eq_df.o)
                0x008034dc                __eqdf2
 .text          0x00803564       0x88 /OPT/altera/12.1/nios2eds/bin/gnu/H-i686-pc-linux-gnu/bin/../lib/gcc/nios2-elf/4.1.2/mno-hw-mul/libgcc.a(_gt_df.o)
                0x00803564                __gtdf2
 .text          0x008035ec       0x88 /OPT/altera/12.1/nios2eds/bin/gnu/H-i686-pc-linux-gnu/bin/../lib/gcc/nios2-elf/4.1.2/mno-hw-mul/libgcc.a(_ge_df.o)
                0x008035ec                __gedf2
 .text          0x00803674       0xf8 /OPT/altera/12.1/nios2eds/bin/gnu/H-i686-pc-linux-gnu/bin/../lib/gcc/nios2-elf/4.1.2/mno-hw-mul/libgcc.a(_si_to_df.o)
                0x00803674                __floatsidf
 .text          0x0080376c       0xd8 /OPT/altera/12.1/nios2eds/bin/gnu/H-i686-pc-linux-gnu/bin/../lib/gcc/nios2-elf/4.1.2/mno-hw-mul/libgcc.a(_df_to_si.o)
                0x0080376c                __fixdfsi
 .text          0x00803844        0x0 /OPT/altera/12.1/nios2eds/bin/gnu/H-i686-pc-linux-gnu/bin/../lib/gcc/nios2-elf/4.1.2/mno-hw-mul/libgcc.a(_thenan_df.o)
 .text          0x00803844      0x14c /OPT/altera/12.1/nios2eds/bin/gnu/H-i686-pc-linux-gnu/bin/../lib/gcc/nios2-elf/4.1.2/mno-hw-mul/libgcc.a(lib2-divmod.o)
                0x008038c0                __divsi3
                0x00803920                __modsi3
                0x00803980                __udivsi3
                0x00803988                __umodsi3
 .text          0x00803990       0x38 /OPT/altera/12.1/nios2eds/bin/gnu/H-i686-pc-linux-gnu/bin/../lib/gcc/nios2-elf/4.1.2/mno-hw-mul/libgcc.a(lib2-mul.o)
                0x00803990                __mulsi3
 .text          0x008039c8      0x124 /OPT/altera/12.1/nios2eds/bin/gnu/H-i686-pc-linux-gnu/bin/../lib/gcc/nios2-elf/4.1.2/mno-hw-mul/libgcc.a(_muldi3.o)
                0x008039c8                __muldi3
 .text          0x00803aec       0x80 /OPT/altera/12.1/nios2eds/bin/gnu/H-i686-pc-linux-gnu/bin/../lib/gcc/nios2-elf/4.1.2/mno-hw-mul/libgcc.a(_clzsi2.o)
                0x00803aec                __clzsi2
 .text          0x00803b6c      0x314 /OPT/altera/12.1/nios2eds/bin/gnu/H-i686-pc-linux-gnu/bin/../lib/gcc/nios2-elf/4.1.2/mno-hw-mul/libgcc.a(_pack_df.o)
                0x00803b6c                __pack_d
 .text          0x00803e80      0x138 /OPT/altera/12.1/nios2eds/bin/gnu/H-i686-pc-linux-gnu/bin/../lib/gcc/nios2-elf/4.1.2/mno-hw-mul/libgcc.a(_unpack_df.o)
                0x00803e80                __unpack_d
 .text          0x00803fb8       0xc8 /OPT/altera/12.1/nios2eds/bin/gnu/H-i686-pc-linux-gnu/bin/../lib/gcc/nios2-elf/4.1.2/mno-hw-mul/libgcc.a(_fpcmp_parts_df.o)
                0x00803fb8                __fpcmp_parts_d
 .text          0x00804080        0x0 /OPT/altera/12.1/nios2eds/bin/gnu/H-i686-pc-linux-gnu/bin/../lib/gcc/nios2-elf/4.1.2/mno-hw-mul/libgcc.a(_clz.o)
 .text          0x00804080       0xb4 /OPT/altera/12.1/nios2eds/bin/gnu/H-i686-pc-linux-gnu/bin/../lib/gcc/nios2-elf/4.1.2/../../../../nios2-elf/lib/mno-hw-mul/libc.a(lib_a-puts.o)
                0x00804080                _puts_r
                0x00804120                puts
 .text          0x00804134       0x74 /OPT/altera/12.1/nios2eds/bin/gnu/H-i686-pc-linux-gnu/bin/../lib/gcc/nios2-elf/4.1.2/../../../../nios2-elf/lib/mno-hw-mul/libc.a(lib_a-strlen.o)
                0x00804134                strlen
 .text          0x008041a8      0x49c /OPT/altera/12.1/nios2eds/bin/gnu/H-i686-pc-linux-gnu/bin/../lib/gcc/nios2-elf/4.1.2/../../../../nios2-elf/lib/mno-hw-mul/libc.a(lib_a-fvwrite.o)
                0x008041a8                __sfvwrite_r
 .text          0x00804644        0x0 /OPT/altera/12.1/nios2eds/bin/gnu/H-i686-pc-linux-gnu/bin/../lib/gcc/nios2-elf/4.1.2/../../../../nios2-elf/lib/mno-hw-mul/libc.a(lib_a-impure.o)
 .text          0x00804644      0x740 /OPT/altera/12.1/nios2eds/bin/gnu/H-i686-pc-linux-gnu/bin/../lib/gcc/nios2-elf/4.1.2/../../../../nios2-elf/lib/mno-hw-mul/libc.a(lib_a-mallocr.o)
                0x00804644                _malloc_r
 .text          0x00804d84       0xe4 /OPT/altera/12.1/nios2eds/bin/gnu/H-i686-pc-linux-gnu/bin/../lib/gcc/nios2-elf/4.1.2/../../../../nios2-elf/lib/mno-hw-mul/libc.a(lib_a-memchr.o)
                0x00804d84                memchr
 .text          0x00804e68       0xa0 /OPT/altera/12.1/nios2eds/bin/gnu/H-i686-pc-linux-gnu/bin/../lib/gcc/nios2-elf/4.1.2/../../../../nios2-elf/lib/mno-hw-mul/libc.a(lib_a-memcpy.o)
                0x00804e68                memcpy
 .text          0x00804f08       0xe0 /OPT/altera/12.1/nios2eds/bin/gnu/H-i686-pc-linux-gnu/bin/../lib/gcc/nios2-elf/4.1.2/../../../../nios2-elf/lib/mno-hw-mul/libc.a(lib_a-memmove.o)
                0x00804f08                memmove
 .text          0x00804fe8      0x5f4 /OPT/altera/12.1/nios2eds/bin/gnu/H-i686-pc-linux-gnu/bin/../lib/gcc/nios2-elf/4.1.2/../../../../nios2-elf/lib/mno-hw-mul/libc.a(lib_a-reallocr.o)
                0x00804fe8                _realloc_r
 .text          0x008055dc       0x70 /OPT/altera/12.1/nios2eds/bin/gnu/H-i686-pc-linux-gnu/bin/../lib/gcc/nios2-elf/4.1.2/../../../../nios2-elf/lib/mno-hw-mul/libc.a(lib_a-sbrkr.o)
                0x008055dc                _sbrk_r
 .text          0x0080564c      0x13c /OPT/altera/12.1/nios2eds/bin/gnu/H-i686-pc-linux-gnu/bin/../lib/gcc/nios2-elf/4.1.2/../../../../nios2-elf/lib/mno-hw-mul/libc.a(lib_a-wsetup.o)
                0x0080564c                __swsetup_r
 .text          0x00805788      0x230 /OPT/altera/12.1/nios2eds/bin/gnu/H-i686-pc-linux-gnu/bin/../lib/gcc/nios2-elf/4.1.2/../../../../nios2-elf/lib/mno-hw-mul/libc.a(lib_a-fflush.o)
                0x00805788                _fflush_r
                0x00805984                fflush
 .text          0x008059b8      0x2f4 /OPT/altera/12.1/nios2eds/bin/gnu/H-i686-pc-linux-gnu/bin/../lib/gcc/nios2-elf/4.1.2/../../../../nios2-elf/lib/mno-hw-mul/libc.a(lib_a-findfp.o)
                0x00805a10                __sfp_lock_acquire
                0x00805a14                __sfp_lock_release
                0x00805a18                __sinit_lock_acquire
                0x00805a1c                __sinit_lock_release
                0x00805a20                __sinit
                0x00805ad4                __fp_unlock_all
                0x00805aec                __fp_lock_all
                0x00805b04                _cleanup_r
                0x00805b10                _cleanup
                0x00805b20                __sfmoreglue
                0x00805bbc                __sfp
 .text          0x00805cac      0x440 /OPT/altera/12.1/nios2eds/bin/gnu/H-i686-pc-linux-gnu/bin/../lib/gcc/nios2-elf/4.1.2/../../../../nios2-elf/lib/mno-hw-mul/libc.a(lib_a-freer.o)
                0x00805cac                _malloc_trim_r
                0x00805dd8                _free_r
 .text          0x008060ec      0x180 /OPT/altera/12.1/nios2eds/bin/gnu/H-i686-pc-linux-gnu/bin/../lib/gcc/nios2-elf/4.1.2/../../../../nios2-elf/lib/mno-hw-mul/libc.a(lib_a-fwalk.o)
                0x008060ec                _fwalk_reent
                0x008061b4                _fwalk
 .text          0x0080626c        0x0 /OPT/altera/12.1/nios2eds/bin/gnu/H-i686-pc-linux-gnu/bin/../lib/gcc/nios2-elf/4.1.2/../../../../nios2-elf/lib/mno-hw-mul/libc.a(lib_a-int_errno.o)
 .text          0x0080626c      0x194 /OPT/altera/12.1/nios2eds/bin/gnu/H-i686-pc-linux-gnu/bin/../lib/gcc/nios2-elf/4.1.2/../../../../nios2-elf/lib/mno-hw-mul/libc.a(lib_a-makebuf.o)
                0x0080626c                __smakebuf_r
 .text          0x00806400       0x98 /OPT/altera/12.1/nios2eds/bin/gnu/H-i686-pc-linux-gnu/bin/../lib/gcc/nios2-elf/4.1.2/../../../../nios2-elf/lib/mno-hw-mul/libc.a(lib_a-memset.o)
                0x00806400                memset
 .text          0x00806498      0x14c /OPT/altera/12.1/nios2eds/bin/gnu/H-i686-pc-linux-gnu/bin/../lib/gcc/nios2-elf/4.1.2/../../../../nios2-elf/lib/mno-hw-mul/libc.a(lib_a-stdio.o)
                0x00806498                __sclose
                0x008064a0                __sseek
                0x00806508                __swrite
                0x00806584                __sread
 .text          0x008065e4       0x78 /OPT/altera/12.1/nios2eds/bin/gnu/H-i686-pc-linux-gnu/bin/../lib/gcc/nios2-elf/4.1.2/../../../../nios2-elf/lib/mno-hw-mul/libc.a(lib_a-writer.o)
                0x008065e4                _write_r
 .text          0x0080665c       0x70 /OPT/altera/12.1/nios2eds/bin/gnu/H-i686-pc-linux-gnu/bin/../lib/gcc/nios2-elf/4.1.2/../../../../nios2-elf/lib/mno-hw-mul/libc.a(lib_a-closer.o)
                0x0080665c                _close_r
 .text          0x008066cc      0x124 /OPT/altera/12.1/nios2eds/bin/gnu/H-i686-pc-linux-gnu/bin/../lib/gcc/nios2-elf/4.1.2/../../../../nios2-elf/lib/mno-hw-mul/libc.a(lib_a-fclose.o)
                0x008066cc                _fclose_r
                0x008067dc                fclose
 .text          0x008067f0       0x74 /OPT/altera/12.1/nios2eds/bin/gnu/H-i686-pc-linux-gnu/bin/../lib/gcc/nios2-elf/4.1.2/../../../../nios2-elf/lib/mno-hw-mul/libc.a(lib_a-fstatr.o)
                0x008067f0                _fstat_r
 .text          0x00806864       0x70 /OPT/altera/12.1/nios2eds/bin/gnu/H-i686-pc-linux-gnu/bin/../lib/gcc/nios2-elf/4.1.2/../../../../nios2-elf/lib/mno-hw-mul/libc.a(lib_a-isattyr.o)
                0x00806864                _isatty_r
 .text          0x008068d4       0x78 /OPT/altera/12.1/nios2eds/bin/gnu/H-i686-pc-linux-gnu/bin/../lib/gcc/nios2-elf/4.1.2/../../../../nios2-elf/lib/mno-hw-mul/libc.a(lib_a-lseekr.o)
                0x008068d4                _lseek_r
 .text          0x0080694c       0x78 /OPT/altera/12.1/nios2eds/bin/gnu/H-i686-pc-linux-gnu/bin/../lib/gcc/nios2-elf/4.1.2/../../../../nios2-elf/lib/mno-hw-mul/libc.a(lib_a-readr.o)
                0x0080694c                _read_r
 .text          0x008069c4      0x160 ../attempt2_bsp//libucosii_bsp.a(alt_close.o)
                0x008069c4                close
 .text          0x00806b24       0x2c ../attempt2_bsp//libucosii_bsp.a(alt_dev.o)
 .text          0x00806b50        0x0 ../attempt2_bsp//libucosii_bsp.a(alt_errno.o)
 .text          0x00806b50      0x138 ../attempt2_bsp//libucosii_bsp.a(alt_fstat.o)
                0x00806b50                fstat
 .text          0x00806c88      0x124 ../attempt2_bsp//libucosii_bsp.a(alt_isatty.o)
                0x00806c88                isatty
 .text          0x00806dac       0xec ../attempt2_bsp//libucosii_bsp.a(alt_load.o)
                0x00806dac                alt_load
 .text          0x00806e98      0x154 ../attempt2_bsp//libucosii_bsp.a(alt_lseek.o)
                0x00806e98                lseek
 .text          0x00806fec       0xc8 ../attempt2_bsp//libucosii_bsp.a(alt_main.o)
                0x00806fec                alt_main
 .text          0x008070b4      0x184 ../attempt2_bsp//libucosii_bsp.a(alt_read.o)
                0x008070b4                read
 .text          0x00807238       0x78 ../attempt2_bsp//libucosii_bsp.a(alt_release_fd.o)
                0x00807238                alt_release_fd
 .text          0x008072b0       0xbc ../attempt2_bsp//libucosii_bsp.a(alt_sbrk.o)
                0x008072b0                sbrk
 .text          0x0080736c      0x184 ../attempt2_bsp//libucosii_bsp.a(alt_write.o)
                0x0080736c                write
 .text          0x008074f0      0x108 ../attempt2_bsp//libucosii_bsp.a(alt_env_lock.o)
                0x008074f0                __env_lock
                0x0080759c                __env_unlock
 .text          0x008075f8      0x1d8 ../attempt2_bsp//libucosii_bsp.a(alt_malloc_lock.o)
                0x008075f8                __malloc_lock
                0x00807700                __malloc_unlock
 .text          0x008077d0     0x2128 ../attempt2_bsp//libucosii_bsp.a(os_core.o)
                0x008077d0                OSEventNameGet
                0x00807900                OSEventNameSet
                0x00807a44                OSEventPendMulti
                0x008080f8                OSInit
                0x0080814c                OSIntEnter
                0x008081c8                OSIntExit
                0x008082c8                OSSchedLock
                0x00808354                OSSchedUnlock
                0x00808438                OSStart
                0x008084a8                OSStatInit
                0x00808554                OSTimeTick
                0x00808794                OSVersion
                0x008087b4                OS_Dummy
                0x008087d0                OS_EventTaskRdy
                0x00808964                OS_EventTaskWait
                0x00808a74                OS_EventTaskWaitMulti
                0x00808bc8                OS_EventTaskRemove
                0x00808c80                OS_EventTaskRemoveMulti
                0x00808d84                OS_EventWaitListInit
                0x00809150                OS_MemClr
                0x008091a4                OS_MemCopy
                0x00809210                OS_Sched
                0x00809354                OS_StrCopy
                0x008093d4                OS_StrLen
                0x0080942c                OS_TaskIdle
                0x00809488                OS_TaskStat
                0x00809550                OS_TaskStatStkChk
                0x00809618                OS_TCBInit
 .text          0x008098f8      0x18c ../attempt2_bsp//libucosii_bsp.a(os_dbg.o)
                0x008098f8                OSDebugInit
 .text          0x00809a84     0x193c ../attempt2_bsp//libucosii_bsp.a(os_flag.o)
                0x00809a84                OSFlagAccept
                0x00809db8                OSFlagCreate
                0x00809ef4                OSFlagDel
                0x0080a19c                OSFlagNameGet
                0x0080a2e0                OSFlagNameSet
                0x0080a434                OSFlagPend
                0x0080aa78                OSFlagPendGetFlagsRdy
                0x0080aae0                OSFlagPost
                0x0080ae88                OSFlagQuery
                0x0080b120                OS_FlagInit
                0x0080b314                OS_FlagUnlink
 .text          0x0080b3c0      0x80c ../attempt2_bsp//libucosii_bsp.a(os_mem.o)
                0x0080b3c0                OSMemCreate
                0x0080b5dc                OSMemGet
                0x0080b6e0                OSMemNameGet
                0x0080b7ec                OSMemNameSet
                0x0080b90c                OSMemPut
                0x0080b9fc                OSMemQuery
                0x0080baf8                OS_MemInit
 .text          0x0080bbcc     0x1334 ../attempt2_bsp//libucosii_bsp.a(os_q.o)
                0x0080bbcc                OSQAccept
                0x0080bd20                OSQCreate
                0x0080bf34                OSQDel
                0x0080c234                OSQFlush
                0x0080c2fc                OSQPend
                0x0080c61c                OSQPendAbort
                0x0080c798                OSQPost
                0x0080c918                OSQPostFront
                0x0080caa0                OSQPostOpt
                0x0080ccd4                OSQQuery
                0x0080ce54                OS_QInit
 .text          0x0080cf00      0xbc8 ../attempt2_bsp//libucosii_bsp.a(os_sem.o)
                0x0080cf00                OSSemAccept
                0x0080cfc0                OSSemCreate
                0x0080d0d4                OSSemDel
                0x0080d374                OSSemPend
                0x0080d5f0                OSSemPendAbort
                0x0080d76c                OSSemPost
                0x0080d894                OSSemQuery
                0x0080d9c4                OSSemSet
 .text          0x0080dac8     0x1a40 ../attempt2_bsp//libucosii_bsp.a(os_task.o)
                0x0080dac8                OSTaskChangePrio
                0x0080e03c                OSTaskCreate
                0x0080e210                OSTaskCreateExt
                0x0080e410                OSTaskDel
                0x0080e81c                OSTaskDelReq
                0x0080e98c                OSTaskNameGet
                0x0080eb44                OSTaskNameSet
                0x0080ed08                OSTaskResume
                0x0080ef20                OSTaskStkChk
                0x0080f11c                OSTaskSuspend
                0x0080f348                OSTaskQuery
                0x0080f48c                OS_TaskStkClr
 .text          0x0080f508      0x5b4 ../attempt2_bsp//libucosii_bsp.a(os_time.o)
                0x0080f508                OSTimeDly
                0x0080f654                OSTimeDlyHMSM
                0x0080f7e4                OSTimeDlyResume
                0x0080f9f4                OSTimeGet
                0x0080fa58                OSTimeSet
 .text          0x0080fabc       0xf8 ../attempt2_bsp//libucosii_bsp.a(alt_sys_init.o)
                0x0080fabc                alt_irq_init
                0x0080faf0                alt_sys_init
 .text          0x0080fbb4      0x148 ../attempt2_bsp//libucosii_bsp.a(altera_avalon_jtag_uart_fd.o)
                0x0080fbb4                altera_avalon_jtag_uart_read_fd
                0x0080fc0c                altera_avalon_jtag_uart_write_fd
                0x0080fc64                altera_avalon_jtag_uart_close_fd
                0x0080fcac                altera_avalon_jtag_uart_ioctl_fd
 .text          0x0080fcfc      0x584 ../attempt2_bsp//libucosii_bsp.a(altera_avalon_jtag_uart_init.o)
                0x0080fcfc                altera_avalon_jtag_uart_init
                0x0081020c                altera_avalon_jtag_uart_close
 .text          0x00810280       0xf4 ../attempt2_bsp//libucosii_bsp.a(altera_avalon_jtag_uart_ioctl.o)
                0x00810280                altera_avalon_jtag_uart_ioctl
 .text          0x00810374      0x2c0 ../attempt2_bsp//libucosii_bsp.a(altera_avalon_jtag_uart_read.o)
                0x00810374                altera_avalon_jtag_uart_read
 .text          0x00810634      0x2dc ../attempt2_bsp//libucosii_bsp.a(altera_avalon_jtag_uart_write.o)
                0x00810634                altera_avalon_jtag_uart_write
 .text          0x00810910      0x100 ../attempt2_bsp//libucosii_bsp.a(altera_avalon_timer_sc.o)
                0x00810980                alt_avalon_timer_sc_init
 .text          0x00810a10      0x80c ../attempt2_bsp//libucosii_bsp.a(altera_up_avalon_audio.o)
                0x00810a10                alt_up_audio_open_dev
                0x00810a50                alt_up_audio_enable_read_interrupt
                0x00810a9c                alt_up_audio_disable_read_interrupt
                0x00810aec                alt_up_audio_enable_write_interrupt
                0x00810b38                alt_up_audio_disable_write_interrupt
                0x00810b88                alt_up_audio_read_interrupt_pending
                0x00810bc4                alt_up_audio_write_interrupt_pending
                0x00810c00                alt_up_audio_reset_audio_core
                0x00810c88                alt_up_audio_read_fifo_avail
                0x00810cf8                alt_up_audio_record_r
                0x00810d68                alt_up_audio_record_l
                0x00810dd8                alt_up_audio_write_fifo_space
                0x00810e4c                alt_up_audio_play_r
                0x00810ebc                alt_up_audio_play_l
                0x00810f2c                alt_up_audio_read_fifo
                0x00811030                alt_up_audio_write_fifo
                0x0081115c                alt_up_audio_read_fifo_head
                0x008111bc                alt_up_audio_write_fifo_head
 .text          0x0081121c      0x788 ../attempt2_bsp//libucosii_bsp.a(altera_up_avalon_audio_and_video_config.o)
                0x0081121c                alt_up_av_config_open_dev
                0x00811280                alt_up_av_config_write_data
                0x008112e4                alt_up_av_config_read_data
                0x00811370                alt_up_av_config_reset
                0x008113a8                alt_up_av_config_enable_interrupt
                0x008113e0                alt_up_av_config_disable_interrupt
                0x00811410                alt_up_av_config_read_acknowledge
                0x00811478                alt_up_av_config_read_ready
                0x008114b0                alt_up_av_config_write_audio_cfg_register
                0x0081155c                alt_up_av_config_read_video_cfg_register
                0x00811654                alt_up_av_config_write_video_cfg_register
                0x0081174c                alt_up_av_config_read_DC2_cfg_register
                0x008117b0                alt_up_av_config_write_DC2_cfg_register
                0x00811814                alt_up_av_config_read_D5M_cfg_register
                0x00811878                alt_up_av_config_write_D5M_cfg_register
                0x008118dc                alt_up_av_config_read_LTM_cfg_register
                0x00811940                alt_up_av_config_write_LTM_cfg_register
 .text          0x008119a4      0x530 ../attempt2_bsp//libucosii_bsp.a(altera_up_avalon_character_lcd.o)
                0x008119a4                get_DDRAM_addr
                0x00811a20                alt_up_character_lcd_send_cmd
                0x00811a54                alt_up_character_lcd_init
                0x00811a88                alt_up_character_lcd_open_dev
                0x00811ac8                alt_up_character_lcd_write
                0x00811b40                alt_up_character_lcd_string
                0x00811bb8                alt_up_character_lcd_write_fd
                0x00811c04                alt_up_character_lcd_set_cursor_pos
                0x00811c7c                alt_up_character_lcd_shift_cursor
                0x00811d2c                alt_up_character_lcd_shift_display
                0x00811ddc                alt_up_character_lcd_erase_pos
                0x00811e6c                alt_up_character_lcd_cursor_off
                0x00811ea0                alt_up_character_lcd_cursor_blink_on
 .text          0x00811ed4      0x154 ../attempt2_bsp//libucosii_bsp.a(alt_alarm_start.o)
                0x00811ed4                alt_alarm_start
 .text          0x00812028       0x1c ../attempt2_bsp//libucosii_bsp.a(alt_dcache_flush_all.o)
                0x00812028                alt_dcache_flush_all
 .text          0x00812044      0x114 ../attempt2_bsp//libucosii_bsp.a(alt_dev_llist_insert.o)
                0x00812044                alt_dev_llist_insert
 .text          0x00812158       0x64 ../attempt2_bsp//libucosii_bsp.a(alt_do_ctors.o)
                0x00812158                _do_ctors
 .text          0x008121bc       0x64 ../attempt2_bsp//libucosii_bsp.a(alt_do_dtors.o)
                0x008121bc                _do_dtors
 .text          0x00812220       0x94 ../attempt2_bsp//libucosii_bsp.a(alt_find_dev.o)
                0x00812220                alt_find_dev
 .text          0x008122b4       0x1c ../attempt2_bsp//libucosii_bsp.a(alt_icache_flush_all.o)
                0x008122b4                alt_icache_flush_all
 .text          0x008122d0      0x1d4 ../attempt2_bsp//libucosii_bsp.a(alt_iic.o)
                0x008122d0                alt_ic_isr_register
                0x00812320                alt_ic_irq_enable
                0x008123bc                alt_ic_irq_disable
                0x0081245c                alt_ic_irq_enabled
 .text          0x008124a4       0xf8 ../attempt2_bsp//libucosii_bsp.a(alt_iic_isr_register.o)
                0x008124a4                alt_iic_isr_register
 .text          0x0081259c      0x150 ../attempt2_bsp//libucosii_bsp.a(alt_io_redirect.o)
                0x00812674                alt_io_redirect
 .text          0x008126ec        0x0 ../attempt2_bsp//libucosii_bsp.a(alt_irq_entry.o)
 .text          0x008126ec        0x0 ../attempt2_bsp//libucosii_bsp.a(alt_irq_handler.o)
 .text          0x008126ec        0x0 ../attempt2_bsp//libucosii_bsp.a(alt_irq_vars.o)
 .text          0x008126ec      0x2e4 ../attempt2_bsp//libucosii_bsp.a(alt_open.o)
                0x008127e4                open
 .text          0x008129d0      0x1a8 ../attempt2_bsp//libucosii_bsp.a(alt_tick.o)
                0x008129d0                alt_alarm_stop
                0x00812a68                alt_tick
 .text          0x00812b78       0x20 ../attempt2_bsp//libucosii_bsp.a(altera_nios2_qsys_irq.o)
                0x00812b78                altera_nios2_qsys_irq_init
 .text          0x00812b98       0xd0 ../attempt2_bsp//libucosii_bsp.a(os_cpu_a.o)
                0x00812b98                OSCtxSw
                0x00812b98                OSIntCtxSw
                0x00812c24                OSStartHighRdy
                0x00812c44                OSStartTsk
 .text          0x00812c68      0x418 ../attempt2_bsp//libucosii_bsp.a(os_cpu_c.o)
                0x00812c68                OSTaskStkInit
                0x00812f78                OSTaskCreateHook
                0x00812f98                OSTaskDelHook
                0x00812fb8                OSTaskSwHook
                0x00812fd4                OSTaskStatHook
                0x00812ff0                OSTimeTickHook
                0x0081300c                OSInitHookBegin
                0x00813028                OSInitHookEnd
                0x00813044                OSTaskIdleHook
                0x00813060                OSTCBInitHook
 .text          0x00813080        0x0 ../attempt2_bsp//libucosii_bsp.a(alt_exception_entry.o)
 .text          0x00813080      0x120 ../attempt2_bsp//libucosii_bsp.a(alt_find_file.o)
                0x00813080                alt_find_file
 .text          0x008131a0      0x104 ../attempt2_bsp//libucosii_bsp.a(alt_get_fd.o)
                0x008131a0                alt_get_fd
 .text          0x008132a4       0x14 /OPT/altera/12.1/nios2eds/bin/gnu/H-i686-pc-linux-gnu/bin/../lib/gcc/nios2-elf/4.1.2/../../../../nios2-elf/lib/mno-hw-mul/libc.a(lib_a-atexit.o)
                0x008132a4                atexit
 .text          0x008132b8       0x38 /OPT/altera/12.1/nios2eds/bin/gnu/H-i686-pc-linux-gnu/bin/../lib/gcc/nios2-elf/4.1.2/../../../../nios2-elf/lib/mno-hw-mul/libc.a(lib_a-exit.o)
                0x008132b8                exit
 .text          0x008132f0       0x74 /OPT/altera/12.1/nios2eds/bin/gnu/H-i686-pc-linux-gnu/bin/../lib/gcc/nios2-elf/4.1.2/../../../../nios2-elf/lib/mno-hw-mul/libc.a(lib_a-memcmp.o)
                0x008132f0                memcmp
 .text          0x00813364      0x134 /OPT/altera/12.1/nios2eds/bin/gnu/H-i686-pc-linux-gnu/bin/../lib/gcc/nios2-elf/4.1.2/../../../../nios2-elf/lib/mno-hw-mul/libc.a(lib_a-__atexit.o)
                0x00813364                __register_exitproc
 .text          0x00813498      0x1b4 /OPT/altera/12.1/nios2eds/bin/gnu/H-i686-pc-linux-gnu/bin/../lib/gcc/nios2-elf/4.1.2/../../../../nios2-elf/lib/mno-hw-mul/libc.a(lib_a-__call_atexit.o)
                0x0081349c                __call_exitprocs
 .text          0x0081364c       0x6c ../attempt2_bsp//libucosii_bsp.a(alt_exit.o)
                0x0081368c                _exit
 *(.gnu.warning.*)
 *(.fini)
                0x008136b8                PROVIDE (__etext, ABSOLUTE (.))
                0x008136b8                PROVIDE (_etext, ABSOLUTE (.))
                0x008136b8                PROVIDE (etext, ABSOLUTE (.))
 *(.eh_frame_hdr)
                0x008136b8                . = ALIGN (0x4)
                0x008136b8                PROVIDE (__preinit_array_start, ABSOLUTE (.))
 *(.preinit_array)
                0x008136b8                PROVIDE (__preinit_array_end, ABSOLUTE (.))
                0x008136b8                PROVIDE (__init_array_start, ABSOLUTE (.))
 *(.init_array)
                0x008136b8                PROVIDE (__init_array_end, ABSOLUTE (.))
                0x008136b8                PROVIDE (__fini_array_start, ABSOLUTE (.))
 *(.fini_array)
                0x008136b8                PROVIDE (__fini_array_end, ABSOLUTE (.))
 *(.eh_frame)
 *(.gcc_except_table)
 *(.dynamic)
                0x008136b8                PROVIDE (__CTOR_LIST__, ABSOLUTE (.))
 *(.ctors)
 *(SORT(.ctors.*))
 .ctors.65535   0x008136b8        0x4 /OPT/altera/12.1/nios2eds/bin/gnu/H-i686-pc-linux-gnu/bin/../lib/gcc/nios2-elf/4.1.2/../../../../nios2-elf/lib/mno-hw-mul/libc.a(lib_a-__call_atexit.o)
                0x008136bc                PROVIDE (__CTOR_END__, ABSOLUTE (.))
                0x008136bc                PROVIDE (__DTOR_LIST__, ABSOLUTE (.))
 *(.dtors)
 *(SORT(.dtors.*))
                0x008136bc                PROVIDE (__DTOR_END__, ABSOLUTE (.))
 *(.jcr)
                0x008136bc                . = ALIGN (0x4)

.rodata         0x008136bc      0x548
                0x008136bc                PROVIDE (__ram_rodata_start, ABSOLUTE (.))
                0x008136bc                . = ALIGN (0x4)
 *(.rodata .rodata.* .gnu.linkonce.r.*)
 .rodata        0x008136bc       0xb4 obj/default/hello_ucosii.o
 .rodata        0x00813770      0x188 /OPT/altera/12.1/nios2eds/bin/gnu/H-i686-pc-linux-gnu/bin/../lib/gcc/nios2-elf/4.1.2/../../../../nios2-elf/lib/mno-hw-mul/libm.a(lib_a-e_rem_pio2.o)
 .rodata        0x008138f8       0x50 /OPT/altera/12.1/nios2eds/bin/gnu/H-i686-pc-linux-gnu/bin/../lib/gcc/nios2-elf/4.1.2/../../../../nios2-elf/lib/mno-hw-mul/libm.a(lib_a-k_rem_pio2.o)
 .rodata        0x00813948       0x14 /OPT/altera/12.1/nios2eds/bin/gnu/H-i686-pc-linux-gnu/bin/../lib/gcc/nios2-elf/4.1.2/mno-hw-mul/libgcc.a(_thenan_df.o)
                0x00813948                __thenan_df
 .rodata        0x0081395c      0x100 /OPT/altera/12.1/nios2eds/bin/gnu/H-i686-pc-linux-gnu/bin/../lib/gcc/nios2-elf/4.1.2/mno-hw-mul/libgcc.a(_clz.o)
                0x0081395c                __clz_tab
 .rodata.str1.4
                0x00813a5c        0x2 /OPT/altera/12.1/nios2eds/bin/gnu/H-i686-pc-linux-gnu/bin/../lib/gcc/nios2-elf/4.1.2/../../../../nios2-elf/lib/mno-hw-mul/libc.a(lib_a-puts.o)
                                  0x4 (size before relaxing)
 *fill*         0x00813a5e        0x2 00
 .rodata.str1.4
                0x00813a60        0x4 /OPT/altera/12.1/nios2eds/bin/gnu/H-i686-pc-linux-gnu/bin/../lib/gcc/nios2-elf/4.1.2/../../../../nios2-elf/lib/mno-hw-mul/libc.a(lib_a-impure.o)
 .rodata        0x00813a64        0xc ../attempt2_bsp//libucosii_bsp.a(alt_dev.o)
 .rodata        0x00813a70       0x14 ../attempt2_bsp//libucosii_bsp.a(alt_main.o)
 .rodata        0x00813a84      0x120 ../attempt2_bsp//libucosii_bsp.a(os_core.o)
                0x00813a84                OSUnMapTbl
 .rodata        0x00813ba4       0x5c ../attempt2_bsp//libucosii_bsp.a(alt_sys_init.o)
 .rodata        0x00813c00        0x4 ../attempt2_bsp//libucosii_bsp.a(os_cpu_c.o)
 *(.rodata1)
                0x00813c04                . = ALIGN (0x4)
                0x00813c04                PROVIDE (__ram_rodata_end, ABSOLUTE (.))
                0x008136bc                PROVIDE (__flash_rodata_start, LOADADDR (.rodata))

.rwdata         0x00813c04     0x1b5c load address 0x00815760
                0x00813c04                PROVIDE (__ram_rwdata_start, ABSOLUTE (.))
                0x00813c04                . = ALIGN (0x4)
 *(.got.plt)
 *(.got)
 *(.data1)
 *(.data .data.* .gnu.linkonce.d.*)
 .data          0x00813c04        0x0 ../attempt2_bsp//obj/HAL/src/crt0.o
 .data          0x00813c04        0x0 obj/default/hello_ucosii.o
 .data          0x00813c04        0x0 /OPT/altera/12.1/nios2eds/bin/gnu/H-i686-pc-linux-gnu/bin/../lib/gcc/nios2-elf/4.1.2/../../../../nios2-elf/lib/mno-hw-mul/libm.a(lib_a-s_sin.o)
 .data          0x00813c04        0x0 /OPT/altera/12.1/nios2eds/bin/gnu/H-i686-pc-linux-gnu/bin/../lib/gcc/nios2-elf/4.1.2/../../../../nios2-elf/lib/mno-hw-mul/libm.a(lib_a-e_rem_pio2.o)
 .data          0x00813c04        0x0 /OPT/altera/12.1/nios2eds/bin/gnu/H-i686-pc-linux-gnu/bin/../lib/gcc/nios2-elf/4.1.2/../../../../nios2-elf/lib/mno-hw-mul/libm.a(lib_a-k_cos.o)
 .data          0x00813c04        0x0 /OPT/altera/12.1/nios2eds/bin/gnu/H-i686-pc-linux-gnu/bin/../lib/gcc/nios2-elf/4.1.2/../../../../nios2-elf/lib/mno-hw-mul/libm.a(lib_a-k_rem_pio2.o)
 .data          0x00813c04        0x0 /OPT/altera/12.1/nios2eds/bin/gnu/H-i686-pc-linux-gnu/bin/../lib/gcc/nios2-elf/4.1.2/../../../../nios2-elf/lib/mno-hw-mul/libm.a(lib_a-k_sin.o)
 .data          0x00813c04        0x0 /OPT/altera/12.1/nios2eds/bin/gnu/H-i686-pc-linux-gnu/bin/../lib/gcc/nios2-elf/4.1.2/../../../../nios2-elf/lib/mno-hw-mul/libm.a(lib_a-s_fabs.o)
 .data          0x00813c04        0x0 /OPT/altera/12.1/nios2eds/bin/gnu/H-i686-pc-linux-gnu/bin/../lib/gcc/nios2-elf/4.1.2/../../../../nios2-elf/lib/mno-hw-mul/libm.a(lib_a-s_floor.o)
 .data          0x00813c04        0x0 /OPT/altera/12.1/nios2eds/bin/gnu/H-i686-pc-linux-gnu/bin/../lib/gcc/nios2-elf/4.1.2/../../../../nios2-elf/lib/mno-hw-mul/libm.a(lib_a-s_scalbn.o)
 .data          0x00813c04        0x0 /OPT/altera/12.1/nios2eds/bin/gnu/H-i686-pc-linux-gnu/bin/../lib/gcc/nios2-elf/4.1.2/../../../../nios2-elf/lib/mno-hw-mul/libm.a(lib_a-s_copysign.o)
 .data          0x00813c04        0x0 /OPT/altera/12.1/nios2eds/bin/gnu/H-i686-pc-linux-gnu/bin/../lib/gcc/nios2-elf/4.1.2/mno-hw-mul/libgcc.a(_fixunsdfsi.o)
 .data          0x00813c04        0x0 /OPT/altera/12.1/nios2eds/bin/gnu/H-i686-pc-linux-gnu/bin/../lib/gcc/nios2-elf/4.1.2/mno-hw-mul/libgcc.a(_addsub_df.o)
 .data          0x00813c04        0x0 /OPT/altera/12.1/nios2eds/bin/gnu/H-i686-pc-linux-gnu/bin/../lib/gcc/nios2-elf/4.1.2/mno-hw-mul/libgcc.a(_mul_df.o)
 .data          0x00813c04        0x0 /OPT/altera/12.1/nios2eds/bin/gnu/H-i686-pc-linux-gnu/bin/../lib/gcc/nios2-elf/4.1.2/mno-hw-mul/libgcc.a(_div_df.o)
 .data          0x00813c04        0x0 /OPT/altera/12.1/nios2eds/bin/gnu/H-i686-pc-linux-gnu/bin/../lib/gcc/nios2-elf/4.1.2/mno-hw-mul/libgcc.a(_eq_df.o)
 .data          0x00813c04        0x0 /OPT/altera/12.1/nios2eds/bin/gnu/H-i686-pc-linux-gnu/bin/../lib/gcc/nios2-elf/4.1.2/mno-hw-mul/libgcc.a(_gt_df.o)
 .data          0x00813c04        0x0 /OPT/altera/12.1/nios2eds/bin/gnu/H-i686-pc-linux-gnu/bin/../lib/gcc/nios2-elf/4.1.2/mno-hw-mul/libgcc.a(_ge_df.o)
 .data          0x00813c04        0x0 /OPT/altera/12.1/nios2eds/bin/gnu/H-i686-pc-linux-gnu/bin/../lib/gcc/nios2-elf/4.1.2/mno-hw-mul/libgcc.a(_si_to_df.o)
 .data          0x00813c04        0x0 /OPT/altera/12.1/nios2eds/bin/gnu/H-i686-pc-linux-gnu/bin/../lib/gcc/nios2-elf/4.1.2/mno-hw-mul/libgcc.a(_df_to_si.o)
 .data          0x00813c04        0x0 /OPT/altera/12.1/nios2eds/bin/gnu/H-i686-pc-linux-gnu/bin/../lib/gcc/nios2-elf/4.1.2/mno-hw-mul/libgcc.a(_thenan_df.o)
 .data          0x00813c04        0x0 /OPT/altera/12.1/nios2eds/bin/gnu/H-i686-pc-linux-gnu/bin/../lib/gcc/nios2-elf/4.1.2/mno-hw-mul/libgcc.a(lib2-divmod.o)
 .data          0x00813c04        0x0 /OPT/altera/12.1/nios2eds/bin/gnu/H-i686-pc-linux-gnu/bin/../lib/gcc/nios2-elf/4.1.2/mno-hw-mul/libgcc.a(lib2-mul.o)
 .data          0x00813c04        0x0 /OPT/altera/12.1/nios2eds/bin/gnu/H-i686-pc-linux-gnu/bin/../lib/gcc/nios2-elf/4.1.2/mno-hw-mul/libgcc.a(_muldi3.o)
 .data          0x00813c04        0x0 /OPT/altera/12.1/nios2eds/bin/gnu/H-i686-pc-linux-gnu/bin/../lib/gcc/nios2-elf/4.1.2/mno-hw-mul/libgcc.a(_clzsi2.o)
 .data          0x00813c04        0x0 /OPT/altera/12.1/nios2eds/bin/gnu/H-i686-pc-linux-gnu/bin/../lib/gcc/nios2-elf/4.1.2/mno-hw-mul/libgcc.a(_pack_df.o)
 .data          0x00813c04        0x0 /OPT/altera/12.1/nios2eds/bin/gnu/H-i686-pc-linux-gnu/bin/../lib/gcc/nios2-elf/4.1.2/mno-hw-mul/libgcc.a(_unpack_df.o)
 .data          0x00813c04        0x0 /OPT/altera/12.1/nios2eds/bin/gnu/H-i686-pc-linux-gnu/bin/../lib/gcc/nios2-elf/4.1.2/mno-hw-mul/libgcc.a(_fpcmp_parts_df.o)
 .data          0x00813c04        0x0 /OPT/altera/12.1/nios2eds/bin/gnu/H-i686-pc-linux-gnu/bin/../lib/gcc/nios2-elf/4.1.2/mno-hw-mul/libgcc.a(_clz.o)
 .data          0x00813c04        0x0 /OPT/altera/12.1/nios2eds/bin/gnu/H-i686-pc-linux-gnu/bin/../lib/gcc/nios2-elf/4.1.2/../../../../nios2-elf/lib/mno-hw-mul/libc.a(lib_a-puts.o)
 .data          0x00813c04        0x0 /OPT/altera/12.1/nios2eds/bin/gnu/H-i686-pc-linux-gnu/bin/../lib/gcc/nios2-elf/4.1.2/../../../../nios2-elf/lib/mno-hw-mul/libc.a(lib_a-strlen.o)
 .data          0x00813c04        0x0 /OPT/altera/12.1/nios2eds/bin/gnu/H-i686-pc-linux-gnu/bin/../lib/gcc/nios2-elf/4.1.2/../../../../nios2-elf/lib/mno-hw-mul/libc.a(lib_a-fvwrite.o)
 .data          0x00813c04      0x400 /OPT/altera/12.1/nios2eds/bin/gnu/H-i686-pc-linux-gnu/bin/../lib/gcc/nios2-elf/4.1.2/../../../../nios2-elf/lib/mno-hw-mul/libc.a(lib_a-impure.o)
 .data          0x00814004      0x408 /OPT/altera/12.1/nios2eds/bin/gnu/H-i686-pc-linux-gnu/bin/../lib/gcc/nios2-elf/4.1.2/../../../../nios2-elf/lib/mno-hw-mul/libc.a(lib_a-mallocr.o)
                0x00814004                __malloc_av_
 .data          0x0081440c        0x0 /OPT/altera/12.1/nios2eds/bin/gnu/H-i686-pc-linux-gnu/bin/../lib/gcc/nios2-elf/4.1.2/../../../../nios2-elf/lib/mno-hw-mul/libc.a(lib_a-memchr.o)
 .data          0x0081440c        0x0 /OPT/altera/12.1/nios2eds/bin/gnu/H-i686-pc-linux-gnu/bin/../lib/gcc/nios2-elf/4.1.2/../../../../nios2-elf/lib/mno-hw-mul/libc.a(lib_a-memcpy.o)
 .data          0x0081440c        0x0 /OPT/altera/12.1/nios2eds/bin/gnu/H-i686-pc-linux-gnu/bin/../lib/gcc/nios2-elf/4.1.2/../../../../nios2-elf/lib/mno-hw-mul/libc.a(lib_a-memmove.o)
 .data          0x0081440c        0x0 /OPT/altera/12.1/nios2eds/bin/gnu/H-i686-pc-linux-gnu/bin/../lib/gcc/nios2-elf/4.1.2/../../../../nios2-elf/lib/mno-hw-mul/libc.a(lib_a-reallocr.o)
 .data          0x0081440c        0x0 /OPT/altera/12.1/nios2eds/bin/gnu/H-i686-pc-linux-gnu/bin/../lib/gcc/nios2-elf/4.1.2/../../../../nios2-elf/lib/mno-hw-mul/libc.a(lib_a-sbrkr.o)
 .data          0x0081440c        0x0 /OPT/altera/12.1/nios2eds/bin/gnu/H-i686-pc-linux-gnu/bin/../lib/gcc/nios2-elf/4.1.2/../../../../nios2-elf/lib/mno-hw-mul/libc.a(lib_a-wsetup.o)
 .data          0x0081440c        0x0 /OPT/altera/12.1/nios2eds/bin/gnu/H-i686-pc-linux-gnu/bin/../lib/gcc/nios2-elf/4.1.2/../../../../nios2-elf/lib/mno-hw-mul/libc.a(lib_a-fflush.o)
 .data          0x0081440c        0x0 /OPT/altera/12.1/nios2eds/bin/gnu/H-i686-pc-linux-gnu/bin/../lib/gcc/nios2-elf/4.1.2/../../../../nios2-elf/lib/mno-hw-mul/libc.a(lib_a-findfp.o)
 .data          0x0081440c        0x0 /OPT/altera/12.1/nios2eds/bin/gnu/H-i686-pc-linux-gnu/bin/../lib/gcc/nios2-elf/4.1.2/../../../../nios2-elf/lib/mno-hw-mul/libc.a(lib_a-freer.o)
 .data          0x0081440c        0x0 /OPT/altera/12.1/nios2eds/bin/gnu/H-i686-pc-linux-gnu/bin/../lib/gcc/nios2-elf/4.1.2/../../../../nios2-elf/lib/mno-hw-mul/libc.a(lib_a-fwalk.o)
 .data          0x0081440c        0x0 /OPT/altera/12.1/nios2eds/bin/gnu/H-i686-pc-linux-gnu/bin/../lib/gcc/nios2-elf/4.1.2/../../../../nios2-elf/lib/mno-hw-mul/libc.a(lib_a-int_errno.o)
 .data          0x0081440c        0x0 /OPT/altera/12.1/nios2eds/bin/gnu/H-i686-pc-linux-gnu/bin/../lib/gcc/nios2-elf/4.1.2/../../../../nios2-elf/lib/mno-hw-mul/libc.a(lib_a-makebuf.o)
 .data          0x0081440c        0x0 /OPT/altera/12.1/nios2eds/bin/gnu/H-i686-pc-linux-gnu/bin/../lib/gcc/nios2-elf/4.1.2/../../../../nios2-elf/lib/mno-hw-mul/libc.a(lib_a-memset.o)
 .data          0x0081440c        0x0 /OPT/altera/12.1/nios2eds/bin/gnu/H-i686-pc-linux-gnu/bin/../lib/gcc/nios2-elf/4.1.2/../../../../nios2-elf/lib/mno-hw-mul/libc.a(lib_a-stdio.o)
 .data          0x0081440c        0x0 /OPT/altera/12.1/nios2eds/bin/gnu/H-i686-pc-linux-gnu/bin/../lib/gcc/nios2-elf/4.1.2/../../../../nios2-elf/lib/mno-hw-mul/libc.a(lib_a-writer.o)
 .data          0x0081440c        0x0 /OPT/altera/12.1/nios2eds/bin/gnu/H-i686-pc-linux-gnu/bin/../lib/gcc/nios2-elf/4.1.2/../../../../nios2-elf/lib/mno-hw-mul/libc.a(lib_a-closer.o)
 .data          0x0081440c        0x0 /OPT/altera/12.1/nios2eds/bin/gnu/H-i686-pc-linux-gnu/bin/../lib/gcc/nios2-elf/4.1.2/../../../../nios2-elf/lib/mno-hw-mul/libc.a(lib_a-fclose.o)
 .data          0x0081440c        0x0 /OPT/altera/12.1/nios2eds/bin/gnu/H-i686-pc-linux-gnu/bin/../lib/gcc/nios2-elf/4.1.2/../../../../nios2-elf/lib/mno-hw-mul/libc.a(lib_a-fstatr.o)
 .data          0x0081440c        0x0 /OPT/altera/12.1/nios2eds/bin/gnu/H-i686-pc-linux-gnu/bin/../lib/gcc/nios2-elf/4.1.2/../../../../nios2-elf/lib/mno-hw-mul/libc.a(lib_a-isattyr.o)
 .data          0x0081440c        0x0 /OPT/altera/12.1/nios2eds/bin/gnu/H-i686-pc-linux-gnu/bin/../lib/gcc/nios2-elf/4.1.2/../../../../nios2-elf/lib/mno-hw-mul/libc.a(lib_a-lseekr.o)
 .data          0x0081440c        0x0 /OPT/altera/12.1/nios2eds/bin/gnu/H-i686-pc-linux-gnu/bin/../lib/gcc/nios2-elf/4.1.2/../../../../nios2-elf/lib/mno-hw-mul/libc.a(lib_a-readr.o)
 .data          0x0081440c        0x0 ../attempt2_bsp//libucosii_bsp.a(alt_close.o)
 .data          0x0081440c      0x1a8 ../attempt2_bsp//libucosii_bsp.a(alt_dev.o)
                0x0081440c                alt_dev_null
                0x00814434                alt_fd_list
 .data          0x008145b4        0x0 ../attempt2_bsp//libucosii_bsp.a(alt_errno.o)
 .data          0x008145b4        0x0 ../attempt2_bsp//libucosii_bsp.a(alt_fstat.o)
 .data          0x008145b4        0x0 ../attempt2_bsp//libucosii_bsp.a(alt_isatty.o)
 .data          0x008145b4        0x0 ../attempt2_bsp//libucosii_bsp.a(alt_load.o)
 .data          0x008145b4        0x0 ../attempt2_bsp//libucosii_bsp.a(alt_lseek.o)
 .data          0x008145b4        0x0 ../attempt2_bsp//libucosii_bsp.a(alt_main.o)
 .data          0x008145b4        0x0 ../attempt2_bsp//libucosii_bsp.a(alt_read.o)
 .data          0x008145b4        0x0 ../attempt2_bsp//libucosii_bsp.a(alt_release_fd.o)
 .data          0x008145b4        0x0 ../attempt2_bsp//libucosii_bsp.a(alt_sbrk.o)
 .data          0x008145b4        0x0 ../attempt2_bsp//libucosii_bsp.a(alt_write.o)
 .data          0x008145b4        0x0 ../attempt2_bsp//libucosii_bsp.a(alt_env_lock.o)
 .data          0x008145b4        0x0 ../attempt2_bsp//libucosii_bsp.a(alt_malloc_lock.o)
 .data          0x008145b4        0x0 ../attempt2_bsp//libucosii_bsp.a(os_core.o)
 .data          0x008145b4        0x0 ../attempt2_bsp//libucosii_bsp.a(os_dbg.o)
 .data          0x008145b4        0x0 ../attempt2_bsp//libucosii_bsp.a(os_flag.o)
 .data          0x008145b4        0x0 ../attempt2_bsp//libucosii_bsp.a(os_mem.o)
 .data          0x008145b4        0x0 ../attempt2_bsp//libucosii_bsp.a(os_q.o)
 .data          0x008145b4        0x0 ../attempt2_bsp//libucosii_bsp.a(os_sem.o)
 .data          0x008145b4        0x0 ../attempt2_bsp//libucosii_bsp.a(os_task.o)
 .data          0x008145b4        0x0 ../attempt2_bsp//libucosii_bsp.a(os_time.o)
 .data          0x008145b4     0x10f8 ../attempt2_bsp//libucosii_bsp.a(alt_sys_init.o)
 .data          0x008156ac        0x0 ../attempt2_bsp//libucosii_bsp.a(altera_avalon_jtag_uart_fd.o)
 .data          0x008156ac        0x0 ../attempt2_bsp//libucosii_bsp.a(altera_avalon_jtag_uart_init.o)
 .data          0x008156ac        0x0 ../attempt2_bsp//libucosii_bsp.a(altera_avalon_jtag_uart_ioctl.o)
 .data          0x008156ac        0x0 ../attempt2_bsp//libucosii_bsp.a(altera_avalon_jtag_uart_read.o)
 .data          0x008156ac        0x0 ../attempt2_bsp//libucosii_bsp.a(altera_avalon_jtag_uart_write.o)
 .data          0x008156ac        0x0 ../attempt2_bsp//libucosii_bsp.a(altera_avalon_timer_sc.o)
 .data          0x008156ac        0x0 ../attempt2_bsp//libucosii_bsp.a(altera_up_avalon_audio.o)
 .data          0x008156ac        0x0 ../attempt2_bsp//libucosii_bsp.a(altera_up_avalon_audio_and_video_config.o)
 .data          0x008156ac        0x0 ../attempt2_bsp//libucosii_bsp.a(altera_up_avalon_character_lcd.o)
 .data          0x008156ac        0x0 ../attempt2_bsp//libucosii_bsp.a(alt_alarm_start.o)
 .data          0x008156ac        0x0 ../attempt2_bsp//libucosii_bsp.a(alt_dcache_flush_all.o)
 .data          0x008156ac        0x0 ../attempt2_bsp//libucosii_bsp.a(alt_dev_llist_insert.o)
 .data          0x008156ac        0x0 ../attempt2_bsp//libucosii_bsp.a(alt_do_ctors.o)
 .data          0x008156ac        0x0 ../attempt2_bsp//libucosii_bsp.a(alt_do_dtors.o)
 .data          0x008156ac        0x0 ../attempt2_bsp//libucosii_bsp.a(alt_find_dev.o)
 .data          0x008156ac        0x0 ../attempt2_bsp//libucosii_bsp.a(alt_icache_flush_all.o)
 .data          0x008156ac        0x0 ../attempt2_bsp//libucosii_bsp.a(alt_iic.o)
 .data          0x008156ac        0x0 ../attempt2_bsp//libucosii_bsp.a(alt_iic_isr_register.o)
 .data          0x008156ac        0x0 ../attempt2_bsp//libucosii_bsp.a(alt_io_redirect.o)
 .data          0x008156ac        0x0 ../attempt2_bsp//libucosii_bsp.a(alt_irq_entry.o)
 .data          0x008156ac        0x0 ../attempt2_bsp//libucosii_bsp.a(alt_irq_handler.o)
 .data          0x008156ac        0x0 ../attempt2_bsp//libucosii_bsp.a(alt_irq_vars.o)
 .data          0x008156ac        0x0 ../attempt2_bsp//libucosii_bsp.a(alt_open.o)
 .data          0x008156ac        0x0 ../attempt2_bsp//libucosii_bsp.a(alt_tick.o)
 .data          0x008156ac        0x0 ../attempt2_bsp//libucosii_bsp.a(altera_nios2_qsys_irq.o)
 .data          0x008156ac        0x0 ../attempt2_bsp//libucosii_bsp.a(os_cpu_a.o)
 .data          0x008156ac        0x0 ../attempt2_bsp//libucosii_bsp.a(os_cpu_c.o)
 .data          0x008156ac        0x0 ../attempt2_bsp//libucosii_bsp.a(alt_exception_entry.o)
 .data          0x008156ac        0x0 ../attempt2_bsp//libucosii_bsp.a(alt_find_file.o)
 .data          0x008156ac        0x0 ../attempt2_bsp//libucosii_bsp.a(alt_get_fd.o)
 .data          0x008156ac        0x0 /OPT/altera/12.1/nios2eds/bin/gnu/H-i686-pc-linux-gnu/bin/../lib/gcc/nios2-elf/4.1.2/../../../../nios2-elf/lib/mno-hw-mul/libc.a(lib_a-atexit.o)
 .data          0x008156ac        0x0 /OPT/altera/12.1/nios2eds/bin/gnu/H-i686-pc-linux-gnu/bin/../lib/gcc/nios2-elf/4.1.2/../../../../nios2-elf/lib/mno-hw-mul/libc.a(lib_a-exit.o)
 .data          0x008156ac        0x0 /OPT/altera/12.1/nios2eds/bin/gnu/H-i686-pc-linux-gnu/bin/../lib/gcc/nios2-elf/4.1.2/../../../../nios2-elf/lib/mno-hw-mul/libc.a(lib_a-memcmp.o)
 .data          0x008156ac        0x0 /OPT/altera/12.1/nios2eds/bin/gnu/H-i686-pc-linux-gnu/bin/../lib/gcc/nios2-elf/4.1.2/../../../../nios2-elf/lib/mno-hw-mul/libc.a(lib_a-__atexit.o)
 .data          0x008156ac        0x0 /OPT/altera/12.1/nios2eds/bin/gnu/H-i686-pc-linux-gnu/bin/../lib/gcc/nios2-elf/4.1.2/../../../../nios2-elf/lib/mno-hw-mul/libc.a(lib_a-__call_atexit.o)
 .data          0x008156ac        0x0 ../attempt2_bsp//libucosii_bsp.a(alt_exit.o)
                0x0081d6ac                _gp = ABSOLUTE ((. + 0x8000))
                0x0081d6ac                PROVIDE (gp, _gp)
 *(.rwdata .rwdata.*)
 *(.sdata .sdata.* .gnu.linkonce.s.*)
 .sdata         0x008156ac        0x8 /OPT/altera/12.1/nios2eds/bin/gnu/H-i686-pc-linux-gnu/bin/../lib/gcc/nios2-elf/4.1.2/../../../../nios2-elf/lib/mno-hw-mul/libc.a(lib_a-impure.o)
                0x008156ac                _impure_ptr
                0x008156b0                _global_impure_ptr
 .sdata         0x008156b4        0x8 /OPT/altera/12.1/nios2eds/bin/gnu/H-i686-pc-linux-gnu/bin/../lib/gcc/nios2-elf/4.1.2/../../../../nios2-elf/lib/mno-hw-mul/libc.a(lib_a-mallocr.o)
                0x008156b4                __malloc_trim_threshold
                0x008156b8                __malloc_sbrk_base
 .sdata         0x008156bc       0x14 ../attempt2_bsp//libucosii_bsp.a(alt_dev.o)
                0x008156bc                alt_fs_list
                0x008156c4                alt_dev_list
                0x008156cc                alt_max_fd
 .sdata         0x008156d0        0x4 ../attempt2_bsp//libucosii_bsp.a(alt_errno.o)
                0x008156d0                alt_errno
 .sdata         0x008156d4        0x4 ../attempt2_bsp//libucosii_bsp.a(alt_sbrk.o)
 .sdata         0x008156d8        0x4 ../attempt2_bsp//libucosii_bsp.a(alt_env_lock.o)
 .sdata         0x008156dc        0x4 ../attempt2_bsp//libucosii_bsp.a(alt_malloc_lock.o)
 .sdata         0x008156e0       0x74 ../attempt2_bsp//libucosii_bsp.a(os_dbg.o)
                0x008156e0                OSDebugEn
                0x008156e4                OSEndiannessTest
                0x008156e8                OSEventEn
                0x008156ea                OSEventMax
                0x008156ec                OSEventNameSize
                0x008156ee                OSEventSize
                0x008156f0                OSEventTblSize
                0x008156f2                OSEventMultiEn
                0x008156f4                OSFlagEn
                0x008156f6                OSFlagGrpSize
                0x008156f8                OSFlagNodeSize
                0x008156fa                OSFlagWidth
                0x008156fc                OSFlagMax
                0x008156fe                OSFlagNameSize
                0x00815700                OSLowestPrio
                0x00815702                OSMboxEn
                0x00815704                OSMemEn
                0x00815706                OSMemMax
                0x00815708                OSMemNameSize
                0x0081570a                OSMemSize
                0x0081570c                OSMemTblSize
                0x0081570e                OSMutexEn
                0x00815710                OSPtrSize
                0x00815712                OSQEn
                0x00815714                OSQMax
                0x00815716                OSQSize
                0x00815718                OSRdyTblSize
                0x0081571a                OSSemEn
                0x0081571c                OSStkWidth
                0x0081571e                OSTaskCreateEn
                0x00815720                OSTaskCreateExtEn
                0x00815722                OSTaskDelEn
                0x00815724                OSTaskIdleStkSize
                0x00815726                OSTaskProfileEn
                0x00815728                OSTaskMax
                0x0081572a                OSTaskNameSize
                0x0081572c                OSTaskStatEn
                0x0081572e                OSTaskStatStkSize
                0x00815730                OSTaskStatStkChkEn
                0x00815732                OSTaskSwHookEn
                0x00815734                OSTCBPrioTblMax
                0x00815736                OSTCBSize
                0x00815738                OSTicksPerSec
                0x0081573a                OSTimeTickHookEn
                0x0081573c                OSVersionNbr
                0x0081573e                OSTmrEn
                0x00815740                OSTmrCfgMax
                0x00815742                OSTmrCfgNameSize
                0x00815744                OSTmrCfgWheelSize
                0x00815746                OSTmrCfgTicksPerSec
                0x00815748                OSTmrSize
                0x0081574a                OSTmrTblSize
                0x0081574c                OSTmrWheelSize
                0x0081574e                OSTmrWheelTblSize
                0x00815750                OSDataSize
 .sdata         0x00815754        0x4 ../attempt2_bsp//libucosii_bsp.a(alt_irq_vars.o)
                0x00815754                alt_priority_mask
 .sdata         0x00815758        0x8 ../attempt2_bsp//libucosii_bsp.a(alt_tick.o)
                0x00815758                alt_alarm_list
 *(.sdata2 .sdata2.* .gnu.linkonce.s2.*)
                0x00815760                . = ALIGN (0x4)
                0x00815760                _edata = ABSOLUTE (.)
                0x00815760                PROVIDE (edata, ABSOLUTE (.))
                0x00815760                PROVIDE (__ram_rwdata_end, ABSOLUTE (.))
                0x00815760                PROVIDE (__flash_rwdata_start, LOADADDR (.rwdata))

.bss            0x008172bc     0x956c
                0x008172bc                __bss_start = ABSOLUTE (.)
                0x008172bc                PROVIDE (__sbss_start, ABSOLUTE (.))
                0x008172bc                PROVIDE (___sbss_start, ABSOLUTE (.))
 *(.dynsbss)
 *(.sbss .sbss.* .gnu.linkonce.sb.*)
 .sbss          0x008172bc        0x4 obj/default/hello_ucosii.o
                0x008172bc                lcd_sem
 .sbss          0x008172c0        0xc /OPT/altera/12.1/nios2eds/bin/gnu/H-i686-pc-linux-gnu/bin/../lib/gcc/nios2-elf/4.1.2/../../../../nios2-elf/lib/mno-hw-mul/libc.a(lib_a-mallocr.o)
                0x008172c0                __malloc_top_pad
                0x008172c4                __malloc_max_sbrked_mem
                0x008172c8                __malloc_max_total_mem
 .sbss          0x008172cc        0x4 /OPT/altera/12.1/nios2eds/bin/gnu/H-i686-pc-linux-gnu/bin/../lib/gcc/nios2-elf/4.1.2/../../../../nios2-elf/lib/mno-hw-mul/libc.a(lib_a-int_errno.o)
                0x008172cc                errno
 .sbss          0x008172d0        0x4 ../attempt2_bsp//libucosii_bsp.a(alt_dev.o)
                0x008172d0                alt_fd_list_lock
 .sbss          0x008172d4        0xc ../attempt2_bsp//libucosii_bsp.a(alt_main.o)
                0x008172d4                alt_argc
                0x008172d8                alt_argv
                0x008172dc                alt_envp
 .sbss          0x008172e0        0x8 ../attempt2_bsp//libucosii_bsp.a(alt_env_lock.o)
                0x008172e4                alt_envsem
 .sbss          0x008172e8        0x8 ../attempt2_bsp//libucosii_bsp.a(alt_malloc_lock.o)
                0x008172ec                alt_heapsem
 .sbss          0x008172f0       0x50 ../attempt2_bsp//libucosii_bsp.a(os_core.o)
                0x008172f0                OSLockNesting
                0x008172f1                OSRunning
                0x008172f4                OSIdleCtr
                0x008172f8                OSPrioHighRdy
                0x008172f9                OSPrioCur
                0x008172fc                OSTCBList
                0x00817300                OSTickStepState
                0x00817304                OSCtxSwCtr
                0x00817308                OSIdleCtrMax
                0x0081730c                OSTCBFreeList
                0x00817310                OSCPUUsage
                0x00817311                OSTaskCtr
                0x00817314                OSMemFreeList
                0x00817318                OSTCBHighRdy
                0x0081731c                OSQFreeList
                0x00817320                OSRdyGrp
                0x00817321                OSRdyTbl
                0x00817324                OSEventFreeList
                0x00817328                OSIntNesting
                0x0081732c                OSTCBCur
                0x00817330                OSTime
                0x00817334                OSFlagFreeList
                0x00817338                OSStatRdy
                0x0081733c                OSIdleCtrRun
 .sbss          0x00817340        0x4 ../attempt2_bsp//libucosii_bsp.a(alt_irq_vars.o)
                0x00817340                alt_irq_active
 .sbss          0x00817344        0x8 ../attempt2_bsp//libucosii_bsp.a(alt_tick.o)
                0x00817344                _alt_tick_rate
                0x00817348                _alt_nticks
 *(.sbss2 .sbss2.* .gnu.linkonce.sb2.*)
 *(.scommon)
                0x0081734c                PROVIDE (__sbss_end, ABSOLUTE (.))
                0x0081734c                PROVIDE (___sbss_end, ABSOLUTE (.))
 *(.dynbss)
 *(.bss .bss.* .gnu.linkonce.b.*)
 .bss           0x0081734c        0x0 ../attempt2_bsp//obj/HAL/src/crt0.o
 .bss           0x0081734c        0x0 obj/default/hello_ucosii.o
 .bss           0x0081734c        0x0 /OPT/altera/12.1/nios2eds/bin/gnu/H-i686-pc-linux-gnu/bin/../lib/gcc/nios2-elf/4.1.2/../../../../nios2-elf/lib/mno-hw-mul/libm.a(lib_a-s_sin.o)
 .bss           0x0081734c        0x0 /OPT/altera/12.1/nios2eds/bin/gnu/H-i686-pc-linux-gnu/bin/../lib/gcc/nios2-elf/4.1.2/../../../../nios2-elf/lib/mno-hw-mul/libm.a(lib_a-e_rem_pio2.o)
 .bss           0x0081734c        0x0 /OPT/altera/12.1/nios2eds/bin/gnu/H-i686-pc-linux-gnu/bin/../lib/gcc/nios2-elf/4.1.2/../../../../nios2-elf/lib/mno-hw-mul/libm.a(lib_a-k_cos.o)
 .bss           0x0081734c        0x0 /OPT/altera/12.1/nios2eds/bin/gnu/H-i686-pc-linux-gnu/bin/../lib/gcc/nios2-elf/4.1.2/../../../../nios2-elf/lib/mno-hw-mul/libm.a(lib_a-k_rem_pio2.o)
 .bss           0x0081734c        0x0 /OPT/altera/12.1/nios2eds/bin/gnu/H-i686-pc-linux-gnu/bin/../lib/gcc/nios2-elf/4.1.2/../../../../nios2-elf/lib/mno-hw-mul/libm.a(lib_a-k_sin.o)
 .bss           0x0081734c        0x0 /OPT/altera/12.1/nios2eds/bin/gnu/H-i686-pc-linux-gnu/bin/../lib/gcc/nios2-elf/4.1.2/../../../../nios2-elf/lib/mno-hw-mul/libm.a(lib_a-s_fabs.o)
 .bss           0x0081734c        0x0 /OPT/altera/12.1/nios2eds/bin/gnu/H-i686-pc-linux-gnu/bin/../lib/gcc/nios2-elf/4.1.2/../../../../nios2-elf/lib/mno-hw-mul/libm.a(lib_a-s_floor.o)
 .bss           0x0081734c        0x0 /OPT/altera/12.1/nios2eds/bin/gnu/H-i686-pc-linux-gnu/bin/../lib/gcc/nios2-elf/4.1.2/../../../../nios2-elf/lib/mno-hw-mul/libm.a(lib_a-s_scalbn.o)
 .bss           0x0081734c        0x0 /OPT/altera/12.1/nios2eds/bin/gnu/H-i686-pc-linux-gnu/bin/../lib/gcc/nios2-elf/4.1.2/../../../../nios2-elf/lib/mno-hw-mul/libm.a(lib_a-s_copysign.o)
 .bss           0x0081734c        0x0 /OPT/altera/12.1/nios2eds/bin/gnu/H-i686-pc-linux-gnu/bin/../lib/gcc/nios2-elf/4.1.2/mno-hw-mul/libgcc.a(_fixunsdfsi.o)
 .bss           0x0081734c        0x0 /OPT/altera/12.1/nios2eds/bin/gnu/H-i686-pc-linux-gnu/bin/../lib/gcc/nios2-elf/4.1.2/mno-hw-mul/libgcc.a(_addsub_df.o)
 .bss           0x0081734c        0x0 /OPT/altera/12.1/nios2eds/bin/gnu/H-i686-pc-linux-gnu/bin/../lib/gcc/nios2-elf/4.1.2/mno-hw-mul/libgcc.a(_mul_df.o)
 .bss           0x0081734c        0x0 /OPT/altera/12.1/nios2eds/bin/gnu/H-i686-pc-linux-gnu/bin/../lib/gcc/nios2-elf/4.1.2/mno-hw-mul/libgcc.a(_div_df.o)
 .bss           0x0081734c        0x0 /OPT/altera/12.1/nios2eds/bin/gnu/H-i686-pc-linux-gnu/bin/../lib/gcc/nios2-elf/4.1.2/mno-hw-mul/libgcc.a(_eq_df.o)
 .bss           0x0081734c        0x0 /OPT/altera/12.1/nios2eds/bin/gnu/H-i686-pc-linux-gnu/bin/../lib/gcc/nios2-elf/4.1.2/mno-hw-mul/libgcc.a(_gt_df.o)
 .bss           0x0081734c        0x0 /OPT/altera/12.1/nios2eds/bin/gnu/H-i686-pc-linux-gnu/bin/../lib/gcc/nios2-elf/4.1.2/mno-hw-mul/libgcc.a(_ge_df.o)
 .bss           0x0081734c        0x0 /OPT/altera/12.1/nios2eds/bin/gnu/H-i686-pc-linux-gnu/bin/../lib/gcc/nios2-elf/4.1.2/mno-hw-mul/libgcc.a(_si_to_df.o)
 .bss           0x0081734c        0x0 /OPT/altera/12.1/nios2eds/bin/gnu/H-i686-pc-linux-gnu/bin/../lib/gcc/nios2-elf/4.1.2/mno-hw-mul/libgcc.a(_df_to_si.o)
 .bss           0x0081734c        0x0 /OPT/altera/12.1/nios2eds/bin/gnu/H-i686-pc-linux-gnu/bin/../lib/gcc/nios2-elf/4.1.2/mno-hw-mul/libgcc.a(_thenan_df.o)
 .bss           0x0081734c        0x0 /OPT/altera/12.1/nios2eds/bin/gnu/H-i686-pc-linux-gnu/bin/../lib/gcc/nios2-elf/4.1.2/mno-hw-mul/libgcc.a(lib2-divmod.o)
 .bss           0x0081734c        0x0 /OPT/altera/12.1/nios2eds/bin/gnu/H-i686-pc-linux-gnu/bin/../lib/gcc/nios2-elf/4.1.2/mno-hw-mul/libgcc.a(lib2-mul.o)
 .bss           0x0081734c        0x0 /OPT/altera/12.1/nios2eds/bin/gnu/H-i686-pc-linux-gnu/bin/../lib/gcc/nios2-elf/4.1.2/mno-hw-mul/libgcc.a(_muldi3.o)
 .bss           0x0081734c        0x0 /OPT/altera/12.1/nios2eds/bin/gnu/H-i686-pc-linux-gnu/bin/../lib/gcc/nios2-elf/4.1.2/mno-hw-mul/libgcc.a(_clzsi2.o)
 .bss           0x0081734c        0x0 /OPT/altera/12.1/nios2eds/bin/gnu/H-i686-pc-linux-gnu/bin/../lib/gcc/nios2-elf/4.1.2/mno-hw-mul/libgcc.a(_pack_df.o)
 .bss           0x0081734c        0x0 /OPT/altera/12.1/nios2eds/bin/gnu/H-i686-pc-linux-gnu/bin/../lib/gcc/nios2-elf/4.1.2/mno-hw-mul/libgcc.a(_unpack_df.o)
 .bss           0x0081734c        0x0 /OPT/altera/12.1/nios2eds/bin/gnu/H-i686-pc-linux-gnu/bin/../lib/gcc/nios2-elf/4.1.2/mno-hw-mul/libgcc.a(_fpcmp_parts_df.o)
 .bss           0x0081734c        0x0 /OPT/altera/12.1/nios2eds/bin/gnu/H-i686-pc-linux-gnu/bin/../lib/gcc/nios2-elf/4.1.2/mno-hw-mul/libgcc.a(_clz.o)
 .bss           0x0081734c        0x0 /OPT/altera/12.1/nios2eds/bin/gnu/H-i686-pc-linux-gnu/bin/../lib/gcc/nios2-elf/4.1.2/../../../../nios2-elf/lib/mno-hw-mul/libc.a(lib_a-puts.o)
 .bss           0x0081734c        0x0 /OPT/altera/12.1/nios2eds/bin/gnu/H-i686-pc-linux-gnu/bin/../lib/gcc/nios2-elf/4.1.2/../../../../nios2-elf/lib/mno-hw-mul/libc.a(lib_a-strlen.o)
 .bss           0x0081734c        0x0 /OPT/altera/12.1/nios2eds/bin/gnu/H-i686-pc-linux-gnu/bin/../lib/gcc/nios2-elf/4.1.2/../../../../nios2-elf/lib/mno-hw-mul/libc.a(lib_a-fvwrite.o)
 .bss           0x0081734c        0x0 /OPT/altera/12.1/nios2eds/bin/gnu/H-i686-pc-linux-gnu/bin/../lib/gcc/nios2-elf/4.1.2/../../../../nios2-elf/lib/mno-hw-mul/libc.a(lib_a-impure.o)
 .bss           0x0081734c       0x28 /OPT/altera/12.1/nios2eds/bin/gnu/H-i686-pc-linux-gnu/bin/../lib/gcc/nios2-elf/4.1.2/../../../../nios2-elf/lib/mno-hw-mul/libc.a(lib_a-mallocr.o)
                0x0081734c                __malloc_current_mallinfo
 .bss           0x00817374        0x0 /OPT/altera/12.1/nios2eds/bin/gnu/H-i686-pc-linux-gnu/bin/../lib/gcc/nios2-elf/4.1.2/../../../../nios2-elf/lib/mno-hw-mul/libc.a(lib_a-memchr.o)
 .bss           0x00817374        0x0 /OPT/altera/12.1/nios2eds/bin/gnu/H-i686-pc-linux-gnu/bin/../lib/gcc/nios2-elf/4.1.2/../../../../nios2-elf/lib/mno-hw-mul/libc.a(lib_a-memcpy.o)
 .bss           0x00817374        0x0 /OPT/altera/12.1/nios2eds/bin/gnu/H-i686-pc-linux-gnu/bin/../lib/gcc/nios2-elf/4.1.2/../../../../nios2-elf/lib/mno-hw-mul/libc.a(lib_a-memmove.o)
 .bss           0x00817374        0x0 /OPT/altera/12.1/nios2eds/bin/gnu/H-i686-pc-linux-gnu/bin/../lib/gcc/nios2-elf/4.1.2/../../../../nios2-elf/lib/mno-hw-mul/libc.a(lib_a-reallocr.o)
 .bss           0x00817374        0x0 /OPT/altera/12.1/nios2eds/bin/gnu/H-i686-pc-linux-gnu/bin/../lib/gcc/nios2-elf/4.1.2/../../../../nios2-elf/lib/mno-hw-mul/libc.a(lib_a-sbrkr.o)
 .bss           0x00817374        0x0 /OPT/altera/12.1/nios2eds/bin/gnu/H-i686-pc-linux-gnu/bin/../lib/gcc/nios2-elf/4.1.2/../../../../nios2-elf/lib/mno-hw-mul/libc.a(lib_a-wsetup.o)
 .bss           0x00817374        0x0 /OPT/altera/12.1/nios2eds/bin/gnu/H-i686-pc-linux-gnu/bin/../lib/gcc/nios2-elf/4.1.2/../../../../nios2-elf/lib/mno-hw-mul/libc.a(lib_a-fflush.o)
 .bss           0x00817374        0x0 /OPT/altera/12.1/nios2eds/bin/gnu/H-i686-pc-linux-gnu/bin/../lib/gcc/nios2-elf/4.1.2/../../../../nios2-elf/lib/mno-hw-mul/libc.a(lib_a-findfp.o)
 .bss           0x00817374        0x0 /OPT/altera/12.1/nios2eds/bin/gnu/H-i686-pc-linux-gnu/bin/../lib/gcc/nios2-elf/4.1.2/../../../../nios2-elf/lib/mno-hw-mul/libc.a(lib_a-freer.o)
 .bss           0x00817374        0x0 /OPT/altera/12.1/nios2eds/bin/gnu/H-i686-pc-linux-gnu/bin/../lib/gcc/nios2-elf/4.1.2/../../../../nios2-elf/lib/mno-hw-mul/libc.a(lib_a-fwalk.o)
 .bss           0x00817374        0x0 /OPT/altera/12.1/nios2eds/bin/gnu/H-i686-pc-linux-gnu/bin/../lib/gcc/nios2-elf/4.1.2/../../../../nios2-elf/lib/mno-hw-mul/libc.a(lib_a-int_errno.o)
 .bss           0x00817374        0x0 /OPT/altera/12.1/nios2eds/bin/gnu/H-i686-pc-linux-gnu/bin/../lib/gcc/nios2-elf/4.1.2/../../../../nios2-elf/lib/mno-hw-mul/libc.a(lib_a-makebuf.o)
 .bss           0x00817374        0x0 /OPT/altera/12.1/nios2eds/bin/gnu/H-i686-pc-linux-gnu/bin/../lib/gcc/nios2-elf/4.1.2/../../../../nios2-elf/lib/mno-hw-mul/libc.a(lib_a-memset.o)
 .bss           0x00817374        0x0 /OPT/altera/12.1/nios2eds/bin/gnu/H-i686-pc-linux-gnu/bin/../lib/gcc/nios2-elf/4.1.2/../../../../nios2-elf/lib/mno-hw-mul/libc.a(lib_a-stdio.o)
 .bss           0x00817374        0x0 /OPT/altera/12.1/nios2eds/bin/gnu/H-i686-pc-linux-gnu/bin/../lib/gcc/nios2-elf/4.1.2/../../../../nios2-elf/lib/mno-hw-mul/libc.a(lib_a-writer.o)
 .bss           0x00817374        0x0 /OPT/altera/12.1/nios2eds/bin/gnu/H-i686-pc-linux-gnu/bin/../lib/gcc/nios2-elf/4.1.2/../../../../nios2-elf/lib/mno-hw-mul/libc.a(lib_a-closer.o)
 .bss           0x00817374        0x0 /OPT/altera/12.1/nios2eds/bin/gnu/H-i686-pc-linux-gnu/bin/../lib/gcc/nios2-elf/4.1.2/../../../../nios2-elf/lib/mno-hw-mul/libc.a(lib_a-fclose.o)
 .bss           0x00817374        0x0 /OPT/altera/12.1/nios2eds/bin/gnu/H-i686-pc-linux-gnu/bin/../lib/gcc/nios2-elf/4.1.2/../../../../nios2-elf/lib/mno-hw-mul/libc.a(lib_a-fstatr.o)
 .bss           0x00817374        0x0 /OPT/altera/12.1/nios2eds/bin/gnu/H-i686-pc-linux-gnu/bin/../lib/gcc/nios2-elf/4.1.2/../../../../nios2-elf/lib/mno-hw-mul/libc.a(lib_a-isattyr.o)
 .bss           0x00817374        0x0 /OPT/altera/12.1/nios2eds/bin/gnu/H-i686-pc-linux-gnu/bin/../lib/gcc/nios2-elf/4.1.2/../../../../nios2-elf/lib/mno-hw-mul/libc.a(lib_a-lseekr.o)
 .bss           0x00817374        0x0 /OPT/altera/12.1/nios2eds/bin/gnu/H-i686-pc-linux-gnu/bin/../lib/gcc/nios2-elf/4.1.2/../../../../nios2-elf/lib/mno-hw-mul/libc.a(lib_a-readr.o)
 .bss           0x00817374        0x0 ../attempt2_bsp//libucosii_bsp.a(alt_close.o)
 .bss           0x00817374        0x0 ../attempt2_bsp//libucosii_bsp.a(alt_dev.o)
 .bss           0x00817374        0x0 ../attempt2_bsp//libucosii_bsp.a(alt_errno.o)
 .bss           0x00817374        0x0 ../attempt2_bsp//libucosii_bsp.a(alt_fstat.o)
 .bss           0x00817374        0x0 ../attempt2_bsp//libucosii_bsp.a(alt_isatty.o)
 .bss           0x00817374        0x0 ../attempt2_bsp//libucosii_bsp.a(alt_load.o)
 .bss           0x00817374        0x0 ../attempt2_bsp//libucosii_bsp.a(alt_lseek.o)
 .bss           0x00817374        0x0 ../attempt2_bsp//libucosii_bsp.a(alt_main.o)
 .bss           0x00817374        0x0 ../attempt2_bsp//libucosii_bsp.a(alt_read.o)
 .bss           0x00817374        0x0 ../attempt2_bsp//libucosii_bsp.a(alt_release_fd.o)
 .bss           0x00817374        0x0 ../attempt2_bsp//libucosii_bsp.a(alt_sbrk.o)
 .bss           0x00817374        0x0 ../attempt2_bsp//libucosii_bsp.a(alt_write.o)
 .bss           0x00817374        0x0 ../attempt2_bsp//libucosii_bsp.a(alt_env_lock.o)
 .bss           0x00817374        0x0 ../attempt2_bsp//libucosii_bsp.a(alt_malloc_lock.o)
 .bss           0x00817374        0x0 ../attempt2_bsp//libucosii_bsp.a(os_core.o)
 .bss           0x00817374        0x0 ../attempt2_bsp//libucosii_bsp.a(os_dbg.o)
 .bss           0x00817374        0x0 ../attempt2_bsp//libucosii_bsp.a(os_flag.o)
 .bss           0x00817374        0x0 ../attempt2_bsp//libucosii_bsp.a(os_mem.o)
 .bss           0x00817374        0x0 ../attempt2_bsp//libucosii_bsp.a(os_q.o)
 .bss           0x00817374        0x0 ../attempt2_bsp//libucosii_bsp.a(os_sem.o)
 .bss           0x00817374        0x0 ../attempt2_bsp//libucosii_bsp.a(os_task.o)
 .bss           0x00817374        0x0 ../attempt2_bsp//libucosii_bsp.a(os_time.o)
 .bss           0x00817374        0x0 ../attempt2_bsp//libucosii_bsp.a(alt_sys_init.o)
 .bss           0x00817374        0x0 ../attempt2_bsp//libucosii_bsp.a(altera_avalon_jtag_uart_fd.o)
 .bss           0x00817374        0x0 ../attempt2_bsp//libucosii_bsp.a(altera_avalon_jtag_uart_init.o)
 .bss           0x00817374        0x0 ../attempt2_bsp//libucosii_bsp.a(altera_avalon_jtag_uart_ioctl.o)
 .bss           0x00817374        0x0 ../attempt2_bsp//libucosii_bsp.a(altera_avalon_jtag_uart_read.o)
 .bss           0x00817374        0x0 ../attempt2_bsp//libucosii_bsp.a(altera_avalon_jtag_uart_write.o)
 .bss           0x00817374        0x0 ../attempt2_bsp//libucosii_bsp.a(altera_avalon_timer_sc.o)
 .bss           0x00817374        0x0 ../attempt2_bsp//libucosii_bsp.a(altera_up_avalon_audio.o)
 .bss           0x00817374        0x0 ../attempt2_bsp//libucosii_bsp.a(altera_up_avalon_audio_and_video_config.o)
 .bss           0x00817374        0x0 ../attempt2_bsp//libucosii_bsp.a(altera_up_avalon_character_lcd.o)
 .bss           0x00817374        0x0 ../attempt2_bsp//libucosii_bsp.a(alt_alarm_start.o)
 .bss           0x00817374        0x0 ../attempt2_bsp//libucosii_bsp.a(alt_dcache_flush_all.o)
 .bss           0x00817374        0x0 ../attempt2_bsp//libucosii_bsp.a(alt_dev_llist_insert.o)
 .bss           0x00817374        0x0 ../attempt2_bsp//libucosii_bsp.a(alt_do_ctors.o)
 .bss           0x00817374        0x0 ../attempt2_bsp//libucosii_bsp.a(alt_do_dtors.o)
 .bss           0x00817374        0x0 ../attempt2_bsp//libucosii_bsp.a(alt_find_dev.o)
 .bss           0x00817374        0x0 ../attempt2_bsp//libucosii_bsp.a(alt_icache_flush_all.o)
 .bss           0x00817374        0x0 ../attempt2_bsp//libucosii_bsp.a(alt_iic.o)
 .bss           0x00817374        0x0 ../attempt2_bsp//libucosii_bsp.a(alt_iic_isr_register.o)
 .bss           0x00817374        0x0 ../attempt2_bsp//libucosii_bsp.a(alt_io_redirect.o)
 .bss           0x00817374        0x0 ../attempt2_bsp//libucosii_bsp.a(alt_irq_entry.o)
 .bss           0x00817374        0x0 ../attempt2_bsp//libucosii_bsp.a(alt_irq_handler.o)
 .bss           0x00817374        0x0 ../attempt2_bsp//libucosii_bsp.a(alt_irq_vars.o)
 .bss           0x00817374        0x0 ../attempt2_bsp//libucosii_bsp.a(alt_open.o)
 .bss           0x00817374        0x0 ../attempt2_bsp//libucosii_bsp.a(alt_tick.o)
 .bss           0x00817374        0x0 ../attempt2_bsp//libucosii_bsp.a(altera_nios2_qsys_irq.o)
 .bss           0x00817374        0x0 ../attempt2_bsp//libucosii_bsp.a(os_cpu_a.o)
 .bss           0x00817374        0x0 ../attempt2_bsp//libucosii_bsp.a(os_cpu_c.o)
 .bss           0x00817374        0x0 ../attempt2_bsp//libucosii_bsp.a(alt_exception_entry.o)
 .bss           0x00817374        0x0 ../attempt2_bsp//libucosii_bsp.a(alt_find_file.o)
 .bss           0x00817374        0x0 ../attempt2_bsp//libucosii_bsp.a(alt_get_fd.o)
 .bss           0x00817374        0x0 /OPT/altera/12.1/nios2eds/bin/gnu/H-i686-pc-linux-gnu/bin/../lib/gcc/nios2-elf/4.1.2/../../../../nios2-elf/lib/mno-hw-mul/libc.a(lib_a-atexit.o)
 .bss           0x00817374        0x0 /OPT/altera/12.1/nios2eds/bin/gnu/H-i686-pc-linux-gnu/bin/../lib/gcc/nios2-elf/4.1.2/../../../../nios2-elf/lib/mno-hw-mul/libc.a(lib_a-exit.o)
 .bss           0x00817374        0x0 /OPT/altera/12.1/nios2eds/bin/gnu/H-i686-pc-linux-gnu/bin/../lib/gcc/nios2-elf/4.1.2/../../../../nios2-elf/lib/mno-hw-mul/libc.a(lib_a-memcmp.o)
 .bss           0x00817374        0x0 /OPT/altera/12.1/nios2eds/bin/gnu/H-i686-pc-linux-gnu/bin/../lib/gcc/nios2-elf/4.1.2/../../../../nios2-elf/lib/mno-hw-mul/libc.a(lib_a-__atexit.o)
 .bss           0x00817374        0x0 /OPT/altera/12.1/nios2eds/bin/gnu/H-i686-pc-linux-gnu/bin/../lib/gcc/nios2-elf/4.1.2/../../../../nios2-elf/lib/mno-hw-mul/libc.a(lib_a-__call_atexit.o)
 .bss           0x00817374        0x0 ../attempt2_bsp//libucosii_bsp.a(alt_exit.o)
 *(COMMON)
 COMMON         0x00817374     0x6000 obj/default/hello_ucosii.o
                0x00817374                task1_stk
                0x00819374                task2_stk
                0x0081b374                task3_stk
 COMMON         0x0081d374     0x3224 ../attempt2_bsp//libucosii_bsp.a(os_core.o)
                0x0081d374                OSFlagTbl
                0x0081d6e4                OSMemTbl
                0x0081e314                OSTaskStatStk
                0x0081eb14                OSQTbl
                0x0081ecf4                OSTaskIdleStk
                0x0081f4f4                OSEventTbl
                0x00820034                OSTCBTbl
                0x00820544                OSTCBPrioTbl
 COMMON         0x00820598      0x100 ../attempt2_bsp//libucosii_bsp.a(alt_irq_handler.o)
                0x00820598                alt_irq
 COMMON         0x00820698      0x190 /OPT/altera/12.1/nios2eds/bin/gnu/H-i686-pc-linux-gnu/bin/../lib/gcc/nios2-elf/4.1.2/../../../../nios2-elf/lib/mno-hw-mul/libc.a(lib_a-atexit.o)
                0x00820698                _atexit0
                0x00820828                . = ALIGN (0x4)
                0x00820828                __bss_end = ABSOLUTE (.)

.sdram_0        0x00820828        0x0
                0x00820828                PROVIDE (_alt_partition_sdram_0_start, ABSOLUTE (.))
 *(.sdram_0. sdram_0.*)
                0x00820828                . = ALIGN (0x4)
                0x00820828                PROVIDE (_alt_partition_sdram_0_end, ABSOLUTE (.))
                0x00820828                _end = ABSOLUTE (.)
                0x00820828                end = ABSOLUTE (.)
                0x00820828                __alt_stack_base = ABSOLUTE (.)
                0x00820828                PROVIDE (_alt_partition_sdram_0_load_addr, LOADADDR (.sdram_0))

.sram_0         0x01080000        0x0 load address 0x00820828
                0x01080000                PROVIDE (_alt_partition_sram_0_start, ABSOLUTE (.))
 *(.sram_0. sram_0.*)
                0x01080000                . = ALIGN (0x4)
                0x01080000                PROVIDE (_alt_partition_sram_0_end, ABSOLUTE (.))
                0x00820828                PROVIDE (_alt_partition_sram_0_load_addr, LOADADDR (.sram_0))

.onchip_memory2_0
                0x011041bc        0x0 load address 0x00820828
                0x011041bc                PROVIDE (_alt_partition_onchip_memory2_0_start, ABSOLUTE (.))
 *(.onchip_memory2_0. onchip_memory2_0.*)
                0x011041bc                . = ALIGN (0x4)
                0x011041bc                PROVIDE (_alt_partition_onchip_memory2_0_end, ABSOLUTE (.))
                0x00820828                PROVIDE (_alt_partition_onchip_memory2_0_load_addr, LOADADDR (.onchip_memory2_0))

.stab
 *(.stab)

.stabstr
 *(.stabstr)

.stab.excl
 *(.stab.excl)

.stab.exclstr
 *(.stab.exclstr)

.stab.index
 *(.stab.index)

.stab.indexstr
 *(.stab.indexstr)

.comment        0x00000000       0x26
 *(.comment)
 .comment       0x00000000       0x26 obj/default/hello_ucosii.o
                                 0x27 (size before relaxing)
 .comment       0x00000000       0x27 /OPT/altera/12.1/nios2eds/bin/gnu/H-i686-pc-linux-gnu/bin/../lib/gcc/nios2-elf/4.1.2/../../../../nios2-elf/lib/mno-hw-mul/libm.a(lib_a-s_sin.o)
 .comment       0x00000000       0x27 /OPT/altera/12.1/nios2eds/bin/gnu/H-i686-pc-linux-gnu/bin/../lib/gcc/nios2-elf/4.1.2/../../../../nios2-elf/lib/mno-hw-mul/libm.a(lib_a-e_rem_pio2.o)
 .comment       0x00000000       0x27 /OPT/altera/12.1/nios2eds/bin/gnu/H-i686-pc-linux-gnu/bin/../lib/gcc/nios2-elf/4.1.2/../../../../nios2-elf/lib/mno-hw-mul/libm.a(lib_a-k_cos.o)
 .comment       0x00000000       0x27 /OPT/altera/12.1/nios2eds/bin/gnu/H-i686-pc-linux-gnu/bin/../lib/gcc/nios2-elf/4.1.2/../../../../nios2-elf/lib/mno-hw-mul/libm.a(lib_a-k_rem_pio2.o)
 .comment       0x00000000       0x27 /OPT/altera/12.1/nios2eds/bin/gnu/H-i686-pc-linux-gnu/bin/../lib/gcc/nios2-elf/4.1.2/../../../../nios2-elf/lib/mno-hw-mul/libm.a(lib_a-k_sin.o)
 .comment       0x00000000       0x27 /OPT/altera/12.1/nios2eds/bin/gnu/H-i686-pc-linux-gnu/bin/../lib/gcc/nios2-elf/4.1.2/../../../../nios2-elf/lib/mno-hw-mul/libm.a(lib_a-s_fabs.o)
 .comment       0x00000000       0x27 /OPT/altera/12.1/nios2eds/bin/gnu/H-i686-pc-linux-gnu/bin/../lib/gcc/nios2-elf/4.1.2/../../../../nios2-elf/lib/mno-hw-mul/libm.a(lib_a-s_floor.o)
 .comment       0x00000000       0x27 /OPT/altera/12.1/nios2eds/bin/gnu/H-i686-pc-linux-gnu/bin/../lib/gcc/nios2-elf/4.1.2/../../../../nios2-elf/lib/mno-hw-mul/libm.a(lib_a-s_scalbn.o)
 .comment       0x00000000       0x27 /OPT/altera/12.1/nios2eds/bin/gnu/H-i686-pc-linux-gnu/bin/../lib/gcc/nios2-elf/4.1.2/../../../../nios2-elf/lib/mno-hw-mul/libm.a(lib_a-s_copysign.o)
 .comment       0x00000000       0x27 /OPT/altera/12.1/nios2eds/bin/gnu/H-i686-pc-linux-gnu/bin/../lib/gcc/nios2-elf/4.1.2/mno-hw-mul/libgcc.a(_fixunsdfsi.o)
 .comment       0x00000000       0x27 /OPT/altera/12.1/nios2eds/bin/gnu/H-i686-pc-linux-gnu/bin/../lib/gcc/nios2-elf/4.1.2/mno-hw-mul/libgcc.a(_addsub_df.o)
 .comment       0x00000000       0x27 /OPT/altera/12.1/nios2eds/bin/gnu/H-i686-pc-linux-gnu/bin/../lib/gcc/nios2-elf/4.1.2/mno-hw-mul/libgcc.a(_mul_df.o)
 .comment       0x00000000       0x27 /OPT/altera/12.1/nios2eds/bin/gnu/H-i686-pc-linux-gnu/bin/../lib/gcc/nios2-elf/4.1.2/mno-hw-mul/libgcc.a(_div_df.o)
 .comment       0x00000000       0x27 /OPT/altera/12.1/nios2eds/bin/gnu/H-i686-pc-linux-gnu/bin/../lib/gcc/nios2-elf/4.1.2/mno-hw-mul/libgcc.a(_eq_df.o)
 .comment       0x00000000       0x27 /OPT/altera/12.1/nios2eds/bin/gnu/H-i686-pc-linux-gnu/bin/../lib/gcc/nios2-elf/4.1.2/mno-hw-mul/libgcc.a(_gt_df.o)
 .comment       0x00000000       0x27 /OPT/altera/12.1/nios2eds/bin/gnu/H-i686-pc-linux-gnu/bin/../lib/gcc/nios2-elf/4.1.2/mno-hw-mul/libgcc.a(_ge_df.o)
 .comment       0x00000000       0x27 /OPT/altera/12.1/nios2eds/bin/gnu/H-i686-pc-linux-gnu/bin/../lib/gcc/nios2-elf/4.1.2/mno-hw-mul/libgcc.a(_si_to_df.o)
 .comment       0x00000000       0x27 /OPT/altera/12.1/nios2eds/bin/gnu/H-i686-pc-linux-gnu/bin/../lib/gcc/nios2-elf/4.1.2/mno-hw-mul/libgcc.a(_df_to_si.o)
 .comment       0x00000000       0x27 /OPT/altera/12.1/nios2eds/bin/gnu/H-i686-pc-linux-gnu/bin/../lib/gcc/nios2-elf/4.1.2/mno-hw-mul/libgcc.a(_thenan_df.o)
 .comment       0x00000000       0x27 /OPT/altera/12.1/nios2eds/bin/gnu/H-i686-pc-linux-gnu/bin/../lib/gcc/nios2-elf/4.1.2/mno-hw-mul/libgcc.a(lib2-divmod.o)
 .comment       0x00000000       0x27 /OPT/altera/12.1/nios2eds/bin/gnu/H-i686-pc-linux-gnu/bin/../lib/gcc/nios2-elf/4.1.2/mno-hw-mul/libgcc.a(lib2-mul.o)
 .comment       0x00000000       0x27 /OPT/altera/12.1/nios2eds/bin/gnu/H-i686-pc-linux-gnu/bin/../lib/gcc/nios2-elf/4.1.2/mno-hw-mul/libgcc.a(_muldi3.o)
 .comment       0x00000000       0x27 /OPT/altera/12.1/nios2eds/bin/gnu/H-i686-pc-linux-gnu/bin/../lib/gcc/nios2-elf/4.1.2/mno-hw-mul/libgcc.a(_clzsi2.o)
 .comment       0x00000000       0x27 /OPT/altera/12.1/nios2eds/bin/gnu/H-i686-pc-linux-gnu/bin/../lib/gcc/nios2-elf/4.1.2/mno-hw-mul/libgcc.a(_pack_df.o)
 .comment       0x00000000       0x27 /OPT/altera/12.1/nios2eds/bin/gnu/H-i686-pc-linux-gnu/bin/../lib/gcc/nios2-elf/4.1.2/mno-hw-mul/libgcc.a(_unpack_df.o)
 .comment       0x00000000       0x27 /OPT/altera/12.1/nios2eds/bin/gnu/H-i686-pc-linux-gnu/bin/../lib/gcc/nios2-elf/4.1.2/mno-hw-mul/libgcc.a(_fpcmp_parts_df.o)
 .comment       0x00000000       0x27 /OPT/altera/12.1/nios2eds/bin/gnu/H-i686-pc-linux-gnu/bin/../lib/gcc/nios2-elf/4.1.2/mno-hw-mul/libgcc.a(_clz.o)
 .comment       0x00000000       0x27 /OPT/altera/12.1/nios2eds/bin/gnu/H-i686-pc-linux-gnu/bin/../lib/gcc/nios2-elf/4.1.2/../../../../nios2-elf/lib/mno-hw-mul/libc.a(lib_a-puts.o)
 .comment       0x00000000       0x27 /OPT/altera/12.1/nios2eds/bin/gnu/H-i686-pc-linux-gnu/bin/../lib/gcc/nios2-elf/4.1.2/../../../../nios2-elf/lib/mno-hw-mul/libc.a(lib_a-strlen.o)
 .comment       0x00000000       0x27 /OPT/altera/12.1/nios2eds/bin/gnu/H-i686-pc-linux-gnu/bin/../lib/gcc/nios2-elf/4.1.2/../../../../nios2-elf/lib/mno-hw-mul/libc.a(lib_a-fvwrite.o)
 .comment       0x00000000       0x27 /OPT/altera/12.1/nios2eds/bin/gnu/H-i686-pc-linux-gnu/bin/../lib/gcc/nios2-elf/4.1.2/../../../../nios2-elf/lib/mno-hw-mul/libc.a(lib_a-impure.o)
 .comment       0x00000000       0x27 /OPT/altera/12.1/nios2eds/bin/gnu/H-i686-pc-linux-gnu/bin/../lib/gcc/nios2-elf/4.1.2/../../../../nios2-elf/lib/mno-hw-mul/libc.a(lib_a-mallocr.o)
 .comment       0x00000000       0x27 /OPT/altera/12.1/nios2eds/bin/gnu/H-i686-pc-linux-gnu/bin/../lib/gcc/nios2-elf/4.1.2/../../../../nios2-elf/lib/mno-hw-mul/libc.a(lib_a-memchr.o)
 .comment       0x00000000       0x27 /OPT/altera/12.1/nios2eds/bin/gnu/H-i686-pc-linux-gnu/bin/../lib/gcc/nios2-elf/4.1.2/../../../../nios2-elf/lib/mno-hw-mul/libc.a(lib_a-memcpy.o)
 .comment       0x00000000       0x27 /OPT/altera/12.1/nios2eds/bin/gnu/H-i686-pc-linux-gnu/bin/../lib/gcc/nios2-elf/4.1.2/../../../../nios2-elf/lib/mno-hw-mul/libc.a(lib_a-memmove.o)
 .comment       0x00000000       0x27 /OPT/altera/12.1/nios2eds/bin/gnu/H-i686-pc-linux-gnu/bin/../lib/gcc/nios2-elf/4.1.2/../../../../nios2-elf/lib/mno-hw-mul/libc.a(lib_a-reallocr.o)
 .comment       0x00000000       0x27 /OPT/altera/12.1/nios2eds/bin/gnu/H-i686-pc-linux-gnu/bin/../lib/gcc/nios2-elf/4.1.2/../../../../nios2-elf/lib/mno-hw-mul/libc.a(lib_a-sbrkr.o)
 .comment       0x00000000       0x27 /OPT/altera/12.1/nios2eds/bin/gnu/H-i686-pc-linux-gnu/bin/../lib/gcc/nios2-elf/4.1.2/../../../../nios2-elf/lib/mno-hw-mul/libc.a(lib_a-wsetup.o)
 .comment       0x00000000       0x27 /OPT/altera/12.1/nios2eds/bin/gnu/H-i686-pc-linux-gnu/bin/../lib/gcc/nios2-elf/4.1.2/../../../../nios2-elf/lib/mno-hw-mul/libc.a(lib_a-fflush.o)
 .comment       0x00000000       0x27 /OPT/altera/12.1/nios2eds/bin/gnu/H-i686-pc-linux-gnu/bin/../lib/gcc/nios2-elf/4.1.2/../../../../nios2-elf/lib/mno-hw-mul/libc.a(lib_a-findfp.o)
 .comment       0x00000000       0x27 /OPT/altera/12.1/nios2eds/bin/gnu/H-i686-pc-linux-gnu/bin/../lib/gcc/nios2-elf/4.1.2/../../../../nios2-elf/lib/mno-hw-mul/libc.a(lib_a-freer.o)
 .comment       0x00000000       0x27 /OPT/altera/12.1/nios2eds/bin/gnu/H-i686-pc-linux-gnu/bin/../lib/gcc/nios2-elf/4.1.2/../../../../nios2-elf/lib/mno-hw-mul/libc.a(lib_a-fwalk.o)
 .comment       0x00000000       0x27 /OPT/altera/12.1/nios2eds/bin/gnu/H-i686-pc-linux-gnu/bin/../lib/gcc/nios2-elf/4.1.2/../../../../nios2-elf/lib/mno-hw-mul/libc.a(lib_a-int_errno.o)
 .comment       0x00000000       0x27 /OPT/altera/12.1/nios2eds/bin/gnu/H-i686-pc-linux-gnu/bin/../lib/gcc/nios2-elf/4.1.2/../../../../nios2-elf/lib/mno-hw-mul/libc.a(lib_a-makebuf.o)
 .comment       0x00000000       0x27 /OPT/altera/12.1/nios2eds/bin/gnu/H-i686-pc-linux-gnu/bin/../lib/gcc/nios2-elf/4.1.2/../../../../nios2-elf/lib/mno-hw-mul/libc.a(lib_a-memset.o)
 .comment       0x00000000       0x27 /OPT/altera/12.1/nios2eds/bin/gnu/H-i686-pc-linux-gnu/bin/../lib/gcc/nios2-elf/4.1.2/../../../../nios2-elf/lib/mno-hw-mul/libc.a(lib_a-stdio.o)
 .comment       0x00000000       0x27 /OPT/altera/12.1/nios2eds/bin/gnu/H-i686-pc-linux-gnu/bin/../lib/gcc/nios2-elf/4.1.2/../../../../nios2-elf/lib/mno-hw-mul/libc.a(lib_a-writer.o)
 .comment       0x00000000       0x27 /OPT/altera/12.1/nios2eds/bin/gnu/H-i686-pc-linux-gnu/bin/../lib/gcc/nios2-elf/4.1.2/../../../../nios2-elf/lib/mno-hw-mul/libc.a(lib_a-closer.o)
 .comment       0x00000000       0x27 /OPT/altera/12.1/nios2eds/bin/gnu/H-i686-pc-linux-gnu/bin/../lib/gcc/nios2-elf/4.1.2/../../../../nios2-elf/lib/mno-hw-mul/libc.a(lib_a-fclose.o)
 .comment       0x00000000       0x27 /OPT/altera/12.1/nios2eds/bin/gnu/H-i686-pc-linux-gnu/bin/../lib/gcc/nios2-elf/4.1.2/../../../../nios2-elf/lib/mno-hw-mul/libc.a(lib_a-fstatr.o)
 .comment       0x00000000       0x27 /OPT/altera/12.1/nios2eds/bin/gnu/H-i686-pc-linux-gnu/bin/../lib/gcc/nios2-elf/4.1.2/../../../../nios2-elf/lib/mno-hw-mul/libc.a(lib_a-isattyr.o)
 .comment       0x00000000       0x27 /OPT/altera/12.1/nios2eds/bin/gnu/H-i686-pc-linux-gnu/bin/../lib/gcc/nios2-elf/4.1.2/../../../../nios2-elf/lib/mno-hw-mul/libc.a(lib_a-lseekr.o)
 .comment       0x00000000       0x27 /OPT/altera/12.1/nios2eds/bin/gnu/H-i686-pc-linux-gnu/bin/../lib/gcc/nios2-elf/4.1.2/../../../../nios2-elf/lib/mno-hw-mul/libc.a(lib_a-readr.o)
 .comment       0x00000000       0x27 ../attempt2_bsp//libucosii_bsp.a(alt_close.o)
 .comment       0x00000000       0x27 ../attempt2_bsp//libucosii_bsp.a(alt_dev.o)
 .comment       0x00000000       0x27 ../attempt2_bsp//libucosii_bsp.a(alt_errno.o)
 .comment       0x00000000       0x27 ../attempt2_bsp//libucosii_bsp.a(alt_fstat.o)
 .comment       0x00000000       0x27 ../attempt2_bsp//libucosii_bsp.a(alt_isatty.o)
 .comment       0x00000000       0x27 ../attempt2_bsp//libucosii_bsp.a(alt_load.o)
 .comment       0x00000000       0x27 ../attempt2_bsp//libucosii_bsp.a(alt_lseek.o)
 .comment       0x00000000       0x27 ../attempt2_bsp//libucosii_bsp.a(alt_main.o)
 .comment       0x00000000       0x27 ../attempt2_bsp//libucosii_bsp.a(alt_read.o)
 .comment       0x00000000       0x27 ../attempt2_bsp//libucosii_bsp.a(alt_release_fd.o)
 .comment       0x00000000       0x27 ../attempt2_bsp//libucosii_bsp.a(alt_sbrk.o)
 .comment       0x00000000       0x27 ../attempt2_bsp//libucosii_bsp.a(alt_write.o)
 .comment       0x00000000       0x27 ../attempt2_bsp//libucosii_bsp.a(alt_env_lock.o)
 .comment       0x00000000       0x27 ../attempt2_bsp//libucosii_bsp.a(alt_malloc_lock.o)
 .comment       0x00000000       0x27 ../attempt2_bsp//libucosii_bsp.a(os_core.o)
 .comment       0x00000000       0x27 ../attempt2_bsp//libucosii_bsp.a(os_dbg.o)
 .comment       0x00000000       0x27 ../attempt2_bsp//libucosii_bsp.a(os_flag.o)
 .comment       0x00000000       0x27 ../attempt2_bsp//libucosii_bsp.a(os_mem.o)
 .comment       0x00000000       0x27 ../attempt2_bsp//libucosii_bsp.a(os_q.o)
 .comment       0x00000000       0x27 ../attempt2_bsp//libucosii_bsp.a(os_sem.o)
 .comment       0x00000000       0x27 ../attempt2_bsp//libucosii_bsp.a(os_task.o)
 .comment       0x00000000       0x27 ../attempt2_bsp//libucosii_bsp.a(os_time.o)
 .comment       0x00000000       0x27 ../attempt2_bsp//libucosii_bsp.a(alt_sys_init.o)
 .comment       0x00000000       0x27 ../attempt2_bsp//libucosii_bsp.a(altera_avalon_jtag_uart_fd.o)
 .comment       0x00000000       0x27 ../attempt2_bsp//libucosii_bsp.a(altera_avalon_jtag_uart_init.o)
 .comment       0x00000000       0x27 ../attempt2_bsp//libucosii_bsp.a(altera_avalon_jtag_uart_ioctl.o)
 .comment       0x00000000       0x27 ../attempt2_bsp//libucosii_bsp.a(altera_avalon_jtag_uart_read.o)
 .comment       0x00000000       0x27 ../attempt2_bsp//libucosii_bsp.a(altera_avalon_jtag_uart_write.o)
 .comment       0x00000000       0x27 ../attempt2_bsp//libucosii_bsp.a(altera_avalon_timer_sc.o)
 .comment       0x00000000       0x27 ../attempt2_bsp//libucosii_bsp.a(altera_up_avalon_audio.o)
 .comment       0x00000000       0x27 ../attempt2_bsp//libucosii_bsp.a(altera_up_avalon_audio_and_video_config.o)
 .comment       0x00000000       0x27 ../attempt2_bsp//libucosii_bsp.a(altera_up_avalon_character_lcd.o)