Archive member included because of file (symbol)

/OPT/altera/12.1/nios2eds/bin/gnu/H-i686-pc-linux-gnu/bin/../lib/gcc/nios2-elf/4.1.2/../../../../nios2-elf/lib/libm.a(lib_a-w_pow.o)
                              obj/default/MPU9250/mpu9250.o (pow)
/OPT/altera/12.1/nios2eds/bin/gnu/H-i686-pc-linux-gnu/bin/../lib/gcc/nios2-elf/4.1.2/../../../../nios2-elf/lib/libm.a(lib_a-e_pow.o)
                              /OPT/altera/12.1/nios2eds/bin/gnu/H-i686-pc-linux-gnu/bin/../lib/gcc/nios2-elf/4.1.2/../../../../nios2-elf/lib/libm.a(lib_a-w_pow.o) (__ieee754_pow)
/OPT/altera/12.1/nios2eds/bin/gnu/H-i686-pc-linux-gnu/bin/../lib/gcc/nios2-elf/4.1.2/../../../../nios2-elf/lib/libm.a(lib_a-e_sqrt.o)
                              /OPT/altera/12.1/nios2eds/bin/gnu/H-i686-pc-linux-gnu/bin/../lib/gcc/nios2-elf/4.1.2/../../../../nios2-elf/lib/libm.a(lib_a-e_pow.o) (__ieee754_sqrt)
/OPT/altera/12.1/nios2eds/bin/gnu/H-i686-pc-linux-gnu/bin/../lib/gcc/nios2-elf/4.1.2/../../../../nios2-elf/lib/libm.a(lib_a-s_fabs.o)
                              /OPT/altera/12.1/nios2eds/bin/gnu/H-i686-pc-linux-gnu/bin/../lib/gcc/nios2-elf/4.1.2/../../../../nios2-elf/lib/libm.a(lib_a-e_pow.o) (fabs)
/OPT/altera/12.1/nios2eds/bin/gnu/H-i686-pc-linux-gnu/bin/../lib/gcc/nios2-elf/4.1.2/../../../../nios2-elf/lib/libm.a(lib_a-s_finite.o)
                              /OPT/altera/12.1/nios2eds/bin/gnu/H-i686-pc-linux-gnu/bin/../lib/gcc/nios2-elf/4.1.2/../../../../nios2-elf/lib/libm.a(lib_a-w_pow.o) (finite)
/OPT/altera/12.1/nios2eds/bin/gnu/H-i686-pc-linux-gnu/bin/../lib/gcc/nios2-elf/4.1.2/../../../../nios2-elf/lib/libm.a(lib_a-s_isnand.o)
                              /OPT/altera/12.1/nios2eds/bin/gnu/H-i686-pc-linux-gnu/bin/../lib/gcc/nios2-elf/4.1.2/../../../../nios2-elf/lib/libm.a(lib_a-w_pow.o) (__isnand)
/OPT/altera/12.1/nios2eds/bin/gnu/H-i686-pc-linux-gnu/bin/../lib/gcc/nios2-elf/4.1.2/../../../../nios2-elf/lib/libm.a(lib_a-s_lib_ver.o)
                              /OPT/altera/12.1/nios2eds/bin/gnu/H-i686-pc-linux-gnu/bin/../lib/gcc/nios2-elf/4.1.2/../../../../nios2-elf/lib/libm.a(lib_a-w_pow.o) (__fdlib_version)
/OPT/altera/12.1/nios2eds/bin/gnu/H-i686-pc-linux-gnu/bin/../lib/gcc/nios2-elf/4.1.2/../../../../nios2-elf/lib/libm.a(lib_a-s_matherr.o)
                              /OPT/altera/12.1/nios2eds/bin/gnu/H-i686-pc-linux-gnu/bin/../lib/gcc/nios2-elf/4.1.2/../../../../nios2-elf/lib/libm.a(lib_a-w_pow.o) (matherr)
/OPT/altera/12.1/nios2eds/bin/gnu/H-i686-pc-linux-gnu/bin/../lib/gcc/nios2-elf/4.1.2/../../../../nios2-elf/lib/libm.a(lib_a-s_nan.o)
                              /OPT/altera/12.1/nios2eds/bin/gnu/H-i686-pc-linux-gnu/bin/../lib/gcc/nios2-elf/4.1.2/../../../../nios2-elf/lib/libm.a(lib_a-e_pow.o) (nan)
/OPT/altera/12.1/nios2eds/bin/gnu/H-i686-pc-linux-gnu/bin/../lib/gcc/nios2-elf/4.1.2/../../../../nios2-elf/lib/libm.a(lib_a-s_rint.o)
                              /OPT/altera/12.1/nios2eds/bin/gnu/H-i686-pc-linux-gnu/bin/../lib/gcc/nios2-elf/4.1.2/../../../../nios2-elf/lib/libm.a(lib_a-w_pow.o) (rint)
/OPT/altera/12.1/nios2eds/bin/gnu/H-i686-pc-linux-gnu/bin/../lib/gcc/nios2-elf/4.1.2/../../../../nios2-elf/lib/libm.a(lib_a-s_scalbn.o)
                              /OPT/altera/12.1/nios2eds/bin/gnu/H-i686-pc-linux-gnu/bin/../lib/gcc/nios2-elf/4.1.2/../../../../nios2-elf/lib/libm.a(lib_a-e_pow.o) (scalbn)
/OPT/altera/12.1/nios2eds/bin/gnu/H-i686-pc-linux-gnu/bin/../lib/gcc/nios2-elf/4.1.2/../../../../nios2-elf/lib/libm.a(lib_a-s_copysign.o)
                              /OPT/altera/12.1/nios2eds/bin/gnu/H-i686-pc-linux-gnu/bin/../lib/gcc/nios2-elf/4.1.2/../../../../nios2-elf/lib/libm.a(lib_a-s_scalbn.o) (copysign)
/OPT/altera/12.1/nios2eds/bin/gnu/H-i686-pc-linux-gnu/bin/../lib/gcc/nios2-elf/4.1.2/libgcc.a(_addsub_sf.o)
                              obj/default/imu_i2c.o (__subsf3)
/OPT/altera/12.1/nios2eds/bin/gnu/H-i686-pc-linux-gnu/bin/../lib/gcc/nios2-elf/4.1.2/libgcc.a(_mul_sf.o)
                              obj/default/MPU9250/mpu9250.o (__mulsf3)
/OPT/altera/12.1/nios2eds/bin/gnu/H-i686-pc-linux-gnu/bin/../lib/gcc/nios2-elf/4.1.2/libgcc.a(_div_sf.o)
                              obj/default/MPU9250/mpu9250.o (__divsf3)
/OPT/altera/12.1/nios2eds/bin/gnu/H-i686-pc-linux-gnu/bin/../lib/gcc/nios2-elf/4.1.2/libgcc.a(_gt_sf.o)
                              obj/default/imu_i2c.o (__gtsf2)
/OPT/altera/12.1/nios2eds/bin/gnu/H-i686-pc-linux-gnu/bin/../lib/gcc/nios2-elf/4.1.2/libgcc.a(_lt_sf.o)
                              obj/default/imu_i2c.o (__ltsf2)
/OPT/altera/12.1/nios2eds/bin/gnu/H-i686-pc-linux-gnu/bin/../lib/gcc/nios2-elf/4.1.2/libgcc.a(_si_to_sf.o)
                              obj/default/MPU9250/mpu9250.o (__floatsisf)
/OPT/altera/12.1/nios2eds/bin/gnu/H-i686-pc-linux-gnu/bin/../lib/gcc/nios2-elf/4.1.2/libgcc.a(_sf_to_df.o)
                              obj/default/MPU9250/mpu9250.o (__extendsfdf2)
/OPT/altera/12.1/nios2eds/bin/gnu/H-i686-pc-linux-gnu/bin/../lib/gcc/nios2-elf/4.1.2/libgcc.a(_thenan_sf.o)
[...]
Memory Configuration

Name             Origin             Length             Attributes
sdram_0          0x00800000         0x00800000
reset            0x01400000         0x00000020
generic_tristate_controller_0 0x01400020         0x003fffe0
sram_0           0x01880000         0x00080000
onchip_memory2_0_BEFORE_EXCEPTION 0x01904000         0x00000020
onchip_memory2_0 0x01904020         0x00003fe0
*default*        0x00000000         0xffffffff

Linker script and memory map

LOAD ../NonVolatile_V1_bsp//obj/HAL/src/crt0.o
LOAD obj/default/MPU9250/mpu9250.o
LOAD obj/default/i2c/I2C.o
LOAD obj/default/imu_i2c.o
LOAD /OPT/altera/12.1/nios2eds/bin/gnu/H-i686-pc-linux-gnu/bin/../lib/gcc/nios2-elf/4.1.2/../../../../nios2-elf/lib/libstdc++.a
LOAD /OPT/altera/12.1/nios2eds/bin/gnu/H-i686-pc-linux-gnu/bin/../lib/gcc/nios2-elf/4.1.2/../../../../nios2-elf/lib/libm.a
LOAD /OPT/altera/12.1/nios2eds/bin/gnu/H-i686-pc-linux-gnu/bin/../lib/gcc/nios2-elf/4.1.2/libgcc.a
START GROUP
LOAD /OPT/altera/12.1/nios2eds/bin/gnu/H-i686-pc-linux-gnu/bin/../lib/gcc/nios2-elf/4.1.2/../../../../nios2-elf/lib/libc.a
LOAD /OPT/altera/12.1/nios2eds/bin/gnu/H-i686-pc-linux-gnu/bin/../lib/gcc/nios2-elf/4.1.2/libgcc.a
LOAD ../NonVolatile_V1_bsp//libucosii_bsp.a
END GROUP
LOAD /OPT/altera/12.1/nios2eds/bin/gnu/H-i686-pc-linux-gnu/bin/../lib/gcc/nios2-elf/4.1.2/libgcc.a
                0x00800000                __alt_mem_sdram_0 = 0x800000
                0x01400000                __alt_mem_generic_tristate_controller_0 = 0x1400000
                0x01880000                __alt_mem_sram_0 = 0x1880000
                0x01904000                __alt_mem_onchip_memory2_0 = 0x1904000

.entry          0x01400000        0x0
 *(.entry)
 .entry         0x01400000        0x0 ../NonVolatile_V1_bsp//obj/HAL/src/crt0.o
                0x01400000                __reset

.exceptions     0x01904020      0x19c
                0x01904020                PROVIDE (__ram_exceptions_start, ABSOLUTE (.))
                0x01904020                . = ALIGN (0x20)
 *(.irq)
 *(.exceptions.entry.label)
 .exceptions.entry.label
                0x01904020        0x0 ../NonVolatile_V1_bsp//libucosii_bsp.a(alt_irq_entry.o)
                0x01904020                alt_irq_entry
 .exceptions.entry.label
                0x01904020        0x0 ../NonVolatile_V1_bsp//libucosii_bsp.a(alt_exception_entry.o)
                0x01904020                alt_exception
 *(.exceptions.entry.user)
 *(.exceptions.entry)
 .exceptions.entry
                0x01904020       0x54 ../NonVolatile_V1_bsp//libucosii_bsp.a(alt_exception_entry.o)
 *(.exceptions.irqtest.user)
 *(.exceptions.irqtest)
 .exceptions.irqtest
                0x01904074       0x10 ../NonVolatile_V1_bsp//libucosii_bsp.a(alt_irq_entry.o)
 *(.exceptions.irqhandler.user)
 *(.exceptions.irqhandler)
 .exceptions.irqhandler
                0x01904084        0x4 ../NonVolatile_V1_bsp//libucosii_bsp.a(alt_irq_entry.o)
 *(.exceptions.irqreturn.user)
 *(.exceptions.irqreturn)
 .exceptions.irqreturn
                0x01904088        0x4 ../NonVolatile_V1_bsp//libucosii_bsp.a(alt_irq_entry.o)
 *(.exceptions.notirq.label)
 .exceptions.notirq.label
                0x0190408c        0x0 ../NonVolatile_V1_bsp//libucosii_bsp.a(alt_irq_entry.o)
 *(.exceptions.notirq.user)
 *(.exceptions.notirq)
 .exceptions.notirq
                0x0190408c        0x8 ../NonVolatile_V1_bsp//libucosii_bsp.a(alt_exception_entry.o)
 *(.exceptions.soft.user)
 *(.exceptions.soft)
 *(.exceptions.unknown.user)
 *(.exceptions.unknown)
 .exceptions.unknown
                0x01904094        0x4 ../NonVolatile_V1_bsp//libucosii_bsp.a(alt_exception_entry.o)
 *(.exceptions.exit.label)
 .exceptions.exit.label
                0x01904098        0x0 ../NonVolatile_V1_bsp//libucosii_bsp.a(alt_irq_entry.o)
 .exceptions.exit.label
                0x01904098        0x0 ../NonVolatile_V1_bsp//libucosii_bsp.a(alt_exception_entry.o)
 *(.exceptions.exit.user)
 *(.exceptions.exit)
 .exceptions.exit
                0x01904098       0x54 ../NonVolatile_V1_bsp//libucosii_bsp.a(alt_exception_entry.o)
 *(.exceptions)
 .exceptions    0x019040ec       0xd0 ../NonVolatile_V1_bsp//libucosii_bsp.a(alt_irq_handler.o)
                0x019040ec                alt_irq_handler
                0x019041bc                PROVIDE (__ram_exceptions_end, ABSOLUTE (.))
                0x01904020                PROVIDE (__flash_exceptions_start, LOADADDR (.exceptions))

.text           0x00800000    0x1c0e4
                0x00800000                PROVIDE (stext, ABSOLUTE (.))
 *(.interp)
 *(.hash)
 *(.dynsym)
 *(.dynstr)
 *(.gnu.version)
 *(.gnu.version_d)
 *(.gnu.version_r)
 *(.rel.init)
 *(.rela.init)
 *(.rel.text .rel.text.* .rel.gnu.linkonce.t.*)
 *(.rela.text .rela.text.* .rela.gnu.linkonce.t.*)
 *(.rel.fini)
 *(.rela.fini)
 *(.rel.rodata .rel.rodata.* .rel.gnu.linkonce.r.*)
 *(.rela.rodata .rela.rodata.* .rela.gnu.linkonce.r.*)
 *(.rel.data .rel.data.* .rel.gnu.linkonce.d.*)
 *(.rela.data .rela.data.* .rela.gnu.linkonce.d.*)
 *(.rel.tdata .rel.tdata.* .rel.gnu.linkonce.td.*)
 *(.rela.tdata .rela.tdata.* .rela.gnu.linkonce.td.*)
 *(.rel.tbss .rel.tbss.* .rel.gnu.linkonce.tb.*)
 *(.rela.tbss .rela.tbss.* .rela.gnu.linkonce.tb.*)
 *(.rel.ctors)
 *(.rela.ctors)
 *(.rel.dtors)
 *(.rela.dtors)
 *(.rel.got)
 *(.rela.got)
 *(.rel.sdata .rel.sdata.* .rel.gnu.linkonce.s.*)
 *(.rela.sdata .rela.sdata.* .rela.gnu.linkonce.s.*)
 *(.rel.sbss .rel.sbss.* .rel.gnu.linkonce.sb.*)
 *(.rela.sbss .rela.sbss.* .rela.gnu.linkonce.sb.*)
 *(.rel.sdata2 .rel.sdata2.* .rel.gnu.linkonce.s2.*)
 *(.rela.sdata2 .rela.sdata2.* .rela.gnu.linkonce.s2.*)
 *(.rel.sbss2 .rel.sbss2.* .rel.gnu.linkonce.sb2.*)
 *(.rela.sbss2 .rela.sbss2.* .rela.gnu.linkonce.sb2.*)
 *(.rel.bss .rel.bss.* .rel.gnu.linkonce.b.*)
 *(.rela.bss .rela.bss.* .rela.gnu.linkonce.b.*)
 *(.rel.plt)
 *(.rela.plt)
 *(.rel.dyn)
 *(.init)
 *(.plt)
 *(.text .stub .text.* .gnu.linkonce.t.*)
 .text          0x00800000       0x48 ../NonVolatile_V1_bsp//obj/HAL/src/crt0.o
                0x00800000                _start
 .text          0x00800048     0x2498 obj/default/MPU9250/mpu9250.o
                0x00800048                getAres
                0x00800074                getGres
                0x008000a0                readAccelData
                0x008001a0                readGyroData
                0x008002a0                initMPU9250
                0x008005f8                calibrateMPU9250
                0x008014f8                MPU9250SelfTest
 .text          0x008024e0      0xa80 obj/default/i2c/I2C.o
                0x008024e0                I2C_Start
                0x00802518                I2C_Stop
                0x00802550                I2C_WriteToDevice
                0x00802648                I2C_WriteToDeviceRegister
                0x00802778                I2C_WriteMore
                0x0080283c                I2C_ReadFromDevice
                0x00802930                I2C_ReadFromDeviceRegister
                0x00802a8c                I2C_ReadMore
                0x00802b38                i2c_selectAddress
                0x00802bb0                i2c_start
                0x00802c38                i2c_stop
                0x00802cb0                i2c_write
                0x00802df4                i2c_read
 .text          0x00802f60      0xe04 obj/default/imu_i2c.o
                0x00802f60                task1
                0x00803c00                main
                0x00803c88                init_pedal_pio
                0x00803cdc                interrupt_isr_pedalPress
 .text          0x00803d64      0x488 /OPT/altera/12.1/nios2eds/bin/gnu/H-i686-pc-linux-gnu/bin/../lib/gcc/nios2-elf/4.1.2/../../../../nios2-elf/lib/libm.a(lib_a-w_pow.o)
                0x00803d64                pow
 .text          0x008041ec     0x1300 /OPT/altera/12.1/nios2eds/bin/gnu/H-i686-pc-linux-gnu/bin/../lib/gcc/nios2-elf/4.1.2/../../../../nios2-elf/lib/libm.a(lib_a-e_pow.o)
                0x008041ec                __ieee754_pow
 .text          0x008054ec      0x2c8 /OPT/altera/12.1/nios2eds/bin/gnu/H-i686-pc-linux-gnu/bin/../lib/gcc/nios2-elf/4.1.2/../../../../nios2-elf/lib/libm.a(lib_a-e_sqrt.o)
                0x008054ec                __ieee754_sqrt
 .text          0x008057b4       0x18 /OPT/altera/12.1/nios2eds/bin/gnu/H-i686-pc-linux-gnu/bin/../lib/gcc/nios2-elf/4.1.2/../../../../nios2-elf/lib/libm.a(lib_a-s_fabs.o)
                0x008057b4                fabs
 .text          0x008057cc       0x1c /OPT/altera/12.1/nios2eds/bin/gnu/H-i686-pc-linux-gnu/bin/../lib/gcc/nios2-elf/4.1.2/../../../../nios2-elf/lib/libm.a(lib_a-s_finite.o)
                0x008057cc                finite
 .text          0x008057e8       0x30 /OPT/altera/12.1/nios2eds/bin/gnu/H-i686-pc-linux-gnu/bin/../lib/gcc/nios2-elf/4.1.2/../../../../nios2-elf/lib/libm.a(lib_a-s_isnand.o)
                0x008057e8                __isnand
 .text          0x00805818        0x0 /OPT/altera/12.1/nios2eds/bin/gnu/H-i686-pc-linux-gnu/bin/../lib/gcc/nios2-elf/4.1.2/../../../../nios2-elf/lib/libm.a(lib_a-s_lib_ver.o)
 .text          0x00805818        0x8 /OPT/altera/12.1/nios2eds/bin/gnu/H-i686-pc-linux-gnu/bin/../lib/gcc/nios2-elf/4.1.2/../../../../nios2-elf/lib/libm.a(lib_a-s_matherr.o)
                0x00805818                matherr
 .text          0x00805820       0x10 /OPT/altera/12.1/nios2eds/bin/gnu/H-i686-pc-linux-gnu/bin/../lib/gcc/nios2-elf/4.1.2/../../../../nios2-elf/lib/libm.a(lib_a-s_nan.o)
                0x00805820                nan
 .text          0x00805830      0x210 /OPT/altera/12.1/nios2eds/bin/gnu/H-i686-pc-linux-gnu/bin/../lib/gcc/nios2-elf/4.1.2/../../../../nios2-elf/lib/libm.a(lib_a-s_rint.o)
                0x00805830                rint
 .text          0x00805a40      0x1e0 /OPT/altera/12.1/nios2eds/bin/gnu/H-i686-pc-linux-gnu/bin/../lib/gcc/nios2-elf/4.1.2/../../../../nios2-elf/lib/libm.a(lib_a-s_scalbn.o)
                0x00805a40                scalbn
 .text          0x00805c20       0x24 /OPT/altera/12.1/nios2eds/bin/gnu/H-i686-pc-linux-gnu/bin/../lib/gcc/nios2-elf/4.1.2/../../../../nios2-elf/lib/libm.a(lib_a-s_copysign.o)
                0x00805c20                copysign
 .text          0x00805c44      0x2b8 /OPT/altera/12.1/nios2eds/bin/gnu/H-i686-pc-linux-gnu/bin/../lib/gcc/nios2-elf/4.1.2/libgcc.a(_addsub_sf.o)
                0x00805e28                __subsf3
                0x00805e98                __addsf3
 .text          0x00805efc      0x1e0 /OPT/altera/12.1/nios2eds/bin/gnu/H-i686-pc-linux-gnu/bin/../lib/gcc/nios2-elf/4.1.2/libgcc.a(_mul_sf.o)
                0x00805efc                __mulsf3
 .text          0x008060dc      0x174 /OPT/altera/12.1/nios2eds/bin/gnu/H-i686-pc-linux-gnu/bin/../lib/gcc/nios2-elf/4.1.2/libgcc.a(_div_sf.o)
                0x008060dc                __divsf3
 .text          0x00806250       0x78 /OPT/altera/12.1/nios2eds/bin/gnu/H-i686-pc-linux-gnu/bin/../lib/gcc/nios2-elf/4.1.2/libgcc.a(_gt_sf.o)
                0x00806250                __gtsf2
 .text          0x008062c8       0x78 /OPT/altera/12.1/nios2eds/bin/gnu/H-i686-pc-linux-gnu/bin/../lib/gcc/nios2-elf/4.1.2/libgcc.a(_lt_sf.o)
                0x008062c8                __ltsf2
 .text          0x00806340       0x98 /OPT/altera/12.1/nios2eds/bin/gnu/H-i686-pc-linux-gnu/bin/../lib/gcc/nios2-elf/4.1.2/libgcc.a(_si_to_sf.o)
                0x00806340                __floatsisf
 .text          0x008063d8       0x54 /OPT/altera/12.1/nios2eds/bin/gnu/H-i686-pc-linux-gnu/bin/../lib/gcc/nios2-elf/4.1.2/libgcc.a(_sf_to_df.o)
                0x008063d8                __extendsfdf2
 .text          0x0080642c        0x0 /OPT/altera/12.1/nios2eds/bin/gnu/H-i686-pc-linux-gnu/bin/../lib/gcc/nios2-elf/4.1.2/libgcc.a(_thenan_sf.o)
 .text          0x0080642c       0xc0 /OPT/altera/12.1/nios2eds/bin/gnu/H-i686-pc-linux-gnu/bin/../lib/gcc/nios2-elf/4.1.2/libgcc.a(_usi_to_sf.o)
                0x0080642c                __floatunsisf
 .text          0x008064ec      0x504 /OPT/altera/12.1/nios2eds/bin/gnu/H-i686-pc-linux-gnu/bin/../lib/gcc/nios2-elf/4.1.2/libgcc.a(_addsub_df.o)
                0x008068fc                __subdf3
                0x0080697c                __adddf3
 .text          0x008069f0      0x3c4 /OPT/altera/12.1/nios2eds/bin/gnu/H-i686-pc-linux-gnu/bin/../lib/gcc/nios2-elf/4.1.2/libgcc.a(_mul_df.o)
                0x008069f0                __muldf3
 .text          0x00806db4      0x258 /OPT/altera/12.1/nios2eds/bin/gnu/H-i686-pc-linux-gnu/bin/../lib/gcc/nios2-elf/4.1.2/libgcc.a(_div_df.o)
                0x00806db4                __divdf3
 .text          0x0080700c       0x88 /OPT/altera/12.1/nios2eds/bin/gnu/H-i686-pc-linux-gnu/bin/../lib/gcc/nios2-elf/4.1.2/libgcc.a(_eq_df.o)
                0x0080700c                __eqdf2
 .text          0x00807094       0x88 /OPT/altera/12.1/nios2eds/bin/gnu/H-i686-pc-linux-gnu/bin/../lib/gcc/nios2-elf/4.1.2/libgcc.a(_ne_df.o)
                0x00807094                __nedf2
 .text          0x0080711c       0x88 /OPT/altera/12.1/nios2eds/bin/gnu/H-i686-pc-linux-gnu/bin/../lib/gcc/nios2-elf/4.1.2/libgcc.a(_gt_df.o)
                0x0080711c                __gtdf2
 .text          0x008071a4       0x88 /OPT/altera/12.1/nios2eds/bin/gnu/H-i686-pc-linux-gnu/bin/../lib/gcc/nios2-elf/4.1.2/libgcc.a(_lt_df.o)
                0x008071a4                __ltdf2
 .text          0x0080722c       0x88 /OPT/altera/12.1/nios2eds/bin/gnu/H-i686-pc-linux-gnu/bin/../lib/gcc/nios2-elf/4.1.2/libgcc.a(_le_df.o)
                0x0080722c                __ledf2
 .text          0x008072b4       0xf8 /OPT/altera/12.1/nios2eds/bin/gnu/H-i686-pc-linux-gnu/bin/../lib/gcc/nios2-elf/4.1.2/libgcc.a(_si_to_df.o)
                0x008072b4                __floatsidf
 .text          0x008073ac       0x38 /OPT/altera/12.1/nios2eds/bin/gnu/H-i686-pc-linux-gnu/bin/../lib/gcc/nios2-elf/4.1.2/libgcc.a(_make_df.o)
                0x008073ac                __make_dp
 .text          0x008073e4       0x74 /OPT/altera/12.1/nios2eds/bin/gnu/H-i686-pc-linux-gnu/bin/../lib/gcc/nios2-elf/4.1.2/libgcc.a(_df_to_sf.o)
                0x008073e4                __truncdfsf2
 .text          0x00807458        0x0 /OPT/altera/12.1/nios2eds/bin/gnu/H-i686-pc-linux-gnu/bin/../lib/gcc/nios2-elf/4.1.2/libgcc.a(_thenan_df.o)
 .text          0x00807458      0x14c /OPT/altera/12.1/nios2eds/bin/gnu/H-i686-pc-linux-gnu/bin/../lib/gcc/nios2-elf/4.1.2/libgcc.a(lib2-divmod.o)
                0x008074d4                __divsi3
                0x00807534                __modsi3
                0x00807594                __udivsi3
                0x0080759c                __umodsi3
 .text          0x008075a4       0x98 /OPT/altera/12.1/nios2eds/bin/gnu/H-i686-pc-linux-gnu/bin/../lib/gcc/nios2-elf/4.1.2/libgcc.a(_muldi3.o)
                0x008075a4                __muldi3
 .text          0x0080763c       0x80 /OPT/altera/12.1/nios2eds/bin/gnu/H-i686-pc-linux-gnu/bin/../lib/gcc/nios2-elf/4.1.2/libgcc.a(_clzsi2.o)
                0x0080763c                __clzsi2
 .text          0x008076bc      0x160 /OPT/altera/12.1/nios2eds/bin/gnu/H-i686-pc-linux-gnu/bin/../lib/gcc/nios2-elf/4.1.2/libgcc.a(_pack_sf.o)
                0x008076bc                __pack_f
 .text          0x0080781c       0xc8 /OPT/altera/12.1/nios2eds/bin/gnu/H-i686-pc-linux-gnu/bin/../lib/gcc/nios2-elf/4.1.2/libgcc.a(_unpack_sf.o)
                0x0080781c                __unpack_f
 .text          0x008078e4       0xa8 /OPT/altera/12.1/nios2eds/bin/gnu/H-i686-pc-linux-gnu/bin/../lib/gcc/nios2-elf/4.1.2/libgcc.a(_fpcmp_parts_sf.o)
                0x008078e4                __fpcmp_parts_f
 .text          0x0080798c       0x2c /OPT/altera/12.1/nios2eds/bin/gnu/H-i686-pc-linux-gnu/bin/../lib/gcc/nios2-elf/4.1.2/libgcc.a(_make_sf.o)
                0x0080798c                __make_fp
 .text          0x008079b8      0x314 /OPT/altera/12.1/nios2eds/bin/gnu/H-i686-pc-linux-gnu/bin/../lib/gcc/nios2-elf/4.1.2/libgcc.a(_pack_df.o)
                0x008079b8                __pack_d
 .text          0x00807ccc      0x138 /OPT/altera/12.1/nios2eds/bin/gnu/H-i686-pc-linux-gnu/bin/../lib/gcc/nios2-elf/4.1.2/libgcc.a(_unpack_df.o)
                0x00807ccc                __unpack_d
 .text          0x00807e04       0xc8 /OPT/altera/12.1/nios2eds/bin/gnu/H-i686-pc-linux-gnu/bin/../lib/gcc/nios2-elf/4.1.2/libgcc.a(_fpcmp_parts_df.o)
                0x00807e04                __fpcmp_parts_d
 .text          0x00807ecc        0x0 /OPT/altera/12.1/nios2eds/bin/gnu/H-i686-pc-linux-gnu/bin/../lib/gcc/nios2-elf/4.1.2/libgcc.a(_clz.o)
 .text          0x00807ecc       0x10 /OPT/altera/12.1/nios2eds/bin/gnu/H-i686-pc-linux-gnu/bin/../lib/gcc/nios2-elf/4.1.2/../../../../nios2-elf/lib/libc.a(lib_a-errno.o)
                0x00807ecc                __errno
 .text          0x00807edc        0x0 /OPT/altera/12.1/nios2eds/bin/gnu/H-i686-pc-linux-gnu/bin/../lib/gcc/nios2-elf/4.1.2/../../../../nios2-elf/lib/libc.a(lib_a-impure.o)
 .text          0x00807edc       0x78 /OPT/altera/12.1/nios2eds/bin/gnu/H-i686-pc-linux-gnu/bin/../lib/gcc/nios2-elf/4.1.2/../../../../nios2-elf/lib/libc.a(lib_a-printf.o)
                0x00807edc                printf
                0x00807f20                _printf_r
 .text          0x00807f54       0xb4 /OPT/altera/12.1/nios2eds/bin/gnu/H-i686-pc-linux-gnu/bin/../lib/gcc/nios2-elf/4.1.2/../../../../nios2-elf/lib/libc.a(lib_a-puts.o)
                0x00807f54                _puts_r
                0x00807ff4                puts
 .text          0x00808008       0xd4 /OPT/altera/12.1/nios2eds/bin/gnu/H-i686-pc-linux-gnu/bin/../lib/gcc/nios2-elf/4.1.2/../../../../nios2-elf/lib/libc.a(lib_a-sprintf.o)
                0x00808008                sprintf
                0x0080807c                _sprintf_r
 .text          0x008080dc       0x74 /OPT/altera/12.1/nios2eds/bin/gnu/H-i686-pc-linux-gnu/bin/../lib/gcc/nios2-elf/4.1.2/../../../../nios2-elf/lib/libc.a(lib_a-strlen.o)
                0x008080dc                strlen
 .text          0x00808150     0x1f28 /OPT/altera/12.1/nios2eds/bin/gnu/H-i686-pc-linux-gnu/bin/../lib/gcc/nios2-elf/4.1.2/../../../../nios2-elf/lib/libc.a(lib_a-vfprintf.o)
                0x008081a8                ___vfprintf_internal_r
                0x0080a054                __vfprintf_internal
 .text          0x0080a078      0x13c /OPT/altera/12.1/nios2eds/bin/gnu/H-i686-pc-linux-gnu/bin/../lib/gcc/nios2-elf/4.1.2/../../../../nios2-elf/lib/libc.a(lib_a-wsetup.o)
                0x0080a078                __swsetup_r
 .text          0x0080a1b4     0x17cc /OPT/altera/12.1/nios2eds/bin/gnu/H-i686-pc-linux-gnu/bin/../lib/gcc/nios2-elf/4.1.2/../../../../nios2-elf/lib/libc.a(lib_a-dtoa.o)
                0x0080a3cc                _dtoa_r
 .text          0x0080b980      0x230 /OPT/altera/12.1/nios2eds/bin/gnu/H-i686-pc-linux-gnu/bin/../lib/gcc/nios2-elf/4.1.2/../../../../nios2-elf/lib/libc.a(lib_a-fflush.o)
                0x0080b980                _fflush_r
                0x0080bb7c                fflush
 .text          0x0080bbb0      0x2c0 /OPT/altera/12.1/nios2eds/bin/gnu/H-i686-pc-linux-gnu/bin/../lib/gcc/nios2-elf/4.1.2/../../../../nios2-elf/lib/libc.a(lib_a-findfp.o)
                0x0080bc08                __sfp_lock_acquire
                0x0080bc0c                __sfp_lock_release
                0x0080bc10                __sinit_lock_acquire
                0x0080bc14                __sinit_lock_release
                0x0080bc18                __sinit
                0x0080bccc                __fp_unlock_all
                0x0080bce4                __fp_lock_all
                0x0080bcfc                _cleanup_r
                0x0080bd08                _cleanup
                0x0080bd18                __sfmoreglue
                0x0080bd80                __sfp
 .text          0x0080be70      0x440 /OPT/altera/12.1/nios2eds/bin/gnu/H-i686-pc-linux-gnu/bin/../lib/gcc/nios2-elf/4.1.2/../../../../nios2-elf/lib/libc.a(lib_a-freer.o)
                0x0080be70                _malloc_trim_r
                0x0080bf9c                _free_r
 .text          0x0080c2b0      0x49c /OPT/altera/12.1/nios2eds/bin/gnu/H-i686-pc-linux-gnu/bin/../lib/gcc/nios2-elf/4.1.2/../../../../nios2-elf/lib/libc.a(lib_a-fvwrite.o)
                0x0080c2b0                __sfvwrite_r
 .text          0x0080c74c      0x180 /OPT/altera/12.1/nios2eds/bin/gnu/H-i686-pc-linux-gnu/bin/../lib/gcc/nios2-elf/4.1.2/../../../../nios2-elf/lib/libc.a(lib_a-fwalk.o)
                0x0080c74c                _fwalk_reent
                0x0080c814                _fwalk
 .text          0x0080c8cc       0xc4 /OPT/altera/12.1/nios2eds/bin/gnu/H-i686-pc-linux-gnu/bin/../lib/gcc/nios2-elf/4.1.2/../../../../nios2-elf/lib/libc.a(lib_a-locale.o)
                0x0080c8cc                __locale_charset
                0x0080c8d4                _localeconv_r
                0x0080c8e0                localeconv
                0x0080c8f0                _setlocale_r
                0x0080c974                setlocale
 .text          0x0080c990      0x194 /OPT/altera/12.1/nios2eds/bin/gnu/H-i686-pc-linux-gnu/bin/../lib/gcc/nios2-elf/4.1.2/../../../../nios2-elf/lib/libc.a(lib_a-makebuf.o)
                0x0080c990                __smakebuf_r
 .text          0x0080cb24      0x740 /OPT/altera/12.1/nios2eds/bin/gnu/H-i686-pc-linux-gnu/bin/../lib/gcc/nios2-elf/4.1.2/../../../../nios2-elf/lib/libc.a(lib_a-mallocr.o)
                0x0080cb24                _malloc_r
 .text          0x0080d264       0xe4 /OPT/altera/12.1/nios2eds/bin/gnu/H-i686-pc-linux-gnu/bin/../lib/gcc/nios2-elf/4.1.2/../../../../nios2-elf/lib/libc.a(lib_a-memchr.o)
                0x0080d264                memchr
 .text          0x0080d348       0xa0 /OPT/altera/12.1/nios2eds/bin/gnu/H-i686-pc-linux-gnu/bin/../lib/gcc/nios2-elf/4.1.2/../../../../nios2-elf/lib/libc.a(lib_a-memcpy.o)
                0x0080d348                memcpy
 .text          0x0080d3e8       0xe0 /OPT/altera/12.1/nios2eds/bin/gnu/H-i686-pc-linux-gnu/bin/../lib/gcc/nios2-elf/4.1.2/../../../../nios2-elf/lib/libc.a(lib_a-memmove.o)
                0x0080d3e8                memmove
 .text          0x0080d4c8       0x98 /OPT/altera/12.1/nios2eds/bin/gnu/H-i686-pc-linux-gnu/bin/../lib/gcc/nios2-elf/4.1.2/../../../../nios2-elf/lib/libc.a(lib_a-memset.o)
                0x0080d4c8                memset
 .text          0x0080d560      0xff4 /OPT/altera/12.1/nios2eds/bin/gnu/H-i686-pc-linux-gnu/bin/../lib/gcc/nios2-elf/4.1.2/../../../../nios2-elf/lib/libc.a(lib_a-mprec.o)
                0x0080d560                _Bfree
                0x0080d588                __hi0bits
                0x0080d5f8                __lo0bits
                0x0080d6bc                __mcmp
                0x0080d71c                __ulp
                0x0080d79c                __b2d
                0x0080d8bc                __ratio
                0x0080d96c                _mprec_log10
                0x0080da00                __copybits
                0x0080da58                __any_on
                0x0080dae0                _Balloc
                0x0080db9c                __d2b
                0x0080dd18                __mdiff
                0x0080dea4                __lshift
                0x0080dff0                __multiply
                0x0080e1d8                __i2b
                0x0080e214                __multadd
                0x0080e314                __pow5mult
                0x0080e434                __s2b
 .text          0x0080e554      0x5f4 /OPT/altera/12.1/nios2eds/bin/gnu/H-i686-pc-linux-gnu/bin/../lib/gcc/nios2-elf/4.1.2/../../../../nios2-elf/lib/libc.a(lib_a-reallocr.o)
                0x0080e554                _realloc_r
 .text          0x0080eb48       0x40 /OPT/altera/12.1/nios2eds/bin/gnu/H-i686-pc-linux-gnu/bin/../lib/gcc/nios2-elf/4.1.2/../../../../nios2-elf/lib/libc.a(lib_a-s_isinfd.o)
                0x0080eb48                __isinfd
 .text          0x0080eb88       0x70 /OPT/altera/12.1/nios2eds/bin/gnu/H-i686-pc-linux-gnu/bin/../lib/gcc/nios2-elf/4.1.2/../../../../nios2-elf/lib/libc.a(lib_a-sbrkr.o)
                0x0080eb88                _sbrk_r
 .text          0x0080ebf8      0x14c /OPT/altera/12.1/nios2eds/bin/gnu/H-i686-pc-linux-gnu/bin/../lib/gcc/nios2-elf/4.1.2/../../../../nios2-elf/lib/libc.a(lib_a-stdio.o)
                0x0080ebf8                __sclose
                0x0080ec00                __sseek
                0x0080ec68                __swrite
                0x0080ece4                __sread
 .text          0x0080ed44       0xbc /OPT/altera/12.1/nios2eds/bin/gnu/H-i686-pc-linux-gnu/bin/../lib/gcc/nios2-elf/4.1.2/../../../../nios2-elf/lib/libc.a(lib_a-strcmp.o)
                0x0080ed44                strcmp
 .text          0x0080ee00       0x78 /OPT/altera/12.1/nios2eds/bin/gnu/H-i686-pc-linux-gnu/bin/../lib/gcc/nios2-elf/4.1.2/../../../../nios2-elf/lib/libc.a(lib_a-writer.o)
                0x0080ee00                _write_r
 .text          0x0080ee78       0xb4 /OPT/altera/12.1/nios2eds/bin/gnu/H-i686-pc-linux-gnu/bin/../lib/gcc/nios2-elf/4.1.2/../../../../nios2-elf/lib/libc.a(lib_a-callocr.o)
                0x0080ee78                _calloc_r
 .text          0x0080ef2c       0x70 /OPT/altera/12.1/nios2eds/bin/gnu/H-i686-pc-linux-gnu/bin/../lib/gcc/nios2-elf/4.1.2/../../../../nios2-elf/lib/libc.a(lib_a-closer.o)
                0x0080ef2c                _close_r
 .text          0x0080ef9c      0x124 /OPT/altera/12.1/nios2eds/bin/gnu/H-i686-pc-linux-gnu/bin/../lib/gcc/nios2-elf/4.1.2/../../../../nios2-elf/lib/libc.a(lib_a-fclose.o)
                0x0080ef9c                _fclose_r
                0x0080f0ac                fclose
 .text          0x0080f0c0       0x74 /OPT/altera/12.1/nios2eds/bin/gnu/H-i686-pc-linux-gnu/bin/../lib/gcc/nios2-elf/4.1.2/../../../../nios2-elf/lib/libc.a(lib_a-fstatr.o)
                0x0080f0c0                _fstat_r
 .text          0x0080f134        0x0 /OPT/altera/12.1/nios2eds/bin/gnu/H-i686-pc-linux-gnu/bin/../lib/gcc/nios2-elf/4.1.2/../../../../nios2-elf/lib/libc.a(lib_a-int_errno.o)
 .text          0x0080f134       0x70 /OPT/altera/12.1/nios2eds/bin/gnu/H-i686-pc-linux-gnu/bin/../lib/gcc/nios2-elf/4.1.2/../../../../nios2-elf/lib/libc.a(lib_a-isattyr.o)
                0x0080f134                _isatty_r
 .text          0x0080f1a4       0x78 /OPT/altera/12.1/nios2eds/bin/gnu/H-i686-pc-linux-gnu/bin/../lib/gcc/nios2-elf/4.1.2/../../../../nios2-elf/lib/libc.a(lib_a-lseekr.o)
                0x0080f1a4                _lseek_r
 .text          0x0080f21c       0x78 /OPT/altera/12.1/nios2eds/bin/gnu/H-i686-pc-linux-gnu/bin/../lib/gcc/nios2-elf/4.1.2/../../../../nios2-elf/lib/libc.a(lib_a-readr.o)
                0x0080f21c                _read_r
 .text          0x0080f294      0x5dc /OPT/altera/12.1/nios2eds/bin/gnu/H-i686-pc-linux-gnu/bin/../lib/gcc/nios2-elf/4.1.2/libgcc.a(_udivdi3.o)
                0x0080f294                __udivdi3
 .text          0x0080f870      0x5b0 /OPT/altera/12.1/nios2eds/bin/gnu/H-i686-pc-linux-gnu/bin/../lib/gcc/nios2-elf/4.1.2/libgcc.a(_umoddi3.o)
                0x0080f870                __umoddi3
 .text          0x0080fe20       0x88 /OPT/altera/12.1/nios2eds/bin/gnu/H-i686-pc-linux-gnu/bin/../lib/gcc/nios2-elf/4.1.2/libgcc.a(_ge_df.o)
                0x0080fe20                __gedf2
 .text          0x0080fea8       0xd8 /OPT/altera/12.1/nios2eds/bin/gnu/H-i686-pc-linux-gnu/bin/../lib/gcc/nios2-elf/4.1.2/libgcc.a(_df_to_si.o)
                0x0080fea8                __fixdfsi
 .text          0x0080ff80      0x194 /OPT/altera/12.1/nios2eds/bin/gnu/H-i686-pc-linux-gnu/bin/../lib/gcc/nios2-elf/4.1.2/libgcc.a(_usi_to_df.o)
                0x0080ff80                __floatunsidf
 .text          0x00810114      0x15c ../NonVolatile_V1_bsp//libucosii_bsp.a(alt_close.o)
                0x00810114                close
 .text          0x00810270       0x2c ../NonVolatile_V1_bsp//libucosii_bsp.a(alt_dev.o)
 .text          0x0081029c        0x0 ../NonVolatile_V1_bsp//libucosii_bsp.a(alt_errno.o)
 .text          0x0081029c      0x134 ../NonVolatile_V1_bsp//libucosii_bsp.a(alt_fstat.o)
                0x0081029c                fstat
 .text          0x008103d0      0x1c0 ../NonVolatile_V1_bsp//libucosii_bsp.a(alt_irq_register.o)
                0x008103d0                alt_irq_register
 .text          0x00810590        0x0 ../NonVolatile_V1_bsp//libucosii_bsp.a(alt_irq_vars.o)
 .text          0x00810590      0x120 ../NonVolatile_V1_bsp//libucosii_bsp.a(alt_isatty.o)
                0x00810590                isatty
 .text          0x008106b0      0x150 ../NonVolatile_V1_bsp//libucosii_bsp.a(alt_lseek.o)
                0x008106b0                lseek
 .text          0x00810800       0xc8 ../NonVolatile_V1_bsp//libucosii_bsp.a(alt_main.o)
                0x00810800                alt_main
 .text          0x008108c8      0x180 ../NonVolatile_V1_bsp//libucosii_bsp.a(alt_read.o)
                0x008108c8                read
 .text          0x00810a48       0x60 ../NonVolatile_V1_bsp//libucosii_bsp.a(alt_release_fd.o)
                0x00810a48                alt_release_fd
 .text          0x00810aa8       0xbc ../NonVolatile_V1_bsp//libucosii_bsp.a(alt_sbrk.o)
                0x00810aa8                sbrk
 .text          0x00810b64      0x118 ../NonVolatile_V1_bsp//libucosii_bsp.a(alt_usleep.o)
                0x00810b64                usleep
 .text          0x00810c7c      0x180 ../NonVolatile_V1_bsp//libucosii_bsp.a(alt_write.o)
                0x00810c7c                write
 .text          0x00810dfc      0x108 ../NonVolatile_V1_bsp//libucosii_bsp.a(alt_env_lock.o)
                0x00810dfc                __env_lock
                0x00810ea8                __env_unlock
 .text          0x00810f04      0x1d8 ../NonVolatile_V1_bsp//libucosii_bsp.a(alt_malloc_lock.o)
                0x00810f04                __malloc_lock
                0x0081100c                __malloc_unlock
 .text          0x008110dc     0x2128 ../NonVolatile_V1_bsp//libucosii_bsp.a(os_core.o)
                0x008110dc                OSEventNameGet
                0x0081120c                OSEventNameSet
                0x00811350                OSEventPendMulti
                0x00811a04                OSInit
                0x00811a58                OSIntEnter
                0x00811ad4                OSIntExit
                0x00811bd4                OSSchedLock
                0x00811c60                OSSchedUnlock
                0x00811d44                OSStart
                0x00811db4                OSStatInit
                0x00811e60                OSTimeTick
                0x008120a0                OSVersion
                0x008120c0                OS_Dummy
                0x008120dc                OS_EventTaskRdy
                0x00812270                OS_EventTaskWait
                0x00812380                OS_EventTaskWaitMulti
                0x008124d4                OS_EventTaskRemove
                0x0081258c                OS_EventTaskRemoveMulti
                0x00812690                OS_EventWaitListInit
                0x00812a5c                OS_MemClr
                0x00812ab0                OS_MemCopy
                0x00812b1c                OS_Sched
                0x00812c60                OS_StrCopy
                0x00812ce0                OS_StrLen
                0x00812d38                OS_TaskIdle
                0x00812d94                OS_TaskStat
                0x00812e5c                OS_TaskStatStkChk
                0x00812f24                OS_TCBInit
 .text          0x00813204      0x18c ../NonVolatile_V1_bsp//libucosii_bsp.a(os_dbg.o)
                0x00813204                OSDebugInit
 .text          0x00813390     0x193c ../NonVolatile_V1_bsp//libucosii_bsp.a(os_flag.o)
                0x00813390                OSFlagAccept
                0x008136c4                OSFlagCreate
                0x00813800                OSFlagDel
                0x00813aa8                OSFlagNameGet
                0x00813bec                OSFlagNameSet
                0x00813d40                OSFlagPend
                0x00814384                OSFlagPendGetFlagsRdy
                0x008143ec                OSFlagPost
                0x00814794                OSFlagQuery
                0x00814a2c                OS_FlagInit
                0x00814c20                OS_FlagUnlink
 .text          0x00814ccc      0x808 ../NonVolatile_V1_bsp//libucosii_bsp.a(os_mem.o)
                0x00814ccc                OSMemCreate
                0x00814ee8                OSMemGet
                0x00814fec                OSMemNameGet
                0x008150f8                OSMemNameSet
                0x00815218                OSMemPut
                0x00815308                OSMemQuery
                0x00815404                OS_MemInit
 .text          0x008154d4     0x1334 ../NonVolatile_V1_bsp//libucosii_bsp.a(os_q.o)
                0x008154d4                OSQAccept
                0x00815628                OSQCreate
                0x0081583c                OSQDel
                0x00815b3c                OSQFlush
                0x00815c04                OSQPend
                0x00815f24                OSQPendAbort
                0x008160a0                OSQPost
                0x00816220                OSQPostFront
                0x008163a8                OSQPostOpt
                0x008165dc                OSQQuery
                0x0081675c                OS_QInit
 .text          0x00816808      0xbc8 ../NonVolatile_V1_bsp//libucosii_bsp.a(os_sem.o)
                0x00816808                OSSemAccept
                0x008168c8                OSSemCreate
                0x008169dc                OSSemDel
                0x00816c7c                OSSemPend
                0x00816ef8                OSSemPendAbort
                0x00817074                OSSemPost
                0x0081719c                OSSemQuery
                0x008172cc                OSSemSet
 .text          0x008173d0     0x1a40 ../NonVolatile_V1_bsp//libucosii_bsp.a(os_task.o)
                0x008173d0                OSTaskChangePrio
                0x00817944                OSTaskCreate
                0x00817b18                OSTaskCreateExt
                0x00817d18                OSTaskDel
                0x00818124                OSTaskDelReq
                0x00818294                OSTaskNameGet
                0x0081844c                OSTaskNameSet
                0x00818610                OSTaskResume
                0x00818828                OSTaskStkChk
                0x00818a24                OSTaskSuspend
                0x00818c50                OSTaskQuery
                0x00818d94                OS_TaskStkClr
 .text          0x00818e10      0x598 ../NonVolatile_V1_bsp//libucosii_bsp.a(os_time.o)
                0x00818e10                OSTimeDly
                0x00818f5c                OSTimeDlyHMSM
                0x008190d0                OSTimeDlyResume
                0x008192e0                OSTimeGet
                0x00819344                OSTimeSet
 .text          0x008193a8       0xf8 ../NonVolatile_V1_bsp//libucosii_bsp.a(alt_sys_init.o)
                0x008193a8                alt_irq_init
                0x008193dc                alt_sys_init
 .text          0x008194a0      0x148 ../NonVolatile_V1_bsp//libucosii_bsp.a(altera_avalon_jtag_uart_fd.o)
                0x008194a0                altera_avalon_jtag_uart_read_fd
                0x008194f8                altera_avalon_jtag_uart_write_fd
                0x00819550                altera_avalon_jtag_uart_close_fd
                0x00819598                altera_avalon_jtag_uart_ioctl_fd
 .text          0x008195e8      0x584 ../NonVolatile_V1_bsp//libucosii_bsp.a(altera_avalon_jtag_uart_init.o)
                0x008195e8                altera_avalon_jtag_uart_init
                0x00819af8                altera_avalon_jtag_uart_close
 .text          0x00819b6c       0xf4 ../NonVolatile_V1_bsp//libucosii_bsp.a(altera_avalon_jtag_uart_ioctl.o)
                0x00819b6c                altera_avalon_jtag_uart_ioctl
 .text          0x00819c60      0x2c0 ../NonVolatile_V1_bsp//libucosii_bsp.a(altera_avalon_jtag_uart_read.o)
                0x00819c60                altera_avalon_jtag_uart_read
 .text          0x00819f20      0x2dc ../NonVolatile_V1_bsp//libucosii_bsp.a(altera_avalon_jtag_uart_write.o)
                0x00819f20                altera_avalon_jtag_uart_write
 .text          0x0081a1fc      0x100 ../NonVolatile_V1_bsp//libucosii_bsp.a(altera_avalon_timer_sc.o)
                0x0081a26c                alt_avalon_timer_sc_init
 .text          0x0081a2fc      0x530 ../NonVolatile_V1_bsp//libucosii_bsp.a(altera_up_avalon_character_lcd.o)
                0x0081a2fc                get_DDRAM_addr
                0x0081a378                alt_up_character_lcd_send_cmd
                0x0081a3ac                alt_up_character_lcd_init
                0x0081a3e0                alt_up_character_lcd_open_dev
                0x0081a420                alt_up_character_lcd_write
                0x0081a498                alt_up_character_lcd_string
                0x0081a510                alt_up_character_lcd_write_fd
                0x0081a55c                alt_up_character_lcd_set_cursor_pos
                0x0081a5d4                alt_up_character_lcd_shift_cursor
                0x0081a684                alt_up_character_lcd_shift_display
                0x0081a734                alt_up_character_lcd_erase_pos
                0x0081a7c4                alt_up_character_lcd_cursor_off
                0x0081a7f8                alt_up_character_lcd_cursor_blink_on
 .text          0x0081a82c      0x154 ../NonVolatile_V1_bsp//libucosii_bsp.a(alt_alarm_start.o)
                0x0081a82c                alt_alarm_start
 .text          0x0081a980      0x14c ../NonVolatile_V1_bsp//libucosii_bsp.a(alt_busy_sleep.o)
                0x0081a980                alt_busy_sleep
 .text          0x0081aacc      0x114 ../NonVolatile_V1_bsp//libucosii_bsp.a(alt_dev_llist_insert.o)
                0x0081aacc                alt_dev_llist_insert
 .text          0x0081abe0       0x64 ../NonVolatile_V1_bsp//libucosii_bsp.a(alt_do_ctors.o)
                0x0081abe0                _do_ctors
 .text          0x0081ac44       0x64 ../NonVolatile_V1_bsp//libucosii_bsp.a(alt_do_dtors.o)
                0x0081ac44                _do_dtors
 .text          0x0081aca8       0x94 ../NonVolatile_V1_bsp//libucosii_bsp.a(alt_find_dev.o)
                0x0081aca8                alt_find_dev
 .text          0x0081ad3c      0x1d4 ../NonVolatile_V1_bsp//libucosii_bsp.a(alt_iic.o)
                0x0081ad3c                alt_ic_isr_register
                0x0081ad8c                alt_ic_irq_enable
                0x0081ae28                alt_ic_irq_disable
                0x0081aec8                alt_ic_irq_enabled
 .text          0x0081af10       0xf8 ../NonVolatile_V1_bsp//libucosii_bsp.a(alt_iic_isr_register.o)
                0x0081af10                alt_iic_isr_register
 .text          0x0081b008      0x13c ../NonVolatile_V1_bsp//libucosii_bsp.a(alt_io_redirect.o)
                0x0081b0cc                alt_io_redirect
 .text          0x0081b144        0x0 ../NonVolatile_V1_bsp//libucosii_bsp.a(alt_irq_entry.o)
 .text          0x0081b144        0x0 ../NonVolatile_V1_bsp//libucosii_bsp.a(alt_irq_handler.o)
 .text          0x0081b144      0x2c4 ../NonVolatile_V1_bsp//libucosii_bsp.a(alt_open.o)
                0x0081b220                open
 .text          0x0081b408      0x1a8 ../NonVolatile_V1_bsp//libucosii_bsp.a(alt_tick.o)
                0x0081b408                alt_alarm_stop
                0x0081b4a0                alt_tick
 .text          0x0081b5b0       0x20 ../NonVolatile_V1_bsp//libucosii_bsp.a(altera_nios2_qsys_irq.o)
                0x0081b5b0                altera_nios2_qsys_irq_init
 .text          0x0081b5d0       0xd0 ../NonVolatile_V1_bsp//libucosii_bsp.a(os_cpu_a.o)
                0x0081b5d0                OSCtxSw
                0x0081b5d0                OSIntCtxSw
                0x0081b65c                OSStartHighRdy
                0x0081b67c                OSStartTsk
 .text          0x0081b6a0      0x418 ../NonVolatile_V1_bsp//libucosii_bsp.a(os_cpu_c.o)
                0x0081b6a0                OSTaskStkInit
                0x0081b9b0                OSTaskCreateHook
                0x0081b9d0                OSTaskDelHook
                0x0081b9f0                OSTaskSwHook
                0x0081ba0c                OSTaskStatHook
                0x0081ba28                OSTimeTickHook
                0x0081ba44                OSInitHookBegin
                0x0081ba60                OSInitHookEnd
                0x0081ba7c                OSTaskIdleHook
                0x0081ba98                OSTCBInitHook
 .text          0x0081bab8        0x0 ../NonVolatile_V1_bsp//libucosii_bsp.a(alt_exception_entry.o)
 .text          0x0081bab8      0x120 ../NonVolatile_V1_bsp//libucosii_bsp.a(alt_find_file.o)
                0x0081bab8                alt_find_file
 .text          0x0081bbd8       0xf4 ../NonVolatile_V1_bsp//libucosii_bsp.a(alt_get_fd.o)
                0x0081bbd8                alt_get_fd
 .text          0x0081bccc       0x14 /OPT/altera/12.1/nios2eds/bin/gnu/H-i686-pc-linux-gnu/bin/../lib/gcc/nios2-elf/4.1.2/../../../../nios2-elf/lib/libc.a(lib_a-atexit.o)
                0x0081bccc                atexit
 .text          0x0081bce0       0x38 /OPT/altera/12.1/nios2eds/bin/gnu/H-i686-pc-linux-gnu/bin/../lib/gcc/nios2-elf/4.1.2/../../../../nios2-elf/lib/libc.a(lib_a-exit.o)
                0x0081bce0                exit
 .text          0x0081bd18       0x74 /OPT/altera/12.1/nios2eds/bin/gnu/H-i686-pc-linux-gnu/bin/../lib/gcc/nios2-elf/4.1.2/../../../../nios2-elf/lib/libc.a(lib_a-memcmp.o)
                0x0081bd18                memcmp
 .text          0x0081bd8c      0x134 /OPT/altera/12.1/nios2eds/bin/gnu/H-i686-pc-linux-gnu/bin/../lib/gcc/nios2-elf/4.1.2/../../../../nios2-elf/lib/libc.a(lib_a-__atexit.o)
                0x0081bd8c                __register_exitproc
 .text          0x0081bec0      0x1b4 /OPT/altera/12.1/nios2eds/bin/gnu/H-i686-pc-linux-gnu/bin/../lib/gcc/nios2-elf/4.1.2/../../../../nios2-elf/lib/libc.a(lib_a-__call_atexit.o)
                0x0081bec4                __call_exitprocs
 .text          0x0081c074       0x6c ../NonVolatile_V1_bsp//libucosii_bsp.a(alt_exit.o)
                0x0081c0b4                _exit
 *(.gnu.warning.*)
 *(.fini)
                0x0081c0e0                PROVIDE (__etext, ABSOLUTE (.))
                0x0081c0e0                PROVIDE (_etext, ABSOLUTE (.))
                0x0081c0e0                PROVIDE (etext, ABSOLUTE (.))
 *(.eh_frame_hdr)
                0x0081c0e0                . = ALIGN (0x4)
                0x0081c0e0                PROVIDE (__preinit_array_start, ABSOLUTE (.))
 *(.preinit_array)
                0x0081c0e0                PROVIDE (__preinit_array_end, ABSOLUTE (.))
                0x0081c0e0                PROVIDE (__init_array_start, ABSOLUTE (.))
 *(.init_array)
                0x0081c0e0                PROVIDE (__init_array_end, ABSOLUTE (.))
                0x0081c0e0                PROVIDE (__fini_array_start, ABSOLUTE (.))
 *(.fini_array)
                0x0081c0e0                PROVIDE (__fini_array_end, ABSOLUTE (.))
 *(.eh_frame)
 *(.gcc_except_table)
 *(.dynamic)
                0x0081c0e0                PROVIDE (__CTOR_LIST__, ABSOLUTE (.))
 *(.ctors)
 *(SORT(.ctors.*))
 .ctors.65535   0x0081c0e0        0x4 /OPT/altera/12.1/nios2eds/bin/gnu/H-i686-pc-linux-gnu/bin/../lib/gcc/nios2-elf/4.1.2/../../../../nios2-elf/lib/libc.a(lib_a-__call_atexit.o)
                0x0081c0e4                PROVIDE (__CTOR_END__, ABSOLUTE (.))
                0x0081c0e4                PROVIDE (__DTOR_LIST__, ABSOLUTE (.))
 *(.dtors)
 *(SORT(.dtors.*))
                0x0081c0e4                PROVIDE (__DTOR_END__, ABSOLUTE (.))
 *(.jcr)
                0x0081c0e4                . = ALIGN (0x4)

.rodata         0x0081c0e4      0x848
                0x0081c0e4                PROVIDE (__ram_rodata_start, ABSOLUTE (.))
                0x0081c0e4                . = ALIGN (0x4)
 *(.rodata .rodata.* .gnu.linkonce.r.*)
 .rodata        0x0081c0e4       0x10 obj/default/MPU9250/mpu9250.o
 .rodata        0x0081c0f4       0xd0 obj/default/i2c/I2C.o
 .rodata        0x0081c1c4      0x264 obj/default/imu_i2c.o
 .rodata.str1.4
                0x0081c428        0x4 /OPT/altera/12.1/nios2eds/bin/gnu/H-i686-pc-linux-gnu/bin/../lib/gcc/nios2-elf/4.1.2/../../../../nios2-elf/lib/libm.a(lib_a-w_pow.o)
 .rodata.str1.4
                0x00000000        0x4 /OPT/altera/12.1/nios2eds/bin/gnu/H-i686-pc-linux-gnu/bin/../lib/gcc/nios2-elf/4.1.2/../../../../nios2-elf/lib/libm.a(lib_a-e_pow.o)
 .rodata        0x0081c42c       0x30 /OPT/altera/12.1/nios2eds/bin/gnu/H-i686-pc-linux-gnu/bin/../lib/gcc/nios2-elf/4.1.2/../../../../nios2-elf/lib/libm.a(lib_a-e_pow.o)
 .rodata        0x0081c45c       0x10 /OPT/altera/12.1/nios2eds/bin/gnu/H-i686-pc-linux-gnu/bin/../lib/gcc/nios2-elf/4.1.2/../../../../nios2-elf/lib/libm.a(lib_a-s_rint.o)
 .rodata        0x0081c46c       0x10 /OPT/altera/12.1/nios2eds/bin/gnu/H-i686-pc-linux-gnu/bin/../lib/gcc/nios2-elf/4.1.2/libgcc.a(_thenan_sf.o)
                0x0081c46c                __thenan_sf
 .rodata        0x0081c47c       0x14 /OPT/altera/12.1/nios2eds/bin/gnu/H-i686-pc-linux-gnu/bin/../lib/gcc/nios2-elf/4.1.2/libgcc.a(_thenan_df.o)
                0x0081c47c                __thenan_df
 .rodata        0x0081c490      0x100 /OPT/altera/12.1/nios2eds/bin/gnu/H-i686-pc-linux-gnu/bin/../lib/gcc/nios2-elf/4.1.2/libgcc.a(_clz.o)
                0x0081c490                __clz_tab
 .rodata.str1.4
                0x0081c590        0x2 /OPT/altera/12.1/nios2eds/bin/gnu/H-i686-pc-linux-gnu/bin/../lib/gcc/nios2-elf/4.1.2/../../../../nios2-elf/lib/libc.a(lib_a-impure.o)
                                  0x4 (size before relaxing)
 *fill*         0x0081c592        0x2 00
 .rodata.str1.4
                0x0081c594        0x2 /OPT/altera/12.1/nios2eds/bin/gnu/H-i686-pc-linux-gnu/bin/../lib/gcc/nios2-elf/4.1.2/../../../../nios2-elf/lib/libc.a(lib_a-puts.o)
                                  0x4 (size before relaxing)
 *fill*         0x0081c596        0x2 00
 .rodata.str1.4
                0x0081c598       0x5e /OPT/altera/12.1/nios2eds/bin/gnu/H-i686-pc-linux-gnu/bin/../lib/gcc/nios2-elf/4.1.2/../../../../nios2-elf/lib/libc.a(lib_a-vfprintf.o)
                                 0x60 (size before relaxing)
 .rodata        0x0081c5f6       0x20 /OPT/altera/12.1/nios2eds/bin/gnu/H-i686-pc-linux-gnu/bin/../lib/gcc/nios2-elf/4.1.2/../../../../nios2-elf/lib/libc.a(lib_a-vfprintf.o)
 *fill*         0x0081c616        0x2 00
 .rodata.str1.4
                0x0081c618       0x10 /OPT/altera/12.1/nios2eds/bin/gnu/H-i686-pc-linux-gnu/bin/../lib/gcc/nios2-elf/4.1.2/../../../../nios2-elf/lib/libc.a(lib_a-dtoa.o)
                                 0x14 (size before relaxing)
 .rodata.str1.4
                0x0081c628       0x10 /OPT/altera/12.1/nios2eds/bin/gnu/H-i686-pc-linux-gnu/bin/../lib/gcc/nios2-elf/4.1.2/../../../../nios2-elf/lib/libc.a(lib_a-locale.o)
                                 0x18 (size before relaxing)
 .rodata        0x0081c638       0x30 /OPT/altera/12.1/nios2eds/bin/gnu/H-i686-pc-linux-gnu/bin/../lib/gcc/nios2-elf/4.1.2/../../../../nios2-elf/lib/libc.a(lib_a-locale.o)
 .rodata        0x0081c668      0x124 /OPT/altera/12.1/nios2eds/bin/gnu/H-i686-pc-linux-gnu/bin/../lib/gcc/nios2-elf/4.1.2/../../../../nios2-elf/lib/libc.a(lib_a-mprec.o)
                0x0081c668                __mprec_tens
                0x0081c730                __mprec_bigtens
                0x0081c758                __mprec_tinytens
 .rodata        0x0081c78c        0xc ../NonVolatile_V1_bsp//libucosii_bsp.a(alt_dev.o)
 .rodata        0x0081c798       0x14 ../NonVolatile_V1_bsp//libucosii_bsp.a(alt_main.o)
 .rodata        0x0081c7ac      0x120 ../NonVolatile_V1_bsp//libucosii_bsp.a(os_core.o)
                0x0081c7ac                OSUnMapTbl
 .rodata        0x0081c8cc       0x5c ../NonVolatile_V1_bsp//libucosii_bsp.a(alt_sys_init.o)
 .rodata        0x0081c928        0x4 ../NonVolatile_V1_bsp//libucosii_bsp.a(os_cpu_c.o)
 *(.rodata1)
                0x0081c92c                . = ALIGN (0x4)
                0x0081c92c                PROVIDE (__ram_rodata_end, ABSOLUTE (.))
                0x0081c0e4                PROVIDE (__flash_rodata_start, LOADADDR (.rodata))

.rwdata         0x0081c92c     0x1b74
                0x0081c92c                PROVIDE (__ram_rwdata_start, ABSOLUTE (.))
                0x0081c92c                . = ALIGN (0x4)
 *(.got.plt)
 *(.got)
 *(.data1)
 *(.data .data.* .gnu.linkonce.d.*)
 .data          0x0081c92c        0x0 ../NonVolatile_V1_bsp//obj/HAL/src/crt0.o
 .data          0x0081c92c        0x0 obj/default/MPU9250/mpu9250.o
 .data          0x0081c92c        0x0 obj/default/i2c/I2C.o
 .data          0x0081c92c        0x0 obj/default/imu_i2c.o
 .data          0x0081c92c        0x0 /OPT/altera/12.1/nios2eds/bin/gnu/H-i686-pc-linux-gnu/bin/../lib/gcc/nios2-elf/4.1.2/../../../../nios2-elf/lib/libm.a(lib_a-w_pow.o)
 .data          0x0081c92c        0x0 /OPT/altera/12.1/nios2eds/bin/gnu/H-i686-pc-linux-gnu/bin/../lib/gcc/nios2-elf/4.1.2/../../../../nios2-elf/lib/libm.a(lib_a-e_pow.o)
 .data          0x0081c92c        0x0 /OPT/altera/12.1/nios2eds/bin/gnu/H-i686-pc-linux-gnu/bin/../lib/gcc/nios2-elf/4.1.2/../../../../nios2-elf/lib/libm.a(lib_a-e_sqrt.o)
 .data          0x0081c92c        0x0 /OPT/altera/12.1/nios2eds/bin/gnu/H-i686-pc-linux-gnu/bin/../lib/gcc/nios2-elf/4.1.2/../../../../nios2-elf/lib/libm.a(lib_a-s_fabs.o)
 .data          0x0081c92c        0x0 /OPT/altera/12.1/nios2eds/bin/gnu/H-i686-pc-linux-gnu/bin/../lib/gcc/nios2-elf/4.1.2/../../../../nios2-elf/lib/libm.a(lib_a-s_finite.o)
 .data          0x0081c92c        0x0 /OPT/altera/12.1/nios2eds/bin/gnu/H-i686-pc-linux-gnu/bin/../lib/gcc/nios2-elf/4.1.2/../../../../nios2-elf/lib/libm.a(lib_a-s_isnand.o)
 .data          0x0081c92c        0x0 /OPT/altera/12.1/nios2eds/bin/gnu/H-i686-pc-linux-gnu/bin/../lib/gcc/nios2-elf/4.1.2/../../../../nios2-elf/lib/libm.a(lib_a-s_lib_ver.o)
 .data          0x0081c92c        0x0 /OPT/altera/12.1/nios2eds/bin/gnu/H-i686-pc-linux-gnu/bin/../lib/gcc/nios2-elf/4.1.2/../../../../nios2-elf/lib/libm.a(lib_a-s_matherr.o)
 .data          0x0081c92c        0x0 /OPT/altera/12.1/nios2eds/bin/gnu/H-i686-pc-linux-gnu/bin/../lib/gcc/nios2-elf/4.1.2/../../../../nios2-elf/lib/libm.a(lib_a-s_nan.o)
 .data          0x0081c92c        0x0 /OPT/altera/12.1/nios2eds/bin/gnu/H-i686-pc-linux-gnu/bin/../lib/gcc/nios2-elf/4.1.2/../../../../nios2-elf/lib/libm.a(lib_a-s_rint.o)
 .data          0x0081c92c        0x0 /OPT/altera/12.1/nios2eds/bin/gnu/H-i686-pc-linux-gnu/bin/../lib/gcc/nios2-elf/4.1.2/../../../../nios2-elf/lib/libm.a(lib_a-s_scalbn.o)
 .data          0x0081c92c        0x0 /OPT/altera/12.1/nios2eds/bin/gnu/H-i686-pc-linux-gnu/bin/../lib/gcc/nios2-elf/4.1.2/../../../../nios2-elf/lib/libm.a(lib_a-s_copysign.o)
 .data          0x0081c92c        0x0 /OPT/altera/12.1/nios2eds/bin/gnu/H-i686-pc-linux-gnu/bin/../lib/gcc/nios2-elf/4.1.2/libgcc.a(_addsub_sf.o)
 .data          0x0081c92c        0x0 /OPT/altera/12.1/nios2eds/bin/gnu/H-i686-pc-linux-gnu/bin/../lib/gcc/nios2-elf/4.1.2/libgcc.a(_mul_sf.o)
 .data          0x0081c92c        0x0 /OPT/altera/12.1/nios2eds/bin/gnu/H-i686-pc-linux-gnu/bin/../lib/gcc/nios2-elf/4.1.2/libgcc.a(_div_sf.o)
 .data          0x0081c92c        0x0 /OPT/altera/12.1/nios2eds/bin/gnu/H-i686-pc-linux-gnu/bin/../lib/gcc/nios2-elf/4.1.2/libgcc.a(_gt_sf.o)
 .data          0x0081c92c        0x0 /OPT/altera/12.1/nios2eds/bin/gnu/H-i686-pc-linux-gnu/bin/../lib/gcc/nios2-elf/4.1.2/libgcc.a(_lt_sf.o)
 .data          0x0081c92c        0x0 /OPT/altera/12.1/nios2eds/bin/gnu/H-i686-pc-linux-gnu/bin/../lib/gcc/nios2-elf/4.1.2/libgcc.a(_si_to_sf.o)
 .data          0x0081c92c        0x0 /OPT/altera/12.1/nios2eds/bin/gnu/H-i686-pc-linux-gnu/bin/../lib/gcc/nios2-elf/4.1.2/libgcc.a(_sf_to_df.o)
 .data          0x0081c92c        0x0 /OPT/altera/12.1/nios2eds/bin/gnu/H-i686-pc-linux-gnu/bin/../lib/gcc/nios2-elf/4.1.2/libgcc.a(_thenan_sf.o)
 .data          0x0081c92c        0x0 /OPT/altera/12.1/nios2eds/bin/gnu/H-i686-pc-linux-gnu/bin/../lib/gcc/nios2-elf/4.1.2/libgcc.a(_usi_to_sf.o)
 .data          0x0081c92c        0x0 /OPT/altera/12.1/nios2eds/bin/gnu/H-i686-pc-linux-gnu/bin/../lib/gcc/nios2-elf/4.1.2/libgcc.a(_addsub_df.o)
 .data          0x0081c92c        0x0 /OPT/altera/12.1/nios2eds/bin/gnu/H-i686-pc-linux-gnu/bin/../lib/gcc/nios2-elf/4.1.2/libgcc.a(_mul_df.o)
 .data          0x0081c92c        0x0 /OPT/altera/12.1/nios2eds/bin/gnu/H-i686-pc-linux-gnu/bin/../lib/gcc/nios2-elf/4.1.2/libgcc.a(_div_df.o)
 .data          0x0081c92c        0x0 /OPT/altera/12.1/nios2eds/bin/gnu/H-i686-pc-linux-gnu/bin/../lib/gcc/nios2-elf/4.1.2/libgcc.a(_eq_df.o)
 .data          0x0081c92c        0x0 /OPT/altera/12.1/nios2eds/bin/gnu/H-i686-pc-linux-gnu/bin/../lib/gcc/nios2-elf/4.1.2/libgcc.a(_ne_df.o)
 .data          0x0081c92c        0x0 /OPT/altera/12.1/nios2eds/bin/gnu/H-i686-pc-linux-gnu/bin/../lib/gcc/nios2-elf/4.1.2/libgcc.a(_gt_df.o)
 .data          0x0081c92c        0x0 /OPT/altera/12.1/nios2eds/bin/gnu/H-i686-pc-linux-gnu/bin/../lib/gcc/nios2-elf/4.1.2/libgcc.a(_lt_df.o)
 .data          0x0081c92c        0x0 /OPT/altera/12.1/nios2eds/bin/gnu/H-i686-pc-linux-gnu/bin/../lib/gcc/nios2-elf/4.1.2/libgcc.a(_le_df.o)
 .data          0x0081c92c        0x0 /OPT/altera/12.1/nios2eds/bin/gnu/H-i686-pc-linux-gnu/bin/../lib/gcc/nios2-elf/4.1.2/libgcc.a(_si_to_df.o)
 .data          0x0081c92c        0x0 /OPT/altera/12.1/nios2eds/bin/gnu/H-i686-pc-linux-gnu/bin/../lib/gcc/nios2-elf/4.1.2/libgcc.a(_make_df.o)
 .data          0x0081c92c        0x0 /OPT/altera/12.1/nios2eds/bin/gnu/H-i686-pc-linux-gnu/bin/../lib/gcc/nios2-elf/4.1.2/libgcc.a(_df_to_sf.o)
 .data          0x0081c92c        0x0 /OPT/altera/12.1/nios2eds/bin/gnu/H-i686-pc-linux-gnu/bin/../lib/gcc/nios2-elf/4.1.2/libgcc.a(_thenan_df.o)
 .data          0x0081c92c        0x0 /OPT/altera/12.1/nios2eds/bin/gnu/H-i686-pc-linux-gnu/bin/../lib/gcc/nios2-elf/4.1.2/libgcc.a(lib2-divmod.o)
 .data          0x0081c92c        0x0 /OPT/altera/12.1/nios2eds/bin/gnu/H-i686-pc-linux-gnu/bin/../lib/gcc/nios2-elf/4.1.2/libgcc.a(_muldi3.o)
 .data          0x0081c92c        0x0 /OPT/altera/12.1/nios2eds/bin/gnu/H-i686-pc-linux-gnu/bin/../lib/gcc/nios2-elf/4.1.2/libgcc.a(_clzsi2.o)
 .data          0x0081c92c        0x0 /OPT/altera/12.1/nios2eds/bin/gnu/H-i686-pc-linux-gnu/bin/../lib/gcc/nios2-elf/4.1.2/libgcc.a(_pack_sf.o)
 .data          0x0081c92c        0x0 /OPT/altera/12.1/nios2eds/bin/gnu/H-i686-pc-linux-gnu/bin/../lib/gcc/nios2-elf/4.1.2/libgcc.a(_unpack_sf.o)
 .data          0x0081c92c        0x0 /OPT/altera/12.1/nios2eds/bin/gnu/H-i686-pc-linux-gnu/bin/../lib/gcc/nios2-elf/4.1.2/libgcc.a(_fpcmp_parts_sf.o)
 .data          0x0081c92c        0x0 /OPT/altera/12.1/nios2eds/bin/gnu/H-i686-pc-linux-gnu/bin/../lib/gcc/nios2-elf/4.1.2/libgcc.a(_make_sf.o)
 .data          0x0081c92c        0x0 /OPT/altera/12.1/nios2eds/bin/gnu/H-i686-pc-linux-gnu/bin/../lib/gcc/nios2-elf/4.1.2/libgcc.a(_pack_df.o)
 .data          0x0081c92c        0x0 /OPT/altera/12.1/nios2eds/bin/gnu/H-i686-pc-linux-gnu/bin/../lib/gcc/nios2-elf/4.1.2/libgcc.a(_unpack_df.o)
 .data          0x0081c92c        0x0 /OPT/altera/12.1/nios2eds/bin/gnu/H-i686-pc-linux-gnu/bin/../lib/gcc/nios2-elf/4.1.2/libgcc.a(_fpcmp_parts_df.o)
 .data          0x0081c92c        0x0 /OPT/altera/12.1/nios2eds/bin/gnu/H-i686-pc-linux-gnu/bin/../lib/gcc/nios2-elf/4.1.2/libgcc.a(_clz.o)
 .data          0x0081c92c        0x0 /OPT/altera/12.1/nios2eds/bin/gnu/H-i686-pc-linux-gnu/bin/../lib/gcc/nios2-elf/4.1.2/../../../../nios2-elf/lib/libc.a(lib_a-errno.o)
 .data          0x0081c92c      0x400 /OPT/altera/12.1/nios2eds/bin/gnu/H-i686-pc-linux-gnu/bin/../lib/gcc/nios2-elf/4.1.2/../../../../nios2-elf/lib/libc.a(lib_a-impure.o)
 .data          0x0081cd2c        0x0 /OPT/altera/12.1/nios2eds/bin/gnu/H-i686-pc-linux-gnu/bin/../lib/gcc/nios2-elf/4.1.2/../../../../nios2-elf/lib/libc.a(lib_a-printf.o)
 .data          0x0081cd2c        0x0 /OPT/altera/12.1/nios2eds/bin/gnu/H-i686-pc-linux-gnu/bin/../lib/gcc/nios2-elf/4.1.2/../../../../nios2-elf/lib/libc.a(lib_a-puts.o)
 .data          0x0081cd2c        0x0 /OPT/altera/12.1/nios2eds/bin/gnu/H-i686-pc-linux-gnu/bin/../lib/gcc/nios2-elf/4.1.2/../../../../nios2-elf/lib/libc.a(lib_a-sprintf.o)
 .data          0x0081cd2c        0x0 /OPT/altera/12.1/nios2eds/bin/gnu/H-i686-pc-linux-gnu/bin/../lib/gcc/nios2-elf/4.1.2/../../../../nios2-elf/lib/libc.a(lib_a-strlen.o)
 .data          0x0081cd2c        0x0 /OPT/altera/12.1/nios2eds/bin/gnu/H-i686-pc-linux-gnu/bin/../lib/gcc/nios2-elf/4.1.2/../../../../nios2-elf/lib/libc.a(lib_a-vfprintf.o)
 .data          0x0081cd2c        0x0 /OPT/altera/12.1/nios2eds/bin/gnu/H-i686-pc-linux-gnu/bin/../lib/gcc/nios2-elf/4.1.2/../../../../nios2-elf/lib/libc.a(lib_a-wsetup.o)
 .data          0x0081cd2c        0x0 /OPT/altera/12.1/nios2eds/bin/gnu/H-i686-pc-linux-gnu/bin/../lib/gcc/nios2-elf/4.1.2/../../../../nios2-elf/lib/libc.a(lib_a-dtoa.o)
 .data          0x0081cd2c        0x0 /OPT/altera/12.1/nios2eds/bin/gnu/H-i686-pc-linux-gnu/bin/../lib/gcc/nios2-elf/4.1.2/../../../../nios2-elf/lib/libc.a(lib_a-fflush.o)
 .data          0x0081cd2c        0x0 /OPT/altera/12.1/nios2eds/bin/gnu/H-i686-pc-linux-gnu/bin/../lib/gcc/nios2-elf/4.1.2/../../../../nios2-elf/lib/libc.a(lib_a-findfp.o)
 .data          0x0081cd2c        0x0 /OPT/altera/12.1/nios2eds/bin/gnu/H-i686-pc-linux-gnu/bin/../lib/gcc/nios2-elf/4.1.2/../../../../nios2-elf/lib/libc.a(lib_a-freer.o)
 .data          0x0081cd2c        0x0 /OPT/altera/12.1/nios2eds/bin/gnu/H-i686-pc-linux-gnu/bin/../lib/gcc/nios2-elf/4.1.2/../../../../nios2-elf/lib/libc.a(lib_a-fvwrite.o)
 .data          0x0081cd2c        0x0 /OPT/altera/12.1/nios2eds/bin/gnu/H-i686-pc-linux-gnu/bin/../lib/gcc/nios2-elf/4.1.2/../../../../nios2-elf/lib/libc.a(lib_a-fwalk.o)
 .data          0x0081cd2c        0xc /OPT/altera/12.1/nios2eds/bin/gnu/H-i686-pc-linux-gnu/bin/../lib/gcc/nios2-elf/4.1.2/../../../../nios2-elf/lib/libc.a(lib_a-locale.o)
                0x0081cd2c                __lc_ctype
 .data          0x0081cd38        0x0 /OPT/altera/12.1/nios2eds/bin/gnu/H-i686-pc-linux-gnu/bin/../lib/gcc/nios2-elf/4.1.2/../../../../nios2-elf/lib/libc.a(lib_a-makebuf.o)
 .data          0x0081cd38      0x408 /OPT/altera/12.1/nios2eds/bin/gnu/H-i686-pc-linux-gnu/bin/../lib/gcc/nios2-elf/4.1.2/../../../../nios2-elf/lib/libc.a(lib_a-mallocr.o)
                0x0081cd38                __malloc_av_
 .data          0x0081d140        0x0 /OPT/altera/12.1/nios2eds/bin/gnu/H-i686-pc-linux-gnu/bin/../lib/gcc/nios2-elf/4.1.2/../../../../nios2-elf/lib/libc.a(lib_a-memchr.o)
 .data          0x0081d140        0x0 /OPT/altera/12.1/nios2eds/bin/gnu/H-i686-pc-linux-gnu/bin/../lib/gcc/nios2-elf/4.1.2/../../../../nios2-elf/lib/libc.a(lib_a-memcpy.o)
 .data          0x0081d140        0x0 /OPT/altera/12.1/nios2eds/bin/gnu/H-i686-pc-linux-gnu/bin/../lib/gcc/nios2-elf/4.1.2/../../../../nios2-elf/lib/libc.a(lib_a-memmove.o)
 .data          0x0081d140        0x0 /OPT/altera/12.1/nios2eds/bin/gnu/H-i686-pc-linux-gnu/bin/../lib/gcc/nios2-elf/4.1.2/../../../../nios2-elf/lib/libc.a(lib_a-memset.o)
 .data          0x0081d140        0x0 /OPT/altera/12.1/nios2eds/bin/gnu/H-i686-pc-linux-gnu/bin/../lib/gcc/nios2-elf/4.1.2/../../../../nios2-elf/lib/libc.a(lib_a-mprec.o)
 .data          0x0081d140        0x0 /OPT/altera/12.1/nios2eds/bin/gnu/H-i686-pc-linux-gnu/bin/../lib/gcc/nios2-elf/4.1.2/../../../../nios2-elf/lib/libc.a(lib_a-reallocr.o)
 .data          0x0081d140        0x0 /OPT/altera/12.1/nios2eds/bin/gnu/H-i686-pc-linux-gnu/bin/../lib/gcc/nios2-elf/4.1.2/../../../../nios2-elf/lib/libc.a(lib_a-s_isinfd.o)
 .data          0x0081d140        0x0 /OPT/altera/12.1/nios2eds/bin/gnu/H-i686-pc-linux-gnu/bin/../lib/gcc/nios2-elf/4.1.2/../../../../nios2-elf/lib/libc.a(lib_a-sbrkr.o)
 .data          0x0081d140        0x0 /OPT/altera/12.1/nios2eds/bin/gnu/H-i686-pc-linux-gnu/bin/../lib/gcc/nios2-elf/4.1.2/../../../../nios2-elf/lib/libc.a(lib_a-stdio.o)
 .data          0x0081d140        0x0 /OPT/altera/12.1/nios2eds/bin/gnu/H-i686-pc-linux-gnu/bin/../lib/gcc/nios2-elf/4.1.2/../../../../nios2-elf/lib/libc.a(lib_a-strcmp.o)
 .data          0x0081d140        0x0 /OPT/altera/12.1/nios2eds/bin/gnu/H-i686-pc-linux-gnu/bin/../lib/gcc/nios2-elf/4.1.2/../../../../nios2-elf/lib/libc.a(lib_a-writer.o)
 .data          0x0081d140        0x0 /OPT/altera/12.1/nios2eds/bin/gnu/H-i686-pc-linux-gnu/bin/../lib/gcc/nios2-elf/4.1.2/../../../../nios2-elf/lib/libc.a(lib_a-callocr.o)
 .data          0x0081d140        0x0 /OPT/altera/12.1/nios2eds/bin/gnu/H-i686-pc-linux-gnu/bin/../lib/gcc/nios2-elf/4.1.2/../../../../nios2-elf/lib/libc.a(lib_a-closer.o)
 .data          0x0081d140        0x0 /OPT/altera/12.1/nios2eds/bin/gnu/H-i686-pc-linux-gnu/bin/../lib/gcc/nios2-elf/4.1.2/../../../../nios2-elf/lib/libc.a(lib_a-fclose.o)
 .data          0x0081d140        0x0 /OPT/altera/12.1/nios2eds/bin/gnu/H-i686-pc-linux-gnu/bin/../lib/gcc/nios2-elf/4.1.2/../../../../nios2-elf/lib/libc.a(lib_a-fstatr.o)
 .data          0x0081d140        0x0 /OPT/altera/12.1/nios2eds/bin/gnu/H-i686-pc-linux-gnu/bin/../lib/gcc/nios2-elf/4.1.2/../../../../nios2-elf/lib/libc.a(lib_a-int_errno.o)
 .data          0x0081d140        0x0 /OPT/altera/12.1/nios2eds/bin/gnu/H-i686-pc-linux-gnu/bin/../lib/gcc/nios2-elf/4.1.2/../../../../nios2-elf/lib/libc.a(lib_a-isattyr.o)
 .data          0x0081d140        0x0 /OPT/altera/12.1/nios2eds/bin/gnu/H-i686-pc-linux-gnu/bin/../lib/gcc/nios2-elf/4.1.2/../../../../nios2-elf/lib/libc.a(lib_a-lseekr.o)
 .data          0x0081d140        0x0 /OPT/altera/12.1/nios2eds/bin/gnu/H-i686-pc-linux-gnu/bin/../lib/gcc/nios2-elf/4.1.2/../../../../nios2-elf/lib/libc.a(lib_a-readr.o)
 .data          0x0081d140        0x0 /OPT/altera/12.1/nios2eds/bin/gnu/H-i686-pc-linux-gnu/bin/../lib/gcc/nios2-elf/4.1.2/libgcc.a(_udivdi3.o)
 .data          0x0081d140        0x0 /OPT/altera/12.1/nios2eds/bin/gnu/H-i686-pc-linux-gnu/bin/../lib/gcc/nios2-elf/4.1.2/libgcc.a(_umoddi3.o)
 .data          0x0081d140        0x0 /OPT/altera/12.1/nios2eds/bin/gnu/H-i686-pc-linux-gnu/bin/../lib/gcc/nios2-elf/4.1.2/libgcc.a(_ge_df.o)
 .data          0x0081d140        0x0 /OPT/altera/12.1/nios2eds/bin/gnu/H-i686-pc-linux-gnu/bin/../lib/gcc/nios2-elf/4.1.2/libgcc.a(_df_to_si.o)
 .data          0x0081d140        0x0 /OPT/altera/12.1/nios2eds/bin/gnu/H-i686-pc-linux-gnu/bin/../lib/gcc/nios2-elf/4.1.2/libgcc.a(_usi_to_df.o)
 .data          0x0081d140        0x0 ../NonVolatile_V1_bsp//libucosii_bsp.a(alt_close.o)
 .data          0x0081d140      0x1a8 ../NonVolatile_V1_bsp//libucosii_bsp.a(alt_dev.o)
                0x0081d140                alt_dev_null
                0x0081d168                alt_fd_list
 .data          0x0081d2e8        0x0 ../NonVolatile_V1_bsp//libucosii_bsp.a(alt_errno.o)
 .data          0x0081d2e8        0x0 ../NonVolatile_V1_bsp//libucosii_bsp.a(alt_fstat.o)
 .data          0x0081d2e8        0x0 ../NonVolatile_V1_bsp//libucosii_bsp.a(alt_irq_register.o)
 .data          0x0081d2e8        0x0 ../NonVolatile_V1_bsp//libucosii_bsp.a(alt_irq_vars.o)
 .data          0x0081d2e8        0x0 ../NonVolatile_V1_bsp//libucosii_bsp.a(alt_isatty.o)
 .data          0x0081d2e8        0x0 ../NonVolatile_V1_bsp//libucosii_bsp.a(alt_lseek.o)
 .data          0x0081d2e8        0x0 ../NonVolatile_V1_bsp//libucosii_bsp.a(alt_main.o)
 .data          0x0081d2e8        0x0 ../NonVolatile_V1_bsp//libucosii_bsp.a(alt_read.o)
 .data          0x0081d2e8        0x0 ../NonVolatile_V1_bsp//libucosii_bsp.a(alt_release_fd.o)
 .data          0x0081d2e8        0x0 ../NonVolatile_V1_bsp//libucosii_bsp.a(alt_sbrk.o)
 .data          0x0081d2e8        0x0 ../NonVolatile_V1_bsp//libucosii_bsp.a(alt_usleep.o)
 .data          0x0081d2e8        0x0 ../NonVolatile_V1_bsp//libucosii_bsp.a(alt_write.o)
 .data          0x0081d2e8        0x0 ../NonVolatile_V1_bsp//libucosii_bsp.a(alt_env_lock.o)
 .data          0x0081d2e8        0x0 ../NonVolatile_V1_bsp//libucosii_bsp.a(alt_malloc_lock.o)
 .data          0x0081d2e8        0x0 ../NonVolatile_V1_bsp//libucosii_bsp.a(os_core.o)
 .data          0x0081d2e8        0x0 ../NonVolatile_V1_bsp//libucosii_bsp.a(os_dbg.o)
 .data          0x0081d2e8        0x0 ../NonVolatile_V1_bsp//libucosii_bsp.a(os_flag.o)
 .data          0x0081d2e8        0x0 ../NonVolatile_V1_bsp//libucosii_bsp.a(os_mem.o)
 .data          0x0081d2e8        0x0 ../NonVolatile_V1_bsp//libucosii_bsp.a(os_q.o)
 .data          0x0081d2e8        0x0 ../NonVolatile_V1_bsp//libucosii_bsp.a(os_sem.o)
 .data          0x0081d2e8        0x0 ../NonVolatile_V1_bsp//libucosii_bsp.a(os_task.o)
 .data          0x0081d2e8        0x0 ../NonVolatile_V1_bsp//libucosii_bsp.a(os_time.o)
 .data          0x0081d2e8     0x10f8 ../NonVolatile_V1_bsp//libucosii_bsp.a(alt_sys_init.o)
 .data          0x0081e3e0        0x0 ../NonVolatile_V1_bsp//libucosii_bsp.a(altera_avalon_jtag_uart_fd.o)
 .data          0x0081e3e0        0x0 ../NonVolatile_V1_bsp//libucosii_bsp.a(altera_avalon_jtag_uart_init.o)
 .data          0x0081e3e0        0x0 ../NonVolatile_V1_bsp//libucosii_bsp.a(altera_avalon_jtag_uart_ioctl.o)
 .data          0x0081e3e0        0x0 ../NonVolatile_V1_bsp//libucosii_bsp.a(altera_avalon_jtag_uart_read.o)
 .data          0x0081e3e0        0x0 ../NonVolatile_V1_bsp//libucosii_bsp.a(altera_avalon_jtag_uart_write.o)
 .data          0x0081e3e0        0x0 ../NonVolatile_V1_bsp//libucosii_bsp.a(altera_avalon_timer_sc.o)
 .data          0x0081e3e0        0x0 ../NonVolatile_V1_bsp//libucosii_bsp.a(altera_up_avalon_character_lcd.o)
 .data          0x0081e3e0        0x0 ../NonVolatile_V1_bsp//libucosii_bsp.a(alt_alarm_start.o)
 .data          0x0081e3e0        0x0 ../NonVolatile_V1_bsp//libucosii_bsp.a(alt_busy_sleep.o)
 .data          0x0081e3e0        0x0 ../NonVolatile_V1_bsp//libucosii_bsp.a(alt_dev_llist_insert.o)
 .data          0x0081e3e0        0x0 ../NonVolatile_V1_bsp//libucosii_bsp.a(alt_do_ctors.o)
 .data          0x0081e3e0        0x0 ../NonVolatile_V1_bsp//libucosii_bsp.a(alt_do_dtors.o)
 .data          0x0081e3e0        0x0 ../NonVolatile_V1_bsp//libucosii_bsp.a(alt_find_dev.o)
 .data          0x0081e3e0        0x0 ../NonVolatile_V1_bsp//libucosii_bsp.a(alt_iic.o)
 .data          0x0081e3e0        0x0 ../NonVolatile_V1_bsp//libucosii_bsp.a(alt_iic_isr_register.o)
 .data          0x0081e3e0        0x0 ../NonVolatile_V1_bsp//libucosii_bsp.a(alt_io_redirect.o)
 .data          0x0081e3e0        0x0 ../NonVolatile_V1_bsp//libucosii_bsp.a(alt_irq_entry.o)
 .data          0x0081e3e0        0x0 ../NonVolatile_V1_bsp//libucosii_bsp.a(alt_irq_handler.o)
 .data          0x0081e3e0        0x0 ../NonVolatile_V1_bsp//libucosii_bsp.a(alt_open.o)
 .data          0x0081e3e0        0x0 ../NonVolatile_V1_bsp//libucosii_bsp.a(alt_tick.o)
 .data          0x0081e3e0        0x0 ../NonVolatile_V1_bsp//libucosii_bsp.a(altera_nios2_qsys_irq.o)
 .data          0x0081e3e0        0x0 ../NonVolatile_V1_bsp//libucosii_bsp.a(os_cpu_a.o)
 .data          0x0081e3e0        0x0 ../NonVolatile_V1_bsp//libucosii_bsp.a(os_cpu_c.o)
 .data          0x0081e3e0        0x0 ../NonVolatile_V1_bsp//libucosii_bsp.a(alt_exception_entry.o)
 .data          0x0081e3e0        0x0 ../NonVolatile_V1_bsp//libucosii_bsp.a(alt_find_file.o)
 .data          0x0081e3e0        0x0 ../NonVolatile_V1_bsp//libucosii_bsp.a(alt_get_fd.o)
 .data          0x0081e3e0        0x0 /OPT/altera/12.1/nios2eds/bin/gnu/H-i686-pc-linux-gnu/bin/../lib/gcc/nios2-elf/4.1.2/../../../../nios2-elf/lib/libc.a(lib_a-atexit.o)
 .data          0x0081e3e0        0x0 /OPT/altera/12.1/nios2eds/bin/gnu/H-i686-pc-linux-gnu/bin/../lib/gcc/nios2-elf/4.1.2/../../../../nios2-elf/lib/libc.a(lib_a-exit.o)
 .data          0x0081e3e0        0x0 /OPT/altera/12.1/nios2eds/bin/gnu/H-i686-pc-linux-gnu/bin/../lib/gcc/nios2-elf/4.1.2/../../../../nios2-elf/lib/libc.a(lib_a-memcmp.o)
 .data          0x0081e3e0        0x0 /OPT/altera/12.1/nios2eds/bin/gnu/H-i686-pc-linux-gnu/bin/../lib/gcc/nios2-elf/4.1.2/../../../../nios2-elf/lib/libc.a(lib_a-__atexit.o)
 .data          0x0081e3e0        0x0 /OPT/altera/12.1/nios2eds/bin/gnu/H-i686-pc-linux-gnu/bin/../lib/gcc/nios2-elf/4.1.2/../../../../nios2-elf/lib/libc.a(lib_a-__call_atexit.o)
 .data          0x0081e3e0        0x0 ../NonVolatile_V1_bsp//libucosii_bsp.a(alt_exit.o)
                0x008263e0                _gp = ABSOLUTE ((. + 0x8000))
                0x008263e0                PROVIDE (gp, _gp)
 *(.rwdata .rwdata.*)
 *(.sdata .sdata.* .gnu.linkonce.s.*)
 .sdata         0x0081e3e0        0x4 /OPT/altera/12.1/nios2eds/bin/gnu/H-i686-pc-linux-gnu/bin/../lib/gcc/nios2-elf/4.1.2/../../../../nios2-elf/lib/libm.a(lib_a-s_lib_ver.o)
                0x0081e3e0                __fdlib_version
 .sdata         0x0081e3e4        0x8 /OPT/altera/12.1/nios2eds/bin/gnu/H-i686-pc-linux-gnu/bin/../lib/gcc/nios2-elf/4.1.2/../../../../nios2-elf/lib/libc.a(lib_a-impure.o)
                0x0081e3e4                _impure_ptr
                0x0081e3e8                _global_impure_ptr
 .sdata         0x0081e3ec        0x8 /OPT/altera/12.1/nios2eds/bin/gnu/H-i686-pc-linux-gnu/bin/../lib/gcc/nios2-elf/4.1.2/../../../../nios2-elf/lib/libc.a(lib_a-locale.o)
                0x0081e3ec                __mb_cur_max
 .sdata         0x0081e3f4        0x8 /OPT/altera/12.1/nios2eds/bin/gnu/H-i686-pc-linux-gnu/bin/../lib/gcc/nios2-elf/4.1.2/../../../../nios2-elf/lib/libc.a(lib_a-mallocr.o)
                0x0081e3f4                __malloc_trim_threshold
                0x0081e3f8                __malloc_sbrk_base
 .sdata         0x0081e3fc       0x14 ../NonVolatile_V1_bsp//libucosii_bsp.a(alt_dev.o)
                0x0081e3fc                alt_fs_list
                0x0081e404                alt_dev_list
                0x0081e40c                alt_max_fd
 .sdata         0x0081e410        0x4 ../NonVolatile_V1_bsp//libucosii_bsp.a(alt_errno.o)
                0x0081e410                alt_errno
 .sdata         0x0081e414        0x4 ../NonVolatile_V1_bsp//libucosii_bsp.a(alt_irq_vars.o)
                0x0081e414                alt_priority_mask
 .sdata         0x0081e418        0x4 ../NonVolatile_V1_bsp//libucosii_bsp.a(alt_sbrk.o)
 .sdata         0x0081e41c        0x4 ../NonVolatile_V1_bsp//libucosii_bsp.a(alt_env_lock.o)
 .sdata         0x0081e420        0x4 ../NonVolatile_V1_bsp//libucosii_bsp.a(alt_malloc_lock.o)
 .sdata         0x0081e424       0x74 ../NonVolatile_V1_bsp//libucosii_bsp.a(os_dbg.o)
                0x0081e424                OSDebugEn
                0x0081e428                OSEndiannessTest
                0x0081e42c                OSEventEn
                0x0081e42e                OSEventMax
                0x0081e430                OSEventNameSize
                0x0081e432                OSEventSize
                0x0081e434                OSEventTblSize
                0x0081e436                OSEventMultiEn
                0x0081e438                OSFlagEn
                0x0081e43a                OSFlagGrpSize
                0x0081e43c                OSFlagNodeSize
                0x0081e43e                OSFlagWidth
                0x0081e440                OSFlagMax
                0x0081e442                OSFlagNameSize
                0x0081e444                OSLowestPrio
                0x0081e446                OSMboxEn
                0x0081e448                OSMemEn
                0x0081e44a                OSMemMax
                0x0081e44c                OSMemNameSize
                0x0081e44e                OSMemSize
                0x0081e450                OSMemTblSize
                0x0081e452                OSMutexEn
                0x0081e454                OSPtrSize
                0x0081e456                OSQEn
                0x0081e458                OSQMax
                0x0081e45a                OSQSize
                0x0081e45c                OSRdyTblSize
                0x0081e45e                OSSemEn
                0x0081e460                OSStkWidth
                0x0081e462                OSTaskCreateEn
                0x0081e464                OSTaskCreateExtEn
                0x0081e466                OSTaskDelEn
                0x0081e468                OSTaskIdleStkSize
                0x0081e46a                OSTaskProfileEn
                0x0081e46c                OSTaskMax
                0x0081e46e                OSTaskNameSize
                0x0081e470                OSTaskStatEn
                0x0081e472                OSTaskStatStkSize
                0x0081e474                OSTaskStatStkChkEn
                0x0081e476                OSTaskSwHookEn
                0x0081e478                OSTCBPrioTblMax
                0x0081e47a                OSTCBSize
                0x0081e47c                OSTicksPerSec
                0x0081e47e                OSTimeTickHookEn
                0x0081e480                OSVersionNbr
                0x0081e482                OSTmrEn
                0x0081e484                OSTmrCfgMax
                0x0081e486                OSTmrCfgNameSize
                0x0081e488                OSTmrCfgWheelSize
                0x0081e48a                OSTmrCfgTicksPerSec
                0x0081e48c                OSTmrSize
                0x0081e48e                OSTmrTblSize
                0x0081e490                OSTmrWheelSize
                0x0081e492                OSTmrWheelTblSize
                0x0081e494                OSDataSize
 .sdata         0x0081e498        0x8 ../NonVolatile_V1_bsp//libucosii_bsp.a(alt_tick.o)
                0x0081e498                alt_alarm_list
 *(.sdata2 .sdata2.* .gnu.linkonce.s2.*)
                0x0081e4a0                . = ALIGN (0x4)
                0x0081e4a0                _edata = ABSOLUTE (.)
                0x0081e4a0                PROVIDE (edata, ABSOLUTE (.))
                0x0081e4a0                PROVIDE (__ram_rwdata_end, ABSOLUTE (.))
                0x0081c92c                PROVIDE (__flash_rwdata_start, LOADADDR (.rwdata))

.bss            0x0081e4a0     0x5578
                0x0081e4a0                __bss_start = ABSOLUTE (.)
                0x0081e4a0                PROVIDE (__sbss_start, ABSOLUTE (.))
                0x0081e4a0                PROVIDE (___sbss_start, ABSOLUTE (.))
 *(.dynsbss)
 *(.sbss .sbss.* .gnu.linkonce.sb.*)
 .sbss          0x0081e4a0        0x4 obj/default/imu_i2c.o
                0x0081e4a0                myLCD
 .sbss          0x0081e4a4        0xc /OPT/altera/12.1/nios2eds/bin/gnu/H-i686-pc-linux-gnu/bin/../lib/gcc/nios2-elf/4.1.2/../../../../nios2-elf/lib/libc.a(lib_a-locale.o)
                0x0081e4a4                __nlocale_changed
                0x0081e4a8                __mlocale_changed
                0x0081e4ac                _PathLocale
 .sbss          0x0081e4b0        0xc /OPT/altera/12.1/nios2eds/bin/gnu/H-i686-pc-linux-gnu/bin/../lib/gcc/nios2-elf/4.1.2/../../../../nios2-elf/lib/libc.a(lib_a-mallocr.o)
                0x0081e4b0                __malloc_top_pad
                0x0081e4b4                __malloc_max_sbrked_mem
                0x0081e4b8                __malloc_max_total_mem
 .sbss          0x0081e4bc        0x4 /OPT/altera/12.1/nios2eds/bin/gnu/H-i686-pc-linux-gnu/bin/../lib/gcc/nios2-elf/4.1.2/../../../../nios2-elf/lib/libc.a(lib_a-int_errno.o)
                0x0081e4bc                errno
 .sbss          0x0081e4c0        0x4 ../NonVolatile_V1_bsp//libucosii_bsp.a(alt_dev.o)
                0x0081e4c0                alt_fd_list_lock
 .sbss          0x0081e4c4        0x4 ../NonVolatile_V1_bsp//libucosii_bsp.a(alt_irq_vars.o)
                0x0081e4c4                alt_irq_active
 .sbss          0x0081e4c8        0xc ../NonVolatile_V1_bsp//libucosii_bsp.a(alt_main.o)
                0x0081e4c8                alt_argc
                0x0081e4cc                alt_argv
                0x0081e4d0                alt_envp
 .sbss          0x0081e4d4        0x8 ../NonVolatile_V1_bsp//libucosii_bsp.a(alt_env_lock.o)
                0x0081e4d8                alt_envsem
 .sbss          0x0081e4dc        0x8 ../NonVolatile_V1_bsp//libucosii_bsp.a(alt_malloc_lock.o)
                0x0081e4e0                alt_heapsem
 .sbss          0x0081e4e4       0x50 ../NonVolatile_V1_bsp//libucosii_bsp.a(os_core.o)
                0x0081e4e4                OSLockNesting
                0x0081e4e5                OSRunning
                0x0081e4e8                OSIdleCtr
                0x0081e4ec                OSPrioHighRdy
                0x0081e4ed                OSPrioCur
                0x0081e4f0                OSTCBList
                0x0081e4f4                OSTickStepState
                0x0081e4f8                OSCtxSwCtr
                0x0081e4fc                OSIdleCtrMax
                0x0081e500                OSTCBFreeList
                0x0081e504                OSCPUUsage
                0x0081e505                OSTaskCtr
                0x0081e508                OSMemFreeList
                0x0081e50c                OSTCBHighRdy
                0x0081e510                OSQFreeList
                0x0081e514                OSRdyGrp
                0x0081e515                OSRdyTbl
                0x0081e518                OSEventFreeList
                0x0081e51c                OSIntNesting
                0x0081e520                OSTCBCur
                0x0081e524                OSTime
                0x0081e528                OSFlagFreeList
                0x0081e52c                OSStatRdy
                0x0081e530                OSIdleCtrRun
 .sbss          0x0081e534        0x8 ../NonVolatile_V1_bsp//libucosii_bsp.a(alt_tick.o)
                0x0081e534                _alt_tick_rate
                0x0081e538                _alt_nticks
 *(.sbss2 .sbss2.* .gnu.linkonce.sb2.*)
 *(.scommon)
                0x0081e53c                PROVIDE (__sbss_end, ABSOLUTE (.))
                0x0081e53c                PROVIDE (___sbss_end, ABSOLUTE (.))
 *(.dynbss)
 *(.bss .bss.* .gnu.linkonce.b.*)
 .bss           0x0081e53c        0x0 ../NonVolatile_V1_bsp//obj/HAL/src/crt0.o
 .bss           0x0081e53c        0x0 obj/default/MPU9250/mpu9250.o
 .bss           0x0081e53c        0x0 obj/default/i2c/I2C.o
 .bss           0x0081e53c        0x0 obj/default/imu_i2c.o
 .bss           0x0081e53c        0x0 /OPT/altera/12.1/nios2eds/bin/gnu/H-i686-pc-linux-gnu/bin/../lib/gcc/nios2-elf/4.1.2/../../../../nios2-elf/lib/libm.a(lib_a-w_pow.o)
 .bss           0x0081e53c        0x0 /OPT/altera/12.1/nios2eds/bin/gnu/H-i686-pc-linux-gnu/bin/../lib/gcc/nios2-elf/4.1.2/../../../../nios2-elf/lib/libm.a(lib_a-e_pow.o)
 .bss           0x0081e53c        0x0 /OPT/altera/12.1/nios2eds/bin/gnu/H-i686-pc-linux-gnu/bin/../lib/gcc/nios2-elf/4.1.2/../../../../nios2-elf/lib/libm.a(lib_a-e_sqrt.o)
 .bss           0x0081e53c        0x0 /OPT/altera/12.1/nios2eds/bin/gnu/H-i686-pc-linux-gnu/bin/../lib/gcc/nios2-elf/4.1.2/../../../../nios2-elf/lib/libm.a(lib_a-s_fabs.o)
 .bss           0x0081e53c        0x0 /OPT/altera/12.1/nios2eds/bin/gnu/H-i686-pc-linux-gnu/bin/../lib/gcc/nios2-elf/4.1.2/../../../../nios2-elf/lib/libm.a(lib_a-s_finite.o)
 .bss           0x0081e53c        0x0 /OPT/altera/12.1/nios2eds/bin/gnu/H-i686-pc-linux-gnu/bin/../lib/gcc/nios2-elf/4.1.2/../../../../nios2-elf/lib/libm.a(lib_a-s_isnand.o)
 .bss           0x0081e53c        0x0 /OPT/altera/12.1/nios2eds/bin/gnu/H-i686-pc-linux-gnu/bin/../lib/gcc/nios2-elf/4.1.2/../../../../nios2-elf/lib/libm.a(lib_a-s_lib_ver.o)
 .bss           0x0081e53c        0x0 /OPT/altera/12.1/nios2eds/bin/gnu/H-i686-pc-linux-gnu/bin/../lib/gcc/nios2-elf/4.1.2/../../../../nios2-elf/lib/libm.a(lib_a-s_matherr.o)
 .bss           0x0081e53c        0x0 /OPT/altera/12.1/nios2eds/bin/gnu/H-i686-pc-linux-gnu/bin/../lib/gcc/nios2-elf/4.1.2/../../../../nios2-elf/lib/libm.a(lib_a-s_nan.o)
 .bss           0x0081e53c        0x0 /OPT/altera/12.1/nios2eds/bin/gnu/H-i686-pc-linux-gnu/bin/../lib/gcc/nios2-elf/4.1.2/../../../../nios2-elf/lib/libm.a(lib_a-s_rint.o)
 .bss           0x0081e53c        0x0 /OPT/altera/12.1/nios2eds/bin/gnu/H-i686-pc-linux-gnu/bin/../lib/gcc/nios2-elf/4.1.2/../../../../nios2-elf/lib/libm.a(lib_a-s_scalbn.o)
 .bss           0x0081e53c        0x0 /OPT/altera/12.1/nios2eds/bin/gnu/H-i686-pc-linux-gnu/bin/../lib/gcc/nios2-elf/4.1.2/../../../../nios2-elf/lib/libm.a(lib_a-s_copysign.o)
 .bss           0x0081e53c        0x0 /OPT/altera/12.1/nios2eds/bin/gnu/H-i686-pc-linux-gnu/bin/../lib/gcc/nios2-elf/4.1.2/libgcc.a(_addsub_sf.o)
 .bss           0x0081e53c        0x0 /OPT/altera/12.1/nios2eds/bin/gnu/H-i686-pc-linux-gnu/bin/../lib/gcc/nios2-elf/4.1.2/libgcc.a(_mul_sf.o)
 .bss           0x0081e53c        0x0 /OPT/altera/12.1/nios2eds/bin/gnu/H-i686-pc-linux-gnu/bin/../lib/gcc/nios2-elf/4.1.2/libgcc.a(_div_sf.o)
 .bss           0x0081e53c        0x0 /OPT/altera/12.1/nios2eds/bin/gnu/H-i686-pc-linux-gnu/bin/../lib/gcc/nios2-elf/4.1.2/libgcc.a(_gt_sf.o)
 .bss           0x0081e53c        0x0 /OPT/altera/12.1/nios2eds/bin/gnu/H-i686-pc-linux-gnu/bin/../lib/gcc/nios2-elf/4.1.2/libgcc.a(_lt_sf.o)
 .bss           0x0081e53c        0x0 /OPT/altera/12.1/nios2eds/bin/gnu/H-i686-pc-linux-gnu/bin/../lib/gcc/nios2-elf/4.1.2/libgcc.a(_si_to_sf.o)
 .bss           0x0081e53c        0x0 /OPT/altera/12.1/nios2eds/bin/gnu/H-i686-pc-linux-gnu/bin/../lib/gcc/nios2-elf/4.1.2/libgcc.a(_sf_to_df.o)
 .bss           0x0081e53c        0x0 /OPT/altera/12.1/nios2eds/bin/gnu/H-i686-pc-linux-gnu/bin/../lib/gcc/nios2-elf/4.1.2/libgcc.a(_thenan_sf.o)
 .bss           0x0081e53c        0x0 /OPT/altera/12.1/nios2eds/bin/gnu/H-i686-pc-linux-gnu/bin/../lib/gcc/nios2-elf/4.1.2/libgcc.a(_usi_to_sf.o)
 .bss           0x0081e53c        0x0 /OPT/altera/12.1/nios2eds/bin/gnu/H-i686-pc-linux-gnu/bin/../lib/gcc/nios2-elf/4.1.2/libgcc.a(_addsub_df.o)
 .bss           0x0081e53c        0x0 /OPT/altera/12.1/nios2eds/bin/gnu/H-i686-pc-linux-gnu/bin/../lib/gcc/nios2-elf/4.1.2/libgcc.a(_mul_df.o)
 .bss           0x0081e53c        0x0 /OPT/altera/12.1/nios2eds/bin/gnu/H-i686-pc-linux-gnu/bin/../lib/gcc/nios2-elf/4.1.2/libgcc.a(_div_df.o)
 .bss           0x0081e53c        0x0 /OPT/altera/12.1/nios2eds/bin/gnu/H-i686-pc-linux-gnu/bin/../lib/gcc/nios2-elf/4.1.2/libgcc.a(_eq_df.o)
 .bss           0x0081e53c        0x0 /OPT/altera/12.1/nios2eds/bin/gnu/H-i686-pc-linux-gnu/bin/../lib/gcc/nios2-elf/4.1.2/libgcc.a(_ne_df.o)
 .bss           0x0081e53c        0x0 /OPT/altera/12.1/nios2eds/bin/gnu/H-i686-pc-linux-gnu/bin/../lib/gcc/nios2-elf/4.1.2/libgcc.a(_gt_df.o)
 .bss           0x0081e53c        0x0 /OPT/altera/12.1/nios2eds/bin/gnu/H-i686-pc-linux-gnu/bin/../lib/gcc/nios2-elf/4.1.2/libgcc.a(_lt_df.o)
 .bss           0x0081e53c        0x0 /OPT/altera/12.1/nios2eds/bin/gnu/H-i686-pc-linux-gnu/bin/../lib/gcc/nios2-elf/4.1.2/libgcc.a(_le_df.o)
 .bss           0x0081e53c        0x0 /OPT/altera/12.1/nios2eds/bin/gnu/H-i686-pc-linux-gnu/bin/../lib/gcc/nios2-elf/4.1.2/libgcc.a(_si_to_df.o)
 .bss           0x0081e53c        0x0 /OPT/altera/12.1/nios2eds/bin/gnu/H-i686-pc-linux-gnu/bin/../lib/gcc/nios2-elf/4.1.2/libgcc.a(_make_df.o)
 .bss           0x0081e53c        0x0 /OPT/altera/12.1/nios2eds/bin/gnu/H-i686-pc-linux-gnu/bin/../lib/gcc/nios2-elf/4.1.2/libgcc.a(_df_to_sf.o)
 .bss           0x0081e53c        0x0 /OPT/altera/12.1/nios2eds/bin/gnu/H-i686-pc-linux-gnu/bin/../lib/gcc/nios2-elf/4.1.2/libgcc.a(_thenan_df.o)
 .bss           0x0081e53c        0x0 /OPT/altera/12.1/nios2eds/bin/gnu/H-i686-pc-linux-gnu/bin/../lib/gcc/nios2-elf/4.1.2/libgcc.a(lib2-divmod.o)
 .bss           0x0081e53c        0x0 /OPT/altera/12.1/nios2eds/bin/gnu/H-i686-pc-linux-gnu/bin/../lib/gcc/nios2-elf/4.1.2/libgcc.a(_muldi3.o)
 .bss           0x0081e53c        0x0 /OPT/altera/12.1/nios2eds/bin/gnu/H-i686-pc-linux-gnu/bin/../lib/gcc/nios2-elf/4.1.2/libgcc.a(_clzsi2.o)
 .bss           0x0081e53c        0x0 /OPT/altera/12.1/nios2eds/bin/gnu/H-i686-pc-linux-gnu/bin/../lib/gcc/nios2-elf/4.1.2/libgcc.a(_pack_sf.o)
 .bss           0x0081e53c        0x0 /OPT/altera/12.1/nios2eds/bin/gnu/H-i686-pc-linux-gnu/bin/../lib/gcc/nios2-elf/4.1.2/libgcc.a(_unpack_sf.o)
 .bss           0x0081e53c        0x0 /OPT/altera/12.1/nios2eds/bin/gnu/H-i686-pc-linux-gnu/bin/../lib/gcc/nios2-elf/4.1.2/libgcc.a(_fpcmp_parts_sf.o)
 .bss           0x0081e53c        0x0 /OPT/altera/12.1/nios2eds/bin/gnu/H-i686-pc-linux-gnu/bin/../lib/gcc/nios2-elf/4.1.2/libgcc.a(_make_sf.o)
 .bss           0x0081e53c        0x0 /OPT/altera/12.1/nios2eds/bin/gnu/H-i686-pc-linux-gnu/bin/../lib/gcc/nios2-elf/4.1.2/libgcc.a(_pack_df.o)
 .bss           0x0081e53c        0x0 /OPT/altera/12.1/nios2eds/bin/gnu/H-i686-pc-linux-gnu/bin/../lib/gcc/nios2-elf/4.1.2/libgcc.a(_unpack_df.o)
 .bss           0x0081e53c        0x0 /OPT/altera/12.1/nios2eds/bin/gnu/H-i686-pc-linux-gnu/bin/../lib/gcc/nios2-elf/4.1.2/libgcc.a(_fpcmp_parts_df.o)
 .bss           0x0081e53c        0x0 /OPT/altera/12.1/nios2eds/bin/gnu/H-i686-pc-linux-gnu/bin/../lib/gcc/nios2-elf/4.1.2/libgcc.a(_clz.o)
 .bss           0x0081e53c        0x0 /OPT/altera/12.1/nios2eds/bin/gnu/H-i686-pc-linux-gnu/bin/../lib/gcc/nios2-elf/4.1.2/../../../../nios2-elf/lib/libc.a(lib_a-errno.o)
 .bss           0x0081e53c        0x0 /OPT/altera/12.1/nios2eds/bin/gnu/H-i686-pc-linux-gnu/bin/../lib/gcc/nios2-elf/4.1.2/../../../../nios2-elf/lib/libc.a(lib_a-impure.o)
 .bss           0x0081e53c        0x0 /OPT/altera/12.1/nios2eds/bin/gnu/H-i686-pc-linux-gnu/bin/../lib/gcc/nios2-elf/4.1.2/../../../../nios2-elf/lib/libc.a(lib_a-printf.o)
 .bss           0x0081e53c        0x0 /OPT/altera/12.1/nios2eds/bin/gnu/H-i686-pc-linux-gnu/bin/../lib/gcc/nios2-elf/4.1.2/../../../../nios2-elf/lib/libc.a(lib_a-puts.o)
 .bss           0x0081e53c        0x0 /OPT/altera/12.1/nios2eds/bin/gnu/H-i686-pc-linux-gnu/bin/../lib/gcc/nios2-elf/4.1.2/../../../../nios2-elf/lib/libc.a(lib_a-sprintf.o)
 .bss           0x0081e53c        0x0 /OPT/altera/12.1/nios2eds/bin/gnu/H-i686-pc-linux-gnu/bin/../lib/gcc/nios2-elf/4.1.2/../../../../nios2-elf/lib/libc.a(lib_a-strlen.o)
 .bss           0x0081e53c        0x0 /OPT/altera/12.1/nios2eds/bin/gnu/H-i686-pc-linux-gnu/bin/../lib/gcc/nios2-elf/4.1.2/../../../../nios2-elf/lib/libc.a(lib_a-vfprintf.o)
 .bss           0x0081e53c        0x0 /OPT/altera/12.1/nios2eds/bin/gnu/H-i686-pc-linux-gnu/bin/../lib/gcc/nios2-elf/4.1.2/../../../../nios2-elf/lib/libc.a(lib_a-wsetup.o)
 .bss           0x0081e53c        0x0 /OPT/altera/12.1/nios2eds/bin/gnu/H-i686-pc-linux-gnu/bin/../lib/gcc/nios2-elf/4.1.2/../../../../nios2-elf/lib/libc.a(lib_a-dtoa.o)
 .bss           0x0081e53c        0x0 /OPT/altera/12.1/nios2eds/bin/gnu/H-i686-pc-linux-gnu/bin/../lib/gcc/nios2-elf/4.1.2/../../../../nios2-elf/lib/libc.a(lib_a-fflush.o)
 .bss           0x0081e53c        0x0 /OPT/altera/12.1/nios2eds/bin/gnu/H-i686-pc-linux-gnu/bin/../lib/gcc/nios2-elf/4.1.2/../../../../nios2-elf/lib/libc.a(lib_a-findfp.o)
 .bss           0x0081e53c        0x0 /OPT/altera/12.1/nios2eds/bin/gnu/H-i686-pc-linux-gnu/bin/../lib/gcc/nios2-elf/4.1.2/../../../../nios2-elf/lib/libc.a(lib_a-freer.o)
 .bss           0x0081e53c        0x0 /OPT/altera/12.1/nios2eds/bin/gnu/H-i686-pc-linux-gnu/bin/../lib/gcc/nios2-elf/4.1.2/../../../../nios2-elf/lib/libc.a(lib_a-fvwrite.o)
 .bss           0x0081e53c        0x0 /OPT/altera/12.1/nios2eds/bin/gnu/H-i686-pc-linux-gnu/bin/../lib/gcc/nios2-elf/4.1.2/../../../../nios2-elf/lib/libc.a(lib_a-fwalk.o)
 .bss           0x0081e53c        0x0 /OPT/altera/12.1/nios2eds/bin/gnu/H-i686-pc-linux-gnu/bin/../lib/gcc/nios2-elf/4.1.2/../../../../nios2-elf/lib/libc.a(lib_a-locale.o)
 .bss           0x0081e53c        0x0 /OPT/altera/12.1/nios2eds/bin/gnu/H-i686-pc-linux-gnu/bin/../lib/gcc/nios2-elf/4.1.2/../../../../nios2-elf/lib/libc.a(lib_a-makebuf.o)
 .bss           0x0081e53c       0x28 /OPT/altera/12.1/nios2eds/bin/gnu/H-i686-pc-linux-gnu/bin/../lib/gcc/nios2-elf/4.1.2/../../../../nios2-elf/lib/libc.a(lib_a-mallocr.o)
                0x0081e53c                __malloc_current_mallinfo
 .bss           0x0081e564        0x0 /OPT/altera/12.1/nios2eds/bin/gnu/H-i686-pc-linux-gnu/bin/../lib/gcc/nios2-elf/4.1.2/../../../../nios2-elf/lib/libc.a(lib_a-memchr.o)
 .bss           0x0081e564        0x0 /OPT/altera/12.1/nios2eds/bin/gnu/H-i686-pc-linux-gnu/bin/../lib/gcc/nios2-elf/4.1.2/../../../../nios2-elf/lib/libc.a(lib_a-memcpy.o)
 .bss           0x0081e564        0x0 /OPT/altera/12.1/nios2eds/bin/gnu/H-i686-pc-linux-gnu/bin/../lib/gcc/nios2-elf/4.1.2/../../../../nios2-elf/lib/libc.a(lib_a-memmove.o)
 .bss           0x0081e564        0x0 /OPT/altera/12.1/nios2eds/bin/gnu/H-i686-pc-linux-gnu/bin/../lib/gcc/nios2-elf/4.1.2/../../../../nios2-elf/lib/libc.a(lib_a-memset.o)
 .bss           0x0081e564        0x0 /OPT/altera/12.1/nios2eds/bin/gnu/H-i686-pc-linux-gnu/bin/../lib/gcc/nios2-elf/4.1.2/../../../../nios2-elf/lib/libc.a(lib_a-mprec.o)
 .bss           0x0081e564        0x0 /OPT/altera/12.1/nios2eds/bin/gnu/H-i686-pc-linux-gnu/bin/../lib/gcc/nios2-elf/4.1.2/../../../../nios2-elf/lib/libc.a(lib_a-reallocr.o)
 .bss           0x0081e564        0x0 /OPT/altera/12.1/nios2eds/bin/gnu/H-i686-pc-linux-gnu/bin/../lib/gcc/nios2-elf/4.1.2/../../../../nios2-elf/lib/libc.a(lib_a-s_isinfd.o)
 .bss           0x0081e564        0x0 /OPT/altera/12.1/nios2eds/bin/gnu/H-i686-pc-linux-gnu/bin/../lib/gcc/nios2-elf/4.1.2/../../../../nios2-elf/lib/libc.a(lib_a-sbrkr.o)
 .bss           0x0081e564        0x0 /OPT/altera/12.1/nios2eds/bin/gnu/H-i686-pc-linux-gnu/bin/../lib/gcc/nios2-elf/4.1.2/../../../../nios2-elf/lib/libc.a(lib_a-stdio.o)
 .bss           0x0081e564        0x0 /OPT/altera/12.1/nios2eds/bin/gnu/H-i686-pc-linux-gnu/bin/../lib/gcc/nios2-elf/4.1.2/../../../../nios2-elf/lib/libc.a(lib_a-strcmp.o)
 .bss           0x0081e564        0x0 /OPT/altera/12.1/nios2eds/bin/gnu/H-i686-pc-linux-gnu/bin/../lib/gcc/nios2-elf/4.1.2/../../../../nios2-elf/lib/libc.a(lib_a-writer.o)
 .bss           0x0081e564        0x0 /OPT/altera/12.1/nios2eds/bin/gnu/H-i686-pc-linux-gnu/bin/../lib/gcc/nios2-elf/4.1.2/../../../../nios2-elf/lib/libc.a(lib_a-callocr.o)
 .bss           0x0081e564        0x0 /OPT/altera/12.1/nios2eds/bin/gnu/H-i686-pc-linux-gnu/bin/../lib/gcc/nios2-elf/4.1.2/../../../../nios2-elf/lib/libc.a(lib_a-closer.o)
 .bss           0x0081e564        0x0 /OPT/altera/12.1/nios2eds/bin/gnu/H-i686-pc-linux-gnu/bin/../lib/gcc/nios2-elf/4.1.2/../../../../nios2-elf/lib/libc.a(lib_a-fclose.o)
 .bss           0x0081e564        0x0 /OPT/altera/12.1/nios2eds/bin/gnu/H-i686-pc-linux-gnu/bin/../lib/gcc/nios2-elf/4.1.2/../../../../nios2-elf/lib/libc.a(lib_a-fstatr.o)
 .bss           0x0081e564        0x0 /OPT/altera/12.1/nios2eds/bin/gnu/H-i686-pc-linux-gnu/bin/../lib/gcc/nios2-elf/4.1.2/../../../../nios2-elf/lib/libc.a(lib_a-int_errno.o)
 .bss           0x0081e564        0x0 /OPT/altera/12.1/nios2eds/bin/gnu/H-i686-pc-linux-gnu/bin/../lib/gcc/nios2-elf/4.1.2/../../../../nios2-elf/lib/libc.a(lib_a-isattyr.o)
 .bss           0x0081e564        0x0 /OPT/altera/12.1/nios2eds/bin/gnu/H-i686-pc-linux-gnu/bin/../lib/gcc/nios2-elf/4.1.2/../../../../nios2-elf/lib/libc.a(lib_a-lseekr.o)
 .bss           0x0081e564        0x0 /OPT/altera/12.1/nios2eds/bin/gnu/H-i686-pc-linux-gnu/bin/../lib/gcc/nios2-elf/4.1.2/../../../../nios2-elf/lib/libc.a(lib_a-readr.o)
 .bss           0x0081e564        0x0 /OPT/altera/12.1/nios2eds/bin/gnu/H-i686-pc-linux-gnu/bin/../lib/gcc/nios2-elf/4.1.2/libgcc.a(_udivdi3.o)
 .bss           0x0081e564        0x0 /OPT/altera/12.1/nios2eds/bin/gnu/H-i686-pc-linux-gnu/bin/../lib/gcc/nios2-elf/4.1.2/libgcc.a(_umoddi3.o)
 .bss           0x0081e564        0x0 /OPT/altera/12.1/nios2eds/bin/gnu/H-i686-pc-linux-gnu/bin/../lib/gcc/nios2-elf/4.1.2/libgcc.a(_ge_df.o)
 .bss           0x0081e564        0x0 /OPT/altera/12.1/nios2eds/bin/gnu/H-i686-pc-linux-gnu/bin/../lib/gcc/nios2-elf/4.1.2/libgcc.a(_df_to_si.o)
 .bss           0x0081e564        0x0 /OPT/altera/12.1/nios2eds/bin/gnu/H-i686-pc-linux-gnu/bin/../lib/gcc/nios2-elf/4.1.2/libgcc.a(_usi_to_df.o)
 .bss           0x0081e564        0x0 ../NonVolatile_V1_bsp//libucosii_bsp.a(alt_close.o)
 .bss           0x0081e564        0x0 ../NonVolatile_V1_bsp//libucosii_bsp.a(alt_dev.o)
 .bss           0x0081e564        0x0 ../NonVolatile_V1_bsp//libucosii_bsp.a(alt_errno.o)
 .bss           0x0081e564        0x0 ../NonVolatile_V1_bsp//libucosii_bsp.a(alt_fstat.o)
 .bss           0x0081e564        0x0 ../NonVolatile_V1_bsp//libucosii_bsp.a(alt_irq_register.o)
 .bss           0x0081e564        0x0 ../NonVolatile_V1_bsp//libucosii_bsp.a(alt_irq_vars.o)
 .bss           0x0081e564        0x0 ../NonVolatile_V1_bsp//libucosii_bsp.a(alt_isatty.o)
 .bss           0x0081e564        0x0 ../NonVolatile_V1_bsp//libucosii_bsp.a(alt_lseek.o)
 .bss           0x0081e564        0x0 ../NonVolatile_V1_bsp//libucosii_bsp.a(alt_main.o)
 .bss           0x0081e564        0x0 ../NonVolatile_V1_bsp//libucosii_bsp.a(alt_read.o)
 .bss           0x0081e564        0x0 ../NonVolatile_V1_bsp//libucosii_bsp.a(alt_release_fd.o)
 .bss           0x0081e564        0x0 ../NonVolatile_V1_bsp//libucosii_bsp.a(alt_sbrk.o)
 .bss           0x0081e564        0x0 ../NonVolatile_V1_bsp//libucosii_bsp.a(alt_usleep.o)
 .bss           0x0081e564        0x0 ../NonVolatile_V1_bsp//libucosii_bsp.a(alt_write.o)
 .bss           0x0081e564        0x0 ../NonVolatile_V1_bsp//libucosii_bsp.a(alt_env_lock.o)
 .bss           0x0081e564        0x0 ../NonVolatile_V1_bsp//libucosii_bsp.a(alt_malloc_lock.o)
 .bss           0x0081e564        0x0 ../NonVolatile_V1_bsp//libucosii_bsp.a(os_core.o)
 .bss           0x0081e564        0x0 ../NonVolatile_V1_bsp//libucosii_bsp.a(os_dbg.o)
 .bss           0x0081e564        0x0 ../NonVolatile_V1_bsp//libucosii_bsp.a(os_flag.o)
 .bss           0x0081e564        0x0 ../NonVolatile_V1_bsp//libucosii_bsp.a(os_mem.o)
 .bss           0x0081e564        0x0 ../NonVolatile_V1_bsp//libucosii_bsp.a(os_q.o)
 .bss           0x0081e564        0x0 ../NonVolatile_V1_bsp//libucosii_bsp.a(os_sem.o)
 .bss           0x0081e564        0x0 ../NonVolatile_V1_bsp//libucosii_bsp.a(os_task.o)
 .bss           0x0081e564        0x0 ../NonVolatile_V1_bsp//libucosii_bsp.a(os_time.o)
 .bss           0x0081e564        0x0 ../NonVolatile_V1_bsp//libucosii_bsp.a(alt_sys_init.o)
 .bss           0x0081e564        0x0 ../NonVolatile_V1_bsp//libucosii_bsp.a(altera_avalon_jtag_uart_fd.o)