Archive member included because of file (symbol)

/OPT/altera/12.1/nios2eds/bin/gnu/H-i686-pc-linux-gnu/bin/../lib/gcc/nios2-elf/4.1.2/../../../../nios2-elf/lib/libm.a(lib_a-w_pow.o)
                              obj/default/MPU9250/mpu9250.o (pow)
/OPT/altera/12.1/nios2eds/bin/gnu/H-i686-pc-linux-gnu/bin/../lib/gcc/nios2-elf/4.1.2/../../../../nios2-elf/lib/libm.a(lib_a-e_pow.o)
                              /OPT/altera/12.1/nios2eds/bin/gnu/H-i686-pc-linux-gnu/bin/../lib/gcc/nios2-elf/4.1.2/../../../../nios2-elf/lib/libm.a(lib_a-w_pow.o) (__ieee754_pow)
/OPT/altera/12.1/nios2eds/bin/gnu/H-i686-pc-linux-gnu/bin/../lib/gcc/nios2-elf/4.1.2/../../../../nios2-elf/lib/libm.a(lib_a-e_sqrt.o)
                              /OPT/altera/12.1/nios2eds/bin/gnu/H-i686-pc-linux-gnu/bin/../lib/gcc/nios2-elf/4.1.2/../../../../nios2-elf/lib/libm.a(lib_a-e_pow.o) (__ieee754_sqrt)
/OPT/altera/12.1/nios2eds/bin/gnu/H-i686-pc-linux-gnu/bin/../lib/gcc/nios2-elf/4.1.2/../../../../nios2-elf/lib/libm.a(lib_a-s_fabs.o)
                              /OPT/altera/12.1/nios2eds/bin/gnu/H-i686-pc-linux-gnu/bin/../lib/gcc/nios2-elf/4.1.2/../../../../nios2-elf/lib/libm.a(lib_a-e_pow.o) (fabs)
/OPT/altera/12.1/nios2eds/bin/gnu/H-i686-pc-linux-gnu/bin/../lib/gcc/nios2-elf/4.1.2/../../../../nios2-elf/lib/libm.a(lib_a-s_finite.o)
                              /OPT/altera/12.1/nios2eds/bin/gnu/H-i686-pc-linux-gnu/bin/../lib/gcc/nios2-elf/4.1.2/../../../../nios2-elf/lib/libm.a(lib_a-w_pow.o) (finite)
/OPT/altera/12.1/nios2eds/bin/gnu/H-i686-pc-linux-gnu/bin/../lib/gcc/nios2-elf/4.1.2/../../../../nios2-elf/lib/libm.a(lib_a-s_isnand.o)
                              /OPT/altera/12.1/nios2eds/bin/gnu/H-i686-pc-linux-gnu/bin/../lib/gcc/nios2-elf/4.1.2/../../../../nios2-elf/lib/libm.a(lib_a-w_pow.o) (__isnand)
/OPT/altera/12.1/nios2eds/bin/gnu/H-i686-pc-linux-gnu/bin/../lib/gcc/nios2-elf/4.1.2/../../../../nios2-elf/lib/libm.a(lib_a-s_lib_ver.o)
                              /OPT/altera/12.1/nios2eds/bin/gnu/H-i686-pc-linux-gnu/bin/../lib/gcc/nios2-elf/4.1.2/../../../../nios2-elf/lib/libm.a(lib_a-w_pow.o) (__fdlib_version)
/OPT/altera/12.1/nios2eds/bin/gnu/H-i686-pc-linux-gnu/bin/../lib/gcc/nios2-elf/4.1.2/../../../../nios2-elf/lib/libm.a(lib_a-s_matherr.o)
                              /OPT/altera/12.1/nios2eds/bin/gnu/H-i686-pc-linux-gnu/bin/../lib/gcc/nios2-elf/4.1.2/../../../../nios2-elf/lib/libm.a(lib_a-w_pow.o) (matherr)
/OPT/altera/12.1/nios2eds/bin/gnu/H-i686-pc-linux-gnu/bin/../lib/gcc/nios2-elf/4.1.2/../../../../nios2-elf/lib/libm.a(lib_a-s_nan.o)
                              /OPT/altera/12.1/nios2eds/bin/gnu/H-i686-pc-linux-gnu/bin/../lib/gcc/nios2-elf/4.1.2/../../../../nios2-elf/lib/libm.a(lib_a-e_pow.o) (nan)
/OPT/altera/12.1/nios2eds/bin/gnu/H-i686-pc-linux-gnu/bin/../lib/gcc/nios2-elf/4.1.2/../../../../nios2-elf/lib/libm.a(lib_a-s_rint.o)
                              /OPT/altera/12.1/nios2eds/bin/gnu/H-i686-pc-linux-gnu/bin/../lib/gcc/nios2-elf/4.1.2/../../../../nios2-elf/lib/libm.a(lib_a-w_pow.o) (rint)
/OPT/altera/12.1/nios2eds/bin/gnu/H-i686-pc-linux-gnu/bin/../lib/gcc/nios2-elf/4.1.2/../../../../nios2-elf/lib/libm.a(lib_a-s_scalbn.o)
                              /OPT/altera/12.1/nios2eds/bin/gnu/H-i686-pc-linux-gnu/bin/../lib/gcc/nios2-elf/4.1.2/../../../../nios2-elf/lib/libm.a(lib_a-e_pow.o) (scalbn)
/OPT/altera/12.1/nios2eds/bin/gnu/H-i686-pc-linux-gnu/bin/../lib/gcc/nios2-elf/4.1.2/../../../../nios2-elf/lib/libm.a(lib_a-s_copysign.o)
                              /OPT/altera/12.1/nios2eds/bin/gnu/H-i686-pc-linux-gnu/bin/../lib/gcc/nios2-elf/4.1.2/../../../../nios2-elf/lib/libm.a(lib_a-s_scalbn.o) (copysign)
/OPT/altera/12.1/nios2eds/bin/gnu/H-i686-pc-linux-gnu/bin/../lib/gcc/nios2-elf/4.1.2/libgcc.a(_mul_sf.o)
                              obj/default/MPU9250/mpu9250.o (__mulsf3)
/OPT/altera/12.1/nios2eds/bin/gnu/H-i686-pc-linux-gnu/bin/../lib/gcc/nios2-elf/4.1.2/libgcc.a(_div_sf.o)
                              obj/default/MPU9250/mpu9250.o (__divsf3)
/OPT/altera/12.1/nios2eds/bin/gnu/H-i686-pc-linux-gnu/bin/../lib/gcc/nios2-elf/4.1.2/libgcc.a(_gt_sf.o)
                              obj/default/imu_i2c.o (__gtsf2)
/OPT/altera/12.1/nios2eds/bin/gnu/H-i686-pc-linux-gnu/bin/../lib/gcc/nios2-elf/4.1.2/libgcc.a(_lt_sf.o)
                              obj/default/imu_i2c.o (__ltsf2)
/OPT/altera/12.1/nios2eds/bin/gnu/H-i686-pc-linux-gnu/bin/../lib/gcc/nios2-elf/4.1.2/libgcc.a(_si_to_sf.o)
                              obj/default/MPU9250/mpu9250.o (__floatsisf)
/OPT/altera/12.1/nios2eds/bin/gnu/H-i686-pc-linux-gnu/bin/../lib/gcc/nios2-elf/4.1.2/libgcc.a(_sf_to_df.o)
                              obj/default/MPU9250/mpu9250.o (__extendsfdf2)
/OPT/altera/12.1/nios2eds/bin/gnu/H-i686-pc-linux-gnu/bin/../lib/gcc/nios2-elf/4.1.2/libgcc.a(_thenan_sf.o)
                              /OPT/altera/12.1/nios2eds/bin/gnu/H-i686-pc-linux-gnu/bin/../lib/gcc/nios2-elf/4.1.2/libgcc.a(_mul_sf.o) (__thenan_sf)
[...]
Memory Configuration

Name             Origin             Length             Attributes
sdram_0          0x00800000         0x00800000
reset            0x01400000         0x00000020
generic_tristate_controller_0 0x01400020         0x003fffe0
sram_0           0x01880000         0x00080000
onchip_memory2_0_BEFORE_EXCEPTION 0x01904000         0x00000020
onchip_memory2_0 0x01904020         0x00003fe0
*default*        0x00000000         0xffffffff

Linker script and memory map

LOAD ../NonVolatile_V1_bsp//obj/HAL/src/crt0.o
LOAD obj/default/MPU9250/mpu9250.o
LOAD obj/default/i2c/I2C.o
LOAD obj/default/imu_i2c.o
LOAD /OPT/altera/12.1/nios2eds/bin/gnu/H-i686-pc-linux-gnu/bin/../lib/gcc/nios2-elf/4.1.2/../../../../nios2-elf/lib/libstdc++.a
LOAD /OPT/altera/12.1/nios2eds/bin/gnu/H-i686-pc-linux-gnu/bin/../lib/gcc/nios2-elf/4.1.2/../../../../nios2-elf/lib/libm.a
LOAD /OPT/altera/12.1/nios2eds/bin/gnu/H-i686-pc-linux-gnu/bin/../lib/gcc/nios2-elf/4.1.2/libgcc.a
START GROUP
LOAD /OPT/altera/12.1/nios2eds/bin/gnu/H-i686-pc-linux-gnu/bin/../lib/gcc/nios2-elf/4.1.2/../../../../nios2-elf/lib/libc.a
LOAD /OPT/altera/12.1/nios2eds/bin/gnu/H-i686-pc-linux-gnu/bin/../lib/gcc/nios2-elf/4.1.2/libgcc.a
LOAD ../NonVolatile_V1_bsp//libucosii_bsp.a
END GROUP
LOAD /OPT/altera/12.1/nios2eds/bin/gnu/H-i686-pc-linux-gnu/bin/../lib/gcc/nios2-elf/4.1.2/libgcc.a
                0x00800000                __alt_mem_sdram_0 = 0x800000
                0x01400000                __alt_mem_generic_tristate_controller_0 = 0x1400000
                0x01880000                __alt_mem_sram_0 = 0x1880000
                0x01904000                __alt_mem_onchip_memory2_0 = 0x1904000

.entry          0x01400000        0x0
 *(.entry)
 .entry         0x01400000        0x0 ../NonVolatile_V1_bsp//obj/HAL/src/crt0.o
                0x01400000                __reset

.exceptions     0x01904020      0x19c
                0x01904020                PROVIDE (__ram_exceptions_start, ABSOLUTE (.))
                0x01904020                . = ALIGN (0x20)
 *(.irq)
 *(.exceptions.entry.label)
 .exceptions.entry.label
                0x01904020        0x0 ../NonVolatile_V1_bsp//libucosii_bsp.a(alt_irq_entry.o)
                0x01904020                alt_irq_entry
 .exceptions.entry.label
                0x01904020        0x0 ../NonVolatile_V1_bsp//libucosii_bsp.a(alt_exception_entry.o)
                0x01904020                alt_exception
 *(.exceptions.entry.user)
 *(.exceptions.entry)
 .exceptions.entry
                0x01904020       0x54 ../NonVolatile_V1_bsp//libucosii_bsp.a(alt_exception_entry.o)
 *(.exceptions.irqtest.user)
 *(.exceptions.irqtest)
 .exceptions.irqtest
                0x01904074       0x10 ../NonVolatile_V1_bsp//libucosii_bsp.a(alt_irq_entry.o)
 *(.exceptions.irqhandler.user)
 *(.exceptions.irqhandler)
 .exceptions.irqhandler
                0x01904084        0x4 ../NonVolatile_V1_bsp//libucosii_bsp.a(alt_irq_entry.o)
 *(.exceptions.irqreturn.user)
 *(.exceptions.irqreturn)
 .exceptions.irqreturn
                0x01904088        0x4 ../NonVolatile_V1_bsp//libucosii_bsp.a(alt_irq_entry.o)
 *(.exceptions.notirq.label)
 .exceptions.notirq.label
                0x0190408c        0x0 ../NonVolatile_V1_bsp//libucosii_bsp.a(alt_irq_entry.o)
 *(.exceptions.notirq.user)
 *(.exceptions.notirq)
 .exceptions.notirq
                0x0190408c        0x8 ../NonVolatile_V1_bsp//libucosii_bsp.a(alt_exception_entry.o)
 *(.exceptions.soft.user)
 *(.exceptions.soft)
 *(.exceptions.unknown.user)
 *(.exceptions.unknown)
 .exceptions.unknown
                0x01904094        0x4 ../NonVolatile_V1_bsp//libucosii_bsp.a(alt_exception_entry.o)
 *(.exceptions.exit.label)
 .exceptions.exit.label
                0x01904098        0x0 ../NonVolatile_V1_bsp//libucosii_bsp.a(alt_irq_entry.o)
 .exceptions.exit.label
                0x01904098        0x0 ../NonVolatile_V1_bsp//libucosii_bsp.a(alt_exception_entry.o)
 *(.exceptions.exit.user)
 *(.exceptions.exit)
 .exceptions.exit
                0x01904098       0x54 ../NonVolatile_V1_bsp//libucosii_bsp.a(alt_exception_entry.o)
 *(.exceptions)
 .exceptions    0x019040ec       0xd0 ../NonVolatile_V1_bsp//libucosii_bsp.a(alt_irq_handler.o)
                0x019040ec                alt_irq_handler
                0x019041bc                PROVIDE (__ram_exceptions_end, ABSOLUTE (.))
                0x01904020                PROVIDE (__flash_exceptions_start, LOADADDR (.exceptions))

.text           0x00800000    0x1bf6c
                0x00800000                PROVIDE (stext, ABSOLUTE (.))
 *(.interp)
 *(.hash)
 *(.dynsym)
 *(.dynstr)
 *(.gnu.version)
 *(.gnu.version_d)
 *(.gnu.version_r)
 *(.rel.init)
 *(.rela.init)
 *(.rel.text .rel.text.* .rel.gnu.linkonce.t.*)
 *(.rela.text .rela.text.* .rela.gnu.linkonce.t.*)
 *(.rel.fini)
 *(.rela.fini)
 *(.rel.rodata .rel.rodata.* .rel.gnu.linkonce.r.*)
 *(.rela.rodata .rela.rodata.* .rela.gnu.linkonce.r.*)
 *(.rel.data .rel.data.* .rel.gnu.linkonce.d.*)
 *(.rela.data .rela.data.* .rela.gnu.linkonce.d.*)
 *(.rel.tdata .rel.tdata.* .rel.gnu.linkonce.td.*)
 *(.rela.tdata .rela.tdata.* .rela.gnu.linkonce.td.*)
 *(.rel.tbss .rel.tbss.* .rel.gnu.linkonce.tb.*)
 *(.rela.tbss .rela.tbss.* .rela.gnu.linkonce.tb.*)
 *(.rel.ctors)
 *(.rela.ctors)
 *(.rel.dtors)
 *(.rela.dtors)
 *(.rel.got)
 *(.rela.got)
 *(.rel.sdata .rel.sdata.* .rel.gnu.linkonce.s.*)
 *(.rela.sdata .rela.sdata.* .rela.gnu.linkonce.s.*)
 *(.rel.sbss .rel.sbss.* .rel.gnu.linkonce.sb.*)
 *(.rela.sbss .rela.sbss.* .rela.gnu.linkonce.sb.*)
 *(.rel.sdata2 .rel.sdata2.* .rel.gnu.linkonce.s2.*)
 *(.rela.sdata2 .rela.sdata2.* .rela.gnu.linkonce.s2.*)
 *(.rel.sbss2 .rel.sbss2.* .rel.gnu.linkonce.sb2.*)
 *(.rela.sbss2 .rela.sbss2.* .rela.gnu.linkonce.sb2.*)
 *(.rel.bss .rel.bss.* .rel.gnu.linkonce.b.*)
 *(.rela.bss .rela.bss.* .rela.gnu.linkonce.b.*)
 *(.rel.plt)
 *(.rela.plt)
 *(.rel.dyn)
 *(.init)
 *(.plt)
 *(.text .stub .text.* .gnu.linkonce.t.*)
 .text          0x00800000       0x48 ../NonVolatile_V1_bsp//obj/HAL/src/crt0.o
                0x00800000                _start
 .text          0x00800048     0x2498 obj/default/MPU9250/mpu9250.o
                0x00800048                getAres
                0x00800074                getGres
                0x008000a0                readAccelData
                0x008001a0                readGyroData
                0x008002a0                initMPU9250
                0x008005f8                calibrateMPU9250
                0x008014f8                MPU9250SelfTest
 .text          0x008024e0      0xa80 obj/default/i2c/I2C.o
                0x008024e0                I2C_Start
                0x00802518                I2C_Stop
                0x00802550                I2C_WriteToDevice
                0x00802648                I2C_WriteToDeviceRegister
                0x00802778                I2C_WriteMore
                0x0080283c                I2C_ReadFromDevice
                0x00802930                I2C_ReadFromDeviceRegister
                0x00802a8c                I2C_ReadMore
                0x00802b38                i2c_selectAddress
                0x00802bb0                i2c_start
                0x00802c38                i2c_stop
                0x00802cb0                i2c_write
                0x00802df4                i2c_read
 .text          0x00802f60      0xf44 obj/default/imu_i2c.o
                0x00802f60                task1
                0x00803d80                main
                0x00803e08                init_pedal_pio
                0x00803e5c                interrupt_isr_pedalPress
 .text          0x00803ea4      0x488 /OPT/altera/12.1/nios2eds/bin/gnu/H-i686-pc-linux-gnu/bin/../lib/gcc/nios2-elf/4.1.2/../../../../nios2-elf/lib/libm.a(lib_a-w_pow.o)
                0x00803ea4                pow
 .text          0x0080432c     0x1300 /OPT/altera/12.1/nios2eds/bin/gnu/H-i686-pc-linux-gnu/bin/../lib/gcc/nios2-elf/4.1.2/../../../../nios2-elf/lib/libm.a(lib_a-e_pow.o)
                0x0080432c                __ieee754_pow
 .text          0x0080562c      0x2c8 /OPT/altera/12.1/nios2eds/bin/gnu/H-i686-pc-linux-gnu/bin/../lib/gcc/nios2-elf/4.1.2/../../../../nios2-elf/lib/libm.a(lib_a-e_sqrt.o)
                0x0080562c                __ieee754_sqrt
 .text          0x008058f4       0x18 /OPT/altera/12.1/nios2eds/bin/gnu/H-i686-pc-linux-gnu/bin/../lib/gcc/nios2-elf/4.1.2/../../../../nios2-elf/lib/libm.a(lib_a-s_fabs.o)
                0x008058f4                fabs
 .text          0x0080590c       0x1c /OPT/altera/12.1/nios2eds/bin/gnu/H-i686-pc-linux-gnu/bin/../lib/gcc/nios2-elf/4.1.2/../../../../nios2-elf/lib/libm.a(lib_a-s_finite.o)
                0x0080590c                finite
 .text          0x00805928       0x30 /OPT/altera/12.1/nios2eds/bin/gnu/H-i686-pc-linux-gnu/bin/../lib/gcc/nios2-elf/4.1.2/../../../../nios2-elf/lib/libm.a(lib_a-s_isnand.o)
                0x00805928                __isnand
 .text          0x00805958        0x0 /OPT/altera/12.1/nios2eds/bin/gnu/H-i686-pc-linux-gnu/bin/../lib/gcc/nios2-elf/4.1.2/../../../../nios2-elf/lib/libm.a(lib_a-s_lib_ver.o)
 .text          0x00805958        0x8 /OPT/altera/12.1/nios2eds/bin/gnu/H-i686-pc-linux-gnu/bin/../lib/gcc/nios2-elf/4.1.2/../../../../nios2-elf/lib/libm.a(lib_a-s_matherr.o)
                0x00805958                matherr
 .text          0x00805960       0x10 /OPT/altera/12.1/nios2eds/bin/gnu/H-i686-pc-linux-gnu/bin/../lib/gcc/nios2-elf/4.1.2/../../../../nios2-elf/lib/libm.a(lib_a-s_nan.o)
                0x00805960                nan
 .text          0x00805970      0x210 /OPT/altera/12.1/nios2eds/bin/gnu/H-i686-pc-linux-gnu/bin/../lib/gcc/nios2-elf/4.1.2/../../../../nios2-elf/lib/libm.a(lib_a-s_rint.o)
                0x00805970                rint
 .text          0x00805b80      0x1e0 /OPT/altera/12.1/nios2eds/bin/gnu/H-i686-pc-linux-gnu/bin/../lib/gcc/nios2-elf/4.1.2/../../../../nios2-elf/lib/libm.a(lib_a-s_scalbn.o)
                0x00805b80                scalbn
 .text          0x00805d60       0x24 /OPT/altera/12.1/nios2eds/bin/gnu/H-i686-pc-linux-gnu/bin/../lib/gcc/nios2-elf/4.1.2/../../../../nios2-elf/lib/libm.a(lib_a-s_copysign.o)
                0x00805d60                copysign
 .text          0x00805d84      0x1e0 /OPT/altera/12.1/nios2eds/bin/gnu/H-i686-pc-linux-gnu/bin/../lib/gcc/nios2-elf/4.1.2/libgcc.a(_mul_sf.o)
                0x00805d84                __mulsf3
 .text          0x00805f64      0x174 /OPT/altera/12.1/nios2eds/bin/gnu/H-i686-pc-linux-gnu/bin/../lib/gcc/nios2-elf/4.1.2/libgcc.a(_div_sf.o)
                0x00805f64                __divsf3
 .text          0x008060d8       0x78 /OPT/altera/12.1/nios2eds/bin/gnu/H-i686-pc-linux-gnu/bin/../lib/gcc/nios2-elf/4.1.2/libgcc.a(_gt_sf.o)
                0x008060d8                __gtsf2
 .text          0x00806150       0x78 /OPT/altera/12.1/nios2eds/bin/gnu/H-i686-pc-linux-gnu/bin/../lib/gcc/nios2-elf/4.1.2/libgcc.a(_lt_sf.o)
                0x00806150                __ltsf2
 .text          0x008061c8       0x98 /OPT/altera/12.1/nios2eds/bin/gnu/H-i686-pc-linux-gnu/bin/../lib/gcc/nios2-elf/4.1.2/libgcc.a(_si_to_sf.o)
                0x008061c8                __floatsisf
 .text          0x00806260       0x54 /OPT/altera/12.1/nios2eds/bin/gnu/H-i686-pc-linux-gnu/bin/../lib/gcc/nios2-elf/4.1.2/libgcc.a(_sf_to_df.o)
                0x00806260                __extendsfdf2
 .text          0x008062b4        0x0 /OPT/altera/12.1/nios2eds/bin/gnu/H-i686-pc-linux-gnu/bin/../lib/gcc/nios2-elf/4.1.2/libgcc.a(_thenan_sf.o)
 .text          0x008062b4       0xc0 /OPT/altera/12.1/nios2eds/bin/gnu/H-i686-pc-linux-gnu/bin/../lib/gcc/nios2-elf/4.1.2/libgcc.a(_usi_to_sf.o)
                0x008062b4                __floatunsisf
 .text          0x00806374      0x504 /OPT/altera/12.1/nios2eds/bin/gnu/H-i686-pc-linux-gnu/bin/../lib/gcc/nios2-elf/4.1.2/libgcc.a(_addsub_df.o)
                0x00806784                __subdf3
                0x00806804                __adddf3
 .text          0x00806878      0x3c4 /OPT/altera/12.1/nios2eds/bin/gnu/H-i686-pc-linux-gnu/bin/../lib/gcc/nios2-elf/4.1.2/libgcc.a(_mul_df.o)
                0x00806878                __muldf3
 .text          0x00806c3c      0x258 /OPT/altera/12.1/nios2eds/bin/gnu/H-i686-pc-linux-gnu/bin/../lib/gcc/nios2-elf/4.1.2/libgcc.a(_div_df.o)
                0x00806c3c                __divdf3
 .text          0x00806e94       0x88 /OPT/altera/12.1/nios2eds/bin/gnu/H-i686-pc-linux-gnu/bin/../lib/gcc/nios2-elf/4.1.2/libgcc.a(_eq_df.o)
                0x00806e94                __eqdf2
 .text          0x00806f1c       0x88 /OPT/altera/12.1/nios2eds/bin/gnu/H-i686-pc-linux-gnu/bin/../lib/gcc/nios2-elf/4.1.2/libgcc.a(_ne_df.o)
                0x00806f1c                __nedf2
 .text          0x00806fa4       0x88 /OPT/altera/12.1/nios2eds/bin/gnu/H-i686-pc-linux-gnu/bin/../lib/gcc/nios2-elf/4.1.2/libgcc.a(_gt_df.o)
                0x00806fa4                __gtdf2
 .text          0x0080702c       0x88 /OPT/altera/12.1/nios2eds/bin/gnu/H-i686-pc-linux-gnu/bin/../lib/gcc/nios2-elf/4.1.2/libgcc.a(_lt_df.o)
                0x0080702c                __ltdf2
 .text          0x008070b4       0x88 /OPT/altera/12.1/nios2eds/bin/gnu/H-i686-pc-linux-gnu/bin/../lib/gcc/nios2-elf/4.1.2/libgcc.a(_le_df.o)
                0x008070b4                __ledf2
 .text          0x0080713c       0xf8 /OPT/altera/12.1/nios2eds/bin/gnu/H-i686-pc-linux-gnu/bin/../lib/gcc/nios2-elf/4.1.2/libgcc.a(_si_to_df.o)
                0x0080713c                __floatsidf
 .text          0x00807234       0x38 /OPT/altera/12.1/nios2eds/bin/gnu/H-i686-pc-linux-gnu/bin/../lib/gcc/nios2-elf/4.1.2/libgcc.a(_make_df.o)
                0x00807234                __make_dp
 .text          0x0080726c       0x74 /OPT/altera/12.1/nios2eds/bin/gnu/H-i686-pc-linux-gnu/bin/../lib/gcc/nios2-elf/4.1.2/libgcc.a(_df_to_sf.o)
                0x0080726c                __truncdfsf2
 .text          0x008072e0        0x0 /OPT/altera/12.1/nios2eds/bin/gnu/H-i686-pc-linux-gnu/bin/../lib/gcc/nios2-elf/4.1.2/libgcc.a(_thenan_df.o)
 .text          0x008072e0      0x14c /OPT/altera/12.1/nios2eds/bin/gnu/H-i686-pc-linux-gnu/bin/../lib/gcc/nios2-elf/4.1.2/libgcc.a(lib2-divmod.o)
                0x0080735c                __divsi3
                0x008073bc                __modsi3
                0x0080741c                __udivsi3
                0x00807424                __umodsi3
 .text          0x0080742c       0x98 /OPT/altera/12.1/nios2eds/bin/gnu/H-i686-pc-linux-gnu/bin/../lib/gcc/nios2-elf/4.1.2/libgcc.a(_muldi3.o)
                0x0080742c                __muldi3
 .text          0x008074c4       0x80 /OPT/altera/12.1/nios2eds/bin/gnu/H-i686-pc-linux-gnu/bin/../lib/gcc/nios2-elf/4.1.2/libgcc.a(_clzsi2.o)
                0x008074c4                __clzsi2
 .text          0x00807544      0x160 /OPT/altera/12.1/nios2eds/bin/gnu/H-i686-pc-linux-gnu/bin/../lib/gcc/nios2-elf/4.1.2/libgcc.a(_pack_sf.o)
                0x00807544                __pack_f
 .text          0x008076a4       0xc8 /OPT/altera/12.1/nios2eds/bin/gnu/H-i686-pc-linux-gnu/bin/../lib/gcc/nios2-elf/4.1.2/libgcc.a(_unpack_sf.o)
                0x008076a4                __unpack_f
 .text          0x0080776c       0xa8 /OPT/altera/12.1/nios2eds/bin/gnu/H-i686-pc-linux-gnu/bin/../lib/gcc/nios2-elf/4.1.2/libgcc.a(_fpcmp_parts_sf.o)
                0x0080776c                __fpcmp_parts_f
 .text          0x00807814       0x2c /OPT/altera/12.1/nios2eds/bin/gnu/H-i686-pc-linux-gnu/bin/../lib/gcc/nios2-elf/4.1.2/libgcc.a(_make_sf.o)
                0x00807814                __make_fp
 .text          0x00807840      0x314 /OPT/altera/12.1/nios2eds/bin/gnu/H-i686-pc-linux-gnu/bin/../lib/gcc/nios2-elf/4.1.2/libgcc.a(_pack_df.o)
                0x00807840                __pack_d
 .text          0x00807b54      0x138 /OPT/altera/12.1/nios2eds/bin/gnu/H-i686-pc-linux-gnu/bin/../lib/gcc/nios2-elf/4.1.2/libgcc.a(_unpack_df.o)
                0x00807b54                __unpack_d
 .text          0x00807c8c       0xc8 /OPT/altera/12.1/nios2eds/bin/gnu/H-i686-pc-linux-gnu/bin/../lib/gcc/nios2-elf/4.1.2/libgcc.a(_fpcmp_parts_df.o)
                0x00807c8c                __fpcmp_parts_d
 .text          0x00807d54        0x0 /OPT/altera/12.1/nios2eds/bin/gnu/H-i686-pc-linux-gnu/bin/../lib/gcc/nios2-elf/4.1.2/libgcc.a(_clz.o)
 .text          0x00807d54       0x10 /OPT/altera/12.1/nios2eds/bin/gnu/H-i686-pc-linux-gnu/bin/../lib/gcc/nios2-elf/4.1.2/../../../../nios2-elf/lib/libc.a(lib_a-errno.o)
                0x00807d54                __errno
 .text          0x00807d64        0x0 /OPT/altera/12.1/nios2eds/bin/gnu/H-i686-pc-linux-gnu/bin/../lib/gcc/nios2-elf/4.1.2/../../../../nios2-elf/lib/libc.a(lib_a-impure.o)
 .text          0x00807d64       0x78 /OPT/altera/12.1/nios2eds/bin/gnu/H-i686-pc-linux-gnu/bin/../lib/gcc/nios2-elf/4.1.2/../../../../nios2-elf/lib/libc.a(lib_a-printf.o)
                0x00807d64                printf
                0x00807da8                _printf_r
 .text          0x00807ddc       0xb4 /OPT/altera/12.1/nios2eds/bin/gnu/H-i686-pc-linux-gnu/bin/../lib/gcc/nios2-elf/4.1.2/../../../../nios2-elf/lib/libc.a(lib_a-puts.o)
                0x00807ddc                _puts_r
                0x00807e7c                puts
 .text          0x00807e90       0xd4 /OPT/altera/12.1/nios2eds/bin/gnu/H-i686-pc-linux-gnu/bin/../lib/gcc/nios2-elf/4.1.2/../../../../nios2-elf/lib/libc.a(lib_a-sprintf.o)
                0x00807e90                sprintf
                0x00807f04                _sprintf_r
 .text          0x00807f64       0x74 /OPT/altera/12.1/nios2eds/bin/gnu/H-i686-pc-linux-gnu/bin/../lib/gcc/nios2-elf/4.1.2/../../../../nios2-elf/lib/libc.a(lib_a-strlen.o)
                0x00807f64                strlen
 .text          0x00807fd8     0x1f28 /OPT/altera/12.1/nios2eds/bin/gnu/H-i686-pc-linux-gnu/bin/../lib/gcc/nios2-elf/4.1.2/../../../../nios2-elf/lib/libc.a(lib_a-vfprintf.o)
                0x00808030                ___vfprintf_internal_r
                0x00809edc                __vfprintf_internal
 .text          0x00809f00      0x13c /OPT/altera/12.1/nios2eds/bin/gnu/H-i686-pc-linux-gnu/bin/../lib/gcc/nios2-elf/4.1.2/../../../../nios2-elf/lib/libc.a(lib_a-wsetup.o)
                0x00809f00                __swsetup_r
 .text          0x0080a03c     0x17cc /OPT/altera/12.1/nios2eds/bin/gnu/H-i686-pc-linux-gnu/bin/../lib/gcc/nios2-elf/4.1.2/../../../../nios2-elf/lib/libc.a(lib_a-dtoa.o)
                0x0080a254                _dtoa_r
 .text          0x0080b808      0x230 /OPT/altera/12.1/nios2eds/bin/gnu/H-i686-pc-linux-gnu/bin/../lib/gcc/nios2-elf/4.1.2/../../../../nios2-elf/lib/libc.a(lib_a-fflush.o)
                0x0080b808                _fflush_r
                0x0080ba04                fflush
 .text          0x0080ba38      0x2c0 /OPT/altera/12.1/nios2eds/bin/gnu/H-i686-pc-linux-gnu/bin/../lib/gcc/nios2-elf/4.1.2/../../../../nios2-elf/lib/libc.a(lib_a-findfp.o)
                0x0080ba90                __sfp_lock_acquire
                0x0080ba94                __sfp_lock_release
                0x0080ba98                __sinit_lock_acquire
                0x0080ba9c                __sinit_lock_release
                0x0080baa0                __sinit
                0x0080bb54                __fp_unlock_all
                0x0080bb6c                __fp_lock_all
                0x0080bb84                _cleanup_r
                0x0080bb90                _cleanup
                0x0080bba0                __sfmoreglue
                0x0080bc08                __sfp
 .text          0x0080bcf8      0x440 /OPT/altera/12.1/nios2eds/bin/gnu/H-i686-pc-linux-gnu/bin/../lib/gcc/nios2-elf/4.1.2/../../../../nios2-elf/lib/libc.a(lib_a-freer.o)
                0x0080bcf8                _malloc_trim_r
                0x0080be24                _free_r
 .text          0x0080c138      0x49c /OPT/altera/12.1/nios2eds/bin/gnu/H-i686-pc-linux-gnu/bin/../lib/gcc/nios2-elf/4.1.2/../../../../nios2-elf/lib/libc.a(lib_a-fvwrite.o)
                0x0080c138                __sfvwrite_r
 .text          0x0080c5d4      0x180 /OPT/altera/12.1/nios2eds/bin/gnu/H-i686-pc-linux-gnu/bin/../lib/gcc/nios2-elf/4.1.2/../../../../nios2-elf/lib/libc.a(lib_a-fwalk.o)
                0x0080c5d4                _fwalk_reent
                0x0080c69c                _fwalk
 .text          0x0080c754       0xc4 /OPT/altera/12.1/nios2eds/bin/gnu/H-i686-pc-linux-gnu/bin/../lib/gcc/nios2-elf/4.1.2/../../../../nios2-elf/lib/libc.a(lib_a-locale.o)
                0x0080c754                __locale_charset
                0x0080c75c                _localeconv_r
                0x0080c768                localeconv
                0x0080c778                _setlocale_r
                0x0080c7fc                setlocale
 .text          0x0080c818      0x194 /OPT/altera/12.1/nios2eds/bin/gnu/H-i686-pc-linux-gnu/bin/../lib/gcc/nios2-elf/4.1.2/../../../../nios2-elf/lib/libc.a(lib_a-makebuf.o)
                0x0080c818                __smakebuf_r
 .text          0x0080c9ac      0x740 /OPT/altera/12.1/nios2eds/bin/gnu/H-i686-pc-linux-gnu/bin/../lib/gcc/nios2-elf/4.1.2/../../../../nios2-elf/lib/libc.a(lib_a-mallocr.o)
                0x0080c9ac                _malloc_r
 .text          0x0080d0ec       0xe4 /OPT/altera/12.1/nios2eds/bin/gnu/H-i686-pc-linux-gnu/bin/../lib/gcc/nios2-elf/4.1.2/../../../../nios2-elf/lib/libc.a(lib_a-memchr.o)
                0x0080d0ec                memchr
 .text          0x0080d1d0       0xa0 /OPT/altera/12.1/nios2eds/bin/gnu/H-i686-pc-linux-gnu/bin/../lib/gcc/nios2-elf/4.1.2/../../../../nios2-elf/lib/libc.a(lib_a-memcpy.o)
                0x0080d1d0                memcpy
 .text          0x0080d270       0xe0 /OPT/altera/12.1/nios2eds/bin/gnu/H-i686-pc-linux-gnu/bin/../lib/gcc/nios2-elf/4.1.2/../../../../nios2-elf/lib/libc.a(lib_a-memmove.o)
                0x0080d270                memmove
 .text          0x0080d350       0x98 /OPT/altera/12.1/nios2eds/bin/gnu/H-i686-pc-linux-gnu/bin/../lib/gcc/nios2-elf/4.1.2/../../../../nios2-elf/lib/libc.a(lib_a-memset.o)
                0x0080d350                memset
 .text          0x0080d3e8      0xff4 /OPT/altera/12.1/nios2eds/bin/gnu/H-i686-pc-linux-gnu/bin/../lib/gcc/nios2-elf/4.1.2/../../../../nios2-elf/lib/libc.a(lib_a-mprec.o)
                0x0080d3e8                _Bfree
                0x0080d410                __hi0bits
                0x0080d480                __lo0bits
                0x0080d544                __mcmp
                0x0080d5a4                __ulp
                0x0080d624                __b2d
                0x0080d744                __ratio
                0x0080d7f4                _mprec_log10
                0x0080d888                __copybits
                0x0080d8e0                __any_on
                0x0080d968                _Balloc
                0x0080da24                __d2b
                0x0080dba0                __mdiff
                0x0080dd2c                __lshift
                0x0080de78                __multiply
                0x0080e060                __i2b
                0x0080e09c                __multadd
                0x0080e19c                __pow5mult
                0x0080e2bc                __s2b
 .text          0x0080e3dc      0x5f4 /OPT/altera/12.1/nios2eds/bin/gnu/H-i686-pc-linux-gnu/bin/../lib/gcc/nios2-elf/4.1.2/../../../../nios2-elf/lib/libc.a(lib_a-reallocr.o)
                0x0080e3dc                _realloc_r
 .text          0x0080e9d0       0x40 /OPT/altera/12.1/nios2eds/bin/gnu/H-i686-pc-linux-gnu/bin/../lib/gcc/nios2-elf/4.1.2/../../../../nios2-elf/lib/libc.a(lib_a-s_isinfd.o)
                0x0080e9d0                __isinfd
 .text          0x0080ea10       0x70 /OPT/altera/12.1/nios2eds/bin/gnu/H-i686-pc-linux-gnu/bin/../lib/gcc/nios2-elf/4.1.2/../../../../nios2-elf/lib/libc.a(lib_a-sbrkr.o)
                0x0080ea10                _sbrk_r
 .text          0x0080ea80      0x14c /OPT/altera/12.1/nios2eds/bin/gnu/H-i686-pc-linux-gnu/bin/../lib/gcc/nios2-elf/4.1.2/../../../../nios2-elf/lib/libc.a(lib_a-stdio.o)
                0x0080ea80                __sclose
                0x0080ea88                __sseek
                0x0080eaf0                __swrite
                0x0080eb6c                __sread
 .text          0x0080ebcc       0xbc /OPT/altera/12.1/nios2eds/bin/gnu/H-i686-pc-linux-gnu/bin/../lib/gcc/nios2-elf/4.1.2/../../../../nios2-elf/lib/libc.a(lib_a-strcmp.o)
                0x0080ebcc                strcmp
 .text          0x0080ec88       0x78 /OPT/altera/12.1/nios2eds/bin/gnu/H-i686-pc-linux-gnu/bin/../lib/gcc/nios2-elf/4.1.2/../../../../nios2-elf/lib/libc.a(lib_a-writer.o)
                0x0080ec88                _write_r
 .text          0x0080ed00       0xb4 /OPT/altera/12.1/nios2eds/bin/gnu/H-i686-pc-linux-gnu/bin/../lib/gcc/nios2-elf/4.1.2/../../../../nios2-elf/lib/libc.a(lib_a-callocr.o)
                0x0080ed00                _calloc_r
 .text          0x0080edb4       0x70 /OPT/altera/12.1/nios2eds/bin/gnu/H-i686-pc-linux-gnu/bin/../lib/gcc/nios2-elf/4.1.2/../../../../nios2-elf/lib/libc.a(lib_a-closer.o)
                0x0080edb4                _close_r
 .text          0x0080ee24      0x124 /OPT/altera/12.1/nios2eds/bin/gnu/H-i686-pc-linux-gnu/bin/../lib/gcc/nios2-elf/4.1.2/../../../../nios2-elf/lib/libc.a(lib_a-fclose.o)
                0x0080ee24                _fclose_r
                0x0080ef34                fclose
 .text          0x0080ef48       0x74 /OPT/altera/12.1/nios2eds/bin/gnu/H-i686-pc-linux-gnu/bin/../lib/gcc/nios2-elf/4.1.2/../../../../nios2-elf/lib/libc.a(lib_a-fstatr.o)
                0x0080ef48                _fstat_r
 .text          0x0080efbc        0x0 /OPT/altera/12.1/nios2eds/bin/gnu/H-i686-pc-linux-gnu/bin/../lib/gcc/nios2-elf/4.1.2/../../../../nios2-elf/lib/libc.a(lib_a-int_errno.o)
 .text          0x0080efbc       0x70 /OPT/altera/12.1/nios2eds/bin/gnu/H-i686-pc-linux-gnu/bin/../lib/gcc/nios2-elf/4.1.2/../../../../nios2-elf/lib/libc.a(lib_a-isattyr.o)
                0x0080efbc                _isatty_r
 .text          0x0080f02c       0x78 /OPT/altera/12.1/nios2eds/bin/gnu/H-i686-pc-linux-gnu/bin/../lib/gcc/nios2-elf/4.1.2/../../../../nios2-elf/lib/libc.a(lib_a-lseekr.o)
                0x0080f02c                _lseek_r
 .text          0x0080f0a4       0x78 /OPT/altera/12.1/nios2eds/bin/gnu/H-i686-pc-linux-gnu/bin/../lib/gcc/nios2-elf/4.1.2/../../../../nios2-elf/lib/libc.a(lib_a-readr.o)
                0x0080f0a4                _read_r
 .text          0x0080f11c      0x5dc /OPT/altera/12.1/nios2eds/bin/gnu/H-i686-pc-linux-gnu/bin/../lib/gcc/nios2-elf/4.1.2/libgcc.a(_udivdi3.o)
                0x0080f11c                __udivdi3
 .text          0x0080f6f8      0x5b0 /OPT/altera/12.1/nios2eds/bin/gnu/H-i686-pc-linux-gnu/bin/../lib/gcc/nios2-elf/4.1.2/libgcc.a(_umoddi3.o)
                0x0080f6f8                __umoddi3
 .text          0x0080fca8       0x88 /OPT/altera/12.1/nios2eds/bin/gnu/H-i686-pc-linux-gnu/bin/../lib/gcc/nios2-elf/4.1.2/libgcc.a(_ge_df.o)
                0x0080fca8                __gedf2
 .text          0x0080fd30       0xd8 /OPT/altera/12.1/nios2eds/bin/gnu/H-i686-pc-linux-gnu/bin/../lib/gcc/nios2-elf/4.1.2/libgcc.a(_df_to_si.o)
                0x0080fd30                __fixdfsi
 .text          0x0080fe08      0x194 /OPT/altera/12.1/nios2eds/bin/gnu/H-i686-pc-linux-gnu/bin/../lib/gcc/nios2-elf/4.1.2/libgcc.a(_usi_to_df.o)
                0x0080fe08                __floatunsidf
 .text          0x0080ff9c      0x15c ../NonVolatile_V1_bsp//libucosii_bsp.a(alt_close.o)
                0x0080ff9c                close
 .text          0x008100f8       0x2c ../NonVolatile_V1_bsp//libucosii_bsp.a(alt_dev.o)
 .text          0x00810124        0x0 ../NonVolatile_V1_bsp//libucosii_bsp.a(alt_errno.o)
 .text          0x00810124      0x134 ../NonVolatile_V1_bsp//libucosii_bsp.a(alt_fstat.o)
                0x00810124                fstat
 .text          0x00810258      0x1c0 ../NonVolatile_V1_bsp//libucosii_bsp.a(alt_irq_register.o)
                0x00810258                alt_irq_register
 .text          0x00810418        0x0 ../NonVolatile_V1_bsp//libucosii_bsp.a(alt_irq_vars.o)
 .text          0x00810418      0x120 ../NonVolatile_V1_bsp//libucosii_bsp.a(alt_isatty.o)
                0x00810418                isatty
 .text          0x00810538      0x150 ../NonVolatile_V1_bsp//libucosii_bsp.a(alt_lseek.o)
                0x00810538                lseek
 .text          0x00810688       0xc8 ../NonVolatile_V1_bsp//libucosii_bsp.a(alt_main.o)
                0x00810688                alt_main
 .text          0x00810750      0x180 ../NonVolatile_V1_bsp//libucosii_bsp.a(alt_read.o)
                0x00810750                read
 .text          0x008108d0       0x60 ../NonVolatile_V1_bsp//libucosii_bsp.a(alt_release_fd.o)
                0x008108d0                alt_release_fd
 .text          0x00810930       0xbc ../NonVolatile_V1_bsp//libucosii_bsp.a(alt_sbrk.o)
                0x00810930                sbrk
 .text          0x008109ec      0x118 ../NonVolatile_V1_bsp//libucosii_bsp.a(alt_usleep.o)
                0x008109ec                usleep
 .text          0x00810b04      0x180 ../NonVolatile_V1_bsp//libucosii_bsp.a(alt_write.o)
                0x00810b04                write
 .text          0x00810c84      0x108 ../NonVolatile_V1_bsp//libucosii_bsp.a(alt_env_lock.o)
                0x00810c84                __env_lock
                0x00810d30                __env_unlock
 .text          0x00810d8c      0x1d8 ../NonVolatile_V1_bsp//libucosii_bsp.a(alt_malloc_lock.o)
                0x00810d8c                __malloc_lock
                0x00810e94                __malloc_unlock
 .text          0x00810f64     0x2128 ../NonVolatile_V1_bsp//libucosii_bsp.a(os_core.o)
                0x00810f64                OSEventNameGet
                0x00811094                OSEventNameSet
                0x008111d8                OSEventPendMulti
                0x0081188c                OSInit
                0x008118e0                OSIntEnter
                0x0081195c                OSIntExit
                0x00811a5c                OSSchedLock
                0x00811ae8                OSSchedUnlock
                0x00811bcc                OSStart
                0x00811c3c                OSStatInit
                0x00811ce8                OSTimeTick
                0x00811f28                OSVersion
                0x00811f48                OS_Dummy
                0x00811f64                OS_EventTaskRdy
                0x008120f8                OS_EventTaskWait
                0x00812208                OS_EventTaskWaitMulti
                0x0081235c                OS_EventTaskRemove
                0x00812414                OS_EventTaskRemoveMulti
                0x00812518                OS_EventWaitListInit
                0x008128e4                OS_MemClr
                0x00812938                OS_MemCopy
                0x008129a4                OS_Sched
                0x00812ae8                OS_StrCopy
                0x00812b68                OS_StrLen
                0x00812bc0                OS_TaskIdle
                0x00812c1c                OS_TaskStat
                0x00812ce4                OS_TaskStatStkChk
                0x00812dac                OS_TCBInit
 .text          0x0081308c      0x18c ../NonVolatile_V1_bsp//libucosii_bsp.a(os_dbg.o)
                0x0081308c                OSDebugInit
 .text          0x00813218     0x193c ../NonVolatile_V1_bsp//libucosii_bsp.a(os_flag.o)
                0x00813218                OSFlagAccept
                0x0081354c                OSFlagCreate
                0x00813688                OSFlagDel
                0x00813930                OSFlagNameGet
                0x00813a74                OSFlagNameSet
                0x00813bc8                OSFlagPend
                0x0081420c                OSFlagPendGetFlagsRdy
                0x00814274                OSFlagPost
                0x0081461c                OSFlagQuery
                0x008148b4                OS_FlagInit
                0x00814aa8                OS_FlagUnlink
 .text          0x00814b54      0x808 ../NonVolatile_V1_bsp//libucosii_bsp.a(os_mem.o)
                0x00814b54                OSMemCreate
                0x00814d70                OSMemGet
                0x00814e74                OSMemNameGet
                0x00814f80                OSMemNameSet
                0x008150a0                OSMemPut
                0x00815190                OSMemQuery
                0x0081528c                OS_MemInit
 .text          0x0081535c     0x1334 ../NonVolatile_V1_bsp//libucosii_bsp.a(os_q.o)
                0x0081535c                OSQAccept
                0x008154b0                OSQCreate
                0x008156c4                OSQDel
                0x008159c4                OSQFlush
                0x00815a8c                OSQPend
                0x00815dac                OSQPendAbort
                0x00815f28                OSQPost
                0x008160a8                OSQPostFront
                0x00816230                OSQPostOpt
                0x00816464                OSQQuery
                0x008165e4                OS_QInit
 .text          0x00816690      0xbc8 ../NonVolatile_V1_bsp//libucosii_bsp.a(os_sem.o)
                0x00816690                OSSemAccept
                0x00816750                OSSemCreate
                0x00816864                OSSemDel
                0x00816b04                OSSemPend
                0x00816d80                OSSemPendAbort
                0x00816efc                OSSemPost
                0x00817024                OSSemQuery
                0x00817154                OSSemSet
 .text          0x00817258     0x1a40 ../NonVolatile_V1_bsp//libucosii_bsp.a(os_task.o)
                0x00817258                OSTaskChangePrio
                0x008177cc                OSTaskCreate
                0x008179a0                OSTaskCreateExt
                0x00817ba0                OSTaskDel
                0x00817fac                OSTaskDelReq
                0x0081811c                OSTaskNameGet
                0x008182d4                OSTaskNameSet
                0x00818498                OSTaskResume
                0x008186b0                OSTaskStkChk
                0x008188ac                OSTaskSuspend
                0x00818ad8                OSTaskQuery
                0x00818c1c                OS_TaskStkClr
 .text          0x00818c98      0x598 ../NonVolatile_V1_bsp//libucosii_bsp.a(os_time.o)
                0x00818c98                OSTimeDly
                0x00818de4                OSTimeDlyHMSM
                0x00818f58                OSTimeDlyResume
                0x00819168                OSTimeGet
                0x008191cc                OSTimeSet
 .text          0x00819230       0xf8 ../NonVolatile_V1_bsp//libucosii_bsp.a(alt_sys_init.o)
                0x00819230                alt_irq_init
                0x00819264                alt_sys_init
 .text          0x00819328      0x148 ../NonVolatile_V1_bsp//libucosii_bsp.a(altera_avalon_jtag_uart_fd.o)
                0x00819328                altera_avalon_jtag_uart_read_fd
                0x00819380                altera_avalon_jtag_uart_write_fd
                0x008193d8                altera_avalon_jtag_uart_close_fd
                0x00819420                altera_avalon_jtag_uart_ioctl_fd
 .text          0x00819470      0x584 ../NonVolatile_V1_bsp//libucosii_bsp.a(altera_avalon_jtag_uart_init.o)
                0x00819470                altera_avalon_jtag_uart_init
                0x00819980                altera_avalon_jtag_uart_close
 .text          0x008199f4       0xf4 ../NonVolatile_V1_bsp//libucosii_bsp.a(altera_avalon_jtag_uart_ioctl.o)
                0x008199f4                altera_avalon_jtag_uart_ioctl
 .text          0x00819ae8      0x2c0 ../NonVolatile_V1_bsp//libucosii_bsp.a(altera_avalon_jtag_uart_read.o)
                0x00819ae8                altera_avalon_jtag_uart_read
 .text          0x00819da8      0x2dc ../NonVolatile_V1_bsp//libucosii_bsp.a(altera_avalon_jtag_uart_write.o)
                0x00819da8                altera_avalon_jtag_uart_write
 .text          0x0081a084      0x100 ../NonVolatile_V1_bsp//libucosii_bsp.a(altera_avalon_timer_sc.o)
                0x0081a0f4                alt_avalon_timer_sc_init
 .text          0x0081a184      0x530 ../NonVolatile_V1_bsp//libucosii_bsp.a(altera_up_avalon_character_lcd.o)
                0x0081a184                get_DDRAM_addr
                0x0081a200                alt_up_character_lcd_send_cmd
                0x0081a234                alt_up_character_lcd_init
                0x0081a268                alt_up_character_lcd_open_dev
                0x0081a2a8                alt_up_character_lcd_write
                0x0081a320                alt_up_character_lcd_string
                0x0081a398                alt_up_character_lcd_write_fd
                0x0081a3e4                alt_up_character_lcd_set_cursor_pos
                0x0081a45c                alt_up_character_lcd_shift_cursor
                0x0081a50c                alt_up_character_lcd_shift_display
                0x0081a5bc                alt_up_character_lcd_erase_pos
                0x0081a64c                alt_up_character_lcd_cursor_off
                0x0081a680                alt_up_character_lcd_cursor_blink_on
 .text          0x0081a6b4      0x154 ../NonVolatile_V1_bsp//libucosii_bsp.a(alt_alarm_start.o)
                0x0081a6b4                alt_alarm_start
 .text          0x0081a808      0x14c ../NonVolatile_V1_bsp//libucosii_bsp.a(alt_busy_sleep.o)
                0x0081a808                alt_busy_sleep
 .text          0x0081a954      0x114 ../NonVolatile_V1_bsp//libucosii_bsp.a(alt_dev_llist_insert.o)
                0x0081a954                alt_dev_llist_insert
 .text          0x0081aa68       0x64 ../NonVolatile_V1_bsp//libucosii_bsp.a(alt_do_ctors.o)
                0x0081aa68                _do_ctors
 .text          0x0081aacc       0x64 ../NonVolatile_V1_bsp//libucosii_bsp.a(alt_do_dtors.o)
                0x0081aacc                _do_dtors
 .text          0x0081ab30       0x94 ../NonVolatile_V1_bsp//libucosii_bsp.a(alt_find_dev.o)
                0x0081ab30                alt_find_dev
 .text          0x0081abc4      0x1d4 ../NonVolatile_V1_bsp//libucosii_bsp.a(alt_iic.o)
                0x0081abc4                alt_ic_isr_register
                0x0081ac14                alt_ic_irq_enable
                0x0081acb0                alt_ic_irq_disable
                0x0081ad50                alt_ic_irq_enabled
 .text          0x0081ad98       0xf8 ../NonVolatile_V1_bsp//libucosii_bsp.a(alt_iic_isr_register.o)
                0x0081ad98                alt_iic_isr_register
 .text          0x0081ae90      0x13c ../NonVolatile_V1_bsp//libucosii_bsp.a(alt_io_redirect.o)
                0x0081af54                alt_io_redirect
 .text          0x0081afcc        0x0 ../NonVolatile_V1_bsp//libucosii_bsp.a(alt_irq_entry.o)
 .text          0x0081afcc        0x0 ../NonVolatile_V1_bsp//libucosii_bsp.a(alt_irq_handler.o)
 .text          0x0081afcc      0x2c4 ../NonVolatile_V1_bsp//libucosii_bsp.a(alt_open.o)
                0x0081b0a8                open
 .text          0x0081b290      0x1a8 ../NonVolatile_V1_bsp//libucosii_bsp.a(alt_tick.o)
                0x0081b290                alt_alarm_stop
                0x0081b328                alt_tick
 .text          0x0081b438       0x20 ../NonVolatile_V1_bsp//libucosii_bsp.a(altera_nios2_qsys_irq.o)
                0x0081b438                altera_nios2_qsys_irq_init
 .text          0x0081b458       0xd0 ../NonVolatile_V1_bsp//libucosii_bsp.a(os_cpu_a.o)
                0x0081b458                OSCtxSw
                0x0081b458                OSIntCtxSw
                0x0081b4e4                OSStartHighRdy
                0x0081b504                OSStartTsk
 .text          0x0081b528      0x418 ../NonVolatile_V1_bsp//libucosii_bsp.a(os_cpu_c.o)
                0x0081b528                OSTaskStkInit
                0x0081b838                OSTaskCreateHook
                0x0081b858                OSTaskDelHook
                0x0081b878                OSTaskSwHook
                0x0081b894                OSTaskStatHook
                0x0081b8b0                OSTimeTickHook
                0x0081b8cc                OSInitHookBegin
                0x0081b8e8                OSInitHookEnd
                0x0081b904                OSTaskIdleHook
                0x0081b920                OSTCBInitHook
 .text          0x0081b940        0x0 ../NonVolatile_V1_bsp//libucosii_bsp.a(alt_exception_entry.o)
 .text          0x0081b940      0x120 ../NonVolatile_V1_bsp//libucosii_bsp.a(alt_find_file.o)
                0x0081b940                alt_find_file
 .text          0x0081ba60       0xf4 ../NonVolatile_V1_bsp//libucosii_bsp.a(alt_get_fd.o)
                0x0081ba60                alt_get_fd
 .text          0x0081bb54       0x14 /OPT/altera/12.1/nios2eds/bin/gnu/H-i686-pc-linux-gnu/bin/../lib/gcc/nios2-elf/4.1.2/../../../../nios2-elf/lib/libc.a(lib_a-atexit.o)
                0x0081bb54                atexit
 .text          0x0081bb68       0x38 /OPT/altera/12.1/nios2eds/bin/gnu/H-i686-pc-linux-gnu/bin/../lib/gcc/nios2-elf/4.1.2/../../../../nios2-elf/lib/libc.a(lib_a-exit.o)
                0x0081bb68                exit
 .text          0x0081bba0       0x74 /OPT/altera/12.1/nios2eds/bin/gnu/H-i686-pc-linux-gnu/bin/../lib/gcc/nios2-elf/4.1.2/../../../../nios2-elf/lib/libc.a(lib_a-memcmp.o)
                0x0081bba0                memcmp
 .text          0x0081bc14      0x134 /OPT/altera/12.1/nios2eds/bin/gnu/H-i686-pc-linux-gnu/bin/../lib/gcc/nios2-elf/4.1.2/../../../../nios2-elf/lib/libc.a(lib_a-__atexit.o)
                0x0081bc14                __register_exitproc
 .text          0x0081bd48      0x1b4 /OPT/altera/12.1/nios2eds/bin/gnu/H-i686-pc-linux-gnu/bin/../lib/gcc/nios2-elf/4.1.2/../../../../nios2-elf/lib/libc.a(lib_a-__call_atexit.o)
                0x0081bd4c                __call_exitprocs
 .text          0x0081befc       0x6c ../NonVolatile_V1_bsp//libucosii_bsp.a(alt_exit.o)
                0x0081bf3c                _exit
 *(.gnu.warning.*)
 *(.fini)
                0x0081bf68                PROVIDE (__etext, ABSOLUTE (.))
                0x0081bf68                PROVIDE (_etext, ABSOLUTE (.))
                0x0081bf68                PROVIDE (etext, ABSOLUTE (.))
 *(.eh_frame_hdr)
                0x0081bf68                . = ALIGN (0x4)
                0x0081bf68                PROVIDE (__preinit_array_start, ABSOLUTE (.))
 *(.preinit_array)
                0x0081bf68                PROVIDE (__preinit_array_end, ABSOLUTE (.))
                0x0081bf68                PROVIDE (__init_array_start, ABSOLUTE (.))
 *(.init_array)
                0x0081bf68                PROVIDE (__init_array_end, ABSOLUTE (.))
                0x0081bf68                PROVIDE (__fini_array_start, ABSOLUTE (.))
 *(.fini_array)
                0x0081bf68                PROVIDE (__fini_array_end, ABSOLUTE (.))
 *(.eh_frame)
 *(.gcc_except_table)
 *(.dynamic)
                0x0081bf68                PROVIDE (__CTOR_LIST__, ABSOLUTE (.))
 *(.ctors)
 *(SORT(.ctors.*))
 .ctors.65535   0x0081bf68        0x4 /OPT/altera/12.1/nios2eds/bin/gnu/H-i686-pc-linux-gnu/bin/../lib/gcc/nios2-elf/4.1.2/../../../../nios2-elf/lib/libc.a(lib_a-__call_atexit.o)
                0x0081bf6c                PROVIDE (__CTOR_END__, ABSOLUTE (.))
                0x0081bf6c                PROVIDE (__DTOR_LIST__, ABSOLUTE (.))
 *(.dtors)
 *(SORT(.dtors.*))
                0x0081bf6c                PROVIDE (__DTOR_END__, ABSOLUTE (.))
 *(.jcr)
                0x0081bf6c                . = ALIGN (0x4)

.rodata         0x0081bf6c      0x844
                0x0081bf6c                PROVIDE (__ram_rodata_start, ABSOLUTE (.))
                0x0081bf6c                . = ALIGN (0x4)
 *(.rodata .rodata.* .gnu.linkonce.r.*)
 .rodata        0x0081bf6c       0x10 obj/default/MPU9250/mpu9250.o
 .rodata        0x0081bf7c       0xd0 obj/default/i2c/I2C.o
 .rodata        0x0081c04c      0x260 obj/default/imu_i2c.o
 .rodata.str1.4
                0x0081c2ac        0x4 /OPT/altera/12.1/nios2eds/bin/gnu/H-i686-pc-linux-gnu/bin/../lib/gcc/nios2-elf/4.1.2/../../../../nios2-elf/lib/libm.a(lib_a-w_pow.o)
 .rodata.str1.4
                0x00000000        0x4 /OPT/altera/12.1/nios2eds/bin/gnu/H-i686-pc-linux-gnu/bin/../lib/gcc/nios2-elf/4.1.2/../../../../nios2-elf/lib/libm.a(lib_a-e_pow.o)
 .rodata        0x0081c2b0       0x30 /OPT/altera/12.1/nios2eds/bin/gnu/H-i686-pc-linux-gnu/bin/../lib/gcc/nios2-elf/4.1.2/../../../../nios2-elf/lib/libm.a(lib_a-e_pow.o)
 .rodata        0x0081c2e0       0x10 /OPT/altera/12.1/nios2eds/bin/gnu/H-i686-pc-linux-gnu/bin/../lib/gcc/nios2-elf/4.1.2/../../../../nios2-elf/lib/libm.a(lib_a-s_rint.o)
 .rodata        0x0081c2f0       0x10 /OPT/altera/12.1/nios2eds/bin/gnu/H-i686-pc-linux-gnu/bin/../lib/gcc/nios2-elf/4.1.2/libgcc.a(_thenan_sf.o)
                0x0081c2f0                __thenan_sf
 .rodata        0x0081c300       0x14 /OPT/altera/12.1/nios2eds/bin/gnu/H-i686-pc-linux-gnu/bin/../lib/gcc/nios2-elf/4.1.2/libgcc.a(_thenan_df.o)
                0x0081c300                __thenan_df
 .rodata        0x0081c314      0x100 /OPT/altera/12.1/nios2eds/bin/gnu/H-i686-pc-linux-gnu/bin/../lib/gcc/nios2-elf/4.1.2/libgcc.a(_clz.o)
                0x0081c314                __clz_tab
 .rodata.str1.4
                0x0081c414        0x2 /OPT/altera/12.1/nios2eds/bin/gnu/H-i686-pc-linux-gnu/bin/../lib/gcc/nios2-elf/4.1.2/../../../../nios2-elf/lib/libc.a(lib_a-impure.o)
                                  0x4 (size before relaxing)
 *fill*         0x0081c416        0x2 00
 .rodata.str1.4
                0x0081c418        0x2 /OPT/altera/12.1/nios2eds/bin/gnu/H-i686-pc-linux-gnu/bin/../lib/gcc/nios2-elf/4.1.2/../../../../nios2-elf/lib/libc.a(lib_a-puts.o)
                                  0x4 (size before relaxing)
 *fill*         0x0081c41a        0x2 00
 .rodata.str1.4
                0x0081c41c       0x5e /OPT/altera/12.1/nios2eds/bin/gnu/H-i686-pc-linux-gnu/bin/../lib/gcc/nios2-elf/4.1.2/../../../../nios2-elf/lib/libc.a(lib_a-vfprintf.o)
                                 0x60 (size before relaxing)
 .rodata        0x0081c47a       0x20 /OPT/altera/12.1/nios2eds/bin/gnu/H-i686-pc-linux-gnu/bin/../lib/gcc/nios2-elf/4.1.2/../../../../nios2-elf/lib/libc.a(lib_a-vfprintf.o)
 *fill*         0x0081c49a        0x2 00
 .rodata.str1.4
                0x0081c49c       0x10 /OPT/altera/12.1/nios2eds/bin/gnu/H-i686-pc-linux-gnu/bin/../lib/gcc/nios2-elf/4.1.2/../../../../nios2-elf/lib/libc.a(lib_a-dtoa.o)
                                 0x14 (size before relaxing)
 .rodata.str1.4
                0x0081c4ac       0x10 /OPT/altera/12.1/nios2eds/bin/gnu/H-i686-pc-linux-gnu/bin/../lib/gcc/nios2-elf/4.1.2/../../../../nios2-elf/lib/libc.a(lib_a-locale.o)
                                 0x18 (size before relaxing)
 .rodata        0x0081c4bc       0x30 /OPT/altera/12.1/nios2eds/bin/gnu/H-i686-pc-linux-gnu/bin/../lib/gcc/nios2-elf/4.1.2/../../../../nios2-elf/lib/libc.a(lib_a-locale.o)
 .rodata        0x0081c4ec      0x124 /OPT/altera/12.1/nios2eds/bin/gnu/H-i686-pc-linux-gnu/bin/../lib/gcc/nios2-elf/4.1.2/../../../../nios2-elf/lib/libc.a(lib_a-mprec.o)
                0x0081c4ec                __mprec_tens
                0x0081c5b4                __mprec_bigtens
                0x0081c5dc                __mprec_tinytens
 .rodata        0x0081c610        0xc ../NonVolatile_V1_bsp//libucosii_bsp.a(alt_dev.o)
 .rodata        0x0081c61c       0x14 ../NonVolatile_V1_bsp//libucosii_bsp.a(alt_main.o)
 .rodata        0x0081c630      0x120 ../NonVolatile_V1_bsp//libucosii_bsp.a(os_core.o)
                0x0081c630                OSUnMapTbl
 .rodata        0x0081c750       0x5c ../NonVolatile_V1_bsp//libucosii_bsp.a(alt_sys_init.o)
 .rodata        0x0081c7ac        0x4 ../NonVolatile_V1_bsp//libucosii_bsp.a(os_cpu_c.o)
 *(.rodata1)
                0x0081c7b0                . = ALIGN (0x4)
                0x0081c7b0                PROVIDE (__ram_rodata_end, ABSOLUTE (.))
                0x0081bf6c                PROVIDE (__flash_rodata_start, LOADADDR (.rodata))

.rwdata         0x0081c7b0     0x1b74
                0x0081c7b0                PROVIDE (__ram_rwdata_start, ABSOLUTE (.))
                0x0081c7b0                . = ALIGN (0x4)
 *(.got.plt)
 *(.got)
 *(.data1)
 *(.data .data.* .gnu.linkonce.d.*)
 .data          0x0081c7b0        0x0 ../NonVolatile_V1_bsp//obj/HAL/src/crt0.o
 .data          0x0081c7b0        0x0 obj/default/MPU9250/mpu9250.o
 .data          0x0081c7b0        0x0 obj/default/i2c/I2C.o
 .data          0x0081c7b0        0x0 obj/default/imu_i2c.o
 .data          0x0081c7b0        0x0 /OPT/altera/12.1/nios2eds/bin/gnu/H-i686-pc-linux-gnu/bin/../lib/gcc/nios2-elf/4.1.2/../../../../nios2-elf/lib/libm.a(lib_a-w_pow.o)
 .data          0x0081c7b0        0x0 /OPT/altera/12.1/nios2eds/bin/gnu/H-i686-pc-linux-gnu/bin/../lib/gcc/nios2-elf/4.1.2/../../../../nios2-elf/lib/libm.a(lib_a-e_pow.o)
 .data          0x0081c7b0        0x0 /OPT/altera/12.1/nios2eds/bin/gnu/H-i686-pc-linux-gnu/bin/../lib/gcc/nios2-elf/4.1.2/../../../../nios2-elf/lib/libm.a(lib_a-e_sqrt.o)
 .data          0x0081c7b0        0x0 /OPT/altera/12.1/nios2eds/bin/gnu/H-i686-pc-linux-gnu/bin/../lib/gcc/nios2-elf/4.1.2/../../../../nios2-elf/lib/libm.a(lib_a-s_fabs.o)
 .data          0x0081c7b0        0x0 /OPT/altera/12.1/nios2eds/bin/gnu/H-i686-pc-linux-gnu/bin/../lib/gcc/nios2-elf/4.1.2/../../../../nios2-elf/lib/libm.a(lib_a-s_finite.o)
 .data          0x0081c7b0        0x0 /OPT/altera/12.1/nios2eds/bin/gnu/H-i686-pc-linux-gnu/bin/../lib/gcc/nios2-elf/4.1.2/../../../../nios2-elf/lib/libm.a(lib_a-s_isnand.o)
 .data          0x0081c7b0        0x0 /OPT/altera/12.1/nios2eds/bin/gnu/H-i686-pc-linux-gnu/bin/../lib/gcc/nios2-elf/4.1.2/../../../../nios2-elf/lib/libm.a(lib_a-s_lib_ver.o)
 .data          0x0081c7b0        0x0 /OPT/altera/12.1/nios2eds/bin/gnu/H-i686-pc-linux-gnu/bin/../lib/gcc/nios2-elf/4.1.2/../../../../nios2-elf/lib/libm.a(lib_a-s_matherr.o)
 .data          0x0081c7b0        0x0 /OPT/altera/12.1/nios2eds/bin/gnu/H-i686-pc-linux-gnu/bin/../lib/gcc/nios2-elf/4.1.2/../../../../nios2-elf/lib/libm.a(lib_a-s_nan.o)
 .data          0x0081c7b0        0x0 /OPT/altera/12.1/nios2eds/bin/gnu/H-i686-pc-linux-gnu/bin/../lib/gcc/nios2-elf/4.1.2/../../../../nios2-elf/lib/libm.a(lib_a-s_rint.o)
 .data          0x0081c7b0        0x0 /OPT/altera/12.1/nios2eds/bin/gnu/H-i686-pc-linux-gnu/bin/../lib/gcc/nios2-elf/4.1.2/../../../../nios2-elf/lib/libm.a(lib_a-s_scalbn.o)
 .data          0x0081c7b0        0x0 /OPT/altera/12.1/nios2eds/bin/gnu/H-i686-pc-linux-gnu/bin/../lib/gcc/nios2-elf/4.1.2/../../../../nios2-elf/lib/libm.a(lib_a-s_copysign.o)
 .data          0x0081c7b0        0x0 /OPT/altera/12.1/nios2eds/bin/gnu/H-i686-pc-linux-gnu/bin/../lib/gcc/nios2-elf/4.1.2/libgcc.a(_mul_sf.o)
 .data          0x0081c7b0        0x0 /OPT/altera/12.1/nios2eds/bin/gnu/H-i686-pc-linux-gnu/bin/../lib/gcc/nios2-elf/4.1.2/libgcc.a(_div_sf.o)
 .data          0x0081c7b0        0x0 /OPT/altera/12.1/nios2eds/bin/gnu/H-i686-pc-linux-gnu/bin/../lib/gcc/nios2-elf/4.1.2/libgcc.a(_gt_sf.o)
 .data          0x0081c7b0        0x0 /OPT/altera/12.1/nios2eds/bin/gnu/H-i686-pc-linux-gnu/bin/../lib/gcc/nios2-elf/4.1.2/libgcc.a(_lt_sf.o)
 .data          0x0081c7b0        0x0 /OPT/altera/12.1/nios2eds/bin/gnu/H-i686-pc-linux-gnu/bin/../lib/gcc/nios2-elf/4.1.2/libgcc.a(_si_to_sf.o)
 .data          0x0081c7b0        0x0 /OPT/altera/12.1/nios2eds/bin/gnu/H-i686-pc-linux-gnu/bin/../lib/gcc/nios2-elf/4.1.2/libgcc.a(_sf_to_df.o)
 .data          0x0081c7b0        0x0 /OPT/altera/12.1/nios2eds/bin/gnu/H-i686-pc-linux-gnu/bin/../lib/gcc/nios2-elf/4.1.2/libgcc.a(_thenan_sf.o)
 .data          0x0081c7b0        0x0 /OPT/altera/12.1/nios2eds/bin/gnu/H-i686-pc-linux-gnu/bin/../lib/gcc/nios2-elf/4.1.2/libgcc.a(_usi_to_sf.o)
 .data          0x0081c7b0        0x0 /OPT/altera/12.1/nios2eds/bin/gnu/H-i686-pc-linux-gnu/bin/../lib/gcc/nios2-elf/4.1.2/libgcc.a(_addsub_df.o)
 .data          0x0081c7b0        0x0 /OPT/altera/12.1/nios2eds/bin/gnu/H-i686-pc-linux-gnu/bin/../lib/gcc/nios2-elf/4.1.2/libgcc.a(_mul_df.o)
 .data          0x0081c7b0        0x0 /OPT/altera/12.1/nios2eds/bin/gnu/H-i686-pc-linux-gnu/bin/../lib/gcc/nios2-elf/4.1.2/libgcc.a(_div_df.o)
 .data          0x0081c7b0        0x0 /OPT/altera/12.1/nios2eds/bin/gnu/H-i686-pc-linux-gnu/bin/../lib/gcc/nios2-elf/4.1.2/libgcc.a(_eq_df.o)
 .data          0x0081c7b0        0x0 /OPT/altera/12.1/nios2eds/bin/gnu/H-i686-pc-linux-gnu/bin/../lib/gcc/nios2-elf/4.1.2/libgcc.a(_ne_df.o)
 .data          0x0081c7b0        0x0 /OPT/altera/12.1/nios2eds/bin/gnu/H-i686-pc-linux-gnu/bin/../lib/gcc/nios2-elf/4.1.2/libgcc.a(_gt_df.o)
 .data          0x0081c7b0        0x0 /OPT/altera/12.1/nios2eds/bin/gnu/H-i686-pc-linux-gnu/bin/../lib/gcc/nios2-elf/4.1.2/libgcc.a(_lt_df.o)
 .data          0x0081c7b0        0x0 /OPT/altera/12.1/nios2eds/bin/gnu/H-i686-pc-linux-gnu/bin/../lib/gcc/nios2-elf/4.1.2/libgcc.a(_le_df.o)
 .data          0x0081c7b0        0x0 /OPT/altera/12.1/nios2eds/bin/gnu/H-i686-pc-linux-gnu/bin/../lib/gcc/nios2-elf/4.1.2/libgcc.a(_si_to_df.o)
 .data          0x0081c7b0        0x0 /OPT/altera/12.1/nios2eds/bin/gnu/H-i686-pc-linux-gnu/bin/../lib/gcc/nios2-elf/4.1.2/libgcc.a(_make_df.o)
 .data          0x0081c7b0        0x0 /OPT/altera/12.1/nios2eds/bin/gnu/H-i686-pc-linux-gnu/bin/../lib/gcc/nios2-elf/4.1.2/libgcc.a(_df_to_sf.o)
 .data          0x0081c7b0        0x0 /OPT/altera/12.1/nios2eds/bin/gnu/H-i686-pc-linux-gnu/bin/../lib/gcc/nios2-elf/4.1.2/libgcc.a(_thenan_df.o)
 .data          0x0081c7b0        0x0 /OPT/altera/12.1/nios2eds/bin/gnu/H-i686-pc-linux-gnu/bin/../lib/gcc/nios2-elf/4.1.2/libgcc.a(lib2-divmod.o)
 .data          0x0081c7b0        0x0 /OPT/altera/12.1/nios2eds/bin/gnu/H-i686-pc-linux-gnu/bin/../lib/gcc/nios2-elf/4.1.2/libgcc.a(_muldi3.o)
 .data          0x0081c7b0        0x0 /OPT/altera/12.1/nios2eds/bin/gnu/H-i686-pc-linux-gnu/bin/../lib/gcc/nios2-elf/4.1.2/libgcc.a(_clzsi2.o)
 .data          0x0081c7b0        0x0 /OPT/altera/12.1/nios2eds/bin/gnu/H-i686-pc-linux-gnu/bin/../lib/gcc/nios2-elf/4.1.2/libgcc.a(_pack_sf.o)
 .data          0x0081c7b0        0x0 /OPT/altera/12.1/nios2eds/bin/gnu/H-i686-pc-linux-gnu/bin/../lib/gcc/nios2-elf/4.1.2/libgcc.a(_unpack_sf.o)
 .data          0x0081c7b0        0x0 /OPT/altera/12.1/nios2eds/bin/gnu/H-i686-pc-linux-gnu/bin/../lib/gcc/nios2-elf/4.1.2/libgcc.a(_fpcmp_parts_sf.o)
 .data          0x0081c7b0        0x0 /OPT/altera/12.1/nios2eds/bin/gnu/H-i686-pc-linux-gnu/bin/../lib/gcc/nios2-elf/4.1.2/libgcc.a(_make_sf.o)
 .data          0x0081c7b0        0x0 /OPT/altera/12.1/nios2eds/bin/gnu/H-i686-pc-linux-gnu/bin/../lib/gcc/nios2-elf/4.1.2/libgcc.a(_pack_df.o)
 .data          0x0081c7b0        0x0 /OPT/altera/12.1/nios2eds/bin/gnu/H-i686-pc-linux-gnu/bin/../lib/gcc/nios2-elf/4.1.2/libgcc.a(_unpack_df.o)
 .data          0x0081c7b0        0x0 /OPT/altera/12.1/nios2eds/bin/gnu/H-i686-pc-linux-gnu/bin/../lib/gcc/nios2-elf/4.1.2/libgcc.a(_fpcmp_parts_df.o)
 .data          0x0081c7b0        0x0 /OPT/altera/12.1/nios2eds/bin/gnu/H-i686-pc-linux-gnu/bin/../lib/gcc/nios2-elf/4.1.2/libgcc.a(_clz.o)
 .data          0x0081c7b0        0x0 /OPT/altera/12.1/nios2eds/bin/gnu/H-i686-pc-linux-gnu/bin/../lib/gcc/nios2-elf/4.1.2/../../../../nios2-elf/lib/libc.a(lib_a-errno.o)
 .data          0x0081c7b0      0x400 /OPT/altera/12.1/nios2eds/bin/gnu/H-i686-pc-linux-gnu/bin/../lib/gcc/nios2-elf/4.1.2/../../../../nios2-elf/lib/libc.a(lib_a-impure.o)
 .data          0x0081cbb0        0x0 /OPT/altera/12.1/nios2eds/bin/gnu/H-i686-pc-linux-gnu/bin/../lib/gcc/nios2-elf/4.1.2/../../../../nios2-elf/lib/libc.a(lib_a-printf.o)
 .data          0x0081cbb0        0x0 /OPT/altera/12.1/nios2eds/bin/gnu/H-i686-pc-linux-gnu/bin/../lib/gcc/nios2-elf/4.1.2/../../../../nios2-elf/lib/libc.a(lib_a-puts.o)
 .data          0x0081cbb0        0x0 /OPT/altera/12.1/nios2eds/bin/gnu/H-i686-pc-linux-gnu/bin/../lib/gcc/nios2-elf/4.1.2/../../../../nios2-elf/lib/libc.a(lib_a-sprintf.o)
 .data          0x0081cbb0        0x0 /OPT/altera/12.1/nios2eds/bin/gnu/H-i686-pc-linux-gnu/bin/../lib/gcc/nios2-elf/4.1.2/../../../../nios2-elf/lib/libc.a(lib_a-strlen.o)
 .data          0x0081cbb0        0x0 /OPT/altera/12.1/nios2eds/bin/gnu/H-i686-pc-linux-gnu/bin/../lib/gcc/nios2-elf/4.1.2/../../../../nios2-elf/lib/libc.a(lib_a-vfprintf.o)
 .data          0x0081cbb0        0x0 /OPT/altera/12.1/nios2eds/bin/gnu/H-i686-pc-linux-gnu/bin/../lib/gcc/nios2-elf/4.1.2/../../../../nios2-elf/lib/libc.a(lib_a-wsetup.o)
 .data          0x0081cbb0        0x0 /OPT/altera/12.1/nios2eds/bin/gnu/H-i686-pc-linux-gnu/bin/../lib/gcc/nios2-elf/4.1.2/../../../../nios2-elf/lib/libc.a(lib_a-dtoa.o)
 .data          0x0081cbb0        0x0 /OPT/altera/12.1/nios2eds/bin/gnu/H-i686-pc-linux-gnu/bin/../lib/gcc/nios2-elf/4.1.2/../../../../nios2-elf/lib/libc.a(lib_a-fflush.o)
 .data          0x0081cbb0        0x0 /OPT/altera/12.1/nios2eds/bin/gnu/H-i686-pc-linux-gnu/bin/../lib/gcc/nios2-elf/4.1.2/../../../../nios2-elf/lib/libc.a(lib_a-findfp.o)
 .data          0x0081cbb0        0x0 /OPT/altera/12.1/nios2eds/bin/gnu/H-i686-pc-linux-gnu/bin/../lib/gcc/nios2-elf/4.1.2/../../../../nios2-elf/lib/libc.a(lib_a-freer.o)
 .data          0x0081cbb0        0x0 /OPT/altera/12.1/nios2eds/bin/gnu/H-i686-pc-linux-gnu/bin/../lib/gcc/nios2-elf/4.1.2/../../../../nios2-elf/lib/libc.a(lib_a-fvwrite.o)
 .data          0x0081cbb0        0x0 /OPT/altera/12.1/nios2eds/bin/gnu/H-i686-pc-linux-gnu/bin/../lib/gcc/nios2-elf/4.1.2/../../../../nios2-elf/lib/libc.a(lib_a-fwalk.o)
 .data          0x0081cbb0        0xc /OPT/altera/12.1/nios2eds/bin/gnu/H-i686-pc-linux-gnu/bin/../lib/gcc/nios2-elf/4.1.2/../../../../nios2-elf/lib/libc.a(lib_a-locale.o)
                0x0081cbb0                __lc_ctype
 .data          0x0081cbbc        0x0 /OPT/altera/12.1/nios2eds/bin/gnu/H-i686-pc-linux-gnu/bin/../lib/gcc/nios2-elf/4.1.2/../../../../nios2-elf/lib/libc.a(lib_a-makebuf.o)
 .data          0x0081cbbc      0x408 /OPT/altera/12.1/nios2eds/bin/gnu/H-i686-pc-linux-gnu/bin/../lib/gcc/nios2-elf/4.1.2/../../../../nios2-elf/lib/libc.a(lib_a-mallocr.o)
                0x0081cbbc                __malloc_av_
 .data          0x0081cfc4        0x0 /OPT/altera/12.1/nios2eds/bin/gnu/H-i686-pc-linux-gnu/bin/../lib/gcc/nios2-elf/4.1.2/../../../../nios2-elf/lib/libc.a(lib_a-memchr.o)
 .data          0x0081cfc4        0x0 /OPT/altera/12.1/nios2eds/bin/gnu/H-i686-pc-linux-gnu/bin/../lib/gcc/nios2-elf/4.1.2/../../../../nios2-elf/lib/libc.a(lib_a-memcpy.o)
 .data          0x0081cfc4        0x0 /OPT/altera/12.1/nios2eds/bin/gnu/H-i686-pc-linux-gnu/bin/../lib/gcc/nios2-elf/4.1.2/../../../../nios2-elf/lib/libc.a(lib_a-memmove.o)
 .data          0x0081cfc4        0x0 /OPT/altera/12.1/nios2eds/bin/gnu/H-i686-pc-linux-gnu/bin/../lib/gcc/nios2-elf/4.1.2/../../../../nios2-elf/lib/libc.a(lib_a-memset.o)
 .data          0x0081cfc4        0x0 /OPT/altera/12.1/nios2eds/bin/gnu/H-i686-pc-linux-gnu/bin/../lib/gcc/nios2-elf/4.1.2/../../../../nios2-elf/lib/libc.a(lib_a-mprec.o)
 .data          0x0081cfc4        0x0 /OPT/altera/12.1/nios2eds/bin/gnu/H-i686-pc-linux-gnu/bin/../lib/gcc/nios2-elf/4.1.2/../../../../nios2-elf/lib/libc.a(lib_a-reallocr.o)
 .data          0x0081cfc4        0x0 /OPT/altera/12.1/nios2eds/bin/gnu/H-i686-pc-linux-gnu/bin/../lib/gcc/nios2-elf/4.1.2/../../../../nios2-elf/lib/libc.a(lib_a-s_isinfd.o)
 .data          0x0081cfc4        0x0 /OPT/altera/12.1/nios2eds/bin/gnu/H-i686-pc-linux-gnu/bin/../lib/gcc/nios2-elf/4.1.2/../../../../nios2-elf/lib/libc.a(lib_a-sbrkr.o)
 .data          0x0081cfc4        0x0 /OPT/altera/12.1/nios2eds/bin/gnu/H-i686-pc-linux-gnu/bin/../lib/gcc/nios2-elf/4.1.2/../../../../nios2-elf/lib/libc.a(lib_a-stdio.o)
 .data          0x0081cfc4        0x0 /OPT/altera/12.1/nios2eds/bin/gnu/H-i686-pc-linux-gnu/bin/../lib/gcc/nios2-elf/4.1.2/../../../../nios2-elf/lib/libc.a(lib_a-strcmp.o)
 .data          0x0081cfc4        0x0 /OPT/altera/12.1/nios2eds/bin/gnu/H-i686-pc-linux-gnu/bin/../lib/gcc/nios2-elf/4.1.2/../../../../nios2-elf/lib/libc.a(lib_a-writer.o)
 .data          0x0081cfc4        0x0 /OPT/altera/12.1/nios2eds/bin/gnu/H-i686-pc-linux-gnu/bin/../lib/gcc/nios2-elf/4.1.2/../../../../nios2-elf/lib/libc.a(lib_a-callocr.o)
 .data          0x0081cfc4        0x0 /OPT/altera/12.1/nios2eds/bin/gnu/H-i686-pc-linux-gnu/bin/../lib/gcc/nios2-elf/4.1.2/../../../../nios2-elf/lib/libc.a(lib_a-closer.o)
 .data          0x0081cfc4        0x0 /OPT/altera/12.1/nios2eds/bin/gnu/H-i686-pc-linux-gnu/bin/../lib/gcc/nios2-elf/4.1.2/../../../../nios2-elf/lib/libc.a(lib_a-fclose.o)
 .data          0x0081cfc4        0x0 /OPT/altera/12.1/nios2eds/bin/gnu/H-i686-pc-linux-gnu/bin/../lib/gcc/nios2-elf/4.1.2/../../../../nios2-elf/lib/libc.a(lib_a-fstatr.o)
 .data          0x0081cfc4        0x0 /OPT/altera/12.1/nios2eds/bin/gnu/H-i686-pc-linux-gnu/bin/../lib/gcc/nios2-elf/4.1.2/../../../../nios2-elf/lib/libc.a(lib_a-int_errno.o)
 .data          0x0081cfc4        0x0 /OPT/altera/12.1/nios2eds/bin/gnu/H-i686-pc-linux-gnu/bin/../lib/gcc/nios2-elf/4.1.2/../../../../nios2-elf/lib/libc.a(lib_a-isattyr.o)
 .data          0x0081cfc4        0x0 /OPT/altera/12.1/nios2eds/bin/gnu/H-i686-pc-linux-gnu/bin/../lib/gcc/nios2-elf/4.1.2/../../../../nios2-elf/lib/libc.a(lib_a-lseekr.o)
 .data          0x0081cfc4        0x0 /OPT/altera/12.1/nios2eds/bin/gnu/H-i686-pc-linux-gnu/bin/../lib/gcc/nios2-elf/4.1.2/../../../../nios2-elf/lib/libc.a(lib_a-readr.o)
 .data          0x0081cfc4        0x0 /OPT/altera/12.1/nios2eds/bin/gnu/H-i686-pc-linux-gnu/bin/../lib/gcc/nios2-elf/4.1.2/libgcc.a(_udivdi3.o)
 .data          0x0081cfc4        0x0 /OPT/altera/12.1/nios2eds/bin/gnu/H-i686-pc-linux-gnu/bin/../lib/gcc/nios2-elf/4.1.2/libgcc.a(_umoddi3.o)
 .data          0x0081cfc4        0x0 /OPT/altera/12.1/nios2eds/bin/gnu/H-i686-pc-linux-gnu/bin/../lib/gcc/nios2-elf/4.1.2/libgcc.a(_ge_df.o)
 .data          0x0081cfc4        0x0 /OPT/altera/12.1/nios2eds/bin/gnu/H-i686-pc-linux-gnu/bin/../lib/gcc/nios2-elf/4.1.2/libgcc.a(_df_to_si.o)
 .data          0x0081cfc4        0x0 /OPT/altera/12.1/nios2eds/bin/gnu/H-i686-pc-linux-gnu/bin/../lib/gcc/nios2-elf/4.1.2/libgcc.a(_usi_to_df.o)
 .data          0x0081cfc4        0x0 ../NonVolatile_V1_bsp//libucosii_bsp.a(alt_close.o)
 .data          0x0081cfc4      0x1a8 ../NonVolatile_V1_bsp//libucosii_bsp.a(alt_dev.o)
                0x0081cfc4                alt_dev_null
                0x0081cfec                alt_fd_list
 .data          0x0081d16c        0x0 ../NonVolatile_V1_bsp//libucosii_bsp.a(alt_errno.o)
 .data          0x0081d16c        0x0 ../NonVolatile_V1_bsp//libucosii_bsp.a(alt_fstat.o)
 .data          0x0081d16c        0x0 ../NonVolatile_V1_bsp//libucosii_bsp.a(alt_irq_register.o)
 .data          0x0081d16c        0x0 ../NonVolatile_V1_bsp//libucosii_bsp.a(alt_irq_vars.o)
 .data          0x0081d16c        0x0 ../NonVolatile_V1_bsp//libucosii_bsp.a(alt_isatty.o)
 .data          0x0081d16c        0x0 ../NonVolatile_V1_bsp//libucosii_bsp.a(alt_lseek.o)
 .data          0x0081d16c        0x0 ../NonVolatile_V1_bsp//libucosii_bsp.a(alt_main.o)
 .data          0x0081d16c        0x0 ../NonVolatile_V1_bsp//libucosii_bsp.a(alt_read.o)
 .data          0x0081d16c        0x0 ../NonVolatile_V1_bsp//libucosii_bsp.a(alt_release_fd.o)
 .data          0x0081d16c        0x0 ../NonVolatile_V1_bsp//libucosii_bsp.a(alt_sbrk.o)
 .data          0x0081d16c        0x0 ../NonVolatile_V1_bsp//libucosii_bsp.a(alt_usleep.o)
 .data          0x0081d16c        0x0 ../NonVolatile_V1_bsp//libucosii_bsp.a(alt_write.o)
 .data          0x0081d16c        0x0 ../NonVolatile_V1_bsp//libucosii_bsp.a(alt_env_lock.o)
 .data          0x0081d16c        0x0 ../NonVolatile_V1_bsp//libucosii_bsp.a(alt_malloc_lock.o)
 .data          0x0081d16c        0x0 ../NonVolatile_V1_bsp//libucosii_bsp.a(os_core.o)
 .data          0x0081d16c        0x0 ../NonVolatile_V1_bsp//libucosii_bsp.a(os_dbg.o)
 .data          0x0081d16c        0x0 ../NonVolatile_V1_bsp//libucosii_bsp.a(os_flag.o)
 .data          0x0081d16c        0x0 ../NonVolatile_V1_bsp//libucosii_bsp.a(os_mem.o)
 .data          0x0081d16c        0x0 ../NonVolatile_V1_bsp//libucosii_bsp.a(os_q.o)
 .data          0x0081d16c        0x0 ../NonVolatile_V1_bsp//libucosii_bsp.a(os_sem.o)
 .data          0x0081d16c        0x0 ../NonVolatile_V1_bsp//libucosii_bsp.a(os_task.o)
 .data          0x0081d16c        0x0 ../NonVolatile_V1_bsp//libucosii_bsp.a(os_time.o)
 .data          0x0081d16c     0x10f8 ../NonVolatile_V1_bsp//libucosii_bsp.a(alt_sys_init.o)
 .data          0x0081e264        0x0 ../NonVolatile_V1_bsp//libucosii_bsp.a(altera_avalon_jtag_uart_fd.o)
 .data          0x0081e264        0x0 ../NonVolatile_V1_bsp//libucosii_bsp.a(altera_avalon_jtag_uart_init.o)
 .data          0x0081e264        0x0 ../NonVolatile_V1_bsp//libucosii_bsp.a(altera_avalon_jtag_uart_ioctl.o)
 .data          0x0081e264        0x0 ../NonVolatile_V1_bsp//libucosii_bsp.a(altera_avalon_jtag_uart_read.o)
 .data          0x0081e264        0x0 ../NonVolatile_V1_bsp//libucosii_bsp.a(altera_avalon_jtag_uart_write.o)
 .data          0x0081e264        0x0 ../NonVolatile_V1_bsp//libucosii_bsp.a(altera_avalon_timer_sc.o)
 .data          0x0081e264        0x0 ../NonVolatile_V1_bsp//libucosii_bsp.a(altera_up_avalon_character_lcd.o)
 .data          0x0081e264        0x0 ../NonVolatile_V1_bsp//libucosii_bsp.a(alt_alarm_start.o)
 .data          0x0081e264        0x0 ../NonVolatile_V1_bsp//libucosii_bsp.a(alt_busy_sleep.o)
 .data          0x0081e264        0x0 ../NonVolatile_V1_bsp//libucosii_bsp.a(alt_dev_llist_insert.o)
 .data          0x0081e264        0x0 ../NonVolatile_V1_bsp//libucosii_bsp.a(alt_do_ctors.o)
 .data          0x0081e264        0x0 ../NonVolatile_V1_bsp//libucosii_bsp.a(alt_do_dtors.o)
 .data          0x0081e264        0x0 ../NonVolatile_V1_bsp//libucosii_bsp.a(alt_find_dev.o)
 .data          0x0081e264        0x0 ../NonVolatile_V1_bsp//libucosii_bsp.a(alt_iic.o)
 .data          0x0081e264        0x0 ../NonVolatile_V1_bsp//libucosii_bsp.a(alt_iic_isr_register.o)
 .data          0x0081e264        0x0 ../NonVolatile_V1_bsp//libucosii_bsp.a(alt_io_redirect.o)
 .data          0x0081e264        0x0 ../NonVolatile_V1_bsp//libucosii_bsp.a(alt_irq_entry.o)
 .data          0x0081e264        0x0 ../NonVolatile_V1_bsp//libucosii_bsp.a(alt_irq_handler.o)
 .data          0x0081e264        0x0 ../NonVolatile_V1_bsp//libucosii_bsp.a(alt_open.o)
 .data          0x0081e264        0x0 ../NonVolatile_V1_bsp//libucosii_bsp.a(alt_tick.o)
 .data          0x0081e264        0x0 ../NonVolatile_V1_bsp//libucosii_bsp.a(altera_nios2_qsys_irq.o)
 .data          0x0081e264        0x0 ../NonVolatile_V1_bsp//libucosii_bsp.a(os_cpu_a.o)
 .data          0x0081e264        0x0 ../NonVolatile_V1_bsp//libucosii_bsp.a(os_cpu_c.o)
 .data          0x0081e264        0x0 ../NonVolatile_V1_bsp//libucosii_bsp.a(alt_exception_entry.o)
 .data          0x0081e264        0x0 ../NonVolatile_V1_bsp//libucosii_bsp.a(alt_find_file.o)
 .data          0x0081e264        0x0 ../NonVolatile_V1_bsp//libucosii_bsp.a(alt_get_fd.o)
 .data          0x0081e264        0x0 /OPT/altera/12.1/nios2eds/bin/gnu/H-i686-pc-linux-gnu/bin/../lib/gcc/nios2-elf/4.1.2/../../../../nios2-elf/lib/libc.a(lib_a-atexit.o)
 .data          0x0081e264        0x0 /OPT/altera/12.1/nios2eds/bin/gnu/H-i686-pc-linux-gnu/bin/../lib/gcc/nios2-elf/4.1.2/../../../../nios2-elf/lib/libc.a(lib_a-exit.o)
 .data          0x0081e264        0x0 /OPT/altera/12.1/nios2eds/bin/gnu/H-i686-pc-linux-gnu/bin/../lib/gcc/nios2-elf/4.1.2/../../../../nios2-elf/lib/libc.a(lib_a-memcmp.o)
 .data          0x0081e264        0x0 /OPT/altera/12.1/nios2eds/bin/gnu/H-i686-pc-linux-gnu/bin/../lib/gcc/nios2-elf/4.1.2/../../../../nios2-elf/lib/libc.a(lib_a-__atexit.o)
 .data          0x0081e264        0x0 /OPT/altera/12.1/nios2eds/bin/gnu/H-i686-pc-linux-gnu/bin/../lib/gcc/nios2-elf/4.1.2/../../../../nios2-elf/lib/libc.a(lib_a-__call_atexit.o)
 .data          0x0081e264        0x0 ../NonVolatile_V1_bsp//libucosii_bsp.a(alt_exit.o)
                0x00826264                _gp = ABSOLUTE ((. + 0x8000))
                0x00826264                PROVIDE (gp, _gp)
 *(.rwdata .rwdata.*)
 *(.sdata .sdata.* .gnu.linkonce.s.*)
 .sdata         0x0081e264        0x4 /OPT/altera/12.1/nios2eds/bin/gnu/H-i686-pc-linux-gnu/bin/../lib/gcc/nios2-elf/4.1.2/../../../../nios2-elf/lib/libm.a(lib_a-s_lib_ver.o)
                0x0081e264                __fdlib_version
 .sdata         0x0081e268        0x8 /OPT/altera/12.1/nios2eds/bin/gnu/H-i686-pc-linux-gnu/bin/../lib/gcc/nios2-elf/4.1.2/../../../../nios2-elf/lib/libc.a(lib_a-impure.o)
                0x0081e268                _impure_ptr
                0x0081e26c                _global_impure_ptr
 .sdata         0x0081e270        0x8 /OPT/altera/12.1/nios2eds/bin/gnu/H-i686-pc-linux-gnu/bin/../lib/gcc/nios2-elf/4.1.2/../../../../nios2-elf/lib/libc.a(lib_a-locale.o)
                0x0081e270                __mb_cur_max
 .sdata         0x0081e278        0x8 /OPT/altera/12.1/nios2eds/bin/gnu/H-i686-pc-linux-gnu/bin/../lib/gcc/nios2-elf/4.1.2/../../../../nios2-elf/lib/libc.a(lib_a-mallocr.o)
                0x0081e278                __malloc_trim_threshold
                0x0081e27c                __malloc_sbrk_base
 .sdata         0x0081e280       0x14 ../NonVolatile_V1_bsp//libucosii_bsp.a(alt_dev.o)
                0x0081e280                alt_fs_list
                0x0081e288                alt_dev_list
                0x0081e290                alt_max_fd
 .sdata         0x0081e294        0x4 ../NonVolatile_V1_bsp//libucosii_bsp.a(alt_errno.o)
                0x0081e294                alt_errno
 .sdata         0x0081e298        0x4 ../NonVolatile_V1_bsp//libucosii_bsp.a(alt_irq_vars.o)
                0x0081e298                alt_priority_mask
 .sdata         0x0081e29c        0x4 ../NonVolatile_V1_bsp//libucosii_bsp.a(alt_sbrk.o)
 .sdata         0x0081e2a0        0x4 ../NonVolatile_V1_bsp//libucosii_bsp.a(alt_env_lock.o)
 .sdata         0x0081e2a4        0x4 ../NonVolatile_V1_bsp//libucosii_bsp.a(alt_malloc_lock.o)
 .sdata         0x0081e2a8       0x74 ../NonVolatile_V1_bsp//libucosii_bsp.a(os_dbg.o)
                0x0081e2a8                OSDebugEn
                0x0081e2ac                OSEndiannessTest
                0x0081e2b0                OSEventEn
                0x0081e2b2                OSEventMax
                0x0081e2b4                OSEventNameSize
                0x0081e2b6                OSEventSize
                0x0081e2b8                OSEventTblSize
                0x0081e2ba                OSEventMultiEn
                0x0081e2bc                OSFlagEn
                0x0081e2be                OSFlagGrpSize
                0x0081e2c0                OSFlagNodeSize
                0x0081e2c2                OSFlagWidth
                0x0081e2c4                OSFlagMax
                0x0081e2c6                OSFlagNameSize
                0x0081e2c8                OSLowestPrio
                0x0081e2ca                OSMboxEn
                0x0081e2cc                OSMemEn
                0x0081e2ce                OSMemMax
                0x0081e2d0                OSMemNameSize
                0x0081e2d2                OSMemSize
                0x0081e2d4                OSMemTblSize
                0x0081e2d6                OSMutexEn
                0x0081e2d8                OSPtrSize
                0x0081e2da                OSQEn
                0x0081e2dc                OSQMax
                0x0081e2de                OSQSize
                0x0081e2e0                OSRdyTblSize
                0x0081e2e2                OSSemEn
                0x0081e2e4                OSStkWidth
                0x0081e2e6                OSTaskCreateEn
                0x0081e2e8                OSTaskCreateExtEn
                0x0081e2ea                OSTaskDelEn
                0x0081e2ec                OSTaskIdleStkSize
                0x0081e2ee                OSTaskProfileEn
                0x0081e2f0                OSTaskMax
                0x0081e2f2                OSTaskNameSize
                0x0081e2f4                OSTaskStatEn
                0x0081e2f6                OSTaskStatStkSize
                0x0081e2f8                OSTaskStatStkChkEn
                0x0081e2fa                OSTaskSwHookEn
                0x0081e2fc                OSTCBPrioTblMax
                0x0081e2fe                OSTCBSize
                0x0081e300                OSTicksPerSec
                0x0081e302                OSTimeTickHookEn
                0x0081e304                OSVersionNbr
                0x0081e306                OSTmrEn
                0x0081e308                OSTmrCfgMax
                0x0081e30a                OSTmrCfgNameSize
                0x0081e30c                OSTmrCfgWheelSize
                0x0081e30e                OSTmrCfgTicksPerSec
                0x0081e310                OSTmrSize
                0x0081e312                OSTmrTblSize
                0x0081e314                OSTmrWheelSize
                0x0081e316                OSTmrWheelTblSize
                0x0081e318                OSDataSize
 .sdata         0x0081e31c        0x8 ../NonVolatile_V1_bsp//libucosii_bsp.a(alt_tick.o)
                0x0081e31c                alt_alarm_list
 *(.sdata2 .sdata2.* .gnu.linkonce.s2.*)
                0x0081e324                . = ALIGN (0x4)
                0x0081e324                _edata = ABSOLUTE (.)
                0x0081e324                PROVIDE (edata, ABSOLUTE (.))
                0x0081e324                PROVIDE (__ram_rwdata_end, ABSOLUTE (.))
                0x0081c7b0                PROVIDE (__flash_rwdata_start, LOADADDR (.rwdata))

.bss            0x0081e324     0x557c
                0x0081e324                __bss_start = ABSOLUTE (.)
                0x0081e324                PROVIDE (__sbss_start, ABSOLUTE (.))
                0x0081e324                PROVIDE (___sbss_start, ABSOLUTE (.))
 *(.dynsbss)
 *(.sbss .sbss.* .gnu.linkonce.sb.*)
 .sbss          0x0081e324        0x8 obj/default/imu_i2c.o
                0x0081e324                kick_drum
                0x0081e328                myLCD
 .sbss          0x0081e32c        0xc /OPT/altera/12.1/nios2eds/bin/gnu/H-i686-pc-linux-gnu/bin/../lib/gcc/nios2-elf/4.1.2/../../../../nios2-elf/lib/libc.a(lib_a-locale.o)
                0x0081e32c                __nlocale_changed
                0x0081e330                __mlocale_changed
                0x0081e334                _PathLocale
 .sbss          0x0081e338        0xc /OPT/altera/12.1/nios2eds/bin/gnu/H-i686-pc-linux-gnu/bin/../lib/gcc/nios2-elf/4.1.2/../../../../nios2-elf/lib/libc.a(lib_a-mallocr.o)
                0x0081e338                __malloc_top_pad
                0x0081e33c                __malloc_max_sbrked_mem
                0x0081e340                __malloc_max_total_mem
 .sbss          0x0081e344        0x4 /OPT/altera/12.1/nios2eds/bin/gnu/H-i686-pc-linux-gnu/bin/../lib/gcc/nios2-elf/4.1.2/../../../../nios2-elf/lib/libc.a(lib_a-int_errno.o)
                0x0081e344                errno
 .sbss          0x0081e348        0x4 ../NonVolatile_V1_bsp//libucosii_bsp.a(alt_dev.o)
                0x0081e348                alt_fd_list_lock
 .sbss          0x0081e34c        0x4 ../NonVolatile_V1_bsp//libucosii_bsp.a(alt_irq_vars.o)
                0x0081e34c                alt_irq_active
 .sbss          0x0081e350        0xc ../NonVolatile_V1_bsp//libucosii_bsp.a(alt_main.o)
                0x0081e350                alt_argc
                0x0081e354                alt_argv
                0x0081e358                alt_envp
 .sbss          0x0081e35c        0x8 ../NonVolatile_V1_bsp//libucosii_bsp.a(alt_env_lock.o)
                0x0081e360                alt_envsem
 .sbss          0x0081e364        0x8 ../NonVolatile_V1_bsp//libucosii_bsp.a(alt_malloc_lock.o)
                0x0081e368                alt_heapsem
 .sbss          0x0081e36c       0x50 ../NonVolatile_V1_bsp//libucosii_bsp.a(os_core.o)
                0x0081e36c                OSLockNesting
                0x0081e36d                OSRunning
                0x0081e370                OSIdleCtr
                0x0081e374                OSPrioHighRdy
                0x0081e375                OSPrioCur
                0x0081e378                OSTCBList
                0x0081e37c                OSTickStepState
                0x0081e380                OSCtxSwCtr
                0x0081e384                OSIdleCtrMax
                0x0081e388                OSTCBFreeList
                0x0081e38c                OSCPUUsage
                0x0081e38d                OSTaskCtr
                0x0081e390                OSMemFreeList
                0x0081e394                OSTCBHighRdy
                0x0081e398                OSQFreeList
                0x0081e39c                OSRdyGrp
                0x0081e39d                OSRdyTbl
                0x0081e3a0                OSEventFreeList
                0x0081e3a4                OSIntNesting
                0x0081e3a8                OSTCBCur
                0x0081e3ac                OSTime
                0x0081e3b0                OSFlagFreeList
                0x0081e3b4                OSStatRdy
                0x0081e3b8                OSIdleCtrRun
 .sbss          0x0081e3bc        0x8 ../NonVolatile_V1_bsp//libucosii_bsp.a(alt_tick.o)
                0x0081e3bc                _alt_tick_rate
                0x0081e3c0                _alt_nticks
 *(.sbss2 .sbss2.* .gnu.linkonce.sb2.*)
 *(.scommon)
                0x0081e3c4                PROVIDE (__sbss_end, ABSOLUTE (.))
                0x0081e3c4                PROVIDE (___sbss_end, ABSOLUTE (.))
 *(.dynbss)
 *(.bss .bss.* .gnu.linkonce.b.*)
 .bss           0x0081e3c4        0x0 ../NonVolatile_V1_bsp//obj/HAL/src/crt0.o
 .bss           0x0081e3c4        0x0 obj/default/MPU9250/mpu9250.o
 .bss           0x0081e3c4        0x0 obj/default/i2c/I2C.o
 .bss           0x0081e3c4        0x0 obj/default/imu_i2c.o
 .bss           0x0081e3c4        0x0 /OPT/altera/12.1/nios2eds/bin/gnu/H-i686-pc-linux-gnu/bin/../lib/gcc/nios2-elf/4.1.2/../../../../nios2-elf/lib/libm.a(lib_a-w_pow.o)
 .bss           0x0081e3c4        0x0 /OPT/altera/12.1/nios2eds/bin/gnu/H-i686-pc-linux-gnu/bin/../lib/gcc/nios2-elf/4.1.2/../../../../nios2-elf/lib/libm.a(lib_a-e_pow.o)
 .bss           0x0081e3c4        0x0 /OPT/altera/12.1/nios2eds/bin/gnu/H-i686-pc-linux-gnu/bin/../lib/gcc/nios2-elf/4.1.2/../../../../nios2-elf/lib/libm.a(lib_a-e_sqrt.o)
 .bss           0x0081e3c4        0x0 /OPT/altera/12.1/nios2eds/bin/gnu/H-i686-pc-linux-gnu/bin/../lib/gcc/nios2-elf/4.1.2/../../../../nios2-elf/lib/libm.a(lib_a-s_fabs.o)
 .bss           0x0081e3c4        0x0 /OPT/altera/12.1/nios2eds/bin/gnu/H-i686-pc-linux-gnu/bin/../lib/gcc/nios2-elf/4.1.2/../../../../nios2-elf/lib/libm.a(lib_a-s_finite.o)
 .bss           0x0081e3c4        0x0 /OPT/altera/12.1/nios2eds/bin/gnu/H-i686-pc-linux-gnu/bin/../lib/gcc/nios2-elf/4.1.2/../../../../nios2-elf/lib/libm.a(lib_a-s_isnand.o)
 .bss           0x0081e3c4        0x0 /OPT/altera/12.1/nios2eds/bin/gnu/H-i686-pc-linux-gnu/bin/../lib/gcc/nios2-elf/4.1.2/../../../../nios2-elf/lib/libm.a(lib_a-s_lib_ver.o)
 .bss           0x0081e3c4        0x0 /OPT/altera/12.1/nios2eds/bin/gnu/H-i686-pc-linux-gnu/bin/../lib/gcc/nios2-elf/4.1.2/../../../../nios2-elf/lib/libm.a(lib_a-s_matherr.o)
 .bss           0x0081e3c4        0x0 /OPT/altera/12.1/nios2eds/bin/gnu/H-i686-pc-linux-gnu/bin/../lib/gcc/nios2-elf/4.1.2/../../../../nios2-elf/lib/libm.a(lib_a-s_nan.o)
 .bss           0x0081e3c4        0x0 /OPT/altera/12.1/nios2eds/bin/gnu/H-i686-pc-linux-gnu/bin/../lib/gcc/nios2-elf/4.1.2/../../../../nios2-elf/lib/libm.a(lib_a-s_rint.o)
 .bss           0x0081e3c4        0x0 /OPT/altera/12.1/nios2eds/bin/gnu/H-i686-pc-linux-gnu/bin/../lib/gcc/nios2-elf/4.1.2/../../../../nios2-elf/lib/libm.a(lib_a-s_scalbn.o)
 .bss           0x0081e3c4        0x0 /OPT/altera/12.1/nios2eds/bin/gnu/H-i686-pc-linux-gnu/bin/../lib/gcc/nios2-elf/4.1.2/../../../../nios2-elf/lib/libm.a(lib_a-s_copysign.o)
 .bss           0x0081e3c4        0x0 /OPT/altera/12.1/nios2eds/bin/gnu/H-i686-pc-linux-gnu/bin/../lib/gcc/nios2-elf/4.1.2/libgcc.a(_mul_sf.o)
 .bss           0x0081e3c4        0x0 /OPT/altera/12.1/nios2eds/bin/gnu/H-i686-pc-linux-gnu/bin/../lib/gcc/nios2-elf/4.1.2/libgcc.a(_div_sf.o)
 .bss           0x0081e3c4        0x0 /OPT/altera/12.1/nios2eds/bin/gnu/H-i686-pc-linux-gnu/bin/../lib/gcc/nios2-elf/4.1.2/libgcc.a(_gt_sf.o)
 .bss           0x0081e3c4        0x0 /OPT/altera/12.1/nios2eds/bin/gnu/H-i686-pc-linux-gnu/bin/../lib/gcc/nios2-elf/4.1.2/libgcc.a(_lt_sf.o)
 .bss           0x0081e3c4        0x0 /OPT/altera/12.1/nios2eds/bin/gnu/H-i686-pc-linux-gnu/bin/../lib/gcc/nios2-elf/4.1.2/libgcc.a(_si_to_sf.o)
 .bss           0x0081e3c4        0x0 /OPT/altera/12.1/nios2eds/bin/gnu/H-i686-pc-linux-gnu/bin/../lib/gcc/nios2-elf/4.1.2/libgcc.a(_sf_to_df.o)
 .bss           0x0081e3c4        0x0 /OPT/altera/12.1/nios2eds/bin/gnu/H-i686-pc-linux-gnu/bin/../lib/gcc/nios2-elf/4.1.2/libgcc.a(_thenan_sf.o)
 .bss           0x0081e3c4        0x0 /OPT/altera/12.1/nios2eds/bin/gnu/H-i686-pc-linux-gnu/bin/../lib/gcc/nios2-elf/4.1.2/libgcc.a(_usi_to_sf.o)
 .bss           0x0081e3c4        0x0 /OPT/altera/12.1/nios2eds/bin/gnu/H-i686-pc-linux-gnu/bin/../lib/gcc/nios2-elf/4.1.2/libgcc.a(_addsub_df.o)
 .bss           0x0081e3c4        0x0 /OPT/altera/12.1/nios2eds/bin/gnu/H-i686-pc-linux-gnu/bin/../lib/gcc/nios2-elf/4.1.2/libgcc.a(_mul_df.o)
 .bss           0x0081e3c4        0x0 /OPT/altera/12.1/nios2eds/bin/gnu/H-i686-pc-linux-gnu/bin/../lib/gcc/nios2-elf/4.1.2/libgcc.a(_div_df.o)
 .bss           0x0081e3c4        0x0 /OPT/altera/12.1/nios2eds/bin/gnu/H-i686-pc-linux-gnu/bin/../lib/gcc/nios2-elf/4.1.2/libgcc.a(_eq_df.o)
 .bss           0x0081e3c4        0x0 /OPT/altera/12.1/nios2eds/bin/gnu/H-i686-pc-linux-gnu/bin/../lib/gcc/nios2-elf/4.1.2/libgcc.a(_ne_df.o)
 .bss           0x0081e3c4        0x0 /OPT/altera/12.1/nios2eds/bin/gnu/H-i686-pc-linux-gnu/bin/../lib/gcc/nios2-elf/4.1.2/libgcc.a(_gt_df.o)
 .bss           0x0081e3c4        0x0 /OPT/altera/12.1/nios2eds/bin/gnu/H-i686-pc-linux-gnu/bin/../lib/gcc/nios2-elf/4.1.2/libgcc.a(_lt_df.o)
 .bss           0x0081e3c4        0x0 /OPT/altera/12.1/nios2eds/bin/gnu/H-i686-pc-linux-gnu/bin/../lib/gcc/nios2-elf/4.1.2/libgcc.a(_le_df.o)
 .bss           0x0081e3c4        0x0 /OPT/altera/12.1/nios2eds/bin/gnu/H-i686-pc-linux-gnu/bin/../lib/gcc/nios2-elf/4.1.2/libgcc.a(_si_to_df.o)
 .bss           0x0081e3c4        0x0 /OPT/altera/12.1/nios2eds/bin/gnu/H-i686-pc-linux-gnu/bin/../lib/gcc/nios2-elf/4.1.2/libgcc.a(_make_df.o)
 .bss           0x0081e3c4        0x0 /OPT/altera/12.1/nios2eds/bin/gnu/H-i686-pc-linux-gnu/bin/../lib/gcc/nios2-elf/4.1.2/libgcc.a(_df_to_sf.o)
 .bss           0x0081e3c4        0x0 /OPT/altera/12.1/nios2eds/bin/gnu/H-i686-pc-linux-gnu/bin/../lib/gcc/nios2-elf/4.1.2/libgcc.a(_thenan_df.o)
 .bss           0x0081e3c4        0x0 /OPT/altera/12.1/nios2eds/bin/gnu/H-i686-pc-linux-gnu/bin/../lib/gcc/nios2-elf/4.1.2/libgcc.a(lib2-divmod.o)
 .bss           0x0081e3c4        0x0 /OPT/altera/12.1/nios2eds/bin/gnu/H-i686-pc-linux-gnu/bin/../lib/gcc/nios2-elf/4.1.2/libgcc.a(_muldi3.o)
 .bss           0x0081e3c4        0x0 /OPT/altera/12.1/nios2eds/bin/gnu/H-i686-pc-linux-gnu/bin/../lib/gcc/nios2-elf/4.1.2/libgcc.a(_clzsi2.o)
 .bss           0x0081e3c4        0x0 /OPT/altera/12.1/nios2eds/bin/gnu/H-i686-pc-linux-gnu/bin/../lib/gcc/nios2-elf/4.1.2/libgcc.a(_pack_sf.o)
 .bss           0x0081e3c4        0x0 /OPT/altera/12.1/nios2eds/bin/gnu/H-i686-pc-linux-gnu/bin/../lib/gcc/nios2-elf/4.1.2/libgcc.a(_unpack_sf.o)
 .bss           0x0081e3c4        0x0 /OPT/altera/12.1/nios2eds/bin/gnu/H-i686-pc-linux-gnu/bin/../lib/gcc/nios2-elf/4.1.2/libgcc.a(_fpcmp_parts_sf.o)
 .bss           0x0081e3c4        0x0 /OPT/altera/12.1/nios2eds/bin/gnu/H-i686-pc-linux-gnu/bin/../lib/gcc/nios2-elf/4.1.2/libgcc.a(_make_sf.o)
 .bss           0x0081e3c4        0x0 /OPT/altera/12.1/nios2eds/bin/gnu/H-i686-pc-linux-gnu/bin/../lib/gcc/nios2-elf/4.1.2/libgcc.a(_pack_df.o)
 .bss           0x0081e3c4        0x0 /OPT/altera/12.1/nios2eds/bin/gnu/H-i686-pc-linux-gnu/bin/../lib/gcc/nios2-elf/4.1.2/libgcc.a(_unpack_df.o)
 .bss           0x0081e3c4        0x0 /OPT/altera/12.1/nios2eds/bin/gnu/H-i686-pc-linux-gnu/bin/../lib/gcc/nios2-elf/4.1.2/libgcc.a(_fpcmp_parts_df.o)
 .bss           0x0081e3c4        0x0 /OPT/altera/12.1/nios2eds/bin/gnu/H-i686-pc-linux-gnu/bin/../lib/gcc/nios2-elf/4.1.2/libgcc.a(_clz.o)
 .bss           0x0081e3c4        0x0 /OPT/altera/12.1/nios2eds/bin/gnu/H-i686-pc-linux-gnu/bin/../lib/gcc/nios2-elf/4.1.2/../../../../nios2-elf/lib/libc.a(lib_a-errno.o)
 .bss           0x0081e3c4        0x0 /OPT/altera/12.1/nios2eds/bin/gnu/H-i686-pc-linux-gnu/bin/../lib/gcc/nios2-elf/4.1.2/../../../../nios2-elf/lib/libc.a(lib_a-impure.o)
 .bss           0x0081e3c4        0x0 /OPT/altera/12.1/nios2eds/bin/gnu/H-i686-pc-linux-gnu/bin/../lib/gcc/nios2-elf/4.1.2/../../../../nios2-elf/lib/libc.a(lib_a-printf.o)
 .bss           0x0081e3c4        0x0 /OPT/altera/12.1/nios2eds/bin/gnu/H-i686-pc-linux-gnu/bin/../lib/gcc/nios2-elf/4.1.2/../../../../nios2-elf/lib/libc.a(lib_a-puts.o)
 .bss           0x0081e3c4        0x0 /OPT/altera/12.1/nios2eds/bin/gnu/H-i686-pc-linux-gnu/bin/../lib/gcc/nios2-elf/4.1.2/../../../../nios2-elf/lib/libc.a(lib_a-sprintf.o)
 .bss           0x0081e3c4        0x0 /OPT/altera/12.1/nios2eds/bin/gnu/H-i686-pc-linux-gnu/bin/../lib/gcc/nios2-elf/4.1.2/../../../../nios2-elf/lib/libc.a(lib_a-strlen.o)
 .bss           0x0081e3c4        0x0 /OPT/altera/12.1/nios2eds/bin/gnu/H-i686-pc-linux-gnu/bin/../lib/gcc/nios2-elf/4.1.2/../../../../nios2-elf/lib/libc.a(lib_a-vfprintf.o)
 .bss           0x0081e3c4        0x0 /OPT/altera/12.1/nios2eds/bin/gnu/H-i686-pc-linux-gnu/bin/../lib/gcc/nios2-elf/4.1.2/../../../../nios2-elf/lib/libc.a(lib_a-wsetup.o)
 .bss           0x0081e3c4        0x0 /OPT/altera/12.1/nios2eds/bin/gnu/H-i686-pc-linux-gnu/bin/../lib/gcc/nios2-elf/4.1.2/../../../../nios2-elf/lib/libc.a(lib_a-dtoa.o)
 .bss           0x0081e3c4        0x0 /OPT/altera/12.1/nios2eds/bin/gnu/H-i686-pc-linux-gnu/bin/../lib/gcc/nios2-elf/4.1.2/../../../../nios2-elf/lib/libc.a(lib_a-fflush.o)
 .bss           0x0081e3c4        0x0 /OPT/altera/12.1/nios2eds/bin/gnu/H-i686-pc-linux-gnu/bin/../lib/gcc/nios2-elf/4.1.2/../../../../nios2-elf/lib/libc.a(lib_a-findfp.o)
 .bss           0x0081e3c4        0x0 /OPT/altera/12.1/nios2eds/bin/gnu/H-i686-pc-linux-gnu/bin/../lib/gcc/nios2-elf/4.1.2/../../../../nios2-elf/lib/libc.a(lib_a-freer.o)
 .bss           0x0081e3c4        0x0 /OPT/altera/12.1/nios2eds/bin/gnu/H-i686-pc-linux-gnu/bin/../lib/gcc/nios2-elf/4.1.2/../../../../nios2-elf/lib/libc.a(lib_a-fvwrite.o)
 .bss           0x0081e3c4        0x0 /OPT/altera/12.1/nios2eds/bin/gnu/H-i686-pc-linux-gnu/bin/../lib/gcc/nios2-elf/4.1.2/../../../../nios2-elf/lib/libc.a(lib_a-fwalk.o)
 .bss           0x0081e3c4        0x0 /OPT/altera/12.1/nios2eds/bin/gnu/H-i686-pc-linux-gnu/bin/../lib/gcc/nios2-elf/4.1.2/../../../../nios2-elf/lib/libc.a(lib_a-locale.o)
 .bss           0x0081e3c4        0x0 /OPT/altera/12.1/nios2eds/bin/gnu/H-i686-pc-linux-gnu/bin/../lib/gcc/nios2-elf/4.1.2/../../../../nios2-elf/lib/libc.a(lib_a-makebuf.o)
 .bss           0x0081e3c4       0x28 /OPT/altera/12.1/nios2eds/bin/gnu/H-i686-pc-linux-gnu/bin/../lib/gcc/nios2-elf/4.1.2/../../../../nios2-elf/lib/libc.a(lib_a-mallocr.o)
                0x0081e3c4                __malloc_current_mallinfo
 .bss           0x0081e3ec        0x0 /OPT/altera/12.1/nios2eds/bin/gnu/H-i686-pc-linux-gnu/bin/../lib/gcc/nios2-elf/4.1.2/../../../../nios2-elf/lib/libc.a(lib_a-memchr.o)
 .bss           0x0081e3ec        0x0 /OPT/altera/12.1/nios2eds/bin/gnu/H-i686-pc-linux-gnu/bin/../lib/gcc/nios2-elf/4.1.2/../../../../nios2-elf/lib/libc.a(lib_a-memcpy.o)
 .bss           0x0081e3ec        0x0 /OPT/altera/12.1/nios2eds/bin/gnu/H-i686-pc-linux-gnu/bin/../lib/gcc/nios2-elf/4.1.2/../../../../nios2-elf/lib/libc.a(lib_a-memmove.o)
 .bss           0x0081e3ec        0x0 /OPT/altera/12.1/nios2eds/bin/gnu/H-i686-pc-linux-gnu/bin/../lib/gcc/nios2-elf/4.1.2/../../../../nios2-elf/lib/libc.a(lib_a-memset.o)
 .bss           0x0081e3ec        0x0 /OPT/altera/12.1/nios2eds/bin/gnu/H-i686-pc-linux-gnu/bin/../lib/gcc/nios2-elf/4.1.2/../../../../nios2-elf/lib/libc.a(lib_a-mprec.o)
 .bss           0x0081e3ec        0x0 /OPT/altera/12.1/nios2eds/bin/gnu/H-i686-pc-linux-gnu/bin/../lib/gcc/nios2-elf/4.1.2/../../../../nios2-elf/lib/libc.a(lib_a-reallocr.o)
 .bss           0x0081e3ec        0x0 /OPT/altera/12.1/nios2eds/bin/gnu/H-i686-pc-linux-gnu/bin/../lib/gcc/nios2-elf/4.1.2/../../../../nios2-elf/lib/libc.a(lib_a-s_isinfd.o)
 .bss           0x0081e3ec        0x0 /OPT/altera/12.1/nios2eds/bin/gnu/H-i686-pc-linux-gnu/bin/../lib/gcc/nios2-elf/4.1.2/../../../../nios2-elf/lib/libc.a(lib_a-sbrkr.o)
 .bss           0x0081e3ec        0x0 /OPT/altera/12.1/nios2eds/bin/gnu/H-i686-pc-linux-gnu/bin/../lib/gcc/nios2-elf/4.1.2/../../../../nios2-elf/lib/libc.a(lib_a-stdio.o)
 .bss           0x0081e3ec        0x0 /OPT/altera/12.1/nios2eds/bin/gnu/H-i686-pc-linux-gnu/bin/../lib/gcc/nios2-elf/4.1.2/../../../../nios2-elf/lib/libc.a(lib_a-strcmp.o)
 .bss           0x0081e3ec        0x0 /OPT/altera/12.1/nios2eds/bin/gnu/H-i686-pc-linux-gnu/bin/../lib/gcc/nios2-elf/4.1.2/../../../../nios2-elf/lib/libc.a(lib_a-writer.o)
 .bss           0x0081e3ec        0x0 /OPT/altera/12.1/nios2eds/bin/gnu/H-i686-pc-linux-gnu/bin/../lib/gcc/nios2-elf/4.1.2/../../../../nios2-elf/lib/libc.a(lib_a-callocr.o)
 .bss           0x0081e3ec        0x0 /OPT/altera/12.1/nios2eds/bin/gnu/H-i686-pc-linux-gnu/bin/../lib/gcc/nios2-elf/4.1.2/../../../../nios2-elf/lib/libc.a(lib_a-closer.o)
 .bss           0x0081e3ec        0x0 /OPT/altera/12.1/nios2eds/bin/gnu/H-i686-pc-linux-gnu/bin/../lib/gcc/nios2-elf/4.1.2/../../../../nios2-elf/lib/libc.a(lib_a-fclose.o)
 .bss           0x0081e3ec        0x0 /OPT/altera/12.1/nios2eds/bin/gnu/H-i686-pc-linux-gnu/bin/../lib/gcc/nios2-elf/4.1.2/../../../../nios2-elf/lib/libc.a(lib_a-fstatr.o)
 .bss           0x0081e3ec        0x0 /OPT/altera/12.1/nios2eds/bin/gnu/H-i686-pc-linux-gnu/bin/../lib/gcc/nios2-elf/4.1.2/../../../../nios2-elf/lib/libc.a(lib_a-int_errno.o)
 .bss           0x0081e3ec        0x0 /OPT/altera/12.1/nios2eds/bin/gnu/H-i686-pc-linux-gnu/bin/../lib/gcc/nios2-elf/4.1.2/../../../../nios2-elf/lib/libc.a(lib_a-isattyr.o)
 .bss           0x0081e3ec        0x0 /OPT/altera/12.1/nios2eds/bin/gnu/H-i686-pc-linux-gnu/bin/../lib/gcc/nios2-elf/4.1.2/../../../../nios2-elf/lib/libc.a(lib_a-lseekr.o)
 .bss           0x0081e3ec        0x0 /OPT/altera/12.1/nios2eds/bin/gnu/H-i686-pc-linux-gnu/bin/../lib/gcc/nios2-elf/4.1.2/../../../../nios2-elf/lib/libc.a(lib_a-readr.o)
 .bss           0x0081e3ec        0x0 /OPT/altera/12.1/nios2eds/bin/gnu/H-i686-pc-linux-gnu/bin/../lib/gcc/nios2-elf/4.1.2/libgcc.a(_udivdi3.o)
 .bss           0x0081e3ec        0x0 /OPT/altera/12.1/nios2eds/bin/gnu/H-i686-pc-linux-gnu/bin/../lib/gcc/nios2-elf/4.1.2/libgcc.a(_umoddi3.o)
 .bss           0x0081e3ec        0x0 /OPT/altera/12.1/nios2eds/bin/gnu/H-i686-pc-linux-gnu/bin/../lib/gcc/nios2-elf/4.1.2/libgcc.a(_ge_df.o)
 .bss           0x0081e3ec        0x0 /OPT/altera/12.1/nios2eds/bin/gnu/H-i686-pc-linux-gnu/bin/../lib/gcc/nios2-elf/4.1.2/libgcc.a(_df_to_si.o)
 .bss           0x0081e3ec        0x0 /OPT/altera/12.1/nios2eds/bin/gnu/H-i686-pc-linux-gnu/bin/../lib/gcc/nios2-elf/4.1.2/libgcc.a(_usi_to_df.o)
 .bss           0x0081e3ec        0x0 ../NonVolatile_V1_bsp//libucosii_bsp.a(alt_close.o)
 .bss           0x0081e3ec        0x0 ../NonVolatile_V1_bsp//libucosii_bsp.a(alt_dev.o)
 .bss           0x0081e3ec        0x0 ../NonVolatile_V1_bsp//libucosii_bsp.a(alt_errno.o)
 .bss           0x0081e3ec        0x0 ../NonVolatile_V1_bsp//libucosii_bsp.a(alt_fstat.o)
 .bss           0x0081e3ec        0x0 ../NonVolatile_V1_bsp//libucosii_bsp.a(alt_irq_register.o)
 .bss           0x0081e3ec        0x0 ../NonVolatile_V1_bsp//libucosii_bsp.a(alt_irq_vars.o)
 .bss           0x0081e3ec        0x0 ../NonVolatile_V1_bsp//libucosii_bsp.a(alt_isatty.o)
 .bss           0x0081e3ec        0x0 ../NonVolatile_V1_bsp//libucosii_bsp.a(alt_lseek.o)
 .bss           0x0081e3ec        0x0 ../NonVolatile_V1_bsp//libucosii_bsp.a(alt_main.o)
 .bss           0x0081e3ec        0x0 ../NonVolatile_V1_bsp//libucosii_bsp.a(alt_read.o)
 .bss           0x0081e3ec        0x0 ../NonVolatile_V1_bsp//libucosii_bsp.a(alt_release_fd.o)
 .bss           0x0081e3ec        0x0 ../NonVolatile_V1_bsp//libucosii_bsp.a(alt_sbrk.o)
 .bss           0x0081e3ec        0x0 ../NonVolatile_V1_bsp//libucosii_bsp.a(alt_usleep.o)
 .bss           0x0081e3ec        0x0 ../NonVolatile_V1_bsp//libucosii_bsp.a(alt_write.o)
 .bss           0x0081e3ec        0x0 ../NonVolatile_V1_bsp//libucosii_bsp.a(alt_env_lock.o)
 .bss           0x0081e3ec        0x0 ../NonVolatile_V1_bsp//libucosii_bsp.a(alt_malloc_lock.o)
 .bss           0x0081e3ec        0x0 ../NonVolatile_V1_bsp//libucosii_bsp.a(os_core.o)
 .bss           0x0081e3ec        0x0 ../NonVolatile_V1_bsp//libucosii_bsp.a(os_dbg.o)
 .bss           0x0081e3ec        0x0 ../NonVolatile_V1_bsp//libucosii_bsp.a(os_flag.o)
 .bss           0x0081e3ec        0x0 ../NonVolatile_V1_bsp//libucosii_bsp.a(os_mem.o)
 .bss           0x0081e3ec        0x0 ../NonVolatile_V1_bsp//libucosii_bsp.a(os_q.o)
 .bss           0x0081e3ec        0x0 ../NonVolatile_V1_bsp//libucosii_bsp.a(os_sem.o)
 .bss           0x0081e3ec        0x0 ../NonVolatile_V1_bsp//libucosii_bsp.a(os_task.o)
 .bss           0x0081e3ec        0x0 ../NonVolatile_V1_bsp//libucosii_bsp.a(os_time.o)
 .bss           0x0081e3ec        0x0 ../NonVolatile_V1_bsp//libucosii_bsp.a(alt_sys_init.o)
 .bss           0x0081e3ec        0x0 ../NonVolatile_V1_bsp//libucosii_bsp.a(altera_avalon_jtag_uart_fd.o)
 .bss           0x0081e3ec        0x0 ../NonVolatile_V1_bsp//libucosii_bsp.a(altera_avalon_jtag_uart_init.o)
 .bss           0x0081e3ec        0x0 ../NonVolatile_V1_bsp//libucosii_bsp.a(altera_avalon_jtag_uart_ioctl.o)
 .bss           0x0081e3ec        0x0 ../NonVolatile_V1_bsp//libucosii_bsp.a(altera_avalon_jtag_uart_read.o)
 .bss           0x0081e3ec        0x0 ../NonVolatile_V1_bsp//libucosii_bsp.a(altera_avalon_jtag_uart_write.o)