Archive member included because of file (symbol)

/OPT/altera/12.1/nios2eds/bin/gnu/H-i686-pc-linux-gnu/bin/../lib/gcc/nios2-elf/4.1.2/../../../../nios2-elf/lib/libm.a(lib_a-s_sin.o)
                              obj/default/hello_ucosii.o (sin)
/OPT/altera/12.1/nios2eds/bin/gnu/H-i686-pc-linux-gnu/bin/../lib/gcc/nios2-elf/4.1.2/../../../../nios2-elf/lib/libm.a(lib_a-e_rem_pio2.o)
                              /OPT/altera/12.1/nios2eds/bin/gnu/H-i686-pc-linux-gnu/bin/../lib/gcc/nios2-elf/4.1.2/../../../../nios2-elf/lib/libm.a(lib_a-s_sin.o) (__ieee754_rem_pio2)
/OPT/altera/12.1/nios2eds/bin/gnu/H-i686-pc-linux-gnu/bin/../lib/gcc/nios2-elf/4.1.2/../../../../nios2-elf/lib/libm.a(lib_a-k_cos.o)
                              /OPT/altera/12.1/nios2eds/bin/gnu/H-i686-pc-linux-gnu/bin/../lib/gcc/nios2-elf/4.1.2/../../../../nios2-elf/lib/libm.a(lib_a-s_sin.o) (__kernel_cos)
/OPT/altera/12.1/nios2eds/bin/gnu/H-i686-pc-linux-gnu/bin/../lib/gcc/nios2-elf/4.1.2/../../../../nios2-elf/lib/libm.a(lib_a-k_rem_pio2.o)
                              /OPT/altera/12.1/nios2eds/bin/gnu/H-i686-pc-linux-gnu/bin/../lib/gcc/nios2-elf/4.1.2/../../../../nios2-elf/lib/libm.a(lib_a-e_rem_pio2.o) (__kernel_rem_pio2)
/OPT/altera/12.1/nios2eds/bin/gnu/H-i686-pc-linux-gnu/bin/../lib/gcc/nios2-elf/4.1.2/../../../../nios2-elf/lib/libm.a(lib_a-k_sin.o)
                              /OPT/altera/12.1/nios2eds/bin/gnu/H-i686-pc-linux-gnu/bin/../lib/gcc/nios2-elf/4.1.2/../../../../nios2-elf/lib/libm.a(lib_a-s_sin.o) (__kernel_sin)
/OPT/altera/12.1/nios2eds/bin/gnu/H-i686-pc-linux-gnu/bin/../lib/gcc/nios2-elf/4.1.2/../../../../nios2-elf/lib/libm.a(lib_a-s_fabs.o)
                              /OPT/altera/12.1/nios2eds/bin/gnu/H-i686-pc-linux-gnu/bin/../lib/gcc/nios2-elf/4.1.2/../../../../nios2-elf/lib/libm.a(lib_a-e_rem_pio2.o) (fabs)
/OPT/altera/12.1/nios2eds/bin/gnu/H-i686-pc-linux-gnu/bin/../lib/gcc/nios2-elf/4.1.2/../../../../nios2-elf/lib/libm.a(lib_a-s_floor.o)
                              /OPT/altera/12.1/nios2eds/bin/gnu/H-i686-pc-linux-gnu/bin/../lib/gcc/nios2-elf/4.1.2/../../../../nios2-elf/lib/libm.a(lib_a-k_rem_pio2.o) (floor)
/OPT/altera/12.1/nios2eds/bin/gnu/H-i686-pc-linux-gnu/bin/../lib/gcc/nios2-elf/4.1.2/../../../../nios2-elf/lib/libm.a(lib_a-s_scalbn.o)
                              /OPT/altera/12.1/nios2eds/bin/gnu/H-i686-pc-linux-gnu/bin/../lib/gcc/nios2-elf/4.1.2/../../../../nios2-elf/lib/libm.a(lib_a-k_rem_pio2.o) (scalbn)
/OPT/altera/12.1/nios2eds/bin/gnu/H-i686-pc-linux-gnu/bin/../lib/gcc/nios2-elf/4.1.2/../../../../nios2-elf/lib/libm.a(lib_a-s_copysign.o)
                              /OPT/altera/12.1/nios2eds/bin/gnu/H-i686-pc-linux-gnu/bin/../lib/gcc/nios2-elf/4.1.2/../../../../nios2-elf/lib/libm.a(lib_a-s_scalbn.o) (copysign)
/OPT/altera/12.1/nios2eds/bin/gnu/H-i686-pc-linux-gnu/bin/../lib/gcc/nios2-elf/4.1.2/libgcc.a(_fixunsdfsi.o)
                              obj/default/hello_ucosii.o (__fixunsdfsi)
/OPT/altera/12.1/nios2eds/bin/gnu/H-i686-pc-linux-gnu/bin/../lib/gcc/nios2-elf/4.1.2/libgcc.a(_addsub_df.o)
                              /OPT/altera/12.1/nios2eds/bin/gnu/H-i686-pc-linux-gnu/bin/../lib/gcc/nios2-elf/4.1.2/../../../../nios2-elf/lib/libm.a(lib_a-s_sin.o) (__subdf3)
/OPT/altera/12.1/nios2eds/bin/gnu/H-i686-pc-linux-gnu/bin/../lib/gcc/nios2-elf/4.1.2/libgcc.a(_mul_df.o)
                              obj/default/hello_ucosii.o (__muldf3)
/OPT/altera/12.1/nios2eds/bin/gnu/H-i686-pc-linux-gnu/bin/../lib/gcc/nios2-elf/4.1.2/libgcc.a(_div_df.o)
                              obj/default/hello_ucosii.o (__divdf3)
/OPT/altera/12.1/nios2eds/bin/gnu/H-i686-pc-linux-gnu/bin/../lib/gcc/nios2-elf/4.1.2/libgcc.a(_eq_df.o)
                              /OPT/altera/12.1/nios2eds/bin/gnu/H-i686-pc-linux-gnu/bin/../lib/gcc/nios2-elf/4.1.2/../../../../nios2-elf/lib/libm.a(lib_a-e_rem_pio2.o) (__eqdf2)
/OPT/altera/12.1/nios2eds/bin/gnu/H-i686-pc-linux-gnu/bin/../lib/gcc/nios2-elf/4.1.2/libgcc.a(_gt_df.o)
                              /OPT/altera/12.1/nios2eds/bin/gnu/H-i686-pc-linux-gnu/bin/../lib/gcc/nios2-elf/4.1.2/../../../../nios2-elf/lib/libm.a(lib_a-s_floor.o) (__gtdf2)
/OPT/altera/12.1/nios2eds/bin/gnu/H-i686-pc-linux-gnu/bin/../lib/gcc/nios2-elf/4.1.2/libgcc.a(_ge_df.o)
                              /OPT/altera/12.1/nios2eds/bin/gnu/H-i686-pc-linux-gnu/bin/../lib/gcc/nios2-elf/4.1.2/../../../../nios2-elf/lib/libm.a(lib_a-k_rem_pio2.o) (__gedf2)
/OPT/altera/12.1/nios2eds/bin/gnu/H-i686-pc-linux-gnu/bin/../lib/gcc/nios2-elf/4.1.2/libgcc.a(_si_to_df.o)
                              obj/default/hello_ucosii.o (__floatsidf)
/OPT/altera/12.1/nios2eds/bin/gnu/H-i686-pc-linux-gnu/bin/../lib/gcc/nios2-elf/4.1.2/libgcc.a(_df_to_si.o)
                              /OPT/altera/12.1/nios2eds/bin/gnu/H-i686-pc-linux-gnu/bin/../lib/gcc/nios2-elf/4.1.2/../../../../nios2-elf/lib/libm.a(lib_a-e_rem_pio2.o) (__fixdfsi)
/OPT/altera/12.1/nios2eds/bin/gnu/H-i686-pc-linux-gnu/bin/../lib/gcc/nios2-elf/4.1.2/libgcc.a(_thenan_df.o)
[...]
Memory Configuration

Name             Origin             Length             Attributes
sdram_0          0x00800000         0x00800000
sram_0           0x01080000         0x00080000
reset            0x01104000         0x00000020
onchip_memory2_0 0x01104020         0x00003fe0
*default*        0x00000000         0xffffffff

Linker script and memory map

LOAD ../audioTest_bsp//obj/HAL/src/crt0.o
LOAD obj/default/hello_ucosii.o
LOAD /OPT/altera/12.1/nios2eds/bin/gnu/H-i686-pc-linux-gnu/bin/../lib/gcc/nios2-elf/4.1.2/../../../../nios2-elf/lib/libstdc++.a
LOAD /OPT/altera/12.1/nios2eds/bin/gnu/H-i686-pc-linux-gnu/bin/../lib/gcc/nios2-elf/4.1.2/../../../../nios2-elf/lib/libm.a
LOAD /OPT/altera/12.1/nios2eds/bin/gnu/H-i686-pc-linux-gnu/bin/../lib/gcc/nios2-elf/4.1.2/libgcc.a
START GROUP
LOAD /OPT/altera/12.1/nios2eds/bin/gnu/H-i686-pc-linux-gnu/bin/../lib/gcc/nios2-elf/4.1.2/../../../../nios2-elf/lib/libc.a
LOAD /OPT/altera/12.1/nios2eds/bin/gnu/H-i686-pc-linux-gnu/bin/../lib/gcc/nios2-elf/4.1.2/libgcc.a
LOAD ../audioTest_bsp//libucosii_bsp.a
END GROUP
LOAD /OPT/altera/12.1/nios2eds/bin/gnu/H-i686-pc-linux-gnu/bin/../lib/gcc/nios2-elf/4.1.2/libgcc.a
                0x00800000                __alt_mem_sdram_0 = 0x800000
                0x01080000                __alt_mem_sram_0 = 0x1080000
                0x01104000                __alt_mem_onchip_memory2_0 = 0x1104000

.entry          0x01104000       0x20
 *(.entry)
 .entry         0x01104000       0x20 ../audioTest_bsp//obj/HAL/src/crt0.o
                0x01104000                __reset

.exceptions     0x01104020      0x1a0 load address 0x00800000
                0x01104020                PROVIDE (__ram_exceptions_start, ABSOLUTE (.))
                0x01104020                . = ALIGN (0x20)
 *(.irq)
 *(.exceptions.entry.label)
 .exceptions.entry.label
                0x01104020        0x0 ../audioTest_bsp//libucosii_bsp.a(alt_irq_entry.o)
                0x01104020                alt_irq_entry
 .exceptions.entry.label
                0x01104020        0x0 ../audioTest_bsp//libucosii_bsp.a(alt_exception_entry.o)
                0x01104020                alt_exception
 *(.exceptions.entry.user)
 *(.exceptions.entry)
 .exceptions.entry
                0x01104020       0x54 ../audioTest_bsp//libucosii_bsp.a(alt_exception_entry.o)
 *(.exceptions.irqtest.user)
 *(.exceptions.irqtest)
 .exceptions.irqtest
                0x01104074       0x10 ../audioTest_bsp//libucosii_bsp.a(alt_irq_entry.o)
 *(.exceptions.irqhandler.user)
 *(.exceptions.irqhandler)
 .exceptions.irqhandler
                0x01104084        0x4 ../audioTest_bsp//libucosii_bsp.a(alt_irq_entry.o)
 *(.exceptions.irqreturn.user)
 *(.exceptions.irqreturn)
 .exceptions.irqreturn
                0x01104088        0x4 ../audioTest_bsp//libucosii_bsp.a(alt_irq_entry.o)
 *(.exceptions.notirq.label)
 .exceptions.notirq.label
                0x0110408c        0x0 ../audioTest_bsp//libucosii_bsp.a(alt_irq_entry.o)
 *(.exceptions.notirq.user)
 *(.exceptions.notirq)
 .exceptions.notirq
                0x0110408c        0x8 ../audioTest_bsp//libucosii_bsp.a(alt_exception_entry.o)
 *(.exceptions.soft.user)
 *(.exceptions.soft)
 *(.exceptions.unknown.user)
 *(.exceptions.unknown)
 .exceptions.unknown
                0x01104094        0x4 ../audioTest_bsp//libucosii_bsp.a(alt_exception_entry.o)
 *(.exceptions.exit.label)
 .exceptions.exit.label
                0x01104098        0x0 ../audioTest_bsp//libucosii_bsp.a(alt_irq_entry.o)
 .exceptions.exit.label
                0x01104098        0x0 ../audioTest_bsp//libucosii_bsp.a(alt_exception_entry.o)
 *(.exceptions.exit.user)
 *(.exceptions.exit)
 .exceptions.exit
                0x01104098       0x54 ../audioTest_bsp//libucosii_bsp.a(alt_exception_entry.o)
 *(.exceptions)
 .exceptions    0x011040ec       0xd4 ../audioTest_bsp//libucosii_bsp.a(alt_irq_handler.o)
                0x011040ec                alt_irq_handler
                0x011041c0                PROVIDE (__ram_exceptions_end, ABSOLUTE (.))
                0x00800000                PROVIDE (__flash_exceptions_start, LOADADDR (.exceptions))

.text           0x008001a0    0x13364
                0x008001a0                PROVIDE (stext, ABSOLUTE (.))
 *(.interp)
 *(.hash)
 *(.dynsym)
 *(.dynstr)
 *(.gnu.version)
 *(.gnu.version_d)
 *(.gnu.version_r)
 *(.rel.init)
 *(.rela.init)
 *(.rel.text .rel.text.* .rel.gnu.linkonce.t.*)
 *(.rela.text .rela.text.* .rela.gnu.linkonce.t.*)
 *(.rel.fini)
 *(.rela.fini)
 *(.rel.rodata .rel.rodata.* .rel.gnu.linkonce.r.*)
 *(.rela.rodata .rela.rodata.* .rela.gnu.linkonce.r.*)
 *(.rel.data .rel.data.* .rel.gnu.linkonce.d.*)
 *(.rela.data .rela.data.* .rela.gnu.linkonce.d.*)
 *(.rel.tdata .rel.tdata.* .rel.gnu.linkonce.td.*)
 *(.rela.tdata .rela.tdata.* .rela.gnu.linkonce.td.*)
 *(.rel.tbss .rel.tbss.* .rel.gnu.linkonce.tb.*)
 *(.rela.tbss .rela.tbss.* .rela.gnu.linkonce.tb.*)
 *(.rel.ctors)
 *(.rela.ctors)
 *(.rel.dtors)
 *(.rela.dtors)
 *(.rel.got)
 *(.rela.got)
 *(.rel.sdata .rel.sdata.* .rel.gnu.linkonce.s.*)
 *(.rela.sdata .rela.sdata.* .rela.gnu.linkonce.s.*)
 *(.rel.sbss .rel.sbss.* .rel.gnu.linkonce.sb.*)
 *(.rela.sbss .rela.sbss.* .rela.gnu.linkonce.sb.*)
 *(.rel.sdata2 .rel.sdata2.* .rel.gnu.linkonce.s2.*)
 *(.rela.sdata2 .rela.sdata2.* .rela.gnu.linkonce.s2.*)
 *(.rel.sbss2 .rel.sbss2.* .rel.gnu.linkonce.sb2.*)
 *(.rela.sbss2 .rela.sbss2.* .rela.gnu.linkonce.sb2.*)
 *(.rel.bss .rel.bss.* .rel.gnu.linkonce.b.*)
 *(.rela.bss .rela.bss.* .rela.gnu.linkonce.b.*)
 *(.rel.plt)
 *(.rela.plt)
 *(.rel.dyn)
 *(.init)
 *(.plt)
 *(.text .stub .text.* .gnu.linkonce.t.*)
 .text          0x008001a0       0x4c ../audioTest_bsp//obj/HAL/src/crt0.o
                0x008001a0                _start
 .text          0x008001ec      0x2b4 obj/default/hello_ucosii.o
                0x008001ec                task1
                0x00800434                main
 .text          0x008004a0      0x16c /OPT/altera/12.1/nios2eds/bin/gnu/H-i686-pc-linux-gnu/bin/../lib/gcc/nios2-elf/4.1.2/../../../../nios2-elf/lib/libm.a(lib_a-s_sin.o)
                0x008004a0                sin
 .text          0x0080060c      0x828 /OPT/altera/12.1/nios2eds/bin/gnu/H-i686-pc-linux-gnu/bin/../lib/gcc/nios2-elf/4.1.2/../../../../nios2-elf/lib/libm.a(lib_a-e_rem_pio2.o)
                0x0080060c                __ieee754_rem_pio2
 .text          0x00800e34      0x52c /OPT/altera/12.1/nios2eds/bin/gnu/H-i686-pc-linux-gnu/bin/../lib/gcc/nios2-elf/4.1.2/../../../../nios2-elf/lib/libm.a(lib_a-k_cos.o)
                0x00800e34                __kernel_cos
 .text          0x00801360      0xe7c /OPT/altera/12.1/nios2eds/bin/gnu/H-i686-pc-linux-gnu/bin/../lib/gcc/nios2-elf/4.1.2/../../../../nios2-elf/lib/libm.a(lib_a-k_rem_pio2.o)
                0x00801360                __kernel_rem_pio2
 .text          0x008021dc      0x318 /OPT/altera/12.1/nios2eds/bin/gnu/H-i686-pc-linux-gnu/bin/../lib/gcc/nios2-elf/4.1.2/../../../../nios2-elf/lib/libm.a(lib_a-k_sin.o)
                0x008021dc                __kernel_sin
 .text          0x008024f4       0x18 /OPT/altera/12.1/nios2eds/bin/gnu/H-i686-pc-linux-gnu/bin/../lib/gcc/nios2-elf/4.1.2/../../../../nios2-elf/lib/libm.a(lib_a-s_fabs.o)
                0x008024f4                fabs
 .text          0x0080250c      0x224 /OPT/altera/12.1/nios2eds/bin/gnu/H-i686-pc-linux-gnu/bin/../lib/gcc/nios2-elf/4.1.2/../../../../nios2-elf/lib/libm.a(lib_a-s_floor.o)
                0x0080250c                floor
 .text          0x00802730      0x1e0 /OPT/altera/12.1/nios2eds/bin/gnu/H-i686-pc-linux-gnu/bin/../lib/gcc/nios2-elf/4.1.2/../../../../nios2-elf/lib/libm.a(lib_a-s_scalbn.o)
                0x00802730                scalbn
 .text          0x00802910       0x24 /OPT/altera/12.1/nios2eds/bin/gnu/H-i686-pc-linux-gnu/bin/../lib/gcc/nios2-elf/4.1.2/../../../../nios2-elf/lib/libm.a(lib_a-s_copysign.o)
                0x00802910                copysign
 .text          0x00802934       0xa4 /OPT/altera/12.1/nios2eds/bin/gnu/H-i686-pc-linux-gnu/bin/../lib/gcc/nios2-elf/4.1.2/libgcc.a(_fixunsdfsi.o)
                0x00802934                __fixunsdfsi
 .text          0x008029d8      0x504 /OPT/altera/12.1/nios2eds/bin/gnu/H-i686-pc-linux-gnu/bin/../lib/gcc/nios2-elf/4.1.2/libgcc.a(_addsub_df.o)
                0x00802de8                __subdf3
                0x00802e68                __adddf3
 .text          0x00802edc      0x3c4 /OPT/altera/12.1/nios2eds/bin/gnu/H-i686-pc-linux-gnu/bin/../lib/gcc/nios2-elf/4.1.2/libgcc.a(_mul_df.o)
                0x00802edc                __muldf3
 .text          0x008032a0      0x258 /OPT/altera/12.1/nios2eds/bin/gnu/H-i686-pc-linux-gnu/bin/../lib/gcc/nios2-elf/4.1.2/libgcc.a(_div_df.o)
                0x008032a0                __divdf3
 .text          0x008034f8       0x88 /OPT/altera/12.1/nios2eds/bin/gnu/H-i686-pc-linux-gnu/bin/../lib/gcc/nios2-elf/4.1.2/libgcc.a(_eq_df.o)
                0x008034f8                __eqdf2
 .text          0x00803580       0x88 /OPT/altera/12.1/nios2eds/bin/gnu/H-i686-pc-linux-gnu/bin/../lib/gcc/nios2-elf/4.1.2/libgcc.a(_gt_df.o)
                0x00803580                __gtdf2
 .text          0x00803608       0x88 /OPT/altera/12.1/nios2eds/bin/gnu/H-i686-pc-linux-gnu/bin/../lib/gcc/nios2-elf/4.1.2/libgcc.a(_ge_df.o)
                0x00803608                __gedf2
 .text          0x00803690       0xf8 /OPT/altera/12.1/nios2eds/bin/gnu/H-i686-pc-linux-gnu/bin/../lib/gcc/nios2-elf/4.1.2/libgcc.a(_si_to_df.o)
                0x00803690                __floatsidf
 .text          0x00803788       0xd8 /OPT/altera/12.1/nios2eds/bin/gnu/H-i686-pc-linux-gnu/bin/../lib/gcc/nios2-elf/4.1.2/libgcc.a(_df_to_si.o)
                0x00803788                __fixdfsi
 .text          0x00803860        0x0 /OPT/altera/12.1/nios2eds/bin/gnu/H-i686-pc-linux-gnu/bin/../lib/gcc/nios2-elf/4.1.2/libgcc.a(_thenan_df.o)
 .text          0x00803860      0x14c /OPT/altera/12.1/nios2eds/bin/gnu/H-i686-pc-linux-gnu/bin/../lib/gcc/nios2-elf/4.1.2/libgcc.a(lib2-divmod.o)
                0x008038dc                __divsi3
                0x0080393c                __modsi3
                0x0080399c                __udivsi3
                0x008039a4                __umodsi3
 .text          0x008039ac       0x98 /OPT/altera/12.1/nios2eds/bin/gnu/H-i686-pc-linux-gnu/bin/../lib/gcc/nios2-elf/4.1.2/libgcc.a(_muldi3.o)
                0x008039ac                __muldi3
 .text          0x00803a44       0x80 /OPT/altera/12.1/nios2eds/bin/gnu/H-i686-pc-linux-gnu/bin/../lib/gcc/nios2-elf/4.1.2/libgcc.a(_clzsi2.o)
                0x00803a44                __clzsi2
 .text          0x00803ac4      0x314 /OPT/altera/12.1/nios2eds/bin/gnu/H-i686-pc-linux-gnu/bin/../lib/gcc/nios2-elf/4.1.2/libgcc.a(_pack_df.o)
                0x00803ac4                __pack_d
 .text          0x00803dd8      0x138 /OPT/altera/12.1/nios2eds/bin/gnu/H-i686-pc-linux-gnu/bin/../lib/gcc/nios2-elf/4.1.2/libgcc.a(_unpack_df.o)
                0x00803dd8                __unpack_d
 .text          0x00803f10       0xc8 /OPT/altera/12.1/nios2eds/bin/gnu/H-i686-pc-linux-gnu/bin/../lib/gcc/nios2-elf/4.1.2/libgcc.a(_fpcmp_parts_df.o)
                0x00803f10                __fpcmp_parts_d
 .text          0x00803fd8        0x0 /OPT/altera/12.1/nios2eds/bin/gnu/H-i686-pc-linux-gnu/bin/../lib/gcc/nios2-elf/4.1.2/libgcc.a(_clz.o)
 .text          0x00803fd8       0xb4 /OPT/altera/12.1/nios2eds/bin/gnu/H-i686-pc-linux-gnu/bin/../lib/gcc/nios2-elf/4.1.2/../../../../nios2-elf/lib/libc.a(lib_a-puts.o)
                0x00803fd8                _puts_r
                0x00804078                puts
 .text          0x0080408c       0x74 /OPT/altera/12.1/nios2eds/bin/gnu/H-i686-pc-linux-gnu/bin/../lib/gcc/nios2-elf/4.1.2/../../../../nios2-elf/lib/libc.a(lib_a-strlen.o)
                0x0080408c                strlen
 .text          0x00804100      0x49c /OPT/altera/12.1/nios2eds/bin/gnu/H-i686-pc-linux-gnu/bin/../lib/gcc/nios2-elf/4.1.2/../../../../nios2-elf/lib/libc.a(lib_a-fvwrite.o)
                0x00804100                __sfvwrite_r
 .text          0x0080459c        0x0 /OPT/altera/12.1/nios2eds/bin/gnu/H-i686-pc-linux-gnu/bin/../lib/gcc/nios2-elf/4.1.2/../../../../nios2-elf/lib/libc.a(lib_a-impure.o)
 .text          0x0080459c      0x740 /OPT/altera/12.1/nios2eds/bin/gnu/H-i686-pc-linux-gnu/bin/../lib/gcc/nios2-elf/4.1.2/../../../../nios2-elf/lib/libc.a(lib_a-mallocr.o)
                0x0080459c                _malloc_r
 .text          0x00804cdc       0xe4 /OPT/altera/12.1/nios2eds/bin/gnu/H-i686-pc-linux-gnu/bin/../lib/gcc/nios2-elf/4.1.2/../../../../nios2-elf/lib/libc.a(lib_a-memchr.o)
                0x00804cdc                memchr
 .text          0x00804dc0       0xa0 /OPT/altera/12.1/nios2eds/bin/gnu/H-i686-pc-linux-gnu/bin/../lib/gcc/nios2-elf/4.1.2/../../../../nios2-elf/lib/libc.a(lib_a-memcpy.o)
                0x00804dc0                memcpy
 .text          0x00804e60       0xe0 /OPT/altera/12.1/nios2eds/bin/gnu/H-i686-pc-linux-gnu/bin/../lib/gcc/nios2-elf/4.1.2/../../../../nios2-elf/lib/libc.a(lib_a-memmove.o)
                0x00804e60                memmove
 .text          0x00804f40      0x5f4 /OPT/altera/12.1/nios2eds/bin/gnu/H-i686-pc-linux-gnu/bin/../lib/gcc/nios2-elf/4.1.2/../../../../nios2-elf/lib/libc.a(lib_a-reallocr.o)
                0x00804f40                _realloc_r
 .text          0x00805534       0x70 /OPT/altera/12.1/nios2eds/bin/gnu/H-i686-pc-linux-gnu/bin/../lib/gcc/nios2-elf/4.1.2/../../../../nios2-elf/lib/libc.a(lib_a-sbrkr.o)
                0x00805534                _sbrk_r
 .text          0x008055a4      0x13c /OPT/altera/12.1/nios2eds/bin/gnu/H-i686-pc-linux-gnu/bin/../lib/gcc/nios2-elf/4.1.2/../../../../nios2-elf/lib/libc.a(lib_a-wsetup.o)
                0x008055a4                __swsetup_r
 .text          0x008056e0      0x230 /OPT/altera/12.1/nios2eds/bin/gnu/H-i686-pc-linux-gnu/bin/../lib/gcc/nios2-elf/4.1.2/../../../../nios2-elf/lib/libc.a(lib_a-fflush.o)
                0x008056e0                _fflush_r
                0x008058dc                fflush
 .text          0x00805910      0x2c0 /OPT/altera/12.1/nios2eds/bin/gnu/H-i686-pc-linux-gnu/bin/../lib/gcc/nios2-elf/4.1.2/../../../../nios2-elf/lib/libc.a(lib_a-findfp.o)
                0x00805968                __sfp_lock_acquire
                0x0080596c                __sfp_lock_release
                0x00805970                __sinit_lock_acquire
                0x00805974                __sinit_lock_release
                0x00805978                __sinit
                0x00805a2c                __fp_unlock_all
                0x00805a44                __fp_lock_all
                0x00805a5c                _cleanup_r
                0x00805a68                _cleanup
                0x00805a78                __sfmoreglue
                0x00805ae0                __sfp
 .text          0x00805bd0      0x440 /OPT/altera/12.1/nios2eds/bin/gnu/H-i686-pc-linux-gnu/bin/../lib/gcc/nios2-elf/4.1.2/../../../../nios2-elf/lib/libc.a(lib_a-freer.o)
                0x00805bd0                _malloc_trim_r
                0x00805cfc                _free_r
 .text          0x00806010      0x180 /OPT/altera/12.1/nios2eds/bin/gnu/H-i686-pc-linux-gnu/bin/../lib/gcc/nios2-elf/4.1.2/../../../../nios2-elf/lib/libc.a(lib_a-fwalk.o)
                0x00806010                _fwalk_reent
                0x008060d8                _fwalk
 .text          0x00806190        0x0 /OPT/altera/12.1/nios2eds/bin/gnu/H-i686-pc-linux-gnu/bin/../lib/gcc/nios2-elf/4.1.2/../../../../nios2-elf/lib/libc.a(lib_a-int_errno.o)
 .text          0x00806190      0x194 /OPT/altera/12.1/nios2eds/bin/gnu/H-i686-pc-linux-gnu/bin/../lib/gcc/nios2-elf/4.1.2/../../../../nios2-elf/lib/libc.a(lib_a-makebuf.o)
                0x00806190                __smakebuf_r
 .text          0x00806324       0x98 /OPT/altera/12.1/nios2eds/bin/gnu/H-i686-pc-linux-gnu/bin/../lib/gcc/nios2-elf/4.1.2/../../../../nios2-elf/lib/libc.a(lib_a-memset.o)
                0x00806324                memset
 .text          0x008063bc      0x14c /OPT/altera/12.1/nios2eds/bin/gnu/H-i686-pc-linux-gnu/bin/../lib/gcc/nios2-elf/4.1.2/../../../../nios2-elf/lib/libc.a(lib_a-stdio.o)
                0x008063bc                __sclose
                0x008063c4                __sseek
                0x0080642c                __swrite
                0x008064a8                __sread
 .text          0x00806508       0x78 /OPT/altera/12.1/nios2eds/bin/gnu/H-i686-pc-linux-gnu/bin/../lib/gcc/nios2-elf/4.1.2/../../../../nios2-elf/lib/libc.a(lib_a-writer.o)
                0x00806508                _write_r
 .text          0x00806580       0x70 /OPT/altera/12.1/nios2eds/bin/gnu/H-i686-pc-linux-gnu/bin/../lib/gcc/nios2-elf/4.1.2/../../../../nios2-elf/lib/libc.a(lib_a-closer.o)
                0x00806580                _close_r
 .text          0x008065f0      0x124 /OPT/altera/12.1/nios2eds/bin/gnu/H-i686-pc-linux-gnu/bin/../lib/gcc/nios2-elf/4.1.2/../../../../nios2-elf/lib/libc.a(lib_a-fclose.o)
                0x008065f0                _fclose_r
                0x00806700                fclose
 .text          0x00806714       0x74 /OPT/altera/12.1/nios2eds/bin/gnu/H-i686-pc-linux-gnu/bin/../lib/gcc/nios2-elf/4.1.2/../../../../nios2-elf/lib/libc.a(lib_a-fstatr.o)
                0x00806714                _fstat_r
 .text          0x00806788       0x70 /OPT/altera/12.1/nios2eds/bin/gnu/H-i686-pc-linux-gnu/bin/../lib/gcc/nios2-elf/4.1.2/../../../../nios2-elf/lib/libc.a(lib_a-isattyr.o)
                0x00806788                _isatty_r
 .text          0x008067f8       0x78 /OPT/altera/12.1/nios2eds/bin/gnu/H-i686-pc-linux-gnu/bin/../lib/gcc/nios2-elf/4.1.2/../../../../nios2-elf/lib/libc.a(lib_a-lseekr.o)
                0x008067f8                _lseek_r
 .text          0x00806870       0x78 /OPT/altera/12.1/nios2eds/bin/gnu/H-i686-pc-linux-gnu/bin/../lib/gcc/nios2-elf/4.1.2/../../../../nios2-elf/lib/libc.a(lib_a-readr.o)
                0x00806870                _read_r
 .text          0x008068e8      0x15c ../audioTest_bsp//libucosii_bsp.a(alt_close.o)
                0x008068e8                close
 .text          0x00806a44       0x2c ../audioTest_bsp//libucosii_bsp.a(alt_dev.o)
 .text          0x00806a70        0x0 ../audioTest_bsp//libucosii_bsp.a(alt_errno.o)
 .text          0x00806a70      0x134 ../audioTest_bsp//libucosii_bsp.a(alt_fstat.o)
                0x00806a70                fstat
 .text          0x00806ba4      0x120 ../audioTest_bsp//libucosii_bsp.a(alt_isatty.o)
                0x00806ba4                isatty
 .text          0x00806cc4       0xec ../audioTest_bsp//libucosii_bsp.a(alt_load.o)
                0x00806cc4                alt_load
 .text          0x00806db0      0x150 ../audioTest_bsp//libucosii_bsp.a(alt_lseek.o)
                0x00806db0                lseek
 .text          0x00806f00       0xc8 ../audioTest_bsp//libucosii_bsp.a(alt_main.o)
                0x00806f00                alt_main
 .text          0x00806fc8      0x180 ../audioTest_bsp//libucosii_bsp.a(alt_read.o)
                0x00806fc8                read
 .text          0x00807148       0x60 ../audioTest_bsp//libucosii_bsp.a(alt_release_fd.o)
                0x00807148                alt_release_fd
 .text          0x008071a8       0xbc ../audioTest_bsp//libucosii_bsp.a(alt_sbrk.o)
                0x008071a8                sbrk
 .text          0x00807264      0x180 ../audioTest_bsp//libucosii_bsp.a(alt_write.o)
                0x00807264                write
 .text          0x008073e4      0x108 ../audioTest_bsp//libucosii_bsp.a(alt_env_lock.o)
                0x008073e4                __env_lock
                0x00807490                __env_unlock
 .text          0x008074ec      0x1d8 ../audioTest_bsp//libucosii_bsp.a(alt_malloc_lock.o)
                0x008074ec                __malloc_lock
                0x008075f4                __malloc_unlock
 .text          0x008076c4     0x2128 ../audioTest_bsp//libucosii_bsp.a(os_core.o)
                0x008076c4                OSEventNameGet
                0x008077f4                OSEventNameSet
                0x00807938                OSEventPendMulti
                0x00807fec                OSInit
                0x00808040                OSIntEnter
                0x008080bc                OSIntExit
                0x008081bc                OSSchedLock
                0x00808248                OSSchedUnlock
                0x0080832c                OSStart
                0x0080839c                OSStatInit
                0x00808448                OSTimeTick
                0x00808688                OSVersion
                0x008086a8                OS_Dummy
                0x008086c4                OS_EventTaskRdy
                0x00808858                OS_EventTaskWait
                0x00808968                OS_EventTaskWaitMulti
                0x00808abc                OS_EventTaskRemove
                0x00808b74                OS_EventTaskRemoveMulti
                0x00808c78                OS_EventWaitListInit
                0x00809044                OS_MemClr
                0x00809098                OS_MemCopy
                0x00809104                OS_Sched
                0x00809248                OS_StrCopy
                0x008092c8                OS_StrLen
                0x00809320                OS_TaskIdle
                0x0080937c                OS_TaskStat
                0x00809444                OS_TaskStatStkChk
                0x0080950c                OS_TCBInit
 .text          0x008097ec      0x18c ../audioTest_bsp//libucosii_bsp.a(os_dbg.o)
                0x008097ec                OSDebugInit
 .text          0x00809978     0x193c ../audioTest_bsp//libucosii_bsp.a(os_flag.o)
                0x00809978                OSFlagAccept
                0x00809cac                OSFlagCreate
                0x00809de8                OSFlagDel
                0x0080a090                OSFlagNameGet
                0x0080a1d4                OSFlagNameSet
                0x0080a328                OSFlagPend
                0x0080a96c                OSFlagPendGetFlagsRdy
                0x0080a9d4                OSFlagPost
                0x0080ad7c                OSFlagQuery
                0x0080b014                OS_FlagInit
                0x0080b208                OS_FlagUnlink
 .text          0x0080b2b4      0x808 ../audioTest_bsp//libucosii_bsp.a(os_mem.o)
                0x0080b2b4                OSMemCreate
                0x0080b4d0                OSMemGet
                0x0080b5d4                OSMemNameGet
                0x0080b6e0                OSMemNameSet
                0x0080b800                OSMemPut
                0x0080b8f0                OSMemQuery
                0x0080b9ec                OS_MemInit
 .text          0x0080babc     0x1334 ../audioTest_bsp//libucosii_bsp.a(os_q.o)
                0x0080babc                OSQAccept
                0x0080bc10                OSQCreate
                0x0080be24                OSQDel
                0x0080c124                OSQFlush
                0x0080c1ec                OSQPend
                0x0080c50c                OSQPendAbort
                0x0080c688                OSQPost
                0x0080c808                OSQPostFront
                0x0080c990                OSQPostOpt
                0x0080cbc4                OSQQuery
                0x0080cd44                OS_QInit
 .text          0x0080cdf0      0xbc8 ../audioTest_bsp//libucosii_bsp.a(os_sem.o)
                0x0080cdf0                OSSemAccept
                0x0080ceb0                OSSemCreate
                0x0080cfc4                OSSemDel
                0x0080d264                OSSemPend
                0x0080d4e0                OSSemPendAbort
                0x0080d65c                OSSemPost
                0x0080d784                OSSemQuery
                0x0080d8b4                OSSemSet
 .text          0x0080d9b8     0x1a40 ../audioTest_bsp//libucosii_bsp.a(os_task.o)
                0x0080d9b8                OSTaskChangePrio
                0x0080df2c                OSTaskCreate
                0x0080e100                OSTaskCreateExt
                0x0080e300                OSTaskDel
                0x0080e70c                OSTaskDelReq
                0x0080e87c                OSTaskNameGet
                0x0080ea34                OSTaskNameSet
                0x0080ebf8                OSTaskResume
                0x0080ee10                OSTaskStkChk
                0x0080f00c                OSTaskSuspend
                0x0080f238                OSTaskQuery
                0x0080f37c                OS_TaskStkClr
 .text          0x0080f3f8      0x598 ../audioTest_bsp//libucosii_bsp.a(os_time.o)
                0x0080f3f8                OSTimeDly
                0x0080f544                OSTimeDlyHMSM
                0x0080f6b8                OSTimeDlyResume
                0x0080f8c8                OSTimeGet
                0x0080f92c                OSTimeSet
 .text          0x0080f990       0xf8 ../audioTest_bsp//libucosii_bsp.a(alt_sys_init.o)
                0x0080f990                alt_irq_init
                0x0080f9c4                alt_sys_init
 .text          0x0080fa88      0x148 ../audioTest_bsp//libucosii_bsp.a(altera_avalon_jtag_uart_fd.o)
                0x0080fa88                altera_avalon_jtag_uart_read_fd
                0x0080fae0                altera_avalon_jtag_uart_write_fd
                0x0080fb38                altera_avalon_jtag_uart_close_fd
                0x0080fb80                altera_avalon_jtag_uart_ioctl_fd
 .text          0x0080fbd0      0x580 ../audioTest_bsp//libucosii_bsp.a(altera_avalon_jtag_uart_init.o)
                0x0080fbd0                altera_avalon_jtag_uart_init
                0x008100dc                altera_avalon_jtag_uart_close
 .text          0x00810150       0xf4 ../audioTest_bsp//libucosii_bsp.a(altera_avalon_jtag_uart_ioctl.o)
                0x00810150                altera_avalon_jtag_uart_ioctl
 .text          0x00810244      0x2c0 ../audioTest_bsp//libucosii_bsp.a(altera_avalon_jtag_uart_read.o)
                0x00810244                altera_avalon_jtag_uart_read
 .text          0x00810504      0x2dc ../audioTest_bsp//libucosii_bsp.a(altera_avalon_jtag_uart_write.o)
                0x00810504                altera_avalon_jtag_uart_write
 .text          0x008107e0       0xfc ../audioTest_bsp//libucosii_bsp.a(altera_avalon_timer_sc.o)
                0x00810854                alt_avalon_timer_sc_init
 .text          0x008108dc      0x80c ../audioTest_bsp//libucosii_bsp.a(altera_up_avalon_audio.o)
                0x008108dc                alt_up_audio_open_dev
                0x0081091c                alt_up_audio_enable_read_interrupt
                0x00810968                alt_up_audio_disable_read_interrupt
                0x008109b8                alt_up_audio_enable_write_interrupt
                0x00810a04                alt_up_audio_disable_write_interrupt
                0x00810a54                alt_up_audio_read_interrupt_pending
                0x00810a90                alt_up_audio_write_interrupt_pending
                0x00810acc                alt_up_audio_reset_audio_core
                0x00810b54                alt_up_audio_read_fifo_avail
                0x00810bc4                alt_up_audio_record_r
                0x00810c34                alt_up_audio_record_l
                0x00810ca4                alt_up_audio_write_fifo_space
                0x00810d18                alt_up_audio_play_r
                0x00810d88                alt_up_audio_play_l
                0x00810df8                alt_up_audio_read_fifo
                0x00810efc                alt_up_audio_write_fifo
                0x00811028                alt_up_audio_read_fifo_head
                0x00811088                alt_up_audio_write_fifo_head
 .text          0x008110e8      0x788 ../audioTest_bsp//libucosii_bsp.a(altera_up_avalon_audio_and_video_config.o)
                0x008110e8                alt_up_av_config_open_dev
                0x0081114c                alt_up_av_config_write_data
                0x008111b0                alt_up_av_config_read_data
                0x0081123c                alt_up_av_config_reset
                0x00811274                alt_up_av_config_enable_interrupt
                0x008112ac                alt_up_av_config_disable_interrupt
                0x008112dc                alt_up_av_config_read_acknowledge
                0x00811344                alt_up_av_config_read_ready
                0x0081137c                alt_up_av_config_write_audio_cfg_register
                0x00811428                alt_up_av_config_read_video_cfg_register
                0x00811520                alt_up_av_config_write_video_cfg_register
                0x00811618                alt_up_av_config_read_DC2_cfg_register
                0x0081167c                alt_up_av_config_write_DC2_cfg_register
                0x008116e0                alt_up_av_config_read_D5M_cfg_register
                0x00811744                alt_up_av_config_write_D5M_cfg_register
                0x008117a8                alt_up_av_config_read_LTM_cfg_register
                0x0081180c                alt_up_av_config_write_LTM_cfg_register
 .text          0x00811870      0x530 ../audioTest_bsp//libucosii_bsp.a(altera_up_avalon_character_lcd.o)
                0x00811870                get_DDRAM_addr
                0x008118ec                alt_up_character_lcd_send_cmd
                0x00811920                alt_up_character_lcd_init
                0x00811954                alt_up_character_lcd_open_dev
                0x00811994                alt_up_character_lcd_write
                0x00811a0c                alt_up_character_lcd_string
                0x00811a84                alt_up_character_lcd_write_fd
                0x00811ad0                alt_up_character_lcd_set_cursor_pos
                0x00811b48                alt_up_character_lcd_shift_cursor
                0x00811bf8                alt_up_character_lcd_shift_display
                0x00811ca8                alt_up_character_lcd_erase_pos
                0x00811d38                alt_up_character_lcd_cursor_off
                0x00811d6c                alt_up_character_lcd_cursor_blink_on
 .text          0x00811da0      0x154 ../audioTest_bsp//libucosii_bsp.a(alt_alarm_start.o)
                0x00811da0                alt_alarm_start
 .text          0x00811ef4       0x44 ../audioTest_bsp//libucosii_bsp.a(alt_dcache_flush_all.o)
                0x00811ef4                alt_dcache_flush_all
 .text          0x00811f38      0x114 ../audioTest_bsp//libucosii_bsp.a(alt_dev_llist_insert.o)
                0x00811f38                alt_dev_llist_insert
 .text          0x0081204c       0x64 ../audioTest_bsp//libucosii_bsp.a(alt_do_ctors.o)
                0x0081204c                _do_ctors
 .text          0x008120b0       0x64 ../audioTest_bsp//libucosii_bsp.a(alt_do_dtors.o)
                0x008120b0                _do_dtors
 .text          0x00812114       0x94 ../audioTest_bsp//libucosii_bsp.a(alt_find_dev.o)
                0x00812114                alt_find_dev
 .text          0x008121a8       0x30 ../audioTest_bsp//libucosii_bsp.a(alt_icache_flush_all.o)
                0x008121a8                alt_icache_flush_all
 .text          0x008121d8      0x13c ../audioTest_bsp//libucosii_bsp.a(alt_io_redirect.o)
                0x0081229c                alt_io_redirect
 .text          0x00812314      0x1c0 ../audioTest_bsp//libucosii_bsp.a(alt_irq_register.o)
                0x00812314                alt_irq_register
 .text          0x008124d4        0x0 ../audioTest_bsp//libucosii_bsp.a(alt_irq_vars.o)
 .text          0x008124d4      0x2c4 ../audioTest_bsp//libucosii_bsp.a(alt_open.o)
                0x008125b0                open
 .text          0x00812798      0x1a8 ../audioTest_bsp//libucosii_bsp.a(alt_tick.o)
                0x00812798                alt_alarm_stop
                0x00812830                alt_tick
 .text          0x00812940       0x20 ../audioTest_bsp//libucosii_bsp.a(altera_nios2_qsys_irq.o)
                0x00812940                altera_nios2_qsys_irq_init
 .text          0x00812960       0xd0 ../audioTest_bsp//libucosii_bsp.a(os_cpu_a.o)
                0x00812960                OSCtxSw
                0x00812960                OSIntCtxSw
                0x008129ec                OSStartHighRdy
                0x00812a0c                OSStartTsk
 .text          0x00812a30      0x418 ../audioTest_bsp//libucosii_bsp.a(os_cpu_c.o)
                0x00812a30                OSTaskStkInit
                0x00812d40                OSTaskCreateHook
                0x00812d60                OSTaskDelHook
                0x00812d80                OSTaskSwHook
                0x00812d9c                OSTaskStatHook
                0x00812db8                OSTimeTickHook
                0x00812dd4                OSInitHookBegin
                0x00812df0                OSInitHookEnd
                0x00812e0c                OSTaskIdleHook
                0x00812e28                OSTCBInitHook
 .text          0x00812e48      0x120 ../audioTest_bsp//libucosii_bsp.a(alt_find_file.o)
                0x00812e48                alt_find_file
 .text          0x00812f68       0xf4 ../audioTest_bsp//libucosii_bsp.a(alt_get_fd.o)
                0x00812f68                alt_get_fd
 .text          0x0081305c       0x90 ../audioTest_bsp//libucosii_bsp.a(alt_icache_flush.o)
                0x0081305c                alt_icache_flush
 .text          0x008130ec        0x0 ../audioTest_bsp//libucosii_bsp.a(alt_irq_entry.o)
 .text          0x008130ec        0x0 ../audioTest_bsp//libucosii_bsp.a(alt_irq_handler.o)
 .text          0x008130ec        0x0 ../audioTest_bsp//libucosii_bsp.a(alt_exception_entry.o)
 .text          0x008130ec       0x14 /OPT/altera/12.1/nios2eds/bin/gnu/H-i686-pc-linux-gnu/bin/../lib/gcc/nios2-elf/4.1.2/../../../../nios2-elf/lib/libc.a(lib_a-atexit.o)
                0x008130ec                atexit
 .text          0x00813100       0x38 /OPT/altera/12.1/nios2eds/bin/gnu/H-i686-pc-linux-gnu/bin/../lib/gcc/nios2-elf/4.1.2/../../../../nios2-elf/lib/libc.a(lib_a-exit.o)
                0x00813100                exit
 .text          0x00813138       0x74 /OPT/altera/12.1/nios2eds/bin/gnu/H-i686-pc-linux-gnu/bin/../lib/gcc/nios2-elf/4.1.2/../../../../nios2-elf/lib/libc.a(lib_a-memcmp.o)
                0x00813138                memcmp
 .text          0x008131ac      0x134 /OPT/altera/12.1/nios2eds/bin/gnu/H-i686-pc-linux-gnu/bin/../lib/gcc/nios2-elf/4.1.2/../../../../nios2-elf/lib/libc.a(lib_a-__atexit.o)
                0x008131ac                __register_exitproc
 .text          0x008132e0      0x1b4 /OPT/altera/12.1/nios2eds/bin/gnu/H-i686-pc-linux-gnu/bin/../lib/gcc/nios2-elf/4.1.2/../../../../nios2-elf/lib/libc.a(lib_a-__call_atexit.o)
                0x008132e4                __call_exitprocs
 .text          0x00813494       0x6c ../audioTest_bsp//libucosii_bsp.a(alt_exit.o)
                0x008134d4                _exit
 *(.gnu.warning.*)
 *(.fini)
                0x00813500                PROVIDE (__etext, ABSOLUTE (.))
                0x00813500                PROVIDE (_etext, ABSOLUTE (.))
                0x00813500                PROVIDE (etext, ABSOLUTE (.))
 *(.eh_frame_hdr)
                0x00813500                . = ALIGN (0x4)
                0x00813500                PROVIDE (__preinit_array_start, ABSOLUTE (.))
 *(.preinit_array)
                0x00813500                PROVIDE (__preinit_array_end, ABSOLUTE (.))
                0x00813500                PROVIDE (__init_array_start, ABSOLUTE (.))
 *(.init_array)
                0x00813500                PROVIDE (__init_array_end, ABSOLUTE (.))
                0x00813500                PROVIDE (__fini_array_start, ABSOLUTE (.))
 *(.fini_array)
                0x00813500                PROVIDE (__fini_array_end, ABSOLUTE (.))
 *(.eh_frame)
 *(.gcc_except_table)
 *(.dynamic)
                0x00813500                PROVIDE (__CTOR_LIST__, ABSOLUTE (.))
 *(.ctors)
 *(SORT(.ctors.*))
 .ctors.65535   0x00813500        0x4 /OPT/altera/12.1/nios2eds/bin/gnu/H-i686-pc-linux-gnu/bin/../lib/gcc/nios2-elf/4.1.2/../../../../nios2-elf/lib/libc.a(lib_a-__call_atexit.o)
                0x00813504                PROVIDE (__CTOR_END__, ABSOLUTE (.))
                0x00813504                PROVIDE (__DTOR_LIST__, ABSOLUTE (.))
 *(.dtors)
 *(SORT(.dtors.*))
                0x00813504                PROVIDE (__DTOR_END__, ABSOLUTE (.))
 *(.jcr)
                0x00813504                . = ALIGN (0x4)

.rodata         0x00813504      0x548
                0x00813504                PROVIDE (__ram_rodata_start, ABSOLUTE (.))
                0x00813504                . = ALIGN (0x4)
 *(.rodata .rodata.* .gnu.linkonce.r.*)
 .rodata        0x00813504       0xb4 obj/default/hello_ucosii.o
 .rodata        0x008135b8      0x188 /OPT/altera/12.1/nios2eds/bin/gnu/H-i686-pc-linux-gnu/bin/../lib/gcc/nios2-elf/4.1.2/../../../../nios2-elf/lib/libm.a(lib_a-e_rem_pio2.o)
 .rodata        0x00813740       0x50 /OPT/altera/12.1/nios2eds/bin/gnu/H-i686-pc-linux-gnu/bin/../lib/gcc/nios2-elf/4.1.2/../../../../nios2-elf/lib/libm.a(lib_a-k_rem_pio2.o)
 .rodata        0x00813790       0x14 /OPT/altera/12.1/nios2eds/bin/gnu/H-i686-pc-linux-gnu/bin/../lib/gcc/nios2-elf/4.1.2/libgcc.a(_thenan_df.o)
                0x00813790                __thenan_df
 .rodata        0x008137a4      0x100 /OPT/altera/12.1/nios2eds/bin/gnu/H-i686-pc-linux-gnu/bin/../lib/gcc/nios2-elf/4.1.2/libgcc.a(_clz.o)
                0x008137a4                __clz_tab
 .rodata.str1.4
                0x008138a4        0x2 /OPT/altera/12.1/nios2eds/bin/gnu/H-i686-pc-linux-gnu/bin/../lib/gcc/nios2-elf/4.1.2/../../../../nios2-elf/lib/libc.a(lib_a-puts.o)
                                  0x4 (size before relaxing)
 *fill*         0x008138a6        0x2 00
 .rodata.str1.4
                0x008138a8        0x4 /OPT/altera/12.1/nios2eds/bin/gnu/H-i686-pc-linux-gnu/bin/../lib/gcc/nios2-elf/4.1.2/../../../../nios2-elf/lib/libc.a(lib_a-impure.o)
 .rodata        0x008138ac        0xc ../audioTest_bsp//libucosii_bsp.a(alt_dev.o)
 .rodata        0x008138b8       0x14 ../audioTest_bsp//libucosii_bsp.a(alt_main.o)
 .rodata        0x008138cc      0x120 ../audioTest_bsp//libucosii_bsp.a(os_core.o)
                0x008138cc                OSUnMapTbl
 .rodata        0x008139ec       0x5c ../audioTest_bsp//libucosii_bsp.a(alt_sys_init.o)
 .rodata        0x00813a48        0x4 ../audioTest_bsp//libucosii_bsp.a(os_cpu_c.o)
 *(.rodata1)
                0x00813a4c                . = ALIGN (0x4)
                0x00813a4c                PROVIDE (__ram_rodata_end, ABSOLUTE (.))
                0x00813504                PROVIDE (__flash_rodata_start, LOADADDR (.rodata))

.rwdata         0x00813a4c     0x1b5c load address 0x008155a8
                0x00813a4c                PROVIDE (__ram_rwdata_start, ABSOLUTE (.))
                0x00813a4c                . = ALIGN (0x4)
 *(.got.plt)
 *(.got)
 *(.data1)
 *(.data .data.* .gnu.linkonce.d.*)
 .data          0x00813a4c        0x0 ../audioTest_bsp//obj/HAL/src/crt0.o
 .data          0x00813a4c        0x0 obj/default/hello_ucosii.o
 .data          0x00813a4c        0x0 /OPT/altera/12.1/nios2eds/bin/gnu/H-i686-pc-linux-gnu/bin/../lib/gcc/nios2-elf/4.1.2/../../../../nios2-elf/lib/libm.a(lib_a-s_sin.o)
 .data          0x00813a4c        0x0 /OPT/altera/12.1/nios2eds/bin/gnu/H-i686-pc-linux-gnu/bin/../lib/gcc/nios2-elf/4.1.2/../../../../nios2-elf/lib/libm.a(lib_a-e_rem_pio2.o)
 .data          0x00813a4c        0x0 /OPT/altera/12.1/nios2eds/bin/gnu/H-i686-pc-linux-gnu/bin/../lib/gcc/nios2-elf/4.1.2/../../../../nios2-elf/lib/libm.a(lib_a-k_cos.o)
 .data          0x00813a4c        0x0 /OPT/altera/12.1/nios2eds/bin/gnu/H-i686-pc-linux-gnu/bin/../lib/gcc/nios2-elf/4.1.2/../../../../nios2-elf/lib/libm.a(lib_a-k_rem_pio2.o)
 .data          0x00813a4c        0x0 /OPT/altera/12.1/nios2eds/bin/gnu/H-i686-pc-linux-gnu/bin/../lib/gcc/nios2-elf/4.1.2/../../../../nios2-elf/lib/libm.a(lib_a-k_sin.o)
 .data          0x00813a4c        0x0 /OPT/altera/12.1/nios2eds/bin/gnu/H-i686-pc-linux-gnu/bin/../lib/gcc/nios2-elf/4.1.2/../../../../nios2-elf/lib/libm.a(lib_a-s_fabs.o)
 .data          0x00813a4c        0x0 /OPT/altera/12.1/nios2eds/bin/gnu/H-i686-pc-linux-gnu/bin/../lib/gcc/nios2-elf/4.1.2/../../../../nios2-elf/lib/libm.a(lib_a-s_floor.o)
 .data          0x00813a4c        0x0 /OPT/altera/12.1/nios2eds/bin/gnu/H-i686-pc-linux-gnu/bin/../lib/gcc/nios2-elf/4.1.2/../../../../nios2-elf/lib/libm.a(lib_a-s_scalbn.o)
 .data          0x00813a4c        0x0 /OPT/altera/12.1/nios2eds/bin/gnu/H-i686-pc-linux-gnu/bin/../lib/gcc/nios2-elf/4.1.2/../../../../nios2-elf/lib/libm.a(lib_a-s_copysign.o)
 .data          0x00813a4c        0x0 /OPT/altera/12.1/nios2eds/bin/gnu/H-i686-pc-linux-gnu/bin/../lib/gcc/nios2-elf/4.1.2/libgcc.a(_fixunsdfsi.o)
 .data          0x00813a4c        0x0 /OPT/altera/12.1/nios2eds/bin/gnu/H-i686-pc-linux-gnu/bin/../lib/gcc/nios2-elf/4.1.2/libgcc.a(_addsub_df.o)
 .data          0x00813a4c        0x0 /OPT/altera/12.1/nios2eds/bin/gnu/H-i686-pc-linux-gnu/bin/../lib/gcc/nios2-elf/4.1.2/libgcc.a(_mul_df.o)
 .data          0x00813a4c        0x0 /OPT/altera/12.1/nios2eds/bin/gnu/H-i686-pc-linux-gnu/bin/../lib/gcc/nios2-elf/4.1.2/libgcc.a(_div_df.o)
 .data          0x00813a4c        0x0 /OPT/altera/12.1/nios2eds/bin/gnu/H-i686-pc-linux-gnu/bin/../lib/gcc/nios2-elf/4.1.2/libgcc.a(_eq_df.o)
 .data          0x00813a4c        0x0 /OPT/altera/12.1/nios2eds/bin/gnu/H-i686-pc-linux-gnu/bin/../lib/gcc/nios2-elf/4.1.2/libgcc.a(_gt_df.o)
 .data          0x00813a4c        0x0 /OPT/altera/12.1/nios2eds/bin/gnu/H-i686-pc-linux-gnu/bin/../lib/gcc/nios2-elf/4.1.2/libgcc.a(_ge_df.o)
 .data          0x00813a4c        0x0 /OPT/altera/12.1/nios2eds/bin/gnu/H-i686-pc-linux-gnu/bin/../lib/gcc/nios2-elf/4.1.2/libgcc.a(_si_to_df.o)
 .data          0x00813a4c        0x0 /OPT/altera/12.1/nios2eds/bin/gnu/H-i686-pc-linux-gnu/bin/../lib/gcc/nios2-elf/4.1.2/libgcc.a(_df_to_si.o)
 .data          0x00813a4c        0x0 /OPT/altera/12.1/nios2eds/bin/gnu/H-i686-pc-linux-gnu/bin/../lib/gcc/nios2-elf/4.1.2/libgcc.a(_thenan_df.o)
 .data          0x00813a4c        0x0 /OPT/altera/12.1/nios2eds/bin/gnu/H-i686-pc-linux-gnu/bin/../lib/gcc/nios2-elf/4.1.2/libgcc.a(lib2-divmod.o)
 .data          0x00813a4c        0x0 /OPT/altera/12.1/nios2eds/bin/gnu/H-i686-pc-linux-gnu/bin/../lib/gcc/nios2-elf/4.1.2/libgcc.a(_muldi3.o)
 .data          0x00813a4c        0x0 /OPT/altera/12.1/nios2eds/bin/gnu/H-i686-pc-linux-gnu/bin/../lib/gcc/nios2-elf/4.1.2/libgcc.a(_clzsi2.o)
 .data          0x00813a4c        0x0 /OPT/altera/12.1/nios2eds/bin/gnu/H-i686-pc-linux-gnu/bin/../lib/gcc/nios2-elf/4.1.2/libgcc.a(_pack_df.o)
 .data          0x00813a4c        0x0 /OPT/altera/12.1/nios2eds/bin/gnu/H-i686-pc-linux-gnu/bin/../lib/gcc/nios2-elf/4.1.2/libgcc.a(_unpack_df.o)
 .data          0x00813a4c        0x0 /OPT/altera/12.1/nios2eds/bin/gnu/H-i686-pc-linux-gnu/bin/../lib/gcc/nios2-elf/4.1.2/libgcc.a(_fpcmp_parts_df.o)
 .data          0x00813a4c        0x0 /OPT/altera/12.1/nios2eds/bin/gnu/H-i686-pc-linux-gnu/bin/../lib/gcc/nios2-elf/4.1.2/libgcc.a(_clz.o)
 .data          0x00813a4c        0x0 /OPT/altera/12.1/nios2eds/bin/gnu/H-i686-pc-linux-gnu/bin/../lib/gcc/nios2-elf/4.1.2/../../../../nios2-elf/lib/libc.a(lib_a-puts.o)
 .data          0x00813a4c        0x0 /OPT/altera/12.1/nios2eds/bin/gnu/H-i686-pc-linux-gnu/bin/../lib/gcc/nios2-elf/4.1.2/../../../../nios2-elf/lib/libc.a(lib_a-strlen.o)
 .data          0x00813a4c        0x0 /OPT/altera/12.1/nios2eds/bin/gnu/H-i686-pc-linux-gnu/bin/../lib/gcc/nios2-elf/4.1.2/../../../../nios2-elf/lib/libc.a(lib_a-fvwrite.o)
 .data          0x00813a4c      0x400 /OPT/altera/12.1/nios2eds/bin/gnu/H-i686-pc-linux-gnu/bin/../lib/gcc/nios2-elf/4.1.2/../../../../nios2-elf/lib/libc.a(lib_a-impure.o)
 .data          0x00813e4c      0x408 /OPT/altera/12.1/nios2eds/bin/gnu/H-i686-pc-linux-gnu/bin/../lib/gcc/nios2-elf/4.1.2/../../../../nios2-elf/lib/libc.a(lib_a-mallocr.o)
                0x00813e4c                __malloc_av_
 .data          0x00814254        0x0 /OPT/altera/12.1/nios2eds/bin/gnu/H-i686-pc-linux-gnu/bin/../lib/gcc/nios2-elf/4.1.2/../../../../nios2-elf/lib/libc.a(lib_a-memchr.o)
 .data          0x00814254        0x0 /OPT/altera/12.1/nios2eds/bin/gnu/H-i686-pc-linux-gnu/bin/../lib/gcc/nios2-elf/4.1.2/../../../../nios2-elf/lib/libc.a(lib_a-memcpy.o)
 .data          0x00814254        0x0 /OPT/altera/12.1/nios2eds/bin/gnu/H-i686-pc-linux-gnu/bin/../lib/gcc/nios2-elf/4.1.2/../../../../nios2-elf/lib/libc.a(lib_a-memmove.o)
 .data          0x00814254        0x0 /OPT/altera/12.1/nios2eds/bin/gnu/H-i686-pc-linux-gnu/bin/../lib/gcc/nios2-elf/4.1.2/../../../../nios2-elf/lib/libc.a(lib_a-reallocr.o)
 .data          0x00814254        0x0 /OPT/altera/12.1/nios2eds/bin/gnu/H-i686-pc-linux-gnu/bin/../lib/gcc/nios2-elf/4.1.2/../../../../nios2-elf/lib/libc.a(lib_a-sbrkr.o)
 .data          0x00814254        0x0 /OPT/altera/12.1/nios2eds/bin/gnu/H-i686-pc-linux-gnu/bin/../lib/gcc/nios2-elf/4.1.2/../../../../nios2-elf/lib/libc.a(lib_a-wsetup.o)
 .data          0x00814254        0x0 /OPT/altera/12.1/nios2eds/bin/gnu/H-i686-pc-linux-gnu/bin/../lib/gcc/nios2-elf/4.1.2/../../../../nios2-elf/lib/libc.a(lib_a-fflush.o)
 .data          0x00814254        0x0 /OPT/altera/12.1/nios2eds/bin/gnu/H-i686-pc-linux-gnu/bin/../lib/gcc/nios2-elf/4.1.2/../../../../nios2-elf/lib/libc.a(lib_a-findfp.o)
 .data          0x00814254        0x0 /OPT/altera/12.1/nios2eds/bin/gnu/H-i686-pc-linux-gnu/bin/../lib/gcc/nios2-elf/4.1.2/../../../../nios2-elf/lib/libc.a(lib_a-freer.o)
 .data          0x00814254        0x0 /OPT/altera/12.1/nios2eds/bin/gnu/H-i686-pc-linux-gnu/bin/../lib/gcc/nios2-elf/4.1.2/../../../../nios2-elf/lib/libc.a(lib_a-fwalk.o)
 .data          0x00814254        0x0 /OPT/altera/12.1/nios2eds/bin/gnu/H-i686-pc-linux-gnu/bin/../lib/gcc/nios2-elf/4.1.2/../../../../nios2-elf/lib/libc.a(lib_a-int_errno.o)
 .data          0x00814254        0x0 /OPT/altera/12.1/nios2eds/bin/gnu/H-i686-pc-linux-gnu/bin/../lib/gcc/nios2-elf/4.1.2/../../../../nios2-elf/lib/libc.a(lib_a-makebuf.o)
 .data          0x00814254        0x0 /OPT/altera/12.1/nios2eds/bin/gnu/H-i686-pc-linux-gnu/bin/../lib/gcc/nios2-elf/4.1.2/../../../../nios2-elf/lib/libc.a(lib_a-memset.o)
 .data          0x00814254        0x0 /OPT/altera/12.1/nios2eds/bin/gnu/H-i686-pc-linux-gnu/bin/../lib/gcc/nios2-elf/4.1.2/../../../../nios2-elf/lib/libc.a(lib_a-stdio.o)
 .data          0x00814254        0x0 /OPT/altera/12.1/nios2eds/bin/gnu/H-i686-pc-linux-gnu/bin/../lib/gcc/nios2-elf/4.1.2/../../../../nios2-elf/lib/libc.a(lib_a-writer.o)
 .data          0x00814254        0x0 /OPT/altera/12.1/nios2eds/bin/gnu/H-i686-pc-linux-gnu/bin/../lib/gcc/nios2-elf/4.1.2/../../../../nios2-elf/lib/libc.a(lib_a-closer.o)
 .data          0x00814254        0x0 /OPT/altera/12.1/nios2eds/bin/gnu/H-i686-pc-linux-gnu/bin/../lib/gcc/nios2-elf/4.1.2/../../../../nios2-elf/lib/libc.a(lib_a-fclose.o)
 .data          0x00814254        0x0 /OPT/altera/12.1/nios2eds/bin/gnu/H-i686-pc-linux-gnu/bin/../lib/gcc/nios2-elf/4.1.2/../../../../nios2-elf/lib/libc.a(lib_a-fstatr.o)
 .data          0x00814254        0x0 /OPT/altera/12.1/nios2eds/bin/gnu/H-i686-pc-linux-gnu/bin/../lib/gcc/nios2-elf/4.1.2/../../../../nios2-elf/lib/libc.a(lib_a-isattyr.o)
 .data          0x00814254        0x0 /OPT/altera/12.1/nios2eds/bin/gnu/H-i686-pc-linux-gnu/bin/../lib/gcc/nios2-elf/4.1.2/../../../../nios2-elf/lib/libc.a(lib_a-lseekr.o)
 .data          0x00814254        0x0 /OPT/altera/12.1/nios2eds/bin/gnu/H-i686-pc-linux-gnu/bin/../lib/gcc/nios2-elf/4.1.2/../../../../nios2-elf/lib/libc.a(lib_a-readr.o)
 .data          0x00814254        0x0 ../audioTest_bsp//libucosii_bsp.a(alt_close.o)
 .data          0x00814254      0x1a8 ../audioTest_bsp//libucosii_bsp.a(alt_dev.o)
                0x00814254                alt_dev_null
                0x0081427c                alt_fd_list
 .data          0x008143fc        0x0 ../audioTest_bsp//libucosii_bsp.a(alt_errno.o)
 .data          0x008143fc        0x0 ../audioTest_bsp//libucosii_bsp.a(alt_fstat.o)
 .data          0x008143fc        0x0 ../audioTest_bsp//libucosii_bsp.a(alt_isatty.o)
 .data          0x008143fc        0x0 ../audioTest_bsp//libucosii_bsp.a(alt_load.o)
 .data          0x008143fc        0x0 ../audioTest_bsp//libucosii_bsp.a(alt_lseek.o)
 .data          0x008143fc        0x0 ../audioTest_bsp//libucosii_bsp.a(alt_main.o)
 .data          0x008143fc        0x0 ../audioTest_bsp//libucosii_bsp.a(alt_read.o)
 .data          0x008143fc        0x0 ../audioTest_bsp//libucosii_bsp.a(alt_release_fd.o)
 .data          0x008143fc        0x0 ../audioTest_bsp//libucosii_bsp.a(alt_sbrk.o)
 .data          0x008143fc        0x0 ../audioTest_bsp//libucosii_bsp.a(alt_write.o)
 .data          0x008143fc        0x0 ../audioTest_bsp//libucosii_bsp.a(alt_env_lock.o)
 .data          0x008143fc        0x0 ../audioTest_bsp//libucosii_bsp.a(alt_malloc_lock.o)
 .data          0x008143fc        0x0 ../audioTest_bsp//libucosii_bsp.a(os_core.o)
 .data          0x008143fc        0x0 ../audioTest_bsp//libucosii_bsp.a(os_dbg.o)
 .data          0x008143fc        0x0 ../audioTest_bsp//libucosii_bsp.a(os_flag.o)
 .data          0x008143fc        0x0 ../audioTest_bsp//libucosii_bsp.a(os_mem.o)
 .data          0x008143fc        0x0 ../audioTest_bsp//libucosii_bsp.a(os_q.o)
 .data          0x008143fc        0x0 ../audioTest_bsp//libucosii_bsp.a(os_sem.o)
 .data          0x008143fc        0x0 ../audioTest_bsp//libucosii_bsp.a(os_task.o)
 .data          0x008143fc        0x0 ../audioTest_bsp//libucosii_bsp.a(os_time.o)
 .data          0x008143fc     0x10f8 ../audioTest_bsp//libucosii_bsp.a(alt_sys_init.o)
 .data          0x008154f4        0x0 ../audioTest_bsp//libucosii_bsp.a(altera_avalon_jtag_uart_fd.o)
 .data          0x008154f4        0x0 ../audioTest_bsp//libucosii_bsp.a(altera_avalon_jtag_uart_init.o)
 .data          0x008154f4        0x0 ../audioTest_bsp//libucosii_bsp.a(altera_avalon_jtag_uart_ioctl.o)
 .data          0x008154f4        0x0 ../audioTest_bsp//libucosii_bsp.a(altera_avalon_jtag_uart_read.o)
 .data          0x008154f4        0x0 ../audioTest_bsp//libucosii_bsp.a(altera_avalon_jtag_uart_write.o)
 .data          0x008154f4        0x0 ../audioTest_bsp//libucosii_bsp.a(altera_avalon_timer_sc.o)
 .data          0x008154f4        0x0 ../audioTest_bsp//libucosii_bsp.a(altera_up_avalon_audio.o)
 .data          0x008154f4        0x0 ../audioTest_bsp//libucosii_bsp.a(altera_up_avalon_audio_and_video_config.o)
 .data          0x008154f4        0x0 ../audioTest_bsp//libucosii_bsp.a(altera_up_avalon_character_lcd.o)
 .data          0x008154f4        0x0 ../audioTest_bsp//libucosii_bsp.a(alt_alarm_start.o)
 .data          0x008154f4        0x0 ../audioTest_bsp//libucosii_bsp.a(alt_dcache_flush_all.o)
 .data          0x008154f4        0x0 ../audioTest_bsp//libucosii_bsp.a(alt_dev_llist_insert.o)
 .data          0x008154f4        0x0 ../audioTest_bsp//libucosii_bsp.a(alt_do_ctors.o)
 .data          0x008154f4        0x0 ../audioTest_bsp//libucosii_bsp.a(alt_do_dtors.o)
 .data          0x008154f4        0x0 ../audioTest_bsp//libucosii_bsp.a(alt_find_dev.o)
 .data          0x008154f4        0x0 ../audioTest_bsp//libucosii_bsp.a(alt_icache_flush_all.o)
 .data          0x008154f4        0x0 ../audioTest_bsp//libucosii_bsp.a(alt_io_redirect.o)
 .data          0x008154f4        0x0 ../audioTest_bsp//libucosii_bsp.a(alt_irq_register.o)
 .data          0x008154f4        0x0 ../audioTest_bsp//libucosii_bsp.a(alt_irq_vars.o)
 .data          0x008154f4        0x0 ../audioTest_bsp//libucosii_bsp.a(alt_open.o)
 .data          0x008154f4        0x0 ../audioTest_bsp//libucosii_bsp.a(alt_tick.o)
 .data          0x008154f4        0x0 ../audioTest_bsp//libucosii_bsp.a(altera_nios2_qsys_irq.o)
 .data          0x008154f4        0x0 ../audioTest_bsp//libucosii_bsp.a(os_cpu_a.o)
 .data          0x008154f4        0x0 ../audioTest_bsp//libucosii_bsp.a(os_cpu_c.o)
 .data          0x008154f4        0x0 ../audioTest_bsp//libucosii_bsp.a(alt_find_file.o)
 .data          0x008154f4        0x0 ../audioTest_bsp//libucosii_bsp.a(alt_get_fd.o)
 .data          0x008154f4        0x0 ../audioTest_bsp//libucosii_bsp.a(alt_icache_flush.o)
 .data          0x008154f4        0x0 ../audioTest_bsp//libucosii_bsp.a(alt_irq_entry.o)
 .data          0x008154f4        0x0 ../audioTest_bsp//libucosii_bsp.a(alt_irq_handler.o)
 .data          0x008154f4        0x0 ../audioTest_bsp//libucosii_bsp.a(alt_exception_entry.o)
 .data          0x008154f4        0x0 /OPT/altera/12.1/nios2eds/bin/gnu/H-i686-pc-linux-gnu/bin/../lib/gcc/nios2-elf/4.1.2/../../../../nios2-elf/lib/libc.a(lib_a-atexit.o)
 .data          0x008154f4        0x0 /OPT/altera/12.1/nios2eds/bin/gnu/H-i686-pc-linux-gnu/bin/../lib/gcc/nios2-elf/4.1.2/../../../../nios2-elf/lib/libc.a(lib_a-exit.o)
 .data          0x008154f4        0x0 /OPT/altera/12.1/nios2eds/bin/gnu/H-i686-pc-linux-gnu/bin/../lib/gcc/nios2-elf/4.1.2/../../../../nios2-elf/lib/libc.a(lib_a-memcmp.o)
 .data          0x008154f4        0x0 /OPT/altera/12.1/nios2eds/bin/gnu/H-i686-pc-linux-gnu/bin/../lib/gcc/nios2-elf/4.1.2/../../../../nios2-elf/lib/libc.a(lib_a-__atexit.o)
 .data          0x008154f4        0x0 /OPT/altera/12.1/nios2eds/bin/gnu/H-i686-pc-linux-gnu/bin/../lib/gcc/nios2-elf/4.1.2/../../../../nios2-elf/lib/libc.a(lib_a-__call_atexit.o)
 .data          0x008154f4        0x0 ../audioTest_bsp//libucosii_bsp.a(alt_exit.o)
                0x0081d4f4                _gp = ABSOLUTE ((. + 0x8000))
                0x0081d4f4                PROVIDE (gp, _gp)
 *(.rwdata .rwdata.*)
 *(.sdata .sdata.* .gnu.linkonce.s.*)
 .sdata         0x008154f4        0x8 /OPT/altera/12.1/nios2eds/bin/gnu/H-i686-pc-linux-gnu/bin/../lib/gcc/nios2-elf/4.1.2/../../../../nios2-elf/lib/libc.a(lib_a-impure.o)
                0x008154f4                _impure_ptr
                0x008154f8                _global_impure_ptr
 .sdata         0x008154fc        0x8 /OPT/altera/12.1/nios2eds/bin/gnu/H-i686-pc-linux-gnu/bin/../lib/gcc/nios2-elf/4.1.2/../../../../nios2-elf/lib/libc.a(lib_a-mallocr.o)
                0x008154fc                __malloc_trim_threshold
                0x00815500                __malloc_sbrk_base
 .sdata         0x00815504       0x14 ../audioTest_bsp//libucosii_bsp.a(alt_dev.o)
                0x00815504                alt_fs_list
                0x0081550c                alt_dev_list
                0x00815514                alt_max_fd
 .sdata         0x00815518        0x4 ../audioTest_bsp//libucosii_bsp.a(alt_errno.o)
                0x00815518                alt_errno
 .sdata         0x0081551c        0x4 ../audioTest_bsp//libucosii_bsp.a(alt_sbrk.o)
 .sdata         0x00815520        0x4 ../audioTest_bsp//libucosii_bsp.a(alt_env_lock.o)
 .sdata         0x00815524        0x4 ../audioTest_bsp//libucosii_bsp.a(alt_malloc_lock.o)
 .sdata         0x00815528       0x74 ../audioTest_bsp//libucosii_bsp.a(os_dbg.o)
                0x00815528                OSDebugEn
                0x0081552c                OSEndiannessTest
                0x00815530                OSEventEn
                0x00815532                OSEventMax
                0x00815534                OSEventNameSize
                0x00815536                OSEventSize
                0x00815538                OSEventTblSize
                0x0081553a                OSEventMultiEn
                0x0081553c                OSFlagEn
                0x0081553e                OSFlagGrpSize
                0x00815540                OSFlagNodeSize
                0x00815542                OSFlagWidth
                0x00815544                OSFlagMax
                0x00815546                OSFlagNameSize
                0x00815548                OSLowestPrio
                0x0081554a                OSMboxEn
                0x0081554c                OSMemEn
                0x0081554e                OSMemMax
                0x00815550                OSMemNameSize
                0x00815552                OSMemSize
                0x00815554                OSMemTblSize
                0x00815556                OSMutexEn
                0x00815558                OSPtrSize
                0x0081555a                OSQEn
                0x0081555c                OSQMax
                0x0081555e                OSQSize
                0x00815560                OSRdyTblSize
                0x00815562                OSSemEn
                0x00815564                OSStkWidth
                0x00815566                OSTaskCreateEn
                0x00815568                OSTaskCreateExtEn
                0x0081556a                OSTaskDelEn
                0x0081556c                OSTaskIdleStkSize
                0x0081556e                OSTaskProfileEn
                0x00815570                OSTaskMax
                0x00815572                OSTaskNameSize
                0x00815574                OSTaskStatEn
                0x00815576                OSTaskStatStkSize
                0x00815578                OSTaskStatStkChkEn
                0x0081557a                OSTaskSwHookEn
                0x0081557c                OSTCBPrioTblMax
                0x0081557e                OSTCBSize
                0x00815580                OSTicksPerSec
                0x00815582                OSTimeTickHookEn
                0x00815584                OSVersionNbr
                0x00815586                OSTmrEn
                0x00815588                OSTmrCfgMax
                0x0081558a                OSTmrCfgNameSize
                0x0081558c                OSTmrCfgWheelSize
                0x0081558e                OSTmrCfgTicksPerSec
                0x00815590                OSTmrSize
                0x00815592                OSTmrTblSize
                0x00815594                OSTmrWheelSize
                0x00815596                OSTmrWheelTblSize
                0x00815598                OSDataSize
 .sdata         0x0081559c        0x4 ../audioTest_bsp//libucosii_bsp.a(alt_irq_vars.o)
                0x0081559c                alt_priority_mask
 .sdata         0x008155a0        0x8 ../audioTest_bsp//libucosii_bsp.a(alt_tick.o)
                0x008155a0                alt_alarm_list
 *(.sdata2 .sdata2.* .gnu.linkonce.s2.*)
                0x008155a8                . = ALIGN (0x4)
                0x008155a8                _edata = ABSOLUTE (.)
                0x008155a8                PROVIDE (edata, ABSOLUTE (.))
                0x008155a8                PROVIDE (__ram_rwdata_end, ABSOLUTE (.))
                0x008155a8                PROVIDE (__flash_rwdata_start, LOADADDR (.rwdata))

.bss            0x00817104     0x7568
                0x00817104                __bss_start = ABSOLUTE (.)
                0x00817104                PROVIDE (__sbss_start, ABSOLUTE (.))
                0x00817104                PROVIDE (___sbss_start, ABSOLUTE (.))
 *(.dynsbss)
 *(.sbss .sbss.* .gnu.linkonce.sb.*)
 .sbss          0x00817104        0xc /OPT/altera/12.1/nios2eds/bin/gnu/H-i686-pc-linux-gnu/bin/../lib/gcc/nios2-elf/4.1.2/../../../../nios2-elf/lib/libc.a(lib_a-mallocr.o)
                0x00817104                __malloc_top_pad
                0x00817108                __malloc_max_sbrked_mem
                0x0081710c                __malloc_max_total_mem
 .sbss          0x00817110        0x4 /OPT/altera/12.1/nios2eds/bin/gnu/H-i686-pc-linux-gnu/bin/../lib/gcc/nios2-elf/4.1.2/../../../../nios2-elf/lib/libc.a(lib_a-int_errno.o)
                0x00817110                errno
 .sbss          0x00817114        0x4 ../audioTest_bsp//libucosii_bsp.a(alt_dev.o)
                0x00817114                alt_fd_list_lock
 .sbss          0x00817118        0xc ../audioTest_bsp//libucosii_bsp.a(alt_main.o)
                0x00817118                alt_argc
                0x0081711c                alt_argv
                0x00817120                alt_envp
 .sbss          0x00817124        0x8 ../audioTest_bsp//libucosii_bsp.a(alt_env_lock.o)
                0x00817128                alt_envsem
 .sbss          0x0081712c        0x8 ../audioTest_bsp//libucosii_bsp.a(alt_malloc_lock.o)
                0x00817130                alt_heapsem
 .sbss          0x00817134       0x50 ../audioTest_bsp//libucosii_bsp.a(os_core.o)
                0x00817134                OSLockNesting
                0x00817135                OSRunning
                0x00817138                OSIdleCtr
                0x0081713c                OSPrioHighRdy
                0x0081713d                OSPrioCur
                0x00817140                OSTCBList
                0x00817144                OSTickStepState
                0x00817148                OSCtxSwCtr
                0x0081714c                OSIdleCtrMax
                0x00817150                OSTCBFreeList
                0x00817154                OSCPUUsage
                0x00817155                OSTaskCtr
                0x00817158                OSMemFreeList
                0x0081715c                OSTCBHighRdy
                0x00817160                OSQFreeList
                0x00817164                OSRdyGrp
                0x00817165                OSRdyTbl
                0x00817168                OSEventFreeList
                0x0081716c                OSIntNesting
                0x00817170                OSTCBCur
                0x00817174                OSTime
                0x00817178                OSFlagFreeList
                0x0081717c                OSStatRdy
                0x00817180                OSIdleCtrRun
 .sbss          0x00817184        0x4 ../audioTest_bsp//libucosii_bsp.a(alt_irq_vars.o)
                0x00817184                alt_irq_active
 .sbss          0x00817188        0x8 ../audioTest_bsp//libucosii_bsp.a(alt_tick.o)
                0x00817188                _alt_tick_rate
                0x0081718c                _alt_nticks
 *(.sbss2 .sbss2.* .gnu.linkonce.sb2.*)
 *(.scommon)
                0x00817190                PROVIDE (__sbss_end, ABSOLUTE (.))
                0x00817190                PROVIDE (___sbss_end, ABSOLUTE (.))
 *(.dynbss)
 *(.bss .bss.* .gnu.linkonce.b.*)
 .bss           0x00817190        0x0 ../audioTest_bsp//obj/HAL/src/crt0.o
 .bss           0x00817190        0x0 obj/default/hello_ucosii.o
 .bss           0x00817190        0x0 /OPT/altera/12.1/nios2eds/bin/gnu/H-i686-pc-linux-gnu/bin/../lib/gcc/nios2-elf/4.1.2/../../../../nios2-elf/lib/libm.a(lib_a-s_sin.o)
 .bss           0x00817190        0x0 /OPT/altera/12.1/nios2eds/bin/gnu/H-i686-pc-linux-gnu/bin/../lib/gcc/nios2-elf/4.1.2/../../../../nios2-elf/lib/libm.a(lib_a-e_rem_pio2.o)
 .bss           0x00817190        0x0 /OPT/altera/12.1/nios2eds/bin/gnu/H-i686-pc-linux-gnu/bin/../lib/gcc/nios2-elf/4.1.2/../../../../nios2-elf/lib/libm.a(lib_a-k_cos.o)
 .bss           0x00817190        0x0 /OPT/altera/12.1/nios2eds/bin/gnu/H-i686-pc-linux-gnu/bin/../lib/gcc/nios2-elf/4.1.2/../../../../nios2-elf/lib/libm.a(lib_a-k_rem_pio2.o)
 .bss           0x00817190        0x0 /OPT/altera/12.1/nios2eds/bin/gnu/H-i686-pc-linux-gnu/bin/../lib/gcc/nios2-elf/4.1.2/../../../../nios2-elf/lib/libm.a(lib_a-k_sin.o)
 .bss           0x00817190        0x0 /OPT/altera/12.1/nios2eds/bin/gnu/H-i686-pc-linux-gnu/bin/../lib/gcc/nios2-elf/4.1.2/../../../../nios2-elf/lib/libm.a(lib_a-s_fabs.o)
 .bss           0x00817190        0x0 /OPT/altera/12.1/nios2eds/bin/gnu/H-i686-pc-linux-gnu/bin/../lib/gcc/nios2-elf/4.1.2/../../../../nios2-elf/lib/libm.a(lib_a-s_floor.o)
 .bss           0x00817190        0x0 /OPT/altera/12.1/nios2eds/bin/gnu/H-i686-pc-linux-gnu/bin/../lib/gcc/nios2-elf/4.1.2/../../../../nios2-elf/lib/libm.a(lib_a-s_scalbn.o)
 .bss           0x00817190        0x0 /OPT/altera/12.1/nios2eds/bin/gnu/H-i686-pc-linux-gnu/bin/../lib/gcc/nios2-elf/4.1.2/../../../../nios2-elf/lib/libm.a(lib_a-s_copysign.o)
 .bss           0x00817190        0x0 /OPT/altera/12.1/nios2eds/bin/gnu/H-i686-pc-linux-gnu/bin/../lib/gcc/nios2-elf/4.1.2/libgcc.a(_fixunsdfsi.o)
 .bss           0x00817190        0x0 /OPT/altera/12.1/nios2eds/bin/gnu/H-i686-pc-linux-gnu/bin/../lib/gcc/nios2-elf/4.1.2/libgcc.a(_addsub_df.o)
 .bss           0x00817190        0x0 /OPT/altera/12.1/nios2eds/bin/gnu/H-i686-pc-linux-gnu/bin/../lib/gcc/nios2-elf/4.1.2/libgcc.a(_mul_df.o)
 .bss           0x00817190        0x0 /OPT/altera/12.1/nios2eds/bin/gnu/H-i686-pc-linux-gnu/bin/../lib/gcc/nios2-elf/4.1.2/libgcc.a(_div_df.o)
 .bss           0x00817190        0x0 /OPT/altera/12.1/nios2eds/bin/gnu/H-i686-pc-linux-gnu/bin/../lib/gcc/nios2-elf/4.1.2/libgcc.a(_eq_df.o)
 .bss           0x00817190        0x0 /OPT/altera/12.1/nios2eds/bin/gnu/H-i686-pc-linux-gnu/bin/../lib/gcc/nios2-elf/4.1.2/libgcc.a(_gt_df.o)
 .bss           0x00817190        0x0 /OPT/altera/12.1/nios2eds/bin/gnu/H-i686-pc-linux-gnu/bin/../lib/gcc/nios2-elf/4.1.2/libgcc.a(_ge_df.o)
 .bss           0x00817190        0x0 /OPT/altera/12.1/nios2eds/bin/gnu/H-i686-pc-linux-gnu/bin/../lib/gcc/nios2-elf/4.1.2/libgcc.a(_si_to_df.o)
 .bss           0x00817190        0x0 /OPT/altera/12.1/nios2eds/bin/gnu/H-i686-pc-linux-gnu/bin/../lib/gcc/nios2-elf/4.1.2/libgcc.a(_df_to_si.o)
 .bss           0x00817190        0x0 /OPT/altera/12.1/nios2eds/bin/gnu/H-i686-pc-linux-gnu/bin/../lib/gcc/nios2-elf/4.1.2/libgcc.a(_thenan_df.o)
 .bss           0x00817190        0x0 /OPT/altera/12.1/nios2eds/bin/gnu/H-i686-pc-linux-gnu/bin/../lib/gcc/nios2-elf/4.1.2/libgcc.a(lib2-divmod.o)
 .bss           0x00817190        0x0 /OPT/altera/12.1/nios2eds/bin/gnu/H-i686-pc-linux-gnu/bin/../lib/gcc/nios2-elf/4.1.2/libgcc.a(_muldi3.o)
 .bss           0x00817190        0x0 /OPT/altera/12.1/nios2eds/bin/gnu/H-i686-pc-linux-gnu/bin/../lib/gcc/nios2-elf/4.1.2/libgcc.a(_clzsi2.o)
 .bss           0x00817190        0x0 /OPT/altera/12.1/nios2eds/bin/gnu/H-i686-pc-linux-gnu/bin/../lib/gcc/nios2-elf/4.1.2/libgcc.a(_pack_df.o)
 .bss           0x00817190        0x0 /OPT/altera/12.1/nios2eds/bin/gnu/H-i686-pc-linux-gnu/bin/../lib/gcc/nios2-elf/4.1.2/libgcc.a(_unpack_df.o)
 .bss           0x00817190        0x0 /OPT/altera/12.1/nios2eds/bin/gnu/H-i686-pc-linux-gnu/bin/../lib/gcc/nios2-elf/4.1.2/libgcc.a(_fpcmp_parts_df.o)
 .bss           0x00817190        0x0 /OPT/altera/12.1/nios2eds/bin/gnu/H-i686-pc-linux-gnu/bin/../lib/gcc/nios2-elf/4.1.2/libgcc.a(_clz.o)
 .bss           0x00817190        0x0 /OPT/altera/12.1/nios2eds/bin/gnu/H-i686-pc-linux-gnu/bin/../lib/gcc/nios2-elf/4.1.2/../../../../nios2-elf/lib/libc.a(lib_a-puts.o)
 .bss           0x00817190        0x0 /OPT/altera/12.1/nios2eds/bin/gnu/H-i686-pc-linux-gnu/bin/../lib/gcc/nios2-elf/4.1.2/../../../../nios2-elf/lib/libc.a(lib_a-strlen.o)
 .bss           0x00817190        0x0 /OPT/altera/12.1/nios2eds/bin/gnu/H-i686-pc-linux-gnu/bin/../lib/gcc/nios2-elf/4.1.2/../../../../nios2-elf/lib/libc.a(lib_a-fvwrite.o)
 .bss           0x00817190        0x0 /OPT/altera/12.1/nios2eds/bin/gnu/H-i686-pc-linux-gnu/bin/../lib/gcc/nios2-elf/4.1.2/../../../../nios2-elf/lib/libc.a(lib_a-impure.o)
 .bss           0x00817190       0x28 /OPT/altera/12.1/nios2eds/bin/gnu/H-i686-pc-linux-gnu/bin/../lib/gcc/nios2-elf/4.1.2/../../../../nios2-elf/lib/libc.a(lib_a-mallocr.o)
                0x00817190                __malloc_current_mallinfo
 .bss           0x008171b8        0x0 /OPT/altera/12.1/nios2eds/bin/gnu/H-i686-pc-linux-gnu/bin/../lib/gcc/nios2-elf/4.1.2/../../../../nios2-elf/lib/libc.a(lib_a-memchr.o)
 .bss           0x008171b8        0x0 /OPT/altera/12.1/nios2eds/bin/gnu/H-i686-pc-linux-gnu/bin/../lib/gcc/nios2-elf/4.1.2/../../../../nios2-elf/lib/libc.a(lib_a-memcpy.o)
 .bss           0x008171b8        0x0 /OPT/altera/12.1/nios2eds/bin/gnu/H-i686-pc-linux-gnu/bin/../lib/gcc/nios2-elf/4.1.2/../../../../nios2-elf/lib/libc.a(lib_a-memmove.o)
 .bss           0x008171b8        0x0 /OPT/altera/12.1/nios2eds/bin/gnu/H-i686-pc-linux-gnu/bin/../lib/gcc/nios2-elf/4.1.2/../../../../nios2-elf/lib/libc.a(lib_a-reallocr.o)
 .bss           0x008171b8        0x0 /OPT/altera/12.1/nios2eds/bin/gnu/H-i686-pc-linux-gnu/bin/../lib/gcc/nios2-elf/4.1.2/../../../../nios2-elf/lib/libc.a(lib_a-sbrkr.o)
 .bss           0x008171b8        0x0 /OPT/altera/12.1/nios2eds/bin/gnu/H-i686-pc-linux-gnu/bin/../lib/gcc/nios2-elf/4.1.2/../../../../nios2-elf/lib/libc.a(lib_a-wsetup.o)
 .bss           0x008171b8        0x0 /OPT/altera/12.1/nios2eds/bin/gnu/H-i686-pc-linux-gnu/bin/../lib/gcc/nios2-elf/4.1.2/../../../../nios2-elf/lib/libc.a(lib_a-fflush.o)
 .bss           0x008171b8        0x0 /OPT/altera/12.1/nios2eds/bin/gnu/H-i686-pc-linux-gnu/bin/../lib/gcc/nios2-elf/4.1.2/../../../../nios2-elf/lib/libc.a(lib_a-findfp.o)
 .bss           0x008171b8        0x0 /OPT/altera/12.1/nios2eds/bin/gnu/H-i686-pc-linux-gnu/bin/../lib/gcc/nios2-elf/4.1.2/../../../../nios2-elf/lib/libc.a(lib_a-freer.o)
 .bss           0x008171b8        0x0 /OPT/altera/12.1/nios2eds/bin/gnu/H-i686-pc-linux-gnu/bin/../lib/gcc/nios2-elf/4.1.2/../../../../nios2-elf/lib/libc.a(lib_a-fwalk.o)
 .bss           0x008171b8        0x0 /OPT/altera/12.1/nios2eds/bin/gnu/H-i686-pc-linux-gnu/bin/../lib/gcc/nios2-elf/4.1.2/../../../../nios2-elf/lib/libc.a(lib_a-int_errno.o)
 .bss           0x008171b8        0x0 /OPT/altera/12.1/nios2eds/bin/gnu/H-i686-pc-linux-gnu/bin/../lib/gcc/nios2-elf/4.1.2/../../../../nios2-elf/lib/libc.a(lib_a-makebuf.o)
 .bss           0x008171b8        0x0 /OPT/altera/12.1/nios2eds/bin/gnu/H-i686-pc-linux-gnu/bin/../lib/gcc/nios2-elf/4.1.2/../../../../nios2-elf/lib/libc.a(lib_a-memset.o)
 .bss           0x008171b8        0x0 /OPT/altera/12.1/nios2eds/bin/gnu/H-i686-pc-linux-gnu/bin/../lib/gcc/nios2-elf/4.1.2/../../../../nios2-elf/lib/libc.a(lib_a-stdio.o)
 .bss           0x008171b8        0x0 /OPT/altera/12.1/nios2eds/bin/gnu/H-i686-pc-linux-gnu/bin/../lib/gcc/nios2-elf/4.1.2/../../../../nios2-elf/lib/libc.a(lib_a-writer.o)
 .bss           0x008171b8        0x0 /OPT/altera/12.1/nios2eds/bin/gnu/H-i686-pc-linux-gnu/bin/../lib/gcc/nios2-elf/4.1.2/../../../../nios2-elf/lib/libc.a(lib_a-closer.o)
 .bss           0x008171b8        0x0 /OPT/altera/12.1/nios2eds/bin/gnu/H-i686-pc-linux-gnu/bin/../lib/gcc/nios2-elf/4.1.2/../../../../nios2-elf/lib/libc.a(lib_a-fclose.o)
 .bss           0x008171b8        0x0 /OPT/altera/12.1/nios2eds/bin/gnu/H-i686-pc-linux-gnu/bin/../lib/gcc/nios2-elf/4.1.2/../../../../nios2-elf/lib/libc.a(lib_a-fstatr.o)
 .bss           0x008171b8        0x0 /OPT/altera/12.1/nios2eds/bin/gnu/H-i686-pc-linux-gnu/bin/../lib/gcc/nios2-elf/4.1.2/../../../../nios2-elf/lib/libc.a(lib_a-isattyr.o)
 .bss           0x008171b8        0x0 /OPT/altera/12.1/nios2eds/bin/gnu/H-i686-pc-linux-gnu/bin/../lib/gcc/nios2-elf/4.1.2/../../../../nios2-elf/lib/libc.a(lib_a-lseekr.o)
 .bss           0x008171b8        0x0 /OPT/altera/12.1/nios2eds/bin/gnu/H-i686-pc-linux-gnu/bin/../lib/gcc/nios2-elf/4.1.2/../../../../nios2-elf/lib/libc.a(lib_a-readr.o)
 .bss           0x008171b8        0x0 ../audioTest_bsp//libucosii_bsp.a(alt_close.o)
 .bss           0x008171b8        0x0 ../audioTest_bsp//libucosii_bsp.a(alt_dev.o)
 .bss           0x008171b8        0x0 ../audioTest_bsp//libucosii_bsp.a(alt_errno.o)
 .bss           0x008171b8        0x0 ../audioTest_bsp//libucosii_bsp.a(alt_fstat.o)
 .bss           0x008171b8        0x0 ../audioTest_bsp//libucosii_bsp.a(alt_isatty.o)
 .bss           0x008171b8        0x0 ../audioTest_bsp//libucosii_bsp.a(alt_load.o)
 .bss           0x008171b8        0x0 ../audioTest_bsp//libucosii_bsp.a(alt_lseek.o)
 .bss           0x008171b8        0x0 ../audioTest_bsp//libucosii_bsp.a(alt_main.o)
 .bss           0x008171b8        0x0 ../audioTest_bsp//libucosii_bsp.a(alt_read.o)
 .bss           0x008171b8        0x0 ../audioTest_bsp//libucosii_bsp.a(alt_release_fd.o)
 .bss           0x008171b8        0x0 ../audioTest_bsp//libucosii_bsp.a(alt_sbrk.o)
 .bss           0x008171b8        0x0 ../audioTest_bsp//libucosii_bsp.a(alt_write.o)
 .bss           0x008171b8        0x0 ../audioTest_bsp//libucosii_bsp.a(alt_env_lock.o)
 .bss           0x008171b8        0x0 ../audioTest_bsp//libucosii_bsp.a(alt_malloc_lock.o)
 .bss           0x008171b8        0x0 ../audioTest_bsp//libucosii_bsp.a(os_core.o)
 .bss           0x008171b8        0x0 ../audioTest_bsp//libucosii_bsp.a(os_dbg.o)
 .bss           0x008171b8        0x0 ../audioTest_bsp//libucosii_bsp.a(os_flag.o)
 .bss           0x008171b8        0x0 ../audioTest_bsp//libucosii_bsp.a(os_mem.o)
 .bss           0x008171b8        0x0 ../audioTest_bsp//libucosii_bsp.a(os_q.o)
 .bss           0x008171b8        0x0 ../audioTest_bsp//libucosii_bsp.a(os_sem.o)
 .bss           0x008171b8        0x0 ../audioTest_bsp//libucosii_bsp.a(os_task.o)
 .bss           0x008171b8        0x0 ../audioTest_bsp//libucosii_bsp.a(os_time.o)
 .bss           0x008171b8        0x0 ../audioTest_bsp//libucosii_bsp.a(alt_sys_init.o)
 .bss           0x008171b8        0x0 ../audioTest_bsp//libucosii_bsp.a(altera_avalon_jtag_uart_fd.o)
 .bss           0x008171b8        0x0 ../audioTest_bsp//libucosii_bsp.a(altera_avalon_jtag_uart_init.o)
 .bss           0x008171b8        0x0 ../audioTest_bsp//libucosii_bsp.a(altera_avalon_jtag_uart_ioctl.o)
 .bss           0x008171b8        0x0 ../audioTest_bsp//libucosii_bsp.a(altera_avalon_jtag_uart_read.o)
 .bss           0x008171b8        0x0 ../audioTest_bsp//libucosii_bsp.a(altera_avalon_jtag_uart_write.o)
 .bss           0x008171b8        0x0 ../audioTest_bsp//libucosii_bsp.a(altera_avalon_timer_sc.o)
 .bss           0x008171b8        0x0 ../audioTest_bsp//libucosii_bsp.a(altera_up_avalon_audio.o)
 .bss           0x008171b8        0x0 ../audioTest_bsp//libucosii_bsp.a(altera_up_avalon_audio_and_video_config.o)
 .bss           0x008171b8        0x0 ../audioTest_bsp//libucosii_bsp.a(altera_up_avalon_character_lcd.o)
 .bss           0x008171b8        0x0 ../audioTest_bsp//libucosii_bsp.a(alt_alarm_start.o)
 .bss           0x008171b8        0x0 ../audioTest_bsp//libucosii_bsp.a(alt_dcache_flush_all.o)
 .bss           0x008171b8        0x0 ../audioTest_bsp//libucosii_bsp.a(alt_dev_llist_insert.o)
 .bss           0x008171b8        0x0 ../audioTest_bsp//libucosii_bsp.a(alt_do_ctors.o)
 .bss           0x008171b8        0x0 ../audioTest_bsp//libucosii_bsp.a(alt_do_dtors.o)
 .bss           0x008171b8        0x0 ../audioTest_bsp//libucosii_bsp.a(alt_find_dev.o)
 .bss           0x008171b8        0x0 ../audioTest_bsp//libucosii_bsp.a(alt_icache_flush_all.o)
 .bss           0x008171b8        0x0 ../audioTest_bsp//libucosii_bsp.a(alt_io_redirect.o)
 .bss           0x008171b8        0x0 ../audioTest_bsp//libucosii_bsp.a(alt_irq_register.o)
 .bss           0x008171b8        0x0 ../audioTest_bsp//libucosii_bsp.a(alt_irq_vars.o)
 .bss           0x008171b8        0x0 ../audioTest_bsp//libucosii_bsp.a(alt_open.o)
 .bss           0x008171b8        0x0 ../audioTest_bsp//libucosii_bsp.a(alt_tick.o)
 .bss           0x008171b8        0x0 ../audioTest_bsp//libucosii_bsp.a(altera_nios2_qsys_irq.o)
 .bss           0x008171b8        0x0 ../audioTest_bsp//libucosii_bsp.a(os_cpu_a.o)
 .bss           0x008171b8        0x0 ../audioTest_bsp//libucosii_bsp.a(os_cpu_c.o)
 .bss           0x008171b8        0x0 ../audioTest_bsp//libucosii_bsp.a(alt_find_file.o)
 .bss           0x008171b8        0x0 ../audioTest_bsp//libucosii_bsp.a(alt_get_fd.o)
 .bss           0x008171b8        0x0 ../audioTest_bsp//libucosii_bsp.a(alt_icache_flush.o)
 .bss           0x008171b8        0x0 ../audioTest_bsp//libucosii_bsp.a(alt_irq_entry.o)
 .bss           0x008171b8        0x0 ../audioTest_bsp//libucosii_bsp.a(alt_irq_handler.o)
 .bss           0x008171b8        0x0 ../audioTest_bsp//libucosii_bsp.a(alt_exception_entry.o)
 .bss           0x008171b8        0x0 /OPT/altera/12.1/nios2eds/bin/gnu/H-i686-pc-linux-gnu/bin/../lib/gcc/nios2-elf/4.1.2/../../../../nios2-elf/lib/libc.a(lib_a-atexit.o)
 .bss           0x008171b8        0x0 /OPT/altera/12.1/nios2eds/bin/gnu/H-i686-pc-linux-gnu/bin/../lib/gcc/nios2-elf/4.1.2/../../../../nios2-elf/lib/libc.a(lib_a-exit.o)
 .bss           0x008171b8        0x0 /OPT/altera/12.1/nios2eds/bin/gnu/H-i686-pc-linux-gnu/bin/../lib/gcc/nios2-elf/4.1.2/../../../../nios2-elf/lib/libc.a(lib_a-memcmp.o)
 .bss           0x008171b8        0x0 /OPT/altera/12.1/nios2eds/bin/gnu/H-i686-pc-linux-gnu/bin/../lib/gcc/nios2-elf/4.1.2/../../../../nios2-elf/lib/libc.a(lib_a-__atexit.o)
 .bss           0x008171b8        0x0 /OPT/altera/12.1/nios2eds/bin/gnu/H-i686-pc-linux-gnu/bin/../lib/gcc/nios2-elf/4.1.2/../../../../nios2-elf/lib/libc.a(lib_a-__call_atexit.o)
 .bss           0x008171b8        0x0 ../audioTest_bsp//libucosii_bsp.a(alt_exit.o)
 *(COMMON)
 COMMON         0x008171b8     0x4000 obj/default/hello_ucosii.o
                0x008171b8                task1_stk
                0x008191b8                task2_stk
 COMMON         0x0081b1b8     0x3224 ../audioTest_bsp//libucosii_bsp.a(os_core.o)
                0x0081b1b8                OSFlagTbl
                0x0081b528                OSMemTbl
                0x0081c158                OSTaskStatStk
                0x0081c958                OSQTbl
                0x0081cb38                OSTaskIdleStk
                0x0081d338                OSEventTbl
                0x0081de78                OSTCBTbl
                0x0081e388                OSTCBPrioTbl
 COMMON         0x0081e3dc      0x100 ../audioTest_bsp//libucosii_bsp.a(alt_irq_handler.o)
                0x0081e3dc                alt_irq
 COMMON         0x0081e4dc      0x190 /OPT/altera/12.1/nios2eds/bin/gnu/H-i686-pc-linux-gnu/bin/../lib/gcc/nios2-elf/4.1.2/../../../../nios2-elf/lib/libc.a(lib_a-atexit.o)
                0x0081e4dc                _atexit0
                0x0081e66c                . = ALIGN (0x4)
                0x0081e66c                __bss_end = ABSOLUTE (.)

.sdram_0        0x0081e66c        0x0
                0x0081e66c                PROVIDE (_alt_partition_sdram_0_start, ABSOLUTE (.))
 *(.sdram_0. sdram_0.*)
                0x0081e66c                . = ALIGN (0x4)
                0x0081e66c                PROVIDE (_alt_partition_sdram_0_end, ABSOLUTE (.))
                0x0081e66c                _end = ABSOLUTE (.)
                0x0081e66c                end = ABSOLUTE (.)
                0x0081e66c                __alt_stack_base = ABSOLUTE (.)
                0x0081e66c                PROVIDE (_alt_partition_sdram_0_load_addr, LOADADDR (.sdram_0))

.sram_0         0x01080000        0x0 load address 0x0081e66c
                0x01080000                PROVIDE (_alt_partition_sram_0_start, ABSOLUTE (.))
 *(.sram_0. sram_0.*)
                0x01080000                . = ALIGN (0x4)
                0x01080000                PROVIDE (_alt_partition_sram_0_end, ABSOLUTE (.))
                0x0081e66c                PROVIDE (_alt_partition_sram_0_load_addr, LOADADDR (.sram_0))

.onchip_memory2_0
                0x011041c0        0x0 load address 0x0081e66c
                0x011041c0                PROVIDE (_alt_partition_onchip_memory2_0_start, ABSOLUTE (.))
 *(.onchip_memory2_0. onchip_memory2_0.*)
                0x011041c0                . = ALIGN (0x4)
                0x011041c0                PROVIDE (_alt_partition_onchip_memory2_0_end, ABSOLUTE (.))
                0x0081e66c                PROVIDE (_alt_partition_onchip_memory2_0_load_addr, LOADADDR (.onchip_memory2_0))

.stab
 *(.stab)

.stabstr
 *(.stabstr)

.stab.excl
 *(.stab.excl)

.stab.exclstr
 *(.stab.exclstr)

.stab.index
 *(.stab.index)

.stab.indexstr
 *(.stab.indexstr)

.comment        0x00000000       0x26
 *(.comment)
 .comment       0x00000000       0x26 obj/default/hello_ucosii.o
                                 0x27 (size before relaxing)
 .comment       0x00000000       0x27 /OPT/altera/12.1/nios2eds/bin/gnu/H-i686-pc-linux-gnu/bin/../lib/gcc/nios2-elf/4.1.2/../../../../nios2-elf/lib/libm.a(lib_a-s_sin.o)
 .comment       0x00000000       0x27 /OPT/altera/12.1/nios2eds/bin/gnu/H-i686-pc-linux-gnu/bin/../lib/gcc/nios2-elf/4.1.2/../../../../nios2-elf/lib/libm.a(lib_a-e_rem_pio2.o)
 .comment       0x00000000       0x27 /OPT/altera/12.1/nios2eds/bin/gnu/H-i686-pc-linux-gnu/bin/../lib/gcc/nios2-elf/4.1.2/../../../../nios2-elf/lib/libm.a(lib_a-k_cos.o)
 .comment       0x00000000       0x27 /OPT/altera/12.1/nios2eds/bin/gnu/H-i686-pc-linux-gnu/bin/../lib/gcc/nios2-elf/4.1.2/../../../../nios2-elf/lib/libm.a(lib_a-k_rem_pio2.o)
 .comment       0x00000000       0x27 /OPT/altera/12.1/nios2eds/bin/gnu/H-i686-pc-linux-gnu/bin/../lib/gcc/nios2-elf/4.1.2/../../../../nios2-elf/lib/libm.a(lib_a-k_sin.o)
 .comment       0x00000000       0x27 /OPT/altera/12.1/nios2eds/bin/gnu/H-i686-pc-linux-gnu/bin/../lib/gcc/nios2-elf/4.1.2/../../../../nios2-elf/lib/libm.a(lib_a-s_fabs.o)
 .comment       0x00000000       0x27 /OPT/altera/12.1/nios2eds/bin/gnu/H-i686-pc-linux-gnu/bin/../lib/gcc/nios2-elf/4.1.2/../../../../nios2-elf/lib/libm.a(lib_a-s_floor.o)
 .comment       0x00000000       0x27 /OPT/altera/12.1/nios2eds/bin/gnu/H-i686-pc-linux-gnu/bin/../lib/gcc/nios2-elf/4.1.2/../../../../nios2-elf/lib/libm.a(lib_a-s_scalbn.o)
 .comment       0x00000000       0x27 /OPT/altera/12.1/nios2eds/bin/gnu/H-i686-pc-linux-gnu/bin/../lib/gcc/nios2-elf/4.1.2/../../../../nios2-elf/lib/libm.a(lib_a-s_copysign.o)
 .comment       0x00000000       0x27 /OPT/altera/12.1/nios2eds/bin/gnu/H-i686-pc-linux-gnu/bin/../lib/gcc/nios2-elf/4.1.2/libgcc.a(_fixunsdfsi.o)
 .comment       0x00000000       0x27 /OPT/altera/12.1/nios2eds/bin/gnu/H-i686-pc-linux-gnu/bin/../lib/gcc/nios2-elf/4.1.2/libgcc.a(_addsub_df.o)
 .comment       0x00000000       0x27 /OPT/altera/12.1/nios2eds/bin/gnu/H-i686-pc-linux-gnu/bin/../lib/gcc/nios2-elf/4.1.2/libgcc.a(_mul_df.o)
 .comment       0x00000000       0x27 /OPT/altera/12.1/nios2eds/bin/gnu/H-i686-pc-linux-gnu/bin/../lib/gcc/nios2-elf/4.1.2/libgcc.a(_div_df.o)
 .comment       0x00000000       0x27 /OPT/altera/12.1/nios2eds/bin/gnu/H-i686-pc-linux-gnu/bin/../lib/gcc/nios2-elf/4.1.2/libgcc.a(_eq_df.o)
 .comment       0x00000000       0x27 /OPT/altera/12.1/nios2eds/bin/gnu/H-i686-pc-linux-gnu/bin/../lib/gcc/nios2-elf/4.1.2/libgcc.a(_gt_df.o)
 .comment       0x00000000       0x27 /OPT/altera/12.1/nios2eds/bin/gnu/H-i686-pc-linux-gnu/bin/../lib/gcc/nios2-elf/4.1.2/libgcc.a(_ge_df.o)
 .comment       0x00000000       0x27 /OPT/altera/12.1/nios2eds/bin/gnu/H-i686-pc-linux-gnu/bin/../lib/gcc/nios2-elf/4.1.2/libgcc.a(_si_to_df.o)
 .comment       0x00000000       0x27 /OPT/altera/12.1/nios2eds/bin/gnu/H-i686-pc-linux-gnu/bin/../lib/gcc/nios2-elf/4.1.2/libgcc.a(_df_to_si.o)
 .comment       0x00000000       0x27 /OPT/altera/12.1/nios2eds/bin/gnu/H-i686-pc-linux-gnu/bin/../lib/gcc/nios2-elf/4.1.2/libgcc.a(_thenan_df.o)
 .comment       0x00000000       0x27 /OPT/altera/12.1/nios2eds/bin/gnu/H-i686-pc-linux-gnu/bin/../lib/gcc/nios2-elf/4.1.2/libgcc.a(lib2-divmod.o)
 .comment       0x00000000       0x27 /OPT/altera/12.1/nios2eds/bin/gnu/H-i686-pc-linux-gnu/bin/../lib/gcc/nios2-elf/4.1.2/libgcc.a(_muldi3.o)
 .comment       0x00000000       0x27 /OPT/altera/12.1/nios2eds/bin/gnu/H-i686-pc-linux-gnu/bin/../lib/gcc/nios2-elf/4.1.2/libgcc.a(_clzsi2.o)
 .comment       0x00000000       0x27 /OPT/altera/12.1/nios2eds/bin/gnu/H-i686-pc-linux-gnu/bin/../lib/gcc/nios2-elf/4.1.2/libgcc.a(_pack_df.o)
 .comment       0x00000000       0x27 /OPT/altera/12.1/nios2eds/bin/gnu/H-i686-pc-linux-gnu/bin/../lib/gcc/nios2-elf/4.1.2/libgcc.a(_unpack_df.o)
 .comment       0x00000000       0x27 /OPT/altera/12.1/nios2eds/bin/gnu/H-i686-pc-linux-gnu/bin/../lib/gcc/nios2-elf/4.1.2/libgcc.a(_fpcmp_parts_df.o)
 .comment       0x00000000       0x27 /OPT/altera/12.1/nios2eds/bin/gnu/H-i686-pc-linux-gnu/bin/../lib/gcc/nios2-elf/4.1.2/libgcc.a(_clz.o)
 .comment       0x00000000       0x27 /OPT/altera/12.1/nios2eds/bin/gnu/H-i686-pc-linux-gnu/bin/../lib/gcc/nios2-elf/4.1.2/../../../../nios2-elf/lib/libc.a(lib_a-puts.o)
 .comment       0x00000000       0x27 /OPT/altera/12.1/nios2eds/bin/gnu/H-i686-pc-linux-gnu/bin/../lib/gcc/nios2-elf/4.1.2/../../../../nios2-elf/lib/libc.a(lib_a-strlen.o)
 .comment       0x00000000       0x27 /OPT/altera/12.1/nios2eds/bin/gnu/H-i686-pc-linux-gnu/bin/../lib/gcc/nios2-elf/4.1.2/../../../../nios2-elf/lib/libc.a(lib_a-fvwrite.o)
 .comment       0x00000000       0x27 /OPT/altera/12.1/nios2eds/bin/gnu/H-i686-pc-linux-gnu/bin/../lib/gcc/nios2-elf/4.1.2/../../../../nios2-elf/lib/libc.a(lib_a-impure.o)
 .comment       0x00000000       0x27 /OPT/altera/12.1/nios2eds/bin/gnu/H-i686-pc-linux-gnu/bin/../lib/gcc/nios2-elf/4.1.2/../../../../nios2-elf/lib/libc.a(lib_a-mallocr.o)
 .comment       0x00000000       0x27 /OPT/altera/12.1/nios2eds/bin/gnu/H-i686-pc-linux-gnu/bin/../lib/gcc/nios2-elf/4.1.2/../../../../nios2-elf/lib/libc.a(lib_a-memchr.o)
 .comment       0x00000000       0x27 /OPT/altera/12.1/nios2eds/bin/gnu/H-i686-pc-linux-gnu/bin/../lib/gcc/nios2-elf/4.1.2/../../../../nios2-elf/lib/libc.a(lib_a-memcpy.o)
 .comment       0x00000000       0x27 /OPT/altera/12.1/nios2eds/bin/gnu/H-i686-pc-linux-gnu/bin/../lib/gcc/nios2-elf/4.1.2/../../../../nios2-elf/lib/libc.a(lib_a-memmove.o)
 .comment       0x00000000       0x27 /OPT/altera/12.1/nios2eds/bin/gnu/H-i686-pc-linux-gnu/bin/../lib/gcc/nios2-elf/4.1.2/../../../../nios2-elf/lib/libc.a(lib_a-reallocr.o)
 .comment       0x00000000       0x27 /OPT/altera/12.1/nios2eds/bin/gnu/H-i686-pc-linux-gnu/bin/../lib/gcc/nios2-elf/4.1.2/../../../../nios2-elf/lib/libc.a(lib_a-sbrkr.o)
 .comment       0x00000000       0x27 /OPT/altera/12.1/nios2eds/bin/gnu/H-i686-pc-linux-gnu/bin/../lib/gcc/nios2-elf/4.1.2/../../../../nios2-elf/lib/libc.a(lib_a-wsetup.o)
 .comment       0x00000000       0x27 /OPT/altera/12.1/nios2eds/bin/gnu/H-i686-pc-linux-gnu/bin/../lib/gcc/nios2-elf/4.1.2/../../../../nios2-elf/lib/libc.a(lib_a-fflush.o)
 .comment       0x00000000       0x27 /OPT/altera/12.1/nios2eds/bin/gnu/H-i686-pc-linux-gnu/bin/../lib/gcc/nios2-elf/4.1.2/../../../../nios2-elf/lib/libc.a(lib_a-findfp.o)
 .comment       0x00000000       0x27 /OPT/altera/12.1/nios2eds/bin/gnu/H-i686-pc-linux-gnu/bin/../lib/gcc/nios2-elf/4.1.2/../../../../nios2-elf/lib/libc.a(lib_a-freer.o)
 .comment       0x00000000       0x27 /OPT/altera/12.1/nios2eds/bin/gnu/H-i686-pc-linux-gnu/bin/../lib/gcc/nios2-elf/4.1.2/../../../../nios2-elf/lib/libc.a(lib_a-fwalk.o)
 .comment       0x00000000       0x27 /OPT/altera/12.1/nios2eds/bin/gnu/H-i686-pc-linux-gnu/bin/../lib/gcc/nios2-elf/4.1.2/../../../../nios2-elf/lib/libc.a(lib_a-int_errno.o)
 .comment       0x00000000       0x27 /OPT/altera/12.1/nios2eds/bin/gnu/H-i686-pc-linux-gnu/bin/../lib/gcc/nios2-elf/4.1.2/../../../../nios2-elf/lib/libc.a(lib_a-makebuf.o)
 .comment       0x00000000       0x27 /OPT/altera/12.1/nios2eds/bin/gnu/H-i686-pc-linux-gnu/bin/../lib/gcc/nios2-elf/4.1.2/../../../../nios2-elf/lib/libc.a(lib_a-memset.o)
 .comment       0x00000000       0x27 /OPT/altera/12.1/nios2eds/bin/gnu/H-i686-pc-linux-gnu/bin/../lib/gcc/nios2-elf/4.1.2/../../../../nios2-elf/lib/libc.a(lib_a-stdio.o)
 .comment       0x00000000       0x27 /OPT/altera/12.1/nios2eds/bin/gnu/H-i686-pc-linux-gnu/bin/../lib/gcc/nios2-elf/4.1.2/../../../../nios2-elf/lib/libc.a(lib_a-writer.o)
 .comment       0x00000000       0x27 /OPT/altera/12.1/nios2eds/bin/gnu/H-i686-pc-linux-gnu/bin/../lib/gcc/nios2-elf/4.1.2/../../../../nios2-elf/lib/libc.a(lib_a-closer.o)
 .comment       0x00000000       0x27 /OPT/altera/12.1/nios2eds/bin/gnu/H-i686-pc-linux-gnu/bin/../lib/gcc/nios2-elf/4.1.2/../../../../nios2-elf/lib/libc.a(lib_a-fclose.o)
 .comment       0x00000000       0x27 /OPT/altera/12.1/nios2eds/bin/gnu/H-i686-pc-linux-gnu/bin/../lib/gcc/nios2-elf/4.1.2/../../../../nios2-elf/lib/libc.a(lib_a-fstatr.o)
 .comment       0x00000000       0x27 /OPT/altera/12.1/nios2eds/bin/gnu/H-i686-pc-linux-gnu/bin/../lib/gcc/nios2-elf/4.1.2/../../../../nios2-elf/lib/libc.a(lib_a-isattyr.o)
 .comment       0x00000000       0x27 /OPT/altera/12.1/nios2eds/bin/gnu/H-i686-pc-linux-gnu/bin/../lib/gcc/nios2-elf/4.1.2/../../../../nios2-elf/lib/libc.a(lib_a-lseekr.o)
 .comment       0x00000000       0x27 /OPT/altera/12.1/nios2eds/bin/gnu/H-i686-pc-linux-gnu/bin/../lib/gcc/nios2-elf/4.1.2/../../../../nios2-elf/lib/libc.a(lib_a-readr.o)
 .comment       0x00000000       0x27 ../audioTest_bsp//libucosii_bsp.a(alt_close.o)
 .comment       0x00000000       0x27 ../audioTest_bsp//libucosii_bsp.a(alt_dev.o)
 .comment       0x00000000       0x27 ../audioTest_bsp//libucosii_bsp.a(alt_errno.o)
 .comment       0x00000000       0x27 ../audioTest_bsp//libucosii_bsp.a(alt_fstat.o)
 .comment       0x00000000       0x27 ../audioTest_bsp//libucosii_bsp.a(alt_isatty.o)
 .comment       0x00000000       0x27 ../audioTest_bsp//libucosii_bsp.a(alt_load.o)
 .comment       0x00000000       0x27 ../audioTest_bsp//libucosii_bsp.a(alt_lseek.o)
 .comment       0x00000000       0x27 ../audioTest_bsp//libucosii_bsp.a(alt_main.o)
 .comment       0x00000000       0x27 ../audioTest_bsp//libucosii_bsp.a(alt_read.o)
 .comment       0x00000000       0x27 ../audioTest_bsp//libucosii_bsp.a(alt_release_fd.o)
 .comment       0x00000000       0x27 ../audioTest_bsp//libucosii_bsp.a(alt_sbrk.o)
 .comment       0x00000000       0x27 ../audioTest_bsp//libucosii_bsp.a(alt_write.o)
 .comment       0x00000000       0x27 ../audioTest_bsp//libucosii_bsp.a(alt_env_lock.o)
 .comment       0x00000000       0x27 ../audioTest_bsp//libucosii_bsp.a(alt_malloc_lock.o)
 .comment       0x00000000       0x27 ../audioTest_bsp//libucosii_bsp.a(os_core.o)
 .comment       0x00000000       0x27 ../audioTest_bsp//libucosii_bsp.a(os_dbg.o)
 .comment       0x00000000       0x27 ../audioTest_bsp//libucosii_bsp.a(os_flag.o)
 .comment       0x00000000       0x27 ../audioTest_bsp//libucosii_bsp.a(os_mem.o)
 .comment       0x00000000       0x27 ../audioTest_bsp//libucosii_bsp.a(os_q.o)
 .comment       0x00000000       0x27 ../audioTest_bsp//libucosii_bsp.a(os_sem.o)
 .comment       0x00000000       0x27 ../audioTest_bsp//libucosii_bsp.a(os_task.o)
 .comment       0x00000000       0x27 ../audioTest_bsp//libucosii_bsp.a(os_time.o)
 .comment       0x00000000       0x27 ../audioTest_bsp//libucosii_bsp.a(alt_sys_init.o)
 .comment       0x00000000       0x27 ../audioTest_bsp//libucosii_bsp.a(altera_avalon_jtag_uart_fd.o)
 .comment       0x00000000       0x27 ../audioTest_bsp//libucosii_bsp.a(altera_avalon_jtag_uart_init.o)
 .comment       0x00000000       0x27 ../audioTest_bsp//libucosii_bsp.a(altera_avalon_jtag_uart_ioctl.o)
 .comment       0x00000000       0x27 ../audioTest_bsp//libucosii_bsp.a(altera_avalon_jtag_uart_read.o)
 .comment       0x00000000       0x27 ../audioTest_bsp//libucosii_bsp.a(altera_avalon_jtag_uart_write.o)
 .comment       0x00000000       0x27 ../audioTest_bsp//libucosii_bsp.a(altera_avalon_timer_sc.o)
 .comment       0x00000000       0x27 ../audioTest_bsp//libucosii_bsp.a(altera_up_avalon_audio.o)
 .comment       0x00000000       0x27 ../audioTest_bsp//libucosii_bsp.a(altera_up_avalon_audio_and_video_config.o)
 .comment       0x00000000       0x27 ../audioTest_bsp//libucosii_bsp.a(altera_up_avalon_character_lcd.o)
 .comment       0x00000000       0x27 ../audioTest_bsp//libucosii_bsp.a(alt_alarm_start.o)
 .comment       0x00000000       0x27 ../audioTest_bsp//libucosii_bsp.a(alt_dcache_flush_all.o)
 .comment       0x00000000       0x27 ../audioTest_bsp//libucosii_bsp.a(alt_dev_llist_insert.o)
 .comment       0x00000000       0x27 ../audioTest_bsp//libucosii_bsp.a(alt_do_ctors.o)
 .comment       0x00000000       0x27 ../audioTest_bsp//libucosii_bsp.a(alt_do_dtors.o)
 .comment       0x00000000       0x27 ../audioTest_bsp//libucosii_bsp.a(alt_find_dev.o)
 .comment       0x00000000       0x27 ../audioTest_bsp//libucosii_bsp.a(alt_icache_flush_all.o)
 .comment       0x00000000       0x27 ../audioTest_bsp//libucosii_bsp.a(alt_io_redirect.o)
 .comment       0x00000000       0x27 ../audioTest_bsp//libucosii_bsp.a(alt_irq_register.o)
 .comment       0x00000000       0x27 ../audioTest_bsp//libucosii_bsp.a(alt_irq_vars.o)
 .comment       0x00000000       0x27 ../audioTest_bsp//libucosii_bsp.a(alt_open.o)
 .comment       0x00000000       0x27 ../audioTest_bsp//libucosii_bsp.a(alt_tick.o)
 .comment       0x00000000       0x27 ../audioTest_bsp//libucosii_bsp.a(altera_nios2_qsys_irq.o)
 .comment       0x00000000       0x27 ../audioTest_bsp//libucosii_bsp.a(os_cpu_c.o)
 .comment       0x00000000       0x27 ../audioTest_bsp//libucosii_bsp.a(alt_find_file.o)
 .comment       0x00000000       0x27 ../audioTest_bsp//libucosii_bsp.a(alt_get_fd.o)
 .comment       0x00000000       0x27 ../audioTest_bsp//libucosii_bsp.a(alt_icache_flush.o)
 .comment       0x00000000       0x27 ../audioTest_bsp//libucosii_bsp.a(alt_irq_handler.o)
 .comment       0x00000000       0x27 /OPT/altera/12.1/nios2eds/bin/gnu/H-i686-pc-linux-gnu/bin/../lib/gcc/nios2-elf/4.1.2/../../../../nios2-elf/lib/libc.a(lib_a-atexit.o)
 .comment       0x00000000       0x27 /OPT/altera/12.1/nios2eds/bin/gnu/H-i686-pc-linux-gnu/bin/../lib/gcc/nios2-elf/4.1.2/../../../../nios2-elf/lib/libc.a(lib_a-exit.o)
 .comment       0x00000000       0x27 /OPT/altera/12.1/nios2eds/bin/gnu/H-i686-pc-linux-gnu/bin/../lib/gcc/nios2-elf/4.1.2/../../../../nios2-elf/lib/libc.a(lib_a-memcmp.o)
 .comment       0x00000000       0x27 /OPT/altera/12.1/nios2eds/bin/gnu/H-i686-pc-linux-gnu/bin/../lib/gcc/nios2-elf/4.1.2/../../../../nios2-elf/lib/libc.a(lib_a-__atexit.o)
 .comment       0x00000000       0x27 /OPT/altera/12.1/nios2eds/bin/gnu/H-i686-pc-linux-gnu/bin/../lib/gcc/nios2-elf/4.1.2/../../../../nios2-elf/lib/libc.a(lib_a-__call_atexit.o)
 .comment       0x00000000       0x27 ../audioTest_bsp//libucosii_bsp.a(alt_exit.o)

.debug
 *(.debug)

.line
 *(.line)

.debug_srcinfo
 *(.debug_srcinfo)

.debug_sfnames
 *(.debug_sfnames)

.debug_aranges  0x00000000      0xd98
 *(.debug_aranges)
 .debug_aranges
                0x00000000       0x28 ../audioTest_bsp//obj/HAL/src/crt0.o
 .debug_aranges
                0x00000028       0x20 obj/default/hello_ucosii.o
 .debug_aranges
                0x00000048       0x20 /OPT/altera/12.1/nios2eds/bin/gnu/H-i686-pc-linux-gnu/bin/../lib/gcc/nios2-elf/4.1.2/../../../../nios2-elf/lib/libm.a(lib_a-s_sin.o)
 .debug_aranges
                0x00000068       0x20 /OPT/altera/12.1/nios2eds/bin/gnu/H-i686-pc-linux-gnu/bin/../lib/gcc/nios2-elf/4.1.2/../../../../nios2-elf/lib/libm.a(lib_a-e_rem_pio2.o)
 .debug_aranges