Archive member included because of file (symbol)

/OPT/altera/12.1/nios2eds/bin/gnu/H-i686-pc-linux-gnu/bin/../lib/gcc/nios2-elf/4.1.2/libgcc.a(lib2-divmod.o)
                              obj/default/efsl/fs.o (__divsi3)
/OPT/altera/12.1/nios2eds/bin/gnu/H-i686-pc-linux-gnu/bin/../lib/gcc/nios2-elf/4.1.2/../../../../nios2-elf/lib/libc.a(lib_a-malloc.o)
                              obj/default/audio.o (malloc)
/OPT/altera/12.1/nios2eds/bin/gnu/H-i686-pc-linux-gnu/bin/../lib/gcc/nios2-elf/4.1.2/../../../../nios2-elf/lib/libc.a(lib_a-mallocr.o)
                              /OPT/altera/12.1/nios2eds/bin/gnu/H-i686-pc-linux-gnu/bin/../lib/gcc/nios2-elf/4.1.2/../../../../nios2-elf/lib/libc.a(lib_a-malloc.o) (_malloc_r)
/OPT/altera/12.1/nios2eds/bin/gnu/H-i686-pc-linux-gnu/bin/../lib/gcc/nios2-elf/4.1.2/../../../../nios2-elf/lib/libc.a(lib_a-memcpy.o)
                              obj/default/efsl/nios2_ramdisk.o (memcpy)
/OPT/altera/12.1/nios2eds/bin/gnu/H-i686-pc-linux-gnu/bin/../lib/gcc/nios2-elf/4.1.2/../../../../nios2-elf/lib/libc.a(lib_a-perror.o)
                              obj/default/audio.o (perror)
/OPT/altera/12.1/nios2eds/bin/gnu/H-i686-pc-linux-gnu/bin/../lib/gcc/nios2-elf/4.1.2/../../../../nios2-elf/lib/libc.a(lib_a-printf.o)
                              obj/default/audio.o (printf)
/OPT/altera/12.1/nios2eds/bin/gnu/H-i686-pc-linux-gnu/bin/../lib/gcc/nios2-elf/4.1.2/../../../../nios2-elf/lib/libc.a(lib_a-putchar.o)
                              obj/default/efsl/sd.o (putchar)
/OPT/altera/12.1/nios2eds/bin/gnu/H-i686-pc-linux-gnu/bin/../lib/gcc/nios2-elf/4.1.2/../../../../nios2-elf/lib/libc.a(lib_a-puts.o)
                              obj/default/audio.o (puts)
/OPT/altera/12.1/nios2eds/bin/gnu/H-i686-pc-linux-gnu/bin/../lib/gcc/nios2-elf/4.1.2/../../../../nios2-elf/lib/libc.a(lib_a-sbrkr.o)
                              /OPT/altera/12.1/nios2eds/bin/gnu/H-i686-pc-linux-gnu/bin/../lib/gcc/nios2-elf/4.1.2/../../../../nios2-elf/lib/libc.a(lib_a-mallocr.o) (_sbrk_r)
/OPT/altera/12.1/nios2eds/bin/gnu/H-i686-pc-linux-gnu/bin/../lib/gcc/nios2-elf/4.1.2/../../../../nios2-elf/lib/libc.a(lib_a-strerror.o)
                              /OPT/altera/12.1/nios2eds/bin/gnu/H-i686-pc-linux-gnu/bin/../lib/gcc/nios2-elf/4.1.2/../../../../nios2-elf/lib/libc.a(lib_a-perror.o) (strerror)
/OPT/altera/12.1/nios2eds/bin/gnu/H-i686-pc-linux-gnu/bin/../lib/gcc/nios2-elf/4.1.2/../../../../nios2-elf/lib/libc.a(lib_a-strlen.o)
                              /OPT/altera/12.1/nios2eds/bin/gnu/H-i686-pc-linux-gnu/bin/../lib/gcc/nios2-elf/4.1.2/../../../../nios2-elf/lib/libc.a(lib_a-puts.o) (strlen)
/OPT/altera/12.1/nios2eds/bin/gnu/H-i686-pc-linux-gnu/bin/../lib/gcc/nios2-elf/4.1.2/../../../../nios2-elf/lib/libc.a(lib_a-u_strerr.o)
                              /OPT/altera/12.1/nios2eds/bin/gnu/H-i686-pc-linux-gnu/bin/../lib/gcc/nios2-elf/4.1.2/../../../../nios2-elf/lib/libc.a(lib_a-strerror.o) (_user_strerror)
/OPT/altera/12.1/nios2eds/bin/gnu/H-i686-pc-linux-gnu/bin/../lib/gcc/nios2-elf/4.1.2/../../../../nios2-elf/lib/libc.a(lib_a-vfprintf.o)
                              /OPT/altera/12.1/nios2eds/bin/gnu/H-i686-pc-linux-gnu/bin/../lib/gcc/nios2-elf/4.1.2/../../../../nios2-elf/lib/libc.a(lib_a-printf.o) (___vfprintf_internal_r)
/OPT/altera/12.1/nios2eds/bin/gnu/H-i686-pc-linux-gnu/bin/../lib/gcc/nios2-elf/4.1.2/../../../../nios2-elf/lib/libc.a(lib_a-wsetup.o)
                              /OPT/altera/12.1/nios2eds/bin/gnu/H-i686-pc-linux-gnu/bin/../lib/gcc/nios2-elf/4.1.2/../../../../nios2-elf/lib/libc.a(lib_a-vfprintf.o) (__swsetup_r)
/OPT/altera/12.1/nios2eds/bin/gnu/H-i686-pc-linux-gnu/bin/../lib/gcc/nios2-elf/4.1.2/../../../../nios2-elf/lib/libc.a(lib_a-dtoa.o)
                              /OPT/altera/12.1/nios2eds/bin/gnu/H-i686-pc-linux-gnu/bin/../lib/gcc/nios2-elf/4.1.2/../../../../nios2-elf/lib/libc.a(lib_a-vfprintf.o) (_dtoa_r)
/OPT/altera/12.1/nios2eds/bin/gnu/H-i686-pc-linux-gnu/bin/../lib/gcc/nios2-elf/4.1.2/../../../../nios2-elf/lib/libc.a(lib_a-fflush.o)
                              /OPT/altera/12.1/nios2eds/bin/gnu/H-i686-pc-linux-gnu/bin/../lib/gcc/nios2-elf/4.1.2/../../../../nios2-elf/lib/libc.a(lib_a-vfprintf.o) (_fflush_r)
/OPT/altera/12.1/nios2eds/bin/gnu/H-i686-pc-linux-gnu/bin/../lib/gcc/nios2-elf/4.1.2/../../../../nios2-elf/lib/libc.a(lib_a-findfp.o)
                              /OPT/altera/12.1/nios2eds/bin/gnu/H-i686-pc-linux-gnu/bin/../lib/gcc/nios2-elf/4.1.2/../../../../nios2-elf/lib/libc.a(lib_a-vfprintf.o) (__sinit)
/OPT/altera/12.1/nios2eds/bin/gnu/H-i686-pc-linux-gnu/bin/../lib/gcc/nios2-elf/4.1.2/../../../../nios2-elf/lib/libc.a(lib_a-fputc.o)
                              /OPT/altera/12.1/nios2eds/bin/gnu/H-i686-pc-linux-gnu/bin/../lib/gcc/nios2-elf/4.1.2/../../../../nios2-elf/lib/libc.a(lib_a-perror.o) (fputc)
/OPT/altera/12.1/nios2eds/bin/gnu/H-i686-pc-linux-gnu/bin/../lib/gcc/nios2-elf/4.1.2/../../../../nios2-elf/lib/libc.a(lib_a-fputs.o)
[...]
Memory Configuration

Name             Origin             Length             Attributes
sdram_0          0x00800000         0x00800000
sram_0           0x01080000         0x00080000
reset            0x01104000         0x00000020
onchip_memory2_0 0x01104020         0x00003fe0
*default*        0x00000000         0xffffffff

Linker script and memory map

LOAD ../capstone_bsp//obj/HAL/src/crt0.o
LOAD obj/default/audio.o
LOAD obj/default/efsl/debug.o
LOAD obj/default/efsl/dir.o
LOAD obj/default/efsl/disc.o
LOAD obj/default/efsl/efs.o
LOAD obj/default/efsl/extract.o
LOAD obj/default/efsl/fat.o
LOAD obj/default/efsl/file.o
LOAD obj/default/efsl/fs.o
LOAD obj/default/efsl/ioman.o
LOAD obj/default/efsl/ls.o
LOAD obj/default/efsl/mkfs.o
LOAD obj/default/efsl/nios2.o
LOAD obj/default/efsl/nios2_ramdisk.o
LOAD obj/default/efsl/partition.o
LOAD obj/default/efsl/plibc.o
LOAD obj/default/efsl/sd.o
LOAD obj/default/efsl/time.o
LOAD obj/default/efsl/ui.o
LOAD /OPT/altera/12.1/nios2eds/bin/gnu/H-i686-pc-linux-gnu/bin/../lib/gcc/nios2-elf/4.1.2/../../../../nios2-elf/lib/libstdc++.a
LOAD /OPT/altera/12.1/nios2eds/bin/gnu/H-i686-pc-linux-gnu/bin/../lib/gcc/nios2-elf/4.1.2/../../../../nios2-elf/lib/libm.a
LOAD /OPT/altera/12.1/nios2eds/bin/gnu/H-i686-pc-linux-gnu/bin/../lib/gcc/nios2-elf/4.1.2/libgcc.a
START GROUP
LOAD /OPT/altera/12.1/nios2eds/bin/gnu/H-i686-pc-linux-gnu/bin/../lib/gcc/nios2-elf/4.1.2/../../../../nios2-elf/lib/libc.a
LOAD /OPT/altera/12.1/nios2eds/bin/gnu/H-i686-pc-linux-gnu/bin/../lib/gcc/nios2-elf/4.1.2/libgcc.a
LOAD ../capstone_bsp//libucosii_bsp.a
END GROUP
LOAD /OPT/altera/12.1/nios2eds/bin/gnu/H-i686-pc-linux-gnu/bin/../lib/gcc/nios2-elf/4.1.2/libgcc.a
                0x00800000                __alt_mem_sdram_0 = 0x800000
                0x01080000                __alt_mem_sram_0 = 0x1080000
                0x01104000                __alt_mem_onchip_memory2_0 = 0x1104000

.entry          0x01104000       0x20
 *(.entry)
 .entry         0x01104000       0x20 ../capstone_bsp//obj/HAL/src/crt0.o
                0x01104000                __reset

.exceptions     0x01104020      0x1a0 load address 0x00800000
                0x01104020                PROVIDE (__ram_exceptions_start, ABSOLUTE (.))
                0x01104020                . = ALIGN (0x20)
 *(.irq)
 *(.exceptions.entry.label)
 .exceptions.entry.label
                0x01104020        0x0 ../capstone_bsp//libucosii_bsp.a(alt_irq_entry.o)
                0x01104020                alt_irq_entry
 .exceptions.entry.label
                0x01104020        0x0 ../capstone_bsp//libucosii_bsp.a(alt_exception_entry.o)
                0x01104020                alt_exception
 *(.exceptions.entry.user)
 *(.exceptions.entry)
 .exceptions.entry
                0x01104020       0x54 ../capstone_bsp//libucosii_bsp.a(alt_exception_entry.o)
 *(.exceptions.irqtest.user)
 *(.exceptions.irqtest)
 .exceptions.irqtest
                0x01104074       0x10 ../capstone_bsp//libucosii_bsp.a(alt_irq_entry.o)
 *(.exceptions.irqhandler.user)
 *(.exceptions.irqhandler)
 .exceptions.irqhandler
                0x01104084        0x4 ../capstone_bsp//libucosii_bsp.a(alt_irq_entry.o)
 *(.exceptions.irqreturn.user)
 *(.exceptions.irqreturn)
 .exceptions.irqreturn
                0x01104088        0x4 ../capstone_bsp//libucosii_bsp.a(alt_irq_entry.o)
 *(.exceptions.notirq.label)
 .exceptions.notirq.label
                0x0110408c        0x0 ../capstone_bsp//libucosii_bsp.a(alt_irq_entry.o)
 *(.exceptions.notirq.user)
 *(.exceptions.notirq)
 .exceptions.notirq
                0x0110408c        0x8 ../capstone_bsp//libucosii_bsp.a(alt_exception_entry.o)
 *(.exceptions.soft.user)
 *(.exceptions.soft)
 *(.exceptions.unknown.user)
 *(.exceptions.unknown)
 .exceptions.unknown
                0x01104094        0x4 ../capstone_bsp//libucosii_bsp.a(alt_exception_entry.o)
 *(.exceptions.exit.label)
 .exceptions.exit.label
                0x01104098        0x0 ../capstone_bsp//libucosii_bsp.a(alt_irq_entry.o)
 .exceptions.exit.label
                0x01104098        0x0 ../capstone_bsp//libucosii_bsp.a(alt_exception_entry.o)
 *(.exceptions.exit.user)
 *(.exceptions.exit)
 .exceptions.exit
                0x01104098       0x54 ../capstone_bsp//libucosii_bsp.a(alt_exception_entry.o)
 *(.exceptions)
 .exceptions    0x011040ec       0xd4 ../capstone_bsp//libucosii_bsp.a(alt_irq_handler.o)
                0x011040ec                alt_irq_handler
                0x011041c0                PROVIDE (__ram_exceptions_end, ABSOLUTE (.))
                0x00800000                PROVIDE (__flash_exceptions_start, LOADADDR (.exceptions))

.text           0x008001a0    0x208dc
                0x008001a0                PROVIDE (stext, ABSOLUTE (.))
 *(.interp)
 *(.hash)
 *(.dynsym)
 *(.dynstr)
 *(.gnu.version)
 *(.gnu.version_d)
 *(.gnu.version_r)
 *(.rel.init)
 *(.rela.init)
 *(.rel.text .rel.text.* .rel.gnu.linkonce.t.*)
 *(.rela.text .rela.text.* .rela.gnu.linkonce.t.*)
 *(.rel.fini)
 *(.rela.fini)
 *(.rel.rodata .rel.rodata.* .rel.gnu.linkonce.r.*)
 *(.rela.rodata .rela.rodata.* .rela.gnu.linkonce.r.*)
 *(.rel.data .rel.data.* .rel.gnu.linkonce.d.*)
 *(.rela.data .rela.data.* .rela.gnu.linkonce.d.*)
 *(.rel.tdata .rel.tdata.* .rel.gnu.linkonce.td.*)
 *(.rela.tdata .rela.tdata.* .rela.gnu.linkonce.td.*)
 *(.rel.tbss .rel.tbss.* .rel.gnu.linkonce.tb.*)
 *(.rela.tbss .rela.tbss.* .rela.gnu.linkonce.tb.*)
 *(.rel.ctors)
 *(.rela.ctors)
 *(.rel.dtors)
 *(.rela.dtors)
 *(.rel.got)
 *(.rela.got)
 *(.rel.sdata .rel.sdata.* .rel.gnu.linkonce.s.*)
 *(.rela.sdata .rela.sdata.* .rela.gnu.linkonce.s.*)
 *(.rel.sbss .rel.sbss.* .rel.gnu.linkonce.sb.*)
 *(.rela.sbss .rela.sbss.* .rela.gnu.linkonce.sb.*)
 *(.rel.sdata2 .rel.sdata2.* .rel.gnu.linkonce.s2.*)
 *(.rela.sdata2 .rela.sdata2.* .rela.gnu.linkonce.s2.*)
 *(.rel.sbss2 .rel.sbss2.* .rel.gnu.linkonce.sb2.*)
 *(.rela.sbss2 .rela.sbss2.* .rela.gnu.linkonce.sb2.*)
 *(.rel.bss .rel.bss.* .rel.gnu.linkonce.b.*)
 *(.rela.bss .rela.bss.* .rela.gnu.linkonce.b.*)
 *(.rel.plt)
 *(.rela.plt)
 *(.rel.dyn)
 *(.init)
 *(.plt)
 *(.text .stub .text.* .gnu.linkonce.t.*)
 .text          0x008001a0       0x4c ../capstone_bsp//obj/HAL/src/crt0.o
                0x008001a0                _start
 .text          0x008001ec      0xa8c obj/default/audio.o
                0x008001ec                main
                0x00800840                playSound
                0x008008fc                sdInit
                0x0080097c                audioInit
                0x00800a94                sdRead
                0x00800bbc                parseWav
 .text          0x00800c78        0x0 obj/default/efsl/debug.o
 .text          0x00800c78      0xb40 obj/default/efsl/dir.o
                0x00800c78                dir_getFileStructure
                0x00800d34                dir_createDirectoryEntry
                0x00800db8                dir_createDefaultEntry
                0x00800e68                dir_setFirstCluster
                0x00800f10                dir_setFileSize
                0x00800f90                dir_updateDirectoryEntry
                0x00801018                dir_findFileinBuf
                0x00801170                dir_findFreeEntryinBuf
                0x00801268                dir_findinBuf
                0x008012f4                dir_findinCluster
                0x00801418                dir_findinDir
                0x00801510                dir_findinRootArea
                0x00801654                dir_getFatFileName
                0x00801728                dir_addCluster
 .text          0x008017b8       0xe4 obj/default/efsl/disc.o
                0x008017b8                disc_initDisc
                0x00801800                disc_loadMBR
 .text          0x0080189c      0x128 obj/default/efsl/efs.o
                0x0080189c                efs_init
 .text          0x008019c4      0x354 obj/default/efsl/extract.o
                0x008019c4                ex_getb16
                0x00801a24                ex_getb32
                0x00801abc                ex_setb16
                0x00801b14                ex_setb32
                0x00801ba4                ex_getPartitionField
                0x00801cf0                ex_setPartitionField
 .text          0x00801d18     0x1504 obj/default/efsl/fat.o
                0x00801d18                fat_getSectorAddressFatEntry
                0x00801e40                fat_getNextClusterAddress
                0x00802068                fat_setNextClusterAddress
                0x008023dc                fat_isEocMarker
                0x00802490                fat_giveEocMarker
                0x00802518                fat_getNextClusterAddressWBuf
                0x008026e0                fat_setNextClusterAddressWBuf
                0x008029c4                fat_getNextClusterChain
                0x00802b74                fat_LogicToDiscCluster
                0x00802ca4                fat_allocClusterChain
                0x00802f70                fat_unlinkClusterChain
                0x00803048                fat_countClustersInChain
                0x008030ec                fat_DiscToLogicCluster
                0x0080319c                fat_countFreeClusters
 .text          0x0080321c     0x12bc obj/default/efsl/file.o
                0x0080321c                file_fread
                0x008034b4                file_read
                0x0080351c                file_write
                0x00803584                file_setpos
                0x008035d8                file_fwrite
                0x00803924                file_fopen
                0x00803d9c                file_fclose
                0x00803e9c                file_initFile
                0x00803f58                file_normalToFatName
                0x008041d0                file_validateChar
                0x008042b8                file_setAttr
                0x00804344                file_getAttr
                0x00804388                file_requiredCluster
 .text          0x008044d8     0x117c obj/default/efsl/fs.o
                0x008044d8                fs_initFs
                0x00804594                fs_isValidFat
                0x00804608                fs_loadVolumeId
                0x00804744                fs_verifySanity
                0x008048e0                fs_countDataSectors
                0x00804a38                fs_determineFatType
                0x00804ab4                fs_findFirstSectorRootDir
                0x00804b74                fs_initCurrentDir
                0x00804bb0                fs_clusterToSector
                0x00804c7c                fs_sectorToCluster
                0x00804d78                fs_getNextFreeCluster
                0x00804df8                fs_giveFreeClusterHint
                0x00804e1c                fs_findFile
                0x0080505c                fs_findFreeFile
                0x0080517c                fs_getLastCluster
                0x00805254                fs_getFirstClusterRootDir
                0x008052a8                fs_initClusterChain
                0x00805308                fs_setFirstClusterInDirEntry
                0x00805350                fs_flushFs
                0x0080539c                fs_umount
                0x008053d8                fs_clearCluster
                0x00805488                fs_getFsInfo
                0x00805584                fs_setFsInfo
 .text          0x00805654     0x1df4 obj/default/efsl/ioman.o
                0x00805654                ioman_init
                0x008056cc                ioman_reset
                0x0080583c                ioman_getBuffer
                0x00805868                ioman_setAttr
                0x0080594c                ioman_getAttr
                0x008059d4                ioman_getUseCnt
                0x00805a40                ioman_incUseCnt
                0x00805ad4                ioman_decUseCnt
                0x00805b68                ioman_resetUseCnt
                0x00805bc4                ioman_getRefCnt
                0x00805c30                ioman_incRefCnt
                0x00805cc4                ioman_decRefCnt
                0x00805d58                ioman_resetRefCnt
                0x00805db4                ioman_pop
                0x00805f88                ioman_push
                0x00806148                ioman_getPtr
                0x008061b0                ioman_getBp
                0x00806268                ioman_readSector
                0x008062f4                ioman_writeSector
                0x00806380                ioman_resetCacheItem
                0x00806420                ioman_findSectorInCache
                0x008064cc                ioman_findFreeSpot
                0x00806550                ioman_findUnusedSpot
                0x008066c0                ioman_findOverallocableSpot
                0x0080680c                ioman_putSectorInCache
                0x008068e8                ioman_flushSector
                0x008069fc                ioman_flushRange
                0x00806b50                ioman_flushAll
                0x00806c24                ioman_getSector
                0x00806f30                ioman_releaseSector
                0x00807010                ioman_directSectorRead
                0x00807138                ioman_directSectorWrite
                0x008072a4                ioman_printStatus
 .text          0x00807448      0x588 obj/default/efsl/ls.o
                0x00807448                ls_openDir
                0x00807500                ls_getDirEntry
                0x0080758c                ls_getNext
                0x00807634                ls_getRealDirEntry
                0x0080778c                ls_getRootAreaEntry
                0x0080789c                ls_isValidFileEntry
                0x0080792c                ls_fileEntryToDirListEntry
 .text          0x008079d0      0x3e4 obj/default/efsl/mkfs.o
                0x008079d0                mkfs_makevfat
 .text          0x00807db4      0x4c0 obj/default/efsl/nios2.o
                0x00807db4                if_initInterface
                0x00807e94                if_readBuf
                0x00807ee4                if_writeBuf
                0x00807f30                if_setPos
                0x00807f58                if_spiInit
                0x00807f9c                if_spiSend
                0x008080bc                if_spi_sendbuf
                0x0080818c                if_spi_readbuf
 .text          0x00808274      0x134 obj/default/efsl/nios2_ramdisk.o
                0x00808380                ramdisk_init
 .text          0x008083a8      0x46c obj/default/efsl/partition.o
                0x008083a8                part_initPartition
                0x00808458                part_isFatPart
                0x008084d4                part_readBuf
                0x00808544                part_writeBuf
                0x008085b4                part_getRealLBA
                0x0080860c                part_getSect
                0x0080866c                part_relSect
                0x008086b8                part_flushPart
                0x0080873c                part_directSectorRead
                0x008087a8                part_directSectorWrite
 .text          0x00808814      0x1b4 obj/default/efsl/plibc.o
                0x00808814                strMatch
                0x008088ac                memCpy
                0x00808918                memClr
                0x0080896c                memSet
 .text          0x008089c8      0xa20 obj/default/efsl/sd.o
                0x008089c8                sd_Init
                0x00808b08                sd_Command
                0x00808bbc                sd_Resp8b
                0x00808c38                sd_Resp16b
                0x00808ca0                sd_Resp8bError
                0x00808e78                sd_State
                0x00809034                sd_writeSector
                0x00809108                sd_readSector
                0x0080920c                sd_getDriveSize
 .text          0x008093e8       0x60 obj/default/efsl/time.o
                0x008093e8                fs_makeDate
                0x00809408                fs_makeTime
                0x00809428                fs_hasTimeSupport
 .text          0x00809448      0x708 obj/default/efsl/ui.o
                0x00809448                listFiles
                0x00809748                rmfile
                0x00809888                makedir
 .text          0x00809b50      0x14c /OPT/altera/12.1/nios2eds/bin/gnu/H-i686-pc-linux-gnu/bin/../lib/gcc/nios2-elf/4.1.2/libgcc.a(lib2-divmod.o)
                0x00809bcc                __divsi3
                0x00809c2c                __modsi3
                0x00809c8c                __udivsi3
                0x00809c94                __umodsi3
 .text          0x00809c9c       0x28 /OPT/altera/12.1/nios2eds/bin/gnu/H-i686-pc-linux-gnu/bin/../lib/gcc/nios2-elf/4.1.2/../../../../nios2-elf/lib/libc.a(lib_a-malloc.o)
                0x00809c9c                free
                0x00809cb0                malloc
 .text          0x00809cc4      0x740 /OPT/altera/12.1/nios2eds/bin/gnu/H-i686-pc-linux-gnu/bin/../lib/gcc/nios2-elf/4.1.2/../../../../nios2-elf/lib/libc.a(lib_a-mallocr.o)
                0x00809cc4                _malloc_r
 .text          0x0080a404       0xa0 /OPT/altera/12.1/nios2eds/bin/gnu/H-i686-pc-linux-gnu/bin/../lib/gcc/nios2-elf/4.1.2/../../../../nios2-elf/lib/libc.a(lib_a-memcpy.o)
                0x0080a404                memcpy
 .text          0x0080a4a4       0x80 /OPT/altera/12.1/nios2eds/bin/gnu/H-i686-pc-linux-gnu/bin/../lib/gcc/nios2-elf/4.1.2/../../../../nios2-elf/lib/libc.a(lib_a-perror.o)
                0x0080a4a4                _perror_r
                0x0080a510                perror
 .text          0x0080a524       0x78 /OPT/altera/12.1/nios2eds/bin/gnu/H-i686-pc-linux-gnu/bin/../lib/gcc/nios2-elf/4.1.2/../../../../nios2-elf/lib/libc.a(lib_a-printf.o)
                0x0080a524                printf
                0x0080a568                _printf_r
 .text          0x0080a59c       0x24 /OPT/altera/12.1/nios2eds/bin/gnu/H-i686-pc-linux-gnu/bin/../lib/gcc/nios2-elf/4.1.2/../../../../nios2-elf/lib/libc.a(lib_a-putchar.o)
                0x0080a59c                putchar
                0x0080a5b8                _putchar_r
 .text          0x0080a5c0       0xb4 /OPT/altera/12.1/nios2eds/bin/gnu/H-i686-pc-linux-gnu/bin/../lib/gcc/nios2-elf/4.1.2/../../../../nios2-elf/lib/libc.a(lib_a-puts.o)
                0x0080a5c0                _puts_r
                0x0080a660                puts
 .text          0x0080a674       0x70 /OPT/altera/12.1/nios2eds/bin/gnu/H-i686-pc-linux-gnu/bin/../lib/gcc/nios2-elf/4.1.2/../../../../nios2-elf/lib/libc.a(lib_a-sbrkr.o)
                0x0080a674                _sbrk_r
 .text          0x0080a6e4      0x674 /OPT/altera/12.1/nios2eds/bin/gnu/H-i686-pc-linux-gnu/bin/../lib/gcc/nios2-elf/4.1.2/../../../../nios2-elf/lib/libc.a(lib_a-strerror.o)
                0x0080a6e4                strerror
 .text          0x0080ad58       0x74 /OPT/altera/12.1/nios2eds/bin/gnu/H-i686-pc-linux-gnu/bin/../lib/gcc/nios2-elf/4.1.2/../../../../nios2-elf/lib/libc.a(lib_a-strlen.o)
                0x0080ad58                strlen
 .text          0x0080adcc        0x8 /OPT/altera/12.1/nios2eds/bin/gnu/H-i686-pc-linux-gnu/bin/../lib/gcc/nios2-elf/4.1.2/../../../../nios2-elf/lib/libc.a(lib_a-u_strerr.o)
                0x0080adcc                _user_strerror
 .text          0x0080add4     0x1f28 /OPT/altera/12.1/nios2eds/bin/gnu/H-i686-pc-linux-gnu/bin/../lib/gcc/nios2-elf/4.1.2/../../../../nios2-elf/lib/libc.a(lib_a-vfprintf.o)
                0x0080ae2c                ___vfprintf_internal_r
                0x0080ccd8                __vfprintf_internal
 .text          0x0080ccfc      0x13c /OPT/altera/12.1/nios2eds/bin/gnu/H-i686-pc-linux-gnu/bin/../lib/gcc/nios2-elf/4.1.2/../../../../nios2-elf/lib/libc.a(lib_a-wsetup.o)
                0x0080ccfc                __swsetup_r
 .text          0x0080ce38     0x17cc /OPT/altera/12.1/nios2eds/bin/gnu/H-i686-pc-linux-gnu/bin/../lib/gcc/nios2-elf/4.1.2/../../../../nios2-elf/lib/libc.a(lib_a-dtoa.o)
                0x0080d050                _dtoa_r
 .text          0x0080e604      0x230 /OPT/altera/12.1/nios2eds/bin/gnu/H-i686-pc-linux-gnu/bin/../lib/gcc/nios2-elf/4.1.2/../../../../nios2-elf/lib/libc.a(lib_a-fflush.o)
                0x0080e604                _fflush_r
                0x0080e800                fflush
 .text          0x0080e834      0x2c0 /OPT/altera/12.1/nios2eds/bin/gnu/H-i686-pc-linux-gnu/bin/../lib/gcc/nios2-elf/4.1.2/../../../../nios2-elf/lib/libc.a(lib_a-findfp.o)
                0x0080e88c                __sfp_lock_acquire
                0x0080e890                __sfp_lock_release
                0x0080e894                __sinit_lock_acquire
                0x0080e898                __sinit_lock_release
                0x0080e89c                __sinit
                0x0080e950                __fp_unlock_all
                0x0080e968                __fp_lock_all
                0x0080e980                _cleanup_r
                0x0080e98c                _cleanup
                0x0080e99c                __sfmoreglue
                0x0080ea04                __sfp
 .text          0x0080eaf4       0xbc /OPT/altera/12.1/nios2eds/bin/gnu/H-i686-pc-linux-gnu/bin/../lib/gcc/nios2-elf/4.1.2/../../../../nios2-elf/lib/libc.a(lib_a-fputc.o)
                0x0080eaf4                fputc
                0x0080eb58                _fputc_r
 .text          0x0080ebb0       0x90 /OPT/altera/12.1/nios2eds/bin/gnu/H-i686-pc-linux-gnu/bin/../lib/gcc/nios2-elf/4.1.2/../../../../nios2-elf/lib/libc.a(lib_a-fputs.o)
                0x0080ebb0                _fputs_r
                0x0080ec24                fputs
 .text          0x0080ec40      0x440 /OPT/altera/12.1/nios2eds/bin/gnu/H-i686-pc-linux-gnu/bin/../lib/gcc/nios2-elf/4.1.2/../../../../nios2-elf/lib/libc.a(lib_a-freer.o)
                0x0080ec40                _malloc_trim_r
                0x0080ed6c                _free_r
 .text          0x0080f080      0x49c /OPT/altera/12.1/nios2eds/bin/gnu/H-i686-pc-linux-gnu/bin/../lib/gcc/nios2-elf/4.1.2/../../../../nios2-elf/lib/libc.a(lib_a-fvwrite.o)
                0x0080f080                __sfvwrite_r
 .text          0x0080f51c      0x180 /OPT/altera/12.1/nios2eds/bin/gnu/H-i686-pc-linux-gnu/bin/../lib/gcc/nios2-elf/4.1.2/../../../../nios2-elf/lib/libc.a(lib_a-fwalk.o)
                0x0080f51c                _fwalk_reent
                0x0080f5e4                _fwalk
 .text          0x0080f69c        0x0 /OPT/altera/12.1/nios2eds/bin/gnu/H-i686-pc-linux-gnu/bin/../lib/gcc/nios2-elf/4.1.2/../../../../nios2-elf/lib/libc.a(lib_a-impure.o)
 .text          0x0080f69c        0x0 /OPT/altera/12.1/nios2eds/bin/gnu/H-i686-pc-linux-gnu/bin/../lib/gcc/nios2-elf/4.1.2/../../../../nios2-elf/lib/libc.a(lib_a-int_errno.o)
 .text          0x0080f69c       0xc4 /OPT/altera/12.1/nios2eds/bin/gnu/H-i686-pc-linux-gnu/bin/../lib/gcc/nios2-elf/4.1.2/../../../../nios2-elf/lib/libc.a(lib_a-locale.o)
                0x0080f69c                __locale_charset
                0x0080f6a4                _localeconv_r
                0x0080f6b0                localeconv
                0x0080f6c0                _setlocale_r
                0x0080f744                setlocale
 .text          0x0080f760      0x194 /OPT/altera/12.1/nios2eds/bin/gnu/H-i686-pc-linux-gnu/bin/../lib/gcc/nios2-elf/4.1.2/../../../../nios2-elf/lib/libc.a(lib_a-makebuf.o)
                0x0080f760                __smakebuf_r
 .text          0x0080f8f4       0xe4 /OPT/altera/12.1/nios2eds/bin/gnu/H-i686-pc-linux-gnu/bin/../lib/gcc/nios2-elf/4.1.2/../../../../nios2-elf/lib/libc.a(lib_a-memchr.o)
                0x0080f8f4                memchr
 .text          0x0080f9d8       0xe0 /OPT/altera/12.1/nios2eds/bin/gnu/H-i686-pc-linux-gnu/bin/../lib/gcc/nios2-elf/4.1.2/../../../../nios2-elf/lib/libc.a(lib_a-memmove.o)
                0x0080f9d8                memmove
 .text          0x0080fab8       0x98 /OPT/altera/12.1/nios2eds/bin/gnu/H-i686-pc-linux-gnu/bin/../lib/gcc/nios2-elf/4.1.2/../../../../nios2-elf/lib/libc.a(lib_a-memset.o)
                0x0080fab8                memset
 .text          0x0080fb50      0xff4 /OPT/altera/12.1/nios2eds/bin/gnu/H-i686-pc-linux-gnu/bin/../lib/gcc/nios2-elf/4.1.2/../../../../nios2-elf/lib/libc.a(lib_a-mprec.o)
                0x0080fb50                _Bfree
                0x0080fb78                __hi0bits
                0x0080fbe8                __lo0bits
                0x0080fcac                __mcmp
                0x0080fd0c                __ulp
                0x0080fd8c                __b2d
                0x0080feac                __ratio
                0x0080ff5c                _mprec_log10
                0x0080fff0                __copybits
                0x00810048                __any_on
                0x008100d0                _Balloc
                0x0081018c                __d2b
                0x00810308                __mdiff
                0x00810494                __lshift
                0x008105e0                __multiply
                0x008107c8                __i2b
                0x00810804                __multadd
                0x00810904                __pow5mult
                0x00810a24                __s2b
 .text          0x00810b44      0x1ec /OPT/altera/12.1/nios2eds/bin/gnu/H-i686-pc-linux-gnu/bin/../lib/gcc/nios2-elf/4.1.2/../../../../nios2-elf/lib/libc.a(lib_a-putc.o)
                0x00810b44                putc
                0x00810c48                _putc_r
 .text          0x00810d30      0x5f4 /OPT/altera/12.1/nios2eds/bin/gnu/H-i686-pc-linux-gnu/bin/../lib/gcc/nios2-elf/4.1.2/../../../../nios2-elf/lib/libc.a(lib_a-reallocr.o)
                0x00810d30                _realloc_r
 .text          0x00811324       0x40 /OPT/altera/12.1/nios2eds/bin/gnu/H-i686-pc-linux-gnu/bin/../lib/gcc/nios2-elf/4.1.2/../../../../nios2-elf/lib/libc.a(lib_a-s_isinfd.o)
                0x00811324                __isinfd
 .text          0x00811364       0x30 /OPT/altera/12.1/nios2eds/bin/gnu/H-i686-pc-linux-gnu/bin/../lib/gcc/nios2-elf/4.1.2/../../../../nios2-elf/lib/libc.a(lib_a-s_isnand.o)
                0x00811364                __isnand
 .text          0x00811394      0x14c /OPT/altera/12.1/nios2eds/bin/gnu/H-i686-pc-linux-gnu/bin/../lib/gcc/nios2-elf/4.1.2/../../../../nios2-elf/lib/libc.a(lib_a-stdio.o)
                0x00811394                __sclose
                0x0081139c                __sseek
                0x00811404                __swrite
                0x00811480                __sread
 .text          0x008114e0       0xbc /OPT/altera/12.1/nios2eds/bin/gnu/H-i686-pc-linux-gnu/bin/../lib/gcc/nios2-elf/4.1.2/../../../../nios2-elf/lib/libc.a(lib_a-strcmp.o)
                0x008114e0                strcmp
 .text          0x0081159c      0x14c /OPT/altera/12.1/nios2eds/bin/gnu/H-i686-pc-linux-gnu/bin/../lib/gcc/nios2-elf/4.1.2/../../../../nios2-elf/lib/libc.a(lib_a-wbuf.o)
                0x0081159c                __swbuf_r
                0x008116cc                __swbuf
 .text          0x008116e8       0x78 /OPT/altera/12.1/nios2eds/bin/gnu/H-i686-pc-linux-gnu/bin/../lib/gcc/nios2-elf/4.1.2/../../../../nios2-elf/lib/libc.a(lib_a-writer.o)
                0x008116e8                _write_r
 .text          0x00811760       0xb4 /OPT/altera/12.1/nios2eds/bin/gnu/H-i686-pc-linux-gnu/bin/../lib/gcc/nios2-elf/4.1.2/../../../../nios2-elf/lib/libc.a(lib_a-callocr.o)
                0x00811760                _calloc_r
 .text          0x00811814       0x70 /OPT/altera/12.1/nios2eds/bin/gnu/H-i686-pc-linux-gnu/bin/../lib/gcc/nios2-elf/4.1.2/../../../../nios2-elf/lib/libc.a(lib_a-closer.o)
                0x00811814                _close_r
 .text          0x00811884      0x124 /OPT/altera/12.1/nios2eds/bin/gnu/H-i686-pc-linux-gnu/bin/../lib/gcc/nios2-elf/4.1.2/../../../../nios2-elf/lib/libc.a(lib_a-fclose.o)
                0x00811884                _fclose_r
                0x00811994                fclose
 .text          0x008119a8       0x74 /OPT/altera/12.1/nios2eds/bin/gnu/H-i686-pc-linux-gnu/bin/../lib/gcc/nios2-elf/4.1.2/../../../../nios2-elf/lib/libc.a(lib_a-fstatr.o)
                0x008119a8                _fstat_r
 .text          0x00811a1c       0x70 /OPT/altera/12.1/nios2eds/bin/gnu/H-i686-pc-linux-gnu/bin/../lib/gcc/nios2-elf/4.1.2/../../../../nios2-elf/lib/libc.a(lib_a-isattyr.o)
                0x00811a1c                _isatty_r
 .text          0x00811a8c       0x78 /OPT/altera/12.1/nios2eds/bin/gnu/H-i686-pc-linux-gnu/bin/../lib/gcc/nios2-elf/4.1.2/../../../../nios2-elf/lib/libc.a(lib_a-lseekr.o)
                0x00811a8c                _lseek_r
 .text          0x00811b04       0x78 /OPT/altera/12.1/nios2eds/bin/gnu/H-i686-pc-linux-gnu/bin/../lib/gcc/nios2-elf/4.1.2/../../../../nios2-elf/lib/libc.a(lib_a-readr.o)
                0x00811b04                _read_r
 .text          0x00811b7c      0x5dc /OPT/altera/12.1/nios2eds/bin/gnu/H-i686-pc-linux-gnu/bin/../lib/gcc/nios2-elf/4.1.2/libgcc.a(_udivdi3.o)
                0x00811b7c                __udivdi3
 .text          0x00812158      0x5b0 /OPT/altera/12.1/nios2eds/bin/gnu/H-i686-pc-linux-gnu/bin/../lib/gcc/nios2-elf/4.1.2/libgcc.a(_umoddi3.o)
                0x00812158                __umoddi3
 .text          0x00812708      0x504 /OPT/altera/12.1/nios2eds/bin/gnu/H-i686-pc-linux-gnu/bin/../lib/gcc/nios2-elf/4.1.2/libgcc.a(_addsub_df.o)
                0x00812b18                __subdf3
                0x00812b98                __adddf3
 .text          0x00812c0c      0x3c4 /OPT/altera/12.1/nios2eds/bin/gnu/H-i686-pc-linux-gnu/bin/../lib/gcc/nios2-elf/4.1.2/libgcc.a(_mul_df.o)
                0x00812c0c                __muldf3
 .text          0x00812fd0      0x258 /OPT/altera/12.1/nios2eds/bin/gnu/H-i686-pc-linux-gnu/bin/../lib/gcc/nios2-elf/4.1.2/libgcc.a(_div_df.o)
                0x00812fd0                __divdf3
 .text          0x00813228       0x88 /OPT/altera/12.1/nios2eds/bin/gnu/H-i686-pc-linux-gnu/bin/../lib/gcc/nios2-elf/4.1.2/libgcc.a(_eq_df.o)
                0x00813228                __eqdf2
 .text          0x008132b0       0x88 /OPT/altera/12.1/nios2eds/bin/gnu/H-i686-pc-linux-gnu/bin/../lib/gcc/nios2-elf/4.1.2/libgcc.a(_ne_df.o)
                0x008132b0                __nedf2
 .text          0x00813338       0x88 /OPT/altera/12.1/nios2eds/bin/gnu/H-i686-pc-linux-gnu/bin/../lib/gcc/nios2-elf/4.1.2/libgcc.a(_gt_df.o)
                0x00813338                __gtdf2
 .text          0x008133c0       0x88 /OPT/altera/12.1/nios2eds/bin/gnu/H-i686-pc-linux-gnu/bin/../lib/gcc/nios2-elf/4.1.2/libgcc.a(_ge_df.o)
                0x008133c0                __gedf2
 .text          0x00813448       0x88 /OPT/altera/12.1/nios2eds/bin/gnu/H-i686-pc-linux-gnu/bin/../lib/gcc/nios2-elf/4.1.2/libgcc.a(_lt_df.o)
                0x00813448                __ltdf2
 .text          0x008134d0       0xf8 /OPT/altera/12.1/nios2eds/bin/gnu/H-i686-pc-linux-gnu/bin/../lib/gcc/nios2-elf/4.1.2/libgcc.a(_si_to_df.o)
                0x008134d0                __floatsidf
 .text          0x008135c8       0xd8 /OPT/altera/12.1/nios2eds/bin/gnu/H-i686-pc-linux-gnu/bin/../lib/gcc/nios2-elf/4.1.2/libgcc.a(_df_to_si.o)
                0x008135c8                __fixdfsi
 .text          0x008136a0        0x0 /OPT/altera/12.1/nios2eds/bin/gnu/H-i686-pc-linux-gnu/bin/../lib/gcc/nios2-elf/4.1.2/libgcc.a(_thenan_df.o)
 .text          0x008136a0      0x194 /OPT/altera/12.1/nios2eds/bin/gnu/H-i686-pc-linux-gnu/bin/../lib/gcc/nios2-elf/4.1.2/libgcc.a(_usi_to_df.o)
                0x008136a0                __floatunsidf
 .text          0x00813834       0x98 /OPT/altera/12.1/nios2eds/bin/gnu/H-i686-pc-linux-gnu/bin/../lib/gcc/nios2-elf/4.1.2/libgcc.a(_muldi3.o)
                0x00813834                __muldi3
 .text          0x008138cc        0x0 /OPT/altera/12.1/nios2eds/bin/gnu/H-i686-pc-linux-gnu/bin/../lib/gcc/nios2-elf/4.1.2/libgcc.a(_clz.o)
 .text          0x008138cc       0x80 /OPT/altera/12.1/nios2eds/bin/gnu/H-i686-pc-linux-gnu/bin/../lib/gcc/nios2-elf/4.1.2/libgcc.a(_clzsi2.o)
                0x008138cc                __clzsi2
 .text          0x0081394c      0x314 /OPT/altera/12.1/nios2eds/bin/gnu/H-i686-pc-linux-gnu/bin/../lib/gcc/nios2-elf/4.1.2/libgcc.a(_pack_df.o)
                0x0081394c                __pack_d
 .text          0x00813c60      0x138 /OPT/altera/12.1/nios2eds/bin/gnu/H-i686-pc-linux-gnu/bin/../lib/gcc/nios2-elf/4.1.2/libgcc.a(_unpack_df.o)
                0x00813c60                __unpack_d
 .text          0x00813d98       0xc8 /OPT/altera/12.1/nios2eds/bin/gnu/H-i686-pc-linux-gnu/bin/../lib/gcc/nios2-elf/4.1.2/libgcc.a(_fpcmp_parts_df.o)
                0x00813d98                __fpcmp_parts_d
 .text          0x00813e60      0x15c ../capstone_bsp//libucosii_bsp.a(alt_close.o)
                0x00813e60                close
 .text          0x00813fbc       0x2c ../capstone_bsp//libucosii_bsp.a(alt_dev.o)
 .text          0x00813fe8        0x0 ../capstone_bsp//libucosii_bsp.a(alt_errno.o)
 .text          0x00813fe8      0x134 ../capstone_bsp//libucosii_bsp.a(alt_fstat.o)
                0x00813fe8                fstat
 .text          0x0081411c      0x120 ../capstone_bsp//libucosii_bsp.a(alt_isatty.o)
                0x0081411c                isatty
 .text          0x0081423c       0xec ../capstone_bsp//libucosii_bsp.a(alt_load.o)
                0x0081423c                alt_load
 .text          0x00814328      0x150 ../capstone_bsp//libucosii_bsp.a(alt_lseek.o)
                0x00814328                lseek
 .text          0x00814478       0xc8 ../capstone_bsp//libucosii_bsp.a(alt_main.o)
                0x00814478                alt_main
 .text          0x00814540      0x180 ../capstone_bsp//libucosii_bsp.a(alt_read.o)
                0x00814540                read
 .text          0x008146c0       0x60 ../capstone_bsp//libucosii_bsp.a(alt_release_fd.o)
                0x008146c0                alt_release_fd
 .text          0x00814720       0xbc ../capstone_bsp//libucosii_bsp.a(alt_sbrk.o)
                0x00814720                sbrk
 .text          0x008147dc      0x180 ../capstone_bsp//libucosii_bsp.a(alt_write.o)
                0x008147dc                write
 .text          0x0081495c      0x108 ../capstone_bsp//libucosii_bsp.a(alt_env_lock.o)
                0x0081495c                __env_lock
                0x00814a08                __env_unlock
 .text          0x00814a64      0x1d8 ../capstone_bsp//libucosii_bsp.a(alt_malloc_lock.o)
                0x00814a64                __malloc_lock
                0x00814b6c                __malloc_unlock
 .text          0x00814c3c     0x2128 ../capstone_bsp//libucosii_bsp.a(os_core.o)
                0x00814c3c                OSEventNameGet
                0x00814d6c                OSEventNameSet
                0x00814eb0                OSEventPendMulti
                0x00815564                OSInit
                0x008155b8                OSIntEnter
                0x00815634                OSIntExit
                0x00815734                OSSchedLock
                0x008157c0                OSSchedUnlock
                0x008158a4                OSStart
                0x00815914                OSStatInit
                0x008159c0                OSTimeTick
                0x00815c00                OSVersion
                0x00815c20                OS_Dummy
                0x00815c3c                OS_EventTaskRdy
                0x00815dd0                OS_EventTaskWait
                0x00815ee0                OS_EventTaskWaitMulti
                0x00816034                OS_EventTaskRemove
                0x008160ec                OS_EventTaskRemoveMulti
                0x008161f0                OS_EventWaitListInit
                0x008165bc                OS_MemClr
                0x00816610                OS_MemCopy
                0x0081667c                OS_Sched
                0x008167c0                OS_StrCopy
                0x00816840                OS_StrLen
                0x00816898                OS_TaskIdle
                0x008168f4                OS_TaskStat
                0x008169bc                OS_TaskStatStkChk
                0x00816a84                OS_TCBInit
 .text          0x00816d64      0x18c ../capstone_bsp//libucosii_bsp.a(os_dbg.o)
                0x00816d64                OSDebugInit
 .text          0x00816ef0     0x193c ../capstone_bsp//libucosii_bsp.a(os_flag.o)
                0x00816ef0                OSFlagAccept
                0x00817224                OSFlagCreate
                0x00817360                OSFlagDel
                0x00817608                OSFlagNameGet
                0x0081774c                OSFlagNameSet
                0x008178a0                OSFlagPend
                0x00817ee4                OSFlagPendGetFlagsRdy
                0x00817f4c                OSFlagPost
                0x008182f4                OSFlagQuery
                0x0081858c                OS_FlagInit
                0x00818780                OS_FlagUnlink
 .text          0x0081882c      0x808 ../capstone_bsp//libucosii_bsp.a(os_mem.o)
                0x0081882c                OSMemCreate
                0x00818a48                OSMemGet
                0x00818b4c                OSMemNameGet
                0x00818c58                OSMemNameSet
                0x00818d78                OSMemPut
                0x00818e68                OSMemQuery
                0x00818f64                OS_MemInit
 .text          0x00819034     0x1334 ../capstone_bsp//libucosii_bsp.a(os_q.o)
                0x00819034                OSQAccept
                0x00819188                OSQCreate
                0x0081939c                OSQDel
                0x0081969c                OSQFlush
                0x00819764                OSQPend
                0x00819a84                OSQPendAbort
                0x00819c00                OSQPost
                0x00819d80                OSQPostFront
                0x00819f08                OSQPostOpt
                0x0081a13c                OSQQuery
                0x0081a2bc                OS_QInit
 .text          0x0081a368      0xbc8 ../capstone_bsp//libucosii_bsp.a(os_sem.o)
                0x0081a368                OSSemAccept
                0x0081a428                OSSemCreate
                0x0081a53c                OSSemDel
                0x0081a7dc                OSSemPend
                0x0081aa58                OSSemPendAbort
                0x0081abd4                OSSemPost
                0x0081acfc                OSSemQuery
                0x0081ae2c                OSSemSet
 .text          0x0081af30     0x1a40 ../capstone_bsp//libucosii_bsp.a(os_task.o)
                0x0081af30                OSTaskChangePrio
                0x0081b4a4                OSTaskCreate
                0x0081b678                OSTaskCreateExt
                0x0081b878                OSTaskDel
                0x0081bc84                OSTaskDelReq
                0x0081bdf4                OSTaskNameGet
                0x0081bfac                OSTaskNameSet
                0x0081c170                OSTaskResume
                0x0081c388                OSTaskStkChk
                0x0081c584                OSTaskSuspend
                0x0081c7b0                OSTaskQuery
                0x0081c8f4                OS_TaskStkClr
 .text          0x0081c970      0x598 ../capstone_bsp//libucosii_bsp.a(os_time.o)
                0x0081c970                OSTimeDly
                0x0081cabc                OSTimeDlyHMSM
                0x0081cc30                OSTimeDlyResume
                0x0081ce40                OSTimeGet
                0x0081cea4                OSTimeSet
 .text          0x0081cf08       0xf8 ../capstone_bsp//libucosii_bsp.a(alt_sys_init.o)
                0x0081cf08                alt_irq_init
                0x0081cf3c                alt_sys_init
 .text          0x0081d000      0x148 ../capstone_bsp//libucosii_bsp.a(altera_avalon_jtag_uart_fd.o)
                0x0081d000                altera_avalon_jtag_uart_read_fd
                0x0081d058                altera_avalon_jtag_uart_write_fd
                0x0081d0b0                altera_avalon_jtag_uart_close_fd
                0x0081d0f8                altera_avalon_jtag_uart_ioctl_fd
 .text          0x0081d148      0x580 ../capstone_bsp//libucosii_bsp.a(altera_avalon_jtag_uart_init.o)
                0x0081d148                altera_avalon_jtag_uart_init
                0x0081d654                altera_avalon_jtag_uart_close
 .text          0x0081d6c8       0xf4 ../capstone_bsp//libucosii_bsp.a(altera_avalon_jtag_uart_ioctl.o)
                0x0081d6c8                altera_avalon_jtag_uart_ioctl
 .text          0x0081d7bc      0x2c0 ../capstone_bsp//libucosii_bsp.a(altera_avalon_jtag_uart_read.o)
                0x0081d7bc                altera_avalon_jtag_uart_read
 .text          0x0081da7c      0x2dc ../capstone_bsp//libucosii_bsp.a(altera_avalon_jtag_uart_write.o)
                0x0081da7c                altera_avalon_jtag_uart_write
 .text          0x0081dd58       0xfc ../capstone_bsp//libucosii_bsp.a(altera_avalon_timer_sc.o)
                0x0081ddcc                alt_avalon_timer_sc_init
 .text          0x0081de54      0x80c ../capstone_bsp//libucosii_bsp.a(altera_up_avalon_audio.o)
                0x0081de54                alt_up_audio_open_dev
                0x0081de94                alt_up_audio_enable_read_interrupt
                0x0081dee0                alt_up_audio_disable_read_interrupt
                0x0081df30                alt_up_audio_enable_write_interrupt
                0x0081df7c                alt_up_audio_disable_write_interrupt
                0x0081dfcc                alt_up_audio_read_interrupt_pending
                0x0081e008                alt_up_audio_write_interrupt_pending
                0x0081e044                alt_up_audio_reset_audio_core
                0x0081e0cc                alt_up_audio_read_fifo_avail
                0x0081e13c                alt_up_audio_record_r
                0x0081e1ac                alt_up_audio_record_l
                0x0081e21c                alt_up_audio_write_fifo_space
                0x0081e290                alt_up_audio_play_r
                0x0081e300                alt_up_audio_play_l
                0x0081e370                alt_up_audio_read_fifo
                0x0081e474                alt_up_audio_write_fifo
                0x0081e5a0                alt_up_audio_read_fifo_head
                0x0081e600                alt_up_audio_write_fifo_head
 .text          0x0081e660      0x788 ../capstone_bsp//libucosii_bsp.a(altera_up_avalon_audio_and_video_config.o)
                0x0081e660                alt_up_av_config_open_dev
                0x0081e6c4                alt_up_av_config_write_data
                0x0081e728                alt_up_av_config_read_data
                0x0081e7b4                alt_up_av_config_reset
                0x0081e7ec                alt_up_av_config_enable_interrupt
                0x0081e824                alt_up_av_config_disable_interrupt
                0x0081e854                alt_up_av_config_read_acknowledge
                0x0081e8bc                alt_up_av_config_read_ready
                0x0081e8f4                alt_up_av_config_write_audio_cfg_register
                0x0081e9a0                alt_up_av_config_read_video_cfg_register
                0x0081ea98                alt_up_av_config_write_video_cfg_register
                0x0081eb90                alt_up_av_config_read_DC2_cfg_register
                0x0081ebf4                alt_up_av_config_write_DC2_cfg_register
                0x0081ec58                alt_up_av_config_read_D5M_cfg_register
                0x0081ecbc                alt_up_av_config_write_D5M_cfg_register
                0x0081ed20                alt_up_av_config_read_LTM_cfg_register
                0x0081ed84                alt_up_av_config_write_LTM_cfg_register
 .text          0x0081ede8      0x530 ../capstone_bsp//libucosii_bsp.a(altera_up_avalon_character_lcd.o)
                0x0081ede8                get_DDRAM_addr
                0x0081ee64                alt_up_character_lcd_send_cmd
                0x0081ee98                alt_up_character_lcd_init
                0x0081eecc                alt_up_character_lcd_open_dev
                0x0081ef0c                alt_up_character_lcd_write
                0x0081ef84                alt_up_character_lcd_string
                0x0081effc                alt_up_character_lcd_write_fd
                0x0081f048                alt_up_character_lcd_set_cursor_pos
                0x0081f0c0                alt_up_character_lcd_shift_cursor
                0x0081f170                alt_up_character_lcd_shift_display
                0x0081f220                alt_up_character_lcd_erase_pos
                0x0081f2b0                alt_up_character_lcd_cursor_off
                0x0081f2e4                alt_up_character_lcd_cursor_blink_on
 .text          0x0081f318      0x154 ../capstone_bsp//libucosii_bsp.a(alt_alarm_start.o)
                0x0081f318                alt_alarm_start
 .text          0x0081f46c       0x44 ../capstone_bsp//libucosii_bsp.a(alt_dcache_flush_all.o)
                0x0081f46c                alt_dcache_flush_all
 .text          0x0081f4b0      0x114 ../capstone_bsp//libucosii_bsp.a(alt_dev_llist_insert.o)
                0x0081f4b0                alt_dev_llist_insert
 .text          0x0081f5c4       0x64 ../capstone_bsp//libucosii_bsp.a(alt_do_ctors.o)
                0x0081f5c4                _do_ctors
 .text          0x0081f628       0x64 ../capstone_bsp//libucosii_bsp.a(alt_do_dtors.o)
                0x0081f628                _do_dtors
 .text          0x0081f68c       0x94 ../capstone_bsp//libucosii_bsp.a(alt_find_dev.o)
                0x0081f68c                alt_find_dev
 .text          0x0081f720       0x30 ../capstone_bsp//libucosii_bsp.a(alt_icache_flush_all.o)
                0x0081f720                alt_icache_flush_all
 .text          0x0081f750      0x13c ../capstone_bsp//libucosii_bsp.a(alt_io_redirect.o)
                0x0081f814                alt_io_redirect
 .text          0x0081f88c      0x1c0 ../capstone_bsp//libucosii_bsp.a(alt_irq_register.o)
                0x0081f88c                alt_irq_register
 .text          0x0081fa4c        0x0 ../capstone_bsp//libucosii_bsp.a(alt_irq_vars.o)
 .text          0x0081fa4c      0x2c4 ../capstone_bsp//libucosii_bsp.a(alt_open.o)
                0x0081fb28                open
 .text          0x0081fd10      0x1a8 ../capstone_bsp//libucosii_bsp.a(alt_tick.o)
                0x0081fd10                alt_alarm_stop
                0x0081fda8                alt_tick
 .text          0x0081feb8       0x20 ../capstone_bsp//libucosii_bsp.a(altera_nios2_qsys_irq.o)
                0x0081feb8                altera_nios2_qsys_irq_init
 .text          0x0081fed8       0xd0 ../capstone_bsp//libucosii_bsp.a(os_cpu_a.o)
                0x0081fed8                OSCtxSw
                0x0081fed8                OSIntCtxSw
                0x0081ff64                OSStartHighRdy
                0x0081ff84                OSStartTsk
 .text          0x0081ffa8      0x418 ../capstone_bsp//libucosii_bsp.a(os_cpu_c.o)
                0x0081ffa8                OSTaskStkInit
                0x008202b8                OSTaskCreateHook
                0x008202d8                OSTaskDelHook
                0x008202f8                OSTaskSwHook
                0x00820314                OSTaskStatHook
                0x00820330                OSTimeTickHook
                0x0082034c                OSInitHookBegin
                0x00820368                OSInitHookEnd
                0x00820384                OSTaskIdleHook
                0x008203a0                OSTCBInitHook
 .text          0x008203c0      0x120 ../capstone_bsp//libucosii_bsp.a(alt_find_file.o)
                0x008203c0                alt_find_file
 .text          0x008204e0       0xf4 ../capstone_bsp//libucosii_bsp.a(alt_get_fd.o)
                0x008204e0                alt_get_fd
 .text          0x008205d4       0x90 ../capstone_bsp//libucosii_bsp.a(alt_icache_flush.o)
                0x008205d4                alt_icache_flush
 .text          0x00820664        0x0 ../capstone_bsp//libucosii_bsp.a(alt_irq_entry.o)
 .text          0x00820664        0x0 ../capstone_bsp//libucosii_bsp.a(alt_irq_handler.o)
 .text          0x00820664        0x0 ../capstone_bsp//libucosii_bsp.a(alt_exception_entry.o)
 .text          0x00820664       0x14 /OPT/altera/12.1/nios2eds/bin/gnu/H-i686-pc-linux-gnu/bin/../lib/gcc/nios2-elf/4.1.2/../../../../nios2-elf/lib/libc.a(lib_a-atexit.o)
                0x00820664                atexit
 .text          0x00820678       0x38 /OPT/altera/12.1/nios2eds/bin/gnu/H-i686-pc-linux-gnu/bin/../lib/gcc/nios2-elf/4.1.2/../../../../nios2-elf/lib/libc.a(lib_a-exit.o)
                0x00820678                exit
 .text          0x008206b0       0x74 /OPT/altera/12.1/nios2eds/bin/gnu/H-i686-pc-linux-gnu/bin/../lib/gcc/nios2-elf/4.1.2/../../../../nios2-elf/lib/libc.a(lib_a-memcmp.o)
                0x008206b0                memcmp
 .text          0x00820724      0x134 /OPT/altera/12.1/nios2eds/bin/gnu/H-i686-pc-linux-gnu/bin/../lib/gcc/nios2-elf/4.1.2/../../../../nios2-elf/lib/libc.a(lib_a-__atexit.o)
                0x00820724                __register_exitproc
 .text          0x00820858      0x1b4 /OPT/altera/12.1/nios2eds/bin/gnu/H-i686-pc-linux-gnu/bin/../lib/gcc/nios2-elf/4.1.2/../../../../nios2-elf/lib/libc.a(lib_a-__call_atexit.o)
                0x0082085c                __call_exitprocs
 .text          0x00820a0c       0x6c ../capstone_bsp//libucosii_bsp.a(alt_exit.o)
                0x00820a4c                _exit
 *(.gnu.warning.*)
 *(.fini)
                0x00820a78                PROVIDE (__etext, ABSOLUTE (.))
                0x00820a78                PROVIDE (_etext, ABSOLUTE (.))
                0x00820a78                PROVIDE (etext, ABSOLUTE (.))
 *(.eh_frame_hdr)
                0x00820a78                . = ALIGN (0x4)
                0x00820a78                PROVIDE (__preinit_array_start, ABSOLUTE (.))
 *(.preinit_array)
                0x00820a78                PROVIDE (__preinit_array_end, ABSOLUTE (.))
                0x00820a78                PROVIDE (__init_array_start, ABSOLUTE (.))
 *(.init_array)
                0x00820a78                PROVIDE (__init_array_end, ABSOLUTE (.))
                0x00820a78                PROVIDE (__fini_array_start, ABSOLUTE (.))
 *(.fini_array)
                0x00820a78                PROVIDE (__fini_array_end, ABSOLUTE (.))
 *(.eh_frame)
 *(.gcc_except_table)
 *(.dynamic)
                0x00820a78                PROVIDE (__CTOR_LIST__, ABSOLUTE (.))
 *(.ctors)
 *(SORT(.ctors.*))
 .ctors.65535   0x00820a78        0x4 /OPT/altera/12.1/nios2eds/bin/gnu/H-i686-pc-linux-gnu/bin/../lib/gcc/nios2-elf/4.1.2/../../../../nios2-elf/lib/libc.a(lib_a-__call_atexit.o)
                0x00820a7c                PROVIDE (__CTOR_END__, ABSOLUTE (.))
                0x00820a7c                PROVIDE (__DTOR_LIST__, ABSOLUTE (.))
 *(.dtors)
 *(SORT(.dtors.*))
                0x00820a7c                PROVIDE (__DTOR_END__, ABSOLUTE (.))
 *(.jcr)
                0x00820a7c                . = ALIGN (0x4)

.rodata         0x00820a7c     0x1350
                0x00820a7c                PROVIDE (__ram_rodata_start, ABSOLUTE (.))
                0x00820a7c                . = ALIGN (0x4)
 *(.rodata .rodata.* .gnu.linkonce.r.*)
 .rodata        0x00820a7c      0x274 obj/default/audio.o
 .rodata        0x00820cf0       0x40 obj/default/efsl/fat.o
 .rodata        0x00820d30       0xa4 obj/default/efsl/ioman.o
 .rodata        0x00820dd4       0x5c obj/default/efsl/mkfs.o
 .rodata        0x00820e30       0xbc obj/default/efsl/nios2.o
 .rodata        0x00820eec      0x234 obj/default/efsl/sd.o
 .rodata        0x00821120       0x54 obj/default/efsl/ui.o
 .rodata.str1.4
                0x00821174        0x3 /OPT/altera/12.1/nios2eds/bin/gnu/H-i686-pc-linux-gnu/bin/../lib/gcc/nios2-elf/4.1.2/../../../../nios2-elf/lib/libc.a(lib_a-perror.o)
                                  0x4 (size before relaxing)
 *fill*         0x00821177        0x1 00
 .rodata.str1.4
                0x00821178        0x2 /OPT/altera/12.1/nios2eds/bin/gnu/H-i686-pc-linux-gnu/bin/../lib/gcc/nios2-elf/4.1.2/../../../../nios2-elf/lib/libc.a(lib_a-puts.o)
                                  0x4 (size before relaxing)
 *fill*         0x0082117a        0x2 00
 .rodata.str1.4
                0x0082117c      0x7a2 /OPT/altera/12.1/nios2eds/bin/gnu/H-i686-pc-linux-gnu/bin/../lib/gcc/nios2-elf/4.1.2/../../../../nios2-elf/lib/libc.a(lib_a-strerror.o)
                                0x7a8 (size before relaxing)
 *fill*         0x0082191e        0x2 00
 .rodata.str1.4
                0x00821920       0x5e /OPT/altera/12.1/nios2eds/bin/gnu/H-i686-pc-linux-gnu/bin/../lib/gcc/nios2-elf/4.1.2/../../../../nios2-elf/lib/libc.a(lib_a-vfprintf.o)
                                 0x60 (size before relaxing)
 .rodata        0x0082197e       0x20 /OPT/altera/12.1/nios2eds/bin/gnu/H-i686-pc-linux-gnu/bin/../lib/gcc/nios2-elf/4.1.2/../../../../nios2-elf/lib/libc.a(lib_a-vfprintf.o)
 *fill*         0x0082199e        0x2 00
 .rodata.str1.4
                0x008219a0       0x10 /OPT/altera/12.1/nios2eds/bin/gnu/H-i686-pc-linux-gnu/bin/../lib/gcc/nios2-elf/4.1.2/../../../../nios2-elf/lib/libc.a(lib_a-dtoa.o)
                                 0x14 (size before relaxing)
 .rodata.str1.4
                0x008219b0        0x2 /OPT/altera/12.1/nios2eds/bin/gnu/H-i686-pc-linux-gnu/bin/../lib/gcc/nios2-elf/4.1.2/../../../../nios2-elf/lib/libc.a(lib_a-impure.o)
                                  0x4 (size before relaxing)
 *fill*         0x008219b2        0x2 00
 .rodata.str1.4
                0x008219b4       0x10 /OPT/altera/12.1/nios2eds/bin/gnu/H-i686-pc-linux-gnu/bin/../lib/gcc/nios2-elf/4.1.2/../../../../nios2-elf/lib/libc.a(lib_a-locale.o)
                                 0x18 (size before relaxing)
 .rodata        0x008219c4       0x30 /OPT/altera/12.1/nios2eds/bin/gnu/H-i686-pc-linux-gnu/bin/../lib/gcc/nios2-elf/4.1.2/../../../../nios2-elf/lib/libc.a(lib_a-locale.o)
 .rodata        0x008219f4      0x124 /OPT/altera/12.1/nios2eds/bin/gnu/H-i686-pc-linux-gnu/bin/../lib/gcc/nios2-elf/4.1.2/../../../../nios2-elf/lib/libc.a(lib_a-mprec.o)
                0x008219f4                __mprec_tens
                0x00821abc                __mprec_bigtens
                0x00821ae4                __mprec_tinytens
 .rodata        0x00821b18       0x14 /OPT/altera/12.1/nios2eds/bin/gnu/H-i686-pc-linux-gnu/bin/../lib/gcc/nios2-elf/4.1.2/libgcc.a(_thenan_df.o)
                0x00821b18                __thenan_df
 .rodata        0x00821b2c      0x100 /OPT/altera/12.1/nios2eds/bin/gnu/H-i686-pc-linux-gnu/bin/../lib/gcc/nios2-elf/4.1.2/libgcc.a(_clz.o)
                0x00821b2c                __clz_tab
 .rodata        0x00821c2c        0xc ../capstone_bsp//libucosii_bsp.a(alt_dev.o)
 .rodata        0x00821c38       0x14 ../capstone_bsp//libucosii_bsp.a(alt_main.o)
 .rodata        0x00821c4c      0x120 ../capstone_bsp//libucosii_bsp.a(os_core.o)
                0x00821c4c                OSUnMapTbl
 .rodata        0x00821d6c       0x5c ../capstone_bsp//libucosii_bsp.a(alt_sys_init.o)
 .rodata        0x00821dc8        0x4 ../capstone_bsp//libucosii_bsp.a(os_cpu_c.o)
 *(.rodata1)
                0x00821dcc                . = ALIGN (0x4)
                0x00821dcc                PROVIDE (__ram_rodata_end, ABSOLUTE (.))
                0x00820a7c                PROVIDE (__flash_rodata_start, LOADADDR (.rodata))

.rwdata         0x00821dcc     0x1b7c load address 0x00823948
                0x00821dcc                PROVIDE (__ram_rwdata_start, ABSOLUTE (.))
                0x00821dcc                . = ALIGN (0x4)
 *(.got.plt)
 *(.got)
 *(.data1)
 *(.data .data.* .gnu.linkonce.d.*)
 .data          0x00821dcc        0x0 ../capstone_bsp//obj/HAL/src/crt0.o
 .data          0x00821dcc        0x0 obj/default/audio.o
 .data          0x00821dcc        0x0 obj/default/efsl/debug.o
 .data          0x00821dcc        0x0 obj/default/efsl/dir.o
 .data          0x00821dcc        0x0 obj/default/efsl/disc.o
 .data          0x00821dcc        0x0 obj/default/efsl/efs.o
 .data          0x00821dcc        0x0 obj/default/efsl/extract.o
 .data          0x00821dcc        0x0 obj/default/efsl/fat.o
 .data          0x00821dcc        0x0 obj/default/efsl/file.o
 .data          0x00821dcc        0x0 obj/default/efsl/fs.o
 .data          0x00821dcc        0x0 obj/default/efsl/ioman.o
 .data          0x00821dcc        0x0 obj/default/efsl/ls.o
 .data          0x00821dcc        0x0 obj/default/efsl/mkfs.o
 .data          0x00821dcc        0x0 obj/default/efsl/nios2.o
 .data          0x00821dcc        0xc obj/default/efsl/nios2_ramdisk.o
 .data          0x00821dd8        0x0 obj/default/efsl/partition.o
 .data          0x00821dd8        0x0 obj/default/efsl/plibc.o
 .data          0x00821dd8        0x0 obj/default/efsl/sd.o
 .data          0x00821dd8        0x0 obj/default/efsl/time.o
 .data          0x00821dd8        0x0 obj/default/efsl/ui.o
 .data          0x00821dd8        0x0 /OPT/altera/12.1/nios2eds/bin/gnu/H-i686-pc-linux-gnu/bin/../lib/gcc/nios2-elf/4.1.2/libgcc.a(lib2-divmod.o)
 .data          0x00821dd8        0x0 /OPT/altera/12.1/nios2eds/bin/gnu/H-i686-pc-linux-gnu/bin/../lib/gcc/nios2-elf/4.1.2/../../../../nios2-elf/lib/libc.a(lib_a-malloc.o)
 .data          0x00821dd8      0x408 /OPT/altera/12.1/nios2eds/bin/gnu/H-i686-pc-linux-gnu/bin/../lib/gcc/nios2-elf/4.1.2/../../../../nios2-elf/lib/libc.a(lib_a-mallocr.o)
                0x00821dd8                __malloc_av_
 .data          0x008221e0        0x0 /OPT/altera/12.1/nios2eds/bin/gnu/H-i686-pc-linux-gnu/bin/../lib/gcc/nios2-elf/4.1.2/../../../../nios2-elf/lib/libc.a(lib_a-memcpy.o)
 .data          0x008221e0        0x0 /OPT/altera/12.1/nios2eds/bin/gnu/H-i686-pc-linux-gnu/bin/../lib/gcc/nios2-elf/4.1.2/../../../../nios2-elf/lib/libc.a(lib_a-perror.o)
 .data          0x008221e0        0x0 /OPT/altera/12.1/nios2eds/bin/gnu/H-i686-pc-linux-gnu/bin/../lib/gcc/nios2-elf/4.1.2/../../../../nios2-elf/lib/libc.a(lib_a-printf.o)
 .data          0x008221e0        0x0 /OPT/altera/12.1/nios2eds/bin/gnu/H-i686-pc-linux-gnu/bin/../lib/gcc/nios2-elf/4.1.2/../../../../nios2-elf/lib/libc.a(lib_a-putchar.o)
 .data          0x008221e0        0x0 /OPT/altera/12.1/nios2eds/bin/gnu/H-i686-pc-linux-gnu/bin/../lib/gcc/nios2-elf/4.1.2/../../../../nios2-elf/lib/libc.a(lib_a-puts.o)
 .data          0x008221e0        0x0 /OPT/altera/12.1/nios2eds/bin/gnu/H-i686-pc-linux-gnu/bin/../lib/gcc/nios2-elf/4.1.2/../../../../nios2-elf/lib/libc.a(lib_a-sbrkr.o)
 .data          0x008221e0        0x0 /OPT/altera/12.1/nios2eds/bin/gnu/H-i686-pc-linux-gnu/bin/../lib/gcc/nios2-elf/4.1.2/../../../../nios2-elf/lib/libc.a(lib_a-strerror.o)
 .data          0x008221e0        0x0 /OPT/altera/12.1/nios2eds/bin/gnu/H-i686-pc-linux-gnu/bin/../lib/gcc/nios2-elf/4.1.2/../../../../nios2-elf/lib/libc.a(lib_a-strlen.o)
 .data          0x008221e0        0x0 /OPT/altera/12.1/nios2eds/bin/gnu/H-i686-pc-linux-gnu/bin/../lib/gcc/nios2-elf/4.1.2/../../../../nios2-elf/lib/libc.a(lib_a-u_strerr.o)
 .data          0x008221e0        0x0 /OPT/altera/12.1/nios2eds/bin/gnu/H-i686-pc-linux-gnu/bin/../lib/gcc/nios2-elf/4.1.2/../../../../nios2-elf/lib/libc.a(lib_a-vfprintf.o)
 .data          0x008221e0        0x0 /OPT/altera/12.1/nios2eds/bin/gnu/H-i686-pc-linux-gnu/bin/../lib/gcc/nios2-elf/4.1.2/../../../../nios2-elf/lib/libc.a(lib_a-wsetup.o)
 .data          0x008221e0        0x0 /OPT/altera/12.1/nios2eds/bin/gnu/H-i686-pc-linux-gnu/bin/../lib/gcc/nios2-elf/4.1.2/../../../../nios2-elf/lib/libc.a(lib_a-dtoa.o)
 .data          0x008221e0        0x0 /OPT/altera/12.1/nios2eds/bin/gnu/H-i686-pc-linux-gnu/bin/../lib/gcc/nios2-elf/4.1.2/../../../../nios2-elf/lib/libc.a(lib_a-fflush.o)
 .data          0x008221e0        0x0 /OPT/altera/12.1/nios2eds/bin/gnu/H-i686-pc-linux-gnu/bin/../lib/gcc/nios2-elf/4.1.2/../../../../nios2-elf/lib/libc.a(lib_a-findfp.o)
 .data          0x008221e0        0x0 /OPT/altera/12.1/nios2eds/bin/gnu/H-i686-pc-linux-gnu/bin/../lib/gcc/nios2-elf/4.1.2/../../../../nios2-elf/lib/libc.a(lib_a-fputc.o)
 .data          0x008221e0        0x0 /OPT/altera/12.1/nios2eds/bin/gnu/H-i686-pc-linux-gnu/bin/../lib/gcc/nios2-elf/4.1.2/../../../../nios2-elf/lib/libc.a(lib_a-fputs.o)
 .data          0x008221e0        0x0 /OPT/altera/12.1/nios2eds/bin/gnu/H-i686-pc-linux-gnu/bin/../lib/gcc/nios2-elf/4.1.2/../../../../nios2-elf/lib/libc.a(lib_a-freer.o)
 .data          0x008221e0        0x0 /OPT/altera/12.1/nios2eds/bin/gnu/H-i686-pc-linux-gnu/bin/../lib/gcc/nios2-elf/4.1.2/../../../../nios2-elf/lib/libc.a(lib_a-fvwrite.o)
 .data          0x008221e0        0x0 /OPT/altera/12.1/nios2eds/bin/gnu/H-i686-pc-linux-gnu/bin/../lib/gcc/nios2-elf/4.1.2/../../../../nios2-elf/lib/libc.a(lib_a-fwalk.o)
 .data          0x008221e0      0x400 /OPT/altera/12.1/nios2eds/bin/gnu/H-i686-pc-linux-gnu/bin/../lib/gcc/nios2-elf/4.1.2/../../../../nios2-elf/lib/libc.a(lib_a-impure.o)
 .data          0x008225e0        0x0 /OPT/altera/12.1/nios2eds/bin/gnu/H-i686-pc-linux-gnu/bin/../lib/gcc/nios2-elf/4.1.2/../../../../nios2-elf/lib/libc.a(lib_a-int_errno.o)
 .data          0x008225e0        0xc /OPT/altera/12.1/nios2eds/bin/gnu/H-i686-pc-linux-gnu/bin/../lib/gcc/nios2-elf/4.1.2/../../../../nios2-elf/lib/libc.a(lib_a-locale.o)
                0x008225e0                __lc_ctype
 .data          0x008225ec        0x0 /OPT/altera/12.1/nios2eds/bin/gnu/H-i686-pc-linux-gnu/bin/../lib/gcc/nios2-elf/4.1.2/../../../../nios2-elf/lib/libc.a(lib_a-makebuf.o)
 .data          0x008225ec        0x0 /OPT/altera/12.1/nios2eds/bin/gnu/H-i686-pc-linux-gnu/bin/../lib/gcc/nios2-elf/4.1.2/../../../../nios2-elf/lib/libc.a(lib_a-memchr.o)
 .data          0x008225ec        0x0 /OPT/altera/12.1/nios2eds/bin/gnu/H-i686-pc-linux-gnu/bin/../lib/gcc/nios2-elf/4.1.2/../../../../nios2-elf/lib/libc.a(lib_a-memmove.o)
 .data          0x008225ec        0x0 /OPT/altera/12.1/nios2eds/bin/gnu/H-i686-pc-linux-gnu/bin/../lib/gcc/nios2-elf/4.1.2/../../../../nios2-elf/lib/libc.a(lib_a-memset.o)
 .data          0x008225ec        0x0 /OPT/altera/12.1/nios2eds/bin/gnu/H-i686-pc-linux-gnu/bin/../lib/gcc/nios2-elf/4.1.2/../../../../nios2-elf/lib/libc.a(lib_a-mprec.o)
 .data          0x008225ec        0x0 /OPT/altera/12.1/nios2eds/bin/gnu/H-i686-pc-linux-gnu/bin/../lib/gcc/nios2-elf/4.1.2/../../../../nios2-elf/lib/libc.a(lib_a-putc.o)
 .data          0x008225ec        0x0 /OPT/altera/12.1/nios2eds/bin/gnu/H-i686-pc-linux-gnu/bin/../lib/gcc/nios2-elf/4.1.2/../../../../nios2-elf/lib/libc.a(lib_a-reallocr.o)
 .data          0x008225ec        0x0 /OPT/altera/12.1/nios2eds/bin/gnu/H-i686-pc-linux-gnu/bin/../lib/gcc/nios2-elf/4.1.2/../../../../nios2-elf/lib/libc.a(lib_a-s_isinfd.o)
 .data          0x008225ec        0x0 /OPT/altera/12.1/nios2eds/bin/gnu/H-i686-pc-linux-gnu/bin/../lib/gcc/nios2-elf/4.1.2/../../../../nios2-elf/lib/libc.a(lib_a-s_isnand.o)
 .data          0x008225ec        0x0 /OPT/altera/12.1/nios2eds/bin/gnu/H-i686-pc-linux-gnu/bin/../lib/gcc/nios2-elf/4.1.2/../../../../nios2-elf/lib/libc.a(lib_a-stdio.o)
 .data          0x008225ec        0x0 /OPT/altera/12.1/nios2eds/bin/gnu/H-i686-pc-linux-gnu/bin/../lib/gcc/nios2-elf/4.1.2/../../../../nios2-elf/lib/libc.a(lib_a-strcmp.o)
 .data          0x008225ec        0x0 /OPT/altera/12.1/nios2eds/bin/gnu/H-i686-pc-linux-gnu/bin/../lib/gcc/nios2-elf/4.1.2/../../../../nios2-elf/lib/libc.a(lib_a-wbuf.o)
 .data          0x008225ec        0x0 /OPT/altera/12.1/nios2eds/bin/gnu/H-i686-pc-linux-gnu/bin/../lib/gcc/nios2-elf/4.1.2/../../../../nios2-elf/lib/libc.a(lib_a-writer.o)
 .data          0x008225ec        0x0 /OPT/altera/12.1/nios2eds/bin/gnu/H-i686-pc-linux-gnu/bin/../lib/gcc/nios2-elf/4.1.2/../../../../nios2-elf/lib/libc.a(lib_a-callocr.o)
 .data          0x008225ec        0x0 /OPT/altera/12.1/nios2eds/bin/gnu/H-i686-pc-linux-gnu/bin/../lib/gcc/nios2-elf/4.1.2/../../../../nios2-elf/lib/libc.a(lib_a-closer.o)
 .data          0x008225ec        0x0 /OPT/altera/12.1/nios2eds/bin/gnu/H-i686-pc-linux-gnu/bin/../lib/gcc/nios2-elf/4.1.2/../../../../nios2-elf/lib/libc.a(lib_a-fclose.o)
 .data          0x008225ec        0x0 /OPT/altera/12.1/nios2eds/bin/gnu/H-i686-pc-linux-gnu/bin/../lib/gcc/nios2-elf/4.1.2/../../../../nios2-elf/lib/libc.a(lib_a-fstatr.o)
 .data          0x008225ec        0x0 /OPT/altera/12.1/nios2eds/bin/gnu/H-i686-pc-linux-gnu/bin/../lib/gcc/nios2-elf/4.1.2/../../../../nios2-elf/lib/libc.a(lib_a-isattyr.o)
 .data          0x008225ec        0x0 /OPT/altera/12.1/nios2eds/bin/gnu/H-i686-pc-linux-gnu/bin/../lib/gcc/nios2-elf/4.1.2/../../../../nios2-elf/lib/libc.a(lib_a-lseekr.o)
 .data          0x008225ec        0x0 /OPT/altera/12.1/nios2eds/bin/gnu/H-i686-pc-linux-gnu/bin/../lib/gcc/nios2-elf/4.1.2/../../../../nios2-elf/lib/libc.a(lib_a-readr.o)
 .data          0x008225ec        0x0 /OPT/altera/12.1/nios2eds/bin/gnu/H-i686-pc-linux-gnu/bin/../lib/gcc/nios2-elf/4.1.2/libgcc.a(_udivdi3.o)
 .data          0x008225ec        0x0 /OPT/altera/12.1/nios2eds/bin/gnu/H-i686-pc-linux-gnu/bin/../lib/gcc/nios2-elf/4.1.2/libgcc.a(_umoddi3.o)
 .data          0x008225ec        0x0 /OPT/altera/12.1/nios2eds/bin/gnu/H-i686-pc-linux-gnu/bin/../lib/gcc/nios2-elf/4.1.2/libgcc.a(_addsub_df.o)
 .data          0x008225ec        0x0 /OPT/altera/12.1/nios2eds/bin/gnu/H-i686-pc-linux-gnu/bin/../lib/gcc/nios2-elf/4.1.2/libgcc.a(_mul_df.o)
 .data          0x008225ec        0x0 /OPT/altera/12.1/nios2eds/bin/gnu/H-i686-pc-linux-gnu/bin/../lib/gcc/nios2-elf/4.1.2/libgcc.a(_div_df.o)
 .data          0x008225ec        0x0 /OPT/altera/12.1/nios2eds/bin/gnu/H-i686-pc-linux-gnu/bin/../lib/gcc/nios2-elf/4.1.2/libgcc.a(_eq_df.o)
 .data          0x008225ec        0x0 /OPT/altera/12.1/nios2eds/bin/gnu/H-i686-pc-linux-gnu/bin/../lib/gcc/nios2-elf/4.1.2/libgcc.a(_ne_df.o)
 .data          0x008225ec        0x0 /OPT/altera/12.1/nios2eds/bin/gnu/H-i686-pc-linux-gnu/bin/../lib/gcc/nios2-elf/4.1.2/libgcc.a(_gt_df.o)
 .data          0x008225ec        0x0 /OPT/altera/12.1/nios2eds/bin/gnu/H-i686-pc-linux-gnu/bin/../lib/gcc/nios2-elf/4.1.2/libgcc.a(_ge_df.o)
 .data          0x008225ec        0x0 /OPT/altera/12.1/nios2eds/bin/gnu/H-i686-pc-linux-gnu/bin/../lib/gcc/nios2-elf/4.1.2/libgcc.a(_lt_df.o)
 .data          0x008225ec        0x0 /OPT/altera/12.1/nios2eds/bin/gnu/H-i686-pc-linux-gnu/bin/../lib/gcc/nios2-elf/4.1.2/libgcc.a(_si_to_df.o)
 .data          0x008225ec        0x0 /OPT/altera/12.1/nios2eds/bin/gnu/H-i686-pc-linux-gnu/bin/../lib/gcc/nios2-elf/4.1.2/libgcc.a(_df_to_si.o)
 .data          0x008225ec        0x0 /OPT/altera/12.1/nios2eds/bin/gnu/H-i686-pc-linux-gnu/bin/../lib/gcc/nios2-elf/4.1.2/libgcc.a(_thenan_df.o)
 .data          0x008225ec        0x0 /OPT/altera/12.1/nios2eds/bin/gnu/H-i686-pc-linux-gnu/bin/../lib/gcc/nios2-elf/4.1.2/libgcc.a(_usi_to_df.o)
 .data          0x008225ec        0x0 /OPT/altera/12.1/nios2eds/bin/gnu/H-i686-pc-linux-gnu/bin/../lib/gcc/nios2-elf/4.1.2/libgcc.a(_muldi3.o)
 .data          0x008225ec        0x0 /OPT/altera/12.1/nios2eds/bin/gnu/H-i686-pc-linux-gnu/bin/../lib/gcc/nios2-elf/4.1.2/libgcc.a(_clz.o)
 .data          0x008225ec        0x0 /OPT/altera/12.1/nios2eds/bin/gnu/H-i686-pc-linux-gnu/bin/../lib/gcc/nios2-elf/4.1.2/libgcc.a(_clzsi2.o)
 .data          0x008225ec        0x0 /OPT/altera/12.1/nios2eds/bin/gnu/H-i686-pc-linux-gnu/bin/../lib/gcc/nios2-elf/4.1.2/libgcc.a(_pack_df.o)
 .data          0x008225ec        0x0 /OPT/altera/12.1/nios2eds/bin/gnu/H-i686-pc-linux-gnu/bin/../lib/gcc/nios2-elf/4.1.2/libgcc.a(_unpack_df.o)
 .data          0x008225ec        0x0 /OPT/altera/12.1/nios2eds/bin/gnu/H-i686-pc-linux-gnu/bin/../lib/gcc/nios2-elf/4.1.2/libgcc.a(_fpcmp_parts_df.o)
 .data          0x008225ec        0x0 ../capstone_bsp//libucosii_bsp.a(alt_close.o)
 .data          0x008225ec      0x1a8 ../capstone_bsp//libucosii_bsp.a(alt_dev.o)
                0x008225ec                alt_dev_null
                0x00822614                alt_fd_list
 .data          0x00822794        0x0 ../capstone_bsp//libucosii_bsp.a(alt_errno.o)
 .data          0x00822794        0x0 ../capstone_bsp//libucosii_bsp.a(alt_fstat.o)
 .data          0x00822794        0x0 ../capstone_bsp//libucosii_bsp.a(alt_isatty.o)
 .data          0x00822794        0x0 ../capstone_bsp//libucosii_bsp.a(alt_load.o)
 .data          0x00822794        0x0 ../capstone_bsp//libucosii_bsp.a(alt_lseek.o)
 .data          0x00822794        0x0 ../capstone_bsp//libucosii_bsp.a(alt_main.o)
 .data          0x00822794        0x0 ../capstone_bsp//libucosii_bsp.a(alt_read.o)
 .data          0x00822794        0x0 ../capstone_bsp//libucosii_bsp.a(alt_release_fd.o)
 .data          0x00822794        0x0 ../capstone_bsp//libucosii_bsp.a(alt_sbrk.o)
 .data          0x00822794        0x0 ../capstone_bsp//libucosii_bsp.a(alt_write.o)
 .data          0x00822794        0x0 ../capstone_bsp//libucosii_bsp.a(alt_env_lock.o)
 .data          0x00822794        0x0 ../capstone_bsp//libucosii_bsp.a(alt_malloc_lock.o)
 .data          0x00822794        0x0 ../capstone_bsp//libucosii_bsp.a(os_core.o)
 .data          0x00822794        0x0 ../capstone_bsp//libucosii_bsp.a(os_dbg.o)
 .data          0x00822794        0x0 ../capstone_bsp//libucosii_bsp.a(os_flag.o)
 .data          0x00822794        0x0 ../capstone_bsp//libucosii_bsp.a(os_mem.o)
 .data          0x00822794        0x0 ../capstone_bsp//libucosii_bsp.a(os_q.o)
 .data          0x00822794        0x0 ../capstone_bsp//libucosii_bsp.a(os_sem.o)
 .data          0x00822794        0x0 ../capstone_bsp//libucosii_bsp.a(os_task.o)
 .data          0x00822794        0x0 ../capstone_bsp//libucosii_bsp.a(os_time.o)
 .data          0x00822794     0x10f8 ../capstone_bsp//libucosii_bsp.a(alt_sys_init.o)
 .data          0x0082388c        0x0 ../capstone_bsp//libucosii_bsp.a(altera_avalon_jtag_uart_fd.o)
 .data          0x0082388c        0x0 ../capstone_bsp//libucosii_bsp.a(altera_avalon_jtag_uart_init.o)
 .data          0x0082388c        0x0 ../capstone_bsp//libucosii_bsp.a(altera_avalon_jtag_uart_ioctl.o)
 .data          0x0082388c        0x0 ../capstone_bsp//libucosii_bsp.a(altera_avalon_jtag_uart_read.o)
 .data          0x0082388c        0x0 ../capstone_bsp//libucosii_bsp.a(altera_avalon_jtag_uart_write.o)
 .data          0x0082388c        0x0 ../capstone_bsp//libucosii_bsp.a(altera_avalon_timer_sc.o)
 .data          0x0082388c        0x0 ../capstone_bsp//libucosii_bsp.a(altera_up_avalon_audio.o)
 .data          0x0082388c        0x0 ../capstone_bsp//libucosii_bsp.a(altera_up_avalon_audio_and_video_config.o)
 .data          0x0082388c        0x0 ../capstone_bsp//libucosii_bsp.a(altera_up_avalon_character_lcd.o)
 .data          0x0082388c        0x0 ../capstone_bsp//libucosii_bsp.a(alt_alarm_start.o)
 .data          0x0082388c        0x0 ../capstone_bsp//libucosii_bsp.a(alt_dcache_flush_all.o)
 .data          0x0082388c        0x0 ../capstone_bsp//libucosii_bsp.a(alt_dev_llist_insert.o)
 .data          0x0082388c        0x0 ../capstone_bsp//libucosii_bsp.a(alt_do_ctors.o)
 .data          0x0082388c        0x0 ../capstone_bsp//libucosii_bsp.a(alt_do_dtors.o)
 .data          0x0082388c        0x0 ../capstone_bsp//libucosii_bsp.a(alt_find_dev.o)
 .data          0x0082388c        0x0 ../capstone_bsp//libucosii_bsp.a(alt_icache_flush_all.o)
 .data          0x0082388c        0x0 ../capstone_bsp//libucosii_bsp.a(alt_io_redirect.o)
 .data          0x0082388c        0x0 ../capstone_bsp//libucosii_bsp.a(alt_irq_register.o)
 .data          0x0082388c        0x0 ../capstone_bsp//libucosii_bsp.a(alt_irq_vars.o)
 .data          0x0082388c        0x0 ../capstone_bsp//libucosii_bsp.a(alt_open.o)
 .data          0x0082388c        0x0 ../capstone_bsp//libucosii_bsp.a(alt_tick.o)
 .data          0x0082388c        0x0 ../capstone_bsp//libucosii_bsp.a(altera_nios2_qsys_irq.o)
 .data          0x0082388c        0x0 ../capstone_bsp//libucosii_bsp.a(os_cpu_a.o)
 .data          0x0082388c        0x0 ../capstone_bsp//libucosii_bsp.a(os_cpu_c.o)
 .data          0x0082388c        0x0 ../capstone_bsp//libucosii_bsp.a(alt_find_file.o)
 .data          0x0082388c        0x0 ../capstone_bsp//libucosii_bsp.a(alt_get_fd.o)
 .data          0x0082388c        0x0 ../capstone_bsp//libucosii_bsp.a(alt_icache_flush.o)
 .data          0x0082388c        0x0 ../capstone_bsp//libucosii_bsp.a(alt_irq_entry.o)
 .data          0x0082388c        0x0 ../capstone_bsp//libucosii_bsp.a(alt_irq_handler.o)
 .data          0x0082388c        0x0 ../capstone_bsp//libucosii_bsp.a(alt_exception_entry.o)
 .data          0x0082388c        0x0 /OPT/altera/12.1/nios2eds/bin/gnu/H-i686-pc-linux-gnu/bin/../lib/gcc/nios2-elf/4.1.2/../../../../nios2-elf/lib/libc.a(lib_a-atexit.o)
 .data          0x0082388c        0x0 /OPT/altera/12.1/nios2eds/bin/gnu/H-i686-pc-linux-gnu/bin/../lib/gcc/nios2-elf/4.1.2/../../../../nios2-elf/lib/libc.a(lib_a-exit.o)
 .data          0x0082388c        0x0 /OPT/altera/12.1/nios2eds/bin/gnu/H-i686-pc-linux-gnu/bin/../lib/gcc/nios2-elf/4.1.2/../../../../nios2-elf/lib/libc.a(lib_a-memcmp.o)
 .data          0x0082388c        0x0 /OPT/altera/12.1/nios2eds/bin/gnu/H-i686-pc-linux-gnu/bin/../lib/gcc/nios2-elf/4.1.2/../../../../nios2-elf/lib/libc.a(lib_a-__atexit.o)
 .data          0x0082388c        0x0 /OPT/altera/12.1/nios2eds/bin/gnu/H-i686-pc-linux-gnu/bin/../lib/gcc/nios2-elf/4.1.2/../../../../nios2-elf/lib/libc.a(lib_a-__call_atexit.o)
 .data          0x0082388c        0x0 ../capstone_bsp//libucosii_bsp.a(alt_exit.o)
                0x0082b88c                _gp = ABSOLUTE ((. + 0x8000))
                0x0082b88c                PROVIDE (gp, _gp)
 *(.rwdata .rwdata.*)
 *(.sdata .sdata.* .gnu.linkonce.s.*)
 .sdata         0x0082388c        0x8 /OPT/altera/12.1/nios2eds/bin/gnu/H-i686-pc-linux-gnu/bin/../lib/gcc/nios2-elf/4.1.2/../../../../nios2-elf/lib/libc.a(lib_a-mallocr.o)
                0x0082388c                __malloc_trim_threshold
                0x00823890                __malloc_sbrk_base
 .sdata         0x00823894        0x8 /OPT/altera/12.1/nios2eds/bin/gnu/H-i686-pc-linux-gnu/bin/../lib/gcc/nios2-elf/4.1.2/../../../../nios2-elf/lib/libc.a(lib_a-impure.o)
                0x00823894                _impure_ptr
                0x00823898                _global_impure_ptr
 .sdata         0x0082389c        0x8 /OPT/altera/12.1/nios2eds/bin/gnu/H-i686-pc-linux-gnu/bin/../lib/gcc/nios2-elf/4.1.2/../../../../nios2-elf/lib/libc.a(lib_a-locale.o)
                0x0082389c                __mb_cur_max
 .sdata         0x008238a4       0x14 ../capstone_bsp//libucosii_bsp.a(alt_dev.o)
                0x008238a4                alt_fs_list
                0x008238ac                alt_dev_list
                0x008238b4                alt_max_fd
 .sdata         0x008238b8        0x4 ../capstone_bsp//libucosii_bsp.a(alt_errno.o)
                0x008238b8                alt_errno
 .sdata         0x008238bc        0x4 ../capstone_bsp//libucosii_bsp.a(alt_sbrk.o)
 .sdata         0x008238c0        0x4 ../capstone_bsp//libucosii_bsp.a(alt_env_lock.o)
 .sdata         0x008238c4        0x4 ../capstone_bsp//libucosii_bsp.a(alt_malloc_lock.o)
 .sdata         0x008238c8       0x74 ../capstone_bsp//libucosii_bsp.a(os_dbg.o)
                0x008238c8                OSDebugEn
                0x008238cc                OSEndiannessTest
                0x008238d0                OSEventEn
                0x008238d2                OSEventMax
                0x008238d4                OSEventNameSize
                0x008238d6                OSEventSize
                0x008238d8                OSEventTblSize
                0x008238da                OSEventMultiEn
                0x008238dc                OSFlagEn
                0x008238de                OSFlagGrpSize
                0x008238e0                OSFlagNodeSize
                0x008238e2                OSFlagWidth
                0x008238e4                OSFlagMax
                0x008238e6                OSFlagNameSize
                0x008238e8                OSLowestPrio
                0x008238ea                OSMboxEn
                0x008238ec                OSMemEn
                0x008238ee                OSMemMax
                0x008238f0                OSMemNameSize
                0x008238f2                OSMemSize
                0x008238f4                OSMemTblSize
                0x008238f6                OSMutexEn
                0x008238f8                OSPtrSize
                0x008238fa                OSQEn
                0x008238fc                OSQMax
                0x008238fe                OSQSize
                0x00823900                OSRdyTblSize
                0x00823902                OSSemEn
                0x00823904                OSStkWidth
                0x00823906                OSTaskCreateEn
                0x00823908                OSTaskCreateExtEn
                0x0082390a                OSTaskDelEn
                0x0082390c                OSTaskIdleStkSize
                0x0082390e                OSTaskProfileEn
                0x00823910                OSTaskMax
                0x00823912                OSTaskNameSize
                0x00823914                OSTaskStatEn
                0x00823916                OSTaskStatStkSize
                0x00823918                OSTaskStatStkChkEn
                0x0082391a                OSTaskSwHookEn
                0x0082391c                OSTCBPrioTblMax
                0x0082391e                OSTCBSize
                0x00823920                OSTicksPerSec
                0x00823922                OSTimeTickHookEn
                0x00823924                OSVersionNbr
                0x00823926                OSTmrEn
                0x00823928                OSTmrCfgMax
                0x0082392a                OSTmrCfgNameSize
                0x0082392c                OSTmrCfgWheelSize
                0x0082392e                OSTmrCfgTicksPerSec
                0x00823930                OSTmrSize
                0x00823932                OSTmrTblSize
                0x00823934                OSTmrWheelSize
                0x00823936                OSTmrWheelTblSize
                0x00823938                OSDataSize
 .sdata         0x0082393c        0x4 ../capstone_bsp//libucosii_bsp.a(alt_irq_vars.o)
                0x0082393c                alt_priority_mask
 .sdata         0x00823940        0x8 ../capstone_bsp//libucosii_bsp.a(alt_tick.o)
                0x00823940                alt_alarm_list
 *(.sdata2 .sdata2.* .gnu.linkonce.s2.*)
                0x00823948                . = ALIGN (0x4)
                0x00823948                _edata = ABSOLUTE (.)
                0x00823948                PROVIDE (edata, ABSOLUTE (.))
                0x00823948                PROVIDE (__ram_rwdata_end, ABSOLUTE (.))
                0x00823948                PROVIDE (__flash_rwdata_start, LOADADDR (.rwdata))

.bss            0x008254c4     0x3580
                0x008254c4                __bss_start = ABSOLUTE (.)
                0x008254c4                PROVIDE (__sbss_start, ABSOLUTE (.))
                0x008254c4                PROVIDE (___sbss_start, ABSOLUTE (.))
 *(.dynsbss)
 *(.sbss .sbss.* .gnu.linkonce.sb.*)
 .sbss          0x008254c4        0xc obj/default/audio.o
                0x008254c4                audio_dev
                0x008254c8                button
                0x008254cc                myLCD
 .sbss          0x008254d0        0xc /OPT/altera/12.1/nios2eds/bin/gnu/H-i686-pc-linux-gnu/bin/../lib/gcc/nios2-elf/4.1.2/../../../../nios2-elf/lib/libc.a(lib_a-mallocr.o)
                0x008254d0                __malloc_top_pad
                0x008254d4                __malloc_max_sbrked_mem
                0x008254d8                __malloc_max_total_mem
 .sbss          0x008254dc        0x4 /OPT/altera/12.1/nios2eds/bin/gnu/H-i686-pc-linux-gnu/bin/../lib/gcc/nios2-elf/4.1.2/../../../../nios2-elf/lib/libc.a(lib_a-int_errno.o)
                0x008254dc                errno
 .sbss          0x008254e0        0xc /OPT/altera/12.1/nios2eds/bin/gnu/H-i686-pc-linux-gnu/bin/../lib/gcc/nios2-elf/4.1.2/../../../../nios2-elf/lib/libc.a(lib_a-locale.o)
                0x008254e0                __nlocale_changed
                0x008254e4                __mlocale_changed
                0x008254e8                _PathLocale
 .sbss          0x008254ec        0x4 ../capstone_bsp//libucosii_bsp.a(alt_dev.o)
                0x008254ec                alt_fd_list_lock
 .sbss          0x008254f0        0xc ../capstone_bsp//libucosii_bsp.a(alt_main.o)
                0x008254f0                alt_argc
                0x008254f4                alt_argv
                0x008254f8                alt_envp
 .sbss          0x008254fc        0x8 ../capstone_bsp//libucosii_bsp.a(alt_env_lock.o)
                0x00825500                alt_envsem
 .sbss          0x00825504        0x8 ../capstone_bsp//libucosii_bsp.a(alt_malloc_lock.o)
                0x00825508                alt_heapsem
 .sbss          0x0082550c       0x50 ../capstone_bsp//libucosii_bsp.a(os_core.o)
                0x0082550c                OSLockNesting
                0x0082550d                OSRunning
                0x00825510                OSIdleCtr
                0x00825514                OSPrioHighRdy
                0x00825515                OSPrioCur
                0x00825518                OSTCBList
                0x0082551c                OSTickStepState
                0x00825520                OSCtxSwCtr
                0x00825524                OSIdleCtrMax
                0x00825528                OSTCBFreeList
                0x0082552c                OSCPUUsage
                0x0082552d                OSTaskCtr
                0x00825530                OSMemFreeList
                0x00825534                OSTCBHighRdy
                0x00825538                OSQFreeList
                0x0082553c                OSRdyGrp
                0x0082553d                OSRdyTbl
                0x00825540                OSEventFreeList
                0x00825544                OSIntNesting
                0x00825548                OSTCBCur
                0x0082554c                OSTime
                0x00825550                OSFlagFreeList
                0x00825554                OSStatRdy
                0x00825558                OSIdleCtrRun
 .sbss          0x0082555c        0x4 ../capstone_bsp//libucosii_bsp.a(alt_irq_vars.o)
                0x0082555c                alt_irq_active
 .sbss          0x00825560        0x8 ../capstone_bsp//libucosii_bsp.a(alt_tick.o)
                0x00825560                _alt_tick_rate
                0x00825564                _alt_nticks
 *(.sbss2 .sbss2.* .gnu.linkonce.sb2.*)
 *(.scommon)
                0x00825568                PROVIDE (__sbss_end, ABSOLUTE (.))
                0x00825568                PROVIDE (___sbss_end, ABSOLUTE (.))
 *(.dynbss)
 *(.bss .bss.* .gnu.linkonce.b.*)
 .bss           0x00825568        0x0 ../capstone_bsp//obj/HAL/src/crt0.o
 .bss           0x00825568        0x0 obj/default/audio.o
 .bss           0x00825568        0x0 obj/default/efsl/debug.o
 .bss           0x00825568        0x0 obj/default/efsl/dir.o
 .bss           0x00825568        0x0 obj/default/efsl/disc.o
 .bss           0x00825568        0x0 obj/default/efsl/efs.o
 .bss           0x00825568        0x0 obj/default/efsl/extract.o
 .bss           0x00825568        0x0 obj/default/efsl/fat.o
 .bss           0x00825568        0x0 obj/default/efsl/file.o
 .bss           0x00825568        0x0 obj/default/efsl/fs.o
 .bss           0x00825568        0x0 obj/default/efsl/ioman.o
 .bss           0x00825568        0x0 obj/default/efsl/ls.o
 .bss           0x00825568        0x0 obj/default/efsl/mkfs.o
 .bss           0x00825568        0x0 obj/default/efsl/nios2.o
 .bss           0x00825568        0x0 obj/default/efsl/nios2_ramdisk.o
 .bss           0x00825568        0x0 obj/default/efsl/partition.o
 .bss           0x00825568        0x0 obj/default/efsl/plibc.o
 .bss           0x00825568        0x0 obj/default/efsl/sd.o
 .bss           0x00825568        0x0 obj/default/efsl/time.o
 .bss           0x00825568        0x0 obj/default/efsl/ui.o
 .bss           0x00825568        0x0 /OPT/altera/12.1/nios2eds/bin/gnu/H-i686-pc-linux-gnu/bin/../lib/gcc/nios2-elf/4.1.2/libgcc.a(lib2-divmod.o)
 .bss           0x00825568        0x0 /OPT/altera/12.1/nios2eds/bin/gnu/H-i686-pc-linux-gnu/bin/../lib/gcc/nios2-elf/4.1.2/../../../../nios2-elf/lib/libc.a(lib_a-malloc.o)
 .bss           0x00825568       0x28 /OPT/altera/12.1/nios2eds/bin/gnu/H-i686-pc-linux-gnu/bin/../lib/gcc/nios2-elf/4.1.2/../../../../nios2-elf/lib/libc.a(lib_a-mallocr.o)
                0x00825568                __malloc_current_mallinfo
 .bss           0x00825590        0x0 /OPT/altera/12.1/nios2eds/bin/gnu/H-i686-pc-linux-gnu/bin/../lib/gcc/nios2-elf/4.1.2/../../../../nios2-elf/lib/libc.a(lib_a-memcpy.o)
 .bss           0x00825590        0x0 /OPT/altera/12.1/nios2eds/bin/gnu/H-i686-pc-linux-gnu/bin/../lib/gcc/nios2-elf/4.1.2/../../../../nios2-elf/lib/libc.a(lib_a-perror.o)
 .bss           0x00825590        0x0 /OPT/altera/12.1/nios2eds/bin/gnu/H-i686-pc-linux-gnu/bin/../lib/gcc/nios2-elf/4.1.2/../../../../nios2-elf/lib/libc.a(lib_a-printf.o)
 .bss           0x00825590        0x0 /OPT/altera/12.1/nios2eds/bin/gnu/H-i686-pc-linux-gnu/bin/../lib/gcc/nios2-elf/4.1.2/../../../../nios2-elf/lib/libc.a(lib_a-putchar.o)
 .bss           0x00825590        0x0 /OPT/altera/12.1/nios2eds/bin/gnu/H-i686-pc-linux-gnu/bin/../lib/gcc/nios2-elf/4.1.2/../../../../nios2-elf/lib/libc.a(lib_a-puts.o)
 .bss           0x00825590        0x0 /OPT/altera/12.1/nios2eds/bin/gnu/H-i686-pc-linux-gnu/bin/../lib/gcc/nios2-elf/4.1.2/../../../../nios2-elf/lib/libc.a(lib_a-sbrkr.o)
 .bss           0x00825590        0x0 /OPT/altera/12.1/nios2eds/bin/gnu/H-i686-pc-linux-gnu/bin/../lib/gcc/nios2-elf/4.1.2/../../../../nios2-elf/lib/libc.a(lib_a-strerror.o)
 .bss           0x00825590        0x0 /OPT/altera/12.1/nios2eds/bin/gnu/H-i686-pc-linux-gnu/bin/../lib/gcc/nios2-elf/4.1.2/../../../../nios2-elf/lib/libc.a(lib_a-strlen.o)
 .bss           0x00825590        0x0 /OPT/altera/12.1/nios2eds/bin/gnu/H-i686-pc-linux-gnu/bin/../lib/gcc/nios2-elf/4.1.2/../../../../nios2-elf/lib/libc.a(lib_a-u_strerr.o)
 .bss           0x00825590        0x0 /OPT/altera/12.1/nios2eds/bin/gnu/H-i686-pc-linux-gnu/bin/../lib/gcc/nios2-elf/4.1.2/../../../../nios2-elf/lib/libc.a(lib_a-vfprintf.o)
 .bss           0x00825590        0x0 /OPT/altera/12.1/nios2eds/bin/gnu/H-i686-pc-linux-gnu/bin/../lib/gcc/nios2-elf/4.1.2/../../../../nios2-elf/lib/libc.a(lib_a-wsetup.o)
 .bss           0x00825590        0x0 /OPT/altera/12.1/nios2eds/bin/gnu/H-i686-pc-linux-gnu/bin/../lib/gcc/nios2-elf/4.1.2/../../../../nios2-elf/lib/libc.a(lib_a-dtoa.o)
 .bss           0x00825590        0x0 /OPT/altera/12.1/nios2eds/bin/gnu/H-i686-pc-linux-gnu/bin/../lib/gcc/nios2-elf/4.1.2/../../../../nios2-elf/lib/libc.a(lib_a-fflush.o)
 .bss           0x00825590        0x0 /OPT/altera/12.1/nios2eds/bin/gnu/H-i686-pc-linux-gnu/bin/../lib/gcc/nios2-elf/4.1.2/../../../../nios2-elf/lib/libc.a(lib_a-findfp.o)
 .bss           0x00825590        0x0 /OPT/altera/12.1/nios2eds/bin/gnu/H-i686-pc-linux-gnu/bin/../lib/gcc/nios2-elf/4.1.2/../../../../nios2-elf/lib/libc.a(lib_a-fputc.o)
 .bss           0x00825590        0x0 /OPT/altera/12.1/nios2eds/bin/gnu/H-i686-pc-linux-gnu/bin/../lib/gcc/nios2-elf/4.1.2/../../../../nios2-elf/lib/libc.a(lib_a-fputs.o)
 .bss           0x00825590        0x0 /OPT/altera/12.1/nios2eds/bin/gnu/H-i686-pc-linux-gnu/bin/../lib/gcc/nios2-elf/4.1.2/../../../../nios2-elf/lib/libc.a(lib_a-freer.o)
 .bss           0x00825590        0x0 /OPT/altera/12.1/nios2eds/bin/gnu/H-i686-pc-linux-gnu/bin/../lib/gcc/nios2-elf/4.1.2/../../../../nios2-elf/lib/libc.a(lib_a-fvwrite.o)
 .bss           0x00825590        0x0 /OPT/altera/12.1/nios2eds/bin/gnu/H-i686-pc-linux-gnu/bin/../lib/gcc/nios2-elf/4.1.2/../../../../nios2-elf/lib/libc.a(lib_a-fwalk.o)
 .bss           0x00825590        0x0 /OPT/altera/12.1/nios2eds/bin/gnu/H-i686-pc-linux-gnu/bin/../lib/gcc/nios2-elf/4.1.2/../../../../nios2-elf/lib/libc.a(lib_a-impure.o)
 .bss           0x00825590        0x0 /OPT/altera/12.1/nios2eds/bin/gnu/H-i686-pc-linux-gnu/bin/../lib/gcc/nios2-elf/4.1.2/../../../../nios2-elf/lib/libc.a(lib_a-int_errno.o)
 .bss           0x00825590        0x0 /OPT/altera/12.1/nios2eds/bin/gnu/H-i686-pc-linux-gnu/bin/../lib/gcc/nios2-elf/4.1.2/../../../../nios2-elf/lib/libc.a(lib_a-locale.o)
 .bss           0x00825590        0x0 /OPT/altera/12.1/nios2eds/bin/gnu/H-i686-pc-linux-gnu/bin/../lib/gcc/nios2-elf/4.1.2/../../../../nios2-elf/lib/libc.a(lib_a-makebuf.o)
 .bss           0x00825590        0x0 /OPT/altera/12.1/nios2eds/bin/gnu/H-i686-pc-linux-gnu/bin/../lib/gcc/nios2-elf/4.1.2/../../../../nios2-elf/lib/libc.a(lib_a-memchr.o)
 .bss           0x00825590        0x0 /OPT/altera/12.1/nios2eds/bin/gnu/H-i686-pc-linux-gnu/bin/../lib/gcc/nios2-elf/4.1.2/../../../../nios2-elf/lib/libc.a(lib_a-memmove.o)
 .bss           0x00825590        0x0 /OPT/altera/12.1/nios2eds/bin/gnu/H-i686-pc-linux-gnu/bin/../lib/gcc/nios2-elf/4.1.2/../../../../nios2-elf/lib/libc.a(lib_a-memset.o)
 .bss           0x00825590        0x0 /OPT/altera/12.1/nios2eds/bin/gnu/H-i686-pc-linux-gnu/bin/../lib/gcc/nios2-elf/4.1.2/../../../../nios2-elf/lib/libc.a(lib_a-mprec.o)
 .bss           0x00825590        0x0 /OPT/altera/12.1/nios2eds/bin/gnu/H-i686-pc-linux-gnu/bin/../lib/gcc/nios2-elf/4.1.2/../../../../nios2-elf/lib/libc.a(lib_a-putc.o)
 .bss           0x00825590        0x0 /OPT/altera/12.1/nios2eds/bin/gnu/H-i686-pc-linux-gnu/bin/../lib/gcc/nios2-elf/4.1.2/../../../../nios2-elf/lib/libc.a(lib_a-reallocr.o)
 .bss           0x00825590        0x0 /OPT/altera/12.1/nios2eds/bin/gnu/H-i686-pc-linux-gnu/bin/../lib/gcc/nios2-elf/4.1.2/../../../../nios2-elf/lib/libc.a(lib_a-s_isinfd.o)
 .bss           0x00825590        0x0 /OPT/altera/12.1/nios2eds/bin/gnu/H-i686-pc-linux-gnu/bin/../lib/gcc/nios2-elf/4.1.2/../../../../nios2-elf/lib/libc.a(lib_a-s_isnand.o)
 .bss           0x00825590        0x0 /OPT/altera/12.1/nios2eds/bin/gnu/H-i686-pc-linux-gnu/bin/../lib/gcc/nios2-elf/4.1.2/../../../../nios2-elf/lib/libc.a(lib_a-stdio.o)
 .bss           0x00825590        0x0 /OPT/altera/12.1/nios2eds/bin/gnu/H-i686-pc-linux-gnu/bin/../lib/gcc/nios2-elf/4.1.2/../../../../nios2-elf/lib/libc.a(lib_a-strcmp.o)
 .bss           0x00825590        0x0 /OPT/altera/12.1/nios2eds/bin/gnu/H-i686-pc-linux-gnu/bin/../lib/gcc/nios2-elf/4.1.2/../../../../nios2-elf/lib/libc.a(lib_a-wbuf.o)
 .bss           0x00825590        0x0 /OPT/altera/12.1/nios2eds/bin/gnu/H-i686-pc-linux-gnu/bin/../lib/gcc/nios2-elf/4.1.2/../../../../nios2-elf/lib/libc.a(lib_a-writer.o)
 .bss           0x00825590        0x0 /OPT/altera/12.1/nios2eds/bin/gnu/H-i686-pc-linux-gnu/bin/../lib/gcc/nios2-elf/4.1.2/../../../../nios2-elf/lib/libc.a(lib_a-callocr.o)
 .bss           0x00825590        0x0 /OPT/altera/12.1/nios2eds/bin/gnu/H-i686-pc-linux-gnu/bin/../lib/gcc/nios2-elf/4.1.2/../../../../nios2-elf/lib/libc.a(lib_a-closer.o)
 .bss           0x00825590        0x0 /OPT/altera/12.1/nios2eds/bin/gnu/H-i686-pc-linux-gnu/bin/../lib/gcc/nios2-elf/4.1.2/../../../../nios2-elf/lib/libc.a(lib_a-fclose.o)
 .bss           0x00825590        0x0 /OPT/altera/12.1/nios2eds/bin/gnu/H-i686-pc-linux-gnu/bin/../lib/gcc/nios2-elf/4.1.2/../../../../nios2-elf/lib/libc.a(lib_a-fstatr.o)
 .bss           0x00825590        0x0 /OPT/altera/12.1/nios2eds/bin/gnu/H-i686-pc-linux-gnu/bin/../lib/gcc/nios2-elf/4.1.2/../../../../nios2-elf/lib/libc.a(lib_a-isattyr.o)
 .bss           0x00825590        0x0 /OPT/altera/12.1/nios2eds/bin/gnu/H-i686-pc-linux-gnu/bin/../lib/gcc/nios2-elf/4.1.2/../../../../nios2-elf/lib/libc.a(lib_a-lseekr.o)
 .bss           0x00825590        0x0 /OPT/altera/12.1/nios2eds/bin/gnu/H-i686-pc-linux-gnu/bin/../lib/gcc/nios2-elf/4.1.2/../../../../nios2-elf/lib/libc.a(lib_a-readr.o)
 .bss           0x00825590        0x0 /OPT/altera/12.1/nios2eds/bin/gnu/H-i686-pc-linux-gnu/bin/../lib/gcc/nios2-elf/4.1.2/libgcc.a(_udivdi3.o)
 .bss           0x00825590        0x0 /OPT/altera/12.1/nios2eds/bin/gnu/H-i686-pc-linux-gnu/bin/../lib/gcc/nios2-elf/4.1.2/libgcc.a(_umoddi3.o)
 .bss           0x00825590        0x0 /OPT/altera/12.1/nios2eds/bin/gnu/H-i686-pc-linux-gnu/bin/../lib/gcc/nios2-elf/4.1.2/libgcc.a(_addsub_df.o)
 .bss           0x00825590        0x0 /OPT/altera/12.1/nios2eds/bin/gnu/H-i686-pc-linux-gnu/bin/../lib/gcc/nios2-elf/4.1.2/libgcc.a(_mul_df.o)
 .bss           0x00825590        0x0 /OPT/altera/12.1/nios2eds/bin/gnu/H-i686-pc-linux-gnu/bin/../lib/gcc/nios2-elf/4.1.2/libgcc.a(_div_df.o)
 .bss           0x00825590        0x0 /OPT/altera/12.1/nios2eds/bin/gnu/H-i686-pc-linux-gnu/bin/../lib/gcc/nios2-elf/4.1.2/libgcc.a(_eq_df.o)
 .bss           0x00825590        0x0 /OPT/altera/12.1/nios2eds/bin/gnu/H-i686-pc-linux-gnu/bin/../lib/gcc/nios2-elf/4.1.2/libgcc.a(_ne_df.o)
 .bss           0x00825590        0x0 /OPT/altera/12.1/nios2eds/bin/gnu/H-i686-pc-linux-gnu/bin/../lib/gcc/nios2-elf/4.1.2/libgcc.a(_gt_df.o)
 .bss           0x00825590        0x0 /OPT/altera/12.1/nios2eds/bin/gnu/H-i686-pc-linux-gnu/bin/../lib/gcc/nios2-elf/4.1.2/libgcc.a(_ge_df.o)
 .bss           0x00825590        0x0 /OPT/altera/12.1/nios2eds/bin/gnu/H-i686-pc-linux-gnu/bin/../lib/gcc/nios2-elf/4.1.2/libgcc.a(_lt_df.o)
 .bss           0x00825590        0x0 /OPT/altera/12.1/nios2eds/bin/gnu/H-i686-pc-linux-gnu/bin/../lib/gcc/nios2-elf/4.1.2/libgcc.a(_si_to_df.o)
 .bss           0x00825590        0x0 /OPT/altera/12.1/nios2eds/bin/gnu/H-i686-pc-linux-gnu/bin/../lib/gcc/nios2-elf/4.1.2/libgcc.a(_df_to_si.o)
 .bss           0x00825590        0x0 /OPT/altera/12.1/nios2eds/bin/gnu/H-i686-pc-linux-gnu/bin/../lib/gcc/nios2-elf/4.1.2/libgcc.a(_thenan_df.o)
 .bss           0x00825590        0x0 /OPT/altera/12.1/nios2eds/bin/gnu/H-i686-pc-linux-gnu/bin/../lib/gcc/nios2-elf/4.1.2/libgcc.a(_usi_to_df.o)