Archive member included because of file (symbol)

/OPT/altera/12.1/nios2eds/bin/gnu/H-i686-pc-linux-gnu/bin/../lib/gcc/nios2-elf/4.1.2/../../../../nios2-elf/lib/mno-hw-mul/libm.a(lib_a-w_pow.o)
                              obj/default/MPU9250/mpu9250.o (pow)
/OPT/altera/12.1/nios2eds/bin/gnu/H-i686-pc-linux-gnu/bin/../lib/gcc/nios2-elf/4.1.2/../../../../nios2-elf/lib/mno-hw-mul/libm.a(lib_a-e_pow.o)
                              /OPT/altera/12.1/nios2eds/bin/gnu/H-i686-pc-linux-gnu/bin/../lib/gcc/nios2-elf/4.1.2/../../../../nios2-elf/lib/mno-hw-mul/libm.a(lib_a-w_pow.o) (__ieee754_pow)
/OPT/altera/12.1/nios2eds/bin/gnu/H-i686-pc-linux-gnu/bin/../lib/gcc/nios2-elf/4.1.2/../../../../nios2-elf/lib/mno-hw-mul/libm.a(lib_a-e_sqrt.o)
                              /OPT/altera/12.1/nios2eds/bin/gnu/H-i686-pc-linux-gnu/bin/../lib/gcc/nios2-elf/4.1.2/../../../../nios2-elf/lib/mno-hw-mul/libm.a(lib_a-e_pow.o) (__ieee754_sqrt)
/OPT/altera/12.1/nios2eds/bin/gnu/H-i686-pc-linux-gnu/bin/../lib/gcc/nios2-elf/4.1.2/../../../../nios2-elf/lib/mno-hw-mul/libm.a(lib_a-s_fabs.o)
                              /OPT/altera/12.1/nios2eds/bin/gnu/H-i686-pc-linux-gnu/bin/../lib/gcc/nios2-elf/4.1.2/../../../../nios2-elf/lib/mno-hw-mul/libm.a(lib_a-e_pow.o) (fabs)
/OPT/altera/12.1/nios2eds/bin/gnu/H-i686-pc-linux-gnu/bin/../lib/gcc/nios2-elf/4.1.2/../../../../nios2-elf/lib/mno-hw-mul/libm.a(lib_a-s_finite.o)
                              /OPT/altera/12.1/nios2eds/bin/gnu/H-i686-pc-linux-gnu/bin/../lib/gcc/nios2-elf/4.1.2/../../../../nios2-elf/lib/mno-hw-mul/libm.a(lib_a-w_pow.o) (finite)
/OPT/altera/12.1/nios2eds/bin/gnu/H-i686-pc-linux-gnu/bin/../lib/gcc/nios2-elf/4.1.2/../../../../nios2-elf/lib/mno-hw-mul/libm.a(lib_a-s_isnand.o)
                              /OPT/altera/12.1/nios2eds/bin/gnu/H-i686-pc-linux-gnu/bin/../lib/gcc/nios2-elf/4.1.2/../../../../nios2-elf/lib/mno-hw-mul/libm.a(lib_a-w_pow.o) (__isnand)
/OPT/altera/12.1/nios2eds/bin/gnu/H-i686-pc-linux-gnu/bin/../lib/gcc/nios2-elf/4.1.2/../../../../nios2-elf/lib/mno-hw-mul/libm.a(lib_a-s_lib_ver.o)
                              /OPT/altera/12.1/nios2eds/bin/gnu/H-i686-pc-linux-gnu/bin/../lib/gcc/nios2-elf/4.1.2/../../../../nios2-elf/lib/mno-hw-mul/libm.a(lib_a-w_pow.o) (__fdlib_version)
/OPT/altera/12.1/nios2eds/bin/gnu/H-i686-pc-linux-gnu/bin/../lib/gcc/nios2-elf/4.1.2/../../../../nios2-elf/lib/mno-hw-mul/libm.a(lib_a-s_matherr.o)
                              /OPT/altera/12.1/nios2eds/bin/gnu/H-i686-pc-linux-gnu/bin/../lib/gcc/nios2-elf/4.1.2/../../../../nios2-elf/lib/mno-hw-mul/libm.a(lib_a-w_pow.o) (matherr)
/OPT/altera/12.1/nios2eds/bin/gnu/H-i686-pc-linux-gnu/bin/../lib/gcc/nios2-elf/4.1.2/../../../../nios2-elf/lib/mno-hw-mul/libm.a(lib_a-s_nan.o)
                              /OPT/altera/12.1/nios2eds/bin/gnu/H-i686-pc-linux-gnu/bin/../lib/gcc/nios2-elf/4.1.2/../../../../nios2-elf/lib/mno-hw-mul/libm.a(lib_a-e_pow.o) (nan)
/OPT/altera/12.1/nios2eds/bin/gnu/H-i686-pc-linux-gnu/bin/../lib/gcc/nios2-elf/4.1.2/../../../../nios2-elf/lib/mno-hw-mul/libm.a(lib_a-s_rint.o)
                              /OPT/altera/12.1/nios2eds/bin/gnu/H-i686-pc-linux-gnu/bin/../lib/gcc/nios2-elf/4.1.2/../../../../nios2-elf/lib/mno-hw-mul/libm.a(lib_a-w_pow.o) (rint)
/OPT/altera/12.1/nios2eds/bin/gnu/H-i686-pc-linux-gnu/bin/../lib/gcc/nios2-elf/4.1.2/../../../../nios2-elf/lib/mno-hw-mul/libm.a(lib_a-s_scalbn.o)
                              /OPT/altera/12.1/nios2eds/bin/gnu/H-i686-pc-linux-gnu/bin/../lib/gcc/nios2-elf/4.1.2/../../../../nios2-elf/lib/mno-hw-mul/libm.a(lib_a-e_pow.o) (scalbn)
/OPT/altera/12.1/nios2eds/bin/gnu/H-i686-pc-linux-gnu/bin/../lib/gcc/nios2-elf/4.1.2/../../../../nios2-elf/lib/mno-hw-mul/libm.a(lib_a-s_copysign.o)
                              /OPT/altera/12.1/nios2eds/bin/gnu/H-i686-pc-linux-gnu/bin/../lib/gcc/nios2-elf/4.1.2/../../../../nios2-elf/lib/mno-hw-mul/libm.a(lib_a-s_scalbn.o) (copysign)
/OPT/altera/12.1/nios2eds/bin/gnu/H-i686-pc-linux-gnu/bin/../lib/gcc/nios2-elf/4.1.2/mno-hw-mul/libgcc.a(_mul_sf.o)
                              obj/default/MPU9250/mpu9250.o (__mulsf3)
/OPT/altera/12.1/nios2eds/bin/gnu/H-i686-pc-linux-gnu/bin/../lib/gcc/nios2-elf/4.1.2/mno-hw-mul/libgcc.a(_div_sf.o)
                              obj/default/MPU9250/mpu9250.o (__divsf3)
/OPT/altera/12.1/nios2eds/bin/gnu/H-i686-pc-linux-gnu/bin/../lib/gcc/nios2-elf/4.1.2/mno-hw-mul/libgcc.a(_si_to_sf.o)
                              obj/default/MPU9250/mpu9250.o (__floatsisf)
/OPT/altera/12.1/nios2eds/bin/gnu/H-i686-pc-linux-gnu/bin/../lib/gcc/nios2-elf/4.1.2/mno-hw-mul/libgcc.a(_sf_to_df.o)
                              obj/default/MPU9250/mpu9250.o (__extendsfdf2)
/OPT/altera/12.1/nios2eds/bin/gnu/H-i686-pc-linux-gnu/bin/../lib/gcc/nios2-elf/4.1.2/mno-hw-mul/libgcc.a(_thenan_sf.o)
                              /OPT/altera/12.1/nios2eds/bin/gnu/H-i686-pc-linux-gnu/bin/../lib/gcc/nios2-elf/4.1.2/mno-hw-mul/libgcc.a(_mul_sf.o) (__thenan_sf)
[...]
Memory Configuration

Name             Origin             Length             Attributes
sdram_0          0x00800000         0x00800000
sram_0           0x01080000         0x00080000
reset            0x01104000         0x00000020
onchip_memory2_0 0x01104020         0x00003fe0
*default*        0x00000000         0xffffffff

Linker script and memory map

LOAD ../i2c_bsp//obj/HAL/src/crt0.o
LOAD obj/default/MPU9250/mpu9250.o
LOAD obj/default/hello_ucosii.o
LOAD obj/default/i2c/I2C.o
LOAD /OPT/altera/12.1/nios2eds/bin/gnu/H-i686-pc-linux-gnu/bin/../lib/gcc/nios2-elf/4.1.2/../../../../nios2-elf/lib/mno-hw-mul/libstdc++.a
LOAD /OPT/altera/12.1/nios2eds/bin/gnu/H-i686-pc-linux-gnu/bin/../lib/gcc/nios2-elf/4.1.2/../../../../nios2-elf/lib/mno-hw-mul/libm.a
LOAD /OPT/altera/12.1/nios2eds/bin/gnu/H-i686-pc-linux-gnu/bin/../lib/gcc/nios2-elf/4.1.2/mno-hw-mul/libgcc.a
START GROUP
LOAD /OPT/altera/12.1/nios2eds/bin/gnu/H-i686-pc-linux-gnu/bin/../lib/gcc/nios2-elf/4.1.2/../../../../nios2-elf/lib/mno-hw-mul/libc.a
LOAD /OPT/altera/12.1/nios2eds/bin/gnu/H-i686-pc-linux-gnu/bin/../lib/gcc/nios2-elf/4.1.2/mno-hw-mul/libgcc.a
LOAD ../i2c_bsp//libucosii_bsp.a
END GROUP
LOAD /OPT/altera/12.1/nios2eds/bin/gnu/H-i686-pc-linux-gnu/bin/../lib/gcc/nios2-elf/4.1.2/mno-hw-mul/libgcc.a
                0x00800000                __alt_mem_sdram_0 = 0x800000
                0x01080000                __alt_mem_sram_0 = 0x1080000
                0x01104000                __alt_mem_onchip_memory2_0 = 0x1104000

.entry          0x01104000       0x20
 *(.entry)
 .entry         0x01104000       0x20 ../i2c_bsp//obj/HAL/src/crt0.o
                0x01104000                __reset

.exceptions     0x01104020      0x19c load address 0x00800000
                0x01104020                PROVIDE (__ram_exceptions_start, ABSOLUTE (.))
                0x01104020                . = ALIGN (0x20)
 *(.irq)
 *(.exceptions.entry.label)
 .exceptions.entry.label
                0x01104020        0x0 ../i2c_bsp//libucosii_bsp.a(alt_irq_entry.o)
                0x01104020                alt_irq_entry
 .exceptions.entry.label
                0x01104020        0x0 ../i2c_bsp//libucosii_bsp.a(alt_exception_entry.o)
                0x01104020                alt_exception
 *(.exceptions.entry.user)
 *(.exceptions.entry)
 .exceptions.entry
                0x01104020       0x54 ../i2c_bsp//libucosii_bsp.a(alt_exception_entry.o)
 *(.exceptions.irqtest.user)
 *(.exceptions.irqtest)
 .exceptions.irqtest
                0x01104074       0x10 ../i2c_bsp//libucosii_bsp.a(alt_irq_entry.o)
 *(.exceptions.irqhandler.user)
 *(.exceptions.irqhandler)
 .exceptions.irqhandler
                0x01104084        0x4 ../i2c_bsp//libucosii_bsp.a(alt_irq_entry.o)
 *(.exceptions.irqreturn.user)
 *(.exceptions.irqreturn)
 .exceptions.irqreturn
                0x01104088        0x4 ../i2c_bsp//libucosii_bsp.a(alt_irq_entry.o)
 *(.exceptions.notirq.label)
 .exceptions.notirq.label
                0x0110408c        0x0 ../i2c_bsp//libucosii_bsp.a(alt_irq_entry.o)
 *(.exceptions.notirq.user)
 *(.exceptions.notirq)
 .exceptions.notirq
                0x0110408c        0x8 ../i2c_bsp//libucosii_bsp.a(alt_exception_entry.o)
 *(.exceptions.soft.user)
 *(.exceptions.soft)
 *(.exceptions.unknown.user)
 *(.exceptions.unknown)
 .exceptions.unknown
                0x01104094        0x4 ../i2c_bsp//libucosii_bsp.a(alt_exception_entry.o)
 *(.exceptions.exit.label)
 .exceptions.exit.label
                0x01104098        0x0 ../i2c_bsp//libucosii_bsp.a(alt_irq_entry.o)
 .exceptions.exit.label
                0x01104098        0x0 ../i2c_bsp//libucosii_bsp.a(alt_exception_entry.o)
 *(.exceptions.exit.user)
 *(.exceptions.exit)
 .exceptions.exit
                0x01104098       0x54 ../i2c_bsp//libucosii_bsp.a(alt_exception_entry.o)
 *(.exceptions)
 .exceptions    0x011040ec       0xd0 ../i2c_bsp//libucosii_bsp.a(alt_irq_handler.o)
                0x011040ec                alt_irq_handler
                0x011041bc                PROVIDE (__ram_exceptions_end, ABSOLUTE (.))
                0x00800000                PROVIDE (__flash_exceptions_start, LOADADDR (.exceptions))

.text           0x0080019c    0x1b79c
                0x0080019c                PROVIDE (stext, ABSOLUTE (.))
 *(.interp)
 *(.hash)
 *(.dynsym)
 *(.dynstr)
 *(.gnu.version)
 *(.gnu.version_d)
 *(.gnu.version_r)
 *(.rel.init)
 *(.rela.init)
 *(.rel.text .rel.text.* .rel.gnu.linkonce.t.*)
 *(.rela.text .rela.text.* .rela.gnu.linkonce.t.*)
 *(.rel.fini)
 *(.rela.fini)
 *(.rel.rodata .rel.rodata.* .rel.gnu.linkonce.r.*)
 *(.rela.rodata .rela.rodata.* .rela.gnu.linkonce.r.*)
 *(.rel.data .rel.data.* .rel.gnu.linkonce.d.*)
 *(.rela.data .rela.data.* .rela.gnu.linkonce.d.*)
 *(.rel.tdata .rel.tdata.* .rel.gnu.linkonce.td.*)
 *(.rela.tdata .rela.tdata.* .rela.gnu.linkonce.td.*)
 *(.rel.tbss .rel.tbss.* .rel.gnu.linkonce.tb.*)
 *(.rela.tbss .rela.tbss.* .rela.gnu.linkonce.tb.*)
 *(.rel.ctors)
 *(.rela.ctors)
 *(.rel.dtors)
 *(.rela.dtors)
 *(.rel.got)
 *(.rela.got)
 *(.rel.sdata .rel.sdata.* .rel.gnu.linkonce.s.*)
 *(.rela.sdata .rela.sdata.* .rela.gnu.linkonce.s.*)
 *(.rel.sbss .rel.sbss.* .rel.gnu.linkonce.sb.*)
 *(.rela.sbss .rela.sbss.* .rela.gnu.linkonce.sb.*)
 *(.rel.sdata2 .rel.sdata2.* .rel.gnu.linkonce.s2.*)
 *(.rela.sdata2 .rela.sdata2.* .rela.gnu.linkonce.s2.*)
 *(.rel.sbss2 .rel.sbss2.* .rel.gnu.linkonce.sb2.*)
 *(.rela.sbss2 .rela.sbss2.* .rela.gnu.linkonce.sb2.*)
 *(.rel.bss .rel.bss.* .rel.gnu.linkonce.b.*)
 *(.rela.bss .rela.bss.* .rela.gnu.linkonce.b.*)
 *(.rel.plt)
 *(.rela.plt)
 *(.rel.dyn)
 *(.init)
 *(.plt)
 *(.text .stub .text.* .gnu.linkonce.t.*)
 .text          0x0080019c       0x3c ../i2c_bsp//obj/HAL/src/crt0.o
                0x0080019c                _start
 .text          0x008001d8     0x274c obj/default/MPU9250/mpu9250.o
                0x008001d8                initMPU9250
                0x00800658                calibrateMPU9250
                0x008016d8                MPU9250SelfTest
 .text          0x00802924      0x400 obj/default/hello_ucosii.o
                0x00802924                task1
                0x00802c4c                task2
                0x00802c78                main
 .text          0x00802d24      0xa80 obj/default/i2c/I2C.o
                0x00802d24                I2C_Start
                0x00802d5c                I2C_Stop
                0x00802d94                I2C_WriteToDevice
                0x00802e8c                I2C_WriteToDeviceRegister
                0x00802fbc                I2C_WriteMore
                0x00803080                I2C_ReadFromDevice
                0x00803174                I2C_ReadFromDeviceRegister
                0x008032d0                I2C_ReadMore
                0x0080337c                i2c_selectAddress
                0x008033f4                i2c_start
                0x0080347c                i2c_stop
                0x008034f4                i2c_write
                0x00803638                i2c_read
 .text          0x008037a4      0x488 /OPT/altera/12.1/nios2eds/bin/gnu/H-i686-pc-linux-gnu/bin/../lib/gcc/nios2-elf/4.1.2/../../../../nios2-elf/lib/mno-hw-mul/libm.a(lib_a-w_pow.o)
                0x008037a4                pow
 .text          0x00803c2c     0x1300 /OPT/altera/12.1/nios2eds/bin/gnu/H-i686-pc-linux-gnu/bin/../lib/gcc/nios2-elf/4.1.2/../../../../nios2-elf/lib/mno-hw-mul/libm.a(lib_a-e_pow.o)
                0x00803c2c                __ieee754_pow
 .text          0x00804f2c      0x2c8 /OPT/altera/12.1/nios2eds/bin/gnu/H-i686-pc-linux-gnu/bin/../lib/gcc/nios2-elf/4.1.2/../../../../nios2-elf/lib/mno-hw-mul/libm.a(lib_a-e_sqrt.o)
                0x00804f2c                __ieee754_sqrt
 .text          0x008051f4       0x18 /OPT/altera/12.1/nios2eds/bin/gnu/H-i686-pc-linux-gnu/bin/../lib/gcc/nios2-elf/4.1.2/../../../../nios2-elf/lib/mno-hw-mul/libm.a(lib_a-s_fabs.o)
                0x008051f4                fabs
 .text          0x0080520c       0x1c /OPT/altera/12.1/nios2eds/bin/gnu/H-i686-pc-linux-gnu/bin/../lib/gcc/nios2-elf/4.1.2/../../../../nios2-elf/lib/mno-hw-mul/libm.a(lib_a-s_finite.o)
                0x0080520c                finite
 .text          0x00805228       0x30 /OPT/altera/12.1/nios2eds/bin/gnu/H-i686-pc-linux-gnu/bin/../lib/gcc/nios2-elf/4.1.2/../../../../nios2-elf/lib/mno-hw-mul/libm.a(lib_a-s_isnand.o)
                0x00805228                __isnand
 .text          0x00805258        0x0 /OPT/altera/12.1/nios2eds/bin/gnu/H-i686-pc-linux-gnu/bin/../lib/gcc/nios2-elf/4.1.2/../../../../nios2-elf/lib/mno-hw-mul/libm.a(lib_a-s_lib_ver.o)
 .text          0x00805258        0x8 /OPT/altera/12.1/nios2eds/bin/gnu/H-i686-pc-linux-gnu/bin/../lib/gcc/nios2-elf/4.1.2/../../../../nios2-elf/lib/mno-hw-mul/libm.a(lib_a-s_matherr.o)
                0x00805258                matherr
 .text          0x00805260       0x10 /OPT/altera/12.1/nios2eds/bin/gnu/H-i686-pc-linux-gnu/bin/../lib/gcc/nios2-elf/4.1.2/../../../../nios2-elf/lib/mno-hw-mul/libm.a(lib_a-s_nan.o)
                0x00805260                nan
 .text          0x00805270      0x210 /OPT/altera/12.1/nios2eds/bin/gnu/H-i686-pc-linux-gnu/bin/../lib/gcc/nios2-elf/4.1.2/../../../../nios2-elf/lib/mno-hw-mul/libm.a(lib_a-s_rint.o)
                0x00805270                rint
 .text          0x00805480      0x1e0 /OPT/altera/12.1/nios2eds/bin/gnu/H-i686-pc-linux-gnu/bin/../lib/gcc/nios2-elf/4.1.2/../../../../nios2-elf/lib/mno-hw-mul/libm.a(lib_a-s_scalbn.o)
                0x00805480                scalbn
 .text          0x00805660       0x24 /OPT/altera/12.1/nios2eds/bin/gnu/H-i686-pc-linux-gnu/bin/../lib/gcc/nios2-elf/4.1.2/../../../../nios2-elf/lib/mno-hw-mul/libm.a(lib_a-s_copysign.o)
                0x00805660                copysign
 .text          0x00805684      0x1e0 /OPT/altera/12.1/nios2eds/bin/gnu/H-i686-pc-linux-gnu/bin/../lib/gcc/nios2-elf/4.1.2/mno-hw-mul/libgcc.a(_mul_sf.o)
                0x00805684                __mulsf3
 .text          0x00805864      0x174 /OPT/altera/12.1/nios2eds/bin/gnu/H-i686-pc-linux-gnu/bin/../lib/gcc/nios2-elf/4.1.2/mno-hw-mul/libgcc.a(_div_sf.o)
                0x00805864                __divsf3
 .text          0x008059d8       0x98 /OPT/altera/12.1/nios2eds/bin/gnu/H-i686-pc-linux-gnu/bin/../lib/gcc/nios2-elf/4.1.2/mno-hw-mul/libgcc.a(_si_to_sf.o)
                0x008059d8                __floatsisf
 .text          0x00805a70       0x54 /OPT/altera/12.1/nios2eds/bin/gnu/H-i686-pc-linux-gnu/bin/../lib/gcc/nios2-elf/4.1.2/mno-hw-mul/libgcc.a(_sf_to_df.o)
                0x00805a70                __extendsfdf2
 .text          0x00805ac4        0x0 /OPT/altera/12.1/nios2eds/bin/gnu/H-i686-pc-linux-gnu/bin/../lib/gcc/nios2-elf/4.1.2/mno-hw-mul/libgcc.a(_thenan_sf.o)
 .text          0x00805ac4       0xc0 /OPT/altera/12.1/nios2eds/bin/gnu/H-i686-pc-linux-gnu/bin/../lib/gcc/nios2-elf/4.1.2/mno-hw-mul/libgcc.a(_usi_to_sf.o)
                0x00805ac4                __floatunsisf
 .text          0x00805b84      0x504 /OPT/altera/12.1/nios2eds/bin/gnu/H-i686-pc-linux-gnu/bin/../lib/gcc/nios2-elf/4.1.2/mno-hw-mul/libgcc.a(_addsub_df.o)
                0x00805f94                __subdf3
                0x00806014                __adddf3
 .text          0x00806088      0x3c4 /OPT/altera/12.1/nios2eds/bin/gnu/H-i686-pc-linux-gnu/bin/../lib/gcc/nios2-elf/4.1.2/mno-hw-mul/libgcc.a(_mul_df.o)
                0x00806088                __muldf3
 .text          0x0080644c      0x258 /OPT/altera/12.1/nios2eds/bin/gnu/H-i686-pc-linux-gnu/bin/../lib/gcc/nios2-elf/4.1.2/mno-hw-mul/libgcc.a(_div_df.o)
                0x0080644c                __divdf3
 .text          0x008066a4       0x88 /OPT/altera/12.1/nios2eds/bin/gnu/H-i686-pc-linux-gnu/bin/../lib/gcc/nios2-elf/4.1.2/mno-hw-mul/libgcc.a(_eq_df.o)
                0x008066a4                __eqdf2
 .text          0x0080672c       0x88 /OPT/altera/12.1/nios2eds/bin/gnu/H-i686-pc-linux-gnu/bin/../lib/gcc/nios2-elf/4.1.2/mno-hw-mul/libgcc.a(_ne_df.o)
                0x0080672c                __nedf2
 .text          0x008067b4       0x88 /OPT/altera/12.1/nios2eds/bin/gnu/H-i686-pc-linux-gnu/bin/../lib/gcc/nios2-elf/4.1.2/mno-hw-mul/libgcc.a(_gt_df.o)
                0x008067b4                __gtdf2
 .text          0x0080683c       0x88 /OPT/altera/12.1/nios2eds/bin/gnu/H-i686-pc-linux-gnu/bin/../lib/gcc/nios2-elf/4.1.2/mno-hw-mul/libgcc.a(_lt_df.o)
                0x0080683c                __ltdf2
 .text          0x008068c4       0x88 /OPT/altera/12.1/nios2eds/bin/gnu/H-i686-pc-linux-gnu/bin/../lib/gcc/nios2-elf/4.1.2/mno-hw-mul/libgcc.a(_le_df.o)
                0x008068c4                __ledf2
 .text          0x0080694c       0xf8 /OPT/altera/12.1/nios2eds/bin/gnu/H-i686-pc-linux-gnu/bin/../lib/gcc/nios2-elf/4.1.2/mno-hw-mul/libgcc.a(_si_to_df.o)
                0x0080694c                __floatsidf
 .text          0x00806a44       0x38 /OPT/altera/12.1/nios2eds/bin/gnu/H-i686-pc-linux-gnu/bin/../lib/gcc/nios2-elf/4.1.2/mno-hw-mul/libgcc.a(_make_df.o)
                0x00806a44                __make_dp
 .text          0x00806a7c       0x74 /OPT/altera/12.1/nios2eds/bin/gnu/H-i686-pc-linux-gnu/bin/../lib/gcc/nios2-elf/4.1.2/mno-hw-mul/libgcc.a(_df_to_sf.o)
                0x00806a7c                __truncdfsf2
 .text          0x00806af0        0x0 /OPT/altera/12.1/nios2eds/bin/gnu/H-i686-pc-linux-gnu/bin/../lib/gcc/nios2-elf/4.1.2/mno-hw-mul/libgcc.a(_thenan_df.o)
 .text          0x00806af0      0x14c /OPT/altera/12.1/nios2eds/bin/gnu/H-i686-pc-linux-gnu/bin/../lib/gcc/nios2-elf/4.1.2/mno-hw-mul/libgcc.a(lib2-divmod.o)
                0x00806b6c                __divsi3
                0x00806bcc                __modsi3
                0x00806c2c                __udivsi3
                0x00806c34                __umodsi3
 .text          0x00806c3c       0x38 /OPT/altera/12.1/nios2eds/bin/gnu/H-i686-pc-linux-gnu/bin/../lib/gcc/nios2-elf/4.1.2/mno-hw-mul/libgcc.a(lib2-mul.o)
                0x00806c3c                __mulsi3
 .text          0x00806c74      0x124 /OPT/altera/12.1/nios2eds/bin/gnu/H-i686-pc-linux-gnu/bin/../lib/gcc/nios2-elf/4.1.2/mno-hw-mul/libgcc.a(_muldi3.o)
                0x00806c74                __muldi3
 .text          0x00806d98       0x80 /OPT/altera/12.1/nios2eds/bin/gnu/H-i686-pc-linux-gnu/bin/../lib/gcc/nios2-elf/4.1.2/mno-hw-mul/libgcc.a(_clzsi2.o)
                0x00806d98                __clzsi2
 .text          0x00806e18      0x160 /OPT/altera/12.1/nios2eds/bin/gnu/H-i686-pc-linux-gnu/bin/../lib/gcc/nios2-elf/4.1.2/mno-hw-mul/libgcc.a(_pack_sf.o)
                0x00806e18                __pack_f
 .text          0x00806f78       0xc8 /OPT/altera/12.1/nios2eds/bin/gnu/H-i686-pc-linux-gnu/bin/../lib/gcc/nios2-elf/4.1.2/mno-hw-mul/libgcc.a(_unpack_sf.o)
                0x00806f78                __unpack_f
 .text          0x00807040       0x2c /OPT/altera/12.1/nios2eds/bin/gnu/H-i686-pc-linux-gnu/bin/../lib/gcc/nios2-elf/4.1.2/mno-hw-mul/libgcc.a(_make_sf.o)
                0x00807040                __make_fp
 .text          0x0080706c      0x314 /OPT/altera/12.1/nios2eds/bin/gnu/H-i686-pc-linux-gnu/bin/../lib/gcc/nios2-elf/4.1.2/mno-hw-mul/libgcc.a(_pack_df.o)
                0x0080706c                __pack_d
 .text          0x00807380      0x138 /OPT/altera/12.1/nios2eds/bin/gnu/H-i686-pc-linux-gnu/bin/../lib/gcc/nios2-elf/4.1.2/mno-hw-mul/libgcc.a(_unpack_df.o)
                0x00807380                __unpack_d
 .text          0x008074b8       0xc8 /OPT/altera/12.1/nios2eds/bin/gnu/H-i686-pc-linux-gnu/bin/../lib/gcc/nios2-elf/4.1.2/mno-hw-mul/libgcc.a(_fpcmp_parts_df.o)
                0x008074b8                __fpcmp_parts_d
 .text          0x00807580        0x0 /OPT/altera/12.1/nios2eds/bin/gnu/H-i686-pc-linux-gnu/bin/../lib/gcc/nios2-elf/4.1.2/mno-hw-mul/libgcc.a(_clz.o)
 .text          0x00807580       0x10 /OPT/altera/12.1/nios2eds/bin/gnu/H-i686-pc-linux-gnu/bin/../lib/gcc/nios2-elf/4.1.2/../../../../nios2-elf/lib/mno-hw-mul/libc.a(lib_a-errno.o)
                0x00807580                __errno
 .text          0x00807590        0x0 /OPT/altera/12.1/nios2eds/bin/gnu/H-i686-pc-linux-gnu/bin/../lib/gcc/nios2-elf/4.1.2/../../../../nios2-elf/lib/mno-hw-mul/libc.a(lib_a-impure.o)
 .text          0x00807590       0x78 /OPT/altera/12.1/nios2eds/bin/gnu/H-i686-pc-linux-gnu/bin/../lib/gcc/nios2-elf/4.1.2/../../../../nios2-elf/lib/mno-hw-mul/libc.a(lib_a-printf.o)
                0x00807590                printf
                0x008075d4                _printf_r
 .text          0x00807608       0xb4 /OPT/altera/12.1/nios2eds/bin/gnu/H-i686-pc-linux-gnu/bin/../lib/gcc/nios2-elf/4.1.2/../../../../nios2-elf/lib/mno-hw-mul/libc.a(lib_a-puts.o)
                0x00807608                _puts_r
                0x008076a8                puts
 .text          0x008076bc       0x74 /OPT/altera/12.1/nios2eds/bin/gnu/H-i686-pc-linux-gnu/bin/../lib/gcc/nios2-elf/4.1.2/../../../../nios2-elf/lib/mno-hw-mul/libc.a(lib_a-strlen.o)
                0x008076bc                strlen
 .text          0x00807730     0x1f40 /OPT/altera/12.1/nios2eds/bin/gnu/H-i686-pc-linux-gnu/bin/../lib/gcc/nios2-elf/4.1.2/../../../../nios2-elf/lib/mno-hw-mul/libc.a(lib_a-vfprintf.o)
                0x00807788                ___vfprintf_internal_r
                0x0080964c                __vfprintf_internal
 .text          0x00809670      0x13c /OPT/altera/12.1/nios2eds/bin/gnu/H-i686-pc-linux-gnu/bin/../lib/gcc/nios2-elf/4.1.2/../../../../nios2-elf/lib/mno-hw-mul/libc.a(lib_a-wsetup.o)
                0x00809670                __swsetup_r
 .text          0x008097ac     0x17f8 /OPT/altera/12.1/nios2eds/bin/gnu/H-i686-pc-linux-gnu/bin/../lib/gcc/nios2-elf/4.1.2/../../../../nios2-elf/lib/mno-hw-mul/libc.a(lib_a-dtoa.o)
                0x008099f0                _dtoa_r
 .text          0x0080afa4      0x230 /OPT/altera/12.1/nios2eds/bin/gnu/H-i686-pc-linux-gnu/bin/../lib/gcc/nios2-elf/4.1.2/../../../../nios2-elf/lib/mno-hw-mul/libc.a(lib_a-fflush.o)
                0x0080afa4                _fflush_r
                0x0080b1a0                fflush
 .text          0x0080b1d4      0x2f4 /OPT/altera/12.1/nios2eds/bin/gnu/H-i686-pc-linux-gnu/bin/../lib/gcc/nios2-elf/4.1.2/../../../../nios2-elf/lib/mno-hw-mul/libc.a(lib_a-findfp.o)
                0x0080b22c                __sfp_lock_acquire
                0x0080b230                __sfp_lock_release
                0x0080b234                __sinit_lock_acquire
                0x0080b238                __sinit_lock_release
                0x0080b23c                __sinit
                0x0080b2f0                __fp_unlock_all
                0x0080b308                __fp_lock_all
                0x0080b320                _cleanup_r
                0x0080b32c                _cleanup
                0x0080b33c                __sfmoreglue
                0x0080b3d8                __sfp
 .text          0x0080b4c8      0x440 /OPT/altera/12.1/nios2eds/bin/gnu/H-i686-pc-linux-gnu/bin/../lib/gcc/nios2-elf/4.1.2/../../../../nios2-elf/lib/mno-hw-mul/libc.a(lib_a-freer.o)
                0x0080b4c8                _malloc_trim_r
                0x0080b5f4                _free_r
 .text          0x0080b908      0x49c /OPT/altera/12.1/nios2eds/bin/gnu/H-i686-pc-linux-gnu/bin/../lib/gcc/nios2-elf/4.1.2/../../../../nios2-elf/lib/mno-hw-mul/libc.a(lib_a-fvwrite.o)
                0x0080b908                __sfvwrite_r
 .text          0x0080bda4      0x180 /OPT/altera/12.1/nios2eds/bin/gnu/H-i686-pc-linux-gnu/bin/../lib/gcc/nios2-elf/4.1.2/../../../../nios2-elf/lib/mno-hw-mul/libc.a(lib_a-fwalk.o)
                0x0080bda4                _fwalk_reent
                0x0080be6c                _fwalk
 .text          0x0080bf24       0xc4 /OPT/altera/12.1/nios2eds/bin/gnu/H-i686-pc-linux-gnu/bin/../lib/gcc/nios2-elf/4.1.2/../../../../nios2-elf/lib/mno-hw-mul/libc.a(lib_a-locale.o)
                0x0080bf24                __locale_charset
                0x0080bf2c                _localeconv_r
                0x0080bf38                localeconv
                0x0080bf48                _setlocale_r
                0x0080bfcc                setlocale
 .text          0x0080bfe8      0x194 /OPT/altera/12.1/nios2eds/bin/gnu/H-i686-pc-linux-gnu/bin/../lib/gcc/nios2-elf/4.1.2/../../../../nios2-elf/lib/mno-hw-mul/libc.a(lib_a-makebuf.o)
                0x0080bfe8                __smakebuf_r
 .text          0x0080c17c      0x740 /OPT/altera/12.1/nios2eds/bin/gnu/H-i686-pc-linux-gnu/bin/../lib/gcc/nios2-elf/4.1.2/../../../../nios2-elf/lib/mno-hw-mul/libc.a(lib_a-mallocr.o)
                0x0080c17c                _malloc_r
 .text          0x0080c8bc       0xe4 /OPT/altera/12.1/nios2eds/bin/gnu/H-i686-pc-linux-gnu/bin/../lib/gcc/nios2-elf/4.1.2/../../../../nios2-elf/lib/mno-hw-mul/libc.a(lib_a-memchr.o)
                0x0080c8bc                memchr
 .text          0x0080c9a0       0xa0 /OPT/altera/12.1/nios2eds/bin/gnu/H-i686-pc-linux-gnu/bin/../lib/gcc/nios2-elf/4.1.2/../../../../nios2-elf/lib/mno-hw-mul/libc.a(lib_a-memcpy.o)
                0x0080c9a0                memcpy
 .text          0x0080ca40       0xe0 /OPT/altera/12.1/nios2eds/bin/gnu/H-i686-pc-linux-gnu/bin/../lib/gcc/nios2-elf/4.1.2/../../../../nios2-elf/lib/mno-hw-mul/libc.a(lib_a-memmove.o)
                0x0080ca40                memmove
 .text          0x0080cb20       0x98 /OPT/altera/12.1/nios2eds/bin/gnu/H-i686-pc-linux-gnu/bin/../lib/gcc/nios2-elf/4.1.2/../../../../nios2-elf/lib/mno-hw-mul/libc.a(lib_a-memset.o)
                0x0080cb20                memset
 .text          0x0080cbb8     0x108c /OPT/altera/12.1/nios2eds/bin/gnu/H-i686-pc-linux-gnu/bin/../lib/gcc/nios2-elf/4.1.2/../../../../nios2-elf/lib/mno-hw-mul/libc.a(lib_a-mprec.o)
                0x0080cbb8                _Bfree
                0x0080cbe0                __hi0bits
                0x0080cc50                __lo0bits
                0x0080cd14                __mcmp
                0x0080cd74                __ulp
                0x0080cdf4                __b2d
                0x0080cf14                __ratio
                0x0080cfc4                _mprec_log10
                0x0080d058                __copybits
                0x0080d0b0                __any_on
                0x0080d138                _Balloc
                0x0080d1f4                __d2b
                0x0080d370                __mdiff
                0x0080d4fc                __lshift
                0x0080d648                __multiply
                0x0080d89c                __i2b
                0x0080d8d8                __multadd
                0x0080da04                __pow5mult
                0x0080db24                __s2b
 .text          0x0080dc44      0x5f4 /OPT/altera/12.1/nios2eds/bin/gnu/H-i686-pc-linux-gnu/bin/../lib/gcc/nios2-elf/4.1.2/../../../../nios2-elf/lib/mno-hw-mul/libc.a(lib_a-reallocr.o)
                0x0080dc44                _realloc_r
 .text          0x0080e238       0x40 /OPT/altera/12.1/nios2eds/bin/gnu/H-i686-pc-linux-gnu/bin/../lib/gcc/nios2-elf/4.1.2/../../../../nios2-elf/lib/mno-hw-mul/libc.a(lib_a-s_isinfd.o)
                0x0080e238                __isinfd
 .text          0x0080e278       0x70 /OPT/altera/12.1/nios2eds/bin/gnu/H-i686-pc-linux-gnu/bin/../lib/gcc/nios2-elf/4.1.2/../../../../nios2-elf/lib/mno-hw-mul/libc.a(lib_a-sbrkr.o)
                0x0080e278                _sbrk_r
 .text          0x0080e2e8      0x14c /OPT/altera/12.1/nios2eds/bin/gnu/H-i686-pc-linux-gnu/bin/../lib/gcc/nios2-elf/4.1.2/../../../../nios2-elf/lib/mno-hw-mul/libc.a(lib_a-stdio.o)
                0x0080e2e8                __sclose
                0x0080e2f0                __sseek
                0x0080e358                __swrite
                0x0080e3d4                __sread
 .text          0x0080e434       0xbc /OPT/altera/12.1/nios2eds/bin/gnu/H-i686-pc-linux-gnu/bin/../lib/gcc/nios2-elf/4.1.2/../../../../nios2-elf/lib/mno-hw-mul/libc.a(lib_a-strcmp.o)
                0x0080e434                strcmp
 .text          0x0080e4f0       0x78 /OPT/altera/12.1/nios2eds/bin/gnu/H-i686-pc-linux-gnu/bin/../lib/gcc/nios2-elf/4.1.2/../../../../nios2-elf/lib/mno-hw-mul/libc.a(lib_a-writer.o)
                0x0080e4f0                _write_r
 .text          0x0080e568       0xc8 /OPT/altera/12.1/nios2eds/bin/gnu/H-i686-pc-linux-gnu/bin/../lib/gcc/nios2-elf/4.1.2/../../../../nios2-elf/lib/mno-hw-mul/libc.a(lib_a-callocr.o)
                0x0080e568                _calloc_r
 .text          0x0080e630       0x70 /OPT/altera/12.1/nios2eds/bin/gnu/H-i686-pc-linux-gnu/bin/../lib/gcc/nios2-elf/4.1.2/../../../../nios2-elf/lib/mno-hw-mul/libc.a(lib_a-closer.o)
                0x0080e630                _close_r
 .text          0x0080e6a0      0x124 /OPT/altera/12.1/nios2eds/bin/gnu/H-i686-pc-linux-gnu/bin/../lib/gcc/nios2-elf/4.1.2/../../../../nios2-elf/lib/mno-hw-mul/libc.a(lib_a-fclose.o)
                0x0080e6a0                _fclose_r
                0x0080e7b0                fclose
 .text          0x0080e7c4       0x74 /OPT/altera/12.1/nios2eds/bin/gnu/H-i686-pc-linux-gnu/bin/../lib/gcc/nios2-elf/4.1.2/../../../../nios2-elf/lib/mno-hw-mul/libc.a(lib_a-fstatr.o)
                0x0080e7c4                _fstat_r
 .text          0x0080e838        0x0 /OPT/altera/12.1/nios2eds/bin/gnu/H-i686-pc-linux-gnu/bin/../lib/gcc/nios2-elf/4.1.2/../../../../nios2-elf/lib/mno-hw-mul/libc.a(lib_a-int_errno.o)
 .text          0x0080e838       0x70 /OPT/altera/12.1/nios2eds/bin/gnu/H-i686-pc-linux-gnu/bin/../lib/gcc/nios2-elf/4.1.2/../../../../nios2-elf/lib/mno-hw-mul/libc.a(lib_a-isattyr.o)
                0x0080e838                _isatty_r
 .text          0x0080e8a8       0x78 /OPT/altera/12.1/nios2eds/bin/gnu/H-i686-pc-linux-gnu/bin/../lib/gcc/nios2-elf/4.1.2/../../../../nios2-elf/lib/mno-hw-mul/libc.a(lib_a-lseekr.o)
                0x0080e8a8                _lseek_r
 .text          0x0080e920       0x78 /OPT/altera/12.1/nios2eds/bin/gnu/H-i686-pc-linux-gnu/bin/../lib/gcc/nios2-elf/4.1.2/../../../../nios2-elf/lib/mno-hw-mul/libc.a(lib_a-readr.o)
                0x0080e920                _read_r
 .text          0x0080e998      0x66c /OPT/altera/12.1/nios2eds/bin/gnu/H-i686-pc-linux-gnu/bin/../lib/gcc/nios2-elf/4.1.2/mno-hw-mul/libgcc.a(_udivdi3.o)
                0x0080e998                __udivdi3
 .text          0x0080f004      0x660 /OPT/altera/12.1/nios2eds/bin/gnu/H-i686-pc-linux-gnu/bin/../lib/gcc/nios2-elf/4.1.2/mno-hw-mul/libgcc.a(_umoddi3.o)
                0x0080f004                __umoddi3
 .text          0x0080f664       0x88 /OPT/altera/12.1/nios2eds/bin/gnu/H-i686-pc-linux-gnu/bin/../lib/gcc/nios2-elf/4.1.2/mno-hw-mul/libgcc.a(_ge_df.o)
                0x0080f664                __gedf2
 .text          0x0080f6ec       0xd8 /OPT/altera/12.1/nios2eds/bin/gnu/H-i686-pc-linux-gnu/bin/../lib/gcc/nios2-elf/4.1.2/mno-hw-mul/libgcc.a(_df_to_si.o)
                0x0080f6ec                __fixdfsi
 .text          0x0080f7c4      0x194 /OPT/altera/12.1/nios2eds/bin/gnu/H-i686-pc-linux-gnu/bin/../lib/gcc/nios2-elf/4.1.2/mno-hw-mul/libgcc.a(_usi_to_df.o)
                0x0080f7c4                __floatunsidf
 .text          0x0080f958      0x160 ../i2c_bsp//libucosii_bsp.a(alt_close.o)
                0x0080f958                close
 .text          0x0080fab8       0x2c ../i2c_bsp//libucosii_bsp.a(alt_dev.o)
 .text          0x0080fae4        0x0 ../i2c_bsp//libucosii_bsp.a(alt_errno.o)
 .text          0x0080fae4      0x138 ../i2c_bsp//libucosii_bsp.a(alt_fstat.o)
                0x0080fae4                fstat
 .text          0x0080fc1c      0x124 ../i2c_bsp//libucosii_bsp.a(alt_isatty.o)
                0x0080fc1c                isatty
 .text          0x0080fd40       0xec ../i2c_bsp//libucosii_bsp.a(alt_load.o)
                0x0080fd40                alt_load
 .text          0x0080fe2c      0x154 ../i2c_bsp//libucosii_bsp.a(alt_lseek.o)
                0x0080fe2c                lseek
 .text          0x0080ff80       0xc8 ../i2c_bsp//libucosii_bsp.a(alt_main.o)
                0x0080ff80                alt_main
 .text          0x00810048      0x184 ../i2c_bsp//libucosii_bsp.a(alt_read.o)
                0x00810048                read
 .text          0x008101cc       0x78 ../i2c_bsp//libucosii_bsp.a(alt_release_fd.o)
                0x008101cc                alt_release_fd
 .text          0x00810244       0xbc ../i2c_bsp//libucosii_bsp.a(alt_sbrk.o)
                0x00810244                sbrk
 .text          0x00810300      0x120 ../i2c_bsp//libucosii_bsp.a(alt_usleep.o)
                0x00810300                usleep
 .text          0x00810420      0x184 ../i2c_bsp//libucosii_bsp.a(alt_write.o)
                0x00810420                write
 .text          0x008105a4      0x108 ../i2c_bsp//libucosii_bsp.a(alt_env_lock.o)
                0x008105a4                __env_lock
                0x00810650                __env_unlock
 .text          0x008106ac      0x1d8 ../i2c_bsp//libucosii_bsp.a(alt_malloc_lock.o)
                0x008106ac                __malloc_lock
                0x008107b4                __malloc_unlock
 .text          0x00810884     0x2128 ../i2c_bsp//libucosii_bsp.a(os_core.o)
                0x00810884                OSEventNameGet
                0x008109b4                OSEventNameSet
                0x00810af8                OSEventPendMulti
                0x008111ac                OSInit
                0x00811200                OSIntEnter
                0x0081127c                OSIntExit
                0x0081137c                OSSchedLock
                0x00811408                OSSchedUnlock
                0x008114ec                OSStart
                0x0081155c                OSStatInit
                0x00811608                OSTimeTick
                0x00811848                OSVersion
                0x00811868                OS_Dummy
                0x00811884                OS_EventTaskRdy
                0x00811a18                OS_EventTaskWait
                0x00811b28                OS_EventTaskWaitMulti
                0x00811c7c                OS_EventTaskRemove
                0x00811d34                OS_EventTaskRemoveMulti
                0x00811e38                OS_EventWaitListInit
                0x00812204                OS_MemClr
                0x00812258                OS_MemCopy
                0x008122c4                OS_Sched
                0x00812408                OS_StrCopy
                0x00812488                OS_StrLen
                0x008124e0                OS_TaskIdle
                0x0081253c                OS_TaskStat
                0x00812604                OS_TaskStatStkChk
                0x008126cc                OS_TCBInit
 .text          0x008129ac      0x18c ../i2c_bsp//libucosii_bsp.a(os_dbg.o)
                0x008129ac                OSDebugInit
 .text          0x00812b38     0x193c ../i2c_bsp//libucosii_bsp.a(os_flag.o)
                0x00812b38                OSFlagAccept
                0x00812e6c                OSFlagCreate
                0x00812fa8                OSFlagDel
                0x00813250                OSFlagNameGet
                0x00813394                OSFlagNameSet
                0x008134e8                OSFlagPend
                0x00813b2c                OSFlagPendGetFlagsRdy
                0x00813b94                OSFlagPost
                0x00813f3c                OSFlagQuery
                0x008141d4                OS_FlagInit
                0x008143c8                OS_FlagUnlink
 .text          0x00814474      0x80c ../i2c_bsp//libucosii_bsp.a(os_mem.o)
                0x00814474                OSMemCreate
                0x00814690                OSMemGet
                0x00814794                OSMemNameGet
                0x008148a0                OSMemNameSet
                0x008149c0                OSMemPut
                0x00814ab0                OSMemQuery
                0x00814bac                OS_MemInit
 .text          0x00814c80     0x1334 ../i2c_bsp//libucosii_bsp.a(os_q.o)
                0x00814c80                OSQAccept
                0x00814dd4                OSQCreate
                0x00814fe8                OSQDel
                0x008152e8                OSQFlush
                0x008153b0                OSQPend
                0x008156d0                OSQPendAbort
                0x0081584c                OSQPost
                0x008159cc                OSQPostFront
                0x00815b54                OSQPostOpt
                0x00815d88                OSQQuery
                0x00815f08                OS_QInit
 .text          0x00815fb4      0xbc8 ../i2c_bsp//libucosii_bsp.a(os_sem.o)
                0x00815fb4                OSSemAccept
                0x00816074                OSSemCreate
                0x00816188                OSSemDel
                0x00816428                OSSemPend
                0x008166a4                OSSemPendAbort
                0x00816820                OSSemPost
                0x00816948                OSSemQuery
                0x00816a78                OSSemSet
 .text          0x00816b7c     0x1a40 ../i2c_bsp//libucosii_bsp.a(os_task.o)
                0x00816b7c                OSTaskChangePrio
                0x008170f0                OSTaskCreate
                0x008172c4                OSTaskCreateExt
                0x008174c4                OSTaskDel
                0x008178d0                OSTaskDelReq
                0x00817a40                OSTaskNameGet
                0x00817bf8                OSTaskNameSet
                0x00817dbc                OSTaskResume
                0x00817fd4                OSTaskStkChk
                0x008181d0                OSTaskSuspend
                0x008183fc                OSTaskQuery
                0x00818540                OS_TaskStkClr
 .text          0x008185bc      0x5b4 ../i2c_bsp//libucosii_bsp.a(os_time.o)
                0x008185bc                OSTimeDly
                0x00818708                OSTimeDlyHMSM
                0x00818898                OSTimeDlyResume
                0x00818aa8                OSTimeGet
                0x00818b0c                OSTimeSet
 .text          0x00818b70       0xf8 ../i2c_bsp//libucosii_bsp.a(alt_sys_init.o)
                0x00818b70                alt_irq_init
                0x00818ba4                alt_sys_init
 .text          0x00818c68      0x148 ../i2c_bsp//libucosii_bsp.a(altera_avalon_jtag_uart_fd.o)
                0x00818c68                altera_avalon_jtag_uart_read_fd
                0x00818cc0                altera_avalon_jtag_uart_write_fd
                0x00818d18                altera_avalon_jtag_uart_close_fd
                0x00818d60                altera_avalon_jtag_uart_ioctl_fd
 .text          0x00818db0      0x584 ../i2c_bsp//libucosii_bsp.a(altera_avalon_jtag_uart_init.o)
                0x00818db0                altera_avalon_jtag_uart_init
                0x008192c0                altera_avalon_jtag_uart_close
 .text          0x00819334       0xf4 ../i2c_bsp//libucosii_bsp.a(altera_avalon_jtag_uart_ioctl.o)
                0x00819334                altera_avalon_jtag_uart_ioctl
 .text          0x00819428      0x2c0 ../i2c_bsp//libucosii_bsp.a(altera_avalon_jtag_uart_read.o)
                0x00819428                altera_avalon_jtag_uart_read
 .text          0x008196e8      0x2dc ../i2c_bsp//libucosii_bsp.a(altera_avalon_jtag_uart_write.o)
                0x008196e8                altera_avalon_jtag_uart_write
 .text          0x008199c4      0x100 ../i2c_bsp//libucosii_bsp.a(altera_avalon_timer_sc.o)
                0x00819a34                alt_avalon_timer_sc_init
 .text          0x00819ac4      0x530 ../i2c_bsp//libucosii_bsp.a(altera_up_avalon_character_lcd.o)
                0x00819ac4                get_DDRAM_addr
                0x00819b40                alt_up_character_lcd_send_cmd
                0x00819b74                alt_up_character_lcd_init
                0x00819ba8                alt_up_character_lcd_open_dev
                0x00819be8                alt_up_character_lcd_write
                0x00819c60                alt_up_character_lcd_string
                0x00819cd8                alt_up_character_lcd_write_fd
                0x00819d24                alt_up_character_lcd_set_cursor_pos
                0x00819d9c                alt_up_character_lcd_shift_cursor
                0x00819e4c                alt_up_character_lcd_shift_display
                0x00819efc                alt_up_character_lcd_erase_pos
                0x00819f8c                alt_up_character_lcd_cursor_off
                0x00819fc0                alt_up_character_lcd_cursor_blink_on
 .text          0x00819ff4      0x154 ../i2c_bsp//libucosii_bsp.a(alt_alarm_start.o)
                0x00819ff4                alt_alarm_start
 .text          0x0081a148      0x15c ../i2c_bsp//libucosii_bsp.a(alt_busy_sleep.o)
                0x0081a148                alt_busy_sleep
 .text          0x0081a2a4       0x1c ../i2c_bsp//libucosii_bsp.a(alt_dcache_flush_all.o)
                0x0081a2a4                alt_dcache_flush_all
 .text          0x0081a2c0      0x114 ../i2c_bsp//libucosii_bsp.a(alt_dev_llist_insert.o)
                0x0081a2c0                alt_dev_llist_insert
 .text          0x0081a3d4       0x64 ../i2c_bsp//libucosii_bsp.a(alt_do_ctors.o)
                0x0081a3d4                _do_ctors
 .text          0x0081a438       0x64 ../i2c_bsp//libucosii_bsp.a(alt_do_dtors.o)
                0x0081a438                _do_dtors
 .text          0x0081a49c       0x94 ../i2c_bsp//libucosii_bsp.a(alt_find_dev.o)
                0x0081a49c                alt_find_dev
 .text          0x0081a530       0x1c ../i2c_bsp//libucosii_bsp.a(alt_icache_flush_all.o)
                0x0081a530                alt_icache_flush_all
 .text          0x0081a54c      0x1d4 ../i2c_bsp//libucosii_bsp.a(alt_iic.o)
                0x0081a54c                alt_ic_isr_register
                0x0081a59c                alt_ic_irq_enable
                0x0081a638                alt_ic_irq_disable
                0x0081a6d8                alt_ic_irq_enabled
 .text          0x0081a720       0xf8 ../i2c_bsp//libucosii_bsp.a(alt_iic_isr_register.o)
                0x0081a720                alt_iic_isr_register
 .text          0x0081a818      0x150 ../i2c_bsp//libucosii_bsp.a(alt_io_redirect.o)
                0x0081a8f0                alt_io_redirect
 .text          0x0081a968        0x0 ../i2c_bsp//libucosii_bsp.a(alt_irq_entry.o)
 .text          0x0081a968        0x0 ../i2c_bsp//libucosii_bsp.a(alt_irq_handler.o)
 .text          0x0081a968        0x0 ../i2c_bsp//libucosii_bsp.a(alt_irq_vars.o)
 .text          0x0081a968      0x2e4 ../i2c_bsp//libucosii_bsp.a(alt_open.o)
                0x0081aa60                open
 .text          0x0081ac4c      0x1a8 ../i2c_bsp//libucosii_bsp.a(alt_tick.o)
                0x0081ac4c                alt_alarm_stop
                0x0081ace4                alt_tick
 .text          0x0081adf4       0x20 ../i2c_bsp//libucosii_bsp.a(altera_nios2_qsys_irq.o)
                0x0081adf4                altera_nios2_qsys_irq_init
 .text          0x0081ae14       0xd0 ../i2c_bsp//libucosii_bsp.a(os_cpu_a.o)
                0x0081ae14                OSCtxSw
                0x0081ae14                OSIntCtxSw
                0x0081aea0                OSStartHighRdy
                0x0081aec0                OSStartTsk
 .text          0x0081aee4      0x418 ../i2c_bsp//libucosii_bsp.a(os_cpu_c.o)
                0x0081aee4                OSTaskStkInit
                0x0081b1f4                OSTaskCreateHook
                0x0081b214                OSTaskDelHook
                0x0081b234                OSTaskSwHook
                0x0081b250                OSTaskStatHook
                0x0081b26c                OSTimeTickHook
                0x0081b288                OSInitHookBegin
                0x0081b2a4                OSInitHookEnd
                0x0081b2c0                OSTaskIdleHook
                0x0081b2dc                OSTCBInitHook
 .text          0x0081b2fc        0x0 ../i2c_bsp//libucosii_bsp.a(alt_exception_entry.o)
 .text          0x0081b2fc      0x120 ../i2c_bsp//libucosii_bsp.a(alt_find_file.o)
                0x0081b2fc                alt_find_file
 .text          0x0081b41c      0x104 ../i2c_bsp//libucosii_bsp.a(alt_get_fd.o)
                0x0081b41c                alt_get_fd
 .text          0x0081b520       0x14 /OPT/altera/12.1/nios2eds/bin/gnu/H-i686-pc-linux-gnu/bin/../lib/gcc/nios2-elf/4.1.2/../../../../nios2-elf/lib/mno-hw-mul/libc.a(lib_a-atexit.o)
                0x0081b520                atexit
 .text          0x0081b534       0x38 /OPT/altera/12.1/nios2eds/bin/gnu/H-i686-pc-linux-gnu/bin/../lib/gcc/nios2-elf/4.1.2/../../../../nios2-elf/lib/mno-hw-mul/libc.a(lib_a-exit.o)
                0x0081b534                exit
 .text          0x0081b56c       0x74 /OPT/altera/12.1/nios2eds/bin/gnu/H-i686-pc-linux-gnu/bin/../lib/gcc/nios2-elf/4.1.2/../../../../nios2-elf/lib/mno-hw-mul/libc.a(lib_a-memcmp.o)
                0x0081b56c                memcmp
 .text          0x0081b5e0      0x134 /OPT/altera/12.1/nios2eds/bin/gnu/H-i686-pc-linux-gnu/bin/../lib/gcc/nios2-elf/4.1.2/../../../../nios2-elf/lib/mno-hw-mul/libc.a(lib_a-__atexit.o)
                0x0081b5e0                __register_exitproc
 .text          0x0081b714      0x1b4 /OPT/altera/12.1/nios2eds/bin/gnu/H-i686-pc-linux-gnu/bin/../lib/gcc/nios2-elf/4.1.2/../../../../nios2-elf/lib/mno-hw-mul/libc.a(lib_a-__call_atexit.o)
                0x0081b718                __call_exitprocs
 .text          0x0081b8c8       0x6c ../i2c_bsp//libucosii_bsp.a(alt_exit.o)
                0x0081b908                _exit
 *(.gnu.warning.*)
 *(.fini)
                0x0081b934                PROVIDE (__etext, ABSOLUTE (.))
                0x0081b934                PROVIDE (_etext, ABSOLUTE (.))
                0x0081b934                PROVIDE (etext, ABSOLUTE (.))
 *(.eh_frame_hdr)
                0x0081b934                . = ALIGN (0x4)
                0x0081b934                PROVIDE (__preinit_array_start, ABSOLUTE (.))
 *(.preinit_array)
                0x0081b934                PROVIDE (__preinit_array_end, ABSOLUTE (.))
                0x0081b934                PROVIDE (__init_array_start, ABSOLUTE (.))
 *(.init_array)
                0x0081b934                PROVIDE (__init_array_end, ABSOLUTE (.))
                0x0081b934                PROVIDE (__fini_array_start, ABSOLUTE (.))
 *(.fini_array)
                0x0081b934                PROVIDE (__fini_array_end, ABSOLUTE (.))
 *(.eh_frame)
 *(.gcc_except_table)
 *(.dynamic)
                0x0081b934                PROVIDE (__CTOR_LIST__, ABSOLUTE (.))
 *(.ctors)
 *(SORT(.ctors.*))
 .ctors.65535   0x0081b934        0x4 /OPT/altera/12.1/nios2eds/bin/gnu/H-i686-pc-linux-gnu/bin/../lib/gcc/nios2-elf/4.1.2/../../../../nios2-elf/lib/mno-hw-mul/libc.a(lib_a-__call_atexit.o)
                0x0081b938                PROVIDE (__CTOR_END__, ABSOLUTE (.))
                0x0081b938                PROVIDE (__DTOR_LIST__, ABSOLUTE (.))
 *(.dtors)
 *(SORT(.dtors.*))
                0x0081b938                PROVIDE (__DTOR_END__, ABSOLUTE (.))
 *(.jcr)
                0x0081b938                . = ALIGN (0x4)

.rodata         0x0081b938      0x774
                0x0081b938                PROVIDE (__ram_rodata_start, ABSOLUTE (.))
                0x0081b938                . = ALIGN (0x4)
 *(.rodata .rodata.* .gnu.linkonce.r.*)
 .rodata        0x0081b938       0x50 obj/default/MPU9250/mpu9250.o
 .rodata        0x0081b988      0x150 obj/default/hello_ucosii.o
 .rodata        0x0081bad8       0xd0 obj/default/i2c/I2C.o
 .rodata.str1.4
                0x0081bba8        0x4 /OPT/altera/12.1/nios2eds/bin/gnu/H-i686-pc-linux-gnu/bin/../lib/gcc/nios2-elf/4.1.2/../../../../nios2-elf/lib/mno-hw-mul/libm.a(lib_a-w_pow.o)
 .rodata.str1.4
                0x00000000        0x4 /OPT/altera/12.1/nios2eds/bin/gnu/H-i686-pc-linux-gnu/bin/../lib/gcc/nios2-elf/4.1.2/../../../../nios2-elf/lib/mno-hw-mul/libm.a(lib_a-e_pow.o)
 .rodata        0x0081bbac       0x30 /OPT/altera/12.1/nios2eds/bin/gnu/H-i686-pc-linux-gnu/bin/../lib/gcc/nios2-elf/4.1.2/../../../../nios2-elf/lib/mno-hw-mul/libm.a(lib_a-e_pow.o)
 .rodata        0x0081bbdc       0x10 /OPT/altera/12.1/nios2eds/bin/gnu/H-i686-pc-linux-gnu/bin/../lib/gcc/nios2-elf/4.1.2/../../../../nios2-elf/lib/mno-hw-mul/libm.a(lib_a-s_rint.o)
 .rodata        0x0081bbec       0x10 /OPT/altera/12.1/nios2eds/bin/gnu/H-i686-pc-linux-gnu/bin/../lib/gcc/nios2-elf/4.1.2/mno-hw-mul/libgcc.a(_thenan_sf.o)
                0x0081bbec                __thenan_sf
 .rodata        0x0081bbfc       0x14 /OPT/altera/12.1/nios2eds/bin/gnu/H-i686-pc-linux-gnu/bin/../lib/gcc/nios2-elf/4.1.2/mno-hw-mul/libgcc.a(_thenan_df.o)
                0x0081bbfc                __thenan_df
 .rodata        0x0081bc10      0x100 /OPT/altera/12.1/nios2eds/bin/gnu/H-i686-pc-linux-gnu/bin/../lib/gcc/nios2-elf/4.1.2/mno-hw-mul/libgcc.a(_clz.o)
                0x0081bc10                __clz_tab
 .rodata.str1.4
                0x0081bd10        0x2 /OPT/altera/12.1/nios2eds/bin/gnu/H-i686-pc-linux-gnu/bin/../lib/gcc/nios2-elf/4.1.2/../../../../nios2-elf/lib/mno-hw-mul/libc.a(lib_a-impure.o)
                                  0x4 (size before relaxing)
 *fill*         0x0081bd12        0x2 00
 .rodata.str1.4
                0x0081bd14        0x2 /OPT/altera/12.1/nios2eds/bin/gnu/H-i686-pc-linux-gnu/bin/../lib/gcc/nios2-elf/4.1.2/../../../../nios2-elf/lib/mno-hw-mul/libc.a(lib_a-puts.o)
                                  0x4 (size before relaxing)
 *fill*         0x0081bd16        0x2 00
 .rodata.str1.4
                0x0081bd18       0x5e /OPT/altera/12.1/nios2eds/bin/gnu/H-i686-pc-linux-gnu/bin/../lib/gcc/nios2-elf/4.1.2/../../../../nios2-elf/lib/mno-hw-mul/libc.a(lib_a-vfprintf.o)
                                 0x60 (size before relaxing)
 .rodata        0x0081bd76       0x20 /OPT/altera/12.1/nios2eds/bin/gnu/H-i686-pc-linux-gnu/bin/../lib/gcc/nios2-elf/4.1.2/../../../../nios2-elf/lib/mno-hw-mul/libc.a(lib_a-vfprintf.o)
 *fill*         0x0081bd96        0x2 00
 .rodata.str1.4
                0x0081bd98       0x10 /OPT/altera/12.1/nios2eds/bin/gnu/H-i686-pc-linux-gnu/bin/../lib/gcc/nios2-elf/4.1.2/../../../../nios2-elf/lib/mno-hw-mul/libc.a(lib_a-dtoa.o)
                                 0x14 (size before relaxing)
 .rodata.str1.4
                0x0081bda8       0x10 /OPT/altera/12.1/nios2eds/bin/gnu/H-i686-pc-linux-gnu/bin/../lib/gcc/nios2-elf/4.1.2/../../../../nios2-elf/lib/mno-hw-mul/libc.a(lib_a-locale.o)
                                 0x18 (size before relaxing)
 .rodata        0x0081bdb8       0x30 /OPT/altera/12.1/nios2eds/bin/gnu/H-i686-pc-linux-gnu/bin/../lib/gcc/nios2-elf/4.1.2/../../../../nios2-elf/lib/mno-hw-mul/libc.a(lib_a-locale.o)
 .rodata        0x0081bde8      0x124 /OPT/altera/12.1/nios2eds/bin/gnu/H-i686-pc-linux-gnu/bin/../lib/gcc/nios2-elf/4.1.2/../../../../nios2-elf/lib/mno-hw-mul/libc.a(lib_a-mprec.o)
                0x0081bde8                __mprec_tens
                0x0081beb0                __mprec_bigtens
                0x0081bed8                __mprec_tinytens
 .rodata        0x0081bf0c        0xc ../i2c_bsp//libucosii_bsp.a(alt_dev.o)
 .rodata        0x0081bf18       0x14 ../i2c_bsp//libucosii_bsp.a(alt_main.o)
 .rodata        0x0081bf2c      0x120 ../i2c_bsp//libucosii_bsp.a(os_core.o)
                0x0081bf2c                OSUnMapTbl
 .rodata        0x0081c04c       0x5c ../i2c_bsp//libucosii_bsp.a(alt_sys_init.o)
 .rodata        0x0081c0a8        0x4 ../i2c_bsp//libucosii_bsp.a(os_cpu_c.o)
 *(.rodata1)
                0x0081c0ac                . = ALIGN (0x4)
                0x0081c0ac                PROVIDE (__ram_rodata_end, ABSOLUTE (.))
                0x0081b938                PROVIDE (__flash_rodata_start, LOADADDR (.rodata))

.rwdata         0x0081c0ac     0x1b74 load address 0x0081dc20
                0x0081c0ac                PROVIDE (__ram_rwdata_start, ABSOLUTE (.))
                0x0081c0ac                . = ALIGN (0x4)
 *(.got.plt)
 *(.got)
 *(.data1)
 *(.data .data.* .gnu.linkonce.d.*)
 .data          0x0081c0ac        0x0 ../i2c_bsp//obj/HAL/src/crt0.o
 .data          0x0081c0ac        0x0 obj/default/MPU9250/mpu9250.o
 .data          0x0081c0ac        0x0 obj/default/hello_ucosii.o
 .data          0x0081c0ac        0x0 obj/default/i2c/I2C.o
 .data          0x0081c0ac        0x0 /OPT/altera/12.1/nios2eds/bin/gnu/H-i686-pc-linux-gnu/bin/../lib/gcc/nios2-elf/4.1.2/../../../../nios2-elf/lib/mno-hw-mul/libm.a(lib_a-w_pow.o)
 .data          0x0081c0ac        0x0 /OPT/altera/12.1/nios2eds/bin/gnu/H-i686-pc-linux-gnu/bin/../lib/gcc/nios2-elf/4.1.2/../../../../nios2-elf/lib/mno-hw-mul/libm.a(lib_a-e_pow.o)
 .data          0x0081c0ac        0x0 /OPT/altera/12.1/nios2eds/bin/gnu/H-i686-pc-linux-gnu/bin/../lib/gcc/nios2-elf/4.1.2/../../../../nios2-elf/lib/mno-hw-mul/libm.a(lib_a-e_sqrt.o)
 .data          0x0081c0ac        0x0 /OPT/altera/12.1/nios2eds/bin/gnu/H-i686-pc-linux-gnu/bin/../lib/gcc/nios2-elf/4.1.2/../../../../nios2-elf/lib/mno-hw-mul/libm.a(lib_a-s_fabs.o)
 .data          0x0081c0ac        0x0 /OPT/altera/12.1/nios2eds/bin/gnu/H-i686-pc-linux-gnu/bin/../lib/gcc/nios2-elf/4.1.2/../../../../nios2-elf/lib/mno-hw-mul/libm.a(lib_a-s_finite.o)
 .data          0x0081c0ac        0x0 /OPT/altera/12.1/nios2eds/bin/gnu/H-i686-pc-linux-gnu/bin/../lib/gcc/nios2-elf/4.1.2/../../../../nios2-elf/lib/mno-hw-mul/libm.a(lib_a-s_isnand.o)
 .data          0x0081c0ac        0x0 /OPT/altera/12.1/nios2eds/bin/gnu/H-i686-pc-linux-gnu/bin/../lib/gcc/nios2-elf/4.1.2/../../../../nios2-elf/lib/mno-hw-mul/libm.a(lib_a-s_lib_ver.o)
 .data          0x0081c0ac        0x0 /OPT/altera/12.1/nios2eds/bin/gnu/H-i686-pc-linux-gnu/bin/../lib/gcc/nios2-elf/4.1.2/../../../../nios2-elf/lib/mno-hw-mul/libm.a(lib_a-s_matherr.o)
 .data          0x0081c0ac        0x0 /OPT/altera/12.1/nios2eds/bin/gnu/H-i686-pc-linux-gnu/bin/../lib/gcc/nios2-elf/4.1.2/../../../../nios2-elf/lib/mno-hw-mul/libm.a(lib_a-s_nan.o)
 .data          0x0081c0ac        0x0 /OPT/altera/12.1/nios2eds/bin/gnu/H-i686-pc-linux-gnu/bin/../lib/gcc/nios2-elf/4.1.2/../../../../nios2-elf/lib/mno-hw-mul/libm.a(lib_a-s_rint.o)
 .data          0x0081c0ac        0x0 /OPT/altera/12.1/nios2eds/bin/gnu/H-i686-pc-linux-gnu/bin/../lib/gcc/nios2-elf/4.1.2/../../../../nios2-elf/lib/mno-hw-mul/libm.a(lib_a-s_scalbn.o)
 .data          0x0081c0ac        0x0 /OPT/altera/12.1/nios2eds/bin/gnu/H-i686-pc-linux-gnu/bin/../lib/gcc/nios2-elf/4.1.2/../../../../nios2-elf/lib/mno-hw-mul/libm.a(lib_a-s_copysign.o)
 .data          0x0081c0ac        0x0 /OPT/altera/12.1/nios2eds/bin/gnu/H-i686-pc-linux-gnu/bin/../lib/gcc/nios2-elf/4.1.2/mno-hw-mul/libgcc.a(_mul_sf.o)
 .data          0x0081c0ac        0x0 /OPT/altera/12.1/nios2eds/bin/gnu/H-i686-pc-linux-gnu/bin/../lib/gcc/nios2-elf/4.1.2/mno-hw-mul/libgcc.a(_div_sf.o)
 .data          0x0081c0ac        0x0 /OPT/altera/12.1/nios2eds/bin/gnu/H-i686-pc-linux-gnu/bin/../lib/gcc/nios2-elf/4.1.2/mno-hw-mul/libgcc.a(_si_to_sf.o)
 .data          0x0081c0ac        0x0 /OPT/altera/12.1/nios2eds/bin/gnu/H-i686-pc-linux-gnu/bin/../lib/gcc/nios2-elf/4.1.2/mno-hw-mul/libgcc.a(_sf_to_df.o)
 .data          0x0081c0ac        0x0 /OPT/altera/12.1/nios2eds/bin/gnu/H-i686-pc-linux-gnu/bin/../lib/gcc/nios2-elf/4.1.2/mno-hw-mul/libgcc.a(_thenan_sf.o)
 .data          0x0081c0ac        0x0 /OPT/altera/12.1/nios2eds/bin/gnu/H-i686-pc-linux-gnu/bin/../lib/gcc/nios2-elf/4.1.2/mno-hw-mul/libgcc.a(_usi_to_sf.o)
 .data          0x0081c0ac        0x0 /OPT/altera/12.1/nios2eds/bin/gnu/H-i686-pc-linux-gnu/bin/../lib/gcc/nios2-elf/4.1.2/mno-hw-mul/libgcc.a(_addsub_df.o)
 .data          0x0081c0ac        0x0 /OPT/altera/12.1/nios2eds/bin/gnu/H-i686-pc-linux-gnu/bin/../lib/gcc/nios2-elf/4.1.2/mno-hw-mul/libgcc.a(_mul_df.o)
 .data          0x0081c0ac        0x0 /OPT/altera/12.1/nios2eds/bin/gnu/H-i686-pc-linux-gnu/bin/../lib/gcc/nios2-elf/4.1.2/mno-hw-mul/libgcc.a(_div_df.o)
 .data          0x0081c0ac        0x0 /OPT/altera/12.1/nios2eds/bin/gnu/H-i686-pc-linux-gnu/bin/../lib/gcc/nios2-elf/4.1.2/mno-hw-mul/libgcc.a(_eq_df.o)
 .data          0x0081c0ac        0x0 /OPT/altera/12.1/nios2eds/bin/gnu/H-i686-pc-linux-gnu/bin/../lib/gcc/nios2-elf/4.1.2/mno-hw-mul/libgcc.a(_ne_df.o)
 .data          0x0081c0ac        0x0 /OPT/altera/12.1/nios2eds/bin/gnu/H-i686-pc-linux-gnu/bin/../lib/gcc/nios2-elf/4.1.2/mno-hw-mul/libgcc.a(_gt_df.o)
 .data          0x0081c0ac        0x0 /OPT/altera/12.1/nios2eds/bin/gnu/H-i686-pc-linux-gnu/bin/../lib/gcc/nios2-elf/4.1.2/mno-hw-mul/libgcc.a(_lt_df.o)
 .data          0x0081c0ac        0x0 /OPT/altera/12.1/nios2eds/bin/gnu/H-i686-pc-linux-gnu/bin/../lib/gcc/nios2-elf/4.1.2/mno-hw-mul/libgcc.a(_le_df.o)
 .data          0x0081c0ac        0x0 /OPT/altera/12.1/nios2eds/bin/gnu/H-i686-pc-linux-gnu/bin/../lib/gcc/nios2-elf/4.1.2/mno-hw-mul/libgcc.a(_si_to_df.o)
 .data          0x0081c0ac        0x0 /OPT/altera/12.1/nios2eds/bin/gnu/H-i686-pc-linux-gnu/bin/../lib/gcc/nios2-elf/4.1.2/mno-hw-mul/libgcc.a(_make_df.o)
 .data          0x0081c0ac        0x0 /OPT/altera/12.1/nios2eds/bin/gnu/H-i686-pc-linux-gnu/bin/../lib/gcc/nios2-elf/4.1.2/mno-hw-mul/libgcc.a(_df_to_sf.o)
 .data          0x0081c0ac        0x0 /OPT/altera/12.1/nios2eds/bin/gnu/H-i686-pc-linux-gnu/bin/../lib/gcc/nios2-elf/4.1.2/mno-hw-mul/libgcc.a(_thenan_df.o)
 .data          0x0081c0ac        0x0 /OPT/altera/12.1/nios2eds/bin/gnu/H-i686-pc-linux-gnu/bin/../lib/gcc/nios2-elf/4.1.2/mno-hw-mul/libgcc.a(lib2-divmod.o)
 .data          0x0081c0ac        0x0 /OPT/altera/12.1/nios2eds/bin/gnu/H-i686-pc-linux-gnu/bin/../lib/gcc/nios2-elf/4.1.2/mno-hw-mul/libgcc.a(lib2-mul.o)
 .data          0x0081c0ac        0x0 /OPT/altera/12.1/nios2eds/bin/gnu/H-i686-pc-linux-gnu/bin/../lib/gcc/nios2-elf/4.1.2/mno-hw-mul/libgcc.a(_muldi3.o)
 .data          0x0081c0ac        0x0 /OPT/altera/12.1/nios2eds/bin/gnu/H-i686-pc-linux-gnu/bin/../lib/gcc/nios2-elf/4.1.2/mno-hw-mul/libgcc.a(_clzsi2.o)
 .data          0x0081c0ac        0x0 /OPT/altera/12.1/nios2eds/bin/gnu/H-i686-pc-linux-gnu/bin/../lib/gcc/nios2-elf/4.1.2/mno-hw-mul/libgcc.a(_pack_sf.o)
 .data          0x0081c0ac        0x0 /OPT/altera/12.1/nios2eds/bin/gnu/H-i686-pc-linux-gnu/bin/../lib/gcc/nios2-elf/4.1.2/mno-hw-mul/libgcc.a(_unpack_sf.o)
 .data          0x0081c0ac        0x0 /OPT/altera/12.1/nios2eds/bin/gnu/H-i686-pc-linux-gnu/bin/../lib/gcc/nios2-elf/4.1.2/mno-hw-mul/libgcc.a(_make_sf.o)
 .data          0x0081c0ac        0x0 /OPT/altera/12.1/nios2eds/bin/gnu/H-i686-pc-linux-gnu/bin/../lib/gcc/nios2-elf/4.1.2/mno-hw-mul/libgcc.a(_pack_df.o)
 .data          0x0081c0ac        0x0 /OPT/altera/12.1/nios2eds/bin/gnu/H-i686-pc-linux-gnu/bin/../lib/gcc/nios2-elf/4.1.2/mno-hw-mul/libgcc.a(_unpack_df.o)
 .data          0x0081c0ac        0x0 /OPT/altera/12.1/nios2eds/bin/gnu/H-i686-pc-linux-gnu/bin/../lib/gcc/nios2-elf/4.1.2/mno-hw-mul/libgcc.a(_fpcmp_parts_df.o)
 .data          0x0081c0ac        0x0 /OPT/altera/12.1/nios2eds/bin/gnu/H-i686-pc-linux-gnu/bin/../lib/gcc/nios2-elf/4.1.2/mno-hw-mul/libgcc.a(_clz.o)
 .data          0x0081c0ac        0x0 /OPT/altera/12.1/nios2eds/bin/gnu/H-i686-pc-linux-gnu/bin/../lib/gcc/nios2-elf/4.1.2/../../../../nios2-elf/lib/mno-hw-mul/libc.a(lib_a-errno.o)
 .data          0x0081c0ac      0x400 /OPT/altera/12.1/nios2eds/bin/gnu/H-i686-pc-linux-gnu/bin/../lib/gcc/nios2-elf/4.1.2/../../../../nios2-elf/lib/mno-hw-mul/libc.a(lib_a-impure.o)
 .data          0x0081c4ac        0x0 /OPT/altera/12.1/nios2eds/bin/gnu/H-i686-pc-linux-gnu/bin/../lib/gcc/nios2-elf/4.1.2/../../../../nios2-elf/lib/mno-hw-mul/libc.a(lib_a-printf.o)
 .data          0x0081c4ac        0x0 /OPT/altera/12.1/nios2eds/bin/gnu/H-i686-pc-linux-gnu/bin/../lib/gcc/nios2-elf/4.1.2/../../../../nios2-elf/lib/mno-hw-mul/libc.a(lib_a-puts.o)
 .data          0x0081c4ac        0x0 /OPT/altera/12.1/nios2eds/bin/gnu/H-i686-pc-linux-gnu/bin/../lib/gcc/nios2-elf/4.1.2/../../../../nios2-elf/lib/mno-hw-mul/libc.a(lib_a-strlen.o)
 .data          0x0081c4ac        0x0 /OPT/altera/12.1/nios2eds/bin/gnu/H-i686-pc-linux-gnu/bin/../lib/gcc/nios2-elf/4.1.2/../../../../nios2-elf/lib/mno-hw-mul/libc.a(lib_a-vfprintf.o)
 .data          0x0081c4ac        0x0 /OPT/altera/12.1/nios2eds/bin/gnu/H-i686-pc-linux-gnu/bin/../lib/gcc/nios2-elf/4.1.2/../../../../nios2-elf/lib/mno-hw-mul/libc.a(lib_a-wsetup.o)
 .data          0x0081c4ac        0x0 /OPT/altera/12.1/nios2eds/bin/gnu/H-i686-pc-linux-gnu/bin/../lib/gcc/nios2-elf/4.1.2/../../../../nios2-elf/lib/mno-hw-mul/libc.a(lib_a-dtoa.o)
 .data          0x0081c4ac        0x0 /OPT/altera/12.1/nios2eds/bin/gnu/H-i686-pc-linux-gnu/bin/../lib/gcc/nios2-elf/4.1.2/../../../../nios2-elf/lib/mno-hw-mul/libc.a(lib_a-fflush.o)
 .data          0x0081c4ac        0x0 /OPT/altera/12.1/nios2eds/bin/gnu/H-i686-pc-linux-gnu/bin/../lib/gcc/nios2-elf/4.1.2/../../../../nios2-elf/lib/mno-hw-mul/libc.a(lib_a-findfp.o)
 .data          0x0081c4ac        0x0 /OPT/altera/12.1/nios2eds/bin/gnu/H-i686-pc-linux-gnu/bin/../lib/gcc/nios2-elf/4.1.2/../../../../nios2-elf/lib/mno-hw-mul/libc.a(lib_a-freer.o)
 .data          0x0081c4ac        0x0 /OPT/altera/12.1/nios2eds/bin/gnu/H-i686-pc-linux-gnu/bin/../lib/gcc/nios2-elf/4.1.2/../../../../nios2-elf/lib/mno-hw-mul/libc.a(lib_a-fvwrite.o)
 .data          0x0081c4ac        0x0 /OPT/altera/12.1/nios2eds/bin/gnu/H-i686-pc-linux-gnu/bin/../lib/gcc/nios2-elf/4.1.2/../../../../nios2-elf/lib/mno-hw-mul/libc.a(lib_a-fwalk.o)
 .data          0x0081c4ac        0xc /OPT/altera/12.1/nios2eds/bin/gnu/H-i686-pc-linux-gnu/bin/../lib/gcc/nios2-elf/4.1.2/../../../../nios2-elf/lib/mno-hw-mul/libc.a(lib_a-locale.o)
                0x0081c4ac                __lc_ctype
 .data          0x0081c4b8        0x0 /OPT/altera/12.1/nios2eds/bin/gnu/H-i686-pc-linux-gnu/bin/../lib/gcc/nios2-elf/4.1.2/../../../../nios2-elf/lib/mno-hw-mul/libc.a(lib_a-makebuf.o)
 .data          0x0081c4b8      0x408 /OPT/altera/12.1/nios2eds/bin/gnu/H-i686-pc-linux-gnu/bin/../lib/gcc/nios2-elf/4.1.2/../../../../nios2-elf/lib/mno-hw-mul/libc.a(lib_a-mallocr.o)
                0x0081c4b8                __malloc_av_
 .data          0x0081c8c0        0x0 /OPT/altera/12.1/nios2eds/bin/gnu/H-i686-pc-linux-gnu/bin/../lib/gcc/nios2-elf/4.1.2/../../../../nios2-elf/lib/mno-hw-mul/libc.a(lib_a-memchr.o)
 .data          0x0081c8c0        0x0 /OPT/altera/12.1/nios2eds/bin/gnu/H-i686-pc-linux-gnu/bin/../lib/gcc/nios2-elf/4.1.2/../../../../nios2-elf/lib/mno-hw-mul/libc.a(lib_a-memcpy.o)
 .data          0x0081c8c0        0x0 /OPT/altera/12.1/nios2eds/bin/gnu/H-i686-pc-linux-gnu/bin/../lib/gcc/nios2-elf/4.1.2/../../../../nios2-elf/lib/mno-hw-mul/libc.a(lib_a-memmove.o)
 .data          0x0081c8c0        0x0 /OPT/altera/12.1/nios2eds/bin/gnu/H-i686-pc-linux-gnu/bin/../lib/gcc/nios2-elf/4.1.2/../../../../nios2-elf/lib/mno-hw-mul/libc.a(lib_a-memset.o)
 .data          0x0081c8c0        0x0 /OPT/altera/12.1/nios2eds/bin/gnu/H-i686-pc-linux-gnu/bin/../lib/gcc/nios2-elf/4.1.2/../../../../nios2-elf/lib/mno-hw-mul/libc.a(lib_a-mprec.o)
 .data          0x0081c8c0        0x0 /OPT/altera/12.1/nios2eds/bin/gnu/H-i686-pc-linux-gnu/bin/../lib/gcc/nios2-elf/4.1.2/../../../../nios2-elf/lib/mno-hw-mul/libc.a(lib_a-reallocr.o)
 .data          0x0081c8c0        0x0 /OPT/altera/12.1/nios2eds/bin/gnu/H-i686-pc-linux-gnu/bin/../lib/gcc/nios2-elf/4.1.2/../../../../nios2-elf/lib/mno-hw-mul/libc.a(lib_a-s_isinfd.o)
 .data          0x0081c8c0        0x0 /OPT/altera/12.1/nios2eds/bin/gnu/H-i686-pc-linux-gnu/bin/../lib/gcc/nios2-elf/4.1.2/../../../../nios2-elf/lib/mno-hw-mul/libc.a(lib_a-sbrkr.o)
 .data          0x0081c8c0        0x0 /OPT/altera/12.1/nios2eds/bin/gnu/H-i686-pc-linux-gnu/bin/../lib/gcc/nios2-elf/4.1.2/../../../../nios2-elf/lib/mno-hw-mul/libc.a(lib_a-stdio.o)
 .data          0x0081c8c0        0x0 /OPT/altera/12.1/nios2eds/bin/gnu/H-i686-pc-linux-gnu/bin/../lib/gcc/nios2-elf/4.1.2/../../../../nios2-elf/lib/mno-hw-mul/libc.a(lib_a-strcmp.o)
 .data          0x0081c8c0        0x0 /OPT/altera/12.1/nios2eds/bin/gnu/H-i686-pc-linux-gnu/bin/../lib/gcc/nios2-elf/4.1.2/../../../../nios2-elf/lib/mno-hw-mul/libc.a(lib_a-writer.o)
 .data          0x0081c8c0        0x0 /OPT/altera/12.1/nios2eds/bin/gnu/H-i686-pc-linux-gnu/bin/../lib/gcc/nios2-elf/4.1.2/../../../../nios2-elf/lib/mno-hw-mul/libc.a(lib_a-callocr.o)
 .data          0x0081c8c0        0x0 /OPT/altera/12.1/nios2eds/bin/gnu/H-i686-pc-linux-gnu/bin/../lib/gcc/nios2-elf/4.1.2/../../../../nios2-elf/lib/mno-hw-mul/libc.a(lib_a-closer.o)
 .data          0x0081c8c0        0x0 /OPT/altera/12.1/nios2eds/bin/gnu/H-i686-pc-linux-gnu/bin/../lib/gcc/nios2-elf/4.1.2/../../../../nios2-elf/lib/mno-hw-mul/libc.a(lib_a-fclose.o)
 .data          0x0081c8c0        0x0 /OPT/altera/12.1/nios2eds/bin/gnu/H-i686-pc-linux-gnu/bin/../lib/gcc/nios2-elf/4.1.2/../../../../nios2-elf/lib/mno-hw-mul/libc.a(lib_a-fstatr.o)
 .data          0x0081c8c0        0x0 /OPT/altera/12.1/nios2eds/bin/gnu/H-i686-pc-linux-gnu/bin/../lib/gcc/nios2-elf/4.1.2/../../../../nios2-elf/lib/mno-hw-mul/libc.a(lib_a-int_errno.o)
 .data          0x0081c8c0        0x0 /OPT/altera/12.1/nios2eds/bin/gnu/H-i686-pc-linux-gnu/bin/../lib/gcc/nios2-elf/4.1.2/../../../../nios2-elf/lib/mno-hw-mul/libc.a(lib_a-isattyr.o)
 .data          0x0081c8c0        0x0 /OPT/altera/12.1/nios2eds/bin/gnu/H-i686-pc-linux-gnu/bin/../lib/gcc/nios2-elf/4.1.2/../../../../nios2-elf/lib/mno-hw-mul/libc.a(lib_a-lseekr.o)
 .data          0x0081c8c0        0x0 /OPT/altera/12.1/nios2eds/bin/gnu/H-i686-pc-linux-gnu/bin/../lib/gcc/nios2-elf/4.1.2/../../../../nios2-elf/lib/mno-hw-mul/libc.a(lib_a-readr.o)
 .data          0x0081c8c0        0x0 /OPT/altera/12.1/nios2eds/bin/gnu/H-i686-pc-linux-gnu/bin/../lib/gcc/nios2-elf/4.1.2/mno-hw-mul/libgcc.a(_udivdi3.o)
 .data          0x0081c8c0        0x0 /OPT/altera/12.1/nios2eds/bin/gnu/H-i686-pc-linux-gnu/bin/../lib/gcc/nios2-elf/4.1.2/mno-hw-mul/libgcc.a(_umoddi3.o)
 .data          0x0081c8c0        0x0 /OPT/altera/12.1/nios2eds/bin/gnu/H-i686-pc-linux-gnu/bin/../lib/gcc/nios2-elf/4.1.2/mno-hw-mul/libgcc.a(_ge_df.o)
 .data          0x0081c8c0        0x0 /OPT/altera/12.1/nios2eds/bin/gnu/H-i686-pc-linux-gnu/bin/../lib/gcc/nios2-elf/4.1.2/mno-hw-mul/libgcc.a(_df_to_si.o)
 .data          0x0081c8c0        0x0 /OPT/altera/12.1/nios2eds/bin/gnu/H-i686-pc-linux-gnu/bin/../lib/gcc/nios2-elf/4.1.2/mno-hw-mul/libgcc.a(_usi_to_df.o)
 .data          0x0081c8c0        0x0 ../i2c_bsp//libucosii_bsp.a(alt_close.o)
 .data          0x0081c8c0      0x1a8 ../i2c_bsp//libucosii_bsp.a(alt_dev.o)
                0x0081c8c0                alt_dev_null
                0x0081c8e8                alt_fd_list
 .data          0x0081ca68        0x0 ../i2c_bsp//libucosii_bsp.a(alt_errno.o)
 .data          0x0081ca68        0x0 ../i2c_bsp//libucosii_bsp.a(alt_fstat.o)
 .data          0x0081ca68        0x0 ../i2c_bsp//libucosii_bsp.a(alt_isatty.o)
 .data          0x0081ca68        0x0 ../i2c_bsp//libucosii_bsp.a(alt_load.o)
 .data          0x0081ca68        0x0 ../i2c_bsp//libucosii_bsp.a(alt_lseek.o)
 .data          0x0081ca68        0x0 ../i2c_bsp//libucosii_bsp.a(alt_main.o)
 .data          0x0081ca68        0x0 ../i2c_bsp//libucosii_bsp.a(alt_read.o)
 .data          0x0081ca68        0x0 ../i2c_bsp//libucosii_bsp.a(alt_release_fd.o)
 .data          0x0081ca68        0x0 ../i2c_bsp//libucosii_bsp.a(alt_sbrk.o)
 .data          0x0081ca68        0x0 ../i2c_bsp//libucosii_bsp.a(alt_usleep.o)
 .data          0x0081ca68        0x0 ../i2c_bsp//libucosii_bsp.a(alt_write.o)
 .data          0x0081ca68        0x0 ../i2c_bsp//libucosii_bsp.a(alt_env_lock.o)
 .data          0x0081ca68        0x0 ../i2c_bsp//libucosii_bsp.a(alt_malloc_lock.o)
 .data          0x0081ca68        0x0 ../i2c_bsp//libucosii_bsp.a(os_core.o)
 .data          0x0081ca68        0x0 ../i2c_bsp//libucosii_bsp.a(os_dbg.o)
 .data          0x0081ca68        0x0 ../i2c_bsp//libucosii_bsp.a(os_flag.o)
 .data          0x0081ca68        0x0 ../i2c_bsp//libucosii_bsp.a(os_mem.o)
 .data          0x0081ca68        0x0 ../i2c_bsp//libucosii_bsp.a(os_q.o)
 .data          0x0081ca68        0x0 ../i2c_bsp//libucosii_bsp.a(os_sem.o)
 .data          0x0081ca68        0x0 ../i2c_bsp//libucosii_bsp.a(os_task.o)
 .data          0x0081ca68        0x0 ../i2c_bsp//libucosii_bsp.a(os_time.o)
 .data          0x0081ca68     0x10f8 ../i2c_bsp//libucosii_bsp.a(alt_sys_init.o)
 .data          0x0081db60        0x0 ../i2c_bsp//libucosii_bsp.a(altera_avalon_jtag_uart_fd.o)
 .data          0x0081db60        0x0 ../i2c_bsp//libucosii_bsp.a(altera_avalon_jtag_uart_init.o)
 .data          0x0081db60        0x0 ../i2c_bsp//libucosii_bsp.a(altera_avalon_jtag_uart_ioctl.o)
 .data          0x0081db60        0x0 ../i2c_bsp//libucosii_bsp.a(altera_avalon_jtag_uart_read.o)
 .data          0x0081db60        0x0 ../i2c_bsp//libucosii_bsp.a(altera_avalon_jtag_uart_write.o)
 .data          0x0081db60        0x0 ../i2c_bsp//libucosii_bsp.a(altera_avalon_timer_sc.o)
 .data          0x0081db60        0x0 ../i2c_bsp//libucosii_bsp.a(altera_up_avalon_character_lcd.o)
 .data          0x0081db60        0x0 ../i2c_bsp//libucosii_bsp.a(alt_alarm_start.o)
 .data          0x0081db60        0x0 ../i2c_bsp//libucosii_bsp.a(alt_busy_sleep.o)
 .data          0x0081db60        0x0 ../i2c_bsp//libucosii_bsp.a(alt_dcache_flush_all.o)
 .data          0x0081db60        0x0 ../i2c_bsp//libucosii_bsp.a(alt_dev_llist_insert.o)
 .data          0x0081db60        0x0 ../i2c_bsp//libucosii_bsp.a(alt_do_ctors.o)
 .data          0x0081db60        0x0 ../i2c_bsp//libucosii_bsp.a(alt_do_dtors.o)
 .data          0x0081db60        0x0 ../i2c_bsp//libucosii_bsp.a(alt_find_dev.o)
 .data          0x0081db60        0x0 ../i2c_bsp//libucosii_bsp.a(alt_icache_flush_all.o)
 .data          0x0081db60        0x0 ../i2c_bsp//libucosii_bsp.a(alt_iic.o)
 .data          0x0081db60        0x0 ../i2c_bsp//libucosii_bsp.a(alt_iic_isr_register.o)
 .data          0x0081db60        0x0 ../i2c_bsp//libucosii_bsp.a(alt_io_redirect.o)
 .data          0x0081db60        0x0 ../i2c_bsp//libucosii_bsp.a(alt_irq_entry.o)
 .data          0x0081db60        0x0 ../i2c_bsp//libucosii_bsp.a(alt_irq_handler.o)
 .data          0x0081db60        0x0 ../i2c_bsp//libucosii_bsp.a(alt_irq_vars.o)
 .data          0x0081db60        0x0 ../i2c_bsp//libucosii_bsp.a(alt_open.o)
 .data          0x0081db60        0x0 ../i2c_bsp//libucosii_bsp.a(alt_tick.o)
 .data          0x0081db60        0x0 ../i2c_bsp//libucosii_bsp.a(altera_nios2_qsys_irq.o)
 .data          0x0081db60        0x0 ../i2c_bsp//libucosii_bsp.a(os_cpu_a.o)
 .data          0x0081db60        0x0 ../i2c_bsp//libucosii_bsp.a(os_cpu_c.o)
 .data          0x0081db60        0x0 ../i2c_bsp//libucosii_bsp.a(alt_exception_entry.o)
 .data          0x0081db60        0x0 ../i2c_bsp//libucosii_bsp.a(alt_find_file.o)
 .data          0x0081db60        0x0 ../i2c_bsp//libucosii_bsp.a(alt_get_fd.o)
 .data          0x0081db60        0x0 /OPT/altera/12.1/nios2eds/bin/gnu/H-i686-pc-linux-gnu/bin/../lib/gcc/nios2-elf/4.1.2/../../../../nios2-elf/lib/mno-hw-mul/libc.a(lib_a-atexit.o)
 .data          0x0081db60        0x0 /OPT/altera/12.1/nios2eds/bin/gnu/H-i686-pc-linux-gnu/bin/../lib/gcc/nios2-elf/4.1.2/../../../../nios2-elf/lib/mno-hw-mul/libc.a(lib_a-exit.o)
 .data          0x0081db60        0x0 /OPT/altera/12.1/nios2eds/bin/gnu/H-i686-pc-linux-gnu/bin/../lib/gcc/nios2-elf/4.1.2/../../../../nios2-elf/lib/mno-hw-mul/libc.a(lib_a-memcmp.o)
 .data          0x0081db60        0x0 /OPT/altera/12.1/nios2eds/bin/gnu/H-i686-pc-linux-gnu/bin/../lib/gcc/nios2-elf/4.1.2/../../../../nios2-elf/lib/mno-hw-mul/libc.a(lib_a-__atexit.o)
 .data          0x0081db60        0x0 /OPT/altera/12.1/nios2eds/bin/gnu/H-i686-pc-linux-gnu/bin/../lib/gcc/nios2-elf/4.1.2/../../../../nios2-elf/lib/mno-hw-mul/libc.a(lib_a-__call_atexit.o)
 .data          0x0081db60        0x0 ../i2c_bsp//libucosii_bsp.a(alt_exit.o)
                0x00825b60                _gp = ABSOLUTE ((. + 0x8000))
                0x00825b60                PROVIDE (gp, _gp)
 *(.rwdata .rwdata.*)
 *(.sdata .sdata.* .gnu.linkonce.s.*)
 .sdata         0x0081db60        0x4 /OPT/altera/12.1/nios2eds/bin/gnu/H-i686-pc-linux-gnu/bin/../lib/gcc/nios2-elf/4.1.2/../../../../nios2-elf/lib/mno-hw-mul/libm.a(lib_a-s_lib_ver.o)
                0x0081db60                __fdlib_version
 .sdata         0x0081db64        0x8 /OPT/altera/12.1/nios2eds/bin/gnu/H-i686-pc-linux-gnu/bin/../lib/gcc/nios2-elf/4.1.2/../../../../nios2-elf/lib/mno-hw-mul/libc.a(lib_a-impure.o)
                0x0081db64                _impure_ptr
                0x0081db68                _global_impure_ptr
 .sdata         0x0081db6c        0x8 /OPT/altera/12.1/nios2eds/bin/gnu/H-i686-pc-linux-gnu/bin/../lib/gcc/nios2-elf/4.1.2/../../../../nios2-elf/lib/mno-hw-mul/libc.a(lib_a-locale.o)
                0x0081db6c                __mb_cur_max
 .sdata         0x0081db74        0x8 /OPT/altera/12.1/nios2eds/bin/gnu/H-i686-pc-linux-gnu/bin/../lib/gcc/nios2-elf/4.1.2/../../../../nios2-elf/lib/mno-hw-mul/libc.a(lib_a-mallocr.o)
                0x0081db74                __malloc_trim_threshold
                0x0081db78                __malloc_sbrk_base
 .sdata         0x0081db7c       0x14 ../i2c_bsp//libucosii_bsp.a(alt_dev.o)
                0x0081db7c                alt_fs_list
                0x0081db84                alt_dev_list
                0x0081db8c                alt_max_fd
 .sdata         0x0081db90        0x4 ../i2c_bsp//libucosii_bsp.a(alt_errno.o)
                0x0081db90                alt_errno
 .sdata         0x0081db94        0x4 ../i2c_bsp//libucosii_bsp.a(alt_sbrk.o)
 .sdata         0x0081db98        0x4 ../i2c_bsp//libucosii_bsp.a(alt_env_lock.o)
 .sdata         0x0081db9c        0x4 ../i2c_bsp//libucosii_bsp.a(alt_malloc_lock.o)
 .sdata         0x0081dba0       0x74 ../i2c_bsp//libucosii_bsp.a(os_dbg.o)
                0x0081dba0                OSDebugEn
                0x0081dba4                OSEndiannessTest
                0x0081dba8                OSEventEn
                0x0081dbaa                OSEventMax
                0x0081dbac                OSEventNameSize
                0x0081dbae                OSEventSize
                0x0081dbb0                OSEventTblSize
                0x0081dbb2                OSEventMultiEn
                0x0081dbb4                OSFlagEn
                0x0081dbb6                OSFlagGrpSize
                0x0081dbb8                OSFlagNodeSize
                0x0081dbba                OSFlagWidth
                0x0081dbbc                OSFlagMax
                0x0081dbbe                OSFlagNameSize
                0x0081dbc0                OSLowestPrio
                0x0081dbc2                OSMboxEn
                0x0081dbc4                OSMemEn
                0x0081dbc6                OSMemMax
                0x0081dbc8                OSMemNameSize
                0x0081dbca                OSMemSize
                0x0081dbcc                OSMemTblSize
                0x0081dbce                OSMutexEn
                0x0081dbd0                OSPtrSize
                0x0081dbd2                OSQEn
                0x0081dbd4                OSQMax
                0x0081dbd6                OSQSize
                0x0081dbd8                OSRdyTblSize
                0x0081dbda                OSSemEn
                0x0081dbdc                OSStkWidth
                0x0081dbde                OSTaskCreateEn
                0x0081dbe0                OSTaskCreateExtEn
                0x0081dbe2                OSTaskDelEn
                0x0081dbe4                OSTaskIdleStkSize
                0x0081dbe6                OSTaskProfileEn
                0x0081dbe8                OSTaskMax
                0x0081dbea                OSTaskNameSize
                0x0081dbec                OSTaskStatEn
                0x0081dbee                OSTaskStatStkSize
                0x0081dbf0                OSTaskStatStkChkEn
                0x0081dbf2                OSTaskSwHookEn
                0x0081dbf4                OSTCBPrioTblMax
                0x0081dbf6                OSTCBSize
                0x0081dbf8                OSTicksPerSec
                0x0081dbfa                OSTimeTickHookEn
                0x0081dbfc                OSVersionNbr
                0x0081dbfe                OSTmrEn
                0x0081dc00                OSTmrCfgMax
                0x0081dc02                OSTmrCfgNameSize
                0x0081dc04                OSTmrCfgWheelSize
                0x0081dc06                OSTmrCfgTicksPerSec
                0x0081dc08                OSTmrSize
                0x0081dc0a                OSTmrTblSize
                0x0081dc0c                OSTmrWheelSize
                0x0081dc0e                OSTmrWheelTblSize
                0x0081dc10                OSDataSize
 .sdata         0x0081dc14        0x4 ../i2c_bsp//libucosii_bsp.a(alt_irq_vars.o)
                0x0081dc14                alt_priority_mask
 .sdata         0x0081dc18        0x8 ../i2c_bsp//libucosii_bsp.a(alt_tick.o)
                0x0081dc18                alt_alarm_list
 *(.sdata2 .sdata2.* .gnu.linkonce.s2.*)
                0x0081dc20                . = ALIGN (0x4)
                0x0081dc20                _edata = ABSOLUTE (.)
                0x0081dc20                PROVIDE (edata, ABSOLUTE (.))
                0x0081dc20                PROVIDE (__ram_rwdata_end, ABSOLUTE (.))
                0x0081dc20                PROVIDE (__flash_rwdata_start, LOADADDR (.rwdata))

.bss            0x0081f794     0x7574
                0x0081f794                __bss_start = ABSOLUTE (.)
                0x0081f794                PROVIDE (__sbss_start, ABSOLUTE (.))
                0x0081f794                PROVIDE (___sbss_start, ABSOLUTE (.))
 *(.dynsbss)
 *(.sbss .sbss.* .gnu.linkonce.sb.*)
 .sbss          0x0081f794        0xc /OPT/altera/12.1/nios2eds/bin/gnu/H-i686-pc-linux-gnu/bin/../lib/gcc/nios2-elf/4.1.2/../../../../nios2-elf/lib/mno-hw-mul/libc.a(lib_a-locale.o)
                0x0081f794                __nlocale_changed
                0x0081f798                __mlocale_changed
                0x0081f79c                _PathLocale
 .sbss          0x0081f7a0        0xc /OPT/altera/12.1/nios2eds/bin/gnu/H-i686-pc-linux-gnu/bin/../lib/gcc/nios2-elf/4.1.2/../../../../nios2-elf/lib/mno-hw-mul/libc.a(lib_a-mallocr.o)
                0x0081f7a0                __malloc_top_pad
                0x0081f7a4                __malloc_max_sbrked_mem
                0x0081f7a8                __malloc_max_total_mem
 .sbss          0x0081f7ac        0x4 /OPT/altera/12.1/nios2eds/bin/gnu/H-i686-pc-linux-gnu/bin/../lib/gcc/nios2-elf/4.1.2/../../../../nios2-elf/lib/mno-hw-mul/libc.a(lib_a-int_errno.o)
                0x0081f7ac                errno
 .sbss          0x0081f7b0        0x4 ../i2c_bsp//libucosii_bsp.a(alt_dev.o)
                0x0081f7b0                alt_fd_list_lock
 .sbss          0x0081f7b4        0xc ../i2c_bsp//libucosii_bsp.a(alt_main.o)
                0x0081f7b4                alt_argc
                0x0081f7b8                alt_argv
                0x0081f7bc                alt_envp
 .sbss          0x0081f7c0        0x8 ../i2c_bsp//libucosii_bsp.a(alt_env_lock.o)
                0x0081f7c4                alt_envsem
 .sbss          0x0081f7c8        0x8 ../i2c_bsp//libucosii_bsp.a(alt_malloc_lock.o)
                0x0081f7cc                alt_heapsem
 .sbss          0x0081f7d0       0x50 ../i2c_bsp//libucosii_bsp.a(os_core.o)
                0x0081f7d0                OSLockNesting
                0x0081f7d1                OSRunning
                0x0081f7d4                OSIdleCtr
                0x0081f7d8                OSPrioHighRdy
                0x0081f7d9                OSPrioCur
                0x0081f7dc                OSTCBList
                0x0081f7e0                OSTickStepState
                0x0081f7e4                OSCtxSwCtr
                0x0081f7e8                OSIdleCtrMax
                0x0081f7ec                OSTCBFreeList
                0x0081f7f0                OSCPUUsage
                0x0081f7f1                OSTaskCtr
                0x0081f7f4                OSMemFreeList
                0x0081f7f8                OSTCBHighRdy
                0x0081f7fc                OSQFreeList
                0x0081f800                OSRdyGrp
                0x0081f801                OSRdyTbl
                0x0081f804                OSEventFreeList
                0x0081f808                OSIntNesting
                0x0081f80c                OSTCBCur
                0x0081f810                OSTime
                0x0081f814                OSFlagFreeList
                0x0081f818                OSStatRdy
                0x0081f81c                OSIdleCtrRun
 .sbss          0x0081f820        0x4 ../i2c_bsp//libucosii_bsp.a(alt_irq_vars.o)
                0x0081f820                alt_irq_active
 .sbss          0x0081f824        0x8 ../i2c_bsp//libucosii_bsp.a(alt_tick.o)
                0x0081f824                _alt_tick_rate
                0x0081f828                _alt_nticks
 *(.sbss2 .sbss2.* .gnu.linkonce.sb2.*)
 *(.scommon)
                0x0081f82c                PROVIDE (__sbss_end, ABSOLUTE (.))
                0x0081f82c                PROVIDE (___sbss_end, ABSOLUTE (.))
 *(.dynbss)
 *(.bss .bss.* .gnu.linkonce.b.*)
 .bss           0x0081f82c        0x0 ../i2c_bsp//obj/HAL/src/crt0.o
 .bss           0x0081f82c        0x0 obj/default/MPU9250/mpu9250.o
 .bss           0x0081f82c        0x0 obj/default/hello_ucosii.o
 .bss           0x0081f82c        0x0 obj/default/i2c/I2C.o
 .bss           0x0081f82c        0x0 /OPT/altera/12.1/nios2eds/bin/gnu/H-i686-pc-linux-gnu/bin/../lib/gcc/nios2-elf/4.1.2/../../../../nios2-elf/lib/mno-hw-mul/libm.a(lib_a-w_pow.o)
 .bss           0x0081f82c        0x0 /OPT/altera/12.1/nios2eds/bin/gnu/H-i686-pc-linux-gnu/bin/../lib/gcc/nios2-elf/4.1.2/../../../../nios2-elf/lib/mno-hw-mul/libm.a(lib_a-e_pow.o)
 .bss           0x0081f82c        0x0 /OPT/altera/12.1/nios2eds/bin/gnu/H-i686-pc-linux-gnu/bin/../lib/gcc/nios2-elf/4.1.2/../../../../nios2-elf/lib/mno-hw-mul/libm.a(lib_a-e_sqrt.o)
 .bss           0x0081f82c        0x0 /OPT/altera/12.1/nios2eds/bin/gnu/H-i686-pc-linux-gnu/bin/../lib/gcc/nios2-elf/4.1.2/../../../../nios2-elf/lib/mno-hw-mul/libm.a(lib_a-s_fabs.o)
 .bss           0x0081f82c        0x0 /OPT/altera/12.1/nios2eds/bin/gnu/H-i686-pc-linux-gnu/bin/../lib/gcc/nios2-elf/4.1.2/../../../../nios2-elf/lib/mno-hw-mul/libm.a(lib_a-s_finite.o)
 .bss           0x0081f82c        0x0 /OPT/altera/12.1/nios2eds/bin/gnu/H-i686-pc-linux-gnu/bin/../lib/gcc/nios2-elf/4.1.2/../../../../nios2-elf/lib/mno-hw-mul/libm.a(lib_a-s_isnand.o)
 .bss           0x0081f82c        0x0 /OPT/altera/12.1/nios2eds/bin/gnu/H-i686-pc-linux-gnu/bin/../lib/gcc/nios2-elf/4.1.2/../../../../nios2-elf/lib/mno-hw-mul/libm.a(lib_a-s_lib_ver.o)
 .bss           0x0081f82c        0x0 /OPT/altera/12.1/nios2eds/bin/gnu/H-i686-pc-linux-gnu/bin/../lib/gcc/nios2-elf/4.1.2/../../../../nios2-elf/lib/mno-hw-mul/libm.a(lib_a-s_matherr.o)
 .bss           0x0081f82c        0x0 /OPT/altera/12.1/nios2eds/bin/gnu/H-i686-pc-linux-gnu/bin/../lib/gcc/nios2-elf/4.1.2/../../../../nios2-elf/lib/mno-hw-mul/libm.a(lib_a-s_nan.o)
 .bss           0x0081f82c        0x0 /OPT/altera/12.1/nios2eds/bin/gnu/H-i686-pc-linux-gnu/bin/../lib/gcc/nios2-elf/4.1.2/../../../../nios2-elf/lib/mno-hw-mul/libm.a(lib_a-s_rint.o)
 .bss           0x0081f82c        0x0 /OPT/altera/12.1/nios2eds/bin/gnu/H-i686-pc-linux-gnu/bin/../lib/gcc/nios2-elf/4.1.2/../../../../nios2-elf/lib/mno-hw-mul/libm.a(lib_a-s_scalbn.o)
 .bss           0x0081f82c        0x0 /OPT/altera/12.1/nios2eds/bin/gnu/H-i686-pc-linux-gnu/bin/../lib/gcc/nios2-elf/4.1.2/../../../../nios2-elf/lib/mno-hw-mul/libm.a(lib_a-s_copysign.o)
 .bss           0x0081f82c        0x0 /OPT/altera/12.1/nios2eds/bin/gnu/H-i686-pc-linux-gnu/bin/../lib/gcc/nios2-elf/4.1.2/mno-hw-mul/libgcc.a(_mul_sf.o)
 .bss           0x0081f82c        0x0 /OPT/altera/12.1/nios2eds/bin/gnu/H-i686-pc-linux-gnu/bin/../lib/gcc/nios2-elf/4.1.2/mno-hw-mul/libgcc.a(_div_sf.o)
 .bss           0x0081f82c        0x0 /OPT/altera/12.1/nios2eds/bin/gnu/H-i686-pc-linux-gnu/bin/../lib/gcc/nios2-elf/4.1.2/mno-hw-mul/libgcc.a(_si_to_sf.o)
 .bss           0x0081f82c        0x0 /OPT/altera/12.1/nios2eds/bin/gnu/H-i686-pc-linux-gnu/bin/../lib/gcc/nios2-elf/4.1.2/mno-hw-mul/libgcc.a(_sf_to_df.o)
 .bss           0x0081f82c        0x0 /OPT/altera/12.1/nios2eds/bin/gnu/H-i686-pc-linux-gnu/bin/../lib/gcc/nios2-elf/4.1.2/mno-hw-mul/libgcc.a(_thenan_sf.o)
 .bss           0x0081f82c        0x0 /OPT/altera/12.1/nios2eds/bin/gnu/H-i686-pc-linux-gnu/bin/../lib/gcc/nios2-elf/4.1.2/mno-hw-mul/libgcc.a(_usi_to_sf.o)
 .bss           0x0081f82c        0x0 /OPT/altera/12.1/nios2eds/bin/gnu/H-i686-pc-linux-gnu/bin/../lib/gcc/nios2-elf/4.1.2/mno-hw-mul/libgcc.a(_addsub_df.o)
 .bss           0x0081f82c        0x0 /OPT/altera/12.1/nios2eds/bin/gnu/H-i686-pc-linux-gnu/bin/../lib/gcc/nios2-elf/4.1.2/mno-hw-mul/libgcc.a(_mul_df.o)
 .bss           0x0081f82c        0x0 /OPT/altera/12.1/nios2eds/bin/gnu/H-i686-pc-linux-gnu/bin/../lib/gcc/nios2-elf/4.1.2/mno-hw-mul/libgcc.a(_div_df.o)
 .bss           0x0081f82c        0x0 /OPT/altera/12.1/nios2eds/bin/gnu/H-i686-pc-linux-gnu/bin/../lib/gcc/nios2-elf/4.1.2/mno-hw-mul/libgcc.a(_eq_df.o)
 .bss           0x0081f82c        0x0 /OPT/altera/12.1/nios2eds/bin/gnu/H-i686-pc-linux-gnu/bin/../lib/gcc/nios2-elf/4.1.2/mno-hw-mul/libgcc.a(_ne_df.o)
 .bss           0x0081f82c        0x0 /OPT/altera/12.1/nios2eds/bin/gnu/H-i686-pc-linux-gnu/bin/../lib/gcc/nios2-elf/4.1.2/mno-hw-mul/libgcc.a(_gt_df.o)
 .bss           0x0081f82c        0x0 /OPT/altera/12.1/nios2eds/bin/gnu/H-i686-pc-linux-gnu/bin/../lib/gcc/nios2-elf/4.1.2/mno-hw-mul/libgcc.a(_lt_df.o)
 .bss           0x0081f82c        0x0 /OPT/altera/12.1/nios2eds/bin/gnu/H-i686-pc-linux-gnu/bin/../lib/gcc/nios2-elf/4.1.2/mno-hw-mul/libgcc.a(_le_df.o)
 .bss           0x0081f82c        0x0 /OPT/altera/12.1/nios2eds/bin/gnu/H-i686-pc-linux-gnu/bin/../lib/gcc/nios2-elf/4.1.2/mno-hw-mul/libgcc.a(_si_to_df.o)
 .bss           0x0081f82c        0x0 /OPT/altera/12.1/nios2eds/bin/gnu/H-i686-pc-linux-gnu/bin/../lib/gcc/nios2-elf/4.1.2/mno-hw-mul/libgcc.a(_make_df.o)
 .bss           0x0081f82c        0x0 /OPT/altera/12.1/nios2eds/bin/gnu/H-i686-pc-linux-gnu/bin/../lib/gcc/nios2-elf/4.1.2/mno-hw-mul/libgcc.a(_df_to_sf.o)
 .bss           0x0081f82c        0x0 /OPT/altera/12.1/nios2eds/bin/gnu/H-i686-pc-linux-gnu/bin/../lib/gcc/nios2-elf/4.1.2/mno-hw-mul/libgcc.a(_thenan_df.o)
 .bss           0x0081f82c        0x0 /OPT/altera/12.1/nios2eds/bin/gnu/H-i686-pc-linux-gnu/bin/../lib/gcc/nios2-elf/4.1.2/mno-hw-mul/libgcc.a(lib2-divmod.o)
 .bss           0x0081f82c        0x0 /OPT/altera/12.1/nios2eds/bin/gnu/H-i686-pc-linux-gnu/bin/../lib/gcc/nios2-elf/4.1.2/mno-hw-mul/libgcc.a(lib2-mul.o)
 .bss           0x0081f82c        0x0 /OPT/altera/12.1/nios2eds/bin/gnu/H-i686-pc-linux-gnu/bin/../lib/gcc/nios2-elf/4.1.2/mno-hw-mul/libgcc.a(_muldi3.o)
 .bss           0x0081f82c        0x0 /OPT/altera/12.1/nios2eds/bin/gnu/H-i686-pc-linux-gnu/bin/../lib/gcc/nios2-elf/4.1.2/mno-hw-mul/libgcc.a(_clzsi2.o)
 .bss           0x0081f82c        0x0 /OPT/altera/12.1/nios2eds/bin/gnu/H-i686-pc-linux-gnu/bin/../lib/gcc/nios2-elf/4.1.2/mno-hw-mul/libgcc.a(_pack_sf.o)
 .bss           0x0081f82c        0x0 /OPT/altera/12.1/nios2eds/bin/gnu/H-i686-pc-linux-gnu/bin/../lib/gcc/nios2-elf/4.1.2/mno-hw-mul/libgcc.a(_unpack_sf.o)
 .bss           0x0081f82c        0x0 /OPT/altera/12.1/nios2eds/bin/gnu/H-i686-pc-linux-gnu/bin/../lib/gcc/nios2-elf/4.1.2/mno-hw-mul/libgcc.a(_make_sf.o)
 .bss           0x0081f82c        0x0 /OPT/altera/12.1/nios2eds/bin/gnu/H-i686-pc-linux-gnu/bin/../lib/gcc/nios2-elf/4.1.2/mno-hw-mul/libgcc.a(_pack_df.o)
 .bss           0x0081f82c        0x0 /OPT/altera/12.1/nios2eds/bin/gnu/H-i686-pc-linux-gnu/bin/../lib/gcc/nios2-elf/4.1.2/mno-hw-mul/libgcc.a(_unpack_df.o)
 .bss           0x0081f82c        0x0 /OPT/altera/12.1/nios2eds/bin/gnu/H-i686-pc-linux-gnu/bin/../lib/gcc/nios2-elf/4.1.2/mno-hw-mul/libgcc.a(_fpcmp_parts_df.o)
 .bss           0x0081f82c        0x0 /OPT/altera/12.1/nios2eds/bin/gnu/H-i686-pc-linux-gnu/bin/../lib/gcc/nios2-elf/4.1.2/mno-hw-mul/libgcc.a(_clz.o)
 .bss           0x0081f82c        0x0 /OPT/altera/12.1/nios2eds/bin/gnu/H-i686-pc-linux-gnu/bin/../lib/gcc/nios2-elf/4.1.2/../../../../nios2-elf/lib/mno-hw-mul/libc.a(lib_a-errno.o)
 .bss           0x0081f82c        0x0 /OPT/altera/12.1/nios2eds/bin/gnu/H-i686-pc-linux-gnu/bin/../lib/gcc/nios2-elf/4.1.2/../../../../nios2-elf/lib/mno-hw-mul/libc.a(lib_a-impure.o)
 .bss           0x0081f82c        0x0 /OPT/altera/12.1/nios2eds/bin/gnu/H-i686-pc-linux-gnu/bin/../lib/gcc/nios2-elf/4.1.2/../../../../nios2-elf/lib/mno-hw-mul/libc.a(lib_a-printf.o)
 .bss           0x0081f82c        0x0 /OPT/altera/12.1/nios2eds/bin/gnu/H-i686-pc-linux-gnu/bin/../lib/gcc/nios2-elf/4.1.2/../../../../nios2-elf/lib/mno-hw-mul/libc.a(lib_a-puts.o)
 .bss           0x0081f82c        0x0 /OPT/altera/12.1/nios2eds/bin/gnu/H-i686-pc-linux-gnu/bin/../lib/gcc/nios2-elf/4.1.2/../../../../nios2-elf/lib/mno-hw-mul/libc.a(lib_a-strlen.o)
 .bss           0x0081f82c        0x0 /OPT/altera/12.1/nios2eds/bin/gnu/H-i686-pc-linux-gnu/bin/../lib/gcc/nios2-elf/4.1.2/../../../../nios2-elf/lib/mno-hw-mul/libc.a(lib_a-vfprintf.o)
 .bss           0x0081f82c        0x0 /OPT/altera/12.1/nios2eds/bin/gnu/H-i686-pc-linux-gnu/bin/../lib/gcc/nios2-elf/4.1.2/../../../../nios2-elf/lib/mno-hw-mul/libc.a(lib_a-wsetup.o)
 .bss           0x0081f82c        0x0 /OPT/altera/12.1/nios2eds/bin/gnu/H-i686-pc-linux-gnu/bin/../lib/gcc/nios2-elf/4.1.2/../../../../nios2-elf/lib/mno-hw-mul/libc.a(lib_a-dtoa.o)
 .bss           0x0081f82c        0x0 /OPT/altera/12.1/nios2eds/bin/gnu/H-i686-pc-linux-gnu/bin/../lib/gcc/nios2-elf/4.1.2/../../../../nios2-elf/lib/mno-hw-mul/libc.a(lib_a-fflush.o)
 .bss           0x0081f82c        0x0 /OPT/altera/12.1/nios2eds/bin/gnu/H-i686-pc-linux-gnu/bin/../lib/gcc/nios2-elf/4.1.2/../../../../nios2-elf/lib/mno-hw-mul/libc.a(lib_a-findfp.o)
 .bss           0x0081f82c        0x0 /OPT/altera/12.1/nios2eds/bin/gnu/H-i686-pc-linux-gnu/bin/../lib/gcc/nios2-elf/4.1.2/../../../../nios2-elf/lib/mno-hw-mul/libc.a(lib_a-freer.o)
 .bss           0x0081f82c        0x0 /OPT/altera/12.1/nios2eds/bin/gnu/H-i686-pc-linux-gnu/bin/../lib/gcc/nios2-elf/4.1.2/../../../../nios2-elf/lib/mno-hw-mul/libc.a(lib_a-fvwrite.o)
 .bss           0x0081f82c        0x0 /OPT/altera/12.1/nios2eds/bin/gnu/H-i686-pc-linux-gnu/bin/../lib/gcc/nios2-elf/4.1.2/../../../../nios2-elf/lib/mno-hw-mul/libc.a(lib_a-fwalk.o)
 .bss           0x0081f82c        0x0 /OPT/altera/12.1/nios2eds/bin/gnu/H-i686-pc-linux-gnu/bin/../lib/gcc/nios2-elf/4.1.2/../../../../nios2-elf/lib/mno-hw-mul/libc.a(lib_a-locale.o)
 .bss           0x0081f82c        0x0 /OPT/altera/12.1/nios2eds/bin/gnu/H-i686-pc-linux-gnu/bin/../lib/gcc/nios2-elf/4.1.2/../../../../nios2-elf/lib/mno-hw-mul/libc.a(lib_a-makebuf.o)
 .bss           0x0081f82c       0x28 /OPT/altera/12.1/nios2eds/bin/gnu/H-i686-pc-linux-gnu/bin/../lib/gcc/nios2-elf/4.1.2/../../../../nios2-elf/lib/mno-hw-mul/libc.a(lib_a-mallocr.o)
                0x0081f82c                __malloc_current_mallinfo
 .bss           0x0081f854        0x0 /OPT/altera/12.1/nios2eds/bin/gnu/H-i686-pc-linux-gnu/bin/../lib/gcc/nios2-elf/4.1.2/../../../../nios2-elf/lib/mno-hw-mul/libc.a(lib_a-memchr.o)
 .bss           0x0081f854        0x0 /OPT/altera/12.1/nios2eds/bin/gnu/H-i686-pc-linux-gnu/bin/../lib/gcc/nios2-elf/4.1.2/../../../../nios2-elf/lib/mno-hw-mul/libc.a(lib_a-memcpy.o)
 .bss           0x0081f854        0x0 /OPT/altera/12.1/nios2eds/bin/gnu/H-i686-pc-linux-gnu/bin/../lib/gcc/nios2-elf/4.1.2/../../../../nios2-elf/lib/mno-hw-mul/libc.a(lib_a-memmove.o)
 .bss           0x0081f854        0x0 /OPT/altera/12.1/nios2eds/bin/gnu/H-i686-pc-linux-gnu/bin/../lib/gcc/nios2-elf/4.1.2/../../../../nios2-elf/lib/mno-hw-mul/libc.a(lib_a-memset.o)
 .bss           0x0081f854        0x0 /OPT/altera/12.1/nios2eds/bin/gnu/H-i686-pc-linux-gnu/bin/../lib/gcc/nios2-elf/4.1.2/../../../../nios2-elf/lib/mno-hw-mul/libc.a(lib_a-mprec.o)
 .bss           0x0081f854        0x0 /OPT/altera/12.1/nios2eds/bin/gnu/H-i686-pc-linux-gnu/bin/../lib/gcc/nios2-elf/4.1.2/../../../../nios2-elf/lib/mno-hw-mul/libc.a(lib_a-reallocr.o)
 .bss           0x0081f854        0x0 /OPT/altera/12.1/nios2eds/bin/gnu/H-i686-pc-linux-gnu/bin/../lib/gcc/nios2-elf/4.1.2/../../../../nios2-elf/lib/mno-hw-mul/libc.a(lib_a-s_isinfd.o)
 .bss           0x0081f854        0x0 /OPT/altera/12.1/nios2eds/bin/gnu/H-i686-pc-linux-gnu/bin/../lib/gcc/nios2-elf/4.1.2/../../../../nios2-elf/lib/mno-hw-mul/libc.a(lib_a-sbrkr.o)
 .bss           0x0081f854        0x0 /OPT/altera/12.1/nios2eds/bin/gnu/H-i686-pc-linux-gnu/bin/../lib/gcc/nios2-elf/4.1.2/../../../../nios2-elf/lib/mno-hw-mul/libc.a(lib_a-stdio.o)
 .bss           0x0081f854        0x0 /OPT/altera/12.1/nios2eds/bin/gnu/H-i686-pc-linux-gnu/bin/../lib/gcc/nios2-elf/4.1.2/../../../../nios2-elf/lib/mno-hw-mul/libc.a(lib_a-strcmp.o)
 .bss           0x0081f854        0x0 /OPT/altera/12.1/nios2eds/bin/gnu/H-i686-pc-linux-gnu/bin/../lib/gcc/nios2-elf/4.1.2/../../../../nios2-elf/lib/mno-hw-mul/libc.a(lib_a-writer.o)
 .bss           0x0081f854        0x0 /OPT/altera/12.1/nios2eds/bin/gnu/H-i686-pc-linux-gnu/bin/../lib/gcc/nios2-elf/4.1.2/../../../../nios2-elf/lib/mno-hw-mul/libc.a(lib_a-callocr.o)
 .bss           0x0081f854        0x0 /OPT/altera/12.1/nios2eds/bin/gnu/H-i686-pc-linux-gnu/bin/../lib/gcc/nios2-elf/4.1.2/../../../../nios2-elf/lib/mno-hw-mul/libc.a(lib_a-closer.o)
 .bss           0x0081f854        0x0 /OPT/altera/12.1/nios2eds/bin/gnu/H-i686-pc-linux-gnu/bin/../lib/gcc/nios2-elf/4.1.2/../../../../nios2-elf/lib/mno-hw-mul/libc.a(lib_a-fclose.o)
 .bss           0x0081f854        0x0 /OPT/altera/12.1/nios2eds/bin/gnu/H-i686-pc-linux-gnu/bin/../lib/gcc/nios2-elf/4.1.2/../../../../nios2-elf/lib/mno-hw-mul/libc.a(lib_a-fstatr.o)
 .bss           0x0081f854        0x0 /OPT/altera/12.1/nios2eds/bin/gnu/H-i686-pc-linux-gnu/bin/../lib/gcc/nios2-elf/4.1.2/../../../../nios2-elf/lib/mno-hw-mul/libc.a(lib_a-int_errno.o)
 .bss           0x0081f854        0x0 /OPT/altera/12.1/nios2eds/bin/gnu/H-i686-pc-linux-gnu/bin/../lib/gcc/nios2-elf/4.1.2/../../../../nios2-elf/lib/mno-hw-mul/libc.a(lib_a-isattyr.o)
 .bss           0x0081f854        0x0 /OPT/altera/12.1/nios2eds/bin/gnu/H-i686-pc-linux-gnu/bin/../lib/gcc/nios2-elf/4.1.2/../../../../nios2-elf/lib/mno-hw-mul/libc.a(lib_a-lseekr.o)
 .bss           0x0081f854        0x0 /OPT/altera/12.1/nios2eds/bin/gnu/H-i686-pc-linux-gnu/bin/../lib/gcc/nios2-elf/4.1.2/../../../../nios2-elf/lib/mno-hw-mul/libc.a(lib_a-readr.o)
 .bss           0x0081f854        0x0 /OPT/altera/12.1/nios2eds/bin/gnu/H-i686-pc-linux-gnu/bin/../lib/gcc/nios2-elf/4.1.2/mno-hw-mul/libgcc.a(_udivdi3.o)
 .bss           0x0081f854        0x0 /OPT/altera/12.1/nios2eds/bin/gnu/H-i686-pc-linux-gnu/bin/../lib/gcc/nios2-elf/4.1.2/mno-hw-mul/libgcc.a(_umoddi3.o)
 .bss           0x0081f854        0x0 /OPT/altera/12.1/nios2eds/bin/gnu/H-i686-pc-linux-gnu/bin/../lib/gcc/nios2-elf/4.1.2/mno-hw-mul/libgcc.a(_ge_df.o)
 .bss           0x0081f854        0x0 /OPT/altera/12.1/nios2eds/bin/gnu/H-i686-pc-linux-gnu/bin/../lib/gcc/nios2-elf/4.1.2/mno-hw-mul/libgcc.a(_df_to_si.o)
 .bss           0x0081f854        0x0 /OPT/altera/12.1/nios2eds/bin/gnu/H-i686-pc-linux-gnu/bin/../lib/gcc/nios2-elf/4.1.2/mno-hw-mul/libgcc.a(_usi_to_df.o)
 .bss           0x0081f854        0x0 ../i2c_bsp//libucosii_bsp.a(alt_close.o)
 .bss           0x0081f854        0x0 ../i2c_bsp//libucosii_bsp.a(alt_dev.o)
 .bss           0x0081f854        0x0 ../i2c_bsp//libucosii_bsp.a(alt_errno.o)
 .bss           0x0081f854        0x0 ../i2c_bsp//libucosii_bsp.a(alt_fstat.o)
 .bss           0x0081f854        0x0 ../i2c_bsp//libucosii_bsp.a(alt_isatty.o)
 .bss           0x0081f854        0x0 ../i2c_bsp//libucosii_bsp.a(alt_load.o)
 .bss           0x0081f854        0x0 ../i2c_bsp//libucosii_bsp.a(alt_lseek.o)
 .bss           0x0081f854        0x0 ../i2c_bsp//libucosii_bsp.a(alt_main.o)
 .bss           0x0081f854        0x0 ../i2c_bsp//libucosii_bsp.a(alt_read.o)
 .bss           0x0081f854        0x0 ../i2c_bsp//libucosii_bsp.a(alt_release_fd.o)
 .bss           0x0081f854        0x0 ../i2c_bsp//libucosii_bsp.a(alt_sbrk.o)
 .bss           0x0081f854        0x0 ../i2c_bsp//libucosii_bsp.a(alt_usleep.o)
 .bss           0x0081f854        0x0 ../i2c_bsp//libucosii_bsp.a(alt_write.o)
 .bss           0x0081f854        0x0 ../i2c_bsp//libucosii_bsp.a(alt_env_lock.o)
 .bss           0x0081f854        0x0 ../i2c_bsp//libucosii_bsp.a(alt_malloc_lock.o)
 .bss           0x0081f854        0x0 ../i2c_bsp//libucosii_bsp.a(os_core.o)
 .bss           0x0081f854        0x0 ../i2c_bsp//libucosii_bsp.a(os_dbg.o)
 .bss           0x0081f854        0x0 ../i2c_bsp//libucosii_bsp.a(os_flag.o)
 .bss           0x0081f854        0x0 ../i2c_bsp//libucosii_bsp.a(os_mem.o)
 .bss           0x0081f854        0x0 ../i2c_bsp//libucosii_bsp.a(os_q.o)
 .bss           0x0081f854        0x0 ../i2c_bsp//libucosii_bsp.a(os_sem.o)
 .bss           0x0081f854        0x0 ../i2c_bsp//libucosii_bsp.a(os_task.o)
 .bss           0x0081f854        0x0 ../i2c_bsp//libucosii_bsp.a(os_time.o)
 .bss           0x0081f854        0x0 ../i2c_bsp//libucosii_bsp.a(alt_sys_init.o)
 .bss           0x0081f854        0x0 ../i2c_bsp//libucosii_bsp.a(altera_avalon_jtag_uart_fd.o)
 .bss           0x0081f854        0x0 ../i2c_bsp//libucosii_bsp.a(altera_avalon_jtag_uart_init.o)
 .bss           0x0081f854        0x0 ../i2c_bsp//libucosii_bsp.a(altera_avalon_jtag_uart_ioctl.o)
 .bss           0x0081f854        0x0 ../i2c_bsp//libucosii_bsp.a(altera_avalon_jtag_uart_read.o)
 .bss           0x0081f854        0x0 ../i2c_bsp//libucosii_bsp.a(altera_avalon_jtag_uart_write.o)
 .bss           0x0081f854        0x0 ../i2c_bsp//libucosii_bsp.a(altera_avalon_timer_sc.o)
 .bss           0x0081f854        0x0 ../i2c_bsp//libucosii_bsp.a(altera_up_avalon_character_lcd.o)
 .bss           0x0081f854        0x0 ../i2c_bsp//libucosii_bsp.a(alt_alarm_start.o)
 .bss           0x0081f854        0x0 ../i2c_bsp//libucosii_bsp.a(alt_busy_sleep.o)
 .bss           0x0081f854        0x0 ../i2c_bsp//libucosii_bsp.a(alt_dcache_flush_all.o)
 .bss           0x0081f854        0x0 ../i2c_bsp//libucosii_bsp.a(alt_dev_llist_insert.o)
 .bss           0x0081f854        0x0 ../i2c_bsp//libucosii_bsp.a(alt_do_ctors.o)