Archive member included because of file (symbol)

/OPT/altera/12.1/nios2eds/bin/gnu/H-i686-pc-linux-gnu/bin/../lib/gcc/nios2-elf/4.1.2/../../../../nios2-elf/lib/mno-hw-mul/libm.a(lib_a-w_pow.o)
                              obj/default/MPU9250/mpu9250.o (pow)
/OPT/altera/12.1/nios2eds/bin/gnu/H-i686-pc-linux-gnu/bin/../lib/gcc/nios2-elf/4.1.2/../../../../nios2-elf/lib/mno-hw-mul/libm.a(lib_a-e_pow.o)
                              /OPT/altera/12.1/nios2eds/bin/gnu/H-i686-pc-linux-gnu/bin/../lib/gcc/nios2-elf/4.1.2/../../../../nios2-elf/lib/mno-hw-mul/libm.a(lib_a-w_pow.o) (__ieee754_pow)
/OPT/altera/12.1/nios2eds/bin/gnu/H-i686-pc-linux-gnu/bin/../lib/gcc/nios2-elf/4.1.2/../../../../nios2-elf/lib/mno-hw-mul/libm.a(lib_a-e_sqrt.o)
                              /OPT/altera/12.1/nios2eds/bin/gnu/H-i686-pc-linux-gnu/bin/../lib/gcc/nios2-elf/4.1.2/../../../../nios2-elf/lib/mno-hw-mul/libm.a(lib_a-e_pow.o) (__ieee754_sqrt)
/OPT/altera/12.1/nios2eds/bin/gnu/H-i686-pc-linux-gnu/bin/../lib/gcc/nios2-elf/4.1.2/../../../../nios2-elf/lib/mno-hw-mul/libm.a(lib_a-s_fabs.o)
                              /OPT/altera/12.1/nios2eds/bin/gnu/H-i686-pc-linux-gnu/bin/../lib/gcc/nios2-elf/4.1.2/../../../../nios2-elf/lib/mno-hw-mul/libm.a(lib_a-e_pow.o) (fabs)
/OPT/altera/12.1/nios2eds/bin/gnu/H-i686-pc-linux-gnu/bin/../lib/gcc/nios2-elf/4.1.2/../../../../nios2-elf/lib/mno-hw-mul/libm.a(lib_a-s_finite.o)
                              /OPT/altera/12.1/nios2eds/bin/gnu/H-i686-pc-linux-gnu/bin/../lib/gcc/nios2-elf/4.1.2/../../../../nios2-elf/lib/mno-hw-mul/libm.a(lib_a-w_pow.o) (finite)
/OPT/altera/12.1/nios2eds/bin/gnu/H-i686-pc-linux-gnu/bin/../lib/gcc/nios2-elf/4.1.2/../../../../nios2-elf/lib/mno-hw-mul/libm.a(lib_a-s_isnand.o)
                              /OPT/altera/12.1/nios2eds/bin/gnu/H-i686-pc-linux-gnu/bin/../lib/gcc/nios2-elf/4.1.2/../../../../nios2-elf/lib/mno-hw-mul/libm.a(lib_a-w_pow.o) (__isnand)
/OPT/altera/12.1/nios2eds/bin/gnu/H-i686-pc-linux-gnu/bin/../lib/gcc/nios2-elf/4.1.2/../../../../nios2-elf/lib/mno-hw-mul/libm.a(lib_a-s_lib_ver.o)
                              /OPT/altera/12.1/nios2eds/bin/gnu/H-i686-pc-linux-gnu/bin/../lib/gcc/nios2-elf/4.1.2/../../../../nios2-elf/lib/mno-hw-mul/libm.a(lib_a-w_pow.o) (__fdlib_version)
/OPT/altera/12.1/nios2eds/bin/gnu/H-i686-pc-linux-gnu/bin/../lib/gcc/nios2-elf/4.1.2/../../../../nios2-elf/lib/mno-hw-mul/libm.a(lib_a-s_matherr.o)
                              /OPT/altera/12.1/nios2eds/bin/gnu/H-i686-pc-linux-gnu/bin/../lib/gcc/nios2-elf/4.1.2/../../../../nios2-elf/lib/mno-hw-mul/libm.a(lib_a-w_pow.o) (matherr)
/OPT/altera/12.1/nios2eds/bin/gnu/H-i686-pc-linux-gnu/bin/../lib/gcc/nios2-elf/4.1.2/../../../../nios2-elf/lib/mno-hw-mul/libm.a(lib_a-s_nan.o)
                              /OPT/altera/12.1/nios2eds/bin/gnu/H-i686-pc-linux-gnu/bin/../lib/gcc/nios2-elf/4.1.2/../../../../nios2-elf/lib/mno-hw-mul/libm.a(lib_a-e_pow.o) (nan)
/OPT/altera/12.1/nios2eds/bin/gnu/H-i686-pc-linux-gnu/bin/../lib/gcc/nios2-elf/4.1.2/../../../../nios2-elf/lib/mno-hw-mul/libm.a(lib_a-s_rint.o)
                              /OPT/altera/12.1/nios2eds/bin/gnu/H-i686-pc-linux-gnu/bin/../lib/gcc/nios2-elf/4.1.2/../../../../nios2-elf/lib/mno-hw-mul/libm.a(lib_a-w_pow.o) (rint)
/OPT/altera/12.1/nios2eds/bin/gnu/H-i686-pc-linux-gnu/bin/../lib/gcc/nios2-elf/4.1.2/../../../../nios2-elf/lib/mno-hw-mul/libm.a(lib_a-s_scalbn.o)
                              /OPT/altera/12.1/nios2eds/bin/gnu/H-i686-pc-linux-gnu/bin/../lib/gcc/nios2-elf/4.1.2/../../../../nios2-elf/lib/mno-hw-mul/libm.a(lib_a-e_pow.o) (scalbn)
/OPT/altera/12.1/nios2eds/bin/gnu/H-i686-pc-linux-gnu/bin/../lib/gcc/nios2-elf/4.1.2/../../../../nios2-elf/lib/mno-hw-mul/libm.a(lib_a-s_copysign.o)
                              /OPT/altera/12.1/nios2eds/bin/gnu/H-i686-pc-linux-gnu/bin/../lib/gcc/nios2-elf/4.1.2/../../../../nios2-elf/lib/mno-hw-mul/libm.a(lib_a-s_scalbn.o) (copysign)
/OPT/altera/12.1/nios2eds/bin/gnu/H-i686-pc-linux-gnu/bin/../lib/gcc/nios2-elf/4.1.2/mno-hw-mul/libgcc.a(_mul_sf.o)
                              obj/default/MPU9250/mpu9250.o (__mulsf3)
/OPT/altera/12.1/nios2eds/bin/gnu/H-i686-pc-linux-gnu/bin/../lib/gcc/nios2-elf/4.1.2/mno-hw-mul/libgcc.a(_div_sf.o)
                              obj/default/MPU9250/mpu9250.o (__divsf3)
/OPT/altera/12.1/nios2eds/bin/gnu/H-i686-pc-linux-gnu/bin/../lib/gcc/nios2-elf/4.1.2/mno-hw-mul/libgcc.a(_si_to_sf.o)
                              obj/default/MPU9250/mpu9250.o (__floatsisf)
/OPT/altera/12.1/nios2eds/bin/gnu/H-i686-pc-linux-gnu/bin/../lib/gcc/nios2-elf/4.1.2/mno-hw-mul/libgcc.a(_sf_to_df.o)
                              obj/default/MPU9250/mpu9250.o (__extendsfdf2)
/OPT/altera/12.1/nios2eds/bin/gnu/H-i686-pc-linux-gnu/bin/../lib/gcc/nios2-elf/4.1.2/mno-hw-mul/libgcc.a(_thenan_sf.o)
                              /OPT/altera/12.1/nios2eds/bin/gnu/H-i686-pc-linux-gnu/bin/../lib/gcc/nios2-elf/4.1.2/mno-hw-mul/libgcc.a(_mul_sf.o) (__thenan_sf)
[...]
Memory Configuration

Name             Origin             Length             Attributes
sdram_0          0x00800000         0x00800000
sram_0           0x01080000         0x00080000
reset            0x01104000         0x00000020
onchip_memory2_0 0x01104020         0x00003fe0
*default*        0x00000000         0xffffffff

Linker script and memory map

LOAD ../i2c_bsp//obj/HAL/src/crt0.o
LOAD obj/default/MPU9250/mpu9250.o
LOAD obj/default/hello_ucosii.o
LOAD obj/default/i2c/I2C.o
LOAD /OPT/altera/12.1/nios2eds/bin/gnu/H-i686-pc-linux-gnu/bin/../lib/gcc/nios2-elf/4.1.2/../../../../nios2-elf/lib/mno-hw-mul/libstdc++.a
LOAD /OPT/altera/12.1/nios2eds/bin/gnu/H-i686-pc-linux-gnu/bin/../lib/gcc/nios2-elf/4.1.2/../../../../nios2-elf/lib/mno-hw-mul/libm.a
LOAD /OPT/altera/12.1/nios2eds/bin/gnu/H-i686-pc-linux-gnu/bin/../lib/gcc/nios2-elf/4.1.2/mno-hw-mul/libgcc.a
START GROUP
LOAD /OPT/altera/12.1/nios2eds/bin/gnu/H-i686-pc-linux-gnu/bin/../lib/gcc/nios2-elf/4.1.2/../../../../nios2-elf/lib/mno-hw-mul/libc.a
LOAD /OPT/altera/12.1/nios2eds/bin/gnu/H-i686-pc-linux-gnu/bin/../lib/gcc/nios2-elf/4.1.2/mno-hw-mul/libgcc.a
LOAD ../i2c_bsp//libucosii_bsp.a
END GROUP
LOAD /OPT/altera/12.1/nios2eds/bin/gnu/H-i686-pc-linux-gnu/bin/../lib/gcc/nios2-elf/4.1.2/mno-hw-mul/libgcc.a
                0x00800000                __alt_mem_sdram_0 = 0x800000
                0x01080000                __alt_mem_sram_0 = 0x1080000
                0x01104000                __alt_mem_onchip_memory2_0 = 0x1104000

.entry          0x01104000       0x20
 *(.entry)
 .entry         0x01104000       0x20 ../i2c_bsp//obj/HAL/src/crt0.o
                0x01104000                __reset

.exceptions     0x01104020      0x19c load address 0x00800000
                0x01104020                PROVIDE (__ram_exceptions_start, ABSOLUTE (.))
                0x01104020                . = ALIGN (0x20)
 *(.irq)
 *(.exceptions.entry.label)
 .exceptions.entry.label
                0x01104020        0x0 ../i2c_bsp//libucosii_bsp.a(alt_irq_entry.o)
                0x01104020                alt_irq_entry
 .exceptions.entry.label
                0x01104020        0x0 ../i2c_bsp//libucosii_bsp.a(alt_exception_entry.o)
                0x01104020                alt_exception
 *(.exceptions.entry.user)
 *(.exceptions.entry)
 .exceptions.entry
                0x01104020       0x54 ../i2c_bsp//libucosii_bsp.a(alt_exception_entry.o)
 *(.exceptions.irqtest.user)
 *(.exceptions.irqtest)
 .exceptions.irqtest
                0x01104074       0x10 ../i2c_bsp//libucosii_bsp.a(alt_irq_entry.o)
 *(.exceptions.irqhandler.user)
 *(.exceptions.irqhandler)
 .exceptions.irqhandler
                0x01104084        0x4 ../i2c_bsp//libucosii_bsp.a(alt_irq_entry.o)
 *(.exceptions.irqreturn.user)
 *(.exceptions.irqreturn)
 .exceptions.irqreturn
                0x01104088        0x4 ../i2c_bsp//libucosii_bsp.a(alt_irq_entry.o)
 *(.exceptions.notirq.label)
 .exceptions.notirq.label
                0x0110408c        0x0 ../i2c_bsp//libucosii_bsp.a(alt_irq_entry.o)
 *(.exceptions.notirq.user)
 *(.exceptions.notirq)
 .exceptions.notirq
                0x0110408c        0x8 ../i2c_bsp//libucosii_bsp.a(alt_exception_entry.o)
 *(.exceptions.soft.user)
 *(.exceptions.soft)
 *(.exceptions.unknown.user)
 *(.exceptions.unknown)
 .exceptions.unknown
                0x01104094        0x4 ../i2c_bsp//libucosii_bsp.a(alt_exception_entry.o)
 *(.exceptions.exit.label)
 .exceptions.exit.label
                0x01104098        0x0 ../i2c_bsp//libucosii_bsp.a(alt_irq_entry.o)
 .exceptions.exit.label
                0x01104098        0x0 ../i2c_bsp//libucosii_bsp.a(alt_exception_entry.o)
 *(.exceptions.exit.user)
 *(.exceptions.exit)
 .exceptions.exit
                0x01104098       0x54 ../i2c_bsp//libucosii_bsp.a(alt_exception_entry.o)
 *(.exceptions)
 .exceptions    0x011040ec       0xd0 ../i2c_bsp//libucosii_bsp.a(alt_irq_handler.o)
                0x011040ec                alt_irq_handler
                0x011041bc                PROVIDE (__ram_exceptions_end, ABSOLUTE (.))
                0x00800000                PROVIDE (__flash_exceptions_start, LOADADDR (.exceptions))

.text           0x0080019c    0x1bb14
                0x0080019c                PROVIDE (stext, ABSOLUTE (.))
 *(.interp)
 *(.hash)
 *(.dynsym)
 *(.dynstr)
 *(.gnu.version)
 *(.gnu.version_d)
 *(.gnu.version_r)
 *(.rel.init)
 *(.rela.init)
 *(.rel.text .rel.text.* .rel.gnu.linkonce.t.*)
 *(.rela.text .rela.text.* .rela.gnu.linkonce.t.*)
 *(.rel.fini)
 *(.rela.fini)
 *(.rel.rodata .rel.rodata.* .rel.gnu.linkonce.r.*)
 *(.rela.rodata .rela.rodata.* .rela.gnu.linkonce.r.*)
 *(.rel.data .rel.data.* .rel.gnu.linkonce.d.*)
 *(.rela.data .rela.data.* .rela.gnu.linkonce.d.*)
 *(.rel.tdata .rel.tdata.* .rel.gnu.linkonce.td.*)
 *(.rela.tdata .rela.tdata.* .rela.gnu.linkonce.td.*)
 *(.rel.tbss .rel.tbss.* .rel.gnu.linkonce.tb.*)
 *(.rela.tbss .rela.tbss.* .rela.gnu.linkonce.tb.*)
 *(.rel.ctors)
 *(.rela.ctors)
 *(.rel.dtors)
 *(.rela.dtors)
 *(.rel.got)
 *(.rela.got)
 *(.rel.sdata .rel.sdata.* .rel.gnu.linkonce.s.*)
 *(.rela.sdata .rela.sdata.* .rela.gnu.linkonce.s.*)
 *(.rel.sbss .rel.sbss.* .rel.gnu.linkonce.sb.*)
 *(.rela.sbss .rela.sbss.* .rela.gnu.linkonce.sb.*)
 *(.rel.sdata2 .rel.sdata2.* .rel.gnu.linkonce.s2.*)
 *(.rela.sdata2 .rela.sdata2.* .rela.gnu.linkonce.s2.*)
 *(.rel.sbss2 .rel.sbss2.* .rel.gnu.linkonce.sb2.*)
 *(.rela.sbss2 .rela.sbss2.* .rela.gnu.linkonce.sb2.*)
 *(.rel.bss .rel.bss.* .rel.gnu.linkonce.b.*)
 *(.rela.bss .rela.bss.* .rela.gnu.linkonce.b.*)
 *(.rel.plt)
 *(.rela.plt)
 *(.rel.dyn)
 *(.init)
 *(.plt)
 *(.text .stub .text.* .gnu.linkonce.t.*)
 .text          0x0080019c       0x3c ../i2c_bsp//obj/HAL/src/crt0.o
                0x0080019c                _start
 .text          0x008001d8     0x28fc obj/default/MPU9250/mpu9250.o
                0x008001d8                getAres
                0x00800204                getGres
                0x00800230                readAccelData
                0x00800340                readGyroData
                0x00800450                initMPU9250
                0x008008d0                calibrateMPU9250
                0x00801950                MPU9250SelfTest
 .text          0x00802ad4      0x5c8 obj/default/hello_ucosii.o
                0x00802ad4                task1
                0x00802fc4                task2
                0x00802ff0                main
 .text          0x0080309c      0xa80 obj/default/i2c/I2C.o
                0x0080309c                I2C_Start
                0x008030d4                I2C_Stop
                0x0080310c                I2C_WriteToDevice
                0x00803204                I2C_WriteToDeviceRegister
                0x00803334                I2C_WriteMore
                0x008033f8                I2C_ReadFromDevice
                0x008034ec                I2C_ReadFromDeviceRegister
                0x00803648                I2C_ReadMore
                0x008036f4                i2c_selectAddress
                0x0080376c                i2c_start
                0x008037f4                i2c_stop
                0x0080386c                i2c_write
                0x008039b0                i2c_read
 .text          0x00803b1c      0x488 /OPT/altera/12.1/nios2eds/bin/gnu/H-i686-pc-linux-gnu/bin/../lib/gcc/nios2-elf/4.1.2/../../../../nios2-elf/lib/mno-hw-mul/libm.a(lib_a-w_pow.o)
                0x00803b1c                pow
 .text          0x00803fa4     0x1300 /OPT/altera/12.1/nios2eds/bin/gnu/H-i686-pc-linux-gnu/bin/../lib/gcc/nios2-elf/4.1.2/../../../../nios2-elf/lib/mno-hw-mul/libm.a(lib_a-e_pow.o)
                0x00803fa4                __ieee754_pow
 .text          0x008052a4      0x2c8 /OPT/altera/12.1/nios2eds/bin/gnu/H-i686-pc-linux-gnu/bin/../lib/gcc/nios2-elf/4.1.2/../../../../nios2-elf/lib/mno-hw-mul/libm.a(lib_a-e_sqrt.o)
                0x008052a4                __ieee754_sqrt
 .text          0x0080556c       0x18 /OPT/altera/12.1/nios2eds/bin/gnu/H-i686-pc-linux-gnu/bin/../lib/gcc/nios2-elf/4.1.2/../../../../nios2-elf/lib/mno-hw-mul/libm.a(lib_a-s_fabs.o)
                0x0080556c                fabs
 .text          0x00805584       0x1c /OPT/altera/12.1/nios2eds/bin/gnu/H-i686-pc-linux-gnu/bin/../lib/gcc/nios2-elf/4.1.2/../../../../nios2-elf/lib/mno-hw-mul/libm.a(lib_a-s_finite.o)
                0x00805584                finite
 .text          0x008055a0       0x30 /OPT/altera/12.1/nios2eds/bin/gnu/H-i686-pc-linux-gnu/bin/../lib/gcc/nios2-elf/4.1.2/../../../../nios2-elf/lib/mno-hw-mul/libm.a(lib_a-s_isnand.o)
                0x008055a0                __isnand
 .text          0x008055d0        0x0 /OPT/altera/12.1/nios2eds/bin/gnu/H-i686-pc-linux-gnu/bin/../lib/gcc/nios2-elf/4.1.2/../../../../nios2-elf/lib/mno-hw-mul/libm.a(lib_a-s_lib_ver.o)
 .text          0x008055d0        0x8 /OPT/altera/12.1/nios2eds/bin/gnu/H-i686-pc-linux-gnu/bin/../lib/gcc/nios2-elf/4.1.2/../../../../nios2-elf/lib/mno-hw-mul/libm.a(lib_a-s_matherr.o)
                0x008055d0                matherr
 .text          0x008055d8       0x10 /OPT/altera/12.1/nios2eds/bin/gnu/H-i686-pc-linux-gnu/bin/../lib/gcc/nios2-elf/4.1.2/../../../../nios2-elf/lib/mno-hw-mul/libm.a(lib_a-s_nan.o)
                0x008055d8                nan
 .text          0x008055e8      0x210 /OPT/altera/12.1/nios2eds/bin/gnu/H-i686-pc-linux-gnu/bin/../lib/gcc/nios2-elf/4.1.2/../../../../nios2-elf/lib/mno-hw-mul/libm.a(lib_a-s_rint.o)
                0x008055e8                rint
 .text          0x008057f8      0x1e0 /OPT/altera/12.1/nios2eds/bin/gnu/H-i686-pc-linux-gnu/bin/../lib/gcc/nios2-elf/4.1.2/../../../../nios2-elf/lib/mno-hw-mul/libm.a(lib_a-s_scalbn.o)
                0x008057f8                scalbn
 .text          0x008059d8       0x24 /OPT/altera/12.1/nios2eds/bin/gnu/H-i686-pc-linux-gnu/bin/../lib/gcc/nios2-elf/4.1.2/../../../../nios2-elf/lib/mno-hw-mul/libm.a(lib_a-s_copysign.o)
                0x008059d8                copysign
 .text          0x008059fc      0x1e0 /OPT/altera/12.1/nios2eds/bin/gnu/H-i686-pc-linux-gnu/bin/../lib/gcc/nios2-elf/4.1.2/mno-hw-mul/libgcc.a(_mul_sf.o)
                0x008059fc                __mulsf3
 .text          0x00805bdc      0x174 /OPT/altera/12.1/nios2eds/bin/gnu/H-i686-pc-linux-gnu/bin/../lib/gcc/nios2-elf/4.1.2/mno-hw-mul/libgcc.a(_div_sf.o)
                0x00805bdc                __divsf3
 .text          0x00805d50       0x98 /OPT/altera/12.1/nios2eds/bin/gnu/H-i686-pc-linux-gnu/bin/../lib/gcc/nios2-elf/4.1.2/mno-hw-mul/libgcc.a(_si_to_sf.o)
                0x00805d50                __floatsisf
 .text          0x00805de8       0x54 /OPT/altera/12.1/nios2eds/bin/gnu/H-i686-pc-linux-gnu/bin/../lib/gcc/nios2-elf/4.1.2/mno-hw-mul/libgcc.a(_sf_to_df.o)
                0x00805de8                __extendsfdf2
 .text          0x00805e3c        0x0 /OPT/altera/12.1/nios2eds/bin/gnu/H-i686-pc-linux-gnu/bin/../lib/gcc/nios2-elf/4.1.2/mno-hw-mul/libgcc.a(_thenan_sf.o)
 .text          0x00805e3c       0xc0 /OPT/altera/12.1/nios2eds/bin/gnu/H-i686-pc-linux-gnu/bin/../lib/gcc/nios2-elf/4.1.2/mno-hw-mul/libgcc.a(_usi_to_sf.o)
                0x00805e3c                __floatunsisf
 .text          0x00805efc      0x504 /OPT/altera/12.1/nios2eds/bin/gnu/H-i686-pc-linux-gnu/bin/../lib/gcc/nios2-elf/4.1.2/mno-hw-mul/libgcc.a(_addsub_df.o)
                0x0080630c                __subdf3
                0x0080638c                __adddf3
 .text          0x00806400      0x3c4 /OPT/altera/12.1/nios2eds/bin/gnu/H-i686-pc-linux-gnu/bin/../lib/gcc/nios2-elf/4.1.2/mno-hw-mul/libgcc.a(_mul_df.o)
                0x00806400                __muldf3
 .text          0x008067c4      0x258 /OPT/altera/12.1/nios2eds/bin/gnu/H-i686-pc-linux-gnu/bin/../lib/gcc/nios2-elf/4.1.2/mno-hw-mul/libgcc.a(_div_df.o)
                0x008067c4                __divdf3
 .text          0x00806a1c       0x88 /OPT/altera/12.1/nios2eds/bin/gnu/H-i686-pc-linux-gnu/bin/../lib/gcc/nios2-elf/4.1.2/mno-hw-mul/libgcc.a(_eq_df.o)
                0x00806a1c                __eqdf2
 .text          0x00806aa4       0x88 /OPT/altera/12.1/nios2eds/bin/gnu/H-i686-pc-linux-gnu/bin/../lib/gcc/nios2-elf/4.1.2/mno-hw-mul/libgcc.a(_ne_df.o)
                0x00806aa4                __nedf2
 .text          0x00806b2c       0x88 /OPT/altera/12.1/nios2eds/bin/gnu/H-i686-pc-linux-gnu/bin/../lib/gcc/nios2-elf/4.1.2/mno-hw-mul/libgcc.a(_gt_df.o)
                0x00806b2c                __gtdf2
 .text          0x00806bb4       0x88 /OPT/altera/12.1/nios2eds/bin/gnu/H-i686-pc-linux-gnu/bin/../lib/gcc/nios2-elf/4.1.2/mno-hw-mul/libgcc.a(_lt_df.o)
                0x00806bb4                __ltdf2
 .text          0x00806c3c       0x88 /OPT/altera/12.1/nios2eds/bin/gnu/H-i686-pc-linux-gnu/bin/../lib/gcc/nios2-elf/4.1.2/mno-hw-mul/libgcc.a(_le_df.o)
                0x00806c3c                __ledf2
 .text          0x00806cc4       0xf8 /OPT/altera/12.1/nios2eds/bin/gnu/H-i686-pc-linux-gnu/bin/../lib/gcc/nios2-elf/4.1.2/mno-hw-mul/libgcc.a(_si_to_df.o)
                0x00806cc4                __floatsidf
 .text          0x00806dbc       0x38 /OPT/altera/12.1/nios2eds/bin/gnu/H-i686-pc-linux-gnu/bin/../lib/gcc/nios2-elf/4.1.2/mno-hw-mul/libgcc.a(_make_df.o)
                0x00806dbc                __make_dp
 .text          0x00806df4       0x74 /OPT/altera/12.1/nios2eds/bin/gnu/H-i686-pc-linux-gnu/bin/../lib/gcc/nios2-elf/4.1.2/mno-hw-mul/libgcc.a(_df_to_sf.o)
                0x00806df4                __truncdfsf2
 .text          0x00806e68        0x0 /OPT/altera/12.1/nios2eds/bin/gnu/H-i686-pc-linux-gnu/bin/../lib/gcc/nios2-elf/4.1.2/mno-hw-mul/libgcc.a(_thenan_df.o)
 .text          0x00806e68      0x14c /OPT/altera/12.1/nios2eds/bin/gnu/H-i686-pc-linux-gnu/bin/../lib/gcc/nios2-elf/4.1.2/mno-hw-mul/libgcc.a(lib2-divmod.o)
                0x00806ee4                __divsi3
                0x00806f44                __modsi3
                0x00806fa4                __udivsi3
                0x00806fac                __umodsi3
 .text          0x00806fb4       0x38 /OPT/altera/12.1/nios2eds/bin/gnu/H-i686-pc-linux-gnu/bin/../lib/gcc/nios2-elf/4.1.2/mno-hw-mul/libgcc.a(lib2-mul.o)
                0x00806fb4                __mulsi3
 .text          0x00806fec      0x124 /OPT/altera/12.1/nios2eds/bin/gnu/H-i686-pc-linux-gnu/bin/../lib/gcc/nios2-elf/4.1.2/mno-hw-mul/libgcc.a(_muldi3.o)
                0x00806fec                __muldi3
 .text          0x00807110       0x80 /OPT/altera/12.1/nios2eds/bin/gnu/H-i686-pc-linux-gnu/bin/../lib/gcc/nios2-elf/4.1.2/mno-hw-mul/libgcc.a(_clzsi2.o)
                0x00807110                __clzsi2
 .text          0x00807190      0x160 /OPT/altera/12.1/nios2eds/bin/gnu/H-i686-pc-linux-gnu/bin/../lib/gcc/nios2-elf/4.1.2/mno-hw-mul/libgcc.a(_pack_sf.o)
                0x00807190                __pack_f
 .text          0x008072f0       0xc8 /OPT/altera/12.1/nios2eds/bin/gnu/H-i686-pc-linux-gnu/bin/../lib/gcc/nios2-elf/4.1.2/mno-hw-mul/libgcc.a(_unpack_sf.o)
                0x008072f0                __unpack_f
 .text          0x008073b8       0x2c /OPT/altera/12.1/nios2eds/bin/gnu/H-i686-pc-linux-gnu/bin/../lib/gcc/nios2-elf/4.1.2/mno-hw-mul/libgcc.a(_make_sf.o)
                0x008073b8                __make_fp
 .text          0x008073e4      0x314 /OPT/altera/12.1/nios2eds/bin/gnu/H-i686-pc-linux-gnu/bin/../lib/gcc/nios2-elf/4.1.2/mno-hw-mul/libgcc.a(_pack_df.o)
                0x008073e4                __pack_d
 .text          0x008076f8      0x138 /OPT/altera/12.1/nios2eds/bin/gnu/H-i686-pc-linux-gnu/bin/../lib/gcc/nios2-elf/4.1.2/mno-hw-mul/libgcc.a(_unpack_df.o)
                0x008076f8                __unpack_d
 .text          0x00807830       0xc8 /OPT/altera/12.1/nios2eds/bin/gnu/H-i686-pc-linux-gnu/bin/../lib/gcc/nios2-elf/4.1.2/mno-hw-mul/libgcc.a(_fpcmp_parts_df.o)
                0x00807830                __fpcmp_parts_d
 .text          0x008078f8        0x0 /OPT/altera/12.1/nios2eds/bin/gnu/H-i686-pc-linux-gnu/bin/../lib/gcc/nios2-elf/4.1.2/mno-hw-mul/libgcc.a(_clz.o)
 .text          0x008078f8       0x10 /OPT/altera/12.1/nios2eds/bin/gnu/H-i686-pc-linux-gnu/bin/../lib/gcc/nios2-elf/4.1.2/../../../../nios2-elf/lib/mno-hw-mul/libc.a(lib_a-errno.o)
                0x008078f8                __errno
 .text          0x00807908        0x0 /OPT/altera/12.1/nios2eds/bin/gnu/H-i686-pc-linux-gnu/bin/../lib/gcc/nios2-elf/4.1.2/../../../../nios2-elf/lib/mno-hw-mul/libc.a(lib_a-impure.o)
 .text          0x00807908       0x78 /OPT/altera/12.1/nios2eds/bin/gnu/H-i686-pc-linux-gnu/bin/../lib/gcc/nios2-elf/4.1.2/../../../../nios2-elf/lib/mno-hw-mul/libc.a(lib_a-printf.o)
                0x00807908                printf
                0x0080794c                _printf_r
 .text          0x00807980       0xb4 /OPT/altera/12.1/nios2eds/bin/gnu/H-i686-pc-linux-gnu/bin/../lib/gcc/nios2-elf/4.1.2/../../../../nios2-elf/lib/mno-hw-mul/libc.a(lib_a-puts.o)
                0x00807980                _puts_r
                0x00807a20                puts
 .text          0x00807a34       0x74 /OPT/altera/12.1/nios2eds/bin/gnu/H-i686-pc-linux-gnu/bin/../lib/gcc/nios2-elf/4.1.2/../../../../nios2-elf/lib/mno-hw-mul/libc.a(lib_a-strlen.o)
                0x00807a34                strlen
 .text          0x00807aa8     0x1f40 /OPT/altera/12.1/nios2eds/bin/gnu/H-i686-pc-linux-gnu/bin/../lib/gcc/nios2-elf/4.1.2/../../../../nios2-elf/lib/mno-hw-mul/libc.a(lib_a-vfprintf.o)
                0x00807b00                ___vfprintf_internal_r
                0x008099c4                __vfprintf_internal
 .text          0x008099e8      0x13c /OPT/altera/12.1/nios2eds/bin/gnu/H-i686-pc-linux-gnu/bin/../lib/gcc/nios2-elf/4.1.2/../../../../nios2-elf/lib/mno-hw-mul/libc.a(lib_a-wsetup.o)
                0x008099e8                __swsetup_r
 .text          0x00809b24     0x17f8 /OPT/altera/12.1/nios2eds/bin/gnu/H-i686-pc-linux-gnu/bin/../lib/gcc/nios2-elf/4.1.2/../../../../nios2-elf/lib/mno-hw-mul/libc.a(lib_a-dtoa.o)
                0x00809d68                _dtoa_r
 .text          0x0080b31c      0x230 /OPT/altera/12.1/nios2eds/bin/gnu/H-i686-pc-linux-gnu/bin/../lib/gcc/nios2-elf/4.1.2/../../../../nios2-elf/lib/mno-hw-mul/libc.a(lib_a-fflush.o)
                0x0080b31c                _fflush_r
                0x0080b518                fflush
 .text          0x0080b54c      0x2f4 /OPT/altera/12.1/nios2eds/bin/gnu/H-i686-pc-linux-gnu/bin/../lib/gcc/nios2-elf/4.1.2/../../../../nios2-elf/lib/mno-hw-mul/libc.a(lib_a-findfp.o)
                0x0080b5a4                __sfp_lock_acquire
                0x0080b5a8                __sfp_lock_release
                0x0080b5ac                __sinit_lock_acquire
                0x0080b5b0                __sinit_lock_release
                0x0080b5b4                __sinit
                0x0080b668                __fp_unlock_all
                0x0080b680                __fp_lock_all
                0x0080b698                _cleanup_r
                0x0080b6a4                _cleanup
                0x0080b6b4                __sfmoreglue
                0x0080b750                __sfp
 .text          0x0080b840      0x440 /OPT/altera/12.1/nios2eds/bin/gnu/H-i686-pc-linux-gnu/bin/../lib/gcc/nios2-elf/4.1.2/../../../../nios2-elf/lib/mno-hw-mul/libc.a(lib_a-freer.o)
                0x0080b840                _malloc_trim_r
                0x0080b96c                _free_r
 .text          0x0080bc80      0x49c /OPT/altera/12.1/nios2eds/bin/gnu/H-i686-pc-linux-gnu/bin/../lib/gcc/nios2-elf/4.1.2/../../../../nios2-elf/lib/mno-hw-mul/libc.a(lib_a-fvwrite.o)
                0x0080bc80                __sfvwrite_r
 .text          0x0080c11c      0x180 /OPT/altera/12.1/nios2eds/bin/gnu/H-i686-pc-linux-gnu/bin/../lib/gcc/nios2-elf/4.1.2/../../../../nios2-elf/lib/mno-hw-mul/libc.a(lib_a-fwalk.o)
                0x0080c11c                _fwalk_reent
                0x0080c1e4                _fwalk
 .text          0x0080c29c       0xc4 /OPT/altera/12.1/nios2eds/bin/gnu/H-i686-pc-linux-gnu/bin/../lib/gcc/nios2-elf/4.1.2/../../../../nios2-elf/lib/mno-hw-mul/libc.a(lib_a-locale.o)
                0x0080c29c                __locale_charset
                0x0080c2a4                _localeconv_r
                0x0080c2b0                localeconv
                0x0080c2c0                _setlocale_r
                0x0080c344                setlocale
 .text          0x0080c360      0x194 /OPT/altera/12.1/nios2eds/bin/gnu/H-i686-pc-linux-gnu/bin/../lib/gcc/nios2-elf/4.1.2/../../../../nios2-elf/lib/mno-hw-mul/libc.a(lib_a-makebuf.o)
                0x0080c360                __smakebuf_r
 .text          0x0080c4f4      0x740 /OPT/altera/12.1/nios2eds/bin/gnu/H-i686-pc-linux-gnu/bin/../lib/gcc/nios2-elf/4.1.2/../../../../nios2-elf/lib/mno-hw-mul/libc.a(lib_a-mallocr.o)
                0x0080c4f4                _malloc_r
 .text          0x0080cc34       0xe4 /OPT/altera/12.1/nios2eds/bin/gnu/H-i686-pc-linux-gnu/bin/../lib/gcc/nios2-elf/4.1.2/../../../../nios2-elf/lib/mno-hw-mul/libc.a(lib_a-memchr.o)
                0x0080cc34                memchr
 .text          0x0080cd18       0xa0 /OPT/altera/12.1/nios2eds/bin/gnu/H-i686-pc-linux-gnu/bin/../lib/gcc/nios2-elf/4.1.2/../../../../nios2-elf/lib/mno-hw-mul/libc.a(lib_a-memcpy.o)
                0x0080cd18                memcpy
 .text          0x0080cdb8       0xe0 /OPT/altera/12.1/nios2eds/bin/gnu/H-i686-pc-linux-gnu/bin/../lib/gcc/nios2-elf/4.1.2/../../../../nios2-elf/lib/mno-hw-mul/libc.a(lib_a-memmove.o)
                0x0080cdb8                memmove
 .text          0x0080ce98       0x98 /OPT/altera/12.1/nios2eds/bin/gnu/H-i686-pc-linux-gnu/bin/../lib/gcc/nios2-elf/4.1.2/../../../../nios2-elf/lib/mno-hw-mul/libc.a(lib_a-memset.o)
                0x0080ce98                memset
 .text          0x0080cf30     0x108c /OPT/altera/12.1/nios2eds/bin/gnu/H-i686-pc-linux-gnu/bin/../lib/gcc/nios2-elf/4.1.2/../../../../nios2-elf/lib/mno-hw-mul/libc.a(lib_a-mprec.o)
                0x0080cf30                _Bfree
                0x0080cf58                __hi0bits
                0x0080cfc8                __lo0bits
                0x0080d08c                __mcmp
                0x0080d0ec                __ulp
                0x0080d16c                __b2d
                0x0080d28c                __ratio
                0x0080d33c                _mprec_log10
                0x0080d3d0                __copybits
                0x0080d428                __any_on
                0x0080d4b0                _Balloc
                0x0080d56c                __d2b
                0x0080d6e8                __mdiff
                0x0080d874                __lshift
                0x0080d9c0                __multiply
                0x0080dc14                __i2b
                0x0080dc50                __multadd
                0x0080dd7c                __pow5mult
                0x0080de9c                __s2b
 .text          0x0080dfbc      0x5f4 /OPT/altera/12.1/nios2eds/bin/gnu/H-i686-pc-linux-gnu/bin/../lib/gcc/nios2-elf/4.1.2/../../../../nios2-elf/lib/mno-hw-mul/libc.a(lib_a-reallocr.o)
                0x0080dfbc                _realloc_r
 .text          0x0080e5b0       0x40 /OPT/altera/12.1/nios2eds/bin/gnu/H-i686-pc-linux-gnu/bin/../lib/gcc/nios2-elf/4.1.2/../../../../nios2-elf/lib/mno-hw-mul/libc.a(lib_a-s_isinfd.o)
                0x0080e5b0                __isinfd
 .text          0x0080e5f0       0x70 /OPT/altera/12.1/nios2eds/bin/gnu/H-i686-pc-linux-gnu/bin/../lib/gcc/nios2-elf/4.1.2/../../../../nios2-elf/lib/mno-hw-mul/libc.a(lib_a-sbrkr.o)
                0x0080e5f0                _sbrk_r
 .text          0x0080e660      0x14c /OPT/altera/12.1/nios2eds/bin/gnu/H-i686-pc-linux-gnu/bin/../lib/gcc/nios2-elf/4.1.2/../../../../nios2-elf/lib/mno-hw-mul/libc.a(lib_a-stdio.o)
                0x0080e660                __sclose
                0x0080e668                __sseek
                0x0080e6d0                __swrite
                0x0080e74c                __sread
 .text          0x0080e7ac       0xbc /OPT/altera/12.1/nios2eds/bin/gnu/H-i686-pc-linux-gnu/bin/../lib/gcc/nios2-elf/4.1.2/../../../../nios2-elf/lib/mno-hw-mul/libc.a(lib_a-strcmp.o)
                0x0080e7ac                strcmp
 .text          0x0080e868       0x78 /OPT/altera/12.1/nios2eds/bin/gnu/H-i686-pc-linux-gnu/bin/../lib/gcc/nios2-elf/4.1.2/../../../../nios2-elf/lib/mno-hw-mul/libc.a(lib_a-writer.o)
                0x0080e868                _write_r
 .text          0x0080e8e0       0xc8 /OPT/altera/12.1/nios2eds/bin/gnu/H-i686-pc-linux-gnu/bin/../lib/gcc/nios2-elf/4.1.2/../../../../nios2-elf/lib/mno-hw-mul/libc.a(lib_a-callocr.o)
                0x0080e8e0                _calloc_r
 .text          0x0080e9a8       0x70 /OPT/altera/12.1/nios2eds/bin/gnu/H-i686-pc-linux-gnu/bin/../lib/gcc/nios2-elf/4.1.2/../../../../nios2-elf/lib/mno-hw-mul/libc.a(lib_a-closer.o)
                0x0080e9a8                _close_r
 .text          0x0080ea18      0x124 /OPT/altera/12.1/nios2eds/bin/gnu/H-i686-pc-linux-gnu/bin/../lib/gcc/nios2-elf/4.1.2/../../../../nios2-elf/lib/mno-hw-mul/libc.a(lib_a-fclose.o)
                0x0080ea18                _fclose_r
                0x0080eb28                fclose
 .text          0x0080eb3c       0x74 /OPT/altera/12.1/nios2eds/bin/gnu/H-i686-pc-linux-gnu/bin/../lib/gcc/nios2-elf/4.1.2/../../../../nios2-elf/lib/mno-hw-mul/libc.a(lib_a-fstatr.o)
                0x0080eb3c                _fstat_r
 .text          0x0080ebb0        0x0 /OPT/altera/12.1/nios2eds/bin/gnu/H-i686-pc-linux-gnu/bin/../lib/gcc/nios2-elf/4.1.2/../../../../nios2-elf/lib/mno-hw-mul/libc.a(lib_a-int_errno.o)
 .text          0x0080ebb0       0x70 /OPT/altera/12.1/nios2eds/bin/gnu/H-i686-pc-linux-gnu/bin/../lib/gcc/nios2-elf/4.1.2/../../../../nios2-elf/lib/mno-hw-mul/libc.a(lib_a-isattyr.o)
                0x0080ebb0                _isatty_r
 .text          0x0080ec20       0x78 /OPT/altera/12.1/nios2eds/bin/gnu/H-i686-pc-linux-gnu/bin/../lib/gcc/nios2-elf/4.1.2/../../../../nios2-elf/lib/mno-hw-mul/libc.a(lib_a-lseekr.o)
                0x0080ec20                _lseek_r
 .text          0x0080ec98       0x78 /OPT/altera/12.1/nios2eds/bin/gnu/H-i686-pc-linux-gnu/bin/../lib/gcc/nios2-elf/4.1.2/../../../../nios2-elf/lib/mno-hw-mul/libc.a(lib_a-readr.o)
                0x0080ec98                _read_r
 .text          0x0080ed10      0x66c /OPT/altera/12.1/nios2eds/bin/gnu/H-i686-pc-linux-gnu/bin/../lib/gcc/nios2-elf/4.1.2/mno-hw-mul/libgcc.a(_udivdi3.o)
                0x0080ed10                __udivdi3
 .text          0x0080f37c      0x660 /OPT/altera/12.1/nios2eds/bin/gnu/H-i686-pc-linux-gnu/bin/../lib/gcc/nios2-elf/4.1.2/mno-hw-mul/libgcc.a(_umoddi3.o)
                0x0080f37c                __umoddi3
 .text          0x0080f9dc       0x88 /OPT/altera/12.1/nios2eds/bin/gnu/H-i686-pc-linux-gnu/bin/../lib/gcc/nios2-elf/4.1.2/mno-hw-mul/libgcc.a(_ge_df.o)
                0x0080f9dc                __gedf2
 .text          0x0080fa64       0xd8 /OPT/altera/12.1/nios2eds/bin/gnu/H-i686-pc-linux-gnu/bin/../lib/gcc/nios2-elf/4.1.2/mno-hw-mul/libgcc.a(_df_to_si.o)
                0x0080fa64                __fixdfsi
 .text          0x0080fb3c      0x194 /OPT/altera/12.1/nios2eds/bin/gnu/H-i686-pc-linux-gnu/bin/../lib/gcc/nios2-elf/4.1.2/mno-hw-mul/libgcc.a(_usi_to_df.o)
                0x0080fb3c                __floatunsidf
 .text          0x0080fcd0      0x160 ../i2c_bsp//libucosii_bsp.a(alt_close.o)
                0x0080fcd0                close
 .text          0x0080fe30       0x2c ../i2c_bsp//libucosii_bsp.a(alt_dev.o)
 .text          0x0080fe5c        0x0 ../i2c_bsp//libucosii_bsp.a(alt_errno.o)
 .text          0x0080fe5c      0x138 ../i2c_bsp//libucosii_bsp.a(alt_fstat.o)
                0x0080fe5c                fstat
 .text          0x0080ff94      0x124 ../i2c_bsp//libucosii_bsp.a(alt_isatty.o)
                0x0080ff94                isatty
 .text          0x008100b8       0xec ../i2c_bsp//libucosii_bsp.a(alt_load.o)
                0x008100b8                alt_load
 .text          0x008101a4      0x154 ../i2c_bsp//libucosii_bsp.a(alt_lseek.o)
                0x008101a4                lseek
 .text          0x008102f8       0xc8 ../i2c_bsp//libucosii_bsp.a(alt_main.o)
                0x008102f8                alt_main
 .text          0x008103c0      0x184 ../i2c_bsp//libucosii_bsp.a(alt_read.o)
                0x008103c0                read
 .text          0x00810544       0x78 ../i2c_bsp//libucosii_bsp.a(alt_release_fd.o)
                0x00810544                alt_release_fd
 .text          0x008105bc       0xbc ../i2c_bsp//libucosii_bsp.a(alt_sbrk.o)
                0x008105bc                sbrk
 .text          0x00810678      0x120 ../i2c_bsp//libucosii_bsp.a(alt_usleep.o)
                0x00810678                usleep
 .text          0x00810798      0x184 ../i2c_bsp//libucosii_bsp.a(alt_write.o)
                0x00810798                write
 .text          0x0081091c      0x108 ../i2c_bsp//libucosii_bsp.a(alt_env_lock.o)
                0x0081091c                __env_lock
                0x008109c8                __env_unlock
 .text          0x00810a24      0x1d8 ../i2c_bsp//libucosii_bsp.a(alt_malloc_lock.o)
                0x00810a24                __malloc_lock
                0x00810b2c                __malloc_unlock
 .text          0x00810bfc     0x2128 ../i2c_bsp//libucosii_bsp.a(os_core.o)
                0x00810bfc                OSEventNameGet
                0x00810d2c                OSEventNameSet
                0x00810e70                OSEventPendMulti
                0x00811524                OSInit
                0x00811578                OSIntEnter
                0x008115f4                OSIntExit
                0x008116f4                OSSchedLock
                0x00811780                OSSchedUnlock
                0x00811864                OSStart
                0x008118d4                OSStatInit
                0x00811980                OSTimeTick
                0x00811bc0                OSVersion
                0x00811be0                OS_Dummy
                0x00811bfc                OS_EventTaskRdy
                0x00811d90                OS_EventTaskWait
                0x00811ea0                OS_EventTaskWaitMulti
                0x00811ff4                OS_EventTaskRemove
                0x008120ac                OS_EventTaskRemoveMulti
                0x008121b0                OS_EventWaitListInit
                0x0081257c                OS_MemClr
                0x008125d0                OS_MemCopy
                0x0081263c                OS_Sched
                0x00812780                OS_StrCopy
                0x00812800                OS_StrLen
                0x00812858                OS_TaskIdle
                0x008128b4                OS_TaskStat
                0x0081297c                OS_TaskStatStkChk
                0x00812a44                OS_TCBInit
 .text          0x00812d24      0x18c ../i2c_bsp//libucosii_bsp.a(os_dbg.o)
                0x00812d24                OSDebugInit
 .text          0x00812eb0     0x193c ../i2c_bsp//libucosii_bsp.a(os_flag.o)
                0x00812eb0                OSFlagAccept
                0x008131e4                OSFlagCreate
                0x00813320                OSFlagDel
                0x008135c8                OSFlagNameGet
                0x0081370c                OSFlagNameSet
                0x00813860                OSFlagPend
                0x00813ea4                OSFlagPendGetFlagsRdy
                0x00813f0c                OSFlagPost
                0x008142b4                OSFlagQuery
                0x0081454c                OS_FlagInit
                0x00814740                OS_FlagUnlink
 .text          0x008147ec      0x80c ../i2c_bsp//libucosii_bsp.a(os_mem.o)
                0x008147ec                OSMemCreate
                0x00814a08                OSMemGet
                0x00814b0c                OSMemNameGet
                0x00814c18                OSMemNameSet
                0x00814d38                OSMemPut
                0x00814e28                OSMemQuery
                0x00814f24                OS_MemInit
 .text          0x00814ff8     0x1334 ../i2c_bsp//libucosii_bsp.a(os_q.o)
                0x00814ff8                OSQAccept
                0x0081514c                OSQCreate
                0x00815360                OSQDel
                0x00815660                OSQFlush
                0x00815728                OSQPend
                0x00815a48                OSQPendAbort
                0x00815bc4                OSQPost
                0x00815d44                OSQPostFront
                0x00815ecc                OSQPostOpt
                0x00816100                OSQQuery
                0x00816280                OS_QInit
 .text          0x0081632c      0xbc8 ../i2c_bsp//libucosii_bsp.a(os_sem.o)
                0x0081632c                OSSemAccept
                0x008163ec                OSSemCreate
                0x00816500                OSSemDel
                0x008167a0                OSSemPend
                0x00816a1c                OSSemPendAbort
                0x00816b98                OSSemPost
                0x00816cc0                OSSemQuery
                0x00816df0                OSSemSet
 .text          0x00816ef4     0x1a40 ../i2c_bsp//libucosii_bsp.a(os_task.o)
                0x00816ef4                OSTaskChangePrio
                0x00817468                OSTaskCreate
                0x0081763c                OSTaskCreateExt
                0x0081783c                OSTaskDel
                0x00817c48                OSTaskDelReq
                0x00817db8                OSTaskNameGet
                0x00817f70                OSTaskNameSet
                0x00818134                OSTaskResume
                0x0081834c                OSTaskStkChk
                0x00818548                OSTaskSuspend
                0x00818774                OSTaskQuery
                0x008188b8                OS_TaskStkClr
 .text          0x00818934      0x5b4 ../i2c_bsp//libucosii_bsp.a(os_time.o)
                0x00818934                OSTimeDly
                0x00818a80                OSTimeDlyHMSM
                0x00818c10                OSTimeDlyResume
                0x00818e20                OSTimeGet
                0x00818e84                OSTimeSet
 .text          0x00818ee8       0xf8 ../i2c_bsp//libucosii_bsp.a(alt_sys_init.o)
                0x00818ee8                alt_irq_init
                0x00818f1c                alt_sys_init
 .text          0x00818fe0      0x148 ../i2c_bsp//libucosii_bsp.a(altera_avalon_jtag_uart_fd.o)
                0x00818fe0                altera_avalon_jtag_uart_read_fd
                0x00819038                altera_avalon_jtag_uart_write_fd
                0x00819090                altera_avalon_jtag_uart_close_fd
                0x008190d8                altera_avalon_jtag_uart_ioctl_fd
 .text          0x00819128      0x584 ../i2c_bsp//libucosii_bsp.a(altera_avalon_jtag_uart_init.o)
                0x00819128                altera_avalon_jtag_uart_init
                0x00819638                altera_avalon_jtag_uart_close
 .text          0x008196ac       0xf4 ../i2c_bsp//libucosii_bsp.a(altera_avalon_jtag_uart_ioctl.o)
                0x008196ac                altera_avalon_jtag_uart_ioctl
 .text          0x008197a0      0x2c0 ../i2c_bsp//libucosii_bsp.a(altera_avalon_jtag_uart_read.o)
                0x008197a0                altera_avalon_jtag_uart_read
 .text          0x00819a60      0x2dc ../i2c_bsp//libucosii_bsp.a(altera_avalon_jtag_uart_write.o)
                0x00819a60                altera_avalon_jtag_uart_write
 .text          0x00819d3c      0x100 ../i2c_bsp//libucosii_bsp.a(altera_avalon_timer_sc.o)
                0x00819dac                alt_avalon_timer_sc_init
 .text          0x00819e3c      0x530 ../i2c_bsp//libucosii_bsp.a(altera_up_avalon_character_lcd.o)
                0x00819e3c                get_DDRAM_addr
                0x00819eb8                alt_up_character_lcd_send_cmd
                0x00819eec                alt_up_character_lcd_init
                0x00819f20                alt_up_character_lcd_open_dev
                0x00819f60                alt_up_character_lcd_write
                0x00819fd8                alt_up_character_lcd_string
                0x0081a050                alt_up_character_lcd_write_fd
                0x0081a09c                alt_up_character_lcd_set_cursor_pos
                0x0081a114                alt_up_character_lcd_shift_cursor
                0x0081a1c4                alt_up_character_lcd_shift_display
                0x0081a274                alt_up_character_lcd_erase_pos
                0x0081a304                alt_up_character_lcd_cursor_off
                0x0081a338                alt_up_character_lcd_cursor_blink_on
 .text          0x0081a36c      0x154 ../i2c_bsp//libucosii_bsp.a(alt_alarm_start.o)
                0x0081a36c                alt_alarm_start
 .text          0x0081a4c0      0x15c ../i2c_bsp//libucosii_bsp.a(alt_busy_sleep.o)
                0x0081a4c0                alt_busy_sleep
 .text          0x0081a61c       0x1c ../i2c_bsp//libucosii_bsp.a(alt_dcache_flush_all.o)
                0x0081a61c                alt_dcache_flush_all
 .text          0x0081a638      0x114 ../i2c_bsp//libucosii_bsp.a(alt_dev_llist_insert.o)
                0x0081a638                alt_dev_llist_insert
 .text          0x0081a74c       0x64 ../i2c_bsp//libucosii_bsp.a(alt_do_ctors.o)
                0x0081a74c                _do_ctors
 .text          0x0081a7b0       0x64 ../i2c_bsp//libucosii_bsp.a(alt_do_dtors.o)
                0x0081a7b0                _do_dtors
 .text          0x0081a814       0x94 ../i2c_bsp//libucosii_bsp.a(alt_find_dev.o)
                0x0081a814                alt_find_dev
 .text          0x0081a8a8       0x1c ../i2c_bsp//libucosii_bsp.a(alt_icache_flush_all.o)
                0x0081a8a8                alt_icache_flush_all
 .text          0x0081a8c4      0x1d4 ../i2c_bsp//libucosii_bsp.a(alt_iic.o)
                0x0081a8c4                alt_ic_isr_register
                0x0081a914                alt_ic_irq_enable
                0x0081a9b0                alt_ic_irq_disable
                0x0081aa50                alt_ic_irq_enabled
 .text          0x0081aa98       0xf8 ../i2c_bsp//libucosii_bsp.a(alt_iic_isr_register.o)
                0x0081aa98                alt_iic_isr_register
 .text          0x0081ab90      0x150 ../i2c_bsp//libucosii_bsp.a(alt_io_redirect.o)
                0x0081ac68                alt_io_redirect
 .text          0x0081ace0        0x0 ../i2c_bsp//libucosii_bsp.a(alt_irq_entry.o)
 .text          0x0081ace0        0x0 ../i2c_bsp//libucosii_bsp.a(alt_irq_handler.o)
 .text          0x0081ace0        0x0 ../i2c_bsp//libucosii_bsp.a(alt_irq_vars.o)
 .text          0x0081ace0      0x2e4 ../i2c_bsp//libucosii_bsp.a(alt_open.o)
                0x0081add8                open
 .text          0x0081afc4      0x1a8 ../i2c_bsp//libucosii_bsp.a(alt_tick.o)
                0x0081afc4                alt_alarm_stop
                0x0081b05c                alt_tick
 .text          0x0081b16c       0x20 ../i2c_bsp//libucosii_bsp.a(altera_nios2_qsys_irq.o)
                0x0081b16c                altera_nios2_qsys_irq_init
 .text          0x0081b18c       0xd0 ../i2c_bsp//libucosii_bsp.a(os_cpu_a.o)
                0x0081b18c                OSCtxSw
                0x0081b18c                OSIntCtxSw
                0x0081b218                OSStartHighRdy
                0x0081b238                OSStartTsk
 .text          0x0081b25c      0x418 ../i2c_bsp//libucosii_bsp.a(os_cpu_c.o)
                0x0081b25c                OSTaskStkInit
                0x0081b56c                OSTaskCreateHook
                0x0081b58c                OSTaskDelHook
                0x0081b5ac                OSTaskSwHook
                0x0081b5c8                OSTaskStatHook
                0x0081b5e4                OSTimeTickHook
                0x0081b600                OSInitHookBegin
                0x0081b61c                OSInitHookEnd
                0x0081b638                OSTaskIdleHook
                0x0081b654                OSTCBInitHook
 .text          0x0081b674        0x0 ../i2c_bsp//libucosii_bsp.a(alt_exception_entry.o)
 .text          0x0081b674      0x120 ../i2c_bsp//libucosii_bsp.a(alt_find_file.o)
                0x0081b674                alt_find_file
 .text          0x0081b794      0x104 ../i2c_bsp//libucosii_bsp.a(alt_get_fd.o)
                0x0081b794                alt_get_fd
 .text          0x0081b898       0x14 /OPT/altera/12.1/nios2eds/bin/gnu/H-i686-pc-linux-gnu/bin/../lib/gcc/nios2-elf/4.1.2/../../../../nios2-elf/lib/mno-hw-mul/libc.a(lib_a-atexit.o)
                0x0081b898                atexit
 .text          0x0081b8ac       0x38 /OPT/altera/12.1/nios2eds/bin/gnu/H-i686-pc-linux-gnu/bin/../lib/gcc/nios2-elf/4.1.2/../../../../nios2-elf/lib/mno-hw-mul/libc.a(lib_a-exit.o)
                0x0081b8ac                exit
 .text          0x0081b8e4       0x74 /OPT/altera/12.1/nios2eds/bin/gnu/H-i686-pc-linux-gnu/bin/../lib/gcc/nios2-elf/4.1.2/../../../../nios2-elf/lib/mno-hw-mul/libc.a(lib_a-memcmp.o)
                0x0081b8e4                memcmp
 .text          0x0081b958      0x134 /OPT/altera/12.1/nios2eds/bin/gnu/H-i686-pc-linux-gnu/bin/../lib/gcc/nios2-elf/4.1.2/../../../../nios2-elf/lib/mno-hw-mul/libc.a(lib_a-__atexit.o)
                0x0081b958                __register_exitproc
 .text          0x0081ba8c      0x1b4 /OPT/altera/12.1/nios2eds/bin/gnu/H-i686-pc-linux-gnu/bin/../lib/gcc/nios2-elf/4.1.2/../../../../nios2-elf/lib/mno-hw-mul/libc.a(lib_a-__call_atexit.o)
                0x0081ba90                __call_exitprocs
 .text          0x0081bc40       0x6c ../i2c_bsp//libucosii_bsp.a(alt_exit.o)
                0x0081bc80                _exit
 *(.gnu.warning.*)
 *(.fini)
                0x0081bcac                PROVIDE (__etext, ABSOLUTE (.))
                0x0081bcac                PROVIDE (_etext, ABSOLUTE (.))
                0x0081bcac                PROVIDE (etext, ABSOLUTE (.))
 *(.eh_frame_hdr)
                0x0081bcac                . = ALIGN (0x4)
                0x0081bcac                PROVIDE (__preinit_array_start, ABSOLUTE (.))
 *(.preinit_array)
                0x0081bcac                PROVIDE (__preinit_array_end, ABSOLUTE (.))
                0x0081bcac                PROVIDE (__init_array_start, ABSOLUTE (.))
 *(.init_array)
                0x0081bcac                PROVIDE (__init_array_end, ABSOLUTE (.))
                0x0081bcac                PROVIDE (__fini_array_start, ABSOLUTE (.))
 *(.fini_array)
                0x0081bcac                PROVIDE (__fini_array_end, ABSOLUTE (.))
 *(.eh_frame)
 *(.gcc_except_table)
 *(.dynamic)
                0x0081bcac                PROVIDE (__CTOR_LIST__, ABSOLUTE (.))
 *(.ctors)
 *(SORT(.ctors.*))
 .ctors.65535   0x0081bcac        0x4 /OPT/altera/12.1/nios2eds/bin/gnu/H-i686-pc-linux-gnu/bin/../lib/gcc/nios2-elf/4.1.2/../../../../nios2-elf/lib/mno-hw-mul/libc.a(lib_a-__call_atexit.o)
                0x0081bcb0                PROVIDE (__CTOR_END__, ABSOLUTE (.))
                0x0081bcb0                PROVIDE (__DTOR_LIST__, ABSOLUTE (.))
 *(.dtors)
 *(SORT(.dtors.*))
                0x0081bcb0                PROVIDE (__DTOR_END__, ABSOLUTE (.))
 *(.jcr)
                0x0081bcb0                . = ALIGN (0x4)

.rodata         0x0081bcb0      0x7e0
                0x0081bcb0                PROVIDE (__ram_rodata_start, ABSOLUTE (.))
                0x0081bcb0                . = ALIGN (0x4)
 *(.rodata .rodata.* .gnu.linkonce.r.*)
 .rodata        0x0081bcb0       0x20 obj/default/MPU9250/mpu9250.o
 .rodata        0x0081bcd0      0x1ec obj/default/hello_ucosii.o
 .rodata        0x0081bebc       0xd0 obj/default/i2c/I2C.o
 .rodata.str1.4
                0x0081bf8c        0x4 /OPT/altera/12.1/nios2eds/bin/gnu/H-i686-pc-linux-gnu/bin/../lib/gcc/nios2-elf/4.1.2/../../../../nios2-elf/lib/mno-hw-mul/libm.a(lib_a-w_pow.o)
 .rodata.str1.4
                0x00000000        0x4 /OPT/altera/12.1/nios2eds/bin/gnu/H-i686-pc-linux-gnu/bin/../lib/gcc/nios2-elf/4.1.2/../../../../nios2-elf/lib/mno-hw-mul/libm.a(lib_a-e_pow.o)
 .rodata        0x0081bf90       0x30 /OPT/altera/12.1/nios2eds/bin/gnu/H-i686-pc-linux-gnu/bin/../lib/gcc/nios2-elf/4.1.2/../../../../nios2-elf/lib/mno-hw-mul/libm.a(lib_a-e_pow.o)
 .rodata        0x0081bfc0       0x10 /OPT/altera/12.1/nios2eds/bin/gnu/H-i686-pc-linux-gnu/bin/../lib/gcc/nios2-elf/4.1.2/../../../../nios2-elf/lib/mno-hw-mul/libm.a(lib_a-s_rint.o)
 .rodata        0x0081bfd0       0x10 /OPT/altera/12.1/nios2eds/bin/gnu/H-i686-pc-linux-gnu/bin/../lib/gcc/nios2-elf/4.1.2/mno-hw-mul/libgcc.a(_thenan_sf.o)
                0x0081bfd0                __thenan_sf
 .rodata        0x0081bfe0       0x14 /OPT/altera/12.1/nios2eds/bin/gnu/H-i686-pc-linux-gnu/bin/../lib/gcc/nios2-elf/4.1.2/mno-hw-mul/libgcc.a(_thenan_df.o)
                0x0081bfe0                __thenan_df
 .rodata        0x0081bff4      0x100 /OPT/altera/12.1/nios2eds/bin/gnu/H-i686-pc-linux-gnu/bin/../lib/gcc/nios2-elf/4.1.2/mno-hw-mul/libgcc.a(_clz.o)
                0x0081bff4                __clz_tab
 .rodata.str1.4
                0x0081c0f4        0x2 /OPT/altera/12.1/nios2eds/bin/gnu/H-i686-pc-linux-gnu/bin/../lib/gcc/nios2-elf/4.1.2/../../../../nios2-elf/lib/mno-hw-mul/libc.a(lib_a-impure.o)
                                  0x4 (size before relaxing)
 *fill*         0x0081c0f6        0x2 00
 .rodata.str1.4
                0x0081c0f8        0x2 /OPT/altera/12.1/nios2eds/bin/gnu/H-i686-pc-linux-gnu/bin/../lib/gcc/nios2-elf/4.1.2/../../../../nios2-elf/lib/mno-hw-mul/libc.a(lib_a-puts.o)
                                  0x4 (size before relaxing)
 *fill*         0x0081c0fa        0x2 00
 .rodata.str1.4
                0x0081c0fc       0x5e /OPT/altera/12.1/nios2eds/bin/gnu/H-i686-pc-linux-gnu/bin/../lib/gcc/nios2-elf/4.1.2/../../../../nios2-elf/lib/mno-hw-mul/libc.a(lib_a-vfprintf.o)
                                 0x60 (size before relaxing)
 .rodata        0x0081c15a       0x20 /OPT/altera/12.1/nios2eds/bin/gnu/H-i686-pc-linux-gnu/bin/../lib/gcc/nios2-elf/4.1.2/../../../../nios2-elf/lib/mno-hw-mul/libc.a(lib_a-vfprintf.o)
 *fill*         0x0081c17a        0x2 00
 .rodata.str1.4
                0x0081c17c       0x10 /OPT/altera/12.1/nios2eds/bin/gnu/H-i686-pc-linux-gnu/bin/../lib/gcc/nios2-elf/4.1.2/../../../../nios2-elf/lib/mno-hw-mul/libc.a(lib_a-dtoa.o)
                                 0x14 (size before relaxing)
 .rodata.str1.4
                0x0081c18c       0x10 /OPT/altera/12.1/nios2eds/bin/gnu/H-i686-pc-linux-gnu/bin/../lib/gcc/nios2-elf/4.1.2/../../../../nios2-elf/lib/mno-hw-mul/libc.a(lib_a-locale.o)
                                 0x18 (size before relaxing)
 .rodata        0x0081c19c       0x30 /OPT/altera/12.1/nios2eds/bin/gnu/H-i686-pc-linux-gnu/bin/../lib/gcc/nios2-elf/4.1.2/../../../../nios2-elf/lib/mno-hw-mul/libc.a(lib_a-locale.o)
 .rodata        0x0081c1cc      0x124 /OPT/altera/12.1/nios2eds/bin/gnu/H-i686-pc-linux-gnu/bin/../lib/gcc/nios2-elf/4.1.2/../../../../nios2-elf/lib/mno-hw-mul/libc.a(lib_a-mprec.o)
                0x0081c1cc                __mprec_tens
                0x0081c294                __mprec_bigtens
                0x0081c2bc                __mprec_tinytens
 .rodata        0x0081c2f0        0xc ../i2c_bsp//libucosii_bsp.a(alt_dev.o)
 .rodata        0x0081c2fc       0x14 ../i2c_bsp//libucosii_bsp.a(alt_main.o)
 .rodata        0x0081c310      0x120 ../i2c_bsp//libucosii_bsp.a(os_core.o)
                0x0081c310                OSUnMapTbl
 .rodata        0x0081c430       0x5c ../i2c_bsp//libucosii_bsp.a(alt_sys_init.o)
 .rodata        0x0081c48c        0x4 ../i2c_bsp//libucosii_bsp.a(os_cpu_c.o)
 *(.rodata1)
                0x0081c490                . = ALIGN (0x4)
                0x0081c490                PROVIDE (__ram_rodata_end, ABSOLUTE (.))
                0x0081bcb0                PROVIDE (__flash_rodata_start, LOADADDR (.rodata))

.rwdata         0x0081c490     0x1b74 load address 0x0081e004
                0x0081c490                PROVIDE (__ram_rwdata_start, ABSOLUTE (.))
                0x0081c490                . = ALIGN (0x4)
 *(.got.plt)
 *(.got)
 *(.data1)
 *(.data .data.* .gnu.linkonce.d.*)
 .data          0x0081c490        0x0 ../i2c_bsp//obj/HAL/src/crt0.o
 .data          0x0081c490        0x0 obj/default/MPU9250/mpu9250.o
 .data          0x0081c490        0x0 obj/default/hello_ucosii.o
 .data          0x0081c490        0x0 obj/default/i2c/I2C.o
 .data          0x0081c490        0x0 /OPT/altera/12.1/nios2eds/bin/gnu/H-i686-pc-linux-gnu/bin/../lib/gcc/nios2-elf/4.1.2/../../../../nios2-elf/lib/mno-hw-mul/libm.a(lib_a-w_pow.o)
 .data          0x0081c490        0x0 /OPT/altera/12.1/nios2eds/bin/gnu/H-i686-pc-linux-gnu/bin/../lib/gcc/nios2-elf/4.1.2/../../../../nios2-elf/lib/mno-hw-mul/libm.a(lib_a-e_pow.o)
 .data          0x0081c490        0x0 /OPT/altera/12.1/nios2eds/bin/gnu/H-i686-pc-linux-gnu/bin/../lib/gcc/nios2-elf/4.1.2/../../../../nios2-elf/lib/mno-hw-mul/libm.a(lib_a-e_sqrt.o)
 .data          0x0081c490        0x0 /OPT/altera/12.1/nios2eds/bin/gnu/H-i686-pc-linux-gnu/bin/../lib/gcc/nios2-elf/4.1.2/../../../../nios2-elf/lib/mno-hw-mul/libm.a(lib_a-s_fabs.o)
 .data          0x0081c490        0x0 /OPT/altera/12.1/nios2eds/bin/gnu/H-i686-pc-linux-gnu/bin/../lib/gcc/nios2-elf/4.1.2/../../../../nios2-elf/lib/mno-hw-mul/libm.a(lib_a-s_finite.o)
 .data          0x0081c490        0x0 /OPT/altera/12.1/nios2eds/bin/gnu/H-i686-pc-linux-gnu/bin/../lib/gcc/nios2-elf/4.1.2/../../../../nios2-elf/lib/mno-hw-mul/libm.a(lib_a-s_isnand.o)
 .data          0x0081c490        0x0 /OPT/altera/12.1/nios2eds/bin/gnu/H-i686-pc-linux-gnu/bin/../lib/gcc/nios2-elf/4.1.2/../../../../nios2-elf/lib/mno-hw-mul/libm.a(lib_a-s_lib_ver.o)
 .data          0x0081c490        0x0 /OPT/altera/12.1/nios2eds/bin/gnu/H-i686-pc-linux-gnu/bin/../lib/gcc/nios2-elf/4.1.2/../../../../nios2-elf/lib/mno-hw-mul/libm.a(lib_a-s_matherr.o)
 .data          0x0081c490        0x0 /OPT/altera/12.1/nios2eds/bin/gnu/H-i686-pc-linux-gnu/bin/../lib/gcc/nios2-elf/4.1.2/../../../../nios2-elf/lib/mno-hw-mul/libm.a(lib_a-s_nan.o)
 .data          0x0081c490        0x0 /OPT/altera/12.1/nios2eds/bin/gnu/H-i686-pc-linux-gnu/bin/../lib/gcc/nios2-elf/4.1.2/../../../../nios2-elf/lib/mno-hw-mul/libm.a(lib_a-s_rint.o)
 .data          0x0081c490        0x0 /OPT/altera/12.1/nios2eds/bin/gnu/H-i686-pc-linux-gnu/bin/../lib/gcc/nios2-elf/4.1.2/../../../../nios2-elf/lib/mno-hw-mul/libm.a(lib_a-s_scalbn.o)
 .data          0x0081c490        0x0 /OPT/altera/12.1/nios2eds/bin/gnu/H-i686-pc-linux-gnu/bin/../lib/gcc/nios2-elf/4.1.2/../../../../nios2-elf/lib/mno-hw-mul/libm.a(lib_a-s_copysign.o)
 .data          0x0081c490        0x0 /OPT/altera/12.1/nios2eds/bin/gnu/H-i686-pc-linux-gnu/bin/../lib/gcc/nios2-elf/4.1.2/mno-hw-mul/libgcc.a(_mul_sf.o)
 .data          0x0081c490        0x0 /OPT/altera/12.1/nios2eds/bin/gnu/H-i686-pc-linux-gnu/bin/../lib/gcc/nios2-elf/4.1.2/mno-hw-mul/libgcc.a(_div_sf.o)
 .data          0x0081c490        0x0 /OPT/altera/12.1/nios2eds/bin/gnu/H-i686-pc-linux-gnu/bin/../lib/gcc/nios2-elf/4.1.2/mno-hw-mul/libgcc.a(_si_to_sf.o)
 .data          0x0081c490        0x0 /OPT/altera/12.1/nios2eds/bin/gnu/H-i686-pc-linux-gnu/bin/../lib/gcc/nios2-elf/4.1.2/mno-hw-mul/libgcc.a(_sf_to_df.o)
 .data          0x0081c490        0x0 /OPT/altera/12.1/nios2eds/bin/gnu/H-i686-pc-linux-gnu/bin/../lib/gcc/nios2-elf/4.1.2/mno-hw-mul/libgcc.a(_thenan_sf.o)
 .data          0x0081c490        0x0 /OPT/altera/12.1/nios2eds/bin/gnu/H-i686-pc-linux-gnu/bin/../lib/gcc/nios2-elf/4.1.2/mno-hw-mul/libgcc.a(_usi_to_sf.o)
 .data          0x0081c490        0x0 /OPT/altera/12.1/nios2eds/bin/gnu/H-i686-pc-linux-gnu/bin/../lib/gcc/nios2-elf/4.1.2/mno-hw-mul/libgcc.a(_addsub_df.o)
 .data          0x0081c490        0x0 /OPT/altera/12.1/nios2eds/bin/gnu/H-i686-pc-linux-gnu/bin/../lib/gcc/nios2-elf/4.1.2/mno-hw-mul/libgcc.a(_mul_df.o)
 .data          0x0081c490        0x0 /OPT/altera/12.1/nios2eds/bin/gnu/H-i686-pc-linux-gnu/bin/../lib/gcc/nios2-elf/4.1.2/mno-hw-mul/libgcc.a(_div_df.o)
 .data          0x0081c490        0x0 /OPT/altera/12.1/nios2eds/bin/gnu/H-i686-pc-linux-gnu/bin/../lib/gcc/nios2-elf/4.1.2/mno-hw-mul/libgcc.a(_eq_df.o)
 .data          0x0081c490        0x0 /OPT/altera/12.1/nios2eds/bin/gnu/H-i686-pc-linux-gnu/bin/../lib/gcc/nios2-elf/4.1.2/mno-hw-mul/libgcc.a(_ne_df.o)
 .data          0x0081c490        0x0 /OPT/altera/12.1/nios2eds/bin/gnu/H-i686-pc-linux-gnu/bin/../lib/gcc/nios2-elf/4.1.2/mno-hw-mul/libgcc.a(_gt_df.o)
 .data          0x0081c490        0x0 /OPT/altera/12.1/nios2eds/bin/gnu/H-i686-pc-linux-gnu/bin/../lib/gcc/nios2-elf/4.1.2/mno-hw-mul/libgcc.a(_lt_df.o)
 .data          0x0081c490        0x0 /OPT/altera/12.1/nios2eds/bin/gnu/H-i686-pc-linux-gnu/bin/../lib/gcc/nios2-elf/4.1.2/mno-hw-mul/libgcc.a(_le_df.o)
 .data          0x0081c490        0x0 /OPT/altera/12.1/nios2eds/bin/gnu/H-i686-pc-linux-gnu/bin/../lib/gcc/nios2-elf/4.1.2/mno-hw-mul/libgcc.a(_si_to_df.o)
 .data          0x0081c490        0x0 /OPT/altera/12.1/nios2eds/bin/gnu/H-i686-pc-linux-gnu/bin/../lib/gcc/nios2-elf/4.1.2/mno-hw-mul/libgcc.a(_make_df.o)
 .data          0x0081c490        0x0 /OPT/altera/12.1/nios2eds/bin/gnu/H-i686-pc-linux-gnu/bin/../lib/gcc/nios2-elf/4.1.2/mno-hw-mul/libgcc.a(_df_to_sf.o)
 .data          0x0081c490        0x0 /OPT/altera/12.1/nios2eds/bin/gnu/H-i686-pc-linux-gnu/bin/../lib/gcc/nios2-elf/4.1.2/mno-hw-mul/libgcc.a(_thenan_df.o)
 .data          0x0081c490        0x0 /OPT/altera/12.1/nios2eds/bin/gnu/H-i686-pc-linux-gnu/bin/../lib/gcc/nios2-elf/4.1.2/mno-hw-mul/libgcc.a(lib2-divmod.o)
 .data          0x0081c490        0x0 /OPT/altera/12.1/nios2eds/bin/gnu/H-i686-pc-linux-gnu/bin/../lib/gcc/nios2-elf/4.1.2/mno-hw-mul/libgcc.a(lib2-mul.o)
 .data          0x0081c490        0x0 /OPT/altera/12.1/nios2eds/bin/gnu/H-i686-pc-linux-gnu/bin/../lib/gcc/nios2-elf/4.1.2/mno-hw-mul/libgcc.a(_muldi3.o)
 .data          0x0081c490        0x0 /OPT/altera/12.1/nios2eds/bin/gnu/H-i686-pc-linux-gnu/bin/../lib/gcc/nios2-elf/4.1.2/mno-hw-mul/libgcc.a(_clzsi2.o)
 .data          0x0081c490        0x0 /OPT/altera/12.1/nios2eds/bin/gnu/H-i686-pc-linux-gnu/bin/../lib/gcc/nios2-elf/4.1.2/mno-hw-mul/libgcc.a(_pack_sf.o)
 .data          0x0081c490        0x0 /OPT/altera/12.1/nios2eds/bin/gnu/H-i686-pc-linux-gnu/bin/../lib/gcc/nios2-elf/4.1.2/mno-hw-mul/libgcc.a(_unpack_sf.o)
 .data          0x0081c490        0x0 /OPT/altera/12.1/nios2eds/bin/gnu/H-i686-pc-linux-gnu/bin/../lib/gcc/nios2-elf/4.1.2/mno-hw-mul/libgcc.a(_make_sf.o)
 .data          0x0081c490        0x0 /OPT/altera/12.1/nios2eds/bin/gnu/H-i686-pc-linux-gnu/bin/../lib/gcc/nios2-elf/4.1.2/mno-hw-mul/libgcc.a(_pack_df.o)
 .data          0x0081c490        0x0 /OPT/altera/12.1/nios2eds/bin/gnu/H-i686-pc-linux-gnu/bin/../lib/gcc/nios2-elf/4.1.2/mno-hw-mul/libgcc.a(_unpack_df.o)
 .data          0x0081c490        0x0 /OPT/altera/12.1/nios2eds/bin/gnu/H-i686-pc-linux-gnu/bin/../lib/gcc/nios2-elf/4.1.2/mno-hw-mul/libgcc.a(_fpcmp_parts_df.o)
 .data          0x0081c490        0x0 /OPT/altera/12.1/nios2eds/bin/gnu/H-i686-pc-linux-gnu/bin/../lib/gcc/nios2-elf/4.1.2/mno-hw-mul/libgcc.a(_clz.o)
 .data          0x0081c490        0x0 /OPT/altera/12.1/nios2eds/bin/gnu/H-i686-pc-linux-gnu/bin/../lib/gcc/nios2-elf/4.1.2/../../../../nios2-elf/lib/mno-hw-mul/libc.a(lib_a-errno.o)
 .data          0x0081c490      0x400 /OPT/altera/12.1/nios2eds/bin/gnu/H-i686-pc-linux-gnu/bin/../lib/gcc/nios2-elf/4.1.2/../../../../nios2-elf/lib/mno-hw-mul/libc.a(lib_a-impure.o)
 .data          0x0081c890        0x0 /OPT/altera/12.1/nios2eds/bin/gnu/H-i686-pc-linux-gnu/bin/../lib/gcc/nios2-elf/4.1.2/../../../../nios2-elf/lib/mno-hw-mul/libc.a(lib_a-printf.o)
 .data          0x0081c890        0x0 /OPT/altera/12.1/nios2eds/bin/gnu/H-i686-pc-linux-gnu/bin/../lib/gcc/nios2-elf/4.1.2/../../../../nios2-elf/lib/mno-hw-mul/libc.a(lib_a-puts.o)
 .data          0x0081c890        0x0 /OPT/altera/12.1/nios2eds/bin/gnu/H-i686-pc-linux-gnu/bin/../lib/gcc/nios2-elf/4.1.2/../../../../nios2-elf/lib/mno-hw-mul/libc.a(lib_a-strlen.o)
 .data          0x0081c890        0x0 /OPT/altera/12.1/nios2eds/bin/gnu/H-i686-pc-linux-gnu/bin/../lib/gcc/nios2-elf/4.1.2/../../../../nios2-elf/lib/mno-hw-mul/libc.a(lib_a-vfprintf.o)
 .data          0x0081c890        0x0 /OPT/altera/12.1/nios2eds/bin/gnu/H-i686-pc-linux-gnu/bin/../lib/gcc/nios2-elf/4.1.2/../../../../nios2-elf/lib/mno-hw-mul/libc.a(lib_a-wsetup.o)
 .data          0x0081c890        0x0 /OPT/altera/12.1/nios2eds/bin/gnu/H-i686-pc-linux-gnu/bin/../lib/gcc/nios2-elf/4.1.2/../../../../nios2-elf/lib/mno-hw-mul/libc.a(lib_a-dtoa.o)
 .data          0x0081c890        0x0 /OPT/altera/12.1/nios2eds/bin/gnu/H-i686-pc-linux-gnu/bin/../lib/gcc/nios2-elf/4.1.2/../../../../nios2-elf/lib/mno-hw-mul/libc.a(lib_a-fflush.o)
 .data          0x0081c890        0x0 /OPT/altera/12.1/nios2eds/bin/gnu/H-i686-pc-linux-gnu/bin/../lib/gcc/nios2-elf/4.1.2/../../../../nios2-elf/lib/mno-hw-mul/libc.a(lib_a-findfp.o)
 .data          0x0081c890        0x0 /OPT/altera/12.1/nios2eds/bin/gnu/H-i686-pc-linux-gnu/bin/../lib/gcc/nios2-elf/4.1.2/../../../../nios2-elf/lib/mno-hw-mul/libc.a(lib_a-freer.o)
 .data          0x0081c890        0x0 /OPT/altera/12.1/nios2eds/bin/gnu/H-i686-pc-linux-gnu/bin/../lib/gcc/nios2-elf/4.1.2/../../../../nios2-elf/lib/mno-hw-mul/libc.a(lib_a-fvwrite.o)
 .data          0x0081c890        0x0 /OPT/altera/12.1/nios2eds/bin/gnu/H-i686-pc-linux-gnu/bin/../lib/gcc/nios2-elf/4.1.2/../../../../nios2-elf/lib/mno-hw-mul/libc.a(lib_a-fwalk.o)
 .data          0x0081c890        0xc /OPT/altera/12.1/nios2eds/bin/gnu/H-i686-pc-linux-gnu/bin/../lib/gcc/nios2-elf/4.1.2/../../../../nios2-elf/lib/mno-hw-mul/libc.a(lib_a-locale.o)
                0x0081c890                __lc_ctype
 .data          0x0081c89c        0x0 /OPT/altera/12.1/nios2eds/bin/gnu/H-i686-pc-linux-gnu/bin/../lib/gcc/nios2-elf/4.1.2/../../../../nios2-elf/lib/mno-hw-mul/libc.a(lib_a-makebuf.o)
 .data          0x0081c89c      0x408 /OPT/altera/12.1/nios2eds/bin/gnu/H-i686-pc-linux-gnu/bin/../lib/gcc/nios2-elf/4.1.2/../../../../nios2-elf/lib/mno-hw-mul/libc.a(lib_a-mallocr.o)
                0x0081c89c                __malloc_av_
 .data          0x0081cca4        0x0 /OPT/altera/12.1/nios2eds/bin/gnu/H-i686-pc-linux-gnu/bin/../lib/gcc/nios2-elf/4.1.2/../../../../nios2-elf/lib/mno-hw-mul/libc.a(lib_a-memchr.o)
 .data          0x0081cca4        0x0 /OPT/altera/12.1/nios2eds/bin/gnu/H-i686-pc-linux-gnu/bin/../lib/gcc/nios2-elf/4.1.2/../../../../nios2-elf/lib/mno-hw-mul/libc.a(lib_a-memcpy.o)
 .data          0x0081cca4        0x0 /OPT/altera/12.1/nios2eds/bin/gnu/H-i686-pc-linux-gnu/bin/../lib/gcc/nios2-elf/4.1.2/../../../../nios2-elf/lib/mno-hw-mul/libc.a(lib_a-memmove.o)
 .data          0x0081cca4        0x0 /OPT/altera/12.1/nios2eds/bin/gnu/H-i686-pc-linux-gnu/bin/../lib/gcc/nios2-elf/4.1.2/../../../../nios2-elf/lib/mno-hw-mul/libc.a(lib_a-memset.o)
 .data          0x0081cca4        0x0 /OPT/altera/12.1/nios2eds/bin/gnu/H-i686-pc-linux-gnu/bin/../lib/gcc/nios2-elf/4.1.2/../../../../nios2-elf/lib/mno-hw-mul/libc.a(lib_a-mprec.o)
 .data          0x0081cca4        0x0 /OPT/altera/12.1/nios2eds/bin/gnu/H-i686-pc-linux-gnu/bin/../lib/gcc/nios2-elf/4.1.2/../../../../nios2-elf/lib/mno-hw-mul/libc.a(lib_a-reallocr.o)
 .data          0x0081cca4        0x0 /OPT/altera/12.1/nios2eds/bin/gnu/H-i686-pc-linux-gnu/bin/../lib/gcc/nios2-elf/4.1.2/../../../../nios2-elf/lib/mno-hw-mul/libc.a(lib_a-s_isinfd.o)
 .data          0x0081cca4        0x0 /OPT/altera/12.1/nios2eds/bin/gnu/H-i686-pc-linux-gnu/bin/../lib/gcc/nios2-elf/4.1.2/../../../../nios2-elf/lib/mno-hw-mul/libc.a(lib_a-sbrkr.o)
 .data          0x0081cca4        0x0 /OPT/altera/12.1/nios2eds/bin/gnu/H-i686-pc-linux-gnu/bin/../lib/gcc/nios2-elf/4.1.2/../../../../nios2-elf/lib/mno-hw-mul/libc.a(lib_a-stdio.o)
 .data          0x0081cca4        0x0 /OPT/altera/12.1/nios2eds/bin/gnu/H-i686-pc-linux-gnu/bin/../lib/gcc/nios2-elf/4.1.2/../../../../nios2-elf/lib/mno-hw-mul/libc.a(lib_a-strcmp.o)
 .data          0x0081cca4        0x0 /OPT/altera/12.1/nios2eds/bin/gnu/H-i686-pc-linux-gnu/bin/../lib/gcc/nios2-elf/4.1.2/../../../../nios2-elf/lib/mno-hw-mul/libc.a(lib_a-writer.o)
 .data          0x0081cca4        0x0 /OPT/altera/12.1/nios2eds/bin/gnu/H-i686-pc-linux-gnu/bin/../lib/gcc/nios2-elf/4.1.2/../../../../nios2-elf/lib/mno-hw-mul/libc.a(lib_a-callocr.o)
 .data          0x0081cca4        0x0 /OPT/altera/12.1/nios2eds/bin/gnu/H-i686-pc-linux-gnu/bin/../lib/gcc/nios2-elf/4.1.2/../../../../nios2-elf/lib/mno-hw-mul/libc.a(lib_a-closer.o)
 .data          0x0081cca4        0x0 /OPT/altera/12.1/nios2eds/bin/gnu/H-i686-pc-linux-gnu/bin/../lib/gcc/nios2-elf/4.1.2/../../../../nios2-elf/lib/mno-hw-mul/libc.a(lib_a-fclose.o)
 .data          0x0081cca4        0x0 /OPT/altera/12.1/nios2eds/bin/gnu/H-i686-pc-linux-gnu/bin/../lib/gcc/nios2-elf/4.1.2/../../../../nios2-elf/lib/mno-hw-mul/libc.a(lib_a-fstatr.o)
 .data          0x0081cca4        0x0 /OPT/altera/12.1/nios2eds/bin/gnu/H-i686-pc-linux-gnu/bin/../lib/gcc/nios2-elf/4.1.2/../../../../nios2-elf/lib/mno-hw-mul/libc.a(lib_a-int_errno.o)
 .data          0x0081cca4        0x0 /OPT/altera/12.1/nios2eds/bin/gnu/H-i686-pc-linux-gnu/bin/../lib/gcc/nios2-elf/4.1.2/../../../../nios2-elf/lib/mno-hw-mul/libc.a(lib_a-isattyr.o)
 .data          0x0081cca4        0x0 /OPT/altera/12.1/nios2eds/bin/gnu/H-i686-pc-linux-gnu/bin/../lib/gcc/nios2-elf/4.1.2/../../../../nios2-elf/lib/mno-hw-mul/libc.a(lib_a-lseekr.o)
 .data          0x0081cca4        0x0 /OPT/altera/12.1/nios2eds/bin/gnu/H-i686-pc-linux-gnu/bin/../lib/gcc/nios2-elf/4.1.2/../../../../nios2-elf/lib/mno-hw-mul/libc.a(lib_a-readr.o)
 .data          0x0081cca4        0x0 /OPT/altera/12.1/nios2eds/bin/gnu/H-i686-pc-linux-gnu/bin/../lib/gcc/nios2-elf/4.1.2/mno-hw-mul/libgcc.a(_udivdi3.o)
 .data          0x0081cca4        0x0 /OPT/altera/12.1/nios2eds/bin/gnu/H-i686-pc-linux-gnu/bin/../lib/gcc/nios2-elf/4.1.2/mno-hw-mul/libgcc.a(_umoddi3.o)
 .data          0x0081cca4        0x0 /OPT/altera/12.1/nios2eds/bin/gnu/H-i686-pc-linux-gnu/bin/../lib/gcc/nios2-elf/4.1.2/mno-hw-mul/libgcc.a(_ge_df.o)
 .data          0x0081cca4        0x0 /OPT/altera/12.1/nios2eds/bin/gnu/H-i686-pc-linux-gnu/bin/../lib/gcc/nios2-elf/4.1.2/mno-hw-mul/libgcc.a(_df_to_si.o)
 .data          0x0081cca4        0x0 /OPT/altera/12.1/nios2eds/bin/gnu/H-i686-pc-linux-gnu/bin/../lib/gcc/nios2-elf/4.1.2/mno-hw-mul/libgcc.a(_usi_to_df.o)
 .data          0x0081cca4        0x0 ../i2c_bsp//libucosii_bsp.a(alt_close.o)
 .data          0x0081cca4      0x1a8 ../i2c_bsp//libucosii_bsp.a(alt_dev.o)
                0x0081cca4                alt_dev_null
                0x0081cccc                alt_fd_list
 .data          0x0081ce4c        0x0 ../i2c_bsp//libucosii_bsp.a(alt_errno.o)
 .data          0x0081ce4c        0x0 ../i2c_bsp//libucosii_bsp.a(alt_fstat.o)
 .data          0x0081ce4c        0x0 ../i2c_bsp//libucosii_bsp.a(alt_isatty.o)
 .data          0x0081ce4c        0x0 ../i2c_bsp//libucosii_bsp.a(alt_load.o)
 .data          0x0081ce4c        0x0 ../i2c_bsp//libucosii_bsp.a(alt_lseek.o)
 .data          0x0081ce4c        0x0 ../i2c_bsp//libucosii_bsp.a(alt_main.o)
 .data          0x0081ce4c        0x0 ../i2c_bsp//libucosii_bsp.a(alt_read.o)
 .data          0x0081ce4c        0x0 ../i2c_bsp//libucosii_bsp.a(alt_release_fd.o)
 .data          0x0081ce4c        0x0 ../i2c_bsp//libucosii_bsp.a(alt_sbrk.o)
 .data          0x0081ce4c        0x0 ../i2c_bsp//libucosii_bsp.a(alt_usleep.o)
 .data          0x0081ce4c        0x0 ../i2c_bsp//libucosii_bsp.a(alt_write.o)
 .data          0x0081ce4c        0x0 ../i2c_bsp//libucosii_bsp.a(alt_env_lock.o)
 .data          0x0081ce4c        0x0 ../i2c_bsp//libucosii_bsp.a(alt_malloc_lock.o)
 .data          0x0081ce4c        0x0 ../i2c_bsp//libucosii_bsp.a(os_core.o)
 .data          0x0081ce4c        0x0 ../i2c_bsp//libucosii_bsp.a(os_dbg.o)
 .data          0x0081ce4c        0x0 ../i2c_bsp//libucosii_bsp.a(os_flag.o)
 .data          0x0081ce4c        0x0 ../i2c_bsp//libucosii_bsp.a(os_mem.o)
 .data          0x0081ce4c        0x0 ../i2c_bsp//libucosii_bsp.a(os_q.o)
 .data          0x0081ce4c        0x0 ../i2c_bsp//libucosii_bsp.a(os_sem.o)
 .data          0x0081ce4c        0x0 ../i2c_bsp//libucosii_bsp.a(os_task.o)
 .data          0x0081ce4c        0x0 ../i2c_bsp//libucosii_bsp.a(os_time.o)
 .data          0x0081ce4c     0x10f8 ../i2c_bsp//libucosii_bsp.a(alt_sys_init.o)
 .data          0x0081df44        0x0 ../i2c_bsp//libucosii_bsp.a(altera_avalon_jtag_uart_fd.o)
 .data          0x0081df44        0x0 ../i2c_bsp//libucosii_bsp.a(altera_avalon_jtag_uart_init.o)
 .data          0x0081df44        0x0 ../i2c_bsp//libucosii_bsp.a(altera_avalon_jtag_uart_ioctl.o)
 .data          0x0081df44        0x0 ../i2c_bsp//libucosii_bsp.a(altera_avalon_jtag_uart_read.o)
 .data          0x0081df44        0x0 ../i2c_bsp//libucosii_bsp.a(altera_avalon_jtag_uart_write.o)
 .data          0x0081df44        0x0 ../i2c_bsp//libucosii_bsp.a(altera_avalon_timer_sc.o)
 .data          0x0081df44        0x0 ../i2c_bsp//libucosii_bsp.a(altera_up_avalon_character_lcd.o)
 .data          0x0081df44        0x0 ../i2c_bsp//libucosii_bsp.a(alt_alarm_start.o)
 .data          0x0081df44        0x0 ../i2c_bsp//libucosii_bsp.a(alt_busy_sleep.o)
 .data          0x0081df44        0x0 ../i2c_bsp//libucosii_bsp.a(alt_dcache_flush_all.o)
 .data          0x0081df44        0x0 ../i2c_bsp//libucosii_bsp.a(alt_dev_llist_insert.o)
 .data          0x0081df44        0x0 ../i2c_bsp//libucosii_bsp.a(alt_do_ctors.o)
 .data          0x0081df44        0x0 ../i2c_bsp//libucosii_bsp.a(alt_do_dtors.o)
 .data          0x0081df44        0x0 ../i2c_bsp//libucosii_bsp.a(alt_find_dev.o)
 .data          0x0081df44        0x0 ../i2c_bsp//libucosii_bsp.a(alt_icache_flush_all.o)
 .data          0x0081df44        0x0 ../i2c_bsp//libucosii_bsp.a(alt_iic.o)
 .data          0x0081df44        0x0 ../i2c_bsp//libucosii_bsp.a(alt_iic_isr_register.o)
 .data          0x0081df44        0x0 ../i2c_bsp//libucosii_bsp.a(alt_io_redirect.o)
 .data          0x0081df44        0x0 ../i2c_bsp//libucosii_bsp.a(alt_irq_entry.o)
 .data          0x0081df44        0x0 ../i2c_bsp//libucosii_bsp.a(alt_irq_handler.o)
 .data          0x0081df44        0x0 ../i2c_bsp//libucosii_bsp.a(alt_irq_vars.o)
 .data          0x0081df44        0x0 ../i2c_bsp//libucosii_bsp.a(alt_open.o)
 .data          0x0081df44        0x0 ../i2c_bsp//libucosii_bsp.a(alt_tick.o)
 .data          0x0081df44        0x0 ../i2c_bsp//libucosii_bsp.a(altera_nios2_qsys_irq.o)
 .data          0x0081df44        0x0 ../i2c_bsp//libucosii_bsp.a(os_cpu_a.o)
 .data          0x0081df44        0x0 ../i2c_bsp//libucosii_bsp.a(os_cpu_c.o)
 .data          0x0081df44        0x0 ../i2c_bsp//libucosii_bsp.a(alt_exception_entry.o)
 .data          0x0081df44        0x0 ../i2c_bsp//libucosii_bsp.a(alt_find_file.o)
 .data          0x0081df44        0x0 ../i2c_bsp//libucosii_bsp.a(alt_get_fd.o)
 .data          0x0081df44        0x0 /OPT/altera/12.1/nios2eds/bin/gnu/H-i686-pc-linux-gnu/bin/../lib/gcc/nios2-elf/4.1.2/../../../../nios2-elf/lib/mno-hw-mul/libc.a(lib_a-atexit.o)
 .data          0x0081df44        0x0 /OPT/altera/12.1/nios2eds/bin/gnu/H-i686-pc-linux-gnu/bin/../lib/gcc/nios2-elf/4.1.2/../../../../nios2-elf/lib/mno-hw-mul/libc.a(lib_a-exit.o)
 .data          0x0081df44        0x0 /OPT/altera/12.1/nios2eds/bin/gnu/H-i686-pc-linux-gnu/bin/../lib/gcc/nios2-elf/4.1.2/../../../../nios2-elf/lib/mno-hw-mul/libc.a(lib_a-memcmp.o)
 .data          0x0081df44        0x0 /OPT/altera/12.1/nios2eds/bin/gnu/H-i686-pc-linux-gnu/bin/../lib/gcc/nios2-elf/4.1.2/../../../../nios2-elf/lib/mno-hw-mul/libc.a(lib_a-__atexit.o)
 .data          0x0081df44        0x0 /OPT/altera/12.1/nios2eds/bin/gnu/H-i686-pc-linux-gnu/bin/../lib/gcc/nios2-elf/4.1.2/../../../../nios2-elf/lib/mno-hw-mul/libc.a(lib_a-__call_atexit.o)
 .data          0x0081df44        0x0 ../i2c_bsp//libucosii_bsp.a(alt_exit.o)
                0x00825f44                _gp = ABSOLUTE ((. + 0x8000))
                0x00825f44                PROVIDE (gp, _gp)
 *(.rwdata .rwdata.*)
 *(.sdata .sdata.* .gnu.linkonce.s.*)
 .sdata         0x0081df44        0x4 /OPT/altera/12.1/nios2eds/bin/gnu/H-i686-pc-linux-gnu/bin/../lib/gcc/nios2-elf/4.1.2/../../../../nios2-elf/lib/mno-hw-mul/libm.a(lib_a-s_lib_ver.o)
                0x0081df44                __fdlib_version
 .sdata         0x0081df48        0x8 /OPT/altera/12.1/nios2eds/bin/gnu/H-i686-pc-linux-gnu/bin/../lib/gcc/nios2-elf/4.1.2/../../../../nios2-elf/lib/mno-hw-mul/libc.a(lib_a-impure.o)
                0x0081df48                _impure_ptr
                0x0081df4c                _global_impure_ptr
 .sdata         0x0081df50        0x8 /OPT/altera/12.1/nios2eds/bin/gnu/H-i686-pc-linux-gnu/bin/../lib/gcc/nios2-elf/4.1.2/../../../../nios2-elf/lib/mno-hw-mul/libc.a(lib_a-locale.o)
                0x0081df50                __mb_cur_max
 .sdata         0x0081df58        0x8 /OPT/altera/12.1/nios2eds/bin/gnu/H-i686-pc-linux-gnu/bin/../lib/gcc/nios2-elf/4.1.2/../../../../nios2-elf/lib/mno-hw-mul/libc.a(lib_a-mallocr.o)
                0x0081df58                __malloc_trim_threshold
                0x0081df5c                __malloc_sbrk_base
 .sdata         0x0081df60       0x14 ../i2c_bsp//libucosii_bsp.a(alt_dev.o)
                0x0081df60                alt_fs_list
                0x0081df68                alt_dev_list
                0x0081df70                alt_max_fd
 .sdata         0x0081df74        0x4 ../i2c_bsp//libucosii_bsp.a(alt_errno.o)
                0x0081df74                alt_errno
 .sdata         0x0081df78        0x4 ../i2c_bsp//libucosii_bsp.a(alt_sbrk.o)
 .sdata         0x0081df7c        0x4 ../i2c_bsp//libucosii_bsp.a(alt_env_lock.o)
 .sdata         0x0081df80        0x4 ../i2c_bsp//libucosii_bsp.a(alt_malloc_lock.o)
 .sdata         0x0081df84       0x74 ../i2c_bsp//libucosii_bsp.a(os_dbg.o)
                0x0081df84                OSDebugEn
                0x0081df88                OSEndiannessTest
                0x0081df8c                OSEventEn
                0x0081df8e                OSEventMax
                0x0081df90                OSEventNameSize
                0x0081df92                OSEventSize
                0x0081df94                OSEventTblSize
                0x0081df96                OSEventMultiEn
                0x0081df98                OSFlagEn
                0x0081df9a                OSFlagGrpSize
                0x0081df9c                OSFlagNodeSize
                0x0081df9e                OSFlagWidth
                0x0081dfa0                OSFlagMax
                0x0081dfa2                OSFlagNameSize
                0x0081dfa4                OSLowestPrio
                0x0081dfa6                OSMboxEn
                0x0081dfa8                OSMemEn
                0x0081dfaa                OSMemMax
                0x0081dfac                OSMemNameSize
                0x0081dfae                OSMemSize
                0x0081dfb0                OSMemTblSize
                0x0081dfb2                OSMutexEn
                0x0081dfb4                OSPtrSize
                0x0081dfb6                OSQEn
                0x0081dfb8                OSQMax
                0x0081dfba                OSQSize
                0x0081dfbc                OSRdyTblSize
                0x0081dfbe                OSSemEn
                0x0081dfc0                OSStkWidth
                0x0081dfc2                OSTaskCreateEn
                0x0081dfc4                OSTaskCreateExtEn
                0x0081dfc6                OSTaskDelEn
                0x0081dfc8                OSTaskIdleStkSize
                0x0081dfca                OSTaskProfileEn
                0x0081dfcc                OSTaskMax
                0x0081dfce                OSTaskNameSize
                0x0081dfd0                OSTaskStatEn
                0x0081dfd2                OSTaskStatStkSize
                0x0081dfd4                OSTaskStatStkChkEn
                0x0081dfd6                OSTaskSwHookEn
                0x0081dfd8                OSTCBPrioTblMax
                0x0081dfda                OSTCBSize
                0x0081dfdc                OSTicksPerSec
                0x0081dfde                OSTimeTickHookEn
                0x0081dfe0                OSVersionNbr
                0x0081dfe2                OSTmrEn
                0x0081dfe4                OSTmrCfgMax
                0x0081dfe6                OSTmrCfgNameSize
                0x0081dfe8                OSTmrCfgWheelSize
                0x0081dfea                OSTmrCfgTicksPerSec
                0x0081dfec                OSTmrSize
                0x0081dfee                OSTmrTblSize
                0x0081dff0                OSTmrWheelSize
                0x0081dff2                OSTmrWheelTblSize
                0x0081dff4                OSDataSize
 .sdata         0x0081dff8        0x4 ../i2c_bsp//libucosii_bsp.a(alt_irq_vars.o)
                0x0081dff8                alt_priority_mask
 .sdata         0x0081dffc        0x8 ../i2c_bsp//libucosii_bsp.a(alt_tick.o)
                0x0081dffc                alt_alarm_list
 *(.sdata2 .sdata2.* .gnu.linkonce.s2.*)
                0x0081e004                . = ALIGN (0x4)
                0x0081e004                _edata = ABSOLUTE (.)
                0x0081e004                PROVIDE (edata, ABSOLUTE (.))
                0x0081e004                PROVIDE (__ram_rwdata_end, ABSOLUTE (.))
                0x0081e004                PROVIDE (__flash_rwdata_start, LOADADDR (.rwdata))

.bss            0x0081fb78     0x7574
                0x0081fb78                __bss_start = ABSOLUTE (.)
                0x0081fb78                PROVIDE (__sbss_start, ABSOLUTE (.))
                0x0081fb78                PROVIDE (___sbss_start, ABSOLUTE (.))
 *(.dynsbss)
 *(.sbss .sbss.* .gnu.linkonce.sb.*)
 .sbss          0x0081fb78        0xc /OPT/altera/12.1/nios2eds/bin/gnu/H-i686-pc-linux-gnu/bin/../lib/gcc/nios2-elf/4.1.2/../../../../nios2-elf/lib/mno-hw-mul/libc.a(lib_a-locale.o)
                0x0081fb78                __nlocale_changed
                0x0081fb7c                __mlocale_changed
                0x0081fb80                _PathLocale
 .sbss          0x0081fb84        0xc /OPT/altera/12.1/nios2eds/bin/gnu/H-i686-pc-linux-gnu/bin/../lib/gcc/nios2-elf/4.1.2/../../../../nios2-elf/lib/mno-hw-mul/libc.a(lib_a-mallocr.o)
                0x0081fb84                __malloc_top_pad
                0x0081fb88                __malloc_max_sbrked_mem
                0x0081fb8c                __malloc_max_total_mem
 .sbss          0x0081fb90        0x4 /OPT/altera/12.1/nios2eds/bin/gnu/H-i686-pc-linux-gnu/bin/../lib/gcc/nios2-elf/4.1.2/../../../../nios2-elf/lib/mno-hw-mul/libc.a(lib_a-int_errno.o)
                0x0081fb90                errno
 .sbss          0x0081fb94        0x4 ../i2c_bsp//libucosii_bsp.a(alt_dev.o)
                0x0081fb94                alt_fd_list_lock
 .sbss          0x0081fb98        0xc ../i2c_bsp//libucosii_bsp.a(alt_main.o)
                0x0081fb98                alt_argc
                0x0081fb9c                alt_argv
                0x0081fba0                alt_envp
 .sbss          0x0081fba4        0x8 ../i2c_bsp//libucosii_bsp.a(alt_env_lock.o)
                0x0081fba8                alt_envsem
 .sbss          0x0081fbac        0x8 ../i2c_bsp//libucosii_bsp.a(alt_malloc_lock.o)
                0x0081fbb0                alt_heapsem
 .sbss          0x0081fbb4       0x50 ../i2c_bsp//libucosii_bsp.a(os_core.o)
                0x0081fbb4                OSLockNesting
                0x0081fbb5                OSRunning
                0x0081fbb8                OSIdleCtr
                0x0081fbbc                OSPrioHighRdy
                0x0081fbbd                OSPrioCur
                0x0081fbc0                OSTCBList
                0x0081fbc4                OSTickStepState
                0x0081fbc8                OSCtxSwCtr
                0x0081fbcc                OSIdleCtrMax
                0x0081fbd0                OSTCBFreeList
                0x0081fbd4                OSCPUUsage
                0x0081fbd5                OSTaskCtr
                0x0081fbd8                OSMemFreeList
                0x0081fbdc                OSTCBHighRdy
                0x0081fbe0                OSQFreeList
                0x0081fbe4                OSRdyGrp
                0x0081fbe5                OSRdyTbl
                0x0081fbe8                OSEventFreeList
                0x0081fbec                OSIntNesting
                0x0081fbf0                OSTCBCur
                0x0081fbf4                OSTime
                0x0081fbf8                OSFlagFreeList
                0x0081fbfc                OSStatRdy
                0x0081fc00                OSIdleCtrRun
 .sbss          0x0081fc04        0x4 ../i2c_bsp//libucosii_bsp.a(alt_irq_vars.o)
                0x0081fc04                alt_irq_active
 .sbss          0x0081fc08        0x8 ../i2c_bsp//libucosii_bsp.a(alt_tick.o)
                0x0081fc08                _alt_tick_rate
                0x0081fc0c                _alt_nticks
 *(.sbss2 .sbss2.* .gnu.linkonce.sb2.*)
 *(.scommon)
                0x0081fc10                PROVIDE (__sbss_end, ABSOLUTE (.))
                0x0081fc10                PROVIDE (___sbss_end, ABSOLUTE (.))
 *(.dynbss)
 *(.bss .bss.* .gnu.linkonce.b.*)
 .bss           0x0081fc10        0x0 ../i2c_bsp//obj/HAL/src/crt0.o
 .bss           0x0081fc10        0x0 obj/default/MPU9250/mpu9250.o
 .bss           0x0081fc10        0x0 obj/default/hello_ucosii.o
 .bss           0x0081fc10        0x0 obj/default/i2c/I2C.o
 .bss           0x0081fc10        0x0 /OPT/altera/12.1/nios2eds/bin/gnu/H-i686-pc-linux-gnu/bin/../lib/gcc/nios2-elf/4.1.2/../../../../nios2-elf/lib/mno-hw-mul/libm.a(lib_a-w_pow.o)
 .bss           0x0081fc10        0x0 /OPT/altera/12.1/nios2eds/bin/gnu/H-i686-pc-linux-gnu/bin/../lib/gcc/nios2-elf/4.1.2/../../../../nios2-elf/lib/mno-hw-mul/libm.a(lib_a-e_pow.o)
 .bss           0x0081fc10        0x0 /OPT/altera/12.1/nios2eds/bin/gnu/H-i686-pc-linux-gnu/bin/../lib/gcc/nios2-elf/4.1.2/../../../../nios2-elf/lib/mno-hw-mul/libm.a(lib_a-e_sqrt.o)
 .bss           0x0081fc10        0x0 /OPT/altera/12.1/nios2eds/bin/gnu/H-i686-pc-linux-gnu/bin/../lib/gcc/nios2-elf/4.1.2/../../../../nios2-elf/lib/mno-hw-mul/libm.a(lib_a-s_fabs.o)
 .bss           0x0081fc10        0x0 /OPT/altera/12.1/nios2eds/bin/gnu/H-i686-pc-linux-gnu/bin/../lib/gcc/nios2-elf/4.1.2/../../../../nios2-elf/lib/mno-hw-mul/libm.a(lib_a-s_finite.o)
 .bss           0x0081fc10        0x0 /OPT/altera/12.1/nios2eds/bin/gnu/H-i686-pc-linux-gnu/bin/../lib/gcc/nios2-elf/4.1.2/../../../../nios2-elf/lib/mno-hw-mul/libm.a(lib_a-s_isnand.o)
 .bss           0x0081fc10        0x0 /OPT/altera/12.1/nios2eds/bin/gnu/H-i686-pc-linux-gnu/bin/../lib/gcc/nios2-elf/4.1.2/../../../../nios2-elf/lib/mno-hw-mul/libm.a(lib_a-s_lib_ver.o)
 .bss           0x0081fc10        0x0 /OPT/altera/12.1/nios2eds/bin/gnu/H-i686-pc-linux-gnu/bin/../lib/gcc/nios2-elf/4.1.2/../../../../nios2-elf/lib/mno-hw-mul/libm.a(lib_a-s_matherr.o)
 .bss           0x0081fc10        0x0 /OPT/altera/12.1/nios2eds/bin/gnu/H-i686-pc-linux-gnu/bin/../lib/gcc/nios2-elf/4.1.2/../../../../nios2-elf/lib/mno-hw-mul/libm.a(lib_a-s_nan.o)
 .bss           0x0081fc10        0x0 /OPT/altera/12.1/nios2eds/bin/gnu/H-i686-pc-linux-gnu/bin/../lib/gcc/nios2-elf/4.1.2/../../../../nios2-elf/lib/mno-hw-mul/libm.a(lib_a-s_rint.o)
 .bss           0x0081fc10        0x0 /OPT/altera/12.1/nios2eds/bin/gnu/H-i686-pc-linux-gnu/bin/../lib/gcc/nios2-elf/4.1.2/../../../../nios2-elf/lib/mno-hw-mul/libm.a(lib_a-s_scalbn.o)
 .bss           0x0081fc10        0x0 /OPT/altera/12.1/nios2eds/bin/gnu/H-i686-pc-linux-gnu/bin/../lib/gcc/nios2-elf/4.1.2/../../../../nios2-elf/lib/mno-hw-mul/libm.a(lib_a-s_copysign.o)
 .bss           0x0081fc10        0x0 /OPT/altera/12.1/nios2eds/bin/gnu/H-i686-pc-linux-gnu/bin/../lib/gcc/nios2-elf/4.1.2/mno-hw-mul/libgcc.a(_mul_sf.o)
 .bss           0x0081fc10        0x0 /OPT/altera/12.1/nios2eds/bin/gnu/H-i686-pc-linux-gnu/bin/../lib/gcc/nios2-elf/4.1.2/mno-hw-mul/libgcc.a(_div_sf.o)
 .bss           0x0081fc10        0x0 /OPT/altera/12.1/nios2eds/bin/gnu/H-i686-pc-linux-gnu/bin/../lib/gcc/nios2-elf/4.1.2/mno-hw-mul/libgcc.a(_si_to_sf.o)
 .bss           0x0081fc10        0x0 /OPT/altera/12.1/nios2eds/bin/gnu/H-i686-pc-linux-gnu/bin/../lib/gcc/nios2-elf/4.1.2/mno-hw-mul/libgcc.a(_sf_to_df.o)
 .bss           0x0081fc10        0x0 /OPT/altera/12.1/nios2eds/bin/gnu/H-i686-pc-linux-gnu/bin/../lib/gcc/nios2-elf/4.1.2/mno-hw-mul/libgcc.a(_thenan_sf.o)
 .bss           0x0081fc10        0x0 /OPT/altera/12.1/nios2eds/bin/gnu/H-i686-pc-linux-gnu/bin/../lib/gcc/nios2-elf/4.1.2/mno-hw-mul/libgcc.a(_usi_to_sf.o)
 .bss           0x0081fc10        0x0 /OPT/altera/12.1/nios2eds/bin/gnu/H-i686-pc-linux-gnu/bin/../lib/gcc/nios2-elf/4.1.2/mno-hw-mul/libgcc.a(_addsub_df.o)
 .bss           0x0081fc10        0x0 /OPT/altera/12.1/nios2eds/bin/gnu/H-i686-pc-linux-gnu/bin/../lib/gcc/nios2-elf/4.1.2/mno-hw-mul/libgcc.a(_mul_df.o)
 .bss           0x0081fc10        0x0 /OPT/altera/12.1/nios2eds/bin/gnu/H-i686-pc-linux-gnu/bin/../lib/gcc/nios2-elf/4.1.2/mno-hw-mul/libgcc.a(_div_df.o)
 .bss           0x0081fc10        0x0 /OPT/altera/12.1/nios2eds/bin/gnu/H-i686-pc-linux-gnu/bin/../lib/gcc/nios2-elf/4.1.2/mno-hw-mul/libgcc.a(_eq_df.o)
 .bss           0x0081fc10        0x0 /OPT/altera/12.1/nios2eds/bin/gnu/H-i686-pc-linux-gnu/bin/../lib/gcc/nios2-elf/4.1.2/mno-hw-mul/libgcc.a(_ne_df.o)
 .bss           0x0081fc10        0x0 /OPT/altera/12.1/nios2eds/bin/gnu/H-i686-pc-linux-gnu/bin/../lib/gcc/nios2-elf/4.1.2/mno-hw-mul/libgcc.a(_gt_df.o)
 .bss           0x0081fc10        0x0 /OPT/altera/12.1/nios2eds/bin/gnu/H-i686-pc-linux-gnu/bin/../lib/gcc/nios2-elf/4.1.2/mno-hw-mul/libgcc.a(_lt_df.o)
 .bss           0x0081fc10        0x0 /OPT/altera/12.1/nios2eds/bin/gnu/H-i686-pc-linux-gnu/bin/../lib/gcc/nios2-elf/4.1.2/mno-hw-mul/libgcc.a(_le_df.o)
 .bss           0x0081fc10        0x0 /OPT/altera/12.1/nios2eds/bin/gnu/H-i686-pc-linux-gnu/bin/../lib/gcc/nios2-elf/4.1.2/mno-hw-mul/libgcc.a(_si_to_df.o)
 .bss           0x0081fc10        0x0 /OPT/altera/12.1/nios2eds/bin/gnu/H-i686-pc-linux-gnu/bin/../lib/gcc/nios2-elf/4.1.2/mno-hw-mul/libgcc.a(_make_df.o)
 .bss           0x0081fc10        0x0 /OPT/altera/12.1/nios2eds/bin/gnu/H-i686-pc-linux-gnu/bin/../lib/gcc/nios2-elf/4.1.2/mno-hw-mul/libgcc.a(_df_to_sf.o)
 .bss           0x0081fc10        0x0 /OPT/altera/12.1/nios2eds/bin/gnu/H-i686-pc-linux-gnu/bin/../lib/gcc/nios2-elf/4.1.2/mno-hw-mul/libgcc.a(_thenan_df.o)
 .bss           0x0081fc10        0x0 /OPT/altera/12.1/nios2eds/bin/gnu/H-i686-pc-linux-gnu/bin/../lib/gcc/nios2-elf/4.1.2/mno-hw-mul/libgcc.a(lib2-divmod.o)
 .bss           0x0081fc10        0x0 /OPT/altera/12.1/nios2eds/bin/gnu/H-i686-pc-linux-gnu/bin/../lib/gcc/nios2-elf/4.1.2/mno-hw-mul/libgcc.a(lib2-mul.o)
 .bss           0x0081fc10        0x0 /OPT/altera/12.1/nios2eds/bin/gnu/H-i686-pc-linux-gnu/bin/../lib/gcc/nios2-elf/4.1.2/mno-hw-mul/libgcc.a(_muldi3.o)
 .bss           0x0081fc10        0x0 /OPT/altera/12.1/nios2eds/bin/gnu/H-i686-pc-linux-gnu/bin/../lib/gcc/nios2-elf/4.1.2/mno-hw-mul/libgcc.a(_clzsi2.o)
 .bss           0x0081fc10        0x0 /OPT/altera/12.1/nios2eds/bin/gnu/H-i686-pc-linux-gnu/bin/../lib/gcc/nios2-elf/4.1.2/mno-hw-mul/libgcc.a(_pack_sf.o)
 .bss           0x0081fc10        0x0 /OPT/altera/12.1/nios2eds/bin/gnu/H-i686-pc-linux-gnu/bin/../lib/gcc/nios2-elf/4.1.2/mno-hw-mul/libgcc.a(_unpack_sf.o)
 .bss           0x0081fc10        0x0 /OPT/altera/12.1/nios2eds/bin/gnu/H-i686-pc-linux-gnu/bin/../lib/gcc/nios2-elf/4.1.2/mno-hw-mul/libgcc.a(_make_sf.o)
 .bss           0x0081fc10        0x0 /OPT/altera/12.1/nios2eds/bin/gnu/H-i686-pc-linux-gnu/bin/../lib/gcc/nios2-elf/4.1.2/mno-hw-mul/libgcc.a(_pack_df.o)
 .bss           0x0081fc10        0x0 /OPT/altera/12.1/nios2eds/bin/gnu/H-i686-pc-linux-gnu/bin/../lib/gcc/nios2-elf/4.1.2/mno-hw-mul/libgcc.a(_unpack_df.o)
 .bss           0x0081fc10        0x0 /OPT/altera/12.1/nios2eds/bin/gnu/H-i686-pc-linux-gnu/bin/../lib/gcc/nios2-elf/4.1.2/mno-hw-mul/libgcc.a(_fpcmp_parts_df.o)
 .bss           0x0081fc10        0x0 /OPT/altera/12.1/nios2eds/bin/gnu/H-i686-pc-linux-gnu/bin/../lib/gcc/nios2-elf/4.1.2/mno-hw-mul/libgcc.a(_clz.o)
 .bss           0x0081fc10        0x0 /OPT/altera/12.1/nios2eds/bin/gnu/H-i686-pc-linux-gnu/bin/../lib/gcc/nios2-elf/4.1.2/../../../../nios2-elf/lib/mno-hw-mul/libc.a(lib_a-errno.o)
 .bss           0x0081fc10        0x0 /OPT/altera/12.1/nios2eds/bin/gnu/H-i686-pc-linux-gnu/bin/../lib/gcc/nios2-elf/4.1.2/../../../../nios2-elf/lib/mno-hw-mul/libc.a(lib_a-impure.o)
 .bss           0x0081fc10        0x0 /OPT/altera/12.1/nios2eds/bin/gnu/H-i686-pc-linux-gnu/bin/../lib/gcc/nios2-elf/4.1.2/../../../../nios2-elf/lib/mno-hw-mul/libc.a(lib_a-printf.o)
 .bss           0x0081fc10        0x0 /OPT/altera/12.1/nios2eds/bin/gnu/H-i686-pc-linux-gnu/bin/../lib/gcc/nios2-elf/4.1.2/../../../../nios2-elf/lib/mno-hw-mul/libc.a(lib_a-puts.o)
 .bss           0x0081fc10        0x0 /OPT/altera/12.1/nios2eds/bin/gnu/H-i686-pc-linux-gnu/bin/../lib/gcc/nios2-elf/4.1.2/../../../../nios2-elf/lib/mno-hw-mul/libc.a(lib_a-strlen.o)
 .bss           0x0081fc10        0x0 /OPT/altera/12.1/nios2eds/bin/gnu/H-i686-pc-linux-gnu/bin/../lib/gcc/nios2-elf/4.1.2/../../../../nios2-elf/lib/mno-hw-mul/libc.a(lib_a-vfprintf.o)
 .bss           0x0081fc10        0x0 /OPT/altera/12.1/nios2eds/bin/gnu/H-i686-pc-linux-gnu/bin/../lib/gcc/nios2-elf/4.1.2/../../../../nios2-elf/lib/mno-hw-mul/libc.a(lib_a-wsetup.o)
 .bss           0x0081fc10        0x0 /OPT/altera/12.1/nios2eds/bin/gnu/H-i686-pc-linux-gnu/bin/../lib/gcc/nios2-elf/4.1.2/../../../../nios2-elf/lib/mno-hw-mul/libc.a(lib_a-dtoa.o)
 .bss           0x0081fc10        0x0 /OPT/altera/12.1/nios2eds/bin/gnu/H-i686-pc-linux-gnu/bin/../lib/gcc/nios2-elf/4.1.2/../../../../nios2-elf/lib/mno-hw-mul/libc.a(lib_a-fflush.o)
 .bss           0x0081fc10        0x0 /OPT/altera/12.1/nios2eds/bin/gnu/H-i686-pc-linux-gnu/bin/../lib/gcc/nios2-elf/4.1.2/../../../../nios2-elf/lib/mno-hw-mul/libc.a(lib_a-findfp.o)
 .bss           0x0081fc10        0x0 /OPT/altera/12.1/nios2eds/bin/gnu/H-i686-pc-linux-gnu/bin/../lib/gcc/nios2-elf/4.1.2/../../../../nios2-elf/lib/mno-hw-mul/libc.a(lib_a-freer.o)
 .bss           0x0081fc10        0x0 /OPT/altera/12.1/nios2eds/bin/gnu/H-i686-pc-linux-gnu/bin/../lib/gcc/nios2-elf/4.1.2/../../../../nios2-elf/lib/mno-hw-mul/libc.a(lib_a-fvwrite.o)
 .bss           0x0081fc10        0x0 /OPT/altera/12.1/nios2eds/bin/gnu/H-i686-pc-linux-gnu/bin/../lib/gcc/nios2-elf/4.1.2/../../../../nios2-elf/lib/mno-hw-mul/libc.a(lib_a-fwalk.o)
 .bss           0x0081fc10        0x0 /OPT/altera/12.1/nios2eds/bin/gnu/H-i686-pc-linux-gnu/bin/../lib/gcc/nios2-elf/4.1.2/../../../../nios2-elf/lib/mno-hw-mul/libc.a(lib_a-locale.o)
 .bss           0x0081fc10        0x0 /OPT/altera/12.1/nios2eds/bin/gnu/H-i686-pc-linux-gnu/bin/../lib/gcc/nios2-elf/4.1.2/../../../../nios2-elf/lib/mno-hw-mul/libc.a(lib_a-makebuf.o)
 .bss           0x0081fc10       0x28 /OPT/altera/12.1/nios2eds/bin/gnu/H-i686-pc-linux-gnu/bin/../lib/gcc/nios2-elf/4.1.2/../../../../nios2-elf/lib/mno-hw-mul/libc.a(lib_a-mallocr.o)
                0x0081fc10                __malloc_current_mallinfo
 .bss           0x0081fc38        0x0 /OPT/altera/12.1/nios2eds/bin/gnu/H-i686-pc-linux-gnu/bin/../lib/gcc/nios2-elf/4.1.2/../../../../nios2-elf/lib/mno-hw-mul/libc.a(lib_a-memchr.o)
 .bss           0x0081fc38        0x0 /OPT/altera/12.1/nios2eds/bin/gnu/H-i686-pc-linux-gnu/bin/../lib/gcc/nios2-elf/4.1.2/../../../../nios2-elf/lib/mno-hw-mul/libc.a(lib_a-memcpy.o)
 .bss           0x0081fc38        0x0 /OPT/altera/12.1/nios2eds/bin/gnu/H-i686-pc-linux-gnu/bin/../lib/gcc/nios2-elf/4.1.2/../../../../nios2-elf/lib/mno-hw-mul/libc.a(lib_a-memmove.o)
 .bss           0x0081fc38        0x0 /OPT/altera/12.1/nios2eds/bin/gnu/H-i686-pc-linux-gnu/bin/../lib/gcc/nios2-elf/4.1.2/../../../../nios2-elf/lib/mno-hw-mul/libc.a(lib_a-memset.o)
 .bss           0x0081fc38        0x0 /OPT/altera/12.1/nios2eds/bin/gnu/H-i686-pc-linux-gnu/bin/../lib/gcc/nios2-elf/4.1.2/../../../../nios2-elf/lib/mno-hw-mul/libc.a(lib_a-mprec.o)
 .bss           0x0081fc38        0x0 /OPT/altera/12.1/nios2eds/bin/gnu/H-i686-pc-linux-gnu/bin/../lib/gcc/nios2-elf/4.1.2/../../../../nios2-elf/lib/mno-hw-mul/libc.a(lib_a-reallocr.o)
 .bss           0x0081fc38        0x0 /OPT/altera/12.1/nios2eds/bin/gnu/H-i686-pc-linux-gnu/bin/../lib/gcc/nios2-elf/4.1.2/../../../../nios2-elf/lib/mno-hw-mul/libc.a(lib_a-s_isinfd.o)
 .bss           0x0081fc38        0x0 /OPT/altera/12.1/nios2eds/bin/gnu/H-i686-pc-linux-gnu/bin/../lib/gcc/nios2-elf/4.1.2/../../../../nios2-elf/lib/mno-hw-mul/libc.a(lib_a-sbrkr.o)
 .bss           0x0081fc38        0x0 /OPT/altera/12.1/nios2eds/bin/gnu/H-i686-pc-linux-gnu/bin/../lib/gcc/nios2-elf/4.1.2/../../../../nios2-elf/lib/mno-hw-mul/libc.a(lib_a-stdio.o)
 .bss           0x0081fc38        0x0 /OPT/altera/12.1/nios2eds/bin/gnu/H-i686-pc-linux-gnu/bin/../lib/gcc/nios2-elf/4.1.2/../../../../nios2-elf/lib/mno-hw-mul/libc.a(lib_a-strcmp.o)
 .bss           0x0081fc38        0x0 /OPT/altera/12.1/nios2eds/bin/gnu/H-i686-pc-linux-gnu/bin/../lib/gcc/nios2-elf/4.1.2/../../../../nios2-elf/lib/mno-hw-mul/libc.a(lib_a-writer.o)
 .bss           0x0081fc38        0x0 /OPT/altera/12.1/nios2eds/bin/gnu/H-i686-pc-linux-gnu/bin/../lib/gcc/nios2-elf/4.1.2/../../../../nios2-elf/lib/mno-hw-mul/libc.a(lib_a-callocr.o)
 .bss           0x0081fc38        0x0 /OPT/altera/12.1/nios2eds/bin/gnu/H-i686-pc-linux-gnu/bin/../lib/gcc/nios2-elf/4.1.2/../../../../nios2-elf/lib/mno-hw-mul/libc.a(lib_a-closer.o)
 .bss           0x0081fc38        0x0 /OPT/altera/12.1/nios2eds/bin/gnu/H-i686-pc-linux-gnu/bin/../lib/gcc/nios2-elf/4.1.2/../../../../nios2-elf/lib/mno-hw-mul/libc.a(lib_a-fclose.o)
 .bss           0x0081fc38        0x0 /OPT/altera/12.1/nios2eds/bin/gnu/H-i686-pc-linux-gnu/bin/../lib/gcc/nios2-elf/4.1.2/../../../../nios2-elf/lib/mno-hw-mul/libc.a(lib_a-fstatr.o)
 .bss           0x0081fc38        0x0 /OPT/altera/12.1/nios2eds/bin/gnu/H-i686-pc-linux-gnu/bin/../lib/gcc/nios2-elf/4.1.2/../../../../nios2-elf/lib/mno-hw-mul/libc.a(lib_a-int_errno.o)
 .bss           0x0081fc38        0x0 /OPT/altera/12.1/nios2eds/bin/gnu/H-i686-pc-linux-gnu/bin/../lib/gcc/nios2-elf/4.1.2/../../../../nios2-elf/lib/mno-hw-mul/libc.a(lib_a-isattyr.o)
 .bss           0x0081fc38        0x0 /OPT/altera/12.1/nios2eds/bin/gnu/H-i686-pc-linux-gnu/bin/../lib/gcc/nios2-elf/4.1.2/../../../../nios2-elf/lib/mno-hw-mul/libc.a(lib_a-lseekr.o)
 .bss           0x0081fc38        0x0 /OPT/altera/12.1/nios2eds/bin/gnu/H-i686-pc-linux-gnu/bin/../lib/gcc/nios2-elf/4.1.2/../../../../nios2-elf/lib/mno-hw-mul/libc.a(lib_a-readr.o)
 .bss           0x0081fc38        0x0 /OPT/altera/12.1/nios2eds/bin/gnu/H-i686-pc-linux-gnu/bin/../lib/gcc/nios2-elf/4.1.2/mno-hw-mul/libgcc.a(_udivdi3.o)
 .bss           0x0081fc38        0x0 /OPT/altera/12.1/nios2eds/bin/gnu/H-i686-pc-linux-gnu/bin/../lib/gcc/nios2-elf/4.1.2/mno-hw-mul/libgcc.a(_umoddi3.o)
 .bss           0x0081fc38        0x0 /OPT/altera/12.1/nios2eds/bin/gnu/H-i686-pc-linux-gnu/bin/../lib/gcc/nios2-elf/4.1.2/mno-hw-mul/libgcc.a(_ge_df.o)
 .bss           0x0081fc38        0x0 /OPT/altera/12.1/nios2eds/bin/gnu/H-i686-pc-linux-gnu/bin/../lib/gcc/nios2-elf/4.1.2/mno-hw-mul/libgcc.a(_df_to_si.o)
 .bss           0x0081fc38        0x0 /OPT/altera/12.1/nios2eds/bin/gnu/H-i686-pc-linux-gnu/bin/../lib/gcc/nios2-elf/4.1.2/mno-hw-mul/libgcc.a(_usi_to_df.o)
 .bss           0x0081fc38        0x0 ../i2c_bsp//libucosii_bsp.a(alt_close.o)
 .bss           0x0081fc38        0x0 ../i2c_bsp//libucosii_bsp.a(alt_dev.o)
 .bss           0x0081fc38        0x0 ../i2c_bsp//libucosii_bsp.a(alt_errno.o)
 .bss           0x0081fc38        0x0 ../i2c_bsp//libucosii_bsp.a(alt_fstat.o)
 .bss           0x0081fc38        0x0 ../i2c_bsp//libucosii_bsp.a(alt_isatty.o)
 .bss           0x0081fc38        0x0 ../i2c_bsp//libucosii_bsp.a(alt_load.o)
 .bss           0x0081fc38        0x0 ../i2c_bsp//libucosii_bsp.a(alt_lseek.o)
 .bss           0x0081fc38        0x0 ../i2c_bsp//libucosii_bsp.a(alt_main.o)
 .bss           0x0081fc38        0x0 ../i2c_bsp//libucosii_bsp.a(alt_read.o)
 .bss           0x0081fc38        0x0 ../i2c_bsp//libucosii_bsp.a(alt_release_fd.o)
 .bss           0x0081fc38        0x0 ../i2c_bsp//libucosii_bsp.a(alt_sbrk.o)
 .bss           0x0081fc38        0x0 ../i2c_bsp//libucosii_bsp.a(alt_usleep.o)
 .bss           0x0081fc38        0x0 ../i2c_bsp//libucosii_bsp.a(alt_write.o)
 .bss           0x0081fc38        0x0 ../i2c_bsp//libucosii_bsp.a(alt_env_lock.o)
 .bss           0x0081fc38        0x0 ../i2c_bsp//libucosii_bsp.a(alt_malloc_lock.o)
 .bss           0x0081fc38        0x0 ../i2c_bsp//libucosii_bsp.a(os_core.o)
 .bss           0x0081fc38        0x0 ../i2c_bsp//libucosii_bsp.a(os_dbg.o)
 .bss           0x0081fc38        0x0 ../i2c_bsp//libucosii_bsp.a(os_flag.o)
 .bss           0x0081fc38        0x0 ../i2c_bsp//libucosii_bsp.a(os_mem.o)
 .bss           0x0081fc38        0x0 ../i2c_bsp//libucosii_bsp.a(os_q.o)
 .bss           0x0081fc38        0x0 ../i2c_bsp//libucosii_bsp.a(os_sem.o)
 .bss           0x0081fc38        0x0 ../i2c_bsp//libucosii_bsp.a(os_task.o)
 .bss           0x0081fc38        0x0 ../i2c_bsp//libucosii_bsp.a(os_time.o)
 .bss           0x0081fc38        0x0 ../i2c_bsp//libucosii_bsp.a(alt_sys_init.o)
 .bss           0x0081fc38        0x0 ../i2c_bsp//libucosii_bsp.a(altera_avalon_jtag_uart_fd.o)
 .bss           0x0081fc38        0x0 ../i2c_bsp//libucosii_bsp.a(altera_avalon_jtag_uart_init.o)
 .bss           0x0081fc38        0x0 ../i2c_bsp//libucosii_bsp.a(altera_avalon_jtag_uart_ioctl.o)
 .bss           0x0081fc38        0x0 ../i2c_bsp//libucosii_bsp.a(altera_avalon_jtag_uart_read.o)
 .bss           0x0081fc38        0x0 ../i2c_bsp//libucosii_bsp.a(altera_avalon_jtag_uart_write.o)
 .bss           0x0081fc38        0x0 ../i2c_bsp//libucosii_bsp.a(altera_avalon_timer_sc.o)
 .bss           0x0081fc38        0x0 ../i2c_bsp//libucosii_bsp.a(altera_up_avalon_character_lcd.o)
 .bss           0x0081fc38        0x0 ../i2c_bsp//libucosii_bsp.a(alt_alarm_start.o)
 .bss           0x0081fc38        0x0 ../i2c_bsp//libucosii_bsp.a(alt_busy_sleep.o)
 .bss           0x0081fc38        0x0 ../i2c_bsp//libucosii_bsp.a(alt_dcache_flush_all.o)