Archive member included because of file (symbol)

/OPT/altera/12.1/nios2eds/bin/gnu/H-i686-pc-linux-gnu/bin/../lib/gcc/nios2-elf/4.1.2/../../../../nios2-elf/lib/mno-hw-mul/libm.a(lib_a-w_pow.o)
                              obj/default/MPU9250/mpu9250.o (pow)
/OPT/altera/12.1/nios2eds/bin/gnu/H-i686-pc-linux-gnu/bin/../lib/gcc/nios2-elf/4.1.2/../../../../nios2-elf/lib/mno-hw-mul/libm.a(lib_a-e_pow.o)
                              /OPT/altera/12.1/nios2eds/bin/gnu/H-i686-pc-linux-gnu/bin/../lib/gcc/nios2-elf/4.1.2/../../../../nios2-elf/lib/mno-hw-mul/libm.a(lib_a-w_pow.o) (__ieee754_pow)
/OPT/altera/12.1/nios2eds/bin/gnu/H-i686-pc-linux-gnu/bin/../lib/gcc/nios2-elf/4.1.2/../../../../nios2-elf/lib/mno-hw-mul/libm.a(lib_a-e_sqrt.o)
                              /OPT/altera/12.1/nios2eds/bin/gnu/H-i686-pc-linux-gnu/bin/../lib/gcc/nios2-elf/4.1.2/../../../../nios2-elf/lib/mno-hw-mul/libm.a(lib_a-e_pow.o) (__ieee754_sqrt)
/OPT/altera/12.1/nios2eds/bin/gnu/H-i686-pc-linux-gnu/bin/../lib/gcc/nios2-elf/4.1.2/../../../../nios2-elf/lib/mno-hw-mul/libm.a(lib_a-s_fabs.o)
                              /OPT/altera/12.1/nios2eds/bin/gnu/H-i686-pc-linux-gnu/bin/../lib/gcc/nios2-elf/4.1.2/../../../../nios2-elf/lib/mno-hw-mul/libm.a(lib_a-e_pow.o) (fabs)
/OPT/altera/12.1/nios2eds/bin/gnu/H-i686-pc-linux-gnu/bin/../lib/gcc/nios2-elf/4.1.2/../../../../nios2-elf/lib/mno-hw-mul/libm.a(lib_a-s_finite.o)
                              /OPT/altera/12.1/nios2eds/bin/gnu/H-i686-pc-linux-gnu/bin/../lib/gcc/nios2-elf/4.1.2/../../../../nios2-elf/lib/mno-hw-mul/libm.a(lib_a-w_pow.o) (finite)
/OPT/altera/12.1/nios2eds/bin/gnu/H-i686-pc-linux-gnu/bin/../lib/gcc/nios2-elf/4.1.2/../../../../nios2-elf/lib/mno-hw-mul/libm.a(lib_a-s_isnand.o)
                              /OPT/altera/12.1/nios2eds/bin/gnu/H-i686-pc-linux-gnu/bin/../lib/gcc/nios2-elf/4.1.2/../../../../nios2-elf/lib/mno-hw-mul/libm.a(lib_a-w_pow.o) (__isnand)
/OPT/altera/12.1/nios2eds/bin/gnu/H-i686-pc-linux-gnu/bin/../lib/gcc/nios2-elf/4.1.2/../../../../nios2-elf/lib/mno-hw-mul/libm.a(lib_a-s_lib_ver.o)
                              /OPT/altera/12.1/nios2eds/bin/gnu/H-i686-pc-linux-gnu/bin/../lib/gcc/nios2-elf/4.1.2/../../../../nios2-elf/lib/mno-hw-mul/libm.a(lib_a-w_pow.o) (__fdlib_version)
/OPT/altera/12.1/nios2eds/bin/gnu/H-i686-pc-linux-gnu/bin/../lib/gcc/nios2-elf/4.1.2/../../../../nios2-elf/lib/mno-hw-mul/libm.a(lib_a-s_matherr.o)
                              /OPT/altera/12.1/nios2eds/bin/gnu/H-i686-pc-linux-gnu/bin/../lib/gcc/nios2-elf/4.1.2/../../../../nios2-elf/lib/mno-hw-mul/libm.a(lib_a-w_pow.o) (matherr)
/OPT/altera/12.1/nios2eds/bin/gnu/H-i686-pc-linux-gnu/bin/../lib/gcc/nios2-elf/4.1.2/../../../../nios2-elf/lib/mno-hw-mul/libm.a(lib_a-s_nan.o)
                              /OPT/altera/12.1/nios2eds/bin/gnu/H-i686-pc-linux-gnu/bin/../lib/gcc/nios2-elf/4.1.2/../../../../nios2-elf/lib/mno-hw-mul/libm.a(lib_a-e_pow.o) (nan)
/OPT/altera/12.1/nios2eds/bin/gnu/H-i686-pc-linux-gnu/bin/../lib/gcc/nios2-elf/4.1.2/../../../../nios2-elf/lib/mno-hw-mul/libm.a(lib_a-s_rint.o)
                              /OPT/altera/12.1/nios2eds/bin/gnu/H-i686-pc-linux-gnu/bin/../lib/gcc/nios2-elf/4.1.2/../../../../nios2-elf/lib/mno-hw-mul/libm.a(lib_a-w_pow.o) (rint)
/OPT/altera/12.1/nios2eds/bin/gnu/H-i686-pc-linux-gnu/bin/../lib/gcc/nios2-elf/4.1.2/../../../../nios2-elf/lib/mno-hw-mul/libm.a(lib_a-s_scalbn.o)
                              /OPT/altera/12.1/nios2eds/bin/gnu/H-i686-pc-linux-gnu/bin/../lib/gcc/nios2-elf/4.1.2/../../../../nios2-elf/lib/mno-hw-mul/libm.a(lib_a-e_pow.o) (scalbn)
/OPT/altera/12.1/nios2eds/bin/gnu/H-i686-pc-linux-gnu/bin/../lib/gcc/nios2-elf/4.1.2/../../../../nios2-elf/lib/mno-hw-mul/libm.a(lib_a-s_copysign.o)
                              /OPT/altera/12.1/nios2eds/bin/gnu/H-i686-pc-linux-gnu/bin/../lib/gcc/nios2-elf/4.1.2/../../../../nios2-elf/lib/mno-hw-mul/libm.a(lib_a-s_scalbn.o) (copysign)
/OPT/altera/12.1/nios2eds/bin/gnu/H-i686-pc-linux-gnu/bin/../lib/gcc/nios2-elf/4.1.2/mno-hw-mul/libgcc.a(_mul_sf.o)
                              obj/default/MPU9250/mpu9250.o (__mulsf3)
/OPT/altera/12.1/nios2eds/bin/gnu/H-i686-pc-linux-gnu/bin/../lib/gcc/nios2-elf/4.1.2/mno-hw-mul/libgcc.a(_div_sf.o)
                              obj/default/MPU9250/mpu9250.o (__divsf3)
/OPT/altera/12.1/nios2eds/bin/gnu/H-i686-pc-linux-gnu/bin/../lib/gcc/nios2-elf/4.1.2/mno-hw-mul/libgcc.a(_si_to_sf.o)
                              obj/default/MPU9250/mpu9250.o (__floatsisf)
/OPT/altera/12.1/nios2eds/bin/gnu/H-i686-pc-linux-gnu/bin/../lib/gcc/nios2-elf/4.1.2/mno-hw-mul/libgcc.a(_sf_to_df.o)
                              obj/default/MPU9250/mpu9250.o (__extendsfdf2)
/OPT/altera/12.1/nios2eds/bin/gnu/H-i686-pc-linux-gnu/bin/../lib/gcc/nios2-elf/4.1.2/mno-hw-mul/libgcc.a(_thenan_sf.o)
                              /OPT/altera/12.1/nios2eds/bin/gnu/H-i686-pc-linux-gnu/bin/../lib/gcc/nios2-elf/4.1.2/mno-hw-mul/libgcc.a(_mul_sf.o) (__thenan_sf)
[...]
Memory Configuration

Name             Origin             Length             Attributes
sdram_0          0x00800000         0x00800000
sram_0           0x01080000         0x00080000
reset            0x01104000         0x00000020
onchip_memory2_0 0x01104020         0x00003fe0
*default*        0x00000000         0xffffffff

Linker script and memory map

LOAD ../i2c_bsp//obj/HAL/src/crt0.o
LOAD obj/default/MPU9250/mpu9250.o
LOAD obj/default/hello_ucosii.o
LOAD obj/default/i2c/I2C.o
LOAD /OPT/altera/12.1/nios2eds/bin/gnu/H-i686-pc-linux-gnu/bin/../lib/gcc/nios2-elf/4.1.2/../../../../nios2-elf/lib/mno-hw-mul/libstdc++.a
LOAD /OPT/altera/12.1/nios2eds/bin/gnu/H-i686-pc-linux-gnu/bin/../lib/gcc/nios2-elf/4.1.2/../../../../nios2-elf/lib/mno-hw-mul/libm.a
LOAD /OPT/altera/12.1/nios2eds/bin/gnu/H-i686-pc-linux-gnu/bin/../lib/gcc/nios2-elf/4.1.2/mno-hw-mul/libgcc.a
START GROUP
LOAD /OPT/altera/12.1/nios2eds/bin/gnu/H-i686-pc-linux-gnu/bin/../lib/gcc/nios2-elf/4.1.2/../../../../nios2-elf/lib/mno-hw-mul/libc.a
LOAD /OPT/altera/12.1/nios2eds/bin/gnu/H-i686-pc-linux-gnu/bin/../lib/gcc/nios2-elf/4.1.2/mno-hw-mul/libgcc.a
LOAD ../i2c_bsp//libucosii_bsp.a
END GROUP
LOAD /OPT/altera/12.1/nios2eds/bin/gnu/H-i686-pc-linux-gnu/bin/../lib/gcc/nios2-elf/4.1.2/mno-hw-mul/libgcc.a
                0x00800000                __alt_mem_sdram_0 = 0x800000
                0x01080000                __alt_mem_sram_0 = 0x1080000
                0x01104000                __alt_mem_onchip_memory2_0 = 0x1104000

.entry          0x01104000       0x20
 *(.entry)
 .entry         0x01104000       0x20 ../i2c_bsp//obj/HAL/src/crt0.o
                0x01104000                __reset

.exceptions     0x01104020      0x19c load address 0x00800000
                0x01104020                PROVIDE (__ram_exceptions_start, ABSOLUTE (.))
                0x01104020                . = ALIGN (0x20)
 *(.irq)
 *(.exceptions.entry.label)
 .exceptions.entry.label
                0x01104020        0x0 ../i2c_bsp//libucosii_bsp.a(alt_irq_entry.o)
                0x01104020                alt_irq_entry
 .exceptions.entry.label
                0x01104020        0x0 ../i2c_bsp//libucosii_bsp.a(alt_exception_entry.o)
                0x01104020                alt_exception
 *(.exceptions.entry.user)
 *(.exceptions.entry)
 .exceptions.entry
                0x01104020       0x54 ../i2c_bsp//libucosii_bsp.a(alt_exception_entry.o)
 *(.exceptions.irqtest.user)
 *(.exceptions.irqtest)
 .exceptions.irqtest
                0x01104074       0x10 ../i2c_bsp//libucosii_bsp.a(alt_irq_entry.o)
 *(.exceptions.irqhandler.user)
 *(.exceptions.irqhandler)
 .exceptions.irqhandler
                0x01104084        0x4 ../i2c_bsp//libucosii_bsp.a(alt_irq_entry.o)
 *(.exceptions.irqreturn.user)
 *(.exceptions.irqreturn)
 .exceptions.irqreturn
                0x01104088        0x4 ../i2c_bsp//libucosii_bsp.a(alt_irq_entry.o)
 *(.exceptions.notirq.label)
 .exceptions.notirq.label
                0x0110408c        0x0 ../i2c_bsp//libucosii_bsp.a(alt_irq_entry.o)
 *(.exceptions.notirq.user)
 *(.exceptions.notirq)
 .exceptions.notirq
                0x0110408c        0x8 ../i2c_bsp//libucosii_bsp.a(alt_exception_entry.o)
 *(.exceptions.soft.user)
 *(.exceptions.soft)
 *(.exceptions.unknown.user)
 *(.exceptions.unknown)
 .exceptions.unknown
                0x01104094        0x4 ../i2c_bsp//libucosii_bsp.a(alt_exception_entry.o)
 *(.exceptions.exit.label)
 .exceptions.exit.label
                0x01104098        0x0 ../i2c_bsp//libucosii_bsp.a(alt_irq_entry.o)
 .exceptions.exit.label
                0x01104098        0x0 ../i2c_bsp//libucosii_bsp.a(alt_exception_entry.o)
 *(.exceptions.exit.user)
 *(.exceptions.exit)
 .exceptions.exit
                0x01104098       0x54 ../i2c_bsp//libucosii_bsp.a(alt_exception_entry.o)
 *(.exceptions)
 .exceptions    0x011040ec       0xd0 ../i2c_bsp//libucosii_bsp.a(alt_irq_handler.o)
                0x011040ec                alt_irq_handler
                0x011041bc                PROVIDE (__ram_exceptions_end, ABSOLUTE (.))
                0x00800000                PROVIDE (__flash_exceptions_start, LOADADDR (.exceptions))

.text           0x0080019c    0x1a71c
                0x0080019c                PROVIDE (stext, ABSOLUTE (.))
 *(.interp)
 *(.hash)
 *(.dynsym)
 *(.dynstr)
 *(.gnu.version)
 *(.gnu.version_d)
 *(.gnu.version_r)
 *(.rel.init)
 *(.rela.init)
 *(.rel.text .rel.text.* .rel.gnu.linkonce.t.*)
 *(.rela.text .rela.text.* .rela.gnu.linkonce.t.*)
 *(.rel.fini)
 *(.rela.fini)
 *(.rel.rodata .rel.rodata.* .rel.gnu.linkonce.r.*)
 *(.rela.rodata .rela.rodata.* .rela.gnu.linkonce.r.*)
 *(.rel.data .rel.data.* .rel.gnu.linkonce.d.*)
 *(.rela.data .rela.data.* .rela.gnu.linkonce.d.*)
 *(.rel.tdata .rel.tdata.* .rel.gnu.linkonce.td.*)
 *(.rela.tdata .rela.tdata.* .rela.gnu.linkonce.td.*)
 *(.rel.tbss .rel.tbss.* .rel.gnu.linkonce.tb.*)
 *(.rela.tbss .rela.tbss.* .rela.gnu.linkonce.tb.*)
 *(.rel.ctors)
 *(.rela.ctors)
 *(.rel.dtors)
 *(.rela.dtors)
 *(.rel.got)
 *(.rela.got)
 *(.rel.sdata .rel.sdata.* .rel.gnu.linkonce.s.*)
 *(.rela.sdata .rela.sdata.* .rela.gnu.linkonce.s.*)
 *(.rel.sbss .rel.sbss.* .rel.gnu.linkonce.sb.*)
 *(.rela.sbss .rela.sbss.* .rela.gnu.linkonce.sb.*)
 *(.rel.sdata2 .rel.sdata2.* .rel.gnu.linkonce.s2.*)
 *(.rela.sdata2 .rela.sdata2.* .rela.gnu.linkonce.s2.*)
 *(.rel.sbss2 .rel.sbss2.* .rel.gnu.linkonce.sb2.*)
 *(.rela.sbss2 .rela.sbss2.* .rela.gnu.linkonce.sb2.*)
 *(.rel.bss .rel.bss.* .rel.gnu.linkonce.b.*)
 *(.rela.bss .rela.bss.* .rela.gnu.linkonce.b.*)
 *(.rel.plt)
 *(.rela.plt)
 *(.rel.dyn)
 *(.init)
 *(.plt)
 *(.text .stub .text.* .gnu.linkonce.t.*)
 .text          0x0080019c       0x3c ../i2c_bsp//obj/HAL/src/crt0.o
                0x0080019c                _start
 .text          0x008001d8     0x16cc obj/default/MPU9250/mpu9250.o
                0x008001d8                initMPU9250
                0x00800658                MPU9250SelfTest
 .text          0x008018a4      0x400 obj/default/hello_ucosii.o
                0x008018a4                task1
                0x00801bcc                task2
                0x00801bf8                main
 .text          0x00801ca4      0xa80 obj/default/i2c/I2C.o
                0x00801ca4                I2C_Start
                0x00801cdc                I2C_Stop
                0x00801d14                I2C_WriteToDevice
                0x00801e0c                I2C_WriteToDeviceRegister
                0x00801f3c                I2C_WriteMore
                0x00802000                I2C_ReadFromDevice
                0x008020f4                I2C_ReadFromDeviceRegister
                0x00802250                I2C_ReadMore
                0x008022fc                i2c_selectAddress
                0x00802374                i2c_start
                0x008023fc                i2c_stop
                0x00802474                i2c_write
                0x008025b8                i2c_read
 .text          0x00802724      0x488 /OPT/altera/12.1/nios2eds/bin/gnu/H-i686-pc-linux-gnu/bin/../lib/gcc/nios2-elf/4.1.2/../../../../nios2-elf/lib/mno-hw-mul/libm.a(lib_a-w_pow.o)
                0x00802724                pow
 .text          0x00802bac     0x1300 /OPT/altera/12.1/nios2eds/bin/gnu/H-i686-pc-linux-gnu/bin/../lib/gcc/nios2-elf/4.1.2/../../../../nios2-elf/lib/mno-hw-mul/libm.a(lib_a-e_pow.o)
                0x00802bac                __ieee754_pow
 .text          0x00803eac      0x2c8 /OPT/altera/12.1/nios2eds/bin/gnu/H-i686-pc-linux-gnu/bin/../lib/gcc/nios2-elf/4.1.2/../../../../nios2-elf/lib/mno-hw-mul/libm.a(lib_a-e_sqrt.o)
                0x00803eac                __ieee754_sqrt
 .text          0x00804174       0x18 /OPT/altera/12.1/nios2eds/bin/gnu/H-i686-pc-linux-gnu/bin/../lib/gcc/nios2-elf/4.1.2/../../../../nios2-elf/lib/mno-hw-mul/libm.a(lib_a-s_fabs.o)
                0x00804174                fabs
 .text          0x0080418c       0x1c /OPT/altera/12.1/nios2eds/bin/gnu/H-i686-pc-linux-gnu/bin/../lib/gcc/nios2-elf/4.1.2/../../../../nios2-elf/lib/mno-hw-mul/libm.a(lib_a-s_finite.o)
                0x0080418c                finite
 .text          0x008041a8       0x30 /OPT/altera/12.1/nios2eds/bin/gnu/H-i686-pc-linux-gnu/bin/../lib/gcc/nios2-elf/4.1.2/../../../../nios2-elf/lib/mno-hw-mul/libm.a(lib_a-s_isnand.o)
                0x008041a8                __isnand
 .text          0x008041d8        0x0 /OPT/altera/12.1/nios2eds/bin/gnu/H-i686-pc-linux-gnu/bin/../lib/gcc/nios2-elf/4.1.2/../../../../nios2-elf/lib/mno-hw-mul/libm.a(lib_a-s_lib_ver.o)
 .text          0x008041d8        0x8 /OPT/altera/12.1/nios2eds/bin/gnu/H-i686-pc-linux-gnu/bin/../lib/gcc/nios2-elf/4.1.2/../../../../nios2-elf/lib/mno-hw-mul/libm.a(lib_a-s_matherr.o)
                0x008041d8                matherr
 .text          0x008041e0       0x10 /OPT/altera/12.1/nios2eds/bin/gnu/H-i686-pc-linux-gnu/bin/../lib/gcc/nios2-elf/4.1.2/../../../../nios2-elf/lib/mno-hw-mul/libm.a(lib_a-s_nan.o)
                0x008041e0                nan
 .text          0x008041f0      0x210 /OPT/altera/12.1/nios2eds/bin/gnu/H-i686-pc-linux-gnu/bin/../lib/gcc/nios2-elf/4.1.2/../../../../nios2-elf/lib/mno-hw-mul/libm.a(lib_a-s_rint.o)
                0x008041f0                rint
 .text          0x00804400      0x1e0 /OPT/altera/12.1/nios2eds/bin/gnu/H-i686-pc-linux-gnu/bin/../lib/gcc/nios2-elf/4.1.2/../../../../nios2-elf/lib/mno-hw-mul/libm.a(lib_a-s_scalbn.o)
                0x00804400                scalbn
 .text          0x008045e0       0x24 /OPT/altera/12.1/nios2eds/bin/gnu/H-i686-pc-linux-gnu/bin/../lib/gcc/nios2-elf/4.1.2/../../../../nios2-elf/lib/mno-hw-mul/libm.a(lib_a-s_copysign.o)
                0x008045e0                copysign
 .text          0x00804604      0x1e0 /OPT/altera/12.1/nios2eds/bin/gnu/H-i686-pc-linux-gnu/bin/../lib/gcc/nios2-elf/4.1.2/mno-hw-mul/libgcc.a(_mul_sf.o)
                0x00804604                __mulsf3
 .text          0x008047e4      0x174 /OPT/altera/12.1/nios2eds/bin/gnu/H-i686-pc-linux-gnu/bin/../lib/gcc/nios2-elf/4.1.2/mno-hw-mul/libgcc.a(_div_sf.o)
                0x008047e4                __divsf3
 .text          0x00804958       0x98 /OPT/altera/12.1/nios2eds/bin/gnu/H-i686-pc-linux-gnu/bin/../lib/gcc/nios2-elf/4.1.2/mno-hw-mul/libgcc.a(_si_to_sf.o)
                0x00804958                __floatsisf
 .text          0x008049f0       0x54 /OPT/altera/12.1/nios2eds/bin/gnu/H-i686-pc-linux-gnu/bin/../lib/gcc/nios2-elf/4.1.2/mno-hw-mul/libgcc.a(_sf_to_df.o)
                0x008049f0                __extendsfdf2
 .text          0x00804a44        0x0 /OPT/altera/12.1/nios2eds/bin/gnu/H-i686-pc-linux-gnu/bin/../lib/gcc/nios2-elf/4.1.2/mno-hw-mul/libgcc.a(_thenan_sf.o)
 .text          0x00804a44       0xc0 /OPT/altera/12.1/nios2eds/bin/gnu/H-i686-pc-linux-gnu/bin/../lib/gcc/nios2-elf/4.1.2/mno-hw-mul/libgcc.a(_usi_to_sf.o)
                0x00804a44                __floatunsisf
 .text          0x00804b04      0x504 /OPT/altera/12.1/nios2eds/bin/gnu/H-i686-pc-linux-gnu/bin/../lib/gcc/nios2-elf/4.1.2/mno-hw-mul/libgcc.a(_addsub_df.o)
                0x00804f14                __subdf3
                0x00804f94                __adddf3
 .text          0x00805008      0x3c4 /OPT/altera/12.1/nios2eds/bin/gnu/H-i686-pc-linux-gnu/bin/../lib/gcc/nios2-elf/4.1.2/mno-hw-mul/libgcc.a(_mul_df.o)
                0x00805008                __muldf3
 .text          0x008053cc      0x258 /OPT/altera/12.1/nios2eds/bin/gnu/H-i686-pc-linux-gnu/bin/../lib/gcc/nios2-elf/4.1.2/mno-hw-mul/libgcc.a(_div_df.o)
                0x008053cc                __divdf3
 .text          0x00805624       0x88 /OPT/altera/12.1/nios2eds/bin/gnu/H-i686-pc-linux-gnu/bin/../lib/gcc/nios2-elf/4.1.2/mno-hw-mul/libgcc.a(_eq_df.o)
                0x00805624                __eqdf2
 .text          0x008056ac       0x88 /OPT/altera/12.1/nios2eds/bin/gnu/H-i686-pc-linux-gnu/bin/../lib/gcc/nios2-elf/4.1.2/mno-hw-mul/libgcc.a(_ne_df.o)
                0x008056ac                __nedf2
 .text          0x00805734       0x88 /OPT/altera/12.1/nios2eds/bin/gnu/H-i686-pc-linux-gnu/bin/../lib/gcc/nios2-elf/4.1.2/mno-hw-mul/libgcc.a(_gt_df.o)
                0x00805734                __gtdf2
 .text          0x008057bc       0x88 /OPT/altera/12.1/nios2eds/bin/gnu/H-i686-pc-linux-gnu/bin/../lib/gcc/nios2-elf/4.1.2/mno-hw-mul/libgcc.a(_lt_df.o)
                0x008057bc                __ltdf2
 .text          0x00805844       0x88 /OPT/altera/12.1/nios2eds/bin/gnu/H-i686-pc-linux-gnu/bin/../lib/gcc/nios2-elf/4.1.2/mno-hw-mul/libgcc.a(_le_df.o)
                0x00805844                __ledf2
 .text          0x008058cc       0xf8 /OPT/altera/12.1/nios2eds/bin/gnu/H-i686-pc-linux-gnu/bin/../lib/gcc/nios2-elf/4.1.2/mno-hw-mul/libgcc.a(_si_to_df.o)
                0x008058cc                __floatsidf
 .text          0x008059c4       0x38 /OPT/altera/12.1/nios2eds/bin/gnu/H-i686-pc-linux-gnu/bin/../lib/gcc/nios2-elf/4.1.2/mno-hw-mul/libgcc.a(_make_df.o)
                0x008059c4                __make_dp
 .text          0x008059fc       0x74 /OPT/altera/12.1/nios2eds/bin/gnu/H-i686-pc-linux-gnu/bin/../lib/gcc/nios2-elf/4.1.2/mno-hw-mul/libgcc.a(_df_to_sf.o)
                0x008059fc                __truncdfsf2
 .text          0x00805a70        0x0 /OPT/altera/12.1/nios2eds/bin/gnu/H-i686-pc-linux-gnu/bin/../lib/gcc/nios2-elf/4.1.2/mno-hw-mul/libgcc.a(_thenan_df.o)
 .text          0x00805a70      0x14c /OPT/altera/12.1/nios2eds/bin/gnu/H-i686-pc-linux-gnu/bin/../lib/gcc/nios2-elf/4.1.2/mno-hw-mul/libgcc.a(lib2-divmod.o)
                0x00805aec                __divsi3
                0x00805b4c                __modsi3
                0x00805bac                __udivsi3
                0x00805bb4                __umodsi3
 .text          0x00805bbc       0x38 /OPT/altera/12.1/nios2eds/bin/gnu/H-i686-pc-linux-gnu/bin/../lib/gcc/nios2-elf/4.1.2/mno-hw-mul/libgcc.a(lib2-mul.o)
                0x00805bbc                __mulsi3
 .text          0x00805bf4      0x124 /OPT/altera/12.1/nios2eds/bin/gnu/H-i686-pc-linux-gnu/bin/../lib/gcc/nios2-elf/4.1.2/mno-hw-mul/libgcc.a(_muldi3.o)
                0x00805bf4                __muldi3
 .text          0x00805d18       0x80 /OPT/altera/12.1/nios2eds/bin/gnu/H-i686-pc-linux-gnu/bin/../lib/gcc/nios2-elf/4.1.2/mno-hw-mul/libgcc.a(_clzsi2.o)
                0x00805d18                __clzsi2
 .text          0x00805d98      0x160 /OPT/altera/12.1/nios2eds/bin/gnu/H-i686-pc-linux-gnu/bin/../lib/gcc/nios2-elf/4.1.2/mno-hw-mul/libgcc.a(_pack_sf.o)
                0x00805d98                __pack_f
 .text          0x00805ef8       0xc8 /OPT/altera/12.1/nios2eds/bin/gnu/H-i686-pc-linux-gnu/bin/../lib/gcc/nios2-elf/4.1.2/mno-hw-mul/libgcc.a(_unpack_sf.o)
                0x00805ef8                __unpack_f
 .text          0x00805fc0       0x2c /OPT/altera/12.1/nios2eds/bin/gnu/H-i686-pc-linux-gnu/bin/../lib/gcc/nios2-elf/4.1.2/mno-hw-mul/libgcc.a(_make_sf.o)
                0x00805fc0                __make_fp
 .text          0x00805fec      0x314 /OPT/altera/12.1/nios2eds/bin/gnu/H-i686-pc-linux-gnu/bin/../lib/gcc/nios2-elf/4.1.2/mno-hw-mul/libgcc.a(_pack_df.o)
                0x00805fec                __pack_d
 .text          0x00806300      0x138 /OPT/altera/12.1/nios2eds/bin/gnu/H-i686-pc-linux-gnu/bin/../lib/gcc/nios2-elf/4.1.2/mno-hw-mul/libgcc.a(_unpack_df.o)
                0x00806300                __unpack_d
 .text          0x00806438       0xc8 /OPT/altera/12.1/nios2eds/bin/gnu/H-i686-pc-linux-gnu/bin/../lib/gcc/nios2-elf/4.1.2/mno-hw-mul/libgcc.a(_fpcmp_parts_df.o)
                0x00806438                __fpcmp_parts_d
 .text          0x00806500        0x0 /OPT/altera/12.1/nios2eds/bin/gnu/H-i686-pc-linux-gnu/bin/../lib/gcc/nios2-elf/4.1.2/mno-hw-mul/libgcc.a(_clz.o)
 .text          0x00806500       0x10 /OPT/altera/12.1/nios2eds/bin/gnu/H-i686-pc-linux-gnu/bin/../lib/gcc/nios2-elf/4.1.2/../../../../nios2-elf/lib/mno-hw-mul/libc.a(lib_a-errno.o)
                0x00806500                __errno
 .text          0x00806510        0x0 /OPT/altera/12.1/nios2eds/bin/gnu/H-i686-pc-linux-gnu/bin/../lib/gcc/nios2-elf/4.1.2/../../../../nios2-elf/lib/mno-hw-mul/libc.a(lib_a-impure.o)
 .text          0x00806510       0x78 /OPT/altera/12.1/nios2eds/bin/gnu/H-i686-pc-linux-gnu/bin/../lib/gcc/nios2-elf/4.1.2/../../../../nios2-elf/lib/mno-hw-mul/libc.a(lib_a-printf.o)
                0x00806510                printf
                0x00806554                _printf_r
 .text          0x00806588       0xb4 /OPT/altera/12.1/nios2eds/bin/gnu/H-i686-pc-linux-gnu/bin/../lib/gcc/nios2-elf/4.1.2/../../../../nios2-elf/lib/mno-hw-mul/libc.a(lib_a-puts.o)
                0x00806588                _puts_r
                0x00806628                puts
 .text          0x0080663c       0x74 /OPT/altera/12.1/nios2eds/bin/gnu/H-i686-pc-linux-gnu/bin/../lib/gcc/nios2-elf/4.1.2/../../../../nios2-elf/lib/mno-hw-mul/libc.a(lib_a-strlen.o)
                0x0080663c                strlen
 .text          0x008066b0     0x1f40 /OPT/altera/12.1/nios2eds/bin/gnu/H-i686-pc-linux-gnu/bin/../lib/gcc/nios2-elf/4.1.2/../../../../nios2-elf/lib/mno-hw-mul/libc.a(lib_a-vfprintf.o)
                0x00806708                ___vfprintf_internal_r
                0x008085cc                __vfprintf_internal
 .text          0x008085f0      0x13c /OPT/altera/12.1/nios2eds/bin/gnu/H-i686-pc-linux-gnu/bin/../lib/gcc/nios2-elf/4.1.2/../../../../nios2-elf/lib/mno-hw-mul/libc.a(lib_a-wsetup.o)
                0x008085f0                __swsetup_r
 .text          0x0080872c     0x17f8 /OPT/altera/12.1/nios2eds/bin/gnu/H-i686-pc-linux-gnu/bin/../lib/gcc/nios2-elf/4.1.2/../../../../nios2-elf/lib/mno-hw-mul/libc.a(lib_a-dtoa.o)
                0x00808970                _dtoa_r
 .text          0x00809f24      0x230 /OPT/altera/12.1/nios2eds/bin/gnu/H-i686-pc-linux-gnu/bin/../lib/gcc/nios2-elf/4.1.2/../../../../nios2-elf/lib/mno-hw-mul/libc.a(lib_a-fflush.o)
                0x00809f24                _fflush_r
                0x0080a120                fflush
 .text          0x0080a154      0x2f4 /OPT/altera/12.1/nios2eds/bin/gnu/H-i686-pc-linux-gnu/bin/../lib/gcc/nios2-elf/4.1.2/../../../../nios2-elf/lib/mno-hw-mul/libc.a(lib_a-findfp.o)
                0x0080a1ac                __sfp_lock_acquire
                0x0080a1b0                __sfp_lock_release
                0x0080a1b4                __sinit_lock_acquire
                0x0080a1b8                __sinit_lock_release
                0x0080a1bc                __sinit
                0x0080a270                __fp_unlock_all
                0x0080a288                __fp_lock_all
                0x0080a2a0                _cleanup_r
                0x0080a2ac                _cleanup
                0x0080a2bc                __sfmoreglue
                0x0080a358                __sfp
 .text          0x0080a448      0x440 /OPT/altera/12.1/nios2eds/bin/gnu/H-i686-pc-linux-gnu/bin/../lib/gcc/nios2-elf/4.1.2/../../../../nios2-elf/lib/mno-hw-mul/libc.a(lib_a-freer.o)
                0x0080a448                _malloc_trim_r
                0x0080a574                _free_r
 .text          0x0080a888      0x49c /OPT/altera/12.1/nios2eds/bin/gnu/H-i686-pc-linux-gnu/bin/../lib/gcc/nios2-elf/4.1.2/../../../../nios2-elf/lib/mno-hw-mul/libc.a(lib_a-fvwrite.o)
                0x0080a888                __sfvwrite_r
 .text          0x0080ad24      0x180 /OPT/altera/12.1/nios2eds/bin/gnu/H-i686-pc-linux-gnu/bin/../lib/gcc/nios2-elf/4.1.2/../../../../nios2-elf/lib/mno-hw-mul/libc.a(lib_a-fwalk.o)
                0x0080ad24                _fwalk_reent
                0x0080adec                _fwalk
 .text          0x0080aea4       0xc4 /OPT/altera/12.1/nios2eds/bin/gnu/H-i686-pc-linux-gnu/bin/../lib/gcc/nios2-elf/4.1.2/../../../../nios2-elf/lib/mno-hw-mul/libc.a(lib_a-locale.o)
                0x0080aea4                __locale_charset
                0x0080aeac                _localeconv_r
                0x0080aeb8                localeconv
                0x0080aec8                _setlocale_r
                0x0080af4c                setlocale
 .text          0x0080af68      0x194 /OPT/altera/12.1/nios2eds/bin/gnu/H-i686-pc-linux-gnu/bin/../lib/gcc/nios2-elf/4.1.2/../../../../nios2-elf/lib/mno-hw-mul/libc.a(lib_a-makebuf.o)
                0x0080af68                __smakebuf_r
 .text          0x0080b0fc      0x740 /OPT/altera/12.1/nios2eds/bin/gnu/H-i686-pc-linux-gnu/bin/../lib/gcc/nios2-elf/4.1.2/../../../../nios2-elf/lib/mno-hw-mul/libc.a(lib_a-mallocr.o)
                0x0080b0fc                _malloc_r
 .text          0x0080b83c       0xe4 /OPT/altera/12.1/nios2eds/bin/gnu/H-i686-pc-linux-gnu/bin/../lib/gcc/nios2-elf/4.1.2/../../../../nios2-elf/lib/mno-hw-mul/libc.a(lib_a-memchr.o)
                0x0080b83c                memchr
 .text          0x0080b920       0xa0 /OPT/altera/12.1/nios2eds/bin/gnu/H-i686-pc-linux-gnu/bin/../lib/gcc/nios2-elf/4.1.2/../../../../nios2-elf/lib/mno-hw-mul/libc.a(lib_a-memcpy.o)
                0x0080b920                memcpy
 .text          0x0080b9c0       0xe0 /OPT/altera/12.1/nios2eds/bin/gnu/H-i686-pc-linux-gnu/bin/../lib/gcc/nios2-elf/4.1.2/../../../../nios2-elf/lib/mno-hw-mul/libc.a(lib_a-memmove.o)
                0x0080b9c0                memmove
 .text          0x0080baa0       0x98 /OPT/altera/12.1/nios2eds/bin/gnu/H-i686-pc-linux-gnu/bin/../lib/gcc/nios2-elf/4.1.2/../../../../nios2-elf/lib/mno-hw-mul/libc.a(lib_a-memset.o)
                0x0080baa0                memset
 .text          0x0080bb38     0x108c /OPT/altera/12.1/nios2eds/bin/gnu/H-i686-pc-linux-gnu/bin/../lib/gcc/nios2-elf/4.1.2/../../../../nios2-elf/lib/mno-hw-mul/libc.a(lib_a-mprec.o)
                0x0080bb38                _Bfree
                0x0080bb60                __hi0bits
                0x0080bbd0                __lo0bits
                0x0080bc94                __mcmp
                0x0080bcf4                __ulp
                0x0080bd74                __b2d
                0x0080be94                __ratio
                0x0080bf44                _mprec_log10
                0x0080bfd8                __copybits
                0x0080c030                __any_on
                0x0080c0b8                _Balloc
                0x0080c174                __d2b
                0x0080c2f0                __mdiff
                0x0080c47c                __lshift
                0x0080c5c8                __multiply
                0x0080c81c                __i2b
                0x0080c858                __multadd
                0x0080c984                __pow5mult
                0x0080caa4                __s2b
 .text          0x0080cbc4      0x5f4 /OPT/altera/12.1/nios2eds/bin/gnu/H-i686-pc-linux-gnu/bin/../lib/gcc/nios2-elf/4.1.2/../../../../nios2-elf/lib/mno-hw-mul/libc.a(lib_a-reallocr.o)
                0x0080cbc4                _realloc_r
 .text          0x0080d1b8       0x40 /OPT/altera/12.1/nios2eds/bin/gnu/H-i686-pc-linux-gnu/bin/../lib/gcc/nios2-elf/4.1.2/../../../../nios2-elf/lib/mno-hw-mul/libc.a(lib_a-s_isinfd.o)
                0x0080d1b8                __isinfd
 .text          0x0080d1f8       0x70 /OPT/altera/12.1/nios2eds/bin/gnu/H-i686-pc-linux-gnu/bin/../lib/gcc/nios2-elf/4.1.2/../../../../nios2-elf/lib/mno-hw-mul/libc.a(lib_a-sbrkr.o)
                0x0080d1f8                _sbrk_r
 .text          0x0080d268      0x14c /OPT/altera/12.1/nios2eds/bin/gnu/H-i686-pc-linux-gnu/bin/../lib/gcc/nios2-elf/4.1.2/../../../../nios2-elf/lib/mno-hw-mul/libc.a(lib_a-stdio.o)
                0x0080d268                __sclose
                0x0080d270                __sseek
                0x0080d2d8                __swrite
                0x0080d354                __sread
 .text          0x0080d3b4       0xbc /OPT/altera/12.1/nios2eds/bin/gnu/H-i686-pc-linux-gnu/bin/../lib/gcc/nios2-elf/4.1.2/../../../../nios2-elf/lib/mno-hw-mul/libc.a(lib_a-strcmp.o)
                0x0080d3b4                strcmp
 .text          0x0080d470       0x78 /OPT/altera/12.1/nios2eds/bin/gnu/H-i686-pc-linux-gnu/bin/../lib/gcc/nios2-elf/4.1.2/../../../../nios2-elf/lib/mno-hw-mul/libc.a(lib_a-writer.o)
                0x0080d470                _write_r
 .text          0x0080d4e8       0xc8 /OPT/altera/12.1/nios2eds/bin/gnu/H-i686-pc-linux-gnu/bin/../lib/gcc/nios2-elf/4.1.2/../../../../nios2-elf/lib/mno-hw-mul/libc.a(lib_a-callocr.o)
                0x0080d4e8                _calloc_r
 .text          0x0080d5b0       0x70 /OPT/altera/12.1/nios2eds/bin/gnu/H-i686-pc-linux-gnu/bin/../lib/gcc/nios2-elf/4.1.2/../../../../nios2-elf/lib/mno-hw-mul/libc.a(lib_a-closer.o)
                0x0080d5b0                _close_r
 .text          0x0080d620      0x124 /OPT/altera/12.1/nios2eds/bin/gnu/H-i686-pc-linux-gnu/bin/../lib/gcc/nios2-elf/4.1.2/../../../../nios2-elf/lib/mno-hw-mul/libc.a(lib_a-fclose.o)
                0x0080d620                _fclose_r
                0x0080d730                fclose
 .text          0x0080d744       0x74 /OPT/altera/12.1/nios2eds/bin/gnu/H-i686-pc-linux-gnu/bin/../lib/gcc/nios2-elf/4.1.2/../../../../nios2-elf/lib/mno-hw-mul/libc.a(lib_a-fstatr.o)
                0x0080d744                _fstat_r
 .text          0x0080d7b8        0x0 /OPT/altera/12.1/nios2eds/bin/gnu/H-i686-pc-linux-gnu/bin/../lib/gcc/nios2-elf/4.1.2/../../../../nios2-elf/lib/mno-hw-mul/libc.a(lib_a-int_errno.o)
 .text          0x0080d7b8       0x70 /OPT/altera/12.1/nios2eds/bin/gnu/H-i686-pc-linux-gnu/bin/../lib/gcc/nios2-elf/4.1.2/../../../../nios2-elf/lib/mno-hw-mul/libc.a(lib_a-isattyr.o)
                0x0080d7b8                _isatty_r
 .text          0x0080d828       0x78 /OPT/altera/12.1/nios2eds/bin/gnu/H-i686-pc-linux-gnu/bin/../lib/gcc/nios2-elf/4.1.2/../../../../nios2-elf/lib/mno-hw-mul/libc.a(lib_a-lseekr.o)
                0x0080d828                _lseek_r
 .text          0x0080d8a0       0x78 /OPT/altera/12.1/nios2eds/bin/gnu/H-i686-pc-linux-gnu/bin/../lib/gcc/nios2-elf/4.1.2/../../../../nios2-elf/lib/mno-hw-mul/libc.a(lib_a-readr.o)
                0x0080d8a0                _read_r
 .text          0x0080d918      0x66c /OPT/altera/12.1/nios2eds/bin/gnu/H-i686-pc-linux-gnu/bin/../lib/gcc/nios2-elf/4.1.2/mno-hw-mul/libgcc.a(_udivdi3.o)
                0x0080d918                __udivdi3
 .text          0x0080df84      0x660 /OPT/altera/12.1/nios2eds/bin/gnu/H-i686-pc-linux-gnu/bin/../lib/gcc/nios2-elf/4.1.2/mno-hw-mul/libgcc.a(_umoddi3.o)
                0x0080df84                __umoddi3
 .text          0x0080e5e4       0x88 /OPT/altera/12.1/nios2eds/bin/gnu/H-i686-pc-linux-gnu/bin/../lib/gcc/nios2-elf/4.1.2/mno-hw-mul/libgcc.a(_ge_df.o)
                0x0080e5e4                __gedf2
 .text          0x0080e66c       0xd8 /OPT/altera/12.1/nios2eds/bin/gnu/H-i686-pc-linux-gnu/bin/../lib/gcc/nios2-elf/4.1.2/mno-hw-mul/libgcc.a(_df_to_si.o)
                0x0080e66c                __fixdfsi
 .text          0x0080e744      0x194 /OPT/altera/12.1/nios2eds/bin/gnu/H-i686-pc-linux-gnu/bin/../lib/gcc/nios2-elf/4.1.2/mno-hw-mul/libgcc.a(_usi_to_df.o)
                0x0080e744                __floatunsidf
 .text          0x0080e8d8      0x160 ../i2c_bsp//libucosii_bsp.a(alt_close.o)
                0x0080e8d8                close
 .text          0x0080ea38       0x2c ../i2c_bsp//libucosii_bsp.a(alt_dev.o)
 .text          0x0080ea64        0x0 ../i2c_bsp//libucosii_bsp.a(alt_errno.o)
 .text          0x0080ea64      0x138 ../i2c_bsp//libucosii_bsp.a(alt_fstat.o)
                0x0080ea64                fstat
 .text          0x0080eb9c      0x124 ../i2c_bsp//libucosii_bsp.a(alt_isatty.o)
                0x0080eb9c                isatty
 .text          0x0080ecc0       0xec ../i2c_bsp//libucosii_bsp.a(alt_load.o)
                0x0080ecc0                alt_load
 .text          0x0080edac      0x154 ../i2c_bsp//libucosii_bsp.a(alt_lseek.o)
                0x0080edac                lseek
 .text          0x0080ef00       0xc8 ../i2c_bsp//libucosii_bsp.a(alt_main.o)
                0x0080ef00                alt_main
 .text          0x0080efc8      0x184 ../i2c_bsp//libucosii_bsp.a(alt_read.o)
                0x0080efc8                read
 .text          0x0080f14c       0x78 ../i2c_bsp//libucosii_bsp.a(alt_release_fd.o)
                0x0080f14c                alt_release_fd
 .text          0x0080f1c4       0xbc ../i2c_bsp//libucosii_bsp.a(alt_sbrk.o)
                0x0080f1c4                sbrk
 .text          0x0080f280      0x120 ../i2c_bsp//libucosii_bsp.a(alt_usleep.o)
                0x0080f280                usleep
 .text          0x0080f3a0      0x184 ../i2c_bsp//libucosii_bsp.a(alt_write.o)
                0x0080f3a0                write
 .text          0x0080f524      0x108 ../i2c_bsp//libucosii_bsp.a(alt_env_lock.o)
                0x0080f524                __env_lock
                0x0080f5d0                __env_unlock
 .text          0x0080f62c      0x1d8 ../i2c_bsp//libucosii_bsp.a(alt_malloc_lock.o)
                0x0080f62c                __malloc_lock
                0x0080f734                __malloc_unlock
 .text          0x0080f804     0x2128 ../i2c_bsp//libucosii_bsp.a(os_core.o)
                0x0080f804                OSEventNameGet
                0x0080f934                OSEventNameSet
                0x0080fa78                OSEventPendMulti
                0x0081012c                OSInit
                0x00810180                OSIntEnter
                0x008101fc                OSIntExit
                0x008102fc                OSSchedLock
                0x00810388                OSSchedUnlock
                0x0081046c                OSStart
                0x008104dc                OSStatInit
                0x00810588                OSTimeTick
                0x008107c8                OSVersion
                0x008107e8                OS_Dummy
                0x00810804                OS_EventTaskRdy
                0x00810998                OS_EventTaskWait
                0x00810aa8                OS_EventTaskWaitMulti
                0x00810bfc                OS_EventTaskRemove
                0x00810cb4                OS_EventTaskRemoveMulti
                0x00810db8                OS_EventWaitListInit
                0x00811184                OS_MemClr
                0x008111d8                OS_MemCopy
                0x00811244                OS_Sched
                0x00811388                OS_StrCopy
                0x00811408                OS_StrLen
                0x00811460                OS_TaskIdle
                0x008114bc                OS_TaskStat
                0x00811584                OS_TaskStatStkChk
                0x0081164c                OS_TCBInit
 .text          0x0081192c      0x18c ../i2c_bsp//libucosii_bsp.a(os_dbg.o)
                0x0081192c                OSDebugInit
 .text          0x00811ab8     0x193c ../i2c_bsp//libucosii_bsp.a(os_flag.o)
                0x00811ab8                OSFlagAccept
                0x00811dec                OSFlagCreate
                0x00811f28                OSFlagDel
                0x008121d0                OSFlagNameGet
                0x00812314                OSFlagNameSet
                0x00812468                OSFlagPend
                0x00812aac                OSFlagPendGetFlagsRdy
                0x00812b14                OSFlagPost
                0x00812ebc                OSFlagQuery
                0x00813154                OS_FlagInit
                0x00813348                OS_FlagUnlink
 .text          0x008133f4      0x80c ../i2c_bsp//libucosii_bsp.a(os_mem.o)
                0x008133f4                OSMemCreate
                0x00813610                OSMemGet
                0x00813714                OSMemNameGet
                0x00813820                OSMemNameSet
                0x00813940                OSMemPut
                0x00813a30                OSMemQuery
                0x00813b2c                OS_MemInit
 .text          0x00813c00     0x1334 ../i2c_bsp//libucosii_bsp.a(os_q.o)
                0x00813c00                OSQAccept
                0x00813d54                OSQCreate
                0x00813f68                OSQDel
                0x00814268                OSQFlush
                0x00814330                OSQPend
                0x00814650                OSQPendAbort
                0x008147cc                OSQPost
                0x0081494c                OSQPostFront
                0x00814ad4                OSQPostOpt
                0x00814d08                OSQQuery
                0x00814e88                OS_QInit
 .text          0x00814f34      0xbc8 ../i2c_bsp//libucosii_bsp.a(os_sem.o)
                0x00814f34                OSSemAccept
                0x00814ff4                OSSemCreate
                0x00815108                OSSemDel
                0x008153a8                OSSemPend
                0x00815624                OSSemPendAbort
                0x008157a0                OSSemPost
                0x008158c8                OSSemQuery
                0x008159f8                OSSemSet
 .text          0x00815afc     0x1a40 ../i2c_bsp//libucosii_bsp.a(os_task.o)
                0x00815afc                OSTaskChangePrio
                0x00816070                OSTaskCreate
                0x00816244                OSTaskCreateExt
                0x00816444                OSTaskDel
                0x00816850                OSTaskDelReq
                0x008169c0                OSTaskNameGet
                0x00816b78                OSTaskNameSet
                0x00816d3c                OSTaskResume
                0x00816f54                OSTaskStkChk
                0x00817150                OSTaskSuspend
                0x0081737c                OSTaskQuery
                0x008174c0                OS_TaskStkClr
 .text          0x0081753c      0x5b4 ../i2c_bsp//libucosii_bsp.a(os_time.o)
                0x0081753c                OSTimeDly
                0x00817688                OSTimeDlyHMSM
                0x00817818                OSTimeDlyResume
                0x00817a28                OSTimeGet
                0x00817a8c                OSTimeSet
 .text          0x00817af0       0xf8 ../i2c_bsp//libucosii_bsp.a(alt_sys_init.o)
                0x00817af0                alt_irq_init
                0x00817b24                alt_sys_init
 .text          0x00817be8      0x148 ../i2c_bsp//libucosii_bsp.a(altera_avalon_jtag_uart_fd.o)
                0x00817be8                altera_avalon_jtag_uart_read_fd
                0x00817c40                altera_avalon_jtag_uart_write_fd
                0x00817c98                altera_avalon_jtag_uart_close_fd
                0x00817ce0                altera_avalon_jtag_uart_ioctl_fd
 .text          0x00817d30      0x584 ../i2c_bsp//libucosii_bsp.a(altera_avalon_jtag_uart_init.o)
                0x00817d30                altera_avalon_jtag_uart_init
                0x00818240                altera_avalon_jtag_uart_close
 .text          0x008182b4       0xf4 ../i2c_bsp//libucosii_bsp.a(altera_avalon_jtag_uart_ioctl.o)
                0x008182b4                altera_avalon_jtag_uart_ioctl
 .text          0x008183a8      0x2c0 ../i2c_bsp//libucosii_bsp.a(altera_avalon_jtag_uart_read.o)
                0x008183a8                altera_avalon_jtag_uart_read
 .text          0x00818668      0x2dc ../i2c_bsp//libucosii_bsp.a(altera_avalon_jtag_uart_write.o)
                0x00818668                altera_avalon_jtag_uart_write
 .text          0x00818944      0x100 ../i2c_bsp//libucosii_bsp.a(altera_avalon_timer_sc.o)
                0x008189b4                alt_avalon_timer_sc_init
 .text          0x00818a44      0x530 ../i2c_bsp//libucosii_bsp.a(altera_up_avalon_character_lcd.o)
                0x00818a44                get_DDRAM_addr
                0x00818ac0                alt_up_character_lcd_send_cmd
                0x00818af4                alt_up_character_lcd_init
                0x00818b28                alt_up_character_lcd_open_dev
                0x00818b68                alt_up_character_lcd_write
                0x00818be0                alt_up_character_lcd_string
                0x00818c58                alt_up_character_lcd_write_fd
                0x00818ca4                alt_up_character_lcd_set_cursor_pos
                0x00818d1c                alt_up_character_lcd_shift_cursor
                0x00818dcc                alt_up_character_lcd_shift_display
                0x00818e7c                alt_up_character_lcd_erase_pos
                0x00818f0c                alt_up_character_lcd_cursor_off
                0x00818f40                alt_up_character_lcd_cursor_blink_on
 .text          0x00818f74      0x154 ../i2c_bsp//libucosii_bsp.a(alt_alarm_start.o)
                0x00818f74                alt_alarm_start
 .text          0x008190c8      0x15c ../i2c_bsp//libucosii_bsp.a(alt_busy_sleep.o)
                0x008190c8                alt_busy_sleep
 .text          0x00819224       0x1c ../i2c_bsp//libucosii_bsp.a(alt_dcache_flush_all.o)
                0x00819224                alt_dcache_flush_all
 .text          0x00819240      0x114 ../i2c_bsp//libucosii_bsp.a(alt_dev_llist_insert.o)
                0x00819240                alt_dev_llist_insert
 .text          0x00819354       0x64 ../i2c_bsp//libucosii_bsp.a(alt_do_ctors.o)
                0x00819354                _do_ctors
 .text          0x008193b8       0x64 ../i2c_bsp//libucosii_bsp.a(alt_do_dtors.o)
                0x008193b8                _do_dtors
 .text          0x0081941c       0x94 ../i2c_bsp//libucosii_bsp.a(alt_find_dev.o)
                0x0081941c                alt_find_dev
 .text          0x008194b0       0x1c ../i2c_bsp//libucosii_bsp.a(alt_icache_flush_all.o)
                0x008194b0                alt_icache_flush_all
 .text          0x008194cc      0x1d4 ../i2c_bsp//libucosii_bsp.a(alt_iic.o)
                0x008194cc                alt_ic_isr_register
                0x0081951c                alt_ic_irq_enable
                0x008195b8                alt_ic_irq_disable
                0x00819658                alt_ic_irq_enabled
 .text          0x008196a0       0xf8 ../i2c_bsp//libucosii_bsp.a(alt_iic_isr_register.o)
                0x008196a0                alt_iic_isr_register
 .text          0x00819798      0x150 ../i2c_bsp//libucosii_bsp.a(alt_io_redirect.o)
                0x00819870                alt_io_redirect
 .text          0x008198e8        0x0 ../i2c_bsp//libucosii_bsp.a(alt_irq_entry.o)
 .text          0x008198e8        0x0 ../i2c_bsp//libucosii_bsp.a(alt_irq_handler.o)
 .text          0x008198e8        0x0 ../i2c_bsp//libucosii_bsp.a(alt_irq_vars.o)
 .text          0x008198e8      0x2e4 ../i2c_bsp//libucosii_bsp.a(alt_open.o)
                0x008199e0                open
 .text          0x00819bcc      0x1a8 ../i2c_bsp//libucosii_bsp.a(alt_tick.o)
                0x00819bcc                alt_alarm_stop
                0x00819c64                alt_tick
 .text          0x00819d74       0x20 ../i2c_bsp//libucosii_bsp.a(altera_nios2_qsys_irq.o)
                0x00819d74                altera_nios2_qsys_irq_init
 .text          0x00819d94       0xd0 ../i2c_bsp//libucosii_bsp.a(os_cpu_a.o)
                0x00819d94                OSCtxSw
                0x00819d94                OSIntCtxSw
                0x00819e20                OSStartHighRdy
                0x00819e40                OSStartTsk
 .text          0x00819e64      0x418 ../i2c_bsp//libucosii_bsp.a(os_cpu_c.o)
                0x00819e64                OSTaskStkInit
                0x0081a174                OSTaskCreateHook
                0x0081a194                OSTaskDelHook
                0x0081a1b4                OSTaskSwHook
                0x0081a1d0                OSTaskStatHook
                0x0081a1ec                OSTimeTickHook
                0x0081a208                OSInitHookBegin
                0x0081a224                OSInitHookEnd
                0x0081a240                OSTaskIdleHook
                0x0081a25c                OSTCBInitHook
 .text          0x0081a27c        0x0 ../i2c_bsp//libucosii_bsp.a(alt_exception_entry.o)
 .text          0x0081a27c      0x120 ../i2c_bsp//libucosii_bsp.a(alt_find_file.o)
                0x0081a27c                alt_find_file
 .text          0x0081a39c      0x104 ../i2c_bsp//libucosii_bsp.a(alt_get_fd.o)
                0x0081a39c                alt_get_fd
 .text          0x0081a4a0       0x14 /OPT/altera/12.1/nios2eds/bin/gnu/H-i686-pc-linux-gnu/bin/../lib/gcc/nios2-elf/4.1.2/../../../../nios2-elf/lib/mno-hw-mul/libc.a(lib_a-atexit.o)
                0x0081a4a0                atexit
 .text          0x0081a4b4       0x38 /OPT/altera/12.1/nios2eds/bin/gnu/H-i686-pc-linux-gnu/bin/../lib/gcc/nios2-elf/4.1.2/../../../../nios2-elf/lib/mno-hw-mul/libc.a(lib_a-exit.o)
                0x0081a4b4                exit
 .text          0x0081a4ec       0x74 /OPT/altera/12.1/nios2eds/bin/gnu/H-i686-pc-linux-gnu/bin/../lib/gcc/nios2-elf/4.1.2/../../../../nios2-elf/lib/mno-hw-mul/libc.a(lib_a-memcmp.o)
                0x0081a4ec                memcmp
 .text          0x0081a560      0x134 /OPT/altera/12.1/nios2eds/bin/gnu/H-i686-pc-linux-gnu/bin/../lib/gcc/nios2-elf/4.1.2/../../../../nios2-elf/lib/mno-hw-mul/libc.a(lib_a-__atexit.o)
                0x0081a560                __register_exitproc
 .text          0x0081a694      0x1b4 /OPT/altera/12.1/nios2eds/bin/gnu/H-i686-pc-linux-gnu/bin/../lib/gcc/nios2-elf/4.1.2/../../../../nios2-elf/lib/mno-hw-mul/libc.a(lib_a-__call_atexit.o)
                0x0081a698                __call_exitprocs
 .text          0x0081a848       0x6c ../i2c_bsp//libucosii_bsp.a(alt_exit.o)
                0x0081a888                _exit
 *(.gnu.warning.*)
 *(.fini)
                0x0081a8b4                PROVIDE (__etext, ABSOLUTE (.))
                0x0081a8b4                PROVIDE (_etext, ABSOLUTE (.))
                0x0081a8b4                PROVIDE (etext, ABSOLUTE (.))
 *(.eh_frame_hdr)
                0x0081a8b4                . = ALIGN (0x4)
                0x0081a8b4                PROVIDE (__preinit_array_start, ABSOLUTE (.))
 *(.preinit_array)
                0x0081a8b4                PROVIDE (__preinit_array_end, ABSOLUTE (.))
                0x0081a8b4                PROVIDE (__init_array_start, ABSOLUTE (.))
 *(.init_array)
                0x0081a8b4                PROVIDE (__init_array_end, ABSOLUTE (.))
                0x0081a8b4                PROVIDE (__fini_array_start, ABSOLUTE (.))
 *(.fini_array)
                0x0081a8b4                PROVIDE (__fini_array_end, ABSOLUTE (.))
 *(.eh_frame)
 *(.gcc_except_table)
 *(.dynamic)
                0x0081a8b4                PROVIDE (__CTOR_LIST__, ABSOLUTE (.))
 *(.ctors)
 *(SORT(.ctors.*))
 .ctors.65535   0x0081a8b4        0x4 /OPT/altera/12.1/nios2eds/bin/gnu/H-i686-pc-linux-gnu/bin/../lib/gcc/nios2-elf/4.1.2/../../../../nios2-elf/lib/mno-hw-mul/libc.a(lib_a-__call_atexit.o)
                0x0081a8b8                PROVIDE (__CTOR_END__, ABSOLUTE (.))
                0x0081a8b8                PROVIDE (__DTOR_LIST__, ABSOLUTE (.))
 *(.dtors)
 *(SORT(.dtors.*))
                0x0081a8b8                PROVIDE (__DTOR_END__, ABSOLUTE (.))
 *(.jcr)
                0x0081a8b8                . = ALIGN (0x4)

.rodata         0x0081a8b8      0x774
                0x0081a8b8                PROVIDE (__ram_rodata_start, ABSOLUTE (.))
                0x0081a8b8                . = ALIGN (0x4)
 *(.rodata .rodata.* .gnu.linkonce.r.*)
 .rodata        0x0081a8b8       0x50 obj/default/MPU9250/mpu9250.o
 .rodata        0x0081a908      0x150 obj/default/hello_ucosii.o
 .rodata        0x0081aa58       0xd0 obj/default/i2c/I2C.o
 .rodata.str1.4
                0x0081ab28        0x4 /OPT/altera/12.1/nios2eds/bin/gnu/H-i686-pc-linux-gnu/bin/../lib/gcc/nios2-elf/4.1.2/../../../../nios2-elf/lib/mno-hw-mul/libm.a(lib_a-w_pow.o)
 .rodata.str1.4
                0x00000000        0x4 /OPT/altera/12.1/nios2eds/bin/gnu/H-i686-pc-linux-gnu/bin/../lib/gcc/nios2-elf/4.1.2/../../../../nios2-elf/lib/mno-hw-mul/libm.a(lib_a-e_pow.o)
 .rodata        0x0081ab2c       0x30 /OPT/altera/12.1/nios2eds/bin/gnu/H-i686-pc-linux-gnu/bin/../lib/gcc/nios2-elf/4.1.2/../../../../nios2-elf/lib/mno-hw-mul/libm.a(lib_a-e_pow.o)
 .rodata        0x0081ab5c       0x10 /OPT/altera/12.1/nios2eds/bin/gnu/H-i686-pc-linux-gnu/bin/../lib/gcc/nios2-elf/4.1.2/../../../../nios2-elf/lib/mno-hw-mul/libm.a(lib_a-s_rint.o)
 .rodata        0x0081ab6c       0x10 /OPT/altera/12.1/nios2eds/bin/gnu/H-i686-pc-linux-gnu/bin/../lib/gcc/nios2-elf/4.1.2/mno-hw-mul/libgcc.a(_thenan_sf.o)
                0x0081ab6c                __thenan_sf
 .rodata        0x0081ab7c       0x14 /OPT/altera/12.1/nios2eds/bin/gnu/H-i686-pc-linux-gnu/bin/../lib/gcc/nios2-elf/4.1.2/mno-hw-mul/libgcc.a(_thenan_df.o)
                0x0081ab7c                __thenan_df
 .rodata        0x0081ab90      0x100 /OPT/altera/12.1/nios2eds/bin/gnu/H-i686-pc-linux-gnu/bin/../lib/gcc/nios2-elf/4.1.2/mno-hw-mul/libgcc.a(_clz.o)
                0x0081ab90                __clz_tab
 .rodata.str1.4
                0x0081ac90        0x2 /OPT/altera/12.1/nios2eds/bin/gnu/H-i686-pc-linux-gnu/bin/../lib/gcc/nios2-elf/4.1.2/../../../../nios2-elf/lib/mno-hw-mul/libc.a(lib_a-impure.o)
                                  0x4 (size before relaxing)
 *fill*         0x0081ac92        0x2 00
 .rodata.str1.4
                0x0081ac94        0x2 /OPT/altera/12.1/nios2eds/bin/gnu/H-i686-pc-linux-gnu/bin/../lib/gcc/nios2-elf/4.1.2/../../../../nios2-elf/lib/mno-hw-mul/libc.a(lib_a-puts.o)
                                  0x4 (size before relaxing)
 *fill*         0x0081ac96        0x2 00
 .rodata.str1.4
                0x0081ac98       0x5e /OPT/altera/12.1/nios2eds/bin/gnu/H-i686-pc-linux-gnu/bin/../lib/gcc/nios2-elf/4.1.2/../../../../nios2-elf/lib/mno-hw-mul/libc.a(lib_a-vfprintf.o)
                                 0x60 (size before relaxing)
 .rodata        0x0081acf6       0x20 /OPT/altera/12.1/nios2eds/bin/gnu/H-i686-pc-linux-gnu/bin/../lib/gcc/nios2-elf/4.1.2/../../../../nios2-elf/lib/mno-hw-mul/libc.a(lib_a-vfprintf.o)
 *fill*         0x0081ad16        0x2 00
 .rodata.str1.4
                0x0081ad18       0x10 /OPT/altera/12.1/nios2eds/bin/gnu/H-i686-pc-linux-gnu/bin/../lib/gcc/nios2-elf/4.1.2/../../../../nios2-elf/lib/mno-hw-mul/libc.a(lib_a-dtoa.o)
                                 0x14 (size before relaxing)
 .rodata.str1.4
                0x0081ad28       0x10 /OPT/altera/12.1/nios2eds/bin/gnu/H-i686-pc-linux-gnu/bin/../lib/gcc/nios2-elf/4.1.2/../../../../nios2-elf/lib/mno-hw-mul/libc.a(lib_a-locale.o)
                                 0x18 (size before relaxing)
 .rodata        0x0081ad38       0x30 /OPT/altera/12.1/nios2eds/bin/gnu/H-i686-pc-linux-gnu/bin/../lib/gcc/nios2-elf/4.1.2/../../../../nios2-elf/lib/mno-hw-mul/libc.a(lib_a-locale.o)
 .rodata        0x0081ad68      0x124 /OPT/altera/12.1/nios2eds/bin/gnu/H-i686-pc-linux-gnu/bin/../lib/gcc/nios2-elf/4.1.2/../../../../nios2-elf/lib/mno-hw-mul/libc.a(lib_a-mprec.o)
                0x0081ad68                __mprec_tens
                0x0081ae30                __mprec_bigtens
                0x0081ae58                __mprec_tinytens
 .rodata        0x0081ae8c        0xc ../i2c_bsp//libucosii_bsp.a(alt_dev.o)
 .rodata        0x0081ae98       0x14 ../i2c_bsp//libucosii_bsp.a(alt_main.o)
 .rodata        0x0081aeac      0x120 ../i2c_bsp//libucosii_bsp.a(os_core.o)
                0x0081aeac                OSUnMapTbl
 .rodata        0x0081afcc       0x5c ../i2c_bsp//libucosii_bsp.a(alt_sys_init.o)
 .rodata        0x0081b028        0x4 ../i2c_bsp//libucosii_bsp.a(os_cpu_c.o)
 *(.rodata1)
                0x0081b02c                . = ALIGN (0x4)
                0x0081b02c                PROVIDE (__ram_rodata_end, ABSOLUTE (.))
                0x0081a8b8                PROVIDE (__flash_rodata_start, LOADADDR (.rodata))

.rwdata         0x0081b02c     0x1b74 load address 0x0081cba0
                0x0081b02c                PROVIDE (__ram_rwdata_start, ABSOLUTE (.))
                0x0081b02c                . = ALIGN (0x4)
 *(.got.plt)
 *(.got)
 *(.data1)
 *(.data .data.* .gnu.linkonce.d.*)
 .data          0x0081b02c        0x0 ../i2c_bsp//obj/HAL/src/crt0.o
 .data          0x0081b02c        0x0 obj/default/MPU9250/mpu9250.o
 .data          0x0081b02c        0x0 obj/default/hello_ucosii.o
 .data          0x0081b02c        0x0 obj/default/i2c/I2C.o
 .data          0x0081b02c        0x0 /OPT/altera/12.1/nios2eds/bin/gnu/H-i686-pc-linux-gnu/bin/../lib/gcc/nios2-elf/4.1.2/../../../../nios2-elf/lib/mno-hw-mul/libm.a(lib_a-w_pow.o)
 .data          0x0081b02c        0x0 /OPT/altera/12.1/nios2eds/bin/gnu/H-i686-pc-linux-gnu/bin/../lib/gcc/nios2-elf/4.1.2/../../../../nios2-elf/lib/mno-hw-mul/libm.a(lib_a-e_pow.o)
 .data          0x0081b02c        0x0 /OPT/altera/12.1/nios2eds/bin/gnu/H-i686-pc-linux-gnu/bin/../lib/gcc/nios2-elf/4.1.2/../../../../nios2-elf/lib/mno-hw-mul/libm.a(lib_a-e_sqrt.o)
 .data          0x0081b02c        0x0 /OPT/altera/12.1/nios2eds/bin/gnu/H-i686-pc-linux-gnu/bin/../lib/gcc/nios2-elf/4.1.2/../../../../nios2-elf/lib/mno-hw-mul/libm.a(lib_a-s_fabs.o)
 .data          0x0081b02c        0x0 /OPT/altera/12.1/nios2eds/bin/gnu/H-i686-pc-linux-gnu/bin/../lib/gcc/nios2-elf/4.1.2/../../../../nios2-elf/lib/mno-hw-mul/libm.a(lib_a-s_finite.o)
 .data          0x0081b02c        0x0 /OPT/altera/12.1/nios2eds/bin/gnu/H-i686-pc-linux-gnu/bin/../lib/gcc/nios2-elf/4.1.2/../../../../nios2-elf/lib/mno-hw-mul/libm.a(lib_a-s_isnand.o)
 .data          0x0081b02c        0x0 /OPT/altera/12.1/nios2eds/bin/gnu/H-i686-pc-linux-gnu/bin/../lib/gcc/nios2-elf/4.1.2/../../../../nios2-elf/lib/mno-hw-mul/libm.a(lib_a-s_lib_ver.o)
 .data          0x0081b02c        0x0 /OPT/altera/12.1/nios2eds/bin/gnu/H-i686-pc-linux-gnu/bin/../lib/gcc/nios2-elf/4.1.2/../../../../nios2-elf/lib/mno-hw-mul/libm.a(lib_a-s_matherr.o)
 .data          0x0081b02c        0x0 /OPT/altera/12.1/nios2eds/bin/gnu/H-i686-pc-linux-gnu/bin/../lib/gcc/nios2-elf/4.1.2/../../../../nios2-elf/lib/mno-hw-mul/libm.a(lib_a-s_nan.o)
 .data          0x0081b02c        0x0 /OPT/altera/12.1/nios2eds/bin/gnu/H-i686-pc-linux-gnu/bin/../lib/gcc/nios2-elf/4.1.2/../../../../nios2-elf/lib/mno-hw-mul/libm.a(lib_a-s_rint.o)
 .data          0x0081b02c        0x0 /OPT/altera/12.1/nios2eds/bin/gnu/H-i686-pc-linux-gnu/bin/../lib/gcc/nios2-elf/4.1.2/../../../../nios2-elf/lib/mno-hw-mul/libm.a(lib_a-s_scalbn.o)
 .data          0x0081b02c        0x0 /OPT/altera/12.1/nios2eds/bin/gnu/H-i686-pc-linux-gnu/bin/../lib/gcc/nios2-elf/4.1.2/../../../../nios2-elf/lib/mno-hw-mul/libm.a(lib_a-s_copysign.o)
 .data          0x0081b02c        0x0 /OPT/altera/12.1/nios2eds/bin/gnu/H-i686-pc-linux-gnu/bin/../lib/gcc/nios2-elf/4.1.2/mno-hw-mul/libgcc.a(_mul_sf.o)
 .data          0x0081b02c        0x0 /OPT/altera/12.1/nios2eds/bin/gnu/H-i686-pc-linux-gnu/bin/../lib/gcc/nios2-elf/4.1.2/mno-hw-mul/libgcc.a(_div_sf.o)
 .data          0x0081b02c        0x0 /OPT/altera/12.1/nios2eds/bin/gnu/H-i686-pc-linux-gnu/bin/../lib/gcc/nios2-elf/4.1.2/mno-hw-mul/libgcc.a(_si_to_sf.o)
 .data          0x0081b02c        0x0 /OPT/altera/12.1/nios2eds/bin/gnu/H-i686-pc-linux-gnu/bin/../lib/gcc/nios2-elf/4.1.2/mno-hw-mul/libgcc.a(_sf_to_df.o)
 .data          0x0081b02c        0x0 /OPT/altera/12.1/nios2eds/bin/gnu/H-i686-pc-linux-gnu/bin/../lib/gcc/nios2-elf/4.1.2/mno-hw-mul/libgcc.a(_thenan_sf.o)
 .data          0x0081b02c        0x0 /OPT/altera/12.1/nios2eds/bin/gnu/H-i686-pc-linux-gnu/bin/../lib/gcc/nios2-elf/4.1.2/mno-hw-mul/libgcc.a(_usi_to_sf.o)
 .data          0x0081b02c        0x0 /OPT/altera/12.1/nios2eds/bin/gnu/H-i686-pc-linux-gnu/bin/../lib/gcc/nios2-elf/4.1.2/mno-hw-mul/libgcc.a(_addsub_df.o)
 .data          0x0081b02c        0x0 /OPT/altera/12.1/nios2eds/bin/gnu/H-i686-pc-linux-gnu/bin/../lib/gcc/nios2-elf/4.1.2/mno-hw-mul/libgcc.a(_mul_df.o)
 .data          0x0081b02c        0x0 /OPT/altera/12.1/nios2eds/bin/gnu/H-i686-pc-linux-gnu/bin/../lib/gcc/nios2-elf/4.1.2/mno-hw-mul/libgcc.a(_div_df.o)
 .data          0x0081b02c        0x0 /OPT/altera/12.1/nios2eds/bin/gnu/H-i686-pc-linux-gnu/bin/../lib/gcc/nios2-elf/4.1.2/mno-hw-mul/libgcc.a(_eq_df.o)
 .data          0x0081b02c        0x0 /OPT/altera/12.1/nios2eds/bin/gnu/H-i686-pc-linux-gnu/bin/../lib/gcc/nios2-elf/4.1.2/mno-hw-mul/libgcc.a(_ne_df.o)
 .data          0x0081b02c        0x0 /OPT/altera/12.1/nios2eds/bin/gnu/H-i686-pc-linux-gnu/bin/../lib/gcc/nios2-elf/4.1.2/mno-hw-mul/libgcc.a(_gt_df.o)
 .data          0x0081b02c        0x0 /OPT/altera/12.1/nios2eds/bin/gnu/H-i686-pc-linux-gnu/bin/../lib/gcc/nios2-elf/4.1.2/mno-hw-mul/libgcc.a(_lt_df.o)
 .data          0x0081b02c        0x0 /OPT/altera/12.1/nios2eds/bin/gnu/H-i686-pc-linux-gnu/bin/../lib/gcc/nios2-elf/4.1.2/mno-hw-mul/libgcc.a(_le_df.o)
 .data          0x0081b02c        0x0 /OPT/altera/12.1/nios2eds/bin/gnu/H-i686-pc-linux-gnu/bin/../lib/gcc/nios2-elf/4.1.2/mno-hw-mul/libgcc.a(_si_to_df.o)
 .data          0x0081b02c        0x0 /OPT/altera/12.1/nios2eds/bin/gnu/H-i686-pc-linux-gnu/bin/../lib/gcc/nios2-elf/4.1.2/mno-hw-mul/libgcc.a(_make_df.o)
 .data          0x0081b02c        0x0 /OPT/altera/12.1/nios2eds/bin/gnu/H-i686-pc-linux-gnu/bin/../lib/gcc/nios2-elf/4.1.2/mno-hw-mul/libgcc.a(_df_to_sf.o)
 .data          0x0081b02c        0x0 /OPT/altera/12.1/nios2eds/bin/gnu/H-i686-pc-linux-gnu/bin/../lib/gcc/nios2-elf/4.1.2/mno-hw-mul/libgcc.a(_thenan_df.o)
 .data          0x0081b02c        0x0 /OPT/altera/12.1/nios2eds/bin/gnu/H-i686-pc-linux-gnu/bin/../lib/gcc/nios2-elf/4.1.2/mno-hw-mul/libgcc.a(lib2-divmod.o)
 .data          0x0081b02c        0x0 /OPT/altera/12.1/nios2eds/bin/gnu/H-i686-pc-linux-gnu/bin/../lib/gcc/nios2-elf/4.1.2/mno-hw-mul/libgcc.a(lib2-mul.o)
 .data          0x0081b02c        0x0 /OPT/altera/12.1/nios2eds/bin/gnu/H-i686-pc-linux-gnu/bin/../lib/gcc/nios2-elf/4.1.2/mno-hw-mul/libgcc.a(_muldi3.o)
 .data          0x0081b02c        0x0 /OPT/altera/12.1/nios2eds/bin/gnu/H-i686-pc-linux-gnu/bin/../lib/gcc/nios2-elf/4.1.2/mno-hw-mul/libgcc.a(_clzsi2.o)
 .data          0x0081b02c        0x0 /OPT/altera/12.1/nios2eds/bin/gnu/H-i686-pc-linux-gnu/bin/../lib/gcc/nios2-elf/4.1.2/mno-hw-mul/libgcc.a(_pack_sf.o)
 .data          0x0081b02c        0x0 /OPT/altera/12.1/nios2eds/bin/gnu/H-i686-pc-linux-gnu/bin/../lib/gcc/nios2-elf/4.1.2/mno-hw-mul/libgcc.a(_unpack_sf.o)
 .data          0x0081b02c        0x0 /OPT/altera/12.1/nios2eds/bin/gnu/H-i686-pc-linux-gnu/bin/../lib/gcc/nios2-elf/4.1.2/mno-hw-mul/libgcc.a(_make_sf.o)
 .data          0x0081b02c        0x0 /OPT/altera/12.1/nios2eds/bin/gnu/H-i686-pc-linux-gnu/bin/../lib/gcc/nios2-elf/4.1.2/mno-hw-mul/libgcc.a(_pack_df.o)
 .data          0x0081b02c        0x0 /OPT/altera/12.1/nios2eds/bin/gnu/H-i686-pc-linux-gnu/bin/../lib/gcc/nios2-elf/4.1.2/mno-hw-mul/libgcc.a(_unpack_df.o)
 .data          0x0081b02c        0x0 /OPT/altera/12.1/nios2eds/bin/gnu/H-i686-pc-linux-gnu/bin/../lib/gcc/nios2-elf/4.1.2/mno-hw-mul/libgcc.a(_fpcmp_parts_df.o)
 .data          0x0081b02c        0x0 /OPT/altera/12.1/nios2eds/bin/gnu/H-i686-pc-linux-gnu/bin/../lib/gcc/nios2-elf/4.1.2/mno-hw-mul/libgcc.a(_clz.o)
 .data          0x0081b02c        0x0 /OPT/altera/12.1/nios2eds/bin/gnu/H-i686-pc-linux-gnu/bin/../lib/gcc/nios2-elf/4.1.2/../../../../nios2-elf/lib/mno-hw-mul/libc.a(lib_a-errno.o)
 .data          0x0081b02c      0x400 /OPT/altera/12.1/nios2eds/bin/gnu/H-i686-pc-linux-gnu/bin/../lib/gcc/nios2-elf/4.1.2/../../../../nios2-elf/lib/mno-hw-mul/libc.a(lib_a-impure.o)
 .data          0x0081b42c        0x0 /OPT/altera/12.1/nios2eds/bin/gnu/H-i686-pc-linux-gnu/bin/../lib/gcc/nios2-elf/4.1.2/../../../../nios2-elf/lib/mno-hw-mul/libc.a(lib_a-printf.o)
 .data          0x0081b42c        0x0 /OPT/altera/12.1/nios2eds/bin/gnu/H-i686-pc-linux-gnu/bin/../lib/gcc/nios2-elf/4.1.2/../../../../nios2-elf/lib/mno-hw-mul/libc.a(lib_a-puts.o)
 .data          0x0081b42c        0x0 /OPT/altera/12.1/nios2eds/bin/gnu/H-i686-pc-linux-gnu/bin/../lib/gcc/nios2-elf/4.1.2/../../../../nios2-elf/lib/mno-hw-mul/libc.a(lib_a-strlen.o)
 .data          0x0081b42c        0x0 /OPT/altera/12.1/nios2eds/bin/gnu/H-i686-pc-linux-gnu/bin/../lib/gcc/nios2-elf/4.1.2/../../../../nios2-elf/lib/mno-hw-mul/libc.a(lib_a-vfprintf.o)
 .data          0x0081b42c        0x0 /OPT/altera/12.1/nios2eds/bin/gnu/H-i686-pc-linux-gnu/bin/../lib/gcc/nios2-elf/4.1.2/../../../../nios2-elf/lib/mno-hw-mul/libc.a(lib_a-wsetup.o)
 .data          0x0081b42c        0x0 /OPT/altera/12.1/nios2eds/bin/gnu/H-i686-pc-linux-gnu/bin/../lib/gcc/nios2-elf/4.1.2/../../../../nios2-elf/lib/mno-hw-mul/libc.a(lib_a-dtoa.o)
 .data          0x0081b42c        0x0 /OPT/altera/12.1/nios2eds/bin/gnu/H-i686-pc-linux-gnu/bin/../lib/gcc/nios2-elf/4.1.2/../../../../nios2-elf/lib/mno-hw-mul/libc.a(lib_a-fflush.o)
 .data          0x0081b42c        0x0 /OPT/altera/12.1/nios2eds/bin/gnu/H-i686-pc-linux-gnu/bin/../lib/gcc/nios2-elf/4.1.2/../../../../nios2-elf/lib/mno-hw-mul/libc.a(lib_a-findfp.o)
 .data          0x0081b42c        0x0 /OPT/altera/12.1/nios2eds/bin/gnu/H-i686-pc-linux-gnu/bin/../lib/gcc/nios2-elf/4.1.2/../../../../nios2-elf/lib/mno-hw-mul/libc.a(lib_a-freer.o)
 .data          0x0081b42c        0x0 /OPT/altera/12.1/nios2eds/bin/gnu/H-i686-pc-linux-gnu/bin/../lib/gcc/nios2-elf/4.1.2/../../../../nios2-elf/lib/mno-hw-mul/libc.a(lib_a-fvwrite.o)
 .data          0x0081b42c        0x0 /OPT/altera/12.1/nios2eds/bin/gnu/H-i686-pc-linux-gnu/bin/../lib/gcc/nios2-elf/4.1.2/../../../../nios2-elf/lib/mno-hw-mul/libc.a(lib_a-fwalk.o)
 .data          0x0081b42c        0xc /OPT/altera/12.1/nios2eds/bin/gnu/H-i686-pc-linux-gnu/bin/../lib/gcc/nios2-elf/4.1.2/../../../../nios2-elf/lib/mno-hw-mul/libc.a(lib_a-locale.o)
                0x0081b42c                __lc_ctype
 .data          0x0081b438        0x0 /OPT/altera/12.1/nios2eds/bin/gnu/H-i686-pc-linux-gnu/bin/../lib/gcc/nios2-elf/4.1.2/../../../../nios2-elf/lib/mno-hw-mul/libc.a(lib_a-makebuf.o)
 .data          0x0081b438      0x408 /OPT/altera/12.1/nios2eds/bin/gnu/H-i686-pc-linux-gnu/bin/../lib/gcc/nios2-elf/4.1.2/../../../../nios2-elf/lib/mno-hw-mul/libc.a(lib_a-mallocr.o)
                0x0081b438                __malloc_av_
 .data          0x0081b840        0x0 /OPT/altera/12.1/nios2eds/bin/gnu/H-i686-pc-linux-gnu/bin/../lib/gcc/nios2-elf/4.1.2/../../../../nios2-elf/lib/mno-hw-mul/libc.a(lib_a-memchr.o)
 .data          0x0081b840        0x0 /OPT/altera/12.1/nios2eds/bin/gnu/H-i686-pc-linux-gnu/bin/../lib/gcc/nios2-elf/4.1.2/../../../../nios2-elf/lib/mno-hw-mul/libc.a(lib_a-memcpy.o)
 .data          0x0081b840        0x0 /OPT/altera/12.1/nios2eds/bin/gnu/H-i686-pc-linux-gnu/bin/../lib/gcc/nios2-elf/4.1.2/../../../../nios2-elf/lib/mno-hw-mul/libc.a(lib_a-memmove.o)
 .data          0x0081b840        0x0 /OPT/altera/12.1/nios2eds/bin/gnu/H-i686-pc-linux-gnu/bin/../lib/gcc/nios2-elf/4.1.2/../../../../nios2-elf/lib/mno-hw-mul/libc.a(lib_a-memset.o)
 .data          0x0081b840        0x0 /OPT/altera/12.1/nios2eds/bin/gnu/H-i686-pc-linux-gnu/bin/../lib/gcc/nios2-elf/4.1.2/../../../../nios2-elf/lib/mno-hw-mul/libc.a(lib_a-mprec.o)
 .data          0x0081b840        0x0 /OPT/altera/12.1/nios2eds/bin/gnu/H-i686-pc-linux-gnu/bin/../lib/gcc/nios2-elf/4.1.2/../../../../nios2-elf/lib/mno-hw-mul/libc.a(lib_a-reallocr.o)
 .data          0x0081b840        0x0 /OPT/altera/12.1/nios2eds/bin/gnu/H-i686-pc-linux-gnu/bin/../lib/gcc/nios2-elf/4.1.2/../../../../nios2-elf/lib/mno-hw-mul/libc.a(lib_a-s_isinfd.o)
 .data          0x0081b840        0x0 /OPT/altera/12.1/nios2eds/bin/gnu/H-i686-pc-linux-gnu/bin/../lib/gcc/nios2-elf/4.1.2/../../../../nios2-elf/lib/mno-hw-mul/libc.a(lib_a-sbrkr.o)
 .data          0x0081b840        0x0 /OPT/altera/12.1/nios2eds/bin/gnu/H-i686-pc-linux-gnu/bin/../lib/gcc/nios2-elf/4.1.2/../../../../nios2-elf/lib/mno-hw-mul/libc.a(lib_a-stdio.o)
 .data          0x0081b840        0x0 /OPT/altera/12.1/nios2eds/bin/gnu/H-i686-pc-linux-gnu/bin/../lib/gcc/nios2-elf/4.1.2/../../../../nios2-elf/lib/mno-hw-mul/libc.a(lib_a-strcmp.o)
 .data          0x0081b840        0x0 /OPT/altera/12.1/nios2eds/bin/gnu/H-i686-pc-linux-gnu/bin/../lib/gcc/nios2-elf/4.1.2/../../../../nios2-elf/lib/mno-hw-mul/libc.a(lib_a-writer.o)
 .data          0x0081b840        0x0 /OPT/altera/12.1/nios2eds/bin/gnu/H-i686-pc-linux-gnu/bin/../lib/gcc/nios2-elf/4.1.2/../../../../nios2-elf/lib/mno-hw-mul/libc.a(lib_a-callocr.o)
 .data          0x0081b840        0x0 /OPT/altera/12.1/nios2eds/bin/gnu/H-i686-pc-linux-gnu/bin/../lib/gcc/nios2-elf/4.1.2/../../../../nios2-elf/lib/mno-hw-mul/libc.a(lib_a-closer.o)
 .data          0x0081b840        0x0 /OPT/altera/12.1/nios2eds/bin/gnu/H-i686-pc-linux-gnu/bin/../lib/gcc/nios2-elf/4.1.2/../../../../nios2-elf/lib/mno-hw-mul/libc.a(lib_a-fclose.o)
 .data          0x0081b840        0x0 /OPT/altera/12.1/nios2eds/bin/gnu/H-i686-pc-linux-gnu/bin/../lib/gcc/nios2-elf/4.1.2/../../../../nios2-elf/lib/mno-hw-mul/libc.a(lib_a-fstatr.o)
 .data          0x0081b840        0x0 /OPT/altera/12.1/nios2eds/bin/gnu/H-i686-pc-linux-gnu/bin/../lib/gcc/nios2-elf/4.1.2/../../../../nios2-elf/lib/mno-hw-mul/libc.a(lib_a-int_errno.o)
 .data          0x0081b840        0x0 /OPT/altera/12.1/nios2eds/bin/gnu/H-i686-pc-linux-gnu/bin/../lib/gcc/nios2-elf/4.1.2/../../../../nios2-elf/lib/mno-hw-mul/libc.a(lib_a-isattyr.o)
 .data          0x0081b840        0x0 /OPT/altera/12.1/nios2eds/bin/gnu/H-i686-pc-linux-gnu/bin/../lib/gcc/nios2-elf/4.1.2/../../../../nios2-elf/lib/mno-hw-mul/libc.a(lib_a-lseekr.o)
 .data          0x0081b840        0x0 /OPT/altera/12.1/nios2eds/bin/gnu/H-i686-pc-linux-gnu/bin/../lib/gcc/nios2-elf/4.1.2/../../../../nios2-elf/lib/mno-hw-mul/libc.a(lib_a-readr.o)
 .data          0x0081b840        0x0 /OPT/altera/12.1/nios2eds/bin/gnu/H-i686-pc-linux-gnu/bin/../lib/gcc/nios2-elf/4.1.2/mno-hw-mul/libgcc.a(_udivdi3.o)
 .data          0x0081b840        0x0 /OPT/altera/12.1/nios2eds/bin/gnu/H-i686-pc-linux-gnu/bin/../lib/gcc/nios2-elf/4.1.2/mno-hw-mul/libgcc.a(_umoddi3.o)
 .data          0x0081b840        0x0 /OPT/altera/12.1/nios2eds/bin/gnu/H-i686-pc-linux-gnu/bin/../lib/gcc/nios2-elf/4.1.2/mno-hw-mul/libgcc.a(_ge_df.o)
 .data          0x0081b840        0x0 /OPT/altera/12.1/nios2eds/bin/gnu/H-i686-pc-linux-gnu/bin/../lib/gcc/nios2-elf/4.1.2/mno-hw-mul/libgcc.a(_df_to_si.o)
 .data          0x0081b840        0x0 /OPT/altera/12.1/nios2eds/bin/gnu/H-i686-pc-linux-gnu/bin/../lib/gcc/nios2-elf/4.1.2/mno-hw-mul/libgcc.a(_usi_to_df.o)
 .data          0x0081b840        0x0 ../i2c_bsp//libucosii_bsp.a(alt_close.o)
 .data          0x0081b840      0x1a8 ../i2c_bsp//libucosii_bsp.a(alt_dev.o)
                0x0081b840                alt_dev_null
                0x0081b868                alt_fd_list
 .data          0x0081b9e8        0x0 ../i2c_bsp//libucosii_bsp.a(alt_errno.o)
 .data          0x0081b9e8        0x0 ../i2c_bsp//libucosii_bsp.a(alt_fstat.o)
 .data          0x0081b9e8        0x0 ../i2c_bsp//libucosii_bsp.a(alt_isatty.o)
 .data          0x0081b9e8        0x0 ../i2c_bsp//libucosii_bsp.a(alt_load.o)
 .data          0x0081b9e8        0x0 ../i2c_bsp//libucosii_bsp.a(alt_lseek.o)
 .data          0x0081b9e8        0x0 ../i2c_bsp//libucosii_bsp.a(alt_main.o)
 .data          0x0081b9e8        0x0 ../i2c_bsp//libucosii_bsp.a(alt_read.o)
 .data          0x0081b9e8        0x0 ../i2c_bsp//libucosii_bsp.a(alt_release_fd.o)
 .data          0x0081b9e8        0x0 ../i2c_bsp//libucosii_bsp.a(alt_sbrk.o)
 .data          0x0081b9e8        0x0 ../i2c_bsp//libucosii_bsp.a(alt_usleep.o)
 .data          0x0081b9e8        0x0 ../i2c_bsp//libucosii_bsp.a(alt_write.o)
 .data          0x0081b9e8        0x0 ../i2c_bsp//libucosii_bsp.a(alt_env_lock.o)
 .data          0x0081b9e8        0x0 ../i2c_bsp//libucosii_bsp.a(alt_malloc_lock.o)
 .data          0x0081b9e8        0x0 ../i2c_bsp//libucosii_bsp.a(os_core.o)
 .data          0x0081b9e8        0x0 ../i2c_bsp//libucosii_bsp.a(os_dbg.o)
 .data          0x0081b9e8        0x0 ../i2c_bsp//libucosii_bsp.a(os_flag.o)
 .data          0x0081b9e8        0x0 ../i2c_bsp//libucosii_bsp.a(os_mem.o)
 .data          0x0081b9e8        0x0 ../i2c_bsp//libucosii_bsp.a(os_q.o)
 .data          0x0081b9e8        0x0 ../i2c_bsp//libucosii_bsp.a(os_sem.o)
 .data          0x0081b9e8        0x0 ../i2c_bsp//libucosii_bsp.a(os_task.o)
 .data          0x0081b9e8        0x0 ../i2c_bsp//libucosii_bsp.a(os_time.o)
 .data          0x0081b9e8     0x10f8 ../i2c_bsp//libucosii_bsp.a(alt_sys_init.o)
 .data          0x0081cae0        0x0 ../i2c_bsp//libucosii_bsp.a(altera_avalon_jtag_uart_fd.o)
 .data          0x0081cae0        0x0 ../i2c_bsp//libucosii_bsp.a(altera_avalon_jtag_uart_init.o)
 .data          0x0081cae0        0x0 ../i2c_bsp//libucosii_bsp.a(altera_avalon_jtag_uart_ioctl.o)
 .data          0x0081cae0        0x0 ../i2c_bsp//libucosii_bsp.a(altera_avalon_jtag_uart_read.o)
 .data          0x0081cae0        0x0 ../i2c_bsp//libucosii_bsp.a(altera_avalon_jtag_uart_write.o)
 .data          0x0081cae0        0x0 ../i2c_bsp//libucosii_bsp.a(altera_avalon_timer_sc.o)
 .data          0x0081cae0        0x0 ../i2c_bsp//libucosii_bsp.a(altera_up_avalon_character_lcd.o)
 .data          0x0081cae0        0x0 ../i2c_bsp//libucosii_bsp.a(alt_alarm_start.o)
 .data          0x0081cae0        0x0 ../i2c_bsp//libucosii_bsp.a(alt_busy_sleep.o)
 .data          0x0081cae0        0x0 ../i2c_bsp//libucosii_bsp.a(alt_dcache_flush_all.o)
 .data          0x0081cae0        0x0 ../i2c_bsp//libucosii_bsp.a(alt_dev_llist_insert.o)
 .data          0x0081cae0        0x0 ../i2c_bsp//libucosii_bsp.a(alt_do_ctors.o)
 .data          0x0081cae0        0x0 ../i2c_bsp//libucosii_bsp.a(alt_do_dtors.o)
 .data          0x0081cae0        0x0 ../i2c_bsp//libucosii_bsp.a(alt_find_dev.o)
 .data          0x0081cae0        0x0 ../i2c_bsp//libucosii_bsp.a(alt_icache_flush_all.o)
 .data          0x0081cae0        0x0 ../i2c_bsp//libucosii_bsp.a(alt_iic.o)
 .data          0x0081cae0        0x0 ../i2c_bsp//libucosii_bsp.a(alt_iic_isr_register.o)
 .data          0x0081cae0        0x0 ../i2c_bsp//libucosii_bsp.a(alt_io_redirect.o)
 .data          0x0081cae0        0x0 ../i2c_bsp//libucosii_bsp.a(alt_irq_entry.o)
 .data          0x0081cae0        0x0 ../i2c_bsp//libucosii_bsp.a(alt_irq_handler.o)
 .data          0x0081cae0        0x0 ../i2c_bsp//libucosii_bsp.a(alt_irq_vars.o)
 .data          0x0081cae0        0x0 ../i2c_bsp//libucosii_bsp.a(alt_open.o)
 .data          0x0081cae0        0x0 ../i2c_bsp//libucosii_bsp.a(alt_tick.o)
 .data          0x0081cae0        0x0 ../i2c_bsp//libucosii_bsp.a(altera_nios2_qsys_irq.o)
 .data          0x0081cae0        0x0 ../i2c_bsp//libucosii_bsp.a(os_cpu_a.o)
 .data          0x0081cae0        0x0 ../i2c_bsp//libucosii_bsp.a(os_cpu_c.o)
 .data          0x0081cae0        0x0 ../i2c_bsp//libucosii_bsp.a(alt_exception_entry.o)
 .data          0x0081cae0        0x0 ../i2c_bsp//libucosii_bsp.a(alt_find_file.o)
 .data          0x0081cae0        0x0 ../i2c_bsp//libucosii_bsp.a(alt_get_fd.o)
 .data          0x0081cae0        0x0 /OPT/altera/12.1/nios2eds/bin/gnu/H-i686-pc-linux-gnu/bin/../lib/gcc/nios2-elf/4.1.2/../../../../nios2-elf/lib/mno-hw-mul/libc.a(lib_a-atexit.o)
 .data          0x0081cae0        0x0 /OPT/altera/12.1/nios2eds/bin/gnu/H-i686-pc-linux-gnu/bin/../lib/gcc/nios2-elf/4.1.2/../../../../nios2-elf/lib/mno-hw-mul/libc.a(lib_a-exit.o)
 .data          0x0081cae0        0x0 /OPT/altera/12.1/nios2eds/bin/gnu/H-i686-pc-linux-gnu/bin/../lib/gcc/nios2-elf/4.1.2/../../../../nios2-elf/lib/mno-hw-mul/libc.a(lib_a-memcmp.o)
 .data          0x0081cae0        0x0 /OPT/altera/12.1/nios2eds/bin/gnu/H-i686-pc-linux-gnu/bin/../lib/gcc/nios2-elf/4.1.2/../../../../nios2-elf/lib/mno-hw-mul/libc.a(lib_a-__atexit.o)
 .data          0x0081cae0        0x0 /OPT/altera/12.1/nios2eds/bin/gnu/H-i686-pc-linux-gnu/bin/../lib/gcc/nios2-elf/4.1.2/../../../../nios2-elf/lib/mno-hw-mul/libc.a(lib_a-__call_atexit.o)
 .data          0x0081cae0        0x0 ../i2c_bsp//libucosii_bsp.a(alt_exit.o)
                0x00824ae0                _gp = ABSOLUTE ((. + 0x8000))
                0x00824ae0                PROVIDE (gp, _gp)
 *(.rwdata .rwdata.*)
 *(.sdata .sdata.* .gnu.linkonce.s.*)
 .sdata         0x0081cae0        0x4 /OPT/altera/12.1/nios2eds/bin/gnu/H-i686-pc-linux-gnu/bin/../lib/gcc/nios2-elf/4.1.2/../../../../nios2-elf/lib/mno-hw-mul/libm.a(lib_a-s_lib_ver.o)
                0x0081cae0                __fdlib_version
 .sdata         0x0081cae4        0x8 /OPT/altera/12.1/nios2eds/bin/gnu/H-i686-pc-linux-gnu/bin/../lib/gcc/nios2-elf/4.1.2/../../../../nios2-elf/lib/mno-hw-mul/libc.a(lib_a-impure.o)
                0x0081cae4                _impure_ptr
                0x0081cae8                _global_impure_ptr
 .sdata         0x0081caec        0x8 /OPT/altera/12.1/nios2eds/bin/gnu/H-i686-pc-linux-gnu/bin/../lib/gcc/nios2-elf/4.1.2/../../../../nios2-elf/lib/mno-hw-mul/libc.a(lib_a-locale.o)
                0x0081caec                __mb_cur_max
 .sdata         0x0081caf4        0x8 /OPT/altera/12.1/nios2eds/bin/gnu/H-i686-pc-linux-gnu/bin/../lib/gcc/nios2-elf/4.1.2/../../../../nios2-elf/lib/mno-hw-mul/libc.a(lib_a-mallocr.o)
                0x0081caf4                __malloc_trim_threshold
                0x0081caf8                __malloc_sbrk_base
 .sdata         0x0081cafc       0x14 ../i2c_bsp//libucosii_bsp.a(alt_dev.o)
                0x0081cafc                alt_fs_list
                0x0081cb04                alt_dev_list
                0x0081cb0c                alt_max_fd
 .sdata         0x0081cb10        0x4 ../i2c_bsp//libucosii_bsp.a(alt_errno.o)
                0x0081cb10                alt_errno
 .sdata         0x0081cb14        0x4 ../i2c_bsp//libucosii_bsp.a(alt_sbrk.o)
 .sdata         0x0081cb18        0x4 ../i2c_bsp//libucosii_bsp.a(alt_env_lock.o)
 .sdata         0x0081cb1c        0x4 ../i2c_bsp//libucosii_bsp.a(alt_malloc_lock.o)
 .sdata         0x0081cb20       0x74 ../i2c_bsp//libucosii_bsp.a(os_dbg.o)
                0x0081cb20                OSDebugEn
                0x0081cb24                OSEndiannessTest
                0x0081cb28                OSEventEn
                0x0081cb2a                OSEventMax
                0x0081cb2c                OSEventNameSize
                0x0081cb2e                OSEventSize
                0x0081cb30                OSEventTblSize
                0x0081cb32                OSEventMultiEn
                0x0081cb34                OSFlagEn
                0x0081cb36                OSFlagGrpSize
                0x0081cb38                OSFlagNodeSize
                0x0081cb3a                OSFlagWidth
                0x0081cb3c                OSFlagMax
                0x0081cb3e                OSFlagNameSize
                0x0081cb40                OSLowestPrio
                0x0081cb42                OSMboxEn
                0x0081cb44                OSMemEn
                0x0081cb46                OSMemMax
                0x0081cb48                OSMemNameSize
                0x0081cb4a                OSMemSize
                0x0081cb4c                OSMemTblSize
                0x0081cb4e                OSMutexEn
                0x0081cb50                OSPtrSize
                0x0081cb52                OSQEn
                0x0081cb54                OSQMax
                0x0081cb56                OSQSize
                0x0081cb58                OSRdyTblSize
                0x0081cb5a                OSSemEn
                0x0081cb5c                OSStkWidth
                0x0081cb5e                OSTaskCreateEn
                0x0081cb60                OSTaskCreateExtEn
                0x0081cb62                OSTaskDelEn
                0x0081cb64                OSTaskIdleStkSize
                0x0081cb66                OSTaskProfileEn
                0x0081cb68                OSTaskMax
                0x0081cb6a                OSTaskNameSize
                0x0081cb6c                OSTaskStatEn
                0x0081cb6e                OSTaskStatStkSize
                0x0081cb70                OSTaskStatStkChkEn
                0x0081cb72                OSTaskSwHookEn
                0x0081cb74                OSTCBPrioTblMax
                0x0081cb76                OSTCBSize
                0x0081cb78                OSTicksPerSec
                0x0081cb7a                OSTimeTickHookEn
                0x0081cb7c                OSVersionNbr
                0x0081cb7e                OSTmrEn
                0x0081cb80                OSTmrCfgMax
                0x0081cb82                OSTmrCfgNameSize
                0x0081cb84                OSTmrCfgWheelSize
                0x0081cb86                OSTmrCfgTicksPerSec
                0x0081cb88                OSTmrSize
                0x0081cb8a                OSTmrTblSize
                0x0081cb8c                OSTmrWheelSize
                0x0081cb8e                OSTmrWheelTblSize
                0x0081cb90                OSDataSize
 .sdata         0x0081cb94        0x4 ../i2c_bsp//libucosii_bsp.a(alt_irq_vars.o)
                0x0081cb94                alt_priority_mask
 .sdata         0x0081cb98        0x8 ../i2c_bsp//libucosii_bsp.a(alt_tick.o)
                0x0081cb98                alt_alarm_list
 *(.sdata2 .sdata2.* .gnu.linkonce.s2.*)
                0x0081cba0                . = ALIGN (0x4)
                0x0081cba0                _edata = ABSOLUTE (.)
                0x0081cba0                PROVIDE (edata, ABSOLUTE (.))
                0x0081cba0                PROVIDE (__ram_rwdata_end, ABSOLUTE (.))
                0x0081cba0                PROVIDE (__flash_rwdata_start, LOADADDR (.rwdata))

.bss            0x0081e714     0x7574
                0x0081e714                __bss_start = ABSOLUTE (.)
                0x0081e714                PROVIDE (__sbss_start, ABSOLUTE (.))
                0x0081e714                PROVIDE (___sbss_start, ABSOLUTE (.))
 *(.dynsbss)
 *(.sbss .sbss.* .gnu.linkonce.sb.*)
 .sbss          0x0081e714        0xc /OPT/altera/12.1/nios2eds/bin/gnu/H-i686-pc-linux-gnu/bin/../lib/gcc/nios2-elf/4.1.2/../../../../nios2-elf/lib/mno-hw-mul/libc.a(lib_a-locale.o)
                0x0081e714                __nlocale_changed
                0x0081e718                __mlocale_changed
                0x0081e71c                _PathLocale
 .sbss          0x0081e720        0xc /OPT/altera/12.1/nios2eds/bin/gnu/H-i686-pc-linux-gnu/bin/../lib/gcc/nios2-elf/4.1.2/../../../../nios2-elf/lib/mno-hw-mul/libc.a(lib_a-mallocr.o)
                0x0081e720                __malloc_top_pad
                0x0081e724                __malloc_max_sbrked_mem
                0x0081e728                __malloc_max_total_mem
 .sbss          0x0081e72c        0x4 /OPT/altera/12.1/nios2eds/bin/gnu/H-i686-pc-linux-gnu/bin/../lib/gcc/nios2-elf/4.1.2/../../../../nios2-elf/lib/mno-hw-mul/libc.a(lib_a-int_errno.o)
                0x0081e72c                errno
 .sbss          0x0081e730        0x4 ../i2c_bsp//libucosii_bsp.a(alt_dev.o)
                0x0081e730                alt_fd_list_lock
 .sbss          0x0081e734        0xc ../i2c_bsp//libucosii_bsp.a(alt_main.o)
                0x0081e734                alt_argc
                0x0081e738                alt_argv
                0x0081e73c                alt_envp
 .sbss          0x0081e740        0x8 ../i2c_bsp//libucosii_bsp.a(alt_env_lock.o)
                0x0081e744                alt_envsem
 .sbss          0x0081e748        0x8 ../i2c_bsp//libucosii_bsp.a(alt_malloc_lock.o)
                0x0081e74c                alt_heapsem
 .sbss          0x0081e750       0x50 ../i2c_bsp//libucosii_bsp.a(os_core.o)
                0x0081e750                OSLockNesting
                0x0081e751                OSRunning
                0x0081e754                OSIdleCtr
                0x0081e758                OSPrioHighRdy
                0x0081e759                OSPrioCur
                0x0081e75c                OSTCBList
                0x0081e760                OSTickStepState
                0x0081e764                OSCtxSwCtr
                0x0081e768                OSIdleCtrMax
                0x0081e76c                OSTCBFreeList
                0x0081e770                OSCPUUsage
                0x0081e771                OSTaskCtr
                0x0081e774                OSMemFreeList
                0x0081e778                OSTCBHighRdy
                0x0081e77c                OSQFreeList
                0x0081e780                OSRdyGrp
                0x0081e781                OSRdyTbl
                0x0081e784                OSEventFreeList
                0x0081e788                OSIntNesting
                0x0081e78c                OSTCBCur
                0x0081e790                OSTime
                0x0081e794                OSFlagFreeList
                0x0081e798                OSStatRdy
                0x0081e79c                OSIdleCtrRun
 .sbss          0x0081e7a0        0x4 ../i2c_bsp//libucosii_bsp.a(alt_irq_vars.o)
                0x0081e7a0                alt_irq_active
 .sbss          0x0081e7a4        0x8 ../i2c_bsp//libucosii_bsp.a(alt_tick.o)
                0x0081e7a4                _alt_tick_rate
                0x0081e7a8                _alt_nticks
 *(.sbss2 .sbss2.* .gnu.linkonce.sb2.*)
 *(.scommon)
                0x0081e7ac                PROVIDE (__sbss_end, ABSOLUTE (.))
                0x0081e7ac                PROVIDE (___sbss_end, ABSOLUTE (.))
 *(.dynbss)
 *(.bss .bss.* .gnu.linkonce.b.*)
 .bss           0x0081e7ac        0x0 ../i2c_bsp//obj/HAL/src/crt0.o
 .bss           0x0081e7ac        0x0 obj/default/MPU9250/mpu9250.o
 .bss           0x0081e7ac        0x0 obj/default/hello_ucosii.o
 .bss           0x0081e7ac        0x0 obj/default/i2c/I2C.o
 .bss           0x0081e7ac        0x0 /OPT/altera/12.1/nios2eds/bin/gnu/H-i686-pc-linux-gnu/bin/../lib/gcc/nios2-elf/4.1.2/../../../../nios2-elf/lib/mno-hw-mul/libm.a(lib_a-w_pow.o)
 .bss           0x0081e7ac        0x0 /OPT/altera/12.1/nios2eds/bin/gnu/H-i686-pc-linux-gnu/bin/../lib/gcc/nios2-elf/4.1.2/../../../../nios2-elf/lib/mno-hw-mul/libm.a(lib_a-e_pow.o)
 .bss           0x0081e7ac        0x0 /OPT/altera/12.1/nios2eds/bin/gnu/H-i686-pc-linux-gnu/bin/../lib/gcc/nios2-elf/4.1.2/../../../../nios2-elf/lib/mno-hw-mul/libm.a(lib_a-e_sqrt.o)
 .bss           0x0081e7ac        0x0 /OPT/altera/12.1/nios2eds/bin/gnu/H-i686-pc-linux-gnu/bin/../lib/gcc/nios2-elf/4.1.2/../../../../nios2-elf/lib/mno-hw-mul/libm.a(lib_a-s_fabs.o)
 .bss           0x0081e7ac        0x0 /OPT/altera/12.1/nios2eds/bin/gnu/H-i686-pc-linux-gnu/bin/../lib/gcc/nios2-elf/4.1.2/../../../../nios2-elf/lib/mno-hw-mul/libm.a(lib_a-s_finite.o)
 .bss           0x0081e7ac        0x0 /OPT/altera/12.1/nios2eds/bin/gnu/H-i686-pc-linux-gnu/bin/../lib/gcc/nios2-elf/4.1.2/../../../../nios2-elf/lib/mno-hw-mul/libm.a(lib_a-s_isnand.o)
 .bss           0x0081e7ac        0x0 /OPT/altera/12.1/nios2eds/bin/gnu/H-i686-pc-linux-gnu/bin/../lib/gcc/nios2-elf/4.1.2/../../../../nios2-elf/lib/mno-hw-mul/libm.a(lib_a-s_lib_ver.o)
 .bss           0x0081e7ac        0x0 /OPT/altera/12.1/nios2eds/bin/gnu/H-i686-pc-linux-gnu/bin/../lib/gcc/nios2-elf/4.1.2/../../../../nios2-elf/lib/mno-hw-mul/libm.a(lib_a-s_matherr.o)
 .bss           0x0081e7ac        0x0 /OPT/altera/12.1/nios2eds/bin/gnu/H-i686-pc-linux-gnu/bin/../lib/gcc/nios2-elf/4.1.2/../../../../nios2-elf/lib/mno-hw-mul/libm.a(lib_a-s_nan.o)
 .bss           0x0081e7ac        0x0 /OPT/altera/12.1/nios2eds/bin/gnu/H-i686-pc-linux-gnu/bin/../lib/gcc/nios2-elf/4.1.2/../../../../nios2-elf/lib/mno-hw-mul/libm.a(lib_a-s_rint.o)
 .bss           0x0081e7ac        0x0 /OPT/altera/12.1/nios2eds/bin/gnu/H-i686-pc-linux-gnu/bin/../lib/gcc/nios2-elf/4.1.2/../../../../nios2-elf/lib/mno-hw-mul/libm.a(lib_a-s_scalbn.o)
 .bss           0x0081e7ac        0x0 /OPT/altera/12.1/nios2eds/bin/gnu/H-i686-pc-linux-gnu/bin/../lib/gcc/nios2-elf/4.1.2/../../../../nios2-elf/lib/mno-hw-mul/libm.a(lib_a-s_copysign.o)
 .bss           0x0081e7ac        0x0 /OPT/altera/12.1/nios2eds/bin/gnu/H-i686-pc-linux-gnu/bin/../lib/gcc/nios2-elf/4.1.2/mno-hw-mul/libgcc.a(_mul_sf.o)
 .bss           0x0081e7ac        0x0 /OPT/altera/12.1/nios2eds/bin/gnu/H-i686-pc-linux-gnu/bin/../lib/gcc/nios2-elf/4.1.2/mno-hw-mul/libgcc.a(_div_sf.o)
 .bss           0x0081e7ac        0x0 /OPT/altera/12.1/nios2eds/bin/gnu/H-i686-pc-linux-gnu/bin/../lib/gcc/nios2-elf/4.1.2/mno-hw-mul/libgcc.a(_si_to_sf.o)
 .bss           0x0081e7ac        0x0 /OPT/altera/12.1/nios2eds/bin/gnu/H-i686-pc-linux-gnu/bin/../lib/gcc/nios2-elf/4.1.2/mno-hw-mul/libgcc.a(_sf_to_df.o)
 .bss           0x0081e7ac        0x0 /OPT/altera/12.1/nios2eds/bin/gnu/H-i686-pc-linux-gnu/bin/../lib/gcc/nios2-elf/4.1.2/mno-hw-mul/libgcc.a(_thenan_sf.o)
 .bss           0x0081e7ac        0x0 /OPT/altera/12.1/nios2eds/bin/gnu/H-i686-pc-linux-gnu/bin/../lib/gcc/nios2-elf/4.1.2/mno-hw-mul/libgcc.a(_usi_to_sf.o)
 .bss           0x0081e7ac        0x0 /OPT/altera/12.1/nios2eds/bin/gnu/H-i686-pc-linux-gnu/bin/../lib/gcc/nios2-elf/4.1.2/mno-hw-mul/libgcc.a(_addsub_df.o)
 .bss           0x0081e7ac        0x0 /OPT/altera/12.1/nios2eds/bin/gnu/H-i686-pc-linux-gnu/bin/../lib/gcc/nios2-elf/4.1.2/mno-hw-mul/libgcc.a(_mul_df.o)
 .bss           0x0081e7ac        0x0 /OPT/altera/12.1/nios2eds/bin/gnu/H-i686-pc-linux-gnu/bin/../lib/gcc/nios2-elf/4.1.2/mno-hw-mul/libgcc.a(_div_df.o)
 .bss           0x0081e7ac        0x0 /OPT/altera/12.1/nios2eds/bin/gnu/H-i686-pc-linux-gnu/bin/../lib/gcc/nios2-elf/4.1.2/mno-hw-mul/libgcc.a(_eq_df.o)
 .bss           0x0081e7ac        0x0 /OPT/altera/12.1/nios2eds/bin/gnu/H-i686-pc-linux-gnu/bin/../lib/gcc/nios2-elf/4.1.2/mno-hw-mul/libgcc.a(_ne_df.o)
 .bss           0x0081e7ac        0x0 /OPT/altera/12.1/nios2eds/bin/gnu/H-i686-pc-linux-gnu/bin/../lib/gcc/nios2-elf/4.1.2/mno-hw-mul/libgcc.a(_gt_df.o)
 .bss           0x0081e7ac        0x0 /OPT/altera/12.1/nios2eds/bin/gnu/H-i686-pc-linux-gnu/bin/../lib/gcc/nios2-elf/4.1.2/mno-hw-mul/libgcc.a(_lt_df.o)
 .bss           0x0081e7ac        0x0 /OPT/altera/12.1/nios2eds/bin/gnu/H-i686-pc-linux-gnu/bin/../lib/gcc/nios2-elf/4.1.2/mno-hw-mul/libgcc.a(_le_df.o)
 .bss           0x0081e7ac        0x0 /OPT/altera/12.1/nios2eds/bin/gnu/H-i686-pc-linux-gnu/bin/../lib/gcc/nios2-elf/4.1.2/mno-hw-mul/libgcc.a(_si_to_df.o)
 .bss           0x0081e7ac        0x0 /OPT/altera/12.1/nios2eds/bin/gnu/H-i686-pc-linux-gnu/bin/../lib/gcc/nios2-elf/4.1.2/mno-hw-mul/libgcc.a(_make_df.o)
 .bss           0x0081e7ac        0x0 /OPT/altera/12.1/nios2eds/bin/gnu/H-i686-pc-linux-gnu/bin/../lib/gcc/nios2-elf/4.1.2/mno-hw-mul/libgcc.a(_df_to_sf.o)
 .bss           0x0081e7ac        0x0 /OPT/altera/12.1/nios2eds/bin/gnu/H-i686-pc-linux-gnu/bin/../lib/gcc/nios2-elf/4.1.2/mno-hw-mul/libgcc.a(_thenan_df.o)
 .bss           0x0081e7ac        0x0 /OPT/altera/12.1/nios2eds/bin/gnu/H-i686-pc-linux-gnu/bin/../lib/gcc/nios2-elf/4.1.2/mno-hw-mul/libgcc.a(lib2-divmod.o)
 .bss           0x0081e7ac        0x0 /OPT/altera/12.1/nios2eds/bin/gnu/H-i686-pc-linux-gnu/bin/../lib/gcc/nios2-elf/4.1.2/mno-hw-mul/libgcc.a(lib2-mul.o)
 .bss           0x0081e7ac        0x0 /OPT/altera/12.1/nios2eds/bin/gnu/H-i686-pc-linux-gnu/bin/../lib/gcc/nios2-elf/4.1.2/mno-hw-mul/libgcc.a(_muldi3.o)
 .bss           0x0081e7ac        0x0 /OPT/altera/12.1/nios2eds/bin/gnu/H-i686-pc-linux-gnu/bin/../lib/gcc/nios2-elf/4.1.2/mno-hw-mul/libgcc.a(_clzsi2.o)
 .bss           0x0081e7ac        0x0 /OPT/altera/12.1/nios2eds/bin/gnu/H-i686-pc-linux-gnu/bin/../lib/gcc/nios2-elf/4.1.2/mno-hw-mul/libgcc.a(_pack_sf.o)
 .bss           0x0081e7ac        0x0 /OPT/altera/12.1/nios2eds/bin/gnu/H-i686-pc-linux-gnu/bin/../lib/gcc/nios2-elf/4.1.2/mno-hw-mul/libgcc.a(_unpack_sf.o)
 .bss           0x0081e7ac        0x0 /OPT/altera/12.1/nios2eds/bin/gnu/H-i686-pc-linux-gnu/bin/../lib/gcc/nios2-elf/4.1.2/mno-hw-mul/libgcc.a(_make_sf.o)
 .bss           0x0081e7ac        0x0 /OPT/altera/12.1/nios2eds/bin/gnu/H-i686-pc-linux-gnu/bin/../lib/gcc/nios2-elf/4.1.2/mno-hw-mul/libgcc.a(_pack_df.o)
 .bss           0x0081e7ac        0x0 /OPT/altera/12.1/nios2eds/bin/gnu/H-i686-pc-linux-gnu/bin/../lib/gcc/nios2-elf/4.1.2/mno-hw-mul/libgcc.a(_unpack_df.o)
 .bss           0x0081e7ac        0x0 /OPT/altera/12.1/nios2eds/bin/gnu/H-i686-pc-linux-gnu/bin/../lib/gcc/nios2-elf/4.1.2/mno-hw-mul/libgcc.a(_fpcmp_parts_df.o)
 .bss           0x0081e7ac        0x0 /OPT/altera/12.1/nios2eds/bin/gnu/H-i686-pc-linux-gnu/bin/../lib/gcc/nios2-elf/4.1.2/mno-hw-mul/libgcc.a(_clz.o)
 .bss           0x0081e7ac        0x0 /OPT/altera/12.1/nios2eds/bin/gnu/H-i686-pc-linux-gnu/bin/../lib/gcc/nios2-elf/4.1.2/../../../../nios2-elf/lib/mno-hw-mul/libc.a(lib_a-errno.o)
 .bss           0x0081e7ac        0x0 /OPT/altera/12.1/nios2eds/bin/gnu/H-i686-pc-linux-gnu/bin/../lib/gcc/nios2-elf/4.1.2/../../../../nios2-elf/lib/mno-hw-mul/libc.a(lib_a-impure.o)
 .bss           0x0081e7ac        0x0 /OPT/altera/12.1/nios2eds/bin/gnu/H-i686-pc-linux-gnu/bin/../lib/gcc/nios2-elf/4.1.2/../../../../nios2-elf/lib/mno-hw-mul/libc.a(lib_a-printf.o)
 .bss           0x0081e7ac        0x0 /OPT/altera/12.1/nios2eds/bin/gnu/H-i686-pc-linux-gnu/bin/../lib/gcc/nios2-elf/4.1.2/../../../../nios2-elf/lib/mno-hw-mul/libc.a(lib_a-puts.o)
 .bss           0x0081e7ac        0x0 /OPT/altera/12.1/nios2eds/bin/gnu/H-i686-pc-linux-gnu/bin/../lib/gcc/nios2-elf/4.1.2/../../../../nios2-elf/lib/mno-hw-mul/libc.a(lib_a-strlen.o)
 .bss           0x0081e7ac        0x0 /OPT/altera/12.1/nios2eds/bin/gnu/H-i686-pc-linux-gnu/bin/../lib/gcc/nios2-elf/4.1.2/../../../../nios2-elf/lib/mno-hw-mul/libc.a(lib_a-vfprintf.o)
 .bss           0x0081e7ac        0x0 /OPT/altera/12.1/nios2eds/bin/gnu/H-i686-pc-linux-gnu/bin/../lib/gcc/nios2-elf/4.1.2/../../../../nios2-elf/lib/mno-hw-mul/libc.a(lib_a-wsetup.o)
 .bss           0x0081e7ac        0x0 /OPT/altera/12.1/nios2eds/bin/gnu/H-i686-pc-linux-gnu/bin/../lib/gcc/nios2-elf/4.1.2/../../../../nios2-elf/lib/mno-hw-mul/libc.a(lib_a-dtoa.o)
 .bss           0x0081e7ac        0x0 /OPT/altera/12.1/nios2eds/bin/gnu/H-i686-pc-linux-gnu/bin/../lib/gcc/nios2-elf/4.1.2/../../../../nios2-elf/lib/mno-hw-mul/libc.a(lib_a-fflush.o)
 .bss           0x0081e7ac        0x0 /OPT/altera/12.1/nios2eds/bin/gnu/H-i686-pc-linux-gnu/bin/../lib/gcc/nios2-elf/4.1.2/../../../../nios2-elf/lib/mno-hw-mul/libc.a(lib_a-findfp.o)
 .bss           0x0081e7ac        0x0 /OPT/altera/12.1/nios2eds/bin/gnu/H-i686-pc-linux-gnu/bin/../lib/gcc/nios2-elf/4.1.2/../../../../nios2-elf/lib/mno-hw-mul/libc.a(lib_a-freer.o)
 .bss           0x0081e7ac        0x0 /OPT/altera/12.1/nios2eds/bin/gnu/H-i686-pc-linux-gnu/bin/../lib/gcc/nios2-elf/4.1.2/../../../../nios2-elf/lib/mno-hw-mul/libc.a(lib_a-fvwrite.o)
 .bss           0x0081e7ac        0x0 /OPT/altera/12.1/nios2eds/bin/gnu/H-i686-pc-linux-gnu/bin/../lib/gcc/nios2-elf/4.1.2/../../../../nios2-elf/lib/mno-hw-mul/libc.a(lib_a-fwalk.o)
 .bss           0x0081e7ac        0x0 /OPT/altera/12.1/nios2eds/bin/gnu/H-i686-pc-linux-gnu/bin/../lib/gcc/nios2-elf/4.1.2/../../../../nios2-elf/lib/mno-hw-mul/libc.a(lib_a-locale.o)
 .bss           0x0081e7ac        0x0 /OPT/altera/12.1/nios2eds/bin/gnu/H-i686-pc-linux-gnu/bin/../lib/gcc/nios2-elf/4.1.2/../../../../nios2-elf/lib/mno-hw-mul/libc.a(lib_a-makebuf.o)
 .bss           0x0081e7ac       0x28 /OPT/altera/12.1/nios2eds/bin/gnu/H-i686-pc-linux-gnu/bin/../lib/gcc/nios2-elf/4.1.2/../../../../nios2-elf/lib/mno-hw-mul/libc.a(lib_a-mallocr.o)
                0x0081e7ac                __malloc_current_mallinfo
 .bss           0x0081e7d4        0x0 /OPT/altera/12.1/nios2eds/bin/gnu/H-i686-pc-linux-gnu/bin/../lib/gcc/nios2-elf/4.1.2/../../../../nios2-elf/lib/mno-hw-mul/libc.a(lib_a-memchr.o)
 .bss           0x0081e7d4        0x0 /OPT/altera/12.1/nios2eds/bin/gnu/H-i686-pc-linux-gnu/bin/../lib/gcc/nios2-elf/4.1.2/../../../../nios2-elf/lib/mno-hw-mul/libc.a(lib_a-memcpy.o)
 .bss           0x0081e7d4        0x0 /OPT/altera/12.1/nios2eds/bin/gnu/H-i686-pc-linux-gnu/bin/../lib/gcc/nios2-elf/4.1.2/../../../../nios2-elf/lib/mno-hw-mul/libc.a(lib_a-memmove.o)
 .bss           0x0081e7d4        0x0 /OPT/altera/12.1/nios2eds/bin/gnu/H-i686-pc-linux-gnu/bin/../lib/gcc/nios2-elf/4.1.2/../../../../nios2-elf/lib/mno-hw-mul/libc.a(lib_a-memset.o)
 .bss           0x0081e7d4        0x0 /OPT/altera/12.1/nios2eds/bin/gnu/H-i686-pc-linux-gnu/bin/../lib/gcc/nios2-elf/4.1.2/../../../../nios2-elf/lib/mno-hw-mul/libc.a(lib_a-mprec.o)
 .bss           0x0081e7d4        0x0 /OPT/altera/12.1/nios2eds/bin/gnu/H-i686-pc-linux-gnu/bin/../lib/gcc/nios2-elf/4.1.2/../../../../nios2-elf/lib/mno-hw-mul/libc.a(lib_a-reallocr.o)
 .bss           0x0081e7d4        0x0 /OPT/altera/12.1/nios2eds/bin/gnu/H-i686-pc-linux-gnu/bin/../lib/gcc/nios2-elf/4.1.2/../../../../nios2-elf/lib/mno-hw-mul/libc.a(lib_a-s_isinfd.o)
 .bss           0x0081e7d4        0x0 /OPT/altera/12.1/nios2eds/bin/gnu/H-i686-pc-linux-gnu/bin/../lib/gcc/nios2-elf/4.1.2/../../../../nios2-elf/lib/mno-hw-mul/libc.a(lib_a-sbrkr.o)
 .bss           0x0081e7d4        0x0 /OPT/altera/12.1/nios2eds/bin/gnu/H-i686-pc-linux-gnu/bin/../lib/gcc/nios2-elf/4.1.2/../../../../nios2-elf/lib/mno-hw-mul/libc.a(lib_a-stdio.o)
 .bss           0x0081e7d4        0x0 /OPT/altera/12.1/nios2eds/bin/gnu/H-i686-pc-linux-gnu/bin/../lib/gcc/nios2-elf/4.1.2/../../../../nios2-elf/lib/mno-hw-mul/libc.a(lib_a-strcmp.o)
 .bss           0x0081e7d4        0x0 /OPT/altera/12.1/nios2eds/bin/gnu/H-i686-pc-linux-gnu/bin/../lib/gcc/nios2-elf/4.1.2/../../../../nios2-elf/lib/mno-hw-mul/libc.a(lib_a-writer.o)
 .bss           0x0081e7d4        0x0 /OPT/altera/12.1/nios2eds/bin/gnu/H-i686-pc-linux-gnu/bin/../lib/gcc/nios2-elf/4.1.2/../../../../nios2-elf/lib/mno-hw-mul/libc.a(lib_a-callocr.o)
 .bss           0x0081e7d4        0x0 /OPT/altera/12.1/nios2eds/bin/gnu/H-i686-pc-linux-gnu/bin/../lib/gcc/nios2-elf/4.1.2/../../../../nios2-elf/lib/mno-hw-mul/libc.a(lib_a-closer.o)
 .bss           0x0081e7d4        0x0 /OPT/altera/12.1/nios2eds/bin/gnu/H-i686-pc-linux-gnu/bin/../lib/gcc/nios2-elf/4.1.2/../../../../nios2-elf/lib/mno-hw-mul/libc.a(lib_a-fclose.o)
 .bss           0x0081e7d4        0x0 /OPT/altera/12.1/nios2eds/bin/gnu/H-i686-pc-linux-gnu/bin/../lib/gcc/nios2-elf/4.1.2/../../../../nios2-elf/lib/mno-hw-mul/libc.a(lib_a-fstatr.o)
 .bss           0x0081e7d4        0x0 /OPT/altera/12.1/nios2eds/bin/gnu/H-i686-pc-linux-gnu/bin/../lib/gcc/nios2-elf/4.1.2/../../../../nios2-elf/lib/mno-hw-mul/libc.a(lib_a-int_errno.o)
 .bss           0x0081e7d4        0x0 /OPT/altera/12.1/nios2eds/bin/gnu/H-i686-pc-linux-gnu/bin/../lib/gcc/nios2-elf/4.1.2/../../../../nios2-elf/lib/mno-hw-mul/libc.a(lib_a-isattyr.o)
 .bss           0x0081e7d4        0x0 /OPT/altera/12.1/nios2eds/bin/gnu/H-i686-pc-linux-gnu/bin/../lib/gcc/nios2-elf/4.1.2/../../../../nios2-elf/lib/mno-hw-mul/libc.a(lib_a-lseekr.o)
 .bss           0x0081e7d4        0x0 /OPT/altera/12.1/nios2eds/bin/gnu/H-i686-pc-linux-gnu/bin/../lib/gcc/nios2-elf/4.1.2/../../../../nios2-elf/lib/mno-hw-mul/libc.a(lib_a-readr.o)
 .bss           0x0081e7d4        0x0 /OPT/altera/12.1/nios2eds/bin/gnu/H-i686-pc-linux-gnu/bin/../lib/gcc/nios2-elf/4.1.2/mno-hw-mul/libgcc.a(_udivdi3.o)
 .bss           0x0081e7d4        0x0 /OPT/altera/12.1/nios2eds/bin/gnu/H-i686-pc-linux-gnu/bin/../lib/gcc/nios2-elf/4.1.2/mno-hw-mul/libgcc.a(_umoddi3.o)
 .bss           0x0081e7d4        0x0 /OPT/altera/12.1/nios2eds/bin/gnu/H-i686-pc-linux-gnu/bin/../lib/gcc/nios2-elf/4.1.2/mno-hw-mul/libgcc.a(_ge_df.o)
 .bss           0x0081e7d4        0x0 /OPT/altera/12.1/nios2eds/bin/gnu/H-i686-pc-linux-gnu/bin/../lib/gcc/nios2-elf/4.1.2/mno-hw-mul/libgcc.a(_df_to_si.o)
 .bss           0x0081e7d4        0x0 /OPT/altera/12.1/nios2eds/bin/gnu/H-i686-pc-linux-gnu/bin/../lib/gcc/nios2-elf/4.1.2/mno-hw-mul/libgcc.a(_usi_to_df.o)
 .bss           0x0081e7d4        0x0 ../i2c_bsp//libucosii_bsp.a(alt_close.o)
 .bss           0x0081e7d4        0x0 ../i2c_bsp//libucosii_bsp.a(alt_dev.o)
 .bss           0x0081e7d4        0x0 ../i2c_bsp//libucosii_bsp.a(alt_errno.o)
 .bss           0x0081e7d4        0x0 ../i2c_bsp//libucosii_bsp.a(alt_fstat.o)
 .bss           0x0081e7d4        0x0 ../i2c_bsp//libucosii_bsp.a(alt_isatty.o)
 .bss           0x0081e7d4        0x0 ../i2c_bsp//libucosii_bsp.a(alt_load.o)
 .bss           0x0081e7d4        0x0 ../i2c_bsp//libucosii_bsp.a(alt_lseek.o)
 .bss           0x0081e7d4        0x0 ../i2c_bsp//libucosii_bsp.a(alt_main.o)
 .bss           0x0081e7d4        0x0 ../i2c_bsp//libucosii_bsp.a(alt_read.o)
 .bss           0x0081e7d4        0x0 ../i2c_bsp//libucosii_bsp.a(alt_release_fd.o)
 .bss           0x0081e7d4        0x0 ../i2c_bsp//libucosii_bsp.a(alt_sbrk.o)
 .bss           0x0081e7d4        0x0 ../i2c_bsp//libucosii_bsp.a(alt_usleep.o)
 .bss           0x0081e7d4        0x0 ../i2c_bsp//libucosii_bsp.a(alt_write.o)
 .bss           0x0081e7d4        0x0 ../i2c_bsp//libucosii_bsp.a(alt_env_lock.o)
 .bss           0x0081e7d4        0x0 ../i2c_bsp//libucosii_bsp.a(alt_malloc_lock.o)
 .bss           0x0081e7d4        0x0 ../i2c_bsp//libucosii_bsp.a(os_core.o)
 .bss           0x0081e7d4        0x0 ../i2c_bsp//libucosii_bsp.a(os_dbg.o)
 .bss           0x0081e7d4        0x0 ../i2c_bsp//libucosii_bsp.a(os_flag.o)
 .bss           0x0081e7d4        0x0 ../i2c_bsp//libucosii_bsp.a(os_mem.o)
 .bss           0x0081e7d4        0x0 ../i2c_bsp//libucosii_bsp.a(os_q.o)
 .bss           0x0081e7d4        0x0 ../i2c_bsp//libucosii_bsp.a(os_sem.o)
 .bss           0x0081e7d4        0x0 ../i2c_bsp//libucosii_bsp.a(os_task.o)
 .bss           0x0081e7d4        0x0 ../i2c_bsp//libucosii_bsp.a(os_time.o)
 .bss           0x0081e7d4        0x0 ../i2c_bsp//libucosii_bsp.a(alt_sys_init.o)
 .bss           0x0081e7d4        0x0 ../i2c_bsp//libucosii_bsp.a(altera_avalon_jtag_uart_fd.o)
 .bss           0x0081e7d4        0x0 ../i2c_bsp//libucosii_bsp.a(altera_avalon_jtag_uart_init.o)
 .bss           0x0081e7d4        0x0 ../i2c_bsp//libucosii_bsp.a(altera_avalon_jtag_uart_ioctl.o)
 .bss           0x0081e7d4        0x0 ../i2c_bsp//libucosii_bsp.a(altera_avalon_jtag_uart_read.o)
 .bss           0x0081e7d4        0x0 ../i2c_bsp//libucosii_bsp.a(altera_avalon_jtag_uart_write.o)
 .bss           0x0081e7d4        0x0 ../i2c_bsp//libucosii_bsp.a(altera_avalon_timer_sc.o)
 .bss           0x0081e7d4        0x0 ../i2c_bsp//libucosii_bsp.a(altera_up_avalon_character_lcd.o)
 .bss           0x0081e7d4        0x0 ../i2c_bsp//libucosii_bsp.a(alt_alarm_start.o)
 .bss           0x0081e7d4        0x0 ../i2c_bsp//libucosii_bsp.a(alt_busy_sleep.o)
 .bss           0x0081e7d4        0x0 ../i2c_bsp//libucosii_bsp.a(alt_dcache_flush_all.o)
 .bss           0x0081e7d4        0x0 ../i2c_bsp//libucosii_bsp.a(alt_dev_llist_insert.o)
 .bss           0x0081e7d4        0x0 ../i2c_bsp//libucosii_bsp.a(alt_do_ctors.o)
 .bss           0x0081e7d4        0x0 ../i2c_bsp//libucosii_bsp.a(alt_do_dtors.o)