Archive member included because of file (symbol)

/OPT/altera/12.1/nios2eds/bin/gnu/H-i686-pc-linux-gnu/bin/../lib/gcc/nios2-elf/4.1.2/../../../../nios2-elf/lib/libm.a(lib_a-w_pow.o)
                              obj/default/MPU9250/mpu9250.o (pow)
/OPT/altera/12.1/nios2eds/bin/gnu/H-i686-pc-linux-gnu/bin/../lib/gcc/nios2-elf/4.1.2/../../../../nios2-elf/lib/libm.a(lib_a-e_pow.o)
                              /OPT/altera/12.1/nios2eds/bin/gnu/H-i686-pc-linux-gnu/bin/../lib/gcc/nios2-elf/4.1.2/../../../../nios2-elf/lib/libm.a(lib_a-w_pow.o) (__ieee754_pow)
/OPT/altera/12.1/nios2eds/bin/gnu/H-i686-pc-linux-gnu/bin/../lib/gcc/nios2-elf/4.1.2/../../../../nios2-elf/lib/libm.a(lib_a-e_sqrt.o)
                              /OPT/altera/12.1/nios2eds/bin/gnu/H-i686-pc-linux-gnu/bin/../lib/gcc/nios2-elf/4.1.2/../../../../nios2-elf/lib/libm.a(lib_a-e_pow.o) (__ieee754_sqrt)
/OPT/altera/12.1/nios2eds/bin/gnu/H-i686-pc-linux-gnu/bin/../lib/gcc/nios2-elf/4.1.2/../../../../nios2-elf/lib/libm.a(lib_a-s_fabs.o)
                              /OPT/altera/12.1/nios2eds/bin/gnu/H-i686-pc-linux-gnu/bin/../lib/gcc/nios2-elf/4.1.2/../../../../nios2-elf/lib/libm.a(lib_a-e_pow.o) (fabs)
/OPT/altera/12.1/nios2eds/bin/gnu/H-i686-pc-linux-gnu/bin/../lib/gcc/nios2-elf/4.1.2/../../../../nios2-elf/lib/libm.a(lib_a-s_finite.o)
                              /OPT/altera/12.1/nios2eds/bin/gnu/H-i686-pc-linux-gnu/bin/../lib/gcc/nios2-elf/4.1.2/../../../../nios2-elf/lib/libm.a(lib_a-w_pow.o) (finite)
/OPT/altera/12.1/nios2eds/bin/gnu/H-i686-pc-linux-gnu/bin/../lib/gcc/nios2-elf/4.1.2/../../../../nios2-elf/lib/libm.a(lib_a-s_isnand.o)
                              /OPT/altera/12.1/nios2eds/bin/gnu/H-i686-pc-linux-gnu/bin/../lib/gcc/nios2-elf/4.1.2/../../../../nios2-elf/lib/libm.a(lib_a-w_pow.o) (__isnand)
/OPT/altera/12.1/nios2eds/bin/gnu/H-i686-pc-linux-gnu/bin/../lib/gcc/nios2-elf/4.1.2/../../../../nios2-elf/lib/libm.a(lib_a-s_lib_ver.o)
                              /OPT/altera/12.1/nios2eds/bin/gnu/H-i686-pc-linux-gnu/bin/../lib/gcc/nios2-elf/4.1.2/../../../../nios2-elf/lib/libm.a(lib_a-w_pow.o) (__fdlib_version)
/OPT/altera/12.1/nios2eds/bin/gnu/H-i686-pc-linux-gnu/bin/../lib/gcc/nios2-elf/4.1.2/../../../../nios2-elf/lib/libm.a(lib_a-s_matherr.o)
                              /OPT/altera/12.1/nios2eds/bin/gnu/H-i686-pc-linux-gnu/bin/../lib/gcc/nios2-elf/4.1.2/../../../../nios2-elf/lib/libm.a(lib_a-w_pow.o) (matherr)
/OPT/altera/12.1/nios2eds/bin/gnu/H-i686-pc-linux-gnu/bin/../lib/gcc/nios2-elf/4.1.2/../../../../nios2-elf/lib/libm.a(lib_a-s_nan.o)
                              /OPT/altera/12.1/nios2eds/bin/gnu/H-i686-pc-linux-gnu/bin/../lib/gcc/nios2-elf/4.1.2/../../../../nios2-elf/lib/libm.a(lib_a-e_pow.o) (nan)
/OPT/altera/12.1/nios2eds/bin/gnu/H-i686-pc-linux-gnu/bin/../lib/gcc/nios2-elf/4.1.2/../../../../nios2-elf/lib/libm.a(lib_a-s_rint.o)
                              /OPT/altera/12.1/nios2eds/bin/gnu/H-i686-pc-linux-gnu/bin/../lib/gcc/nios2-elf/4.1.2/../../../../nios2-elf/lib/libm.a(lib_a-w_pow.o) (rint)
/OPT/altera/12.1/nios2eds/bin/gnu/H-i686-pc-linux-gnu/bin/../lib/gcc/nios2-elf/4.1.2/../../../../nios2-elf/lib/libm.a(lib_a-s_scalbn.o)
                              /OPT/altera/12.1/nios2eds/bin/gnu/H-i686-pc-linux-gnu/bin/../lib/gcc/nios2-elf/4.1.2/../../../../nios2-elf/lib/libm.a(lib_a-e_pow.o) (scalbn)
/OPT/altera/12.1/nios2eds/bin/gnu/H-i686-pc-linux-gnu/bin/../lib/gcc/nios2-elf/4.1.2/../../../../nios2-elf/lib/libm.a(lib_a-s_copysign.o)
                              /OPT/altera/12.1/nios2eds/bin/gnu/H-i686-pc-linux-gnu/bin/../lib/gcc/nios2-elf/4.1.2/../../../../nios2-elf/lib/libm.a(lib_a-s_scalbn.o) (copysign)
/OPT/altera/12.1/nios2eds/bin/gnu/H-i686-pc-linux-gnu/bin/../lib/gcc/nios2-elf/4.1.2/libgcc.a(_addsub_sf.o)
                              obj/default/imu_i2c.o (__subsf3)
/OPT/altera/12.1/nios2eds/bin/gnu/H-i686-pc-linux-gnu/bin/../lib/gcc/nios2-elf/4.1.2/libgcc.a(_mul_sf.o)
                              obj/default/MPU9250/mpu9250.o (__mulsf3)
/OPT/altera/12.1/nios2eds/bin/gnu/H-i686-pc-linux-gnu/bin/../lib/gcc/nios2-elf/4.1.2/libgcc.a(_div_sf.o)
                              obj/default/MPU9250/mpu9250.o (__divsf3)
/OPT/altera/12.1/nios2eds/bin/gnu/H-i686-pc-linux-gnu/bin/../lib/gcc/nios2-elf/4.1.2/libgcc.a(_gt_sf.o)
                              obj/default/imu_i2c.o (__gtsf2)
/OPT/altera/12.1/nios2eds/bin/gnu/H-i686-pc-linux-gnu/bin/../lib/gcc/nios2-elf/4.1.2/libgcc.a(_lt_sf.o)
                              obj/default/imu_i2c.o (__ltsf2)
/OPT/altera/12.1/nios2eds/bin/gnu/H-i686-pc-linux-gnu/bin/../lib/gcc/nios2-elf/4.1.2/libgcc.a(_si_to_sf.o)
                              obj/default/MPU9250/mpu9250.o (__floatsisf)
/OPT/altera/12.1/nios2eds/bin/gnu/H-i686-pc-linux-gnu/bin/../lib/gcc/nios2-elf/4.1.2/libgcc.a(_sf_to_df.o)
                              obj/default/MPU9250/mpu9250.o (__extendsfdf2)
/OPT/altera/12.1/nios2eds/bin/gnu/H-i686-pc-linux-gnu/bin/../lib/gcc/nios2-elf/4.1.2/libgcc.a(_thenan_sf.o)
[...]
Memory Configuration

Name             Origin             Length             Attributes
sdram_0          0x00800000         0x00800000
sram_0           0x01080000         0x00080000
reset            0x01104000         0x00000020
onchip_memory2_0 0x01104020         0x00003fe0
*default*        0x00000000         0xffffffff

Linker script and memory map

LOAD ../i2c_bsp//obj/HAL/src/crt0.o
LOAD obj/default/MPU9250/mpu9250.o
LOAD obj/default/i2c/I2C.o
LOAD obj/default/imu_i2c.o
LOAD /OPT/altera/12.1/nios2eds/bin/gnu/H-i686-pc-linux-gnu/bin/../lib/gcc/nios2-elf/4.1.2/../../../../nios2-elf/lib/libstdc++.a
LOAD /OPT/altera/12.1/nios2eds/bin/gnu/H-i686-pc-linux-gnu/bin/../lib/gcc/nios2-elf/4.1.2/../../../../nios2-elf/lib/libm.a
LOAD /OPT/altera/12.1/nios2eds/bin/gnu/H-i686-pc-linux-gnu/bin/../lib/gcc/nios2-elf/4.1.2/libgcc.a
START GROUP
LOAD /OPT/altera/12.1/nios2eds/bin/gnu/H-i686-pc-linux-gnu/bin/../lib/gcc/nios2-elf/4.1.2/../../../../nios2-elf/lib/libc.a
LOAD /OPT/altera/12.1/nios2eds/bin/gnu/H-i686-pc-linux-gnu/bin/../lib/gcc/nios2-elf/4.1.2/libgcc.a
LOAD ../i2c_bsp//libucosii_bsp.a
END GROUP
LOAD /OPT/altera/12.1/nios2eds/bin/gnu/H-i686-pc-linux-gnu/bin/../lib/gcc/nios2-elf/4.1.2/libgcc.a
                0x00800000                __alt_mem_sdram_0 = 0x800000
                0x01080000                __alt_mem_sram_0 = 0x1080000
                0x01104000                __alt_mem_onchip_memory2_0 = 0x1104000

.entry          0x01104000       0x20
 *(.entry)
 .entry         0x01104000       0x20 ../i2c_bsp//obj/HAL/src/crt0.o
                0x01104000                __reset

.exceptions     0x01104020      0x19c load address 0x00800000
                0x01104020                PROVIDE (__ram_exceptions_start, ABSOLUTE (.))
                0x01104020                . = ALIGN (0x20)
 *(.irq)
 *(.exceptions.entry.label)
 .exceptions.entry.label
                0x01104020        0x0 ../i2c_bsp//libucosii_bsp.a(alt_irq_entry.o)
                0x01104020                alt_irq_entry
 .exceptions.entry.label
                0x01104020        0x0 ../i2c_bsp//libucosii_bsp.a(alt_exception_entry.o)
                0x01104020                alt_exception
 *(.exceptions.entry.user)
 *(.exceptions.entry)
 .exceptions.entry
                0x01104020       0x54 ../i2c_bsp//libucosii_bsp.a(alt_exception_entry.o)
 *(.exceptions.irqtest.user)
 *(.exceptions.irqtest)
 .exceptions.irqtest
                0x01104074       0x10 ../i2c_bsp//libucosii_bsp.a(alt_irq_entry.o)
 *(.exceptions.irqhandler.user)
 *(.exceptions.irqhandler)
 .exceptions.irqhandler
                0x01104084        0x4 ../i2c_bsp//libucosii_bsp.a(alt_irq_entry.o)
 *(.exceptions.irqreturn.user)
 *(.exceptions.irqreturn)
 .exceptions.irqreturn
                0x01104088        0x4 ../i2c_bsp//libucosii_bsp.a(alt_irq_entry.o)
 *(.exceptions.notirq.label)
 .exceptions.notirq.label
                0x0110408c        0x0 ../i2c_bsp//libucosii_bsp.a(alt_irq_entry.o)
 *(.exceptions.notirq.user)
 *(.exceptions.notirq)
 .exceptions.notirq
                0x0110408c        0x8 ../i2c_bsp//libucosii_bsp.a(alt_exception_entry.o)
 *(.exceptions.soft.user)
 *(.exceptions.soft)
 *(.exceptions.unknown.user)
 *(.exceptions.unknown)
 .exceptions.unknown
                0x01104094        0x4 ../i2c_bsp//libucosii_bsp.a(alt_exception_entry.o)
 *(.exceptions.exit.label)
 .exceptions.exit.label
                0x01104098        0x0 ../i2c_bsp//libucosii_bsp.a(alt_irq_entry.o)
 .exceptions.exit.label
                0x01104098        0x0 ../i2c_bsp//libucosii_bsp.a(alt_exception_entry.o)
 *(.exceptions.exit.user)
 *(.exceptions.exit)
 .exceptions.exit
                0x01104098       0x54 ../i2c_bsp//libucosii_bsp.a(alt_exception_entry.o)
 *(.exceptions)
 .exceptions    0x011040ec       0xd0 ../i2c_bsp//libucosii_bsp.a(alt_irq_handler.o)
                0x011040ec                alt_irq_handler
                0x011041bc                PROVIDE (__ram_exceptions_end, ABSOLUTE (.))
                0x00800000                PROVIDE (__flash_exceptions_start, LOADADDR (.exceptions))

.text           0x0080019c    0x1be60
                0x0080019c                PROVIDE (stext, ABSOLUTE (.))
 *(.interp)
 *(.hash)
 *(.dynsym)
 *(.dynstr)
 *(.gnu.version)
 *(.gnu.version_d)
 *(.gnu.version_r)
 *(.rel.init)
 *(.rela.init)
 *(.rel.text .rel.text.* .rel.gnu.linkonce.t.*)
 *(.rela.text .rela.text.* .rela.gnu.linkonce.t.*)
 *(.rel.fini)
 *(.rela.fini)
 *(.rel.rodata .rel.rodata.* .rel.gnu.linkonce.r.*)
 *(.rela.rodata .rela.rodata.* .rela.gnu.linkonce.r.*)
 *(.rel.data .rel.data.* .rel.gnu.linkonce.d.*)
 *(.rela.data .rela.data.* .rela.gnu.linkonce.d.*)
 *(.rel.tdata .rel.tdata.* .rel.gnu.linkonce.td.*)
 *(.rela.tdata .rela.tdata.* .rela.gnu.linkonce.td.*)
 *(.rel.tbss .rel.tbss.* .rel.gnu.linkonce.tb.*)
 *(.rela.tbss .rela.tbss.* .rela.gnu.linkonce.tb.*)
 *(.rel.ctors)
 *(.rela.ctors)
 *(.rel.dtors)
 *(.rela.dtors)
 *(.rel.got)
 *(.rela.got)
 *(.rel.sdata .rel.sdata.* .rel.gnu.linkonce.s.*)
 *(.rela.sdata .rela.sdata.* .rela.gnu.linkonce.s.*)
 *(.rel.sbss .rel.sbss.* .rel.gnu.linkonce.sb.*)
 *(.rela.sbss .rela.sbss.* .rela.gnu.linkonce.sb.*)
 *(.rel.sdata2 .rel.sdata2.* .rel.gnu.linkonce.s2.*)
 *(.rela.sdata2 .rela.sdata2.* .rela.gnu.linkonce.s2.*)
 *(.rel.sbss2 .rel.sbss2.* .rel.gnu.linkonce.sb2.*)
 *(.rela.sbss2 .rela.sbss2.* .rela.gnu.linkonce.sb2.*)
 *(.rel.bss .rel.bss.* .rel.gnu.linkonce.b.*)
 *(.rela.bss .rela.bss.* .rela.gnu.linkonce.b.*)
 *(.rel.plt)
 *(.rela.plt)
 *(.rel.dyn)
 *(.init)
 *(.plt)
 *(.text .stub .text.* .gnu.linkonce.t.*)
 .text          0x0080019c       0x4c ../i2c_bsp//obj/HAL/src/crt0.o
                0x0080019c                _start
 .text          0x008001e8     0x2498 obj/default/MPU9250/mpu9250.o
                0x008001e8                getAres
                0x00800214                getGres
                0x00800240                readAccelData
                0x00800340                readGyroData
                0x00800440                initMPU9250
                0x00800798                calibrateMPU9250
                0x00801698                MPU9250SelfTest
 .text          0x00802680      0xa80 obj/default/i2c/I2C.o
                0x00802680                I2C_Start
                0x008026b8                I2C_Stop
                0x008026f0                I2C_WriteToDevice
                0x008027e8                I2C_WriteToDeviceRegister
                0x00802918                I2C_WriteMore
                0x008029dc                I2C_ReadFromDevice
                0x00802ad0                I2C_ReadFromDeviceRegister
                0x00802c2c                I2C_ReadMore
                0x00802cd8                i2c_selectAddress
                0x00802d50                i2c_start
                0x00802dd8                i2c_stop
                0x00802e50                i2c_write
                0x00802f94                i2c_read
 .text          0x00803100      0xc20 obj/default/imu_i2c.o
                0x00803100                task1
                0x00803cb4                main
 .text          0x00803d20      0x488 /OPT/altera/12.1/nios2eds/bin/gnu/H-i686-pc-linux-gnu/bin/../lib/gcc/nios2-elf/4.1.2/../../../../nios2-elf/lib/libm.a(lib_a-w_pow.o)
                0x00803d20                pow
 .text          0x008041a8     0x1300 /OPT/altera/12.1/nios2eds/bin/gnu/H-i686-pc-linux-gnu/bin/../lib/gcc/nios2-elf/4.1.2/../../../../nios2-elf/lib/libm.a(lib_a-e_pow.o)
                0x008041a8                __ieee754_pow
 .text          0x008054a8      0x2c8 /OPT/altera/12.1/nios2eds/bin/gnu/H-i686-pc-linux-gnu/bin/../lib/gcc/nios2-elf/4.1.2/../../../../nios2-elf/lib/libm.a(lib_a-e_sqrt.o)
                0x008054a8                __ieee754_sqrt
 .text          0x00805770       0x18 /OPT/altera/12.1/nios2eds/bin/gnu/H-i686-pc-linux-gnu/bin/../lib/gcc/nios2-elf/4.1.2/../../../../nios2-elf/lib/libm.a(lib_a-s_fabs.o)
                0x00805770                fabs
 .text          0x00805788       0x1c /OPT/altera/12.1/nios2eds/bin/gnu/H-i686-pc-linux-gnu/bin/../lib/gcc/nios2-elf/4.1.2/../../../../nios2-elf/lib/libm.a(lib_a-s_finite.o)
                0x00805788                finite
 .text          0x008057a4       0x30 /OPT/altera/12.1/nios2eds/bin/gnu/H-i686-pc-linux-gnu/bin/../lib/gcc/nios2-elf/4.1.2/../../../../nios2-elf/lib/libm.a(lib_a-s_isnand.o)
                0x008057a4                __isnand
 .text          0x008057d4        0x0 /OPT/altera/12.1/nios2eds/bin/gnu/H-i686-pc-linux-gnu/bin/../lib/gcc/nios2-elf/4.1.2/../../../../nios2-elf/lib/libm.a(lib_a-s_lib_ver.o)
 .text          0x008057d4        0x8 /OPT/altera/12.1/nios2eds/bin/gnu/H-i686-pc-linux-gnu/bin/../lib/gcc/nios2-elf/4.1.2/../../../../nios2-elf/lib/libm.a(lib_a-s_matherr.o)
                0x008057d4                matherr
 .text          0x008057dc       0x10 /OPT/altera/12.1/nios2eds/bin/gnu/H-i686-pc-linux-gnu/bin/../lib/gcc/nios2-elf/4.1.2/../../../../nios2-elf/lib/libm.a(lib_a-s_nan.o)
                0x008057dc                nan
 .text          0x008057ec      0x210 /OPT/altera/12.1/nios2eds/bin/gnu/H-i686-pc-linux-gnu/bin/../lib/gcc/nios2-elf/4.1.2/../../../../nios2-elf/lib/libm.a(lib_a-s_rint.o)
                0x008057ec                rint
 .text          0x008059fc      0x1e0 /OPT/altera/12.1/nios2eds/bin/gnu/H-i686-pc-linux-gnu/bin/../lib/gcc/nios2-elf/4.1.2/../../../../nios2-elf/lib/libm.a(lib_a-s_scalbn.o)
                0x008059fc                scalbn
 .text          0x00805bdc       0x24 /OPT/altera/12.1/nios2eds/bin/gnu/H-i686-pc-linux-gnu/bin/../lib/gcc/nios2-elf/4.1.2/../../../../nios2-elf/lib/libm.a(lib_a-s_copysign.o)
                0x00805bdc                copysign
 .text          0x00805c00      0x2b8 /OPT/altera/12.1/nios2eds/bin/gnu/H-i686-pc-linux-gnu/bin/../lib/gcc/nios2-elf/4.1.2/libgcc.a(_addsub_sf.o)
                0x00805de4                __subsf3
                0x00805e54                __addsf3
 .text          0x00805eb8      0x1e0 /OPT/altera/12.1/nios2eds/bin/gnu/H-i686-pc-linux-gnu/bin/../lib/gcc/nios2-elf/4.1.2/libgcc.a(_mul_sf.o)
                0x00805eb8                __mulsf3
 .text          0x00806098      0x174 /OPT/altera/12.1/nios2eds/bin/gnu/H-i686-pc-linux-gnu/bin/../lib/gcc/nios2-elf/4.1.2/libgcc.a(_div_sf.o)
                0x00806098                __divsf3
 .text          0x0080620c       0x78 /OPT/altera/12.1/nios2eds/bin/gnu/H-i686-pc-linux-gnu/bin/../lib/gcc/nios2-elf/4.1.2/libgcc.a(_gt_sf.o)
                0x0080620c                __gtsf2
 .text          0x00806284       0x78 /OPT/altera/12.1/nios2eds/bin/gnu/H-i686-pc-linux-gnu/bin/../lib/gcc/nios2-elf/4.1.2/libgcc.a(_lt_sf.o)
                0x00806284                __ltsf2
 .text          0x008062fc       0x98 /OPT/altera/12.1/nios2eds/bin/gnu/H-i686-pc-linux-gnu/bin/../lib/gcc/nios2-elf/4.1.2/libgcc.a(_si_to_sf.o)
                0x008062fc                __floatsisf
 .text          0x00806394       0x54 /OPT/altera/12.1/nios2eds/bin/gnu/H-i686-pc-linux-gnu/bin/../lib/gcc/nios2-elf/4.1.2/libgcc.a(_sf_to_df.o)
                0x00806394                __extendsfdf2
 .text          0x008063e8        0x0 /OPT/altera/12.1/nios2eds/bin/gnu/H-i686-pc-linux-gnu/bin/../lib/gcc/nios2-elf/4.1.2/libgcc.a(_thenan_sf.o)
 .text          0x008063e8       0xc0 /OPT/altera/12.1/nios2eds/bin/gnu/H-i686-pc-linux-gnu/bin/../lib/gcc/nios2-elf/4.1.2/libgcc.a(_usi_to_sf.o)
                0x008063e8                __floatunsisf
 .text          0x008064a8      0x504 /OPT/altera/12.1/nios2eds/bin/gnu/H-i686-pc-linux-gnu/bin/../lib/gcc/nios2-elf/4.1.2/libgcc.a(_addsub_df.o)
                0x008068b8                __subdf3
                0x00806938                __adddf3
 .text          0x008069ac      0x3c4 /OPT/altera/12.1/nios2eds/bin/gnu/H-i686-pc-linux-gnu/bin/../lib/gcc/nios2-elf/4.1.2/libgcc.a(_mul_df.o)
                0x008069ac                __muldf3
 .text          0x00806d70      0x258 /OPT/altera/12.1/nios2eds/bin/gnu/H-i686-pc-linux-gnu/bin/../lib/gcc/nios2-elf/4.1.2/libgcc.a(_div_df.o)
                0x00806d70                __divdf3
 .text          0x00806fc8       0x88 /OPT/altera/12.1/nios2eds/bin/gnu/H-i686-pc-linux-gnu/bin/../lib/gcc/nios2-elf/4.1.2/libgcc.a(_eq_df.o)
                0x00806fc8                __eqdf2
 .text          0x00807050       0x88 /OPT/altera/12.1/nios2eds/bin/gnu/H-i686-pc-linux-gnu/bin/../lib/gcc/nios2-elf/4.1.2/libgcc.a(_ne_df.o)
                0x00807050                __nedf2
 .text          0x008070d8       0x88 /OPT/altera/12.1/nios2eds/bin/gnu/H-i686-pc-linux-gnu/bin/../lib/gcc/nios2-elf/4.1.2/libgcc.a(_gt_df.o)
                0x008070d8                __gtdf2
 .text          0x00807160       0x88 /OPT/altera/12.1/nios2eds/bin/gnu/H-i686-pc-linux-gnu/bin/../lib/gcc/nios2-elf/4.1.2/libgcc.a(_lt_df.o)
                0x00807160                __ltdf2
 .text          0x008071e8       0x88 /OPT/altera/12.1/nios2eds/bin/gnu/H-i686-pc-linux-gnu/bin/../lib/gcc/nios2-elf/4.1.2/libgcc.a(_le_df.o)
                0x008071e8                __ledf2
 .text          0x00807270       0xf8 /OPT/altera/12.1/nios2eds/bin/gnu/H-i686-pc-linux-gnu/bin/../lib/gcc/nios2-elf/4.1.2/libgcc.a(_si_to_df.o)
                0x00807270                __floatsidf
 .text          0x00807368       0x38 /OPT/altera/12.1/nios2eds/bin/gnu/H-i686-pc-linux-gnu/bin/../lib/gcc/nios2-elf/4.1.2/libgcc.a(_make_df.o)
                0x00807368                __make_dp
 .text          0x008073a0       0x74 /OPT/altera/12.1/nios2eds/bin/gnu/H-i686-pc-linux-gnu/bin/../lib/gcc/nios2-elf/4.1.2/libgcc.a(_df_to_sf.o)
                0x008073a0                __truncdfsf2
 .text          0x00807414        0x0 /OPT/altera/12.1/nios2eds/bin/gnu/H-i686-pc-linux-gnu/bin/../lib/gcc/nios2-elf/4.1.2/libgcc.a(_thenan_df.o)
 .text          0x00807414      0x14c /OPT/altera/12.1/nios2eds/bin/gnu/H-i686-pc-linux-gnu/bin/../lib/gcc/nios2-elf/4.1.2/libgcc.a(lib2-divmod.o)
                0x00807490                __divsi3
                0x008074f0                __modsi3
                0x00807550                __udivsi3
                0x00807558                __umodsi3
 .text          0x00807560       0x98 /OPT/altera/12.1/nios2eds/bin/gnu/H-i686-pc-linux-gnu/bin/../lib/gcc/nios2-elf/4.1.2/libgcc.a(_muldi3.o)
                0x00807560                __muldi3
 .text          0x008075f8       0x80 /OPT/altera/12.1/nios2eds/bin/gnu/H-i686-pc-linux-gnu/bin/../lib/gcc/nios2-elf/4.1.2/libgcc.a(_clzsi2.o)
                0x008075f8                __clzsi2
 .text          0x00807678      0x160 /OPT/altera/12.1/nios2eds/bin/gnu/H-i686-pc-linux-gnu/bin/../lib/gcc/nios2-elf/4.1.2/libgcc.a(_pack_sf.o)
                0x00807678                __pack_f
 .text          0x008077d8       0xc8 /OPT/altera/12.1/nios2eds/bin/gnu/H-i686-pc-linux-gnu/bin/../lib/gcc/nios2-elf/4.1.2/libgcc.a(_unpack_sf.o)
                0x008077d8                __unpack_f
 .text          0x008078a0       0xa8 /OPT/altera/12.1/nios2eds/bin/gnu/H-i686-pc-linux-gnu/bin/../lib/gcc/nios2-elf/4.1.2/libgcc.a(_fpcmp_parts_sf.o)
                0x008078a0                __fpcmp_parts_f
 .text          0x00807948       0x2c /OPT/altera/12.1/nios2eds/bin/gnu/H-i686-pc-linux-gnu/bin/../lib/gcc/nios2-elf/4.1.2/libgcc.a(_make_sf.o)
                0x00807948                __make_fp
 .text          0x00807974      0x314 /OPT/altera/12.1/nios2eds/bin/gnu/H-i686-pc-linux-gnu/bin/../lib/gcc/nios2-elf/4.1.2/libgcc.a(_pack_df.o)
                0x00807974                __pack_d
 .text          0x00807c88      0x138 /OPT/altera/12.1/nios2eds/bin/gnu/H-i686-pc-linux-gnu/bin/../lib/gcc/nios2-elf/4.1.2/libgcc.a(_unpack_df.o)
                0x00807c88                __unpack_d
 .text          0x00807dc0       0xc8 /OPT/altera/12.1/nios2eds/bin/gnu/H-i686-pc-linux-gnu/bin/../lib/gcc/nios2-elf/4.1.2/libgcc.a(_fpcmp_parts_df.o)
                0x00807dc0                __fpcmp_parts_d
 .text          0x00807e88        0x0 /OPT/altera/12.1/nios2eds/bin/gnu/H-i686-pc-linux-gnu/bin/../lib/gcc/nios2-elf/4.1.2/libgcc.a(_clz.o)
 .text          0x00807e88       0x10 /OPT/altera/12.1/nios2eds/bin/gnu/H-i686-pc-linux-gnu/bin/../lib/gcc/nios2-elf/4.1.2/../../../../nios2-elf/lib/libc.a(lib_a-errno.o)
                0x00807e88                __errno
 .text          0x00807e98        0x0 /OPT/altera/12.1/nios2eds/bin/gnu/H-i686-pc-linux-gnu/bin/../lib/gcc/nios2-elf/4.1.2/../../../../nios2-elf/lib/libc.a(lib_a-impure.o)
 .text          0x00807e98       0x78 /OPT/altera/12.1/nios2eds/bin/gnu/H-i686-pc-linux-gnu/bin/../lib/gcc/nios2-elf/4.1.2/../../../../nios2-elf/lib/libc.a(lib_a-printf.o)
                0x00807e98                printf
                0x00807edc                _printf_r
 .text          0x00807f10       0xb4 /OPT/altera/12.1/nios2eds/bin/gnu/H-i686-pc-linux-gnu/bin/../lib/gcc/nios2-elf/4.1.2/../../../../nios2-elf/lib/libc.a(lib_a-puts.o)
                0x00807f10                _puts_r
                0x00807fb0                puts
 .text          0x00807fc4       0x74 /OPT/altera/12.1/nios2eds/bin/gnu/H-i686-pc-linux-gnu/bin/../lib/gcc/nios2-elf/4.1.2/../../../../nios2-elf/lib/libc.a(lib_a-strlen.o)
                0x00807fc4                strlen
 .text          0x00808038     0x1f28 /OPT/altera/12.1/nios2eds/bin/gnu/H-i686-pc-linux-gnu/bin/../lib/gcc/nios2-elf/4.1.2/../../../../nios2-elf/lib/libc.a(lib_a-vfprintf.o)
                0x00808090                ___vfprintf_internal_r
                0x00809f3c                __vfprintf_internal
 .text          0x00809f60      0x13c /OPT/altera/12.1/nios2eds/bin/gnu/H-i686-pc-linux-gnu/bin/../lib/gcc/nios2-elf/4.1.2/../../../../nios2-elf/lib/libc.a(lib_a-wsetup.o)
                0x00809f60                __swsetup_r
 .text          0x0080a09c     0x17cc /OPT/altera/12.1/nios2eds/bin/gnu/H-i686-pc-linux-gnu/bin/../lib/gcc/nios2-elf/4.1.2/../../../../nios2-elf/lib/libc.a(lib_a-dtoa.o)
                0x0080a2b4                _dtoa_r
 .text          0x0080b868      0x230 /OPT/altera/12.1/nios2eds/bin/gnu/H-i686-pc-linux-gnu/bin/../lib/gcc/nios2-elf/4.1.2/../../../../nios2-elf/lib/libc.a(lib_a-fflush.o)
                0x0080b868                _fflush_r
                0x0080ba64                fflush
 .text          0x0080ba98      0x2c0 /OPT/altera/12.1/nios2eds/bin/gnu/H-i686-pc-linux-gnu/bin/../lib/gcc/nios2-elf/4.1.2/../../../../nios2-elf/lib/libc.a(lib_a-findfp.o)
                0x0080baf0                __sfp_lock_acquire
                0x0080baf4                __sfp_lock_release
                0x0080baf8                __sinit_lock_acquire
                0x0080bafc                __sinit_lock_release
                0x0080bb00                __sinit
                0x0080bbb4                __fp_unlock_all
                0x0080bbcc                __fp_lock_all
                0x0080bbe4                _cleanup_r
                0x0080bbf0                _cleanup
                0x0080bc00                __sfmoreglue
                0x0080bc68                __sfp
 .text          0x0080bd58      0x440 /OPT/altera/12.1/nios2eds/bin/gnu/H-i686-pc-linux-gnu/bin/../lib/gcc/nios2-elf/4.1.2/../../../../nios2-elf/lib/libc.a(lib_a-freer.o)
                0x0080bd58                _malloc_trim_r
                0x0080be84                _free_r
 .text          0x0080c198      0x49c /OPT/altera/12.1/nios2eds/bin/gnu/H-i686-pc-linux-gnu/bin/../lib/gcc/nios2-elf/4.1.2/../../../../nios2-elf/lib/libc.a(lib_a-fvwrite.o)
                0x0080c198                __sfvwrite_r
 .text          0x0080c634      0x180 /OPT/altera/12.1/nios2eds/bin/gnu/H-i686-pc-linux-gnu/bin/../lib/gcc/nios2-elf/4.1.2/../../../../nios2-elf/lib/libc.a(lib_a-fwalk.o)
                0x0080c634                _fwalk_reent
                0x0080c6fc                _fwalk
 .text          0x0080c7b4       0xc4 /OPT/altera/12.1/nios2eds/bin/gnu/H-i686-pc-linux-gnu/bin/../lib/gcc/nios2-elf/4.1.2/../../../../nios2-elf/lib/libc.a(lib_a-locale.o)
                0x0080c7b4                __locale_charset
                0x0080c7bc                _localeconv_r
                0x0080c7c8                localeconv
                0x0080c7d8                _setlocale_r
                0x0080c85c                setlocale
 .text          0x0080c878      0x194 /OPT/altera/12.1/nios2eds/bin/gnu/H-i686-pc-linux-gnu/bin/../lib/gcc/nios2-elf/4.1.2/../../../../nios2-elf/lib/libc.a(lib_a-makebuf.o)
                0x0080c878                __smakebuf_r
 .text          0x0080ca0c      0x740 /OPT/altera/12.1/nios2eds/bin/gnu/H-i686-pc-linux-gnu/bin/../lib/gcc/nios2-elf/4.1.2/../../../../nios2-elf/lib/libc.a(lib_a-mallocr.o)
                0x0080ca0c                _malloc_r
 .text          0x0080d14c       0xe4 /OPT/altera/12.1/nios2eds/bin/gnu/H-i686-pc-linux-gnu/bin/../lib/gcc/nios2-elf/4.1.2/../../../../nios2-elf/lib/libc.a(lib_a-memchr.o)
                0x0080d14c                memchr
 .text          0x0080d230       0xa0 /OPT/altera/12.1/nios2eds/bin/gnu/H-i686-pc-linux-gnu/bin/../lib/gcc/nios2-elf/4.1.2/../../../../nios2-elf/lib/libc.a(lib_a-memcpy.o)
                0x0080d230                memcpy
 .text          0x0080d2d0       0xe0 /OPT/altera/12.1/nios2eds/bin/gnu/H-i686-pc-linux-gnu/bin/../lib/gcc/nios2-elf/4.1.2/../../../../nios2-elf/lib/libc.a(lib_a-memmove.o)
                0x0080d2d0                memmove
 .text          0x0080d3b0       0x98 /OPT/altera/12.1/nios2eds/bin/gnu/H-i686-pc-linux-gnu/bin/../lib/gcc/nios2-elf/4.1.2/../../../../nios2-elf/lib/libc.a(lib_a-memset.o)
                0x0080d3b0                memset
 .text          0x0080d448      0xff4 /OPT/altera/12.1/nios2eds/bin/gnu/H-i686-pc-linux-gnu/bin/../lib/gcc/nios2-elf/4.1.2/../../../../nios2-elf/lib/libc.a(lib_a-mprec.o)
                0x0080d448                _Bfree
                0x0080d470                __hi0bits
                0x0080d4e0                __lo0bits
                0x0080d5a4                __mcmp
                0x0080d604                __ulp
                0x0080d684                __b2d
                0x0080d7a4                __ratio
                0x0080d854                _mprec_log10
                0x0080d8e8                __copybits
                0x0080d940                __any_on
                0x0080d9c8                _Balloc
                0x0080da84                __d2b
                0x0080dc00                __mdiff
                0x0080dd8c                __lshift
                0x0080ded8                __multiply
                0x0080e0c0                __i2b
                0x0080e0fc                __multadd
                0x0080e1fc                __pow5mult
                0x0080e31c                __s2b
 .text          0x0080e43c      0x5f4 /OPT/altera/12.1/nios2eds/bin/gnu/H-i686-pc-linux-gnu/bin/../lib/gcc/nios2-elf/4.1.2/../../../../nios2-elf/lib/libc.a(lib_a-reallocr.o)
                0x0080e43c                _realloc_r
 .text          0x0080ea30       0x40 /OPT/altera/12.1/nios2eds/bin/gnu/H-i686-pc-linux-gnu/bin/../lib/gcc/nios2-elf/4.1.2/../../../../nios2-elf/lib/libc.a(lib_a-s_isinfd.o)
                0x0080ea30                __isinfd
 .text          0x0080ea70       0x70 /OPT/altera/12.1/nios2eds/bin/gnu/H-i686-pc-linux-gnu/bin/../lib/gcc/nios2-elf/4.1.2/../../../../nios2-elf/lib/libc.a(lib_a-sbrkr.o)
                0x0080ea70                _sbrk_r
 .text          0x0080eae0      0x14c /OPT/altera/12.1/nios2eds/bin/gnu/H-i686-pc-linux-gnu/bin/../lib/gcc/nios2-elf/4.1.2/../../../../nios2-elf/lib/libc.a(lib_a-stdio.o)
                0x0080eae0                __sclose
                0x0080eae8                __sseek
                0x0080eb50                __swrite
                0x0080ebcc                __sread
 .text          0x0080ec2c       0xbc /OPT/altera/12.1/nios2eds/bin/gnu/H-i686-pc-linux-gnu/bin/../lib/gcc/nios2-elf/4.1.2/../../../../nios2-elf/lib/libc.a(lib_a-strcmp.o)
                0x0080ec2c                strcmp
 .text          0x0080ece8       0x78 /OPT/altera/12.1/nios2eds/bin/gnu/H-i686-pc-linux-gnu/bin/../lib/gcc/nios2-elf/4.1.2/../../../../nios2-elf/lib/libc.a(lib_a-writer.o)
                0x0080ece8                _write_r
 .text          0x0080ed60       0xb4 /OPT/altera/12.1/nios2eds/bin/gnu/H-i686-pc-linux-gnu/bin/../lib/gcc/nios2-elf/4.1.2/../../../../nios2-elf/lib/libc.a(lib_a-callocr.o)
                0x0080ed60                _calloc_r
 .text          0x0080ee14       0x70 /OPT/altera/12.1/nios2eds/bin/gnu/H-i686-pc-linux-gnu/bin/../lib/gcc/nios2-elf/4.1.2/../../../../nios2-elf/lib/libc.a(lib_a-closer.o)
                0x0080ee14                _close_r
 .text          0x0080ee84      0x124 /OPT/altera/12.1/nios2eds/bin/gnu/H-i686-pc-linux-gnu/bin/../lib/gcc/nios2-elf/4.1.2/../../../../nios2-elf/lib/libc.a(lib_a-fclose.o)
                0x0080ee84                _fclose_r
                0x0080ef94                fclose
 .text          0x0080efa8       0x74 /OPT/altera/12.1/nios2eds/bin/gnu/H-i686-pc-linux-gnu/bin/../lib/gcc/nios2-elf/4.1.2/../../../../nios2-elf/lib/libc.a(lib_a-fstatr.o)
                0x0080efa8                _fstat_r
 .text          0x0080f01c        0x0 /OPT/altera/12.1/nios2eds/bin/gnu/H-i686-pc-linux-gnu/bin/../lib/gcc/nios2-elf/4.1.2/../../../../nios2-elf/lib/libc.a(lib_a-int_errno.o)
 .text          0x0080f01c       0x70 /OPT/altera/12.1/nios2eds/bin/gnu/H-i686-pc-linux-gnu/bin/../lib/gcc/nios2-elf/4.1.2/../../../../nios2-elf/lib/libc.a(lib_a-isattyr.o)
                0x0080f01c                _isatty_r
 .text          0x0080f08c       0x78 /OPT/altera/12.1/nios2eds/bin/gnu/H-i686-pc-linux-gnu/bin/../lib/gcc/nios2-elf/4.1.2/../../../../nios2-elf/lib/libc.a(lib_a-lseekr.o)
                0x0080f08c                _lseek_r
 .text          0x0080f104       0x78 /OPT/altera/12.1/nios2eds/bin/gnu/H-i686-pc-linux-gnu/bin/../lib/gcc/nios2-elf/4.1.2/../../../../nios2-elf/lib/libc.a(lib_a-readr.o)
                0x0080f104                _read_r
 .text          0x0080f17c      0x5dc /OPT/altera/12.1/nios2eds/bin/gnu/H-i686-pc-linux-gnu/bin/../lib/gcc/nios2-elf/4.1.2/libgcc.a(_udivdi3.o)
                0x0080f17c                __udivdi3
 .text          0x0080f758      0x5b0 /OPT/altera/12.1/nios2eds/bin/gnu/H-i686-pc-linux-gnu/bin/../lib/gcc/nios2-elf/4.1.2/libgcc.a(_umoddi3.o)
                0x0080f758                __umoddi3
 .text          0x0080fd08       0x88 /OPT/altera/12.1/nios2eds/bin/gnu/H-i686-pc-linux-gnu/bin/../lib/gcc/nios2-elf/4.1.2/libgcc.a(_ge_df.o)
                0x0080fd08                __gedf2
 .text          0x0080fd90       0xd8 /OPT/altera/12.1/nios2eds/bin/gnu/H-i686-pc-linux-gnu/bin/../lib/gcc/nios2-elf/4.1.2/libgcc.a(_df_to_si.o)
                0x0080fd90                __fixdfsi
 .text          0x0080fe68      0x194 /OPT/altera/12.1/nios2eds/bin/gnu/H-i686-pc-linux-gnu/bin/../lib/gcc/nios2-elf/4.1.2/libgcc.a(_usi_to_df.o)
                0x0080fe68                __floatunsidf
 .text          0x0080fffc      0x15c ../i2c_bsp//libucosii_bsp.a(alt_close.o)
                0x0080fffc                close
 .text          0x00810158       0x2c ../i2c_bsp//libucosii_bsp.a(alt_dev.o)
 .text          0x00810184        0x0 ../i2c_bsp//libucosii_bsp.a(alt_errno.o)
 .text          0x00810184      0x134 ../i2c_bsp//libucosii_bsp.a(alt_fstat.o)
                0x00810184                fstat
 .text          0x008102b8      0x120 ../i2c_bsp//libucosii_bsp.a(alt_isatty.o)
                0x008102b8                isatty
 .text          0x008103d8       0xec ../i2c_bsp//libucosii_bsp.a(alt_load.o)
                0x008103d8                alt_load
 .text          0x008104c4      0x150 ../i2c_bsp//libucosii_bsp.a(alt_lseek.o)
                0x008104c4                lseek
 .text          0x00810614       0xc8 ../i2c_bsp//libucosii_bsp.a(alt_main.o)
                0x00810614                alt_main
 .text          0x008106dc      0x180 ../i2c_bsp//libucosii_bsp.a(alt_read.o)
                0x008106dc                read
 .text          0x0081085c       0x60 ../i2c_bsp//libucosii_bsp.a(alt_release_fd.o)
                0x0081085c                alt_release_fd
 .text          0x008108bc       0xbc ../i2c_bsp//libucosii_bsp.a(alt_sbrk.o)
                0x008108bc                sbrk
 .text          0x00810978      0x118 ../i2c_bsp//libucosii_bsp.a(alt_usleep.o)
                0x00810978                usleep
 .text          0x00810a90      0x180 ../i2c_bsp//libucosii_bsp.a(alt_write.o)
                0x00810a90                write
 .text          0x00810c10      0x108 ../i2c_bsp//libucosii_bsp.a(alt_env_lock.o)
                0x00810c10                __env_lock
                0x00810cbc                __env_unlock
 .text          0x00810d18      0x1d8 ../i2c_bsp//libucosii_bsp.a(alt_malloc_lock.o)
                0x00810d18                __malloc_lock
                0x00810e20                __malloc_unlock
 .text          0x00810ef0     0x2128 ../i2c_bsp//libucosii_bsp.a(os_core.o)
                0x00810ef0                OSEventNameGet
                0x00811020                OSEventNameSet
                0x00811164                OSEventPendMulti
                0x00811818                OSInit
                0x0081186c                OSIntEnter
                0x008118e8                OSIntExit
                0x008119e8                OSSchedLock
                0x00811a74                OSSchedUnlock
                0x00811b58                OSStart
                0x00811bc8                OSStatInit
                0x00811c74                OSTimeTick
                0x00811eb4                OSVersion
                0x00811ed4                OS_Dummy
                0x00811ef0                OS_EventTaskRdy
                0x00812084                OS_EventTaskWait
                0x00812194                OS_EventTaskWaitMulti
                0x008122e8                OS_EventTaskRemove
                0x008123a0                OS_EventTaskRemoveMulti
                0x008124a4                OS_EventWaitListInit
                0x00812870                OS_MemClr
                0x008128c4                OS_MemCopy
                0x00812930                OS_Sched
                0x00812a74                OS_StrCopy
                0x00812af4                OS_StrLen
                0x00812b4c                OS_TaskIdle
                0x00812ba8                OS_TaskStat
                0x00812c70                OS_TaskStatStkChk
                0x00812d38                OS_TCBInit
 .text          0x00813018      0x18c ../i2c_bsp//libucosii_bsp.a(os_dbg.o)
                0x00813018                OSDebugInit
 .text          0x008131a4     0x193c ../i2c_bsp//libucosii_bsp.a(os_flag.o)
                0x008131a4                OSFlagAccept
                0x008134d8                OSFlagCreate
                0x00813614                OSFlagDel
                0x008138bc                OSFlagNameGet
                0x00813a00                OSFlagNameSet
                0x00813b54                OSFlagPend
                0x00814198                OSFlagPendGetFlagsRdy
                0x00814200                OSFlagPost
                0x008145a8                OSFlagQuery
                0x00814840                OS_FlagInit
                0x00814a34                OS_FlagUnlink
 .text          0x00814ae0      0x808 ../i2c_bsp//libucosii_bsp.a(os_mem.o)
                0x00814ae0                OSMemCreate
                0x00814cfc                OSMemGet
                0x00814e00                OSMemNameGet
                0x00814f0c                OSMemNameSet
                0x0081502c                OSMemPut
                0x0081511c                OSMemQuery
                0x00815218                OS_MemInit
 .text          0x008152e8     0x1334 ../i2c_bsp//libucosii_bsp.a(os_q.o)
                0x008152e8                OSQAccept
                0x0081543c                OSQCreate
                0x00815650                OSQDel
                0x00815950                OSQFlush
                0x00815a18                OSQPend
                0x00815d38                OSQPendAbort
                0x00815eb4                OSQPost
                0x00816034                OSQPostFront
                0x008161bc                OSQPostOpt
                0x008163f0                OSQQuery
                0x00816570                OS_QInit
 .text          0x0081661c      0xbc8 ../i2c_bsp//libucosii_bsp.a(os_sem.o)
                0x0081661c                OSSemAccept
                0x008166dc                OSSemCreate
                0x008167f0                OSSemDel
                0x00816a90                OSSemPend
                0x00816d0c                OSSemPendAbort
                0x00816e88                OSSemPost
                0x00816fb0                OSSemQuery
                0x008170e0                OSSemSet
 .text          0x008171e4     0x1a40 ../i2c_bsp//libucosii_bsp.a(os_task.o)
                0x008171e4                OSTaskChangePrio
                0x00817758                OSTaskCreate
                0x0081792c                OSTaskCreateExt
                0x00817b2c                OSTaskDel
                0x00817f38                OSTaskDelReq
                0x008180a8                OSTaskNameGet
                0x00818260                OSTaskNameSet
                0x00818424                OSTaskResume
                0x0081863c                OSTaskStkChk
                0x00818838                OSTaskSuspend
                0x00818a64                OSTaskQuery
                0x00818ba8                OS_TaskStkClr
 .text          0x00818c24      0x598 ../i2c_bsp//libucosii_bsp.a(os_time.o)
                0x00818c24                OSTimeDly
                0x00818d70                OSTimeDlyHMSM
                0x00818ee4                OSTimeDlyResume
                0x008190f4                OSTimeGet
                0x00819158                OSTimeSet
 .text          0x008191bc       0xf8 ../i2c_bsp//libucosii_bsp.a(alt_sys_init.o)
                0x008191bc                alt_irq_init
                0x008191f0                alt_sys_init
 .text          0x008192b4      0x148 ../i2c_bsp//libucosii_bsp.a(altera_avalon_jtag_uart_fd.o)
                0x008192b4                altera_avalon_jtag_uart_read_fd
                0x0081930c                altera_avalon_jtag_uart_write_fd
                0x00819364                altera_avalon_jtag_uart_close_fd
                0x008193ac                altera_avalon_jtag_uart_ioctl_fd
 .text          0x008193fc      0x584 ../i2c_bsp//libucosii_bsp.a(altera_avalon_jtag_uart_init.o)
                0x008193fc                altera_avalon_jtag_uart_init
                0x0081990c                altera_avalon_jtag_uart_close
 .text          0x00819980       0xf4 ../i2c_bsp//libucosii_bsp.a(altera_avalon_jtag_uart_ioctl.o)
                0x00819980                altera_avalon_jtag_uart_ioctl
 .text          0x00819a74      0x2c0 ../i2c_bsp//libucosii_bsp.a(altera_avalon_jtag_uart_read.o)
                0x00819a74                altera_avalon_jtag_uart_read
 .text          0x00819d34      0x2dc ../i2c_bsp//libucosii_bsp.a(altera_avalon_jtag_uart_write.o)
                0x00819d34                altera_avalon_jtag_uart_write
 .text          0x0081a010      0x100 ../i2c_bsp//libucosii_bsp.a(altera_avalon_timer_sc.o)
                0x0081a080                alt_avalon_timer_sc_init
 .text          0x0081a110      0x530 ../i2c_bsp//libucosii_bsp.a(altera_up_avalon_character_lcd.o)
                0x0081a110                get_DDRAM_addr
                0x0081a18c                alt_up_character_lcd_send_cmd
                0x0081a1c0                alt_up_character_lcd_init
                0x0081a1f4                alt_up_character_lcd_open_dev
                0x0081a234                alt_up_character_lcd_write
                0x0081a2ac                alt_up_character_lcd_string
                0x0081a324                alt_up_character_lcd_write_fd
                0x0081a370                alt_up_character_lcd_set_cursor_pos
                0x0081a3e8                alt_up_character_lcd_shift_cursor
                0x0081a498                alt_up_character_lcd_shift_display
                0x0081a548                alt_up_character_lcd_erase_pos
                0x0081a5d8                alt_up_character_lcd_cursor_off
                0x0081a60c                alt_up_character_lcd_cursor_blink_on
 .text          0x0081a640      0x154 ../i2c_bsp//libucosii_bsp.a(alt_alarm_start.o)
                0x0081a640                alt_alarm_start
 .text          0x0081a794      0x14c ../i2c_bsp//libucosii_bsp.a(alt_busy_sleep.o)
                0x0081a794                alt_busy_sleep
 .text          0x0081a8e0       0x44 ../i2c_bsp//libucosii_bsp.a(alt_dcache_flush_all.o)
                0x0081a8e0                alt_dcache_flush_all
 .text          0x0081a924      0x114 ../i2c_bsp//libucosii_bsp.a(alt_dev_llist_insert.o)
                0x0081a924                alt_dev_llist_insert
 .text          0x0081aa38       0x64 ../i2c_bsp//libucosii_bsp.a(alt_do_ctors.o)
                0x0081aa38                _do_ctors
 .text          0x0081aa9c       0x64 ../i2c_bsp//libucosii_bsp.a(alt_do_dtors.o)
                0x0081aa9c                _do_dtors
 .text          0x0081ab00       0x94 ../i2c_bsp//libucosii_bsp.a(alt_find_dev.o)
                0x0081ab00                alt_find_dev
 .text          0x0081ab94       0x30 ../i2c_bsp//libucosii_bsp.a(alt_icache_flush_all.o)
                0x0081ab94                alt_icache_flush_all
 .text          0x0081abc4      0x1d4 ../i2c_bsp//libucosii_bsp.a(alt_iic.o)
                0x0081abc4                alt_ic_isr_register
                0x0081ac14                alt_ic_irq_enable
                0x0081acb0                alt_ic_irq_disable
                0x0081ad50                alt_ic_irq_enabled
 .text          0x0081ad98       0xf8 ../i2c_bsp//libucosii_bsp.a(alt_iic_isr_register.o)
                0x0081ad98                alt_iic_isr_register
 .text          0x0081ae90      0x13c ../i2c_bsp//libucosii_bsp.a(alt_io_redirect.o)
                0x0081af54                alt_io_redirect
 .text          0x0081afcc        0x0 ../i2c_bsp//libucosii_bsp.a(alt_irq_entry.o)
 .text          0x0081afcc        0x0 ../i2c_bsp//libucosii_bsp.a(alt_irq_handler.o)
 .text          0x0081afcc        0x0 ../i2c_bsp//libucosii_bsp.a(alt_irq_vars.o)
 .text          0x0081afcc      0x2c4 ../i2c_bsp//libucosii_bsp.a(alt_open.o)
                0x0081b0a8                open
 .text          0x0081b290      0x1a8 ../i2c_bsp//libucosii_bsp.a(alt_tick.o)
                0x0081b290                alt_alarm_stop
                0x0081b328                alt_tick
 .text          0x0081b438       0x20 ../i2c_bsp//libucosii_bsp.a(altera_nios2_qsys_irq.o)
                0x0081b438                altera_nios2_qsys_irq_init
 .text          0x0081b458       0xd0 ../i2c_bsp//libucosii_bsp.a(os_cpu_a.o)
                0x0081b458                OSCtxSw
                0x0081b458                OSIntCtxSw
                0x0081b4e4                OSStartHighRdy
                0x0081b504                OSStartTsk
 .text          0x0081b528      0x418 ../i2c_bsp//libucosii_bsp.a(os_cpu_c.o)
                0x0081b528                OSTaskStkInit
                0x0081b838                OSTaskCreateHook
                0x0081b858                OSTaskDelHook
                0x0081b878                OSTaskSwHook
                0x0081b894                OSTaskStatHook
                0x0081b8b0                OSTimeTickHook
                0x0081b8cc                OSInitHookBegin
                0x0081b8e8                OSInitHookEnd
                0x0081b904                OSTaskIdleHook
                0x0081b920                OSTCBInitHook
 .text          0x0081b940        0x0 ../i2c_bsp//libucosii_bsp.a(alt_exception_entry.o)
 .text          0x0081b940      0x120 ../i2c_bsp//libucosii_bsp.a(alt_find_file.o)
                0x0081b940                alt_find_file
 .text          0x0081ba60       0xf4 ../i2c_bsp//libucosii_bsp.a(alt_get_fd.o)
                0x0081ba60                alt_get_fd
 .text          0x0081bb54       0x90 ../i2c_bsp//libucosii_bsp.a(alt_icache_flush.o)
                0x0081bb54                alt_icache_flush
 .text          0x0081bbe4       0x14 /OPT/altera/12.1/nios2eds/bin/gnu/H-i686-pc-linux-gnu/bin/../lib/gcc/nios2-elf/4.1.2/../../../../nios2-elf/lib/libc.a(lib_a-atexit.o)
                0x0081bbe4                atexit
 .text          0x0081bbf8       0x38 /OPT/altera/12.1/nios2eds/bin/gnu/H-i686-pc-linux-gnu/bin/../lib/gcc/nios2-elf/4.1.2/../../../../nios2-elf/lib/libc.a(lib_a-exit.o)
                0x0081bbf8                exit
 .text          0x0081bc30       0x74 /OPT/altera/12.1/nios2eds/bin/gnu/H-i686-pc-linux-gnu/bin/../lib/gcc/nios2-elf/4.1.2/../../../../nios2-elf/lib/libc.a(lib_a-memcmp.o)
                0x0081bc30                memcmp
 .text          0x0081bca4      0x134 /OPT/altera/12.1/nios2eds/bin/gnu/H-i686-pc-linux-gnu/bin/../lib/gcc/nios2-elf/4.1.2/../../../../nios2-elf/lib/libc.a(lib_a-__atexit.o)
                0x0081bca4                __register_exitproc
 .text          0x0081bdd8      0x1b4 /OPT/altera/12.1/nios2eds/bin/gnu/H-i686-pc-linux-gnu/bin/../lib/gcc/nios2-elf/4.1.2/../../../../nios2-elf/lib/libc.a(lib_a-__call_atexit.o)
                0x0081bddc                __call_exitprocs
 .text          0x0081bf8c       0x6c ../i2c_bsp//libucosii_bsp.a(alt_exit.o)
                0x0081bfcc                _exit
 *(.gnu.warning.*)
 *(.fini)
                0x0081bff8                PROVIDE (__etext, ABSOLUTE (.))
                0x0081bff8                PROVIDE (_etext, ABSOLUTE (.))
                0x0081bff8                PROVIDE (etext, ABSOLUTE (.))
 *(.eh_frame_hdr)
                0x0081bff8                . = ALIGN (0x4)
                0x0081bff8                PROVIDE (__preinit_array_start, ABSOLUTE (.))
 *(.preinit_array)
                0x0081bff8                PROVIDE (__preinit_array_end, ABSOLUTE (.))
                0x0081bff8                PROVIDE (__init_array_start, ABSOLUTE (.))
 *(.init_array)
                0x0081bff8                PROVIDE (__init_array_end, ABSOLUTE (.))
                0x0081bff8                PROVIDE (__fini_array_start, ABSOLUTE (.))
 *(.fini_array)
                0x0081bff8                PROVIDE (__fini_array_end, ABSOLUTE (.))
 *(.eh_frame)
 *(.gcc_except_table)
 *(.dynamic)
                0x0081bff8                PROVIDE (__CTOR_LIST__, ABSOLUTE (.))
 *(.ctors)
 *(SORT(.ctors.*))
 .ctors.65535   0x0081bff8        0x4 /OPT/altera/12.1/nios2eds/bin/gnu/H-i686-pc-linux-gnu/bin/../lib/gcc/nios2-elf/4.1.2/../../../../nios2-elf/lib/libc.a(lib_a-__call_atexit.o)
                0x0081bffc                PROVIDE (__CTOR_END__, ABSOLUTE (.))
                0x0081bffc                PROVIDE (__DTOR_LIST__, ABSOLUTE (.))
 *(.dtors)
 *(SORT(.dtors.*))
                0x0081bffc                PROVIDE (__DTOR_END__, ABSOLUTE (.))
 *(.jcr)
                0x0081bffc                . = ALIGN (0x4)

.rodata         0x0081bffc      0x838
                0x0081bffc                PROVIDE (__ram_rodata_start, ABSOLUTE (.))
                0x0081bffc                . = ALIGN (0x4)
 *(.rodata .rodata.* .gnu.linkonce.r.*)
 .rodata        0x0081bffc       0x10 obj/default/MPU9250/mpu9250.o
 .rodata        0x0081c00c       0xd0 obj/default/i2c/I2C.o
 .rodata        0x0081c0dc      0x254 obj/default/imu_i2c.o
 .rodata.str1.4
                0x0081c330        0x4 /OPT/altera/12.1/nios2eds/bin/gnu/H-i686-pc-linux-gnu/bin/../lib/gcc/nios2-elf/4.1.2/../../../../nios2-elf/lib/libm.a(lib_a-w_pow.o)
 .rodata.str1.4
                0x00000000        0x4 /OPT/altera/12.1/nios2eds/bin/gnu/H-i686-pc-linux-gnu/bin/../lib/gcc/nios2-elf/4.1.2/../../../../nios2-elf/lib/libm.a(lib_a-e_pow.o)
 .rodata        0x0081c334       0x30 /OPT/altera/12.1/nios2eds/bin/gnu/H-i686-pc-linux-gnu/bin/../lib/gcc/nios2-elf/4.1.2/../../../../nios2-elf/lib/libm.a(lib_a-e_pow.o)
 .rodata        0x0081c364       0x10 /OPT/altera/12.1/nios2eds/bin/gnu/H-i686-pc-linux-gnu/bin/../lib/gcc/nios2-elf/4.1.2/../../../../nios2-elf/lib/libm.a(lib_a-s_rint.o)
 .rodata        0x0081c374       0x10 /OPT/altera/12.1/nios2eds/bin/gnu/H-i686-pc-linux-gnu/bin/../lib/gcc/nios2-elf/4.1.2/libgcc.a(_thenan_sf.o)
                0x0081c374                __thenan_sf
 .rodata        0x0081c384       0x14 /OPT/altera/12.1/nios2eds/bin/gnu/H-i686-pc-linux-gnu/bin/../lib/gcc/nios2-elf/4.1.2/libgcc.a(_thenan_df.o)
                0x0081c384                __thenan_df
 .rodata        0x0081c398      0x100 /OPT/altera/12.1/nios2eds/bin/gnu/H-i686-pc-linux-gnu/bin/../lib/gcc/nios2-elf/4.1.2/libgcc.a(_clz.o)
                0x0081c398                __clz_tab
 .rodata.str1.4
                0x0081c498        0x2 /OPT/altera/12.1/nios2eds/bin/gnu/H-i686-pc-linux-gnu/bin/../lib/gcc/nios2-elf/4.1.2/../../../../nios2-elf/lib/libc.a(lib_a-impure.o)
                                  0x4 (size before relaxing)
 *fill*         0x0081c49a        0x2 00
 .rodata.str1.4
                0x0081c49c        0x2 /OPT/altera/12.1/nios2eds/bin/gnu/H-i686-pc-linux-gnu/bin/../lib/gcc/nios2-elf/4.1.2/../../../../nios2-elf/lib/libc.a(lib_a-puts.o)
                                  0x4 (size before relaxing)
 *fill*         0x0081c49e        0x2 00
 .rodata.str1.4
                0x0081c4a0       0x5e /OPT/altera/12.1/nios2eds/bin/gnu/H-i686-pc-linux-gnu/bin/../lib/gcc/nios2-elf/4.1.2/../../../../nios2-elf/lib/libc.a(lib_a-vfprintf.o)
                                 0x60 (size before relaxing)
 .rodata        0x0081c4fe       0x20 /OPT/altera/12.1/nios2eds/bin/gnu/H-i686-pc-linux-gnu/bin/../lib/gcc/nios2-elf/4.1.2/../../../../nios2-elf/lib/libc.a(lib_a-vfprintf.o)
 *fill*         0x0081c51e        0x2 00
 .rodata.str1.4
                0x0081c520       0x10 /OPT/altera/12.1/nios2eds/bin/gnu/H-i686-pc-linux-gnu/bin/../lib/gcc/nios2-elf/4.1.2/../../../../nios2-elf/lib/libc.a(lib_a-dtoa.o)
                                 0x14 (size before relaxing)
 .rodata.str1.4
                0x0081c530       0x10 /OPT/altera/12.1/nios2eds/bin/gnu/H-i686-pc-linux-gnu/bin/../lib/gcc/nios2-elf/4.1.2/../../../../nios2-elf/lib/libc.a(lib_a-locale.o)
                                 0x18 (size before relaxing)
 .rodata        0x0081c540       0x30 /OPT/altera/12.1/nios2eds/bin/gnu/H-i686-pc-linux-gnu/bin/../lib/gcc/nios2-elf/4.1.2/../../../../nios2-elf/lib/libc.a(lib_a-locale.o)
 .rodata        0x0081c570      0x124 /OPT/altera/12.1/nios2eds/bin/gnu/H-i686-pc-linux-gnu/bin/../lib/gcc/nios2-elf/4.1.2/../../../../nios2-elf/lib/libc.a(lib_a-mprec.o)
                0x0081c570                __mprec_tens
                0x0081c638                __mprec_bigtens
                0x0081c660                __mprec_tinytens
 .rodata        0x0081c694        0xc ../i2c_bsp//libucosii_bsp.a(alt_dev.o)
 .rodata        0x0081c6a0       0x14 ../i2c_bsp//libucosii_bsp.a(alt_main.o)
 .rodata        0x0081c6b4      0x120 ../i2c_bsp//libucosii_bsp.a(os_core.o)
                0x0081c6b4                OSUnMapTbl
 .rodata        0x0081c7d4       0x5c ../i2c_bsp//libucosii_bsp.a(alt_sys_init.o)
 .rodata        0x0081c830        0x4 ../i2c_bsp//libucosii_bsp.a(os_cpu_c.o)
 *(.rodata1)
                0x0081c834                . = ALIGN (0x4)
                0x0081c834                PROVIDE (__ram_rodata_end, ABSOLUTE (.))
                0x0081bffc                PROVIDE (__flash_rodata_start, LOADADDR (.rodata))

.rwdata         0x0081c834     0x1b74 load address 0x0081e3a8
                0x0081c834                PROVIDE (__ram_rwdata_start, ABSOLUTE (.))
                0x0081c834                . = ALIGN (0x4)
 *(.got.plt)
 *(.got)
 *(.data1)
 *(.data .data.* .gnu.linkonce.d.*)
 .data          0x0081c834        0x0 ../i2c_bsp//obj/HAL/src/crt0.o
 .data          0x0081c834        0x0 obj/default/MPU9250/mpu9250.o
 .data          0x0081c834        0x0 obj/default/i2c/I2C.o
 .data          0x0081c834        0x0 obj/default/imu_i2c.o
 .data          0x0081c834        0x0 /OPT/altera/12.1/nios2eds/bin/gnu/H-i686-pc-linux-gnu/bin/../lib/gcc/nios2-elf/4.1.2/../../../../nios2-elf/lib/libm.a(lib_a-w_pow.o)
 .data          0x0081c834        0x0 /OPT/altera/12.1/nios2eds/bin/gnu/H-i686-pc-linux-gnu/bin/../lib/gcc/nios2-elf/4.1.2/../../../../nios2-elf/lib/libm.a(lib_a-e_pow.o)
 .data          0x0081c834        0x0 /OPT/altera/12.1/nios2eds/bin/gnu/H-i686-pc-linux-gnu/bin/../lib/gcc/nios2-elf/4.1.2/../../../../nios2-elf/lib/libm.a(lib_a-e_sqrt.o)
 .data          0x0081c834        0x0 /OPT/altera/12.1/nios2eds/bin/gnu/H-i686-pc-linux-gnu/bin/../lib/gcc/nios2-elf/4.1.2/../../../../nios2-elf/lib/libm.a(lib_a-s_fabs.o)
 .data          0x0081c834        0x0 /OPT/altera/12.1/nios2eds/bin/gnu/H-i686-pc-linux-gnu/bin/../lib/gcc/nios2-elf/4.1.2/../../../../nios2-elf/lib/libm.a(lib_a-s_finite.o)
 .data          0x0081c834        0x0 /OPT/altera/12.1/nios2eds/bin/gnu/H-i686-pc-linux-gnu/bin/../lib/gcc/nios2-elf/4.1.2/../../../../nios2-elf/lib/libm.a(lib_a-s_isnand.o)
 .data          0x0081c834        0x0 /OPT/altera/12.1/nios2eds/bin/gnu/H-i686-pc-linux-gnu/bin/../lib/gcc/nios2-elf/4.1.2/../../../../nios2-elf/lib/libm.a(lib_a-s_lib_ver.o)
 .data          0x0081c834        0x0 /OPT/altera/12.1/nios2eds/bin/gnu/H-i686-pc-linux-gnu/bin/../lib/gcc/nios2-elf/4.1.2/../../../../nios2-elf/lib/libm.a(lib_a-s_matherr.o)
 .data          0x0081c834        0x0 /OPT/altera/12.1/nios2eds/bin/gnu/H-i686-pc-linux-gnu/bin/../lib/gcc/nios2-elf/4.1.2/../../../../nios2-elf/lib/libm.a(lib_a-s_nan.o)
 .data          0x0081c834        0x0 /OPT/altera/12.1/nios2eds/bin/gnu/H-i686-pc-linux-gnu/bin/../lib/gcc/nios2-elf/4.1.2/../../../../nios2-elf/lib/libm.a(lib_a-s_rint.o)
 .data          0x0081c834        0x0 /OPT/altera/12.1/nios2eds/bin/gnu/H-i686-pc-linux-gnu/bin/../lib/gcc/nios2-elf/4.1.2/../../../../nios2-elf/lib/libm.a(lib_a-s_scalbn.o)
 .data          0x0081c834        0x0 /OPT/altera/12.1/nios2eds/bin/gnu/H-i686-pc-linux-gnu/bin/../lib/gcc/nios2-elf/4.1.2/../../../../nios2-elf/lib/libm.a(lib_a-s_copysign.o)
 .data          0x0081c834        0x0 /OPT/altera/12.1/nios2eds/bin/gnu/H-i686-pc-linux-gnu/bin/../lib/gcc/nios2-elf/4.1.2/libgcc.a(_addsub_sf.o)
 .data          0x0081c834        0x0 /OPT/altera/12.1/nios2eds/bin/gnu/H-i686-pc-linux-gnu/bin/../lib/gcc/nios2-elf/4.1.2/libgcc.a(_mul_sf.o)
 .data          0x0081c834        0x0 /OPT/altera/12.1/nios2eds/bin/gnu/H-i686-pc-linux-gnu/bin/../lib/gcc/nios2-elf/4.1.2/libgcc.a(_div_sf.o)
 .data          0x0081c834        0x0 /OPT/altera/12.1/nios2eds/bin/gnu/H-i686-pc-linux-gnu/bin/../lib/gcc/nios2-elf/4.1.2/libgcc.a(_gt_sf.o)
 .data          0x0081c834        0x0 /OPT/altera/12.1/nios2eds/bin/gnu/H-i686-pc-linux-gnu/bin/../lib/gcc/nios2-elf/4.1.2/libgcc.a(_lt_sf.o)
 .data          0x0081c834        0x0 /OPT/altera/12.1/nios2eds/bin/gnu/H-i686-pc-linux-gnu/bin/../lib/gcc/nios2-elf/4.1.2/libgcc.a(_si_to_sf.o)
 .data          0x0081c834        0x0 /OPT/altera/12.1/nios2eds/bin/gnu/H-i686-pc-linux-gnu/bin/../lib/gcc/nios2-elf/4.1.2/libgcc.a(_sf_to_df.o)
 .data          0x0081c834        0x0 /OPT/altera/12.1/nios2eds/bin/gnu/H-i686-pc-linux-gnu/bin/../lib/gcc/nios2-elf/4.1.2/libgcc.a(_thenan_sf.o)
 .data          0x0081c834        0x0 /OPT/altera/12.1/nios2eds/bin/gnu/H-i686-pc-linux-gnu/bin/../lib/gcc/nios2-elf/4.1.2/libgcc.a(_usi_to_sf.o)
 .data          0x0081c834        0x0 /OPT/altera/12.1/nios2eds/bin/gnu/H-i686-pc-linux-gnu/bin/../lib/gcc/nios2-elf/4.1.2/libgcc.a(_addsub_df.o)
 .data          0x0081c834        0x0 /OPT/altera/12.1/nios2eds/bin/gnu/H-i686-pc-linux-gnu/bin/../lib/gcc/nios2-elf/4.1.2/libgcc.a(_mul_df.o)
 .data          0x0081c834        0x0 /OPT/altera/12.1/nios2eds/bin/gnu/H-i686-pc-linux-gnu/bin/../lib/gcc/nios2-elf/4.1.2/libgcc.a(_div_df.o)
 .data          0x0081c834        0x0 /OPT/altera/12.1/nios2eds/bin/gnu/H-i686-pc-linux-gnu/bin/../lib/gcc/nios2-elf/4.1.2/libgcc.a(_eq_df.o)
 .data          0x0081c834        0x0 /OPT/altera/12.1/nios2eds/bin/gnu/H-i686-pc-linux-gnu/bin/../lib/gcc/nios2-elf/4.1.2/libgcc.a(_ne_df.o)
 .data          0x0081c834        0x0 /OPT/altera/12.1/nios2eds/bin/gnu/H-i686-pc-linux-gnu/bin/../lib/gcc/nios2-elf/4.1.2/libgcc.a(_gt_df.o)
 .data          0x0081c834        0x0 /OPT/altera/12.1/nios2eds/bin/gnu/H-i686-pc-linux-gnu/bin/../lib/gcc/nios2-elf/4.1.2/libgcc.a(_lt_df.o)
 .data          0x0081c834        0x0 /OPT/altera/12.1/nios2eds/bin/gnu/H-i686-pc-linux-gnu/bin/../lib/gcc/nios2-elf/4.1.2/libgcc.a(_le_df.o)
 .data          0x0081c834        0x0 /OPT/altera/12.1/nios2eds/bin/gnu/H-i686-pc-linux-gnu/bin/../lib/gcc/nios2-elf/4.1.2/libgcc.a(_si_to_df.o)
 .data          0x0081c834        0x0 /OPT/altera/12.1/nios2eds/bin/gnu/H-i686-pc-linux-gnu/bin/../lib/gcc/nios2-elf/4.1.2/libgcc.a(_make_df.o)
 .data          0x0081c834        0x0 /OPT/altera/12.1/nios2eds/bin/gnu/H-i686-pc-linux-gnu/bin/../lib/gcc/nios2-elf/4.1.2/libgcc.a(_df_to_sf.o)
 .data          0x0081c834        0x0 /OPT/altera/12.1/nios2eds/bin/gnu/H-i686-pc-linux-gnu/bin/../lib/gcc/nios2-elf/4.1.2/libgcc.a(_thenan_df.o)
 .data          0x0081c834        0x0 /OPT/altera/12.1/nios2eds/bin/gnu/H-i686-pc-linux-gnu/bin/../lib/gcc/nios2-elf/4.1.2/libgcc.a(lib2-divmod.o)
 .data          0x0081c834        0x0 /OPT/altera/12.1/nios2eds/bin/gnu/H-i686-pc-linux-gnu/bin/../lib/gcc/nios2-elf/4.1.2/libgcc.a(_muldi3.o)
 .data          0x0081c834        0x0 /OPT/altera/12.1/nios2eds/bin/gnu/H-i686-pc-linux-gnu/bin/../lib/gcc/nios2-elf/4.1.2/libgcc.a(_clzsi2.o)
 .data          0x0081c834        0x0 /OPT/altera/12.1/nios2eds/bin/gnu/H-i686-pc-linux-gnu/bin/../lib/gcc/nios2-elf/4.1.2/libgcc.a(_pack_sf.o)
 .data          0x0081c834        0x0 /OPT/altera/12.1/nios2eds/bin/gnu/H-i686-pc-linux-gnu/bin/../lib/gcc/nios2-elf/4.1.2/libgcc.a(_unpack_sf.o)
 .data          0x0081c834        0x0 /OPT/altera/12.1/nios2eds/bin/gnu/H-i686-pc-linux-gnu/bin/../lib/gcc/nios2-elf/4.1.2/libgcc.a(_fpcmp_parts_sf.o)
 .data          0x0081c834        0x0 /OPT/altera/12.1/nios2eds/bin/gnu/H-i686-pc-linux-gnu/bin/../lib/gcc/nios2-elf/4.1.2/libgcc.a(_make_sf.o)
 .data          0x0081c834        0x0 /OPT/altera/12.1/nios2eds/bin/gnu/H-i686-pc-linux-gnu/bin/../lib/gcc/nios2-elf/4.1.2/libgcc.a(_pack_df.o)
 .data          0x0081c834        0x0 /OPT/altera/12.1/nios2eds/bin/gnu/H-i686-pc-linux-gnu/bin/../lib/gcc/nios2-elf/4.1.2/libgcc.a(_unpack_df.o)
 .data          0x0081c834        0x0 /OPT/altera/12.1/nios2eds/bin/gnu/H-i686-pc-linux-gnu/bin/../lib/gcc/nios2-elf/4.1.2/libgcc.a(_fpcmp_parts_df.o)
 .data          0x0081c834        0x0 /OPT/altera/12.1/nios2eds/bin/gnu/H-i686-pc-linux-gnu/bin/../lib/gcc/nios2-elf/4.1.2/libgcc.a(_clz.o)
 .data          0x0081c834        0x0 /OPT/altera/12.1/nios2eds/bin/gnu/H-i686-pc-linux-gnu/bin/../lib/gcc/nios2-elf/4.1.2/../../../../nios2-elf/lib/libc.a(lib_a-errno.o)
 .data          0x0081c834      0x400 /OPT/altera/12.1/nios2eds/bin/gnu/H-i686-pc-linux-gnu/bin/../lib/gcc/nios2-elf/4.1.2/../../../../nios2-elf/lib/libc.a(lib_a-impure.o)
 .data          0x0081cc34        0x0 /OPT/altera/12.1/nios2eds/bin/gnu/H-i686-pc-linux-gnu/bin/../lib/gcc/nios2-elf/4.1.2/../../../../nios2-elf/lib/libc.a(lib_a-printf.o)
 .data          0x0081cc34        0x0 /OPT/altera/12.1/nios2eds/bin/gnu/H-i686-pc-linux-gnu/bin/../lib/gcc/nios2-elf/4.1.2/../../../../nios2-elf/lib/libc.a(lib_a-puts.o)
 .data          0x0081cc34        0x0 /OPT/altera/12.1/nios2eds/bin/gnu/H-i686-pc-linux-gnu/bin/../lib/gcc/nios2-elf/4.1.2/../../../../nios2-elf/lib/libc.a(lib_a-strlen.o)
 .data          0x0081cc34        0x0 /OPT/altera/12.1/nios2eds/bin/gnu/H-i686-pc-linux-gnu/bin/../lib/gcc/nios2-elf/4.1.2/../../../../nios2-elf/lib/libc.a(lib_a-vfprintf.o)
 .data          0x0081cc34        0x0 /OPT/altera/12.1/nios2eds/bin/gnu/H-i686-pc-linux-gnu/bin/../lib/gcc/nios2-elf/4.1.2/../../../../nios2-elf/lib/libc.a(lib_a-wsetup.o)
 .data          0x0081cc34        0x0 /OPT/altera/12.1/nios2eds/bin/gnu/H-i686-pc-linux-gnu/bin/../lib/gcc/nios2-elf/4.1.2/../../../../nios2-elf/lib/libc.a(lib_a-dtoa.o)
 .data          0x0081cc34        0x0 /OPT/altera/12.1/nios2eds/bin/gnu/H-i686-pc-linux-gnu/bin/../lib/gcc/nios2-elf/4.1.2/../../../../nios2-elf/lib/libc.a(lib_a-fflush.o)
 .data          0x0081cc34        0x0 /OPT/altera/12.1/nios2eds/bin/gnu/H-i686-pc-linux-gnu/bin/../lib/gcc/nios2-elf/4.1.2/../../../../nios2-elf/lib/libc.a(lib_a-findfp.o)
 .data          0x0081cc34        0x0 /OPT/altera/12.1/nios2eds/bin/gnu/H-i686-pc-linux-gnu/bin/../lib/gcc/nios2-elf/4.1.2/../../../../nios2-elf/lib/libc.a(lib_a-freer.o)
 .data          0x0081cc34        0x0 /OPT/altera/12.1/nios2eds/bin/gnu/H-i686-pc-linux-gnu/bin/../lib/gcc/nios2-elf/4.1.2/../../../../nios2-elf/lib/libc.a(lib_a-fvwrite.o)
 .data          0x0081cc34        0x0 /OPT/altera/12.1/nios2eds/bin/gnu/H-i686-pc-linux-gnu/bin/../lib/gcc/nios2-elf/4.1.2/../../../../nios2-elf/lib/libc.a(lib_a-fwalk.o)
 .data          0x0081cc34        0xc /OPT/altera/12.1/nios2eds/bin/gnu/H-i686-pc-linux-gnu/bin/../lib/gcc/nios2-elf/4.1.2/../../../../nios2-elf/lib/libc.a(lib_a-locale.o)
                0x0081cc34                __lc_ctype
 .data          0x0081cc40        0x0 /OPT/altera/12.1/nios2eds/bin/gnu/H-i686-pc-linux-gnu/bin/../lib/gcc/nios2-elf/4.1.2/../../../../nios2-elf/lib/libc.a(lib_a-makebuf.o)
 .data          0x0081cc40      0x408 /OPT/altera/12.1/nios2eds/bin/gnu/H-i686-pc-linux-gnu/bin/../lib/gcc/nios2-elf/4.1.2/../../../../nios2-elf/lib/libc.a(lib_a-mallocr.o)
                0x0081cc40                __malloc_av_
 .data          0x0081d048        0x0 /OPT/altera/12.1/nios2eds/bin/gnu/H-i686-pc-linux-gnu/bin/../lib/gcc/nios2-elf/4.1.2/../../../../nios2-elf/lib/libc.a(lib_a-memchr.o)
 .data          0x0081d048        0x0 /OPT/altera/12.1/nios2eds/bin/gnu/H-i686-pc-linux-gnu/bin/../lib/gcc/nios2-elf/4.1.2/../../../../nios2-elf/lib/libc.a(lib_a-memcpy.o)
 .data          0x0081d048        0x0 /OPT/altera/12.1/nios2eds/bin/gnu/H-i686-pc-linux-gnu/bin/../lib/gcc/nios2-elf/4.1.2/../../../../nios2-elf/lib/libc.a(lib_a-memmove.o)
 .data          0x0081d048        0x0 /OPT/altera/12.1/nios2eds/bin/gnu/H-i686-pc-linux-gnu/bin/../lib/gcc/nios2-elf/4.1.2/../../../../nios2-elf/lib/libc.a(lib_a-memset.o)
 .data          0x0081d048        0x0 /OPT/altera/12.1/nios2eds/bin/gnu/H-i686-pc-linux-gnu/bin/../lib/gcc/nios2-elf/4.1.2/../../../../nios2-elf/lib/libc.a(lib_a-mprec.o)
 .data          0x0081d048        0x0 /OPT/altera/12.1/nios2eds/bin/gnu/H-i686-pc-linux-gnu/bin/../lib/gcc/nios2-elf/4.1.2/../../../../nios2-elf/lib/libc.a(lib_a-reallocr.o)
 .data          0x0081d048        0x0 /OPT/altera/12.1/nios2eds/bin/gnu/H-i686-pc-linux-gnu/bin/../lib/gcc/nios2-elf/4.1.2/../../../../nios2-elf/lib/libc.a(lib_a-s_isinfd.o)
 .data          0x0081d048        0x0 /OPT/altera/12.1/nios2eds/bin/gnu/H-i686-pc-linux-gnu/bin/../lib/gcc/nios2-elf/4.1.2/../../../../nios2-elf/lib/libc.a(lib_a-sbrkr.o)
 .data          0x0081d048        0x0 /OPT/altera/12.1/nios2eds/bin/gnu/H-i686-pc-linux-gnu/bin/../lib/gcc/nios2-elf/4.1.2/../../../../nios2-elf/lib/libc.a(lib_a-stdio.o)
 .data          0x0081d048        0x0 /OPT/altera/12.1/nios2eds/bin/gnu/H-i686-pc-linux-gnu/bin/../lib/gcc/nios2-elf/4.1.2/../../../../nios2-elf/lib/libc.a(lib_a-strcmp.o)
 .data          0x0081d048        0x0 /OPT/altera/12.1/nios2eds/bin/gnu/H-i686-pc-linux-gnu/bin/../lib/gcc/nios2-elf/4.1.2/../../../../nios2-elf/lib/libc.a(lib_a-writer.o)
 .data          0x0081d048        0x0 /OPT/altera/12.1/nios2eds/bin/gnu/H-i686-pc-linux-gnu/bin/../lib/gcc/nios2-elf/4.1.2/../../../../nios2-elf/lib/libc.a(lib_a-callocr.o)
 .data          0x0081d048        0x0 /OPT/altera/12.1/nios2eds/bin/gnu/H-i686-pc-linux-gnu/bin/../lib/gcc/nios2-elf/4.1.2/../../../../nios2-elf/lib/libc.a(lib_a-closer.o)
 .data          0x0081d048        0x0 /OPT/altera/12.1/nios2eds/bin/gnu/H-i686-pc-linux-gnu/bin/../lib/gcc/nios2-elf/4.1.2/../../../../nios2-elf/lib/libc.a(lib_a-fclose.o)
 .data          0x0081d048        0x0 /OPT/altera/12.1/nios2eds/bin/gnu/H-i686-pc-linux-gnu/bin/../lib/gcc/nios2-elf/4.1.2/../../../../nios2-elf/lib/libc.a(lib_a-fstatr.o)
 .data          0x0081d048        0x0 /OPT/altera/12.1/nios2eds/bin/gnu/H-i686-pc-linux-gnu/bin/../lib/gcc/nios2-elf/4.1.2/../../../../nios2-elf/lib/libc.a(lib_a-int_errno.o)
 .data          0x0081d048        0x0 /OPT/altera/12.1/nios2eds/bin/gnu/H-i686-pc-linux-gnu/bin/../lib/gcc/nios2-elf/4.1.2/../../../../nios2-elf/lib/libc.a(lib_a-isattyr.o)
 .data          0x0081d048        0x0 /OPT/altera/12.1/nios2eds/bin/gnu/H-i686-pc-linux-gnu/bin/../lib/gcc/nios2-elf/4.1.2/../../../../nios2-elf/lib/libc.a(lib_a-lseekr.o)
 .data          0x0081d048        0x0 /OPT/altera/12.1/nios2eds/bin/gnu/H-i686-pc-linux-gnu/bin/../lib/gcc/nios2-elf/4.1.2/../../../../nios2-elf/lib/libc.a(lib_a-readr.o)
 .data          0x0081d048        0x0 /OPT/altera/12.1/nios2eds/bin/gnu/H-i686-pc-linux-gnu/bin/../lib/gcc/nios2-elf/4.1.2/libgcc.a(_udivdi3.o)
 .data          0x0081d048        0x0 /OPT/altera/12.1/nios2eds/bin/gnu/H-i686-pc-linux-gnu/bin/../lib/gcc/nios2-elf/4.1.2/libgcc.a(_umoddi3.o)
 .data          0x0081d048        0x0 /OPT/altera/12.1/nios2eds/bin/gnu/H-i686-pc-linux-gnu/bin/../lib/gcc/nios2-elf/4.1.2/libgcc.a(_ge_df.o)
 .data          0x0081d048        0x0 /OPT/altera/12.1/nios2eds/bin/gnu/H-i686-pc-linux-gnu/bin/../lib/gcc/nios2-elf/4.1.2/libgcc.a(_df_to_si.o)
 .data          0x0081d048        0x0 /OPT/altera/12.1/nios2eds/bin/gnu/H-i686-pc-linux-gnu/bin/../lib/gcc/nios2-elf/4.1.2/libgcc.a(_usi_to_df.o)
 .data          0x0081d048        0x0 ../i2c_bsp//libucosii_bsp.a(alt_close.o)
 .data          0x0081d048      0x1a8 ../i2c_bsp//libucosii_bsp.a(alt_dev.o)
                0x0081d048                alt_dev_null
                0x0081d070                alt_fd_list
 .data          0x0081d1f0        0x0 ../i2c_bsp//libucosii_bsp.a(alt_errno.o)
 .data          0x0081d1f0        0x0 ../i2c_bsp//libucosii_bsp.a(alt_fstat.o)
 .data          0x0081d1f0        0x0 ../i2c_bsp//libucosii_bsp.a(alt_isatty.o)
 .data          0x0081d1f0        0x0 ../i2c_bsp//libucosii_bsp.a(alt_load.o)
 .data          0x0081d1f0        0x0 ../i2c_bsp//libucosii_bsp.a(alt_lseek.o)
 .data          0x0081d1f0        0x0 ../i2c_bsp//libucosii_bsp.a(alt_main.o)
 .data          0x0081d1f0        0x0 ../i2c_bsp//libucosii_bsp.a(alt_read.o)
 .data          0x0081d1f0        0x0 ../i2c_bsp//libucosii_bsp.a(alt_release_fd.o)
 .data          0x0081d1f0        0x0 ../i2c_bsp//libucosii_bsp.a(alt_sbrk.o)
 .data          0x0081d1f0        0x0 ../i2c_bsp//libucosii_bsp.a(alt_usleep.o)
 .data          0x0081d1f0        0x0 ../i2c_bsp//libucosii_bsp.a(alt_write.o)
 .data          0x0081d1f0        0x0 ../i2c_bsp//libucosii_bsp.a(alt_env_lock.o)
 .data          0x0081d1f0        0x0 ../i2c_bsp//libucosii_bsp.a(alt_malloc_lock.o)
 .data          0x0081d1f0        0x0 ../i2c_bsp//libucosii_bsp.a(os_core.o)
 .data          0x0081d1f0        0x0 ../i2c_bsp//libucosii_bsp.a(os_dbg.o)
 .data          0x0081d1f0        0x0 ../i2c_bsp//libucosii_bsp.a(os_flag.o)
 .data          0x0081d1f0        0x0 ../i2c_bsp//libucosii_bsp.a(os_mem.o)
 .data          0x0081d1f0        0x0 ../i2c_bsp//libucosii_bsp.a(os_q.o)
 .data          0x0081d1f0        0x0 ../i2c_bsp//libucosii_bsp.a(os_sem.o)
 .data          0x0081d1f0        0x0 ../i2c_bsp//libucosii_bsp.a(os_task.o)
 .data          0x0081d1f0        0x0 ../i2c_bsp//libucosii_bsp.a(os_time.o)
 .data          0x0081d1f0     0x10f8 ../i2c_bsp//libucosii_bsp.a(alt_sys_init.o)
 .data          0x0081e2e8        0x0 ../i2c_bsp//libucosii_bsp.a(altera_avalon_jtag_uart_fd.o)
 .data          0x0081e2e8        0x0 ../i2c_bsp//libucosii_bsp.a(altera_avalon_jtag_uart_init.o)
 .data          0x0081e2e8        0x0 ../i2c_bsp//libucosii_bsp.a(altera_avalon_jtag_uart_ioctl.o)
 .data          0x0081e2e8        0x0 ../i2c_bsp//libucosii_bsp.a(altera_avalon_jtag_uart_read.o)
 .data          0x0081e2e8        0x0 ../i2c_bsp//libucosii_bsp.a(altera_avalon_jtag_uart_write.o)
 .data          0x0081e2e8        0x0 ../i2c_bsp//libucosii_bsp.a(altera_avalon_timer_sc.o)
 .data          0x0081e2e8        0x0 ../i2c_bsp//libucosii_bsp.a(altera_up_avalon_character_lcd.o)
 .data          0x0081e2e8        0x0 ../i2c_bsp//libucosii_bsp.a(alt_alarm_start.o)
 .data          0x0081e2e8        0x0 ../i2c_bsp//libucosii_bsp.a(alt_busy_sleep.o)
 .data          0x0081e2e8        0x0 ../i2c_bsp//libucosii_bsp.a(alt_dcache_flush_all.o)
 .data          0x0081e2e8        0x0 ../i2c_bsp//libucosii_bsp.a(alt_dev_llist_insert.o)
 .data          0x0081e2e8        0x0 ../i2c_bsp//libucosii_bsp.a(alt_do_ctors.o)
 .data          0x0081e2e8        0x0 ../i2c_bsp//libucosii_bsp.a(alt_do_dtors.o)
 .data          0x0081e2e8        0x0 ../i2c_bsp//libucosii_bsp.a(alt_find_dev.o)
 .data          0x0081e2e8        0x0 ../i2c_bsp//libucosii_bsp.a(alt_icache_flush_all.o)
 .data          0x0081e2e8        0x0 ../i2c_bsp//libucosii_bsp.a(alt_iic.o)
 .data          0x0081e2e8        0x0 ../i2c_bsp//libucosii_bsp.a(alt_iic_isr_register.o)
 .data          0x0081e2e8        0x0 ../i2c_bsp//libucosii_bsp.a(alt_io_redirect.o)
 .data          0x0081e2e8        0x0 ../i2c_bsp//libucosii_bsp.a(alt_irq_entry.o)
 .data          0x0081e2e8        0x0 ../i2c_bsp//libucosii_bsp.a(alt_irq_handler.o)
 .data          0x0081e2e8        0x0 ../i2c_bsp//libucosii_bsp.a(alt_irq_vars.o)
 .data          0x0081e2e8        0x0 ../i2c_bsp//libucosii_bsp.a(alt_open.o)
 .data          0x0081e2e8        0x0 ../i2c_bsp//libucosii_bsp.a(alt_tick.o)
 .data          0x0081e2e8        0x0 ../i2c_bsp//libucosii_bsp.a(altera_nios2_qsys_irq.o)
 .data          0x0081e2e8        0x0 ../i2c_bsp//libucosii_bsp.a(os_cpu_a.o)
 .data          0x0081e2e8        0x0 ../i2c_bsp//libucosii_bsp.a(os_cpu_c.o)
 .data          0x0081e2e8        0x0 ../i2c_bsp//libucosii_bsp.a(alt_exception_entry.o)
 .data          0x0081e2e8        0x0 ../i2c_bsp//libucosii_bsp.a(alt_find_file.o)
 .data          0x0081e2e8        0x0 ../i2c_bsp//libucosii_bsp.a(alt_get_fd.o)
 .data          0x0081e2e8        0x0 ../i2c_bsp//libucosii_bsp.a(alt_icache_flush.o)
 .data          0x0081e2e8        0x0 /OPT/altera/12.1/nios2eds/bin/gnu/H-i686-pc-linux-gnu/bin/../lib/gcc/nios2-elf/4.1.2/../../../../nios2-elf/lib/libc.a(lib_a-atexit.o)
 .data          0x0081e2e8        0x0 /OPT/altera/12.1/nios2eds/bin/gnu/H-i686-pc-linux-gnu/bin/../lib/gcc/nios2-elf/4.1.2/../../../../nios2-elf/lib/libc.a(lib_a-exit.o)
 .data          0x0081e2e8        0x0 /OPT/altera/12.1/nios2eds/bin/gnu/H-i686-pc-linux-gnu/bin/../lib/gcc/nios2-elf/4.1.2/../../../../nios2-elf/lib/libc.a(lib_a-memcmp.o)
 .data          0x0081e2e8        0x0 /OPT/altera/12.1/nios2eds/bin/gnu/H-i686-pc-linux-gnu/bin/../lib/gcc/nios2-elf/4.1.2/../../../../nios2-elf/lib/libc.a(lib_a-__atexit.o)
 .data          0x0081e2e8        0x0 /OPT/altera/12.1/nios2eds/bin/gnu/H-i686-pc-linux-gnu/bin/../lib/gcc/nios2-elf/4.1.2/../../../../nios2-elf/lib/libc.a(lib_a-__call_atexit.o)
 .data          0x0081e2e8        0x0 ../i2c_bsp//libucosii_bsp.a(alt_exit.o)
                0x008262e8                _gp = ABSOLUTE ((. + 0x8000))
                0x008262e8                PROVIDE (gp, _gp)
 *(.rwdata .rwdata.*)
 *(.sdata .sdata.* .gnu.linkonce.s.*)
 .sdata         0x0081e2e8        0x4 /OPT/altera/12.1/nios2eds/bin/gnu/H-i686-pc-linux-gnu/bin/../lib/gcc/nios2-elf/4.1.2/../../../../nios2-elf/lib/libm.a(lib_a-s_lib_ver.o)
                0x0081e2e8                __fdlib_version
 .sdata         0x0081e2ec        0x8 /OPT/altera/12.1/nios2eds/bin/gnu/H-i686-pc-linux-gnu/bin/../lib/gcc/nios2-elf/4.1.2/../../../../nios2-elf/lib/libc.a(lib_a-impure.o)
                0x0081e2ec                _impure_ptr
                0x0081e2f0                _global_impure_ptr
 .sdata         0x0081e2f4        0x8 /OPT/altera/12.1/nios2eds/bin/gnu/H-i686-pc-linux-gnu/bin/../lib/gcc/nios2-elf/4.1.2/../../../../nios2-elf/lib/libc.a(lib_a-locale.o)
                0x0081e2f4                __mb_cur_max
 .sdata         0x0081e2fc        0x8 /OPT/altera/12.1/nios2eds/bin/gnu/H-i686-pc-linux-gnu/bin/../lib/gcc/nios2-elf/4.1.2/../../../../nios2-elf/lib/libc.a(lib_a-mallocr.o)
                0x0081e2fc                __malloc_trim_threshold
                0x0081e300                __malloc_sbrk_base
 .sdata         0x0081e304       0x14 ../i2c_bsp//libucosii_bsp.a(alt_dev.o)
                0x0081e304                alt_fs_list
                0x0081e30c                alt_dev_list
                0x0081e314                alt_max_fd
 .sdata         0x0081e318        0x4 ../i2c_bsp//libucosii_bsp.a(alt_errno.o)
                0x0081e318                alt_errno
 .sdata         0x0081e31c        0x4 ../i2c_bsp//libucosii_bsp.a(alt_sbrk.o)
 .sdata         0x0081e320        0x4 ../i2c_bsp//libucosii_bsp.a(alt_env_lock.o)
 .sdata         0x0081e324        0x4 ../i2c_bsp//libucosii_bsp.a(alt_malloc_lock.o)
 .sdata         0x0081e328       0x74 ../i2c_bsp//libucosii_bsp.a(os_dbg.o)
                0x0081e328                OSDebugEn
                0x0081e32c                OSEndiannessTest
                0x0081e330                OSEventEn
                0x0081e332                OSEventMax
                0x0081e334                OSEventNameSize
                0x0081e336                OSEventSize
                0x0081e338                OSEventTblSize
                0x0081e33a                OSEventMultiEn
                0x0081e33c                OSFlagEn
                0x0081e33e                OSFlagGrpSize
                0x0081e340                OSFlagNodeSize
                0x0081e342                OSFlagWidth
                0x0081e344                OSFlagMax
                0x0081e346                OSFlagNameSize
                0x0081e348                OSLowestPrio
                0x0081e34a                OSMboxEn
                0x0081e34c                OSMemEn
                0x0081e34e                OSMemMax
                0x0081e350                OSMemNameSize
                0x0081e352                OSMemSize
                0x0081e354                OSMemTblSize
                0x0081e356                OSMutexEn
                0x0081e358                OSPtrSize
                0x0081e35a                OSQEn
                0x0081e35c                OSQMax
                0x0081e35e                OSQSize
                0x0081e360                OSRdyTblSize
                0x0081e362                OSSemEn
                0x0081e364                OSStkWidth
                0x0081e366                OSTaskCreateEn
                0x0081e368                OSTaskCreateExtEn
                0x0081e36a                OSTaskDelEn
                0x0081e36c                OSTaskIdleStkSize
                0x0081e36e                OSTaskProfileEn
                0x0081e370                OSTaskMax
                0x0081e372                OSTaskNameSize
                0x0081e374                OSTaskStatEn
                0x0081e376                OSTaskStatStkSize
                0x0081e378                OSTaskStatStkChkEn
                0x0081e37a                OSTaskSwHookEn
                0x0081e37c                OSTCBPrioTblMax
                0x0081e37e                OSTCBSize
                0x0081e380                OSTicksPerSec
                0x0081e382                OSTimeTickHookEn
                0x0081e384                OSVersionNbr
                0x0081e386                OSTmrEn
                0x0081e388                OSTmrCfgMax
                0x0081e38a                OSTmrCfgNameSize
                0x0081e38c                OSTmrCfgWheelSize
                0x0081e38e                OSTmrCfgTicksPerSec
                0x0081e390                OSTmrSize
                0x0081e392                OSTmrTblSize
                0x0081e394                OSTmrWheelSize
                0x0081e396                OSTmrWheelTblSize
                0x0081e398                OSDataSize
 .sdata         0x0081e39c        0x4 ../i2c_bsp//libucosii_bsp.a(alt_irq_vars.o)
                0x0081e39c                alt_priority_mask
 .sdata         0x0081e3a0        0x8 ../i2c_bsp//libucosii_bsp.a(alt_tick.o)
                0x0081e3a0                alt_alarm_list
 *(.sdata2 .sdata2.* .gnu.linkonce.s2.*)
                0x0081e3a8                . = ALIGN (0x4)
                0x0081e3a8                _edata = ABSOLUTE (.)
                0x0081e3a8                PROVIDE (edata, ABSOLUTE (.))
                0x0081e3a8                PROVIDE (__ram_rwdata_end, ABSOLUTE (.))
                0x0081e3a8                PROVIDE (__flash_rwdata_start, LOADADDR (.rwdata))

.bss            0x0081ff1c     0x5574
                0x0081ff1c                __bss_start = ABSOLUTE (.)
                0x0081ff1c                PROVIDE (__sbss_start, ABSOLUTE (.))
                0x0081ff1c                PROVIDE (___sbss_start, ABSOLUTE (.))
 *(.dynsbss)
 *(.sbss .sbss.* .gnu.linkonce.sb.*)
 .sbss          0x0081ff1c        0xc /OPT/altera/12.1/nios2eds/bin/gnu/H-i686-pc-linux-gnu/bin/../lib/gcc/nios2-elf/4.1.2/../../../../nios2-elf/lib/libc.a(lib_a-locale.o)
                0x0081ff1c                __nlocale_changed
                0x0081ff20                __mlocale_changed
                0x0081ff24                _PathLocale
 .sbss          0x0081ff28        0xc /OPT/altera/12.1/nios2eds/bin/gnu/H-i686-pc-linux-gnu/bin/../lib/gcc/nios2-elf/4.1.2/../../../../nios2-elf/lib/libc.a(lib_a-mallocr.o)
                0x0081ff28                __malloc_top_pad
                0x0081ff2c                __malloc_max_sbrked_mem
                0x0081ff30                __malloc_max_total_mem
 .sbss          0x0081ff34        0x4 /OPT/altera/12.1/nios2eds/bin/gnu/H-i686-pc-linux-gnu/bin/../lib/gcc/nios2-elf/4.1.2/../../../../nios2-elf/lib/libc.a(lib_a-int_errno.o)
                0x0081ff34                errno
 .sbss          0x0081ff38        0x4 ../i2c_bsp//libucosii_bsp.a(alt_dev.o)
                0x0081ff38                alt_fd_list_lock
 .sbss          0x0081ff3c        0xc ../i2c_bsp//libucosii_bsp.a(alt_main.o)
                0x0081ff3c                alt_argc
                0x0081ff40                alt_argv
                0x0081ff44                alt_envp
 .sbss          0x0081ff48        0x8 ../i2c_bsp//libucosii_bsp.a(alt_env_lock.o)
                0x0081ff4c                alt_envsem
 .sbss          0x0081ff50        0x8 ../i2c_bsp//libucosii_bsp.a(alt_malloc_lock.o)
                0x0081ff54                alt_heapsem
 .sbss          0x0081ff58       0x50 ../i2c_bsp//libucosii_bsp.a(os_core.o)
                0x0081ff58                OSLockNesting
                0x0081ff59                OSRunning
                0x0081ff5c                OSIdleCtr
                0x0081ff60                OSPrioHighRdy
                0x0081ff61                OSPrioCur
                0x0081ff64                OSTCBList
                0x0081ff68                OSTickStepState
                0x0081ff6c                OSCtxSwCtr
                0x0081ff70                OSIdleCtrMax
                0x0081ff74                OSTCBFreeList
                0x0081ff78                OSCPUUsage
                0x0081ff79                OSTaskCtr
                0x0081ff7c                OSMemFreeList
                0x0081ff80                OSTCBHighRdy
                0x0081ff84                OSQFreeList
                0x0081ff88                OSRdyGrp
                0x0081ff89                OSRdyTbl
                0x0081ff8c                OSEventFreeList
                0x0081ff90                OSIntNesting
                0x0081ff94                OSTCBCur
                0x0081ff98                OSTime
                0x0081ff9c                OSFlagFreeList
                0x0081ffa0                OSStatRdy
                0x0081ffa4                OSIdleCtrRun
 .sbss          0x0081ffa8        0x4 ../i2c_bsp//libucosii_bsp.a(alt_irq_vars.o)
                0x0081ffa8                alt_irq_active
 .sbss          0x0081ffac        0x8 ../i2c_bsp//libucosii_bsp.a(alt_tick.o)
                0x0081ffac                _alt_tick_rate
                0x0081ffb0                _alt_nticks
 *(.sbss2 .sbss2.* .gnu.linkonce.sb2.*)
 *(.scommon)
                0x0081ffb4                PROVIDE (__sbss_end, ABSOLUTE (.))
                0x0081ffb4                PROVIDE (___sbss_end, ABSOLUTE (.))
 *(.dynbss)
 *(.bss .bss.* .gnu.linkonce.b.*)
 .bss           0x0081ffb4        0x0 ../i2c_bsp//obj/HAL/src/crt0.o
 .bss           0x0081ffb4        0x0 obj/default/MPU9250/mpu9250.o
 .bss           0x0081ffb4        0x0 obj/default/i2c/I2C.o
 .bss           0x0081ffb4        0x0 obj/default/imu_i2c.o
 .bss           0x0081ffb4        0x0 /OPT/altera/12.1/nios2eds/bin/gnu/H-i686-pc-linux-gnu/bin/../lib/gcc/nios2-elf/4.1.2/../../../../nios2-elf/lib/libm.a(lib_a-w_pow.o)
 .bss           0x0081ffb4        0x0 /OPT/altera/12.1/nios2eds/bin/gnu/H-i686-pc-linux-gnu/bin/../lib/gcc/nios2-elf/4.1.2/../../../../nios2-elf/lib/libm.a(lib_a-e_pow.o)
 .bss           0x0081ffb4        0x0 /OPT/altera/12.1/nios2eds/bin/gnu/H-i686-pc-linux-gnu/bin/../lib/gcc/nios2-elf/4.1.2/../../../../nios2-elf/lib/libm.a(lib_a-e_sqrt.o)
 .bss           0x0081ffb4        0x0 /OPT/altera/12.1/nios2eds/bin/gnu/H-i686-pc-linux-gnu/bin/../lib/gcc/nios2-elf/4.1.2/../../../../nios2-elf/lib/libm.a(lib_a-s_fabs.o)
 .bss           0x0081ffb4        0x0 /OPT/altera/12.1/nios2eds/bin/gnu/H-i686-pc-linux-gnu/bin/../lib/gcc/nios2-elf/4.1.2/../../../../nios2-elf/lib/libm.a(lib_a-s_finite.o)
 .bss           0x0081ffb4        0x0 /OPT/altera/12.1/nios2eds/bin/gnu/H-i686-pc-linux-gnu/bin/../lib/gcc/nios2-elf/4.1.2/../../../../nios2-elf/lib/libm.a(lib_a-s_isnand.o)
 .bss           0x0081ffb4        0x0 /OPT/altera/12.1/nios2eds/bin/gnu/H-i686-pc-linux-gnu/bin/../lib/gcc/nios2-elf/4.1.2/../../../../nios2-elf/lib/libm.a(lib_a-s_lib_ver.o)
 .bss           0x0081ffb4        0x0 /OPT/altera/12.1/nios2eds/bin/gnu/H-i686-pc-linux-gnu/bin/../lib/gcc/nios2-elf/4.1.2/../../../../nios2-elf/lib/libm.a(lib_a-s_matherr.o)
 .bss           0x0081ffb4        0x0 /OPT/altera/12.1/nios2eds/bin/gnu/H-i686-pc-linux-gnu/bin/../lib/gcc/nios2-elf/4.1.2/../../../../nios2-elf/lib/libm.a(lib_a-s_nan.o)
 .bss           0x0081ffb4        0x0 /OPT/altera/12.1/nios2eds/bin/gnu/H-i686-pc-linux-gnu/bin/../lib/gcc/nios2-elf/4.1.2/../../../../nios2-elf/lib/libm.a(lib_a-s_rint.o)
 .bss           0x0081ffb4        0x0 /OPT/altera/12.1/nios2eds/bin/gnu/H-i686-pc-linux-gnu/bin/../lib/gcc/nios2-elf/4.1.2/../../../../nios2-elf/lib/libm.a(lib_a-s_scalbn.o)
 .bss           0x0081ffb4        0x0 /OPT/altera/12.1/nios2eds/bin/gnu/H-i686-pc-linux-gnu/bin/../lib/gcc/nios2-elf/4.1.2/../../../../nios2-elf/lib/libm.a(lib_a-s_copysign.o)
 .bss           0x0081ffb4        0x0 /OPT/altera/12.1/nios2eds/bin/gnu/H-i686-pc-linux-gnu/bin/../lib/gcc/nios2-elf/4.1.2/libgcc.a(_addsub_sf.o)
 .bss           0x0081ffb4        0x0 /OPT/altera/12.1/nios2eds/bin/gnu/H-i686-pc-linux-gnu/bin/../lib/gcc/nios2-elf/4.1.2/libgcc.a(_mul_sf.o)
 .bss           0x0081ffb4        0x0 /OPT/altera/12.1/nios2eds/bin/gnu/H-i686-pc-linux-gnu/bin/../lib/gcc/nios2-elf/4.1.2/libgcc.a(_div_sf.o)
 .bss           0x0081ffb4        0x0 /OPT/altera/12.1/nios2eds/bin/gnu/H-i686-pc-linux-gnu/bin/../lib/gcc/nios2-elf/4.1.2/libgcc.a(_gt_sf.o)
 .bss           0x0081ffb4        0x0 /OPT/altera/12.1/nios2eds/bin/gnu/H-i686-pc-linux-gnu/bin/../lib/gcc/nios2-elf/4.1.2/libgcc.a(_lt_sf.o)
 .bss           0x0081ffb4        0x0 /OPT/altera/12.1/nios2eds/bin/gnu/H-i686-pc-linux-gnu/bin/../lib/gcc/nios2-elf/4.1.2/libgcc.a(_si_to_sf.o)
 .bss           0x0081ffb4        0x0 /OPT/altera/12.1/nios2eds/bin/gnu/H-i686-pc-linux-gnu/bin/../lib/gcc/nios2-elf/4.1.2/libgcc.a(_sf_to_df.o)
 .bss           0x0081ffb4        0x0 /OPT/altera/12.1/nios2eds/bin/gnu/H-i686-pc-linux-gnu/bin/../lib/gcc/nios2-elf/4.1.2/libgcc.a(_thenan_sf.o)
 .bss           0x0081ffb4        0x0 /OPT/altera/12.1/nios2eds/bin/gnu/H-i686-pc-linux-gnu/bin/../lib/gcc/nios2-elf/4.1.2/libgcc.a(_usi_to_sf.o)
 .bss           0x0081ffb4        0x0 /OPT/altera/12.1/nios2eds/bin/gnu/H-i686-pc-linux-gnu/bin/../lib/gcc/nios2-elf/4.1.2/libgcc.a(_addsub_df.o)
 .bss           0x0081ffb4        0x0 /OPT/altera/12.1/nios2eds/bin/gnu/H-i686-pc-linux-gnu/bin/../lib/gcc/nios2-elf/4.1.2/libgcc.a(_mul_df.o)
 .bss           0x0081ffb4        0x0 /OPT/altera/12.1/nios2eds/bin/gnu/H-i686-pc-linux-gnu/bin/../lib/gcc/nios2-elf/4.1.2/libgcc.a(_div_df.o)
 .bss           0x0081ffb4        0x0 /OPT/altera/12.1/nios2eds/bin/gnu/H-i686-pc-linux-gnu/bin/../lib/gcc/nios2-elf/4.1.2/libgcc.a(_eq_df.o)
 .bss           0x0081ffb4        0x0 /OPT/altera/12.1/nios2eds/bin/gnu/H-i686-pc-linux-gnu/bin/../lib/gcc/nios2-elf/4.1.2/libgcc.a(_ne_df.o)
 .bss           0x0081ffb4        0x0 /OPT/altera/12.1/nios2eds/bin/gnu/H-i686-pc-linux-gnu/bin/../lib/gcc/nios2-elf/4.1.2/libgcc.a(_gt_df.o)
 .bss           0x0081ffb4        0x0 /OPT/altera/12.1/nios2eds/bin/gnu/H-i686-pc-linux-gnu/bin/../lib/gcc/nios2-elf/4.1.2/libgcc.a(_lt_df.o)
 .bss           0x0081ffb4        0x0 /OPT/altera/12.1/nios2eds/bin/gnu/H-i686-pc-linux-gnu/bin/../lib/gcc/nios2-elf/4.1.2/libgcc.a(_le_df.o)
 .bss           0x0081ffb4        0x0 /OPT/altera/12.1/nios2eds/bin/gnu/H-i686-pc-linux-gnu/bin/../lib/gcc/nios2-elf/4.1.2/libgcc.a(_si_to_df.o)
 .bss           0x0081ffb4        0x0 /OPT/altera/12.1/nios2eds/bin/gnu/H-i686-pc-linux-gnu/bin/../lib/gcc/nios2-elf/4.1.2/libgcc.a(_make_df.o)
 .bss           0x0081ffb4        0x0 /OPT/altera/12.1/nios2eds/bin/gnu/H-i686-pc-linux-gnu/bin/../lib/gcc/nios2-elf/4.1.2/libgcc.a(_df_to_sf.o)
 .bss           0x0081ffb4        0x0 /OPT/altera/12.1/nios2eds/bin/gnu/H-i686-pc-linux-gnu/bin/../lib/gcc/nios2-elf/4.1.2/libgcc.a(_thenan_df.o)
 .bss           0x0081ffb4        0x0 /OPT/altera/12.1/nios2eds/bin/gnu/H-i686-pc-linux-gnu/bin/../lib/gcc/nios2-elf/4.1.2/libgcc.a(lib2-divmod.o)
 .bss           0x0081ffb4        0x0 /OPT/altera/12.1/nios2eds/bin/gnu/H-i686-pc-linux-gnu/bin/../lib/gcc/nios2-elf/4.1.2/libgcc.a(_muldi3.o)
 .bss           0x0081ffb4        0x0 /OPT/altera/12.1/nios2eds/bin/gnu/H-i686-pc-linux-gnu/bin/../lib/gcc/nios2-elf/4.1.2/libgcc.a(_clzsi2.o)
 .bss           0x0081ffb4        0x0 /OPT/altera/12.1/nios2eds/bin/gnu/H-i686-pc-linux-gnu/bin/../lib/gcc/nios2-elf/4.1.2/libgcc.a(_pack_sf.o)
 .bss           0x0081ffb4        0x0 /OPT/altera/12.1/nios2eds/bin/gnu/H-i686-pc-linux-gnu/bin/../lib/gcc/nios2-elf/4.1.2/libgcc.a(_unpack_sf.o)
 .bss           0x0081ffb4        0x0 /OPT/altera/12.1/nios2eds/bin/gnu/H-i686-pc-linux-gnu/bin/../lib/gcc/nios2-elf/4.1.2/libgcc.a(_fpcmp_parts_sf.o)
 .bss           0x0081ffb4        0x0 /OPT/altera/12.1/nios2eds/bin/gnu/H-i686-pc-linux-gnu/bin/../lib/gcc/nios2-elf/4.1.2/libgcc.a(_make_sf.o)
 .bss           0x0081ffb4        0x0 /OPT/altera/12.1/nios2eds/bin/gnu/H-i686-pc-linux-gnu/bin/../lib/gcc/nios2-elf/4.1.2/libgcc.a(_pack_df.o)
 .bss           0x0081ffb4        0x0 /OPT/altera/12.1/nios2eds/bin/gnu/H-i686-pc-linux-gnu/bin/../lib/gcc/nios2-elf/4.1.2/libgcc.a(_unpack_df.o)
 .bss           0x0081ffb4        0x0 /OPT/altera/12.1/nios2eds/bin/gnu/H-i686-pc-linux-gnu/bin/../lib/gcc/nios2-elf/4.1.2/libgcc.a(_fpcmp_parts_df.o)
 .bss           0x0081ffb4        0x0 /OPT/altera/12.1/nios2eds/bin/gnu/H-i686-pc-linux-gnu/bin/../lib/gcc/nios2-elf/4.1.2/libgcc.a(_clz.o)
 .bss           0x0081ffb4        0x0 /OPT/altera/12.1/nios2eds/bin/gnu/H-i686-pc-linux-gnu/bin/../lib/gcc/nios2-elf/4.1.2/../../../../nios2-elf/lib/libc.a(lib_a-errno.o)
 .bss           0x0081ffb4        0x0 /OPT/altera/12.1/nios2eds/bin/gnu/H-i686-pc-linux-gnu/bin/../lib/gcc/nios2-elf/4.1.2/../../../../nios2-elf/lib/libc.a(lib_a-impure.o)
 .bss           0x0081ffb4        0x0 /OPT/altera/12.1/nios2eds/bin/gnu/H-i686-pc-linux-gnu/bin/../lib/gcc/nios2-elf/4.1.2/../../../../nios2-elf/lib/libc.a(lib_a-printf.o)
 .bss           0x0081ffb4        0x0 /OPT/altera/12.1/nios2eds/bin/gnu/H-i686-pc-linux-gnu/bin/../lib/gcc/nios2-elf/4.1.2/../../../../nios2-elf/lib/libc.a(lib_a-puts.o)
 .bss           0x0081ffb4        0x0 /OPT/altera/12.1/nios2eds/bin/gnu/H-i686-pc-linux-gnu/bin/../lib/gcc/nios2-elf/4.1.2/../../../../nios2-elf/lib/libc.a(lib_a-strlen.o)
 .bss           0x0081ffb4        0x0 /OPT/altera/12.1/nios2eds/bin/gnu/H-i686-pc-linux-gnu/bin/../lib/gcc/nios2-elf/4.1.2/../../../../nios2-elf/lib/libc.a(lib_a-vfprintf.o)
 .bss           0x0081ffb4        0x0 /OPT/altera/12.1/nios2eds/bin/gnu/H-i686-pc-linux-gnu/bin/../lib/gcc/nios2-elf/4.1.2/../../../../nios2-elf/lib/libc.a(lib_a-wsetup.o)
 .bss           0x0081ffb4        0x0 /OPT/altera/12.1/nios2eds/bin/gnu/H-i686-pc-linux-gnu/bin/../lib/gcc/nios2-elf/4.1.2/../../../../nios2-elf/lib/libc.a(lib_a-dtoa.o)
 .bss           0x0081ffb4        0x0 /OPT/altera/12.1/nios2eds/bin/gnu/H-i686-pc-linux-gnu/bin/../lib/gcc/nios2-elf/4.1.2/../../../../nios2-elf/lib/libc.a(lib_a-fflush.o)
 .bss           0x0081ffb4        0x0 /OPT/altera/12.1/nios2eds/bin/gnu/H-i686-pc-linux-gnu/bin/../lib/gcc/nios2-elf/4.1.2/../../../../nios2-elf/lib/libc.a(lib_a-findfp.o)
 .bss           0x0081ffb4        0x0 /OPT/altera/12.1/nios2eds/bin/gnu/H-i686-pc-linux-gnu/bin/../lib/gcc/nios2-elf/4.1.2/../../../../nios2-elf/lib/libc.a(lib_a-freer.o)
 .bss           0x0081ffb4        0x0 /OPT/altera/12.1/nios2eds/bin/gnu/H-i686-pc-linux-gnu/bin/../lib/gcc/nios2-elf/4.1.2/../../../../nios2-elf/lib/libc.a(lib_a-fvwrite.o)
 .bss           0x0081ffb4        0x0 /OPT/altera/12.1/nios2eds/bin/gnu/H-i686-pc-linux-gnu/bin/../lib/gcc/nios2-elf/4.1.2/../../../../nios2-elf/lib/libc.a(lib_a-fwalk.o)
 .bss           0x0081ffb4        0x0 /OPT/altera/12.1/nios2eds/bin/gnu/H-i686-pc-linux-gnu/bin/../lib/gcc/nios2-elf/4.1.2/../../../../nios2-elf/lib/libc.a(lib_a-locale.o)
 .bss           0x0081ffb4        0x0 /OPT/altera/12.1/nios2eds/bin/gnu/H-i686-pc-linux-gnu/bin/../lib/gcc/nios2-elf/4.1.2/../../../../nios2-elf/lib/libc.a(lib_a-makebuf.o)
 .bss           0x0081ffb4       0x28 /OPT/altera/12.1/nios2eds/bin/gnu/H-i686-pc-linux-gnu/bin/../lib/gcc/nios2-elf/4.1.2/../../../../nios2-elf/lib/libc.a(lib_a-mallocr.o)
                0x0081ffb4                __malloc_current_mallinfo
 .bss           0x0081ffdc        0x0 /OPT/altera/12.1/nios2eds/bin/gnu/H-i686-pc-linux-gnu/bin/../lib/gcc/nios2-elf/4.1.2/../../../../nios2-elf/lib/libc.a(lib_a-memchr.o)
 .bss           0x0081ffdc        0x0 /OPT/altera/12.1/nios2eds/bin/gnu/H-i686-pc-linux-gnu/bin/../lib/gcc/nios2-elf/4.1.2/../../../../nios2-elf/lib/libc.a(lib_a-memcpy.o)
 .bss           0x0081ffdc        0x0 /OPT/altera/12.1/nios2eds/bin/gnu/H-i686-pc-linux-gnu/bin/../lib/gcc/nios2-elf/4.1.2/../../../../nios2-elf/lib/libc.a(lib_a-memmove.o)
 .bss           0x0081ffdc        0x0 /OPT/altera/12.1/nios2eds/bin/gnu/H-i686-pc-linux-gnu/bin/../lib/gcc/nios2-elf/4.1.2/../../../../nios2-elf/lib/libc.a(lib_a-memset.o)
 .bss           0x0081ffdc        0x0 /OPT/altera/12.1/nios2eds/bin/gnu/H-i686-pc-linux-gnu/bin/../lib/gcc/nios2-elf/4.1.2/../../../../nios2-elf/lib/libc.a(lib_a-mprec.o)
 .bss           0x0081ffdc        0x0 /OPT/altera/12.1/nios2eds/bin/gnu/H-i686-pc-linux-gnu/bin/../lib/gcc/nios2-elf/4.1.2/../../../../nios2-elf/lib/libc.a(lib_a-reallocr.o)
 .bss           0x0081ffdc        0x0 /OPT/altera/12.1/nios2eds/bin/gnu/H-i686-pc-linux-gnu/bin/../lib/gcc/nios2-elf/4.1.2/../../../../nios2-elf/lib/libc.a(lib_a-s_isinfd.o)
 .bss           0x0081ffdc        0x0 /OPT/altera/12.1/nios2eds/bin/gnu/H-i686-pc-linux-gnu/bin/../lib/gcc/nios2-elf/4.1.2/../../../../nios2-elf/lib/libc.a(lib_a-sbrkr.o)
 .bss           0x0081ffdc        0x0 /OPT/altera/12.1/nios2eds/bin/gnu/H-i686-pc-linux-gnu/bin/../lib/gcc/nios2-elf/4.1.2/../../../../nios2-elf/lib/libc.a(lib_a-stdio.o)
 .bss           0x0081ffdc        0x0 /OPT/altera/12.1/nios2eds/bin/gnu/H-i686-pc-linux-gnu/bin/../lib/gcc/nios2-elf/4.1.2/../../../../nios2-elf/lib/libc.a(lib_a-strcmp.o)
 .bss           0x0081ffdc        0x0 /OPT/altera/12.1/nios2eds/bin/gnu/H-i686-pc-linux-gnu/bin/../lib/gcc/nios2-elf/4.1.2/../../../../nios2-elf/lib/libc.a(lib_a-writer.o)
 .bss           0x0081ffdc        0x0 /OPT/altera/12.1/nios2eds/bin/gnu/H-i686-pc-linux-gnu/bin/../lib/gcc/nios2-elf/4.1.2/../../../../nios2-elf/lib/libc.a(lib_a-callocr.o)
 .bss           0x0081ffdc        0x0 /OPT/altera/12.1/nios2eds/bin/gnu/H-i686-pc-linux-gnu/bin/../lib/gcc/nios2-elf/4.1.2/../../../../nios2-elf/lib/libc.a(lib_a-closer.o)
 .bss           0x0081ffdc        0x0 /OPT/altera/12.1/nios2eds/bin/gnu/H-i686-pc-linux-gnu/bin/../lib/gcc/nios2-elf/4.1.2/../../../../nios2-elf/lib/libc.a(lib_a-fclose.o)
 .bss           0x0081ffdc        0x0 /OPT/altera/12.1/nios2eds/bin/gnu/H-i686-pc-linux-gnu/bin/../lib/gcc/nios2-elf/4.1.2/../../../../nios2-elf/lib/libc.a(lib_a-fstatr.o)
 .bss           0x0081ffdc        0x0 /OPT/altera/12.1/nios2eds/bin/gnu/H-i686-pc-linux-gnu/bin/../lib/gcc/nios2-elf/4.1.2/../../../../nios2-elf/lib/libc.a(lib_a-int_errno.o)
 .bss           0x0081ffdc        0x0 /OPT/altera/12.1/nios2eds/bin/gnu/H-i686-pc-linux-gnu/bin/../lib/gcc/nios2-elf/4.1.2/../../../../nios2-elf/lib/libc.a(lib_a-isattyr.o)
 .bss           0x0081ffdc        0x0 /OPT/altera/12.1/nios2eds/bin/gnu/H-i686-pc-linux-gnu/bin/../lib/gcc/nios2-elf/4.1.2/../../../../nios2-elf/lib/libc.a(lib_a-lseekr.o)
 .bss           0x0081ffdc        0x0 /OPT/altera/12.1/nios2eds/bin/gnu/H-i686-pc-linux-gnu/bin/../lib/gcc/nios2-elf/4.1.2/../../../../nios2-elf/lib/libc.a(lib_a-readr.o)
 .bss           0x0081ffdc        0x0 /OPT/altera/12.1/nios2eds/bin/gnu/H-i686-pc-linux-gnu/bin/../lib/gcc/nios2-elf/4.1.2/libgcc.a(_udivdi3.o)
 .bss           0x0081ffdc        0x0 /OPT/altera/12.1/nios2eds/bin/gnu/H-i686-pc-linux-gnu/bin/../lib/gcc/nios2-elf/4.1.2/libgcc.a(_umoddi3.o)
 .bss           0x0081ffdc        0x0 /OPT/altera/12.1/nios2eds/bin/gnu/H-i686-pc-linux-gnu/bin/../lib/gcc/nios2-elf/4.1.2/libgcc.a(_ge_df.o)
 .bss           0x0081ffdc        0x0 /OPT/altera/12.1/nios2eds/bin/gnu/H-i686-pc-linux-gnu/bin/../lib/gcc/nios2-elf/4.1.2/libgcc.a(_df_to_si.o)
 .bss           0x0081ffdc        0x0 /OPT/altera/12.1/nios2eds/bin/gnu/H-i686-pc-linux-gnu/bin/../lib/gcc/nios2-elf/4.1.2/libgcc.a(_usi_to_df.o)
 .bss           0x0081ffdc        0x0 ../i2c_bsp//libucosii_bsp.a(alt_close.o)
 .bss           0x0081ffdc        0x0 ../i2c_bsp//libucosii_bsp.a(alt_dev.o)
 .bss           0x0081ffdc        0x0 ../i2c_bsp//libucosii_bsp.a(alt_errno.o)
 .bss           0x0081ffdc        0x0 ../i2c_bsp//libucosii_bsp.a(alt_fstat.o)
 .bss           0x0081ffdc        0x0 ../i2c_bsp//libucosii_bsp.a(alt_isatty.o)
 .bss           0x0081ffdc        0x0 ../i2c_bsp//libucosii_bsp.a(alt_load.o)
 .bss           0x0081ffdc        0x0 ../i2c_bsp//libucosii_bsp.a(alt_lseek.o)
 .bss           0x0081ffdc        0x0 ../i2c_bsp//libucosii_bsp.a(alt_main.o)
 .bss           0x0081ffdc        0x0 ../i2c_bsp//libucosii_bsp.a(alt_read.o)
 .bss           0x0081ffdc        0x0 ../i2c_bsp//libucosii_bsp.a(alt_release_fd.o)
 .bss           0x0081ffdc        0x0 ../i2c_bsp//libucosii_bsp.a(alt_sbrk.o)
 .bss           0x0081ffdc        0x0 ../i2c_bsp//libucosii_bsp.a(alt_usleep.o)
 .bss           0x0081ffdc        0x0 ../i2c_bsp//libucosii_bsp.a(alt_write.o)
 .bss           0x0081ffdc        0x0 ../i2c_bsp//libucosii_bsp.a(alt_env_lock.o)
 .bss           0x0081ffdc        0x0 ../i2c_bsp//libucosii_bsp.a(alt_malloc_lock.o)
 .bss           0x0081ffdc        0x0 ../i2c_bsp//libucosii_bsp.a(os_core.o)
 .bss           0x0081ffdc        0x0 ../i2c_bsp//libucosii_bsp.a(os_dbg.o)
 .bss           0x0081ffdc        0x0 ../i2c_bsp//libucosii_bsp.a(os_flag.o)
 .bss           0x0081ffdc        0x0 ../i2c_bsp//libucosii_bsp.a(os_mem.o)
 .bss           0x0081ffdc        0x0 ../i2c_bsp//libucosii_bsp.a(os_q.o)
 .bss           0x0081ffdc        0x0 ../i2c_bsp//libucosii_bsp.a(os_sem.o)
 .bss           0x0081ffdc        0x0 ../i2c_bsp//libucosii_bsp.a(os_task.o)
 .bss           0x0081ffdc        0x0 ../i2c_bsp//libucosii_bsp.a(os_time.o)
 .bss           0x0081ffdc        0x0 ../i2c_bsp//libucosii_bsp.a(alt_sys_init.o)
 .bss           0x0081ffdc        0x0 ../i2c_bsp//libucosii_bsp.a(altera_avalon_jtag_uart_fd.o)
 .bss           0x0081ffdc        0x0 ../i2c_bsp//libucosii_bsp.a(altera_avalon_jtag_uart_init.o)
 .bss           0x0081ffdc        0x0 ../i2c_bsp//libucosii_bsp.a(altera_avalon_jtag_uart_ioctl.o)
 .bss           0x0081ffdc        0x0 ../i2c_bsp//libucosii_bsp.a(altera_avalon_jtag_uart_read.o)
 .bss           0x0081ffdc        0x0 ../i2c_bsp//libucosii_bsp.a(altera_avalon_jtag_uart_write.o)
 .bss           0x0081ffdc        0x0 ../i2c_bsp//libucosii_bsp.a(altera_avalon_timer_sc.o)
 .bss           0x0081ffdc        0x0 ../i2c_bsp//libucosii_bsp.a(altera_up_avalon_character_lcd.o)
 .bss           0x0081ffdc        0x0 ../i2c_bsp//libucosii_bsp.a(alt_alarm_start.o)
 .bss           0x0081ffdc        0x0 ../i2c_bsp//libucosii_bsp.a(alt_busy_sleep.o)
 .bss           0x0081ffdc        0x0 ../i2c_bsp//libucosii_bsp.a(alt_dcache_flush_all.o)
 .bss           0x0081ffdc        0x0 ../i2c_bsp//libucosii_bsp.a(alt_dev_llist_insert.o)
 .bss           0x0081ffdc        0x0 ../i2c_bsp//libucosii_bsp.a(alt_do_ctors.o)
 .bss           0x0081ffdc        0x0 ../i2c_bsp//libucosii_bsp.a(alt_do_dtors.o)
 .bss           0x0081ffdc        0x0 ../i2c_bsp//libucosii_bsp.a(alt_find_dev.o)
 .bss           0x0081ffdc        0x0 ../i2c_bsp//libucosii_bsp.a(alt_icache_flush_all.o)
 .bss           0x0081ffdc        0x0 ../i2c_bsp//libucosii_bsp.a(alt_iic.o)
 .bss           0x0081ffdc        0x0 ../i2c_bsp//libucosii_bsp.a(alt_iic_isr_register.o)
 .bss           0x0081ffdc        0x0 ../i2c_bsp//libucosii_bsp.a(alt_io_redirect.o)
 .bss           0x0081ffdc        0x0 ../i2c_bsp//libucosii_bsp.a(alt_irq_entry.o)
 .bss           0x0081ffdc        0x0 ../i2c_bsp//libucosii_bsp.a(alt_irq_handler.o)
 .bss           0x0081ffdc        0x0 ../i2c_bsp//libucosii_bsp.a(alt_irq_vars.o)
 .bss           0x0081ffdc        0x0 ../i2c_bsp//libucosii_bsp.a(alt_open.o)
 .bss           0x0081ffdc        0x0 ../i2c_bsp//libucosii_bsp.a(alt_tick.o)
 .bss           0x0081ffdc        0x0 ../i2c_bsp//libucosii_bsp.a(altera_nios2_qsys_irq.o)
 .bss           0x0081ffdc        0x0 ../i2c_bsp//libucosii_bsp.a(os_cpu_a.o)
 .bss           0x0081ffdc        0x0 ../i2c_bsp//libucosii_bsp.a(os_cpu_c.o)
 .bss           0x0081ffdc        0x0 ../i2c_bsp//libucosii_bsp.a(alt_exception_entry.o)